
============================================================
p-Laplacian Aronsson Example
============================================================

Generated full domain data:
  Boundary points: 40,000
  Interior points: 1,000,000
  Test points: 10,000
Re-sampling enabled: ~1,000,000 interior points per epoch

Splitting data: 80% train, 20% validation
  BC: 32,000 train, 8,000 val
  Interior: 800,000 train, 200,000 val

Loading checkpoint: outputs/expr_6_3_iter/p25to50_square/fix_alpha_band1_1e-2/checkpoints/best_model_p50.pt

Model: PLaplacianPINN on Square [-1,1]²
  Hidden layers: [128, 128, 128, 128], activation: tanh
  η=1e-05, clip_residual=100.0, clip_grad_norm=1.0
  Outlier removal: top 2.0%
  Parameters: 50,049

Iterative Training Schedule:
  p values: [60, 70, 80, 90, 100]
  Epochs per p: 20


============================================================
Stage 1/5: Training with p=60
============================================================

Training configuration:
  Boundary points (train): 32,000 -> 80 batches of 400
  Interior points (train): 1,000,000 -> 1000 batches of 1000
  Interior sampling: RE-SAMPLE each epoch
  Boundary points (val): 8,000
  Validation loss: BC only
  Steps per epoch: 1,000
  Total steps: 20,000
  Epochs: 20
  Loss balancing: FixedAlphaSchedule
  LR scheduler: None (constant LR=1.0e-05)

/usr/local/lib/python3.12/dist-packages/torch/autograd/graph.py:824: UserWarning: Attempting to run cuBLAS, but there was no current CUDA context! Attempting to set the primary context... (Triggered internally at /opt/pytorch/pytorch/aten/src/ATen/cuda/CublasHandlePool.cpp:181.)
  return Variable._execution_engine.run_backward(  # Calls into the C++ engine to run the backward pass
Epoch   1/20 | Steps:   1000 | α=1e-03 | Loss: 2.9755e-05 | BC: 3.5020e-06 | PDE: 2.6253e-02 | Val: 3.7082e-06 | Test: 5.9515e-06 |  *
Epoch   2/20 | Steps:   2000 | α=1e-03 | Loss: 2.6101e-05 | BC: 2.9028e-06 | PDE: 2.3198e-02 | Val: 2.4075e-06 | Test: 5.0524e-06 |  *
Epoch   3/20 | Steps:   3000 | α=1e-03 | Loss: 2.7218e-05 | BC: 2.7663e-06 | PDE: 2.4452e-02 | Val: 2.0334e-06 | Test: 4.9591e-06 |  *
Epoch   4/20 | Steps:   4000 | α=1e-03 | Loss: 2.5293e-05 | BC: 2.3562e-06 | PDE: 2.2937e-02 | Val: 1.9149e-06 | Test: 4.8460e-06 |  *
Epoch   5/20 | Steps:   5000 | α=1e-03 | Loss: 2.4707e-05 | BC: 2.1942e-06 | PDE: 2.2513e-02 | Val: 1.9145e-06 | Test: 5.1656e-06 |  *
Epoch   6/20 | Steps:   6000 | α=1e-03 | Loss: 2.4634e-05 | BC: 2.1595e-06 | PDE: 2.2474e-02 | Val: 3.1716e-06 | Test: 6.3511e-06 | 
Epoch   7/20 | Steps:   7000 | α=1e-03 | Loss: 2.5391e-05 | BC: 2.1596e-06 | PDE: 2.3232e-02 | Val: 3.3870e-06 | Test: 6.4040e-06 | 
Epoch   8/20 | Steps:   8000 | α=1e-03 | Loss: 2.8971e-05 | BC: 2.3802e-06 | PDE: 2.6591e-02 | Val: 2.7352e-06 | Test: 6.2106e-06 | 
Epoch   9/20 | Steps:   9000 | α=1e-03 | Loss: 2.2443e-05 | BC: 1.8275e-06 | PDE: 2.0616e-02 | Val: 1.4977e-06 | Test: 5.2012e-06 |  *
Epoch  10/20 | Steps:  10000 | α=1e-03 | Loss: 2.2995e-05 | BC: 1.8856e-06 | PDE: 2.1109e-02 | Val: 2.4014e-06 | Test: 6.2123e-06 | 
Epoch  11/20 | Steps:  11000 | α=1e-03 | Loss: 2.2521e-05 | BC: 1.7765e-06 | PDE: 2.0745e-02 | Val: 1.3832e-06 | Test: 5.2253e-06 |  *
Epoch  12/20 | Steps:  12000 | α=1e-03 | Loss: 2.3726e-05 | BC: 1.8610e-06 | PDE: 2.1865e-02 | Val: 1.4362e-06 | Test: 5.4215e-06 | 
Epoch  13/20 | Steps:  13000 | α=1e-03 | Loss: 2.1113e-05 | BC: 1.6402e-06 | PDE: 1.9472e-02 | Val: 2.6612e-06 | Test: 6.4025e-06 | 
Epoch  14/20 | Steps:  14000 | α=1e-03 | Loss: 2.4119e-05 | BC: 1.8460e-06 | PDE: 2.2273e-02 | Val: 2.2208e-06 | Test: 6.0364e-06 | 
Epoch  15/20 | Steps:  15000 | α=1e-03 | Loss: 2.2233e-05 | BC: 1.6634e-06 | PDE: 2.0569e-02 | Val: 1.1807e-06 | Test: 5.2644e-06 |  *
Epoch  16/20 | Steps:  16000 | α=1e-03 | Loss: 2.1935e-05 | BC: 1.5141e-06 | PDE: 2.0421e-02 | Val: 1.6649e-06 | Test: 5.7575e-06 | 
Epoch  17/20 | Steps:  17000 | α=1e-03 | Loss: 2.0815e-05 | BC: 1.5032e-06 | PDE: 1.9311e-02 | Val: 1.2770e-06 | Test: 5.4124e-06 | 
Epoch  18/20 | Steps:  18000 | α=1e-03 | Loss: 2.1598e-05 | BC: 1.6611e-06 | PDE: 1.9937e-02 | Val: 1.4945e-06 | Test: 5.7130e-06 | 
Epoch  19/20 | Steps:  19000 | α=1e-03 | Loss: 2.0145e-05 | BC: 1.4482e-06 | PDE: 1.8697e-02 | Val: 1.6806e-06 | Test: 5.8673e-06 | 
Epoch  20/20 | Steps:  20000 | α=1e-03 | Loss: 2.1548e-05 | BC: 1.4955e-06 | PDE: 2.0052e-02 | Val: 1.3658e-06 | Test: 5.5151e-06 | 

Restored best model from epoch 15 (val_loss: 1.1807e-06, test_loss: 5.2644e-06)
Best checkpoint saved to: outputs/expr_6_3_iter/p60to100_square/fix_alpha_band1_1e-2/checkpoints/best_model.pt
Final checkpoint saved to: outputs/expr_6_3_iter/p60to100_square/fix_alpha_band1_1e-2/checkpoints/final_model.pt
Training completed in 167.35s (20,000 total steps)
  Stage 1 (p=60) PDE diagnostics:
    p-Lap (p=60) raw:        3.7292e+26
    p-Lap (p=60) normalized: 6.1353e-03
    Inf-Lap raw:              7.7546e-03
    Inf-Lap normalized:       1.2516e-02

============================================================
Stage 2/5: Training with p=70
============================================================

Training configuration:
  Boundary points (train): 32,000 -> 80 batches of 400
  Interior points (train): 1,000,000 -> 1000 batches of 1000
  Interior sampling: RE-SAMPLE each epoch
  Boundary points (val): 8,000
  Validation loss: BC only
  Steps per epoch: 1,000
  Total steps: 20,000
  Epochs: 20
  Loss balancing: FixedAlphaSchedule
  LR scheduler: None (constant LR=1.0e-05)

Epoch   1/20 | Steps:   1000 | α=1e-03 | Loss: 3.5298e-05 | BC: 2.0036e-06 | PDE: 3.3294e-02 | Val: 1.8749e-06 | Test: 4.7957e-06 |  *
Epoch   2/20 | Steps:   2000 | α=1e-03 | Loss: 3.3249e-05 | BC: 2.1259e-06 | PDE: 3.1123e-02 | Val: 1.9517e-06 | Test: 4.9499e-06 | 
Epoch   3/20 | Steps:   3000 | α=1e-03 | Loss: 3.7326e-05 | BC: 2.4291e-06 | PDE: 3.4896e-02 | Val: 2.0943e-06 | Test: 5.1837e-06 | 
Epoch   4/20 | Steps:   4000 | α=1e-03 | Loss: 3.4961e-05 | BC: 1.9265e-06 | PDE: 3.3035e-02 | Val: 1.4609e-06 | Test: 4.4011e-06 |  *
Epoch   5/20 | Steps:   5000 | α=1e-03 | Loss: 3.4372e-05 | BC: 2.1284e-06 | PDE: 3.2243e-02 | Val: 1.8152e-06 | Test: 4.8604e-06 | 
Epoch   6/20 | Steps:   6000 | α=1e-03 | Loss: 2.9306e-05 | BC: 1.6696e-06 | PDE: 2.7636e-02 | Val: 1.5014e-06 | Test: 4.6940e-06 | 
Epoch   7/20 | Steps:   7000 | α=1e-03 | Loss: 3.2527e-05 | BC: 1.8767e-06 | PDE: 3.0650e-02 | Val: 1.3144e-06 | Test: 4.4709e-06 |  *
Epoch   8/20 | Steps:   8000 | α=1e-03 | Loss: 3.3143e-05 | BC: 1.9573e-06 | PDE: 3.1186e-02 | Val: 4.5165e-06 | Test: 7.3261e-06 | 
Epoch   9/20 | Steps:   9000 | α=1e-03 | Loss: 3.4384e-05 | BC: 2.1125e-06 | PDE: 3.2272e-02 | Val: 1.4860e-06 | Test: 4.6175e-06 | 
Epoch  10/20 | Steps:  10000 | α=1e-03 | Loss: 2.9327e-05 | BC: 1.6607e-06 | PDE: 2.7666e-02 | Val: 1.1618e-06 | Test: 4.4276e-06 |  *
Epoch  11/20 | Steps:  11000 | α=1e-03 | Loss: 3.4105e-05 | BC: 1.7994e-06 | PDE: 3.2305e-02 | Val: 1.2042e-06 | Test: 4.5601e-06 | 
Epoch  12/20 | Steps:  12000 | α=1e-03 | Loss: 3.3485e-05 | BC: 1.7910e-06 | PDE: 3.1694e-02 | Val: 1.7643e-06 | Test: 4.8978e-06 | 
Epoch  13/20 | Steps:  13000 | α=1e-03 | Loss: 3.0045e-05 | BC: 1.7142e-06 | PDE: 2.8330e-02 | Val: 1.4450e-06 | Test: 4.8419e-06 | 
Epoch  14/20 | Steps:  14000 | α=1e-03 | Loss: 2.9883e-05 | BC: 1.7073e-06 | PDE: 2.8176e-02 | Val: 1.2504e-06 | Test: 4.5821e-06 | 
Epoch  15/20 | Steps:  15000 | α=1e-03 | Loss: 3.2009e-05 | BC: 2.0200e-06 | PDE: 2.9989e-02 | Val: 1.5786e-06 | Test: 4.9457e-06 | 
Epoch  16/20 | Steps:  16000 | α=1e-03 | Loss: 2.9289e-05 | BC: 1.7271e-06 | PDE: 2.7561e-02 | Val: 1.2554e-06 | Test: 4.5996e-06 | 
Epoch  17/20 | Steps:  17000 | α=1e-03 | Loss: 3.0978e-05 | BC: 1.6942e-06 | PDE: 2.9284e-02 | Val: 4.1294e-06 | Test: 6.9653e-06 | 
Epoch  18/20 | Steps:  18000 | α=1e-03 | Loss: 3.1714e-05 | BC: 1.8003e-06 | PDE: 2.9914e-02 | Val: 1.5419e-06 | Test: 4.8150e-06 | 
Epoch  19/20 | Steps:  19000 | α=1e-03 | Loss: 3.0136e-05 | BC: 1.7268e-06 | PDE: 2.8409e-02 | Val: 1.7195e-06 | Test: 5.0181e-06 | 
Epoch  20/20 | Steps:  20000 | α=1e-03 | Loss: 2.9491e-05 | BC: 1.6557e-06 | PDE: 2.7835e-02 | Val: 5.0901e-06 | Test: 7.5771e-06 | 

Restored best model from epoch 10 (val_loss: 1.1618e-06, test_loss: 4.4276e-06)
Best checkpoint saved to: outputs/expr_6_3_iter/p60to100_square/fix_alpha_band1_1e-2/checkpoints/best_model.pt
Final checkpoint saved to: outputs/expr_6_3_iter/p60to100_square/fix_alpha_band1_1e-2/checkpoints/final_model.pt
Training completed in 195.89s (20,000 total steps)
  Stage 2 (p=70) PDE diagnostics:
    p-Lap (p=70) raw:        9.1362e+31
    p-Lap (p=70) normalized: 6.2113e-03
    Inf-Lap raw:              6.4465e-03
    Inf-Lap normalized:       1.1380e-02

============================================================
Stage 3/5: Training with p=80
============================================================

Training configuration:
  Boundary points (train): 32,000 -> 80 batches of 400
  Interior points (train): 1,000,000 -> 1000 batches of 1000
  Interior sampling: RE-SAMPLE each epoch
  Boundary points (val): 8,000
  Validation loss: BC only
  Steps per epoch: 1,000
  Total steps: 20,000
  Epochs: 20
  Loss balancing: FixedAlphaSchedule
  LR scheduler: None (constant LR=1.0e-05)

Epoch   1/20 | Steps:   1000 | α=1e-03 | Loss: 4.5655e-05 | BC: 2.3819e-06 | PDE: 4.3273e-02 | Val: 1.4791e-06 | Test: 3.9309e-06 |  *
Epoch   2/20 | Steps:   2000 | α=1e-03 | Loss: 4.8666e-05 | BC: 2.6424e-06 | PDE: 4.6024e-02 | Val: 8.0539e-06 | Test: 9.0912e-06 | 
Epoch   3/20 | Steps:   3000 | α=1e-03 | Loss: 4.6253e-05 | BC: 2.2746e-06 | PDE: 4.3979e-02 | Val: 3.5701e-06 | Test: 5.5305e-06 | 
Epoch   4/20 | Steps:   4000 | α=1e-03 | Loss: 4.8330e-05 | BC: 2.2796e-06 | PDE: 4.6050e-02 | Val: 1.5869e-06 | Test: 4.1656e-06 | 
Epoch   5/20 | Steps:   5000 | α=1e-03 | Loss: 3.8041e-05 | BC: 1.7505e-06 | PDE: 3.6290e-02 | Val: 1.8721e-06 | Test: 4.2284e-06 | 
Epoch   6/20 | Steps:   6000 | α=1e-03 | Loss: 4.6257e-05 | BC: 2.2750e-06 | PDE: 4.3982e-02 | Val: 3.0063e-06 | Test: 5.0120e-06 | 
Epoch   7/20 | Steps:   7000 | α=1e-03 | Loss: 4.6217e-05 | BC: 2.3126e-06 | PDE: 4.3905e-02 | Val: 1.2018e-06 | Test: 3.7583e-06 |  *
Epoch   8/20 | Steps:   8000 | α=1e-03 | Loss: 4.6741e-05 | BC: 2.7512e-06 | PDE: 4.3990e-02 | Val: 2.8518e-06 | Test: 4.8736e-06 | 
Epoch   9/20 | Steps:   9000 | α=1e-03 | Loss: 4.4612e-05 | BC: 2.3508e-06 | PDE: 4.2261e-02 | Val: 3.9823e-06 | Test: 5.7212e-06 | 
Epoch  10/20 | Steps:  10000 | α=1e-03 | Loss: 4.5036e-05 | BC: 2.7931e-06 | PDE: 4.2243e-02 | Val: 1.6460e-06 | Test: 4.4771e-06 | 
Epoch  11/20 | Steps:  11000 | α=1e-03 | Loss: 4.3059e-05 | BC: 1.9236e-06 | PDE: 4.1135e-02 | Val: 2.9775e-06 | Test: 5.4550e-06 | 
Epoch  12/20 | Steps:  12000 | α=1e-03 | Loss: 4.0527e-05 | BC: 1.9580e-06 | PDE: 3.8569e-02 | Val: 1.4949e-06 | Test: 4.1804e-06 | 
Epoch  13/20 | Steps:  13000 | α=1e-03 | Loss: 4.0635e-05 | BC: 2.2911e-06 | PDE: 3.8344e-02 | Val: 1.0463e-05 | Test: 1.1073e-05 | 
Epoch  14/20 | Steps:  14000 | α=1e-03 | Loss: 4.2794e-05 | BC: 2.4682e-06 | PDE: 4.0326e-02 | Val: 1.7706e-06 | Test: 4.8730e-06 | 
Epoch  15/20 | Steps:  15000 | α=1e-03 | Loss: 3.8051e-05 | BC: 1.7434e-06 | PDE: 3.6308e-02 | Val: 2.3416e-06 | Test: 4.9300e-06 | 
Epoch  16/20 | Steps:  16000 | α=1e-03 | Loss: 3.7691e-05 | BC: 1.7127e-06 | PDE: 3.5978e-02 | Val: 1.1901e-06 | Test: 3.9386e-06 |  *
Epoch  17/20 | Steps:  17000 | α=1e-03 | Loss: 3.7880e-05 | BC: 2.0275e-06 | PDE: 3.5852e-02 | Val: 1.6294e-06 | Test: 4.4137e-06 | 
Epoch  18/20 | Steps:  18000 | α=1e-03 | Loss: 3.6927e-05 | BC: 1.7566e-06 | PDE: 3.5171e-02 | Val: 1.2415e-06 | Test: 4.0482e-06 | 
Epoch  19/20 | Steps:  19000 | α=1e-03 | Loss: 3.8324e-05 | BC: 1.8735e-06 | PDE: 3.6450e-02 | Val: 2.3917e-06 | Test: 5.3224e-06 | 
Epoch  20/20 | Steps:  20000 | α=1e-03 | Loss: 3.7144e-05 | BC: 1.8188e-06 | PDE: 3.5325e-02 | Val: 1.6159e-06 | Test: 4.5056e-06 | 

Restored best model from epoch 16 (val_loss: 1.1901e-06, test_loss: 3.9386e-06)
Best checkpoint saved to: outputs/expr_6_3_iter/p60to100_square/fix_alpha_band1_1e-2/checkpoints/best_model.pt
Final checkpoint saved to: outputs/expr_6_3_iter/p60to100_square/fix_alpha_band1_1e-2/checkpoints/final_model.pt
Training completed in 226.10s (20,000 total steps)
  Stage 3 (p=80) PDE diagnostics:
    p-Lap (p=80) raw:        inf
    p-Lap (p=80) normalized: 5.2692e-03
    Inf-Lap raw:              5.3253e-03
    Inf-Lap normalized:       9.4345e-03

============================================================
Stage 4/5: Training with p=90
============================================================

Training configuration:
  Boundary points (train): 32,000 -> 80 batches of 400
  Interior points (train): 1,000,000 -> 1000 batches of 1000
  Interior sampling: RE-SAMPLE each epoch
  Boundary points (val): 8,000
  Validation loss: BC only
  Steps per epoch: 1,000
  Total steps: 20,000
  Epochs: 20
  Loss balancing: FixedAlphaSchedule
  LR scheduler: None (constant LR=1.0e-05)

Epoch   1/20 | Steps:   1000 | α=1e-03 | Loss: 5.8455e-05 | BC: 2.4942e-06 | PDE: 5.5960e-02 | Val: 2.3391e-06 | Test: 4.6885e-06 |  *
Epoch   2/20 | Steps:   2000 | α=1e-03 | Loss: 4.9045e-05 | BC: 1.8802e-06 | PDE: 4.7165e-02 | Val: 4.4528e-06 | Test: 5.8541e-06 | 
Epoch   3/20 | Steps:   3000 | α=1e-03 | Loss: 5.1331e-05 | BC: 2.4927e-06 | PDE: 4.8838e-02 | Val: 2.3350e-06 | Test: 4.6716e-06 |  *
Epoch   4/20 | Steps:   4000 | α=1e-03 | Loss: 5.2490e-05 | BC: 2.2272e-06 | PDE: 5.0263e-02 | Val: 1.2607e-06 | Test: 3.6227e-06 |  *
Epoch   5/20 | Steps:   5000 | α=1e-03 | Loss: 5.0936e-05 | BC: 2.0552e-06 | PDE: 4.8881e-02 | Val: 1.3156e-06 | Test: 3.5894e-06 | 
Epoch   6/20 | Steps:   6000 | α=1e-03 | Loss: 5.6041e-05 | BC: 2.3592e-06 | PDE: 5.3682e-02 | Val: 6.7616e-06 | Test: 6.7815e-06 | 
Epoch   7/20 | Steps:   7000 | α=1e-03 | Loss: 5.6296e-05 | BC: 2.5520e-06 | PDE: 5.3744e-02 | Val: 1.7750e-06 | Test: 4.2761e-06 | 
Epoch   8/20 | Steps:   8000 | α=1e-03 | Loss: 4.9748e-05 | BC: 2.0282e-06 | PDE: 4.7720e-02 | Val: 2.1457e-06 | Test: 4.3557e-06 | 
Epoch   9/20 | Steps:   9000 | α=1e-03 | Loss: 5.2769e-05 | BC: 2.1547e-06 | PDE: 5.0615e-02 | Val: 1.9234e-06 | Test: 4.3106e-06 | 
Epoch  10/20 | Steps:  10000 | α=1e-03 | Loss: 5.5782e-05 | BC: 2.4543e-06 | PDE: 5.3328e-02 | Val: 1.3678e-06 | Test: 3.8140e-06 | 
Epoch  11/20 | Steps:  11000 | α=1e-03 | Loss: 4.9182e-05 | BC: 2.2073e-06 | PDE: 4.6974e-02 | Val: 9.4493e-06 | Test: 9.7590e-06 | 
Epoch  12/20 | Steps:  12000 | α=1e-03 | Loss: 5.2855e-05 | BC: 2.2465e-06 | PDE: 5.0609e-02 | Val: 1.8086e-06 | Test: 4.2163e-06 | 
Epoch  13/20 | Steps:  13000 | α=1e-03 | Loss: 4.2637e-05 | BC: 1.7721e-06 | PDE: 4.0865e-02 | Val: 2.7175e-06 | Test: 4.6508e-06 | 
Epoch  14/20 | Steps:  14000 | α=1e-03 | Loss: 5.5027e-05 | BC: 2.6696e-06 | PDE: 5.2357e-02 | Val: 2.1017e-06 | Test: 4.2434e-06 | 
Epoch  15/20 | Steps:  15000 | α=1e-03 | Loss: 5.0818e-05 | BC: 2.2617e-06 | PDE: 4.8556e-02 | Val: 2.3736e-06 | Test: 4.6849e-06 | 
Epoch  16/20 | Steps:  16000 | α=1e-03 | Loss: 5.0051e-05 | BC: 2.1419e-06 | PDE: 4.7910e-02 | Val: 3.8757e-06 | Test: 5.4018e-06 | 
Epoch  17/20 | Steps:  17000 | α=1e-03 | Loss: 4.8963e-05 | BC: 2.7162e-06 | PDE: 4.6246e-02 | Val: 2.1048e-06 | Test: 4.3156e-06 | 
Epoch  18/20 | Steps:  18000 | α=1e-03 | Loss: 4.8049e-05 | BC: 2.3768e-06 | PDE: 4.5672e-02 | Val: 8.9030e-06 | Test: 9.9598e-06 | 
Epoch  19/20 | Steps:  19000 | α=1e-03 | Loss: 4.5326e-05 | BC: 2.2383e-06 | PDE: 4.3088e-02 | Val: 1.0066e-05 | Test: 1.0272e-05 | 
Epoch  20/20 | Steps:  20000 | α=1e-03 | Loss: 4.5748e-05 | BC: 2.0544e-06 | PDE: 4.3694e-02 | Val: 2.2811e-06 | Test: 4.7697e-06 | 

Restored best model from epoch 4 (val_loss: 1.2607e-06, test_loss: 3.6227e-06)
Best checkpoint saved to: outputs/expr_6_3_iter/p60to100_square/fix_alpha_band1_1e-2/checkpoints/best_model.pt
Final checkpoint saved to: outputs/expr_6_3_iter/p60to100_square/fix_alpha_band1_1e-2/checkpoints/final_model.pt
Training completed in 164.94s (20,000 total steps)
  Stage 4 (p=90) PDE diagnostics:
    p-Lap (p=90) raw:        inf
    p-Lap (p=90) normalized: 5.5974e-03
    Inf-Lap raw:              4.7425e-03
    Inf-Lap normalized:       9.2134e-03

============================================================
Stage 5/5: Training with p=100
============================================================

Training configuration:
  Boundary points (train): 32,000 -> 80 batches of 400
  Interior points (train): 1,000,000 -> 1000 batches of 1000
  Interior sampling: RE-SAMPLE each epoch
  Boundary points (val): 8,000
  Validation loss: BC only
  Steps per epoch: 1,000
  Total steps: 20,000
  Epochs: 20
  Loss balancing: FixedAlphaSchedule
  LR scheduler: None (constant LR=1.0e-05)

Epoch   1/20 | Steps:   1000 | α=1e-03 | Loss: 7.1862e-05 | BC: 3.1348e-06 | PDE: 6.8727e-02 | Val: 4.2324e-06 | Test: 5.9599e-06 |  *
Epoch   2/20 | Steps:   2000 | α=1e-03 | Loss: 7.4380e-05 | BC: 2.7652e-06 | PDE: 7.1614e-02 | Val: 4.5524e-06 | Test: 5.5993e-06 | 
Epoch   3/20 | Steps:   3000 | α=1e-03 | Loss: 6.9909e-05 | BC: 3.0163e-06 | PDE: 6.6892e-02 | Val: 6.1047e-06 | Test: 6.8590e-06 | 
Epoch   4/20 | Steps:   4000 | α=1e-03 | Loss: 6.6868e-05 | BC: 2.7063e-06 | PDE: 6.4162e-02 | Val: 2.0240e-06 | Test: 3.9600e-06 |  *
Epoch   5/20 | Steps:   5000 | α=1e-03 | Loss: 7.1664e-05 | BC: 2.9504e-06 | PDE: 6.8713e-02 | Val: 2.2368e-06 | Test: 3.9837e-06 | 
Epoch   6/20 | Steps:   6000 | α=1e-03 | Loss: 6.0174e-05 | BC: 2.2358e-06 | PDE: 5.7938e-02 | Val: 1.9788e-06 | Test: 3.9629e-06 |  *
Epoch   7/20 | Steps:   7000 | α=1e-03 | Loss: 6.6239e-05 | BC: 2.6386e-06 | PDE: 6.3601e-02 | Val: 3.1451e-06 | Test: 4.8970e-06 | 
Epoch   8/20 | Steps:   8000 | α=1e-03 | Loss: 6.2462e-05 | BC: 2.3951e-06 | PDE: 6.0067e-02 | Val: 1.8536e-06 | Test: 3.6598e-06 |  *
Epoch   9/20 | Steps:   9000 | α=1e-03 | Loss: 6.2334e-05 | BC: 2.6409e-06 | PDE: 5.9693e-02 | Val: 1.6130e-06 | Test: 3.5493e-06 |  *
Epoch  10/20 | Steps:  10000 | α=1e-03 | Loss: 6.8358e-05 | BC: 2.7079e-06 | PDE: 6.5650e-02 | Val: 2.2653e-06 | Test: 4.3314e-06 | 
Epoch  11/20 | Steps:  11000 | α=1e-03 | Loss: 6.5546e-05 | BC: 3.1475e-06 | PDE: 6.2398e-02 | Val: 3.2587e-06 | Test: 4.6612e-06 | 
Epoch  12/20 | Steps:  12000 | α=1e-03 | Loss: 6.2754e-05 | BC: 2.7087e-06 | PDE: 6.0045e-02 | Val: 2.2765e-06 | Test: 3.8981e-06 | 
Epoch  13/20 | Steps:  13000 | α=1e-03 | Loss: 6.5914e-05 | BC: 2.6174e-06 | PDE: 6.3296e-02 | Val: 3.0592e-06 | Test: 4.8334e-06 | 
Epoch  14/20 | Steps:  14000 | α=1e-03 | Loss: 6.8110e-05 | BC: 2.5642e-06 | PDE: 6.5546e-02 | Val: 3.8397e-06 | Test: 5.7334e-06 | 
Epoch  15/20 | Steps:  15000 | α=1e-03 | Loss: 6.8777e-05 | BC: 2.4393e-06 | PDE: 6.6338e-02 | Val: 2.2758e-06 | Test: 4.3043e-06 | 
Epoch  16/20 | Steps:  16000 | α=1e-03 | Loss: 6.3348e-05 | BC: 2.4910e-06 | PDE: 6.0857e-02 | Val: 1.7567e-06 | Test: 3.8182e-06 | 
Epoch  17/20 | Steps:  17000 | α=1e-03 | Loss: 6.2088e-05 | BC: 2.9230e-06 | PDE: 5.9165e-02 | Val: 1.5843e-06 | Test: 3.5660e-06 |  *
Epoch  18/20 | Steps:  18000 | α=1e-03 | Loss: 5.7332e-05 | BC: 2.3623e-06 | PDE: 5.4970e-02 | Val: 4.7388e-06 | Test: 5.9436e-06 | 
Epoch  19/20 | Steps:  19000 | α=1e-03 | Loss: 6.3611e-05 | BC: 2.4286e-06 | PDE: 6.1183e-02 | Val: 5.4800e-06 | Test: 5.8539e-06 | 
Epoch  20/20 | Steps:  20000 | α=1e-03 | Loss: 6.7928e-05 | BC: 3.2236e-06 | PDE: 6.4704e-02 | Val: 2.7641e-06 | Test: 4.8796e-06 | 

Restored best model from epoch 17 (val_loss: 1.5843e-06, test_loss: 3.5660e-06)
Best checkpoint saved to: outputs/expr_6_3_iter/p60to100_square/fix_alpha_band1_1e-2/checkpoints/best_model.pt
Final checkpoint saved to: outputs/expr_6_3_iter/p60to100_square/fix_alpha_band1_1e-2/checkpoints/final_model.pt
Training completed in 177.67s (20,000 total steps)
  Stage 5 (p=100) PDE diagnostics:
    p-Lap (p=100) raw:        inf
    p-Lap (p=100) normalized: 4.3115e-03
    Inf-Lap raw:              4.0499e-03
    Inf-Lap normalized:       7.2847e-03

Iterative training completed in 931.94s
Total epochs: 100

Final Test MSE: 4.8796e-06
Inference (per point): 7.7302e-05s | (full domain): 7.6454e-05s
p-Lap (p=100) PDE test (raw):        inf
p-Lap (p=100) PDE test (normalized): 4.3115e-03
Inf-Lap PDE test (raw):                    4.0499e-03
Inf-Lap PDE test (normalized):             7.2847e-03
Saved .npz files to outputs/expr_6_3_iter/p60to100_square/fix_alpha_band1_1e-2/npy/
Saved plot to outputs/expr_6_3_iter/p60to100_square/fix_alpha_band1_1e-2/plots/results.png
