
============================================================
Running Example: absolute
============================================================

Generated full domain data:
  Boundary points: 40,000
  Interior points: 1,000,000
  Test points: 10,000
Re-sampling enabled: ~1,000,000 interior points per epoch

Splitting data: 80% train, 20% validation
  BC: 32,000 train, 8,000 val
  Interior: 800,000 train, 200,000 val

Model: InfinityLaplacianPINN
  Hidden layers: [128, 128, 128, 128, 128]
  Activation: tanh
  η: 1e-05 (normalized)
  Residual clipping: [-10.0, 10.0]
  Outlier removal: top 2.0%
  Parameters: 66,561

Training configuration:
  Boundary points (train): 32,000 -> 80 batches of 400
  Interior points (train): 1,000,000 -> 1000 batches of 1000
  Interior sampling: RE-SAMPLE each epoch
  Boundary points (val): 8,000
  Validation loss: BC only
  Steps per epoch: 1,000
  Total steps: 100,000
  Epochs: 100
  Loss balancing: AlphaPlateauScheduler
  LR scheduler: cosine (LR: 1.0e-03 -> 1.0e-05)

/usr/local/lib/python3.12/dist-packages/torch/autograd/graph.py:824: UserWarning: Attempting to run cuBLAS, but there was no current CUDA context! Attempting to set the primary context... (Triggered internally at /opt/pytorch/pytorch/aten/src/ATen/cuda/CublasHandlePool.cpp:181.)
  return Variable._execution_engine.run_backward(  # Calls into the C++ engine to run the backward pass
Epoch   1/100 | Steps:   1000 | α=1e-05 | Loss: 1.5358e-02 | BC: 1.5324e-02 | PDE: 3.3542e+00 | Val: 5.2885e-04 | Test: 1.1129e-02 | LR=1.0e-03 *
Epoch   2/100 | Steps:   2000 | α=1e-05 | Loss: 3.4527e-04 | BC: 3.1214e-04 | PDE: 3.3130e+00 | Val: 1.9495e-04 | Test: 5.9817e-03 | LR=1.0e-03 *
Epoch   3/100 | Steps:   3000 | α=1e-05 | Loss: 2.5048e-04 | BC: 2.2367e-04 | PDE: 2.6803e+00 | Val: 8.6350e-05 | Test: 3.2730e-03 | LR=1.0e-03 *
Epoch   4/100 | Steps:   4000 | α=1e-05 | Loss: 2.2742e-04 | BC: 2.0717e-04 | PDE: 2.0250e+00 | Val: 2.0309e-04 | Test: 1.5892e-03 | LR=1.0e-03
Epoch   5/100 | Steps:   5000 | α=1e-05 | Loss: 1.8789e-04 | BC: 1.7260e-04 | PDE: 1.5288e+00 | Val: 1.7458e-04 | Test: 1.1459e-03 | LR=1.0e-03
Epoch   6/100 | Steps:   6000 | α=1e-05 | Loss: 1.7835e-04 | BC: 1.6446e-04 | PDE: 1.3892e+00 | Val: 3.5490e-04 | Test: 1.4980e-03 | LR=9.9e-04
Epoch   7/100 | Steps:   7000 | α=1e-05 | Loss: 1.5024e-04 | BC: 1.3788e-04 | PDE: 1.2361e+00 | Val: 7.8502e-05 | Test: 9.5015e-04 | LR=9.9e-04 *
Epoch   8/100 | Steps:   8000 | α=1e-05 | Loss: 1.4368e-04 | BC: 1.3239e-04 | PDE: 1.1285e+00 | Val: 8.3039e-05 | Test: 8.7926e-04 | LR=9.9e-04
Epoch   9/100 | Steps:   9000 | α=1e-05 | Loss: 1.2762e-04 | BC: 1.1724e-04 | PDE: 1.0380e+00 | Val: 4.2570e-05 | Test: 9.5038e-04 | LR=9.8e-04 *
Epoch  10/100 | Steps:  10000 | α=1e-05 | Loss: 1.1132e-04 | BC: 1.0181e-04 | PDE: 9.5155e-01 | Val: 1.3958e-05 | Test: 9.5497e-04 | LR=9.8e-04 *
Epoch  11/100 | Steps:  11000 | α=1e-05 | Loss: 1.2222e-04 | BC: 1.1270e-04 | PDE: 9.5281e-01 | Val: 5.2773e-06 | Test: 1.0381e-03 | LR=9.8e-04 *
Epoch  12/100 | Steps:  12000 | α=1e-05 | Loss: 9.7163e-05 | BC: 8.8710e-05 | PDE: 8.4534e-01 | Val: 4.4425e-05 | Test: 1.5922e-03 | LR=9.7e-04
Epoch  13/100 | Steps:  13000 | α=1e-05 | Loss: 8.7633e-05 | BC: 7.9909e-05 | PDE: 7.7237e-01 | Val: 8.2093e-06 | Test: 8.6877e-04 | LR=9.7e-04
Epoch  14/100 | Steps:  14000 | α=1e-05 | Loss: 8.5732e-05 | BC: 7.8784e-05 | PDE: 6.9471e-01 | Val: 2.2035e-04 | Test: 1.2958e-03 | LR=9.6e-04
Epoch  15/100 | Steps:  15000 | α=1e-05 | Loss: 7.7050e-05 | BC: 7.0625e-05 | PDE: 6.4254e-01 | Val: 2.9630e-05 | Test: 7.8490e-04 | LR=9.5e-04
Epoch  16/100 | Steps:  16000 | α=1e-05 | Loss: 7.1916e-05 | BC: 6.5536e-05 | PDE: 6.3799e-01 | Val: 1.2501e-04 | Test: 8.6251e-04 | LR=9.5e-04
Epoch  17/100 | Steps:  17000 | α=1e-05 | Loss: 6.7723e-05 | BC: 6.1864e-05 | PDE: 5.8591e-01 | Val: 1.6257e-05 | Test: 7.0404e-04 | LR=9.4e-04
Epoch  18/100 | Steps:  18000 | α=1e-05 | Loss: 6.6419e-05 | BC: 6.0664e-05 | PDE: 5.7546e-01 | Val: 6.5948e-05 | Test: 8.3358e-04 | LR=9.3e-04
Epoch  19/100 | Steps:  19000 | α=1e-05 | Loss: 5.9796e-05 | BC: 5.4336e-05 | PDE: 5.4604e-01 | Val: 1.3204e-04 | Test: 1.1474e-03 | LR=9.2e-04
Epoch  20/100 | Steps:  20000 | α=1e-05 | Loss: 6.4829e-05 | BC: 5.9563e-05 | PDE: 5.2660e-01 | Val: 2.4330e-04 | Test: 1.2288e-03 | LR=9.1e-04
Epoch  21/100 | Steps:  21000 | α=1e-05 | Loss: 4.4413e-05 | BC: 3.9586e-05 | PDE: 4.8273e-01 | Val: 2.4608e-05 | Test: 7.1589e-04 | LR=9.1e-04
Epoch  22/100 | Steps:  22000 | α=1e-05 | Loss: 5.2665e-05 | BC: 4.7811e-05 | PDE: 4.8544e-01 | Val: 6.9864e-05 | Test: 1.3017e-03 | LR=9.0e-04
Epoch  23/100 | Steps:  23000 | α=1e-05 | Loss: 5.1981e-05 | BC: 4.7511e-05 | PDE: 4.4707e-01 | Val: 2.6612e-04 | Test: 1.3504e-03 | LR=8.9e-04
Epoch  24/100 | Steps:  24000 | α=1e-05 | Loss: 4.4487e-05 | BC: 3.9964e-05 | PDE: 4.5234e-01 | Val: 4.8589e-06 | Test: 5.9409e-04 | LR=8.8e-04 *
Epoch  25/100 | Steps:  25000 | α=1e-05 | Loss: 4.2608e-05 | BC: 3.8405e-05 | PDE: 4.2034e-01 | Val: 8.6540e-06 | Test: 7.0884e-04 | LR=8.7e-04

>>> Alpha increased: 1e-05 → 1e-04 (BC=3.4332e-05) <<<
Epoch  26/100 | Steps:  26000 | α=1e-04 | Loss: 3.8291e-05 | BC: 3.4332e-05 | PDE: 3.9589e-01 | Val: 4.5600e-05 | Test: 5.6920e-04 | LR=8.6e-04 *
Epoch  27/100 | Steps:  27000 | α=1e-04 | Loss: 7.0870e-05 | BC: 5.8742e-05 | PDE: 1.2128e-01 | Val: 2.2034e-05 | Test: 6.2522e-04 | LR=8.4e-04 *
Epoch  28/100 | Steps:  28000 | α=1e-04 | Loss: 4.5678e-05 | BC: 3.9772e-05 | PDE: 5.9065e-02 | Val: 2.1467e-05 | Test: 6.4330e-04 | LR=8.3e-04 *
Epoch  29/100 | Steps:  29000 | α=1e-04 | Loss: 4.9099e-05 | BC: 4.4156e-05 | PDE: 4.9429e-02 | Val: 1.6023e-05 | Test: 5.5868e-04 | LR=8.2e-04 *
Epoch  30/100 | Steps:  30000 | α=1e-04 | Loss: 3.9175e-05 | BC: 3.5100e-05 | PDE: 4.0751e-02 | Val: 5.0148e-05 | Test: 5.5428e-04 | LR=8.1e-04
Epoch  31/100 | Steps:  31000 | α=1e-04 | Loss: 3.9447e-05 | BC: 3.5781e-05 | PDE: 3.6653e-02 | Val: 1.4738e-06 | Test: 5.8021e-04 | LR=8.0e-04 *
Epoch  32/100 | Steps:  32000 | α=1e-04 | Loss: 3.4302e-05 | BC: 3.1127e-05 | PDE: 3.1751e-02 | Val: 1.0135e-05 | Test: 5.6773e-04 | LR=7.8e-04
Epoch  33/100 | Steps:  33000 | α=1e-04 | Loss: 3.0782e-05 | BC: 2.8017e-05 | PDE: 2.7652e-02 | Val: 1.0816e-05 | Test: 5.7285e-04 | LR=7.7e-04
Epoch  34/100 | Steps:  34000 | α=1e-04 | Loss: 3.1487e-05 | BC: 2.8917e-05 | PDE: 2.5692e-02 | Val: 2.9084e-05 | Test: 5.6053e-04 | LR=7.6e-04
Epoch  35/100 | Steps:  35000 | α=1e-04 | Loss: 3.1333e-05 | BC: 2.8970e-05 | PDE: 2.3635e-02 | Val: 9.8245e-06 | Test: 6.0489e-04 | LR=7.4e-04
Epoch  36/100 | Steps:  36000 | α=1e-04 | Loss: 2.7196e-05 | BC: 2.5074e-05 | PDE: 2.1215e-02 | Val: 8.7121e-06 | Test: 5.3668e-04 | LR=7.3e-04
Epoch  37/100 | Steps:  37000 | α=1e-04 | Loss: 2.5716e-05 | BC: 2.3708e-05 | PDE: 2.0083e-02 | Val: 1.8042e-05 | Test: 6.0845e-04 | LR=7.2e-04
Epoch  38/100 | Steps:  38000 | α=1e-04 | Loss: 2.3876e-05 | BC: 2.1992e-05 | PDE: 1.8842e-02 | Val: 1.2503e-04 | Test: 6.5393e-04 | LR=7.0e-04
Epoch  39/100 | Steps:  39000 | α=1e-04 | Loss: 2.3456e-05 | BC: 2.1661e-05 | PDE: 1.7950e-02 | Val: 7.1980e-06 | Test: 5.9834e-04 | LR=6.9e-04
Epoch  40/100 | Steps:  40000 | α=1e-04 | Loss: 2.3012e-05 | BC: 2.1340e-05 | PDE: 1.6720e-02 | Val: 3.5050e-06 | Test: 5.7425e-04 | LR=6.7e-04
Epoch  41/100 | Steps:  41000 | α=1e-04 | Loss: 1.8555e-05 | BC: 1.7004e-05 | PDE: 1.5510e-02 | Val: 1.1483e-06 | Test: 5.8982e-04 | LR=6.6e-04 *
Epoch  42/100 | Steps:  42000 | α=1e-04 | Loss: 1.9822e-05 | BC: 1.8351e-05 | PDE: 1.4707e-02 | Val: 1.7374e-05 | Test: 5.6233e-04 | LR=6.4e-04
Epoch  43/100 | Steps:  43000 | α=1e-04 | Loss: 1.7432e-05 | BC: 1.6035e-05 | PDE: 1.3972e-02 | Val: 2.1704e-05 | Test: 5.6987e-04 | LR=6.3e-04
Epoch  44/100 | Steps:  44000 | α=1e-04 | Loss: 2.0870e-05 | BC: 1.9403e-05 | PDE: 1.4670e-02 | Val: 3.2362e-06 | Test: 5.7338e-04 | LR=6.1e-04
Epoch  45/100 | Steps:  45000 | α=1e-04 | Loss: 1.6850e-05 | BC: 1.5595e-05 | PDE: 1.2548e-02 | Val: 2.2247e-06 | Test: 6.1509e-04 | LR=6.0e-04

>>> Alpha increased: 1e-04 → 1e-03 (BC=1.4865e-05) <<<
Epoch  46/100 | Steps:  46000 | α=1e-03 | Loss: 1.6076e-05 | BC: 1.4865e-05 | PDE: 1.2108e-02 | Val: 1.8170e-06 | Test: 5.9000e-04 | LR=5.8e-04 *
Epoch  47/100 | Steps:  47000 | α=1e-03 | Loss: 2.6773e-05 | BC: 1.7840e-05 | PDE: 8.9339e-03 | Val: 2.1216e-05 | Test: 6.9917e-04 | LR=5.7e-04
Epoch  48/100 | Steps:  48000 | α=1e-03 | Loss: 2.1159e-05 | BC: 1.4488e-05 | PDE: 6.6715e-03 | Val: 4.9825e-06 | Test: 6.5362e-04 | LR=5.5e-04
Epoch  49/100 | Steps:  49000 | α=1e-03 | Loss: 2.1933e-05 | BC: 1.5141e-05 | PDE: 6.7918e-03 | Val: 9.8803e-06 | Test: 6.8485e-04 | LR=5.4e-04
Epoch  50/100 | Steps:  50000 | α=1e-03 | Loss: 1.7299e-05 | BC: 1.1994e-05 | PDE: 5.3051e-03 | Val: 9.7759e-06 | Test: 6.5852e-04 | LR=5.2e-04
Epoch  51/100 | Steps:  51000 | α=1e-03 | Loss: 1.8088e-05 | BC: 1.2721e-05 | PDE: 5.3666e-03 | Val: 6.9581e-06 | Test: 6.3428e-04 | LR=5.1e-04
Epoch  52/100 | Steps:  52000 | α=1e-03 | Loss: 1.5632e-05 | BC: 1.1090e-05 | PDE: 4.5416e-03 | Val: 5.5041e-06 | Test: 6.3165e-04 | LR=4.9e-04
Epoch  53/100 | Steps:  53000 | α=1e-03 | Loss: 1.6384e-05 | BC: 1.1593e-05 | PDE: 4.7912e-03 | Val: 4.7955e-06 | Test: 6.2613e-04 | LR=4.7e-04
Epoch  54/100 | Steps:  54000 | α=1e-03 | Loss: 1.4296e-05 | BC: 9.5656e-06 | PDE: 4.7308e-03 | Val: 4.0723e-06 | Test: 6.6297e-04 | LR=4.6e-04
Epoch  55/100 | Steps:  55000 | α=1e-03 | Loss: 1.2083e-05 | BC: 8.2351e-06 | PDE: 3.8477e-03 | Val: 5.0878e-06 | Test: 6.5053e-04 | LR=4.4e-04
Epoch  56/100 | Steps:  56000 | α=1e-03 | Loss: 1.2313e-05 | BC: 8.8184e-06 | PDE: 3.4943e-03 | Val: 1.2328e-05 | Test: 6.6081e-04 | LR=4.3e-04
Epoch  57/100 | Steps:  57000 | α=1e-03 | Loss: 1.1423e-05 | BC: 7.9284e-06 | PDE: 3.4941e-03 | Val: 4.1791e-05 | Test: 6.8398e-04 | LR=4.1e-04
Epoch  58/100 | Steps:  58000 | α=1e-03 | Loss: 1.0497e-05 | BC: 7.1228e-06 | PDE: 3.3738e-03 | Val: 7.0857e-06 | Test: 6.4390e-04 | LR=4.0e-04
Epoch  59/100 | Steps:  59000 | α=1e-03 | Loss: 1.0568e-05 | BC: 7.2213e-06 | PDE: 3.3463e-03 | Val: 6.2718e-06 | Test: 6.4974e-04 | LR=3.8e-04
Epoch  60/100 | Steps:  60000 | α=1e-03 | Loss: 8.7402e-06 | BC: 5.6924e-06 | PDE: 3.0478e-03 | Val: 4.6944e-06 | Test: 6.4596e-04 | LR=3.7e-04
Epoch  61/100 | Steps:  61000 | α=1e-03 | Loss: 9.2678e-06 | BC: 6.5191e-06 | PDE: 2.7487e-03 | Val: 2.6431e-06 | Test: 6.3892e-04 | LR=3.5e-04
Epoch  62/100 | Steps:  62000 | α=1e-03 | Loss: 7.3372e-06 | BC: 4.7303e-06 | PDE: 2.6069e-03 | Val: 3.7824e-06 | Test: 6.3459e-04 | LR=3.4e-04
Epoch  63/100 | Steps:  63000 | α=1e-03 | Loss: 8.0691e-06 | BC: 5.2731e-06 | PDE: 2.7960e-03 | Val: 1.9963e-06 | Test: 6.3690e-04 | LR=3.2e-04
Epoch  64/100 | Steps:  64000 | α=1e-03 | Loss: 6.8270e-06 | BC: 4.3559e-06 | PDE: 2.4711e-03 | Val: 2.3140e-06 | Test: 6.3856e-04 | LR=3.1e-04
Epoch  65/100 | Steps:  65000 | α=1e-03 | Loss: 6.5163e-06 | BC: 4.1783e-06 | PDE: 2.3380e-03 | Val: 4.4662e-06 | Test: 6.4685e-04 | LR=2.9e-04
Epoch  66/100 | Steps:  66000 | α=1e-03 | Loss: 5.9356e-06 | BC: 3.6869e-06 | PDE: 2.2487e-03 | Val: 4.3427e-06 | Test: 6.2486e-04 | LR=2.8e-04
Epoch  67/100 | Steps:  67000 | α=1e-03 | Loss: 5.9462e-06 | BC: 3.6358e-06 | PDE: 2.3104e-03 | Val: 1.6502e-06 | Test: 6.2605e-04 | LR=2.7e-04 *
Epoch  68/100 | Steps:  68000 | α=1e-03 | Loss: 5.0223e-06 | BC: 3.0638e-06 | PDE: 1.9585e-03 | Val: 1.2454e-06 | Test: 6.1526e-04 | LR=2.5e-04 *
Epoch  69/100 | Steps:  69000 | α=1e-03 | Loss: 4.8083e-06 | BC: 2.9202e-06 | PDE: 1.8881e-03 | Val: 4.1664e-06 | Test: 6.1514e-04 | LR=2.4e-04
Epoch  70/100 | Steps:  70000 | α=1e-03 | Loss: 4.5412e-06 | BC: 2.7106e-06 | PDE: 1.8306e-03 | Val: 4.6640e-06 | Test: 6.4234e-04 | LR=2.3e-04
Epoch  71/100 | Steps:  71000 | α=1e-03 | Loss: 4.2179e-06 | BC: 2.4286e-06 | PDE: 1.7893e-03 | Val: 5.8321e-06 | Test: 6.2406e-04 | LR=2.1e-04
Epoch  72/100 | Steps:  72000 | α=1e-03 | Loss: 4.5457e-06 | BC: 2.7626e-06 | PDE: 1.7831e-03 | Val: 1.2870e-06 | Test: 6.2212e-04 | LR=2.0e-04
Epoch  73/100 | Steps:  73000 | α=1e-03 | Loss: 3.4243e-06 | BC: 1.9031e-06 | PDE: 1.5212e-03 | Val: 2.0625e-06 | Test: 6.4252e-04 | LR=1.9e-04
Epoch  74/100 | Steps:  74000 | α=1e-03 | Loss: 6.7972e-06 | BC: 3.5806e-06 | PDE: 3.2166e-03 | Val: 1.8792e-06 | Test: 6.2321e-04 | LR=1.8e-04
Epoch  75/100 | Steps:  75000 | α=1e-03 | Loss: 2.5023e-06 | BC: 1.2389e-06 | PDE: 1.2634e-03 | Val: 1.7856e-06 | Test: 6.3809e-04 | LR=1.7e-04
Epoch  76/100 | Steps:  76000 | α=1e-03 | Loss: 2.8492e-06 | BC: 1.5176e-06 | PDE: 1.3316e-03 | Val: 1.2341e-06 | Test: 6.3637e-04 | LR=1.5e-04 *
Epoch  77/100 | Steps:  77000 | α=1e-03 | Loss: 2.7073e-06 | BC: 1.3788e-06 | PDE: 1.3286e-03 | Val: 2.2704e-06 | Test: 6.3442e-04 | LR=1.4e-04
Epoch  78/100 | Steps:  78000 | α=1e-03 | Loss: 2.5581e-06 | BC: 1.2240e-06 | PDE: 1.3341e-03 | Val: 1.1604e-06 | Test: 6.1909e-04 | LR=1.3e-04 *
Epoch  79/100 | Steps:  79000 | α=1e-03 | Loss: 2.3148e-06 | BC: 1.0784e-06 | PDE: 1.2364e-03 | Val: 1.0347e-06 | Test: 6.1657e-04 | LR=1.2e-04 *

>>> Alpha increased: 1e-03 → 1e-02 (BC=1.0499e-06) <<<
Epoch  80/100 | Steps:  80000 | α=1e-02 | Loss: 2.2602e-06 | BC: 1.0499e-06 | PDE: 1.2103e-03 | Val: 6.7827e-07 | Test: 6.0634e-04 | LR=1.1e-04 *
Epoch  81/100 | Steps:  81000 | α=1e-02 | Loss: 2.1602e-05 | BC: 6.4306e-06 | PDE: 1.5171e-03 | Val: 8.6872e-06 | Test: 7.2047e-04 | LR=1.0e-04
Epoch  82/100 | Steps:  82000 | α=1e-02 | Loss: 1.3220e-05 | BC: 3.9770e-06 | PDE: 9.2432e-04 | Val: 5.9013e-06 | Test: 7.2093e-04 | LR=9.6e-05
Epoch  83/100 | Steps:  83000 | α=1e-02 | Loss: 1.1849e-05 | BC: 3.5904e-06 | PDE: 8.2590e-04 | Val: 2.1948e-06 | Test: 7.0002e-04 | LR=8.7e-05
Epoch  84/100 | Steps:  84000 | α=1e-02 | Loss: 9.8869e-06 | BC: 3.0408e-06 | PDE: 6.8461e-04 | Val: 4.8056e-06 | Test: 6.9442e-04 | LR=7.9e-05
Epoch  85/100 | Steps:  85000 | α=1e-02 | Loss: 1.0442e-05 | BC: 3.2121e-06 | PDE: 7.2297e-04 | Val: 2.5858e-06 | Test: 7.0436e-04 | LR=7.1e-05
Epoch  86/100 | Steps:  86000 | α=1e-02 | Loss: 9.1888e-06 | BC: 2.7705e-06 | PDE: 6.4183e-04 | Val: 2.8496e-06 | Test: 6.9429e-04 | LR=6.4e-05
Epoch  87/100 | Steps:  87000 | α=1e-02 | Loss: 8.5944e-06 | BC: 2.6145e-06 | PDE: 5.9800e-04 | Val: 1.7402e-06 | Test: 6.9449e-04 | LR=5.7e-05
Epoch  88/100 | Steps:  88000 | α=1e-02 | Loss: 8.2881e-06 | BC: 2.4322e-06 | PDE: 5.8558e-04 | Val: 1.8955e-06 | Test: 6.8825e-04 | LR=5.1e-05
Epoch  89/100 | Steps:  89000 | α=1e-02 | Loss: 7.1525e-06 | BC: 2.0694e-06 | PDE: 5.0831e-04 | Val: 2.4638e-06 | Test: 6.9223e-04 | LR=4.5e-05
Epoch  90/100 | Steps:  90000 | α=1e-02 | Loss: 7.0532e-06 | BC: 2.0809e-06 | PDE: 4.9723e-04 | Val: 1.5535e-06 | Test: 6.9904e-04 | LR=3.9e-05
Epoch  91/100 | Steps:  91000 | α=1e-02 | Loss: 6.4627e-06 | BC: 1.9482e-06 | PDE: 4.5145e-04 | Val: 1.7286e-06 | Test: 6.9748e-04 | LR=3.4e-05
Epoch  92/100 | Steps:  92000 | α=1e-02 | Loss: 6.0869e-06 | BC: 1.8375e-06 | PDE: 4.2494e-04 | Val: 2.2122e-06 | Test: 6.8831e-04 | LR=3.0e-05
Epoch  93/100 | Steps:  93000 | α=1e-02 | Loss: 5.7169e-06 | BC: 1.6813e-06 | PDE: 4.0356e-04 | Val: 1.5242e-06 | Test: 6.9283e-04 | LR=2.6e-05
Epoch  94/100 | Steps:  94000 | α=1e-02 | Loss: 5.4303e-06 | BC: 1.6189e-06 | PDE: 3.8114e-04 | Val: 1.4900e-06 | Test: 6.8873e-04 | LR=2.2e-05
Epoch  95/100 | Steps:  95000 | α=1e-02 | Loss: 4.9118e-06 | BC: 1.4214e-06 | PDE: 3.4904e-04 | Val: 1.5742e-06 | Test: 6.8730e-04 | LR=1.9e-05
Epoch  96/100 | Steps:  96000 | α=1e-02 | Loss: 4.7175e-06 | BC: 1.3321e-06 | PDE: 3.3855e-04 | Val: 1.6498e-06 | Test: 6.8729e-04 | LR=1.6e-05
Epoch  97/100 | Steps:  97000 | α=1e-02 | Loss: 4.8331e-06 | BC: 1.3765e-06 | PDE: 3.4566e-04 | Val: 1.4146e-06 | Test: 6.8678e-04 | LR=1.4e-05
Epoch  98/100 | Steps:  98000 | α=1e-02 | Loss: 4.7544e-06 | BC: 1.3512e-06 | PDE: 3.4031e-04 | Val: 1.2779e-06 | Test: 6.8699e-04 | LR=1.2e-05
Epoch  99/100 | Steps:  99000 | α=1e-02 | Loss: 4.5011e-06 | BC: 1.2789e-06 | PDE: 3.2222e-04 | Val: 1.2470e-06 | Test: 6.7944e-04 | LR=1.1e-05
Epoch 100/100 | Steps: 100000 | α=1e-02 | Loss: 4.2237e-06 | BC: 1.2208e-06 | PDE: 3.0029e-04 | Val: 1.3093e-06 | Test: 6.8061e-04 | LR=1.0e-05

Restored best model from epoch 80 (val_loss: 6.7827e-07, test_loss: 6.0634e-04)
Best checkpoint saved to: outputs/expr_6_2/absolute/l5/checkpoints/best_model.pt
Final checkpoint saved to: outputs/expr_6_2/absolute/l5/checkpoints/final_model.pt
Training completed in 1007.81s (100,000 total steps)

Final Test MSE: 6.8061e-04
Inference (per point): 9.3715e-05s | (full domain): 9.2981e-05s
Saved plot to outputs/expr_6_2/absolute/l5/plots/results.png
