
============================================================
Running Example: arctan
============================================================

Generated full domain data:
  Boundary points: 40,000
  Interior points: 1,000,000
  Test points: 10,000
Re-sampling enabled: ~1,000,000 interior points per epoch

Splitting data: 80% train, 20% validation
  BC: 32,000 train, 8,000 val
  Interior: 800,000 train, 200,000 val

Model: InfinityLaplacianPINN
  Hidden layers: [128, 128, 128, 128]
  Activation: tanh
  η: 1e-05 (normalized)
  Residual clipping: [-10.0, 10.0]
  Outlier removal: top 2.0%
  Parameters: 50,049

Training configuration:
  Boundary points (train): 32,000 -> 80 batches of 400
  Interior points (train): 1,000,000 -> 1000 batches of 1000
  Interior sampling: RE-SAMPLE each epoch
  Boundary points (val): 8,000
  Validation loss: BC only
  Steps per epoch: 1,000
  Total steps: 100,000
  Epochs: 100
  Loss balancing: FixedAlphaSchedule
  LR scheduler: cosine (LR: 1.0e-03 -> 1.0e-05)

/usr/local/lib/python3.12/dist-packages/torch/autograd/graph.py:824: UserWarning: Attempting to run cuBLAS, but there was no current CUDA context! Attempting to set the primary context... (Triggered internally at /opt/pytorch/pytorch/aten/src/ATen/cuda/CublasHandlePool.cpp:181.)
  return Variable._execution_engine.run_backward(  # Calls into the C++ engine to run the backward pass
Epoch   1/100 | Steps:   1000 | α=1e-05 | Loss: 1.2473e-02 | BC: 1.2374e-02 | PDE: 9.9272e+00 | Val: 2.9856e-04 | Test: 4.0784e-03 | LR=1.0e-03 *
Epoch   2/100 | Steps:   2000 | α=1e-05 | Loss: 3.7362e-04 | BC: 3.1701e-04 | PDE: 5.6606e+00 | Val: 5.3649e-04 | Test: 6.2323e-04 | LR=1.0e-03
Epoch   3/100 | Steps:   3000 | α=1e-05 | Loss: 1.6116e-04 | BC: 1.3764e-04 | PDE: 2.3520e+00 | Val: 9.8184e-05 | Test: 1.6133e-04 | LR=1.0e-03 *
Epoch   4/100 | Steps:   4000 | α=1e-05 | Loss: 9.8686e-05 | BC: 9.0129e-05 | PDE: 8.5572e-01 | Val: 8.4334e-05 | Test: 2.2727e-04 | LR=1.0e-03 *
Epoch   5/100 | Steps:   5000 | α=1e-05 | Loss: 7.5648e-05 | BC: 7.1845e-05 | PDE: 3.8030e-01 | Val: 1.7963e-05 | Test: 4.8901e-05 | LR=1.0e-03 *
Epoch   6/100 | Steps:   6000 | α=1e-05 | Loss: 5.8593e-05 | BC: 5.6907e-05 | PDE: 1.6857e-01 | Val: 4.7179e-05 | Test: 2.8994e-05 | LR=9.9e-04
Epoch   7/100 | Steps:   7000 | α=1e-05 | Loss: 5.4456e-05 | BC: 5.3537e-05 | PDE: 9.1880e-02 | Val: 2.0059e-05 | Test: 2.5947e-05 | LR=9.9e-04
Epoch   8/100 | Steps:   8000 | α=1e-05 | Loss: 4.1048e-05 | BC: 4.0469e-05 | PDE: 5.7974e-02 | Val: 5.2739e-06 | Test: 1.5957e-05 | LR=9.9e-04 *
Epoch   9/100 | Steps:   9000 | α=1e-05 | Loss: 3.8414e-05 | BC: 3.7966e-05 | PDE: 4.4880e-02 | Val: 2.0742e-04 | Test: 1.0806e-04 | LR=9.8e-04
Epoch  10/100 | Steps:  10000 | α=1e-05 | Loss: 5.0951e-05 | BC: 5.0346e-05 | PDE: 6.0500e-02 | Val: 4.9662e-05 | Test: 6.0481e-05 | LR=9.8e-04
Epoch  11/100 | Steps:  11000 | α=1e-05 | Loss: 2.6263e-05 | BC: 2.5857e-05 | PDE: 4.0648e-02 | Val: 1.1406e-04 | Test: 9.9154e-05 | LR=9.8e-04
Epoch  12/100 | Steps:  12000 | α=1e-05 | Loss: 2.8093e-05 | BC: 2.7702e-05 | PDE: 3.9117e-02 | Val: 4.1932e-05 | Test: 3.5370e-05 | LR=9.7e-04
Epoch  13/100 | Steps:  13000 | α=1e-05 | Loss: 3.0318e-05 | BC: 2.9812e-05 | PDE: 5.0590e-02 | Val: 2.5350e-07 | Test: 1.5690e-06 | LR=9.7e-04 *
Epoch  14/100 | Steps:  14000 | α=1e-05 | Loss: 3.0008e-05 | BC: 2.9461e-05 | PDE: 5.4637e-02 | Val: 1.4170e-06 | Test: 1.3946e-06 | LR=9.6e-04
Epoch  15/100 | Steps:  15000 | α=1e-05 | Loss: 2.4943e-05 | BC: 2.4427e-05 | PDE: 5.1610e-02 | Val: 5.9274e-07 | Test: 1.6063e-06 | LR=9.5e-04
Epoch  16/100 | Steps:  16000 | α=1e-05 | Loss: 2.2787e-05 | BC: 2.2330e-05 | PDE: 4.5667e-02 | Val: 3.9741e-06 | Test: 4.9299e-06 | LR=9.5e-04
Epoch  17/100 | Steps:  17000 | α=1e-05 | Loss: 2.0151e-05 | BC: 1.9685e-05 | PDE: 4.6590e-02 | Val: 8.9315e-06 | Test: 1.2278e-05 | LR=9.4e-04
Epoch  18/100 | Steps:  18000 | α=1e-05 | Loss: 7.1144e-05 | BC: 6.9187e-05 | PDE: 1.9573e-01 | Val: 9.3078e-06 | Test: 1.4130e-05 | LR=9.3e-04
Epoch  19/100 | Steps:  19000 | α=1e-05 | Loss: 8.6779e-07 | BC: 4.2424e-07 | PDE: 4.4355e-02 | Val: 7.4014e-08 | Test: 1.5819e-06 | LR=9.2e-04 *
Epoch  20/100 | Steps:  20000 | α=1e-05 | Loss: 1.7774e-05 | BC: 1.7164e-05 | PDE: 6.0999e-02 | Val: 3.8435e-06 | Test: 5.1737e-06 | LR=9.1e-04
Epoch  21/100 | Steps:  21000 | α=1e-05 | Loss: 2.4956e-05 | BC: 2.4389e-05 | PDE: 5.6700e-02 | Val: 1.6628e-05 | Test: 1.5450e-05 | LR=9.1e-04
Epoch  22/100 | Steps:  22000 | α=1e-05 | Loss: 1.5946e-05 | BC: 1.5419e-05 | PDE: 5.2621e-02 | Val: 1.7842e-06 | Test: 3.5584e-06 | LR=9.0e-04
Epoch  23/100 | Steps:  23000 | α=1e-05 | Loss: 2.1471e-05 | BC: 2.0899e-05 | PDE: 5.7161e-02 | Val: 8.2814e-05 | Test: 4.6991e-05 | LR=8.9e-04
Epoch  24/100 | Steps:  24000 | α=1e-05 | Loss: 6.2132e-06 | BC: 5.8147e-06 | PDE: 3.9843e-02 | Val: 8.6896e-05 | Test: 7.9778e-05 | LR=8.8e-04
Epoch  25/100 | Steps:  25000 | α=1e-05 | Loss: 1.5327e-05 | BC: 1.4913e-05 | PDE: 4.1375e-02 | Val: 4.1674e-06 | Test: 4.7552e-06 | LR=8.7e-04
Epoch  26/100 | Steps:  26000 | α=1e-05 | Loss: 1.1632e-05 | BC: 1.1258e-05 | PDE: 3.7375e-02 | Val: 7.4590e-05 | Test: 1.0131e-04 | LR=8.6e-04
Epoch  27/100 | Steps:  27000 | α=1e-05 | Loss: 1.2093e-05 | BC: 1.1741e-05 | PDE: 3.5183e-02 | Val: 2.1504e-07 | Test: 4.1249e-06 | LR=8.4e-04
Epoch  28/100 | Steps:  28000 | α=1e-05 | Loss: 2.4474e-05 | BC: 2.3708e-05 | PDE: 7.6568e-02 | Val: 4.5750e-07 | Test: 3.4886e-06 | LR=8.3e-04
Epoch  29/100 | Steps:  29000 | α=1e-05 | Loss: 5.7209e-06 | BC: 5.5056e-06 | PDE: 2.1529e-02 | Val: 8.6879e-06 | Test: 1.2715e-05 | LR=8.2e-04
Epoch  30/100 | Steps:  30000 | α=1e-05 | Loss: 1.0377e-05 | BC: 1.0039e-05 | PDE: 3.3781e-02 | Val: 1.3634e-07 | Test: 2.9891e-06 | LR=8.1e-04
Epoch  31/100 | Steps:  31000 | α=1e-05 | Loss: 2.0642e-05 | BC: 2.0006e-05 | PDE: 6.3586e-02 | Val: 2.5720e-07 | Test: 3.8556e-06 | LR=8.0e-04
Epoch  32/100 | Steps:  32000 | α=1e-05 | Loss: 4.9448e-06 | BC: 4.7424e-06 | PDE: 2.0233e-02 | Val: 2.9081e-07 | Test: 3.2577e-06 | LR=7.8e-04
Epoch  33/100 | Steps:  33000 | α=1e-05 | Loss: 1.3772e-05 | BC: 1.3349e-05 | PDE: 4.2249e-02 | Val: 2.0098e-06 | Test: 2.4584e-06 | LR=7.7e-04
Epoch  34/100 | Steps:  34000 | α=1e-05 | Loss: 7.9446e-06 | BC: 7.6328e-06 | PDE: 3.1183e-02 | Val: 1.3483e-04 | Test: 1.7540e-04 | LR=7.6e-04
Epoch  35/100 | Steps:  35000 | α=1e-05 | Loss: 8.3646e-06 | BC: 7.9984e-06 | PDE: 3.6616e-02 | Val: 9.6960e-07 | Test: 3.7813e-06 | LR=7.4e-04
Epoch  36/100 | Steps:  36000 | α=1e-05 | Loss: 1.2270e-05 | BC: 1.1849e-05 | PDE: 4.2158e-02 | Val: 9.9673e-07 | Test: 4.4597e-06 | LR=7.3e-04
Epoch  37/100 | Steps:  37000 | α=1e-05 | Loss: 6.6196e-06 | BC: 6.3193e-06 | PDE: 3.0032e-02 | Val: 8.5395e-08 | Test: 3.2816e-06 | LR=7.2e-04
Epoch  38/100 | Steps:  38000 | α=1e-05 | Loss: 1.0954e-05 | BC: 1.0524e-05 | PDE: 4.2996e-02 | Val: 6.1127e-08 | Test: 3.3623e-06 | LR=7.0e-04 *
Epoch  39/100 | Steps:  39000 | α=1e-05 | Loss: 4.2075e-06 | BC: 4.0117e-06 | PDE: 1.9577e-02 | Val: 8.5714e-08 | Test: 3.0991e-06 | LR=6.9e-04
Epoch  40/100 | Steps:  40000 | α=1e-05 | Loss: 1.5573e-05 | BC: 1.4964e-05 | PDE: 6.0878e-02 | Val: 3.0143e-08 | Test: 3.3816e-06 | LR=6.7e-04 *
Epoch  41/100 | Steps:  41000 | α=1e-05 | Loss: 2.7208e-06 | BC: 2.5715e-06 | PDE: 1.4929e-02 | Val: 1.8451e-05 | Test: 2.6311e-05 | LR=6.6e-04
Epoch  42/100 | Steps:  42000 | α=1e-05 | Loss: 7.0483e-06 | BC: 6.7568e-06 | PDE: 2.9145e-02 | Val: 2.2833e-07 | Test: 3.1075e-06 | LR=6.4e-04
Epoch  43/100 | Steps:  43000 | α=1e-05 | Loss: 4.5140e-06 | BC: 4.2696e-06 | PDE: 2.4440e-02 | Val: 3.1511e-06 | Test: 5.5194e-06 | LR=6.3e-04
Epoch  44/100 | Steps:  44000 | α=1e-05 | Loss: 5.7598e-06 | BC: 5.4878e-06 | PDE: 2.7205e-02 | Val: 6.7233e-07 | Test: 3.2573e-06 | LR=6.1e-04
Epoch  45/100 | Steps:  45000 | α=1e-05 | Loss: 4.6117e-06 | BC: 4.3650e-06 | PDE: 2.4666e-02 | Val: 3.3514e-06 | Test: 8.9377e-06 | LR=6.0e-04
Epoch  46/100 | Steps:  46000 | α=1e-05 | Loss: 5.0245e-06 | BC: 4.7653e-06 | PDE: 2.5916e-02 | Val: 2.1124e-06 | Test: 4.8087e-06 | LR=5.8e-04
Epoch  47/100 | Steps:  47000 | α=1e-05 | Loss: 6.9865e-06 | BC: 6.6777e-06 | PDE: 3.0881e-02 | Val: 2.9365e-07 | Test: 3.3162e-06 | LR=5.7e-04
Epoch  48/100 | Steps:  48000 | α=1e-05 | Loss: 5.0593e-06 | BC: 4.7870e-06 | PDE: 2.7230e-02 | Val: 2.0167e-07 | Test: 2.9877e-06 | LR=5.5e-04
Epoch  49/100 | Steps:  49000 | α=1e-05 | Loss: 3.5673e-06 | BC: 3.3795e-06 | PDE: 1.8777e-02 | Val: 1.1148e-06 | Test: 4.7777e-06 | LR=5.4e-04
Epoch  50/100 | Steps:  50000 | α=1e-05 | Loss: 4.4299e-06 | BC: 4.1909e-06 | PDE: 2.3904e-02 | Val: 6.4217e-08 | Test: 2.6314e-06 | LR=5.2e-04
Epoch  51/100 | Steps:  51000 | α=1e-05 | Loss: 2.6869e-06 | BC: 2.5199e-06 | PDE: 1.6696e-02 | Val: 2.7123e-07 | Test: 3.2871e-06 | LR=5.1e-04
Epoch  52/100 | Steps:  52000 | α=1e-05 | Loss: 3.7095e-06 | BC: 3.5241e-06 | PDE: 1.8541e-02 | Val: 7.3390e-08 | Test: 2.9456e-06 | LR=4.9e-04
Epoch  53/100 | Steps:  53000 | α=1e-05 | Loss: 3.8860e-06 | BC: 3.6765e-06 | PDE: 2.0955e-02 | Val: 2.3616e-06 | Test: 4.7537e-06 | LR=4.7e-04
Epoch  54/100 | Steps:  54000 | α=1e-05 | Loss: 3.1147e-06 | BC: 2.9522e-06 | PDE: 1.6246e-02 | Val: 3.6860e-08 | Test: 2.9921e-06 | LR=4.6e-04
Epoch  55/100 | Steps:  55000 | α=1e-05 | Loss: 2.1914e-06 | BC: 2.0550e-06 | PDE: 1.3634e-02 | Val: 2.8613e-06 | Test: 5.2139e-06 | LR=4.4e-04
Epoch  56/100 | Steps:  56000 | α=1e-05 | Loss: 2.1821e-06 | BC: 2.0475e-06 | PDE: 1.3461e-02 | Val: 1.4512e-07 | Test: 3.0915e-06 | LR=4.3e-04
Epoch  57/100 | Steps:  57000 | α=1e-05 | Loss: 2.3719e-06 | BC: 2.2175e-06 | PDE: 1.5445e-02 | Val: 2.6170e-07 | Test: 2.9482e-06 | LR=4.1e-04
Epoch  58/100 | Steps:  58000 | α=1e-05 | Loss: 2.4871e-06 | BC: 2.3500e-06 | PDE: 1.3708e-02 | Val: 1.1388e-07 | Test: 2.9451e-06 | LR=4.0e-04
Epoch  59/100 | Steps:  59000 | α=1e-05 | Loss: 1.6659e-06 | BC: 1.5632e-06 | PDE: 1.0272e-02 | Val: 1.9906e-06 | Test: 2.2344e-06 | LR=3.8e-04
Epoch  60/100 | Steps:  60000 | α=1e-05 | Loss: 2.6325e-06 | BC: 2.4852e-06 | PDE: 1.4728e-02 | Val: 2.1570e-08 | Test: 2.5595e-06 | LR=3.7e-04 *
Epoch  61/100 | Steps:  61000 | α=1e-05 | Loss: 1.3922e-06 | BC: 1.3140e-06 | PDE: 7.8200e-03 | Val: 3.6937e-07 | Test: 2.8765e-06 | LR=3.5e-04
Epoch  62/100 | Steps:  62000 | α=1e-05 | Loss: 1.5975e-06 | BC: 1.5086e-06 | PDE: 8.8924e-03 | Val: 1.3294e-06 | Test: 2.2963e-06 | LR=3.4e-04
Epoch  63/100 | Steps:  63000 | α=1e-05 | Loss: 1.4616e-06 | BC: 1.3707e-06 | PDE: 9.0976e-03 | Val: 4.4618e-06 | Test: 7.8785e-06 | LR=3.2e-04
Epoch  64/100 | Steps:  64000 | α=1e-05 | Loss: 1.1721e-06 | BC: 1.0901e-06 | PDE: 8.1944e-03 | Val: 9.7254e-07 | Test: 3.8311e-06 | LR=3.1e-04
Epoch  65/100 | Steps:  65000 | α=1e-05 | Loss: 1.3249e-06 | BC: 1.2404e-06 | PDE: 8.4550e-03 | Val: 9.1732e-08 | Test: 2.5381e-06 | LR=2.9e-04
Epoch  66/100 | Steps:  66000 | α=1e-05 | Loss: 9.9126e-07 | BC: 9.2654e-07 | PDE: 6.4722e-03 | Val: 8.1503e-08 | Test: 2.6892e-06 | LR=2.8e-04
Epoch  67/100 | Steps:  67000 | α=1e-05 | Loss: 1.0013e-06 | BC: 9.3443e-07 | PDE: 6.6852e-03 | Val: 1.1135e-07 | Test: 2.4715e-06 | LR=2.7e-04
Epoch  68/100 | Steps:  68000 | α=1e-05 | Loss: 7.6056e-07 | BC: 7.0489e-07 | PDE: 5.5676e-03 | Val: 9.2898e-08 | Test: 2.2963e-06 | LR=2.5e-04
Epoch  69/100 | Steps:  69000 | α=1e-05 | Loss: 1.4409e-06 | BC: 1.3725e-06 | PDE: 6.8335e-03 | Val: 3.7801e-08 | Test: 2.4512e-06 | LR=2.4e-04
Epoch  70/100 | Steps:  70000 | α=1e-05 | Loss: 5.5727e-07 | BC: 5.1805e-07 | PDE: 3.9221e-03 | Val: 1.0037e-05 | Test: 1.5169e-05 | LR=2.3e-04
Epoch  71/100 | Steps:  71000 | α=1e-05 | Loss: 8.2191e-07 | BC: 7.6915e-07 | PDE: 5.2755e-03 | Val: 1.3532e-08 | Test: 2.3055e-06 | LR=2.1e-04 *
Epoch  72/100 | Steps:  72000 | α=1e-05 | Loss: 4.1995e-07 | BC: 3.8553e-07 | PDE: 3.4429e-03 | Val: 1.2612e-06 | Test: 4.3204e-06 | LR=2.0e-04
Epoch  73/100 | Steps:  73000 | α=1e-05 | Loss: 4.2405e-07 | BC: 3.8773e-07 | PDE: 3.6321e-03 | Val: 4.7961e-07 | Test: 2.7757e-06 | LR=1.9e-04
Epoch  74/100 | Steps:  74000 | α=1e-05 | Loss: 5.5095e-07 | BC: 5.0325e-07 | PDE: 4.7694e-03 | Val: 1.0822e-08 | Test: 2.1126e-06 | LR=1.8e-04 *
Epoch  75/100 | Steps:  75000 | α=1e-05 | Loss: 3.6996e-07 | BC: 3.3872e-07 | PDE: 3.1239e-03 | Val: 7.4804e-08 | Test: 2.0023e-06 | LR=1.7e-04
Epoch  76/100 | Steps:  76000 | α=1e-05 | Loss: 2.8996e-07 | BC: 2.6370e-07 | PDE: 2.6256e-03 | Val: 1.3178e-08 | Test: 2.0970e-06 | LR=1.5e-04
Epoch  77/100 | Steps:  77000 | α=1e-05 | Loss: 3.6786e-07 | BC: 3.3486e-07 | PDE: 3.3003e-03 | Val: 2.1858e-07 | Test: 2.2949e-06 | LR=1.4e-04
Epoch  78/100 | Steps:  78000 | α=1e-05 | Loss: 2.2234e-07 | BC: 2.0023e-07 | PDE: 2.2114e-03 | Val: 1.0251e-06 | Test: 1.9995e-06 | LR=1.3e-04
Epoch  79/100 | Steps:  79000 | α=1e-05 | Loss: 2.1135e-07 | BC: 1.8582e-07 | PDE: 2.5528e-03 | Val: 1.3149e-07 | Test: 2.3559e-06 | LR=1.2e-04
Epoch  80/100 | Steps:  80000 | α=1e-05 | Loss: 1.9872e-07 | BC: 1.7793e-07 | PDE: 2.0789e-03 | Val: 1.3728e-08 | Test: 2.0178e-06 | LR=1.1e-04
Epoch  81/100 | Steps:  81000 | α=1e-05 | Loss: 1.5516e-07 | BC: 1.3690e-07 | PDE: 1.8256e-03 | Val: 8.4055e-08 | Test: 1.9113e-06 | LR=1.0e-04
Epoch  82/100 | Steps:  82000 | α=1e-05 | Loss: 1.4707e-07 | BC: 1.2810e-07 | PDE: 1.8969e-03 | Val: 3.0082e-08 | Test: 2.0556e-06 | LR=9.6e-05
Epoch  83/100 | Steps:  83000 | α=1e-05 | Loss: 8.7205e-08 | BC: 7.1360e-08 | PDE: 1.5845e-03 | Val: 1.0345e-08 | Test: 1.9130e-06 | LR=8.7e-05 *
Epoch  84/100 | Steps:  84000 | α=1e-05 | Loss: 9.2136e-08 | BC: 7.6598e-08 | PDE: 1.5538e-03 | Val: 2.9712e-08 | Test: 1.8269e-06 | LR=7.9e-05
Epoch  85/100 | Steps:  85000 | α=1e-05 | Loss: 8.5396e-08 | BC: 7.1354e-08 | PDE: 1.4042e-03 | Val: 1.4942e-07 | Test: 2.1014e-06 | LR=7.1e-05
Epoch  86/100 | Steps:  86000 | α=1e-05 | Loss: 7.0569e-08 | BC: 5.8227e-08 | PDE: 1.2342e-03 | Val: 1.0599e-08 | Test: 1.8806e-06 | LR=6.4e-05
Epoch  87/100 | Steps:  87000 | α=1e-05 | Loss: 5.5782e-08 | BC: 4.3620e-08 | PDE: 1.2162e-03 | Val: 2.0314e-08 | Test: 1.9241e-06 | LR=5.7e-05
Epoch  88/100 | Steps:  88000 | α=1e-05 | Loss: 4.6136e-08 | BC: 3.4553e-08 | PDE: 1.1582e-03 | Val: 7.7761e-08 | Test: 1.7612e-06 | LR=5.1e-05
Epoch  89/100 | Steps:  89000 | α=1e-05 | Loss: 4.0198e-08 | BC: 2.8055e-08 | PDE: 1.2143e-03 | Val: 3.8807e-08 | Test: 1.7752e-06 | LR=4.5e-05
Epoch  90/100 | Steps:  90000 | α=1e-05 | Loss: 3.2725e-08 | BC: 2.2984e-08 | PDE: 9.7401e-04 | Val: 1.5703e-08 | Test: 1.8522e-06 | LR=3.9e-05
Epoch  91/100 | Steps:  91000 | α=1e-05 | Loss: 2.7360e-08 | BC: 1.8032e-08 | PDE: 9.3275e-04 | Val: 7.3093e-08 | Test: 2.0092e-06 | LR=3.4e-05
Epoch  92/100 | Steps:  92000 | α=1e-05 | Loss: 2.3729e-08 | BC: 1.5233e-08 | PDE: 8.4966e-04 | Val: 6.4420e-09 | Test: 1.7476e-06 | LR=3.0e-05 *
Epoch  93/100 | Steps:  93000 | α=1e-05 | Loss: 2.2080e-08 | BC: 1.3520e-08 | PDE: 8.5598e-04 | Val: 1.5188e-08 | Test: 1.6691e-06 | LR=2.6e-05
Epoch  94/100 | Steps:  94000 | α=1e-05 | Loss: 1.9227e-08 | BC: 1.1228e-08 | PDE: 7.9996e-04 | Val: 8.0604e-08 | Test: 1.7242e-06 | LR=2.2e-05
Epoch  95/100 | Steps:  95000 | α=1e-05 | Loss: 1.4610e-08 | BC: 6.7443e-09 | PDE: 7.8659e-04 | Val: 6.6090e-09 | Test: 1.7033e-06 | LR=1.9e-05
Epoch  96/100 | Steps:  96000 | α=1e-05 | Loss: 1.4531e-08 | BC: 7.0059e-09 | PDE: 7.5256e-04 | Val: 6.2230e-09 | Test: 1.7136e-06 | LR=1.6e-05 *
Epoch  97/100 | Steps:  97000 | α=1e-05 | Loss: 1.4182e-08 | BC: 6.7791e-09 | PDE: 7.4027e-04 | Val: 8.6422e-09 | Test: 1.6772e-06 | LR=1.4e-05
Epoch  98/100 | Steps:  98000 | α=1e-05 | Loss: 1.2920e-08 | BC: 5.9777e-09 | PDE: 6.9419e-04 | Val: 8.8530e-09 | Test: 1.6553e-06 | LR=1.2e-05
Epoch  99/100 | Steps:  99000 | α=1e-05 | Loss: 1.3057e-08 | BC: 5.3198e-09 | PDE: 7.7367e-04 | Val: 5.9783e-09 | Test: 1.6675e-06 | LR=1.1e-05 *
Epoch 100/100 | Steps: 100000 | α=1e-05 | Loss: 1.1826e-08 | BC: 5.1316e-09 | PDE: 6.6944e-04 | Val: 7.0109e-09 | Test: 1.6560e-06 | LR=1.0e-05

Restored best model from epoch 99 (val_loss: 5.9783e-09, test_loss: 1.6675e-06)
Best checkpoint saved to: outputs/expr_6_2/arctan/alpha1e-5/checkpoints/best_model.pt
Final checkpoint saved to: outputs/expr_6_2/arctan/alpha1e-5/checkpoints/final_model.pt
Training completed in 1073.63s (100,000 total steps)

Final Test MSE: 1.6560e-06
Inference (per point): 7.7765e-05s | (full domain): 7.6122e-05s
Saved plot to outputs/expr_6_2/arctan/alpha1e-5/plots/results.png
