
============================================================
p-Laplacian Aronsson Example
============================================================

Generated full domain data:
  Boundary points: 40,000
  Interior points: 1,000,000
  Test points: 10,000
Re-sampling enabled: ~1,000,000 interior points per epoch

Splitting data: 80% train, 20% validation
  BC: 32,000 train, 8,000 val
  Interior: 800,000 train, 200,000 val

Loading checkpoint: outputs/expr_7_2_iter/p25to100_square/fewer_bands/checkpoints/best_model_p100.pt

Model: PLaplacianPINN on Square [-1,1]²
  Hidden layers: [128, 128, 128, 128], activation: tanh
  η=1e-05, clip_residual=100.0, clip_grad_norm=1.0
  Outlier removal: top 2.0%
  Parameters: 50,049

Iterative Training Schedule:
  p values: [150, 200, 300, 400, 500, 600, 700, 800, 900, 1000]
  Epochs per p: 20


============================================================
Stage 1/10: Training with p=150
============================================================

Training configuration:
  Boundary points (train): 32,000 -> 80 batches of 400
  Interior points (train): 1,000,000 -> 1000 batches of 1000
  Interior sampling: RE-SAMPLE each epoch
  Boundary points (val): 8,000
  Validation loss: BC only
  Steps per epoch: 1,000
  Total steps: 20,000
  Epochs: 20
  Loss balancing: FixedAlphaSchedule
  LR scheduler: None (constant LR=1.0e-05)

/usr/local/lib/python3.12/dist-packages/torch/autograd/graph.py:824: UserWarning: Attempting to run cuBLAS, but there was no current CUDA context! Attempting to set the primary context... (Triggered internally at /opt/pytorch/pytorch/aten/src/ATen/cuda/CublasHandlePool.cpp:181.)
  return Variable._execution_engine.run_backward(  # Calls into the C++ engine to run the backward pass
Epoch   1/20 | Steps:   1000 | α=1e-04 | Loss: 2.8423e-05 | BC: 5.4011e-06 | PDE: 2.3021e-01 | Val: 3.7291e-06 | Test: 2.6917e-06 |  *
Epoch   2/20 | Steps:   2000 | α=1e-04 | Loss: 2.2522e-05 | BC: 4.1194e-06 | PDE: 1.8403e-01 | Val: 3.5679e-06 | Test: 3.0026e-06 |  *
Epoch   3/20 | Steps:   3000 | α=1e-04 | Loss: 2.3764e-05 | BC: 3.6905e-06 | PDE: 2.0073e-01 | Val: 2.6200e-06 | Test: 2.5013e-06 |  *
Epoch   4/20 | Steps:   4000 | α=1e-04 | Loss: 2.1317e-05 | BC: 3.2191e-06 | PDE: 1.8098e-01 | Val: 2.5083e-06 | Test: 2.5222e-06 |  *
Epoch   5/20 | Steps:   5000 | α=1e-04 | Loss: 2.1592e-05 | BC: 3.3198e-06 | PDE: 1.8273e-01 | Val: 2.4950e-06 | Test: 2.6923e-06 |  *
Epoch   6/20 | Steps:   6000 | α=1e-04 | Loss: 2.0513e-05 | BC: 2.9485e-06 | PDE: 1.7564e-01 | Val: 4.6624e-06 | Test: 3.8268e-06 | 
Epoch   7/20 | Steps:   7000 | α=1e-04 | Loss: 2.2297e-05 | BC: 3.0091e-06 | PDE: 1.9288e-01 | Val: 2.2038e-06 | Test: 2.5073e-06 |  *
Epoch   8/20 | Steps:   8000 | α=1e-04 | Loss: 2.3724e-05 | BC: 3.1164e-06 | PDE: 2.0608e-01 | Val: 6.4726e-06 | Test: 5.7735e-06 | 
Epoch   9/20 | Steps:   9000 | α=1e-04 | Loss: 1.8715e-05 | BC: 2.5611e-06 | PDE: 1.6154e-01 | Val: 1.9797e-06 | Test: 2.4347e-06 |  *
Epoch  10/20 | Steps:  10000 | α=1e-04 | Loss: 1.8609e-05 | BC: 2.2285e-06 | PDE: 1.6380e-01 | Val: 2.2522e-06 | Test: 3.0558e-06 | 
Epoch  11/20 | Steps:  11000 | α=1e-04 | Loss: 1.8828e-05 | BC: 2.2000e-06 | PDE: 1.6628e-01 | Val: 1.4614e-06 | Test: 2.2727e-06 |  *
Epoch  12/20 | Steps:  12000 | α=1e-04 | Loss: 1.9804e-05 | BC: 2.3947e-06 | PDE: 1.7409e-01 | Val: 1.8872e-06 | Test: 2.6301e-06 | 
Epoch  13/20 | Steps:  13000 | α=1e-04 | Loss: 1.6307e-05 | BC: 1.7648e-06 | PDE: 1.4542e-01 | Val: 4.5711e-06 | Test: 4.4844e-06 | 
Epoch  14/20 | Steps:  14000 | α=1e-04 | Loss: 2.0611e-05 | BC: 2.4092e-06 | PDE: 1.8202e-01 | Val: 5.5020e-06 | Test: 4.8106e-06 | 
Epoch  15/20 | Steps:  15000 | α=1e-04 | Loss: 1.8471e-05 | BC: 2.0888e-06 | PDE: 1.6382e-01 | Val: 1.1704e-06 | Test: 2.2930e-06 |  *
Epoch  16/20 | Steps:  16000 | α=1e-04 | Loss: 1.7269e-05 | BC: 1.6752e-06 | PDE: 1.5594e-01 | Val: 1.5707e-06 | Test: 2.6482e-06 | 
Epoch  17/20 | Steps:  17000 | α=1e-04 | Loss: 1.5798e-05 | BC: 1.5571e-06 | PDE: 1.4241e-01 | Val: 1.2213e-06 | Test: 2.5531e-06 | 
Epoch  18/20 | Steps:  18000 | α=1e-04 | Loss: 1.7606e-05 | BC: 1.9036e-06 | PDE: 1.5702e-01 | Val: 3.3485e-06 | Test: 4.2687e-06 | 
Epoch  19/20 | Steps:  19000 | α=1e-04 | Loss: 1.6383e-05 | BC: 1.5914e-06 | PDE: 1.4791e-01 | Val: 2.5145e-06 | Test: 3.4677e-06 | 
Epoch  20/20 | Steps:  20000 | α=1e-04 | Loss: 1.7456e-05 | BC: 1.7929e-06 | PDE: 1.5663e-01 | Val: 1.1138e-06 | Test: 2.4970e-06 |  *

Restored best model from epoch 20 (val_loss: 1.1138e-06, test_loss: 2.4970e-06)
Best checkpoint saved to: outputs/expr_7_2_iter/p150to1000_square/fewer_bands/checkpoints/best_model.pt
Final checkpoint saved to: outputs/expr_7_2_iter/p150to1000_square/fewer_bands/checkpoints/final_model.pt
Training completed in 188.34s (20,000 total steps)
  Stage 1 (p=150) PDE diagnostics:
    p-Lap (p=150) raw:        inf
    p-Lap (p=150) normalized: 3.8104e-03
    Inf-Lap raw:              2.6331e-03
    Inf-Lap normalized:       5.5283e-03

============================================================
Stage 2/10: Training with p=200
============================================================

Training configuration:
  Boundary points (train): 32,000 -> 80 batches of 400
  Interior points (train): 1,000,000 -> 1000 batches of 1000
  Interior sampling: RE-SAMPLE each epoch
  Boundary points (val): 8,000
  Validation loss: BC only
  Steps per epoch: 1,000
  Total steps: 20,000
  Epochs: 20
  Loss balancing: FixedAlphaSchedule
  LR scheduler: None (constant LR=1.0e-05)

Epoch   1/20 | Steps:   1000 | α=1e-04 | Loss: 3.4559e-05 | BC: 2.5010e-06 | PDE: 3.2058e-01 | Val: 2.4239e-06 | Test: 3.2124e-06 |  *
Epoch   2/20 | Steps:   2000 | α=1e-04 | Loss: 3.1765e-05 | BC: 2.3071e-06 | PDE: 2.9458e-01 | Val: 1.2548e-06 | Test: 2.1492e-06 |  *
Epoch   3/20 | Steps:   3000 | α=1e-04 | Loss: 3.1899e-05 | BC: 2.1792e-06 | PDE: 2.9720e-01 | Val: 1.2337e-06 | Test: 2.0932e-06 |  *
Epoch   4/20 | Steps:   4000 | α=1e-04 | Loss: 3.4911e-05 | BC: 2.4580e-06 | PDE: 3.2453e-01 | Val: 3.6942e-06 | Test: 4.6673e-06 | 
Epoch   5/20 | Steps:   5000 | α=1e-04 | Loss: 3.1708e-05 | BC: 2.1491e-06 | PDE: 2.9559e-01 | Val: 1.5133e-06 | Test: 2.4757e-06 | 
Epoch   6/20 | Steps:   6000 | α=1e-04 | Loss: 2.7941e-05 | BC: 1.8612e-06 | PDE: 2.6080e-01 | Val: 1.2494e-06 | Test: 2.1588e-06 | 
Epoch   7/20 | Steps:   7000 | α=1e-04 | Loss: 2.8339e-05 | BC: 1.8734e-06 | PDE: 2.6465e-01 | Val: 1.0324e-06 | Test: 2.0096e-06 |  *
Epoch   8/20 | Steps:   8000 | α=1e-04 | Loss: 3.1556e-05 | BC: 2.0127e-06 | PDE: 2.9543e-01 | Val: 1.1001e-05 | Test: 8.7859e-06 | 
Epoch   9/20 | Steps:   9000 | α=1e-04 | Loss: 3.4358e-05 | BC: 2.7111e-06 | PDE: 3.1647e-01 | Val: 1.4330e-06 | Test: 2.6176e-06 | 
Epoch  10/20 | Steps:  10000 | α=1e-04 | Loss: 2.5382e-05 | BC: 1.6221e-06 | PDE: 2.3760e-01 | Val: 1.1891e-06 | Test: 2.3587e-06 | 
Epoch  11/20 | Steps:  11000 | α=1e-04 | Loss: 3.2812e-05 | BC: 2.4486e-06 | PDE: 3.0363e-01 | Val: 1.0129e-06 | Test: 2.0852e-06 |  *
Epoch  12/20 | Steps:  12000 | α=1e-04 | Loss: 3.1291e-05 | BC: 2.2537e-06 | PDE: 2.9037e-01 | Val: 2.5214e-06 | Test: 3.3590e-06 | 
Epoch  13/20 | Steps:  13000 | α=1e-04 | Loss: 2.7903e-05 | BC: 1.8380e-06 | PDE: 2.6065e-01 | Val: 2.1101e-06 | Test: 2.7698e-06 | 
Epoch  14/20 | Steps:  14000 | α=1e-04 | Loss: 2.9232e-05 | BC: 1.9723e-06 | PDE: 2.7259e-01 | Val: 1.2192e-06 | Test: 2.1422e-06 | 
Epoch  15/20 | Steps:  15000 | α=1e-04 | Loss: 2.9904e-05 | BC: 2.1077e-06 | PDE: 2.7797e-01 | Val: 1.3097e-06 | Test: 2.5493e-06 | 
Epoch  16/20 | Steps:  16000 | α=1e-04 | Loss: 2.7489e-05 | BC: 1.6980e-06 | PDE: 2.5791e-01 | Val: 9.6553e-07 | Test: 2.1012e-06 |  *
Epoch  17/20 | Steps:  17000 | α=1e-04 | Loss: 3.1102e-05 | BC: 2.4707e-06 | PDE: 2.8632e-01 | Val: 6.3941e-06 | Test: 6.0845e-06 | 
Epoch  18/20 | Steps:  18000 | α=1e-04 | Loss: 2.9691e-05 | BC: 2.0921e-06 | PDE: 2.7599e-01 | Val: 3.3978e-06 | Test: 4.0412e-06 | 
Epoch  19/20 | Steps:  19000 | α=1e-04 | Loss: 3.0746e-05 | BC: 2.4472e-06 | PDE: 2.8299e-01 | Val: 7.0518e-06 | Test: 6.7123e-06 | 
Epoch  20/20 | Steps:  20000 | α=1e-04 | Loss: 2.7345e-05 | BC: 1.8004e-06 | PDE: 2.5544e-01 | Val: 3.6116e-06 | Test: 3.5672e-06 | 

Restored best model from epoch 16 (val_loss: 9.6553e-07, test_loss: 2.1012e-06)
Best checkpoint saved to: outputs/expr_7_2_iter/p150to1000_square/fewer_bands/checkpoints/best_model.pt
Final checkpoint saved to: outputs/expr_7_2_iter/p150to1000_square/fewer_bands/checkpoints/final_model.pt
Training completed in 166.47s (20,000 total steps)
  Stage 2 (p=200) PDE diagnostics:
    p-Lap (p=200) raw:        inf
    p-Lap (p=200) normalized: 3.2911e-03
    Inf-Lap raw:              2.0352e-03
    Inf-Lap normalized:       4.4453e-03

============================================================
Stage 3/10: Training with p=300
============================================================

Training configuration:
  Boundary points (train): 32,000 -> 80 batches of 400
  Interior points (train): 1,000,000 -> 1000 batches of 1000
  Interior sampling: RE-SAMPLE each epoch
  Boundary points (val): 8,000
  Validation loss: BC only
  Steps per epoch: 1,000
  Total steps: 20,000
  Epochs: 20
  Loss balancing: FixedAlphaSchedule
  LR scheduler: None (constant LR=1.0e-05)

Epoch   1/20 | Steps:   1000 | α=1e-04 | Loss: 6.5299e-05 | BC: 2.4257e-06 | PDE: 6.2874e-01 | Val: 2.1139e-06 | Test: 2.3922e-06 |  *
Epoch   2/20 | Steps:   2000 | α=1e-04 | Loss: 6.7823e-05 | BC: 2.9500e-06 | PDE: 6.4873e-01 | Val: 2.9933e-06 | Test: 2.9457e-06 | 
Epoch   3/20 | Steps:   3000 | α=1e-04 | Loss: 6.5114e-05 | BC: 2.9401e-06 | PDE: 6.2174e-01 | Val: 1.4013e-06 | Test: 1.9029e-06 |  *
Epoch   4/20 | Steps:   4000 | α=1e-04 | Loss: 7.1126e-05 | BC: 3.2975e-06 | PDE: 6.7829e-01 | Val: 1.1124e-06 | Test: 1.8880e-06 |  *
Epoch   5/20 | Steps:   5000 | α=1e-04 | Loss: 5.4639e-05 | BC: 2.2759e-06 | PDE: 5.2363e-01 | Val: 1.0430e-06 | Test: 1.6791e-06 |  *
Epoch   6/20 | Steps:   6000 | α=1e-04 | Loss: 6.9234e-05 | BC: 3.0085e-06 | PDE: 6.6225e-01 | Val: 1.3001e-06 | Test: 1.9155e-06 | 
Epoch   7/20 | Steps:   7000 | α=1e-04 | Loss: 6.6133e-05 | BC: 2.7245e-06 | PDE: 6.3409e-01 | Val: 1.1300e-06 | Test: 1.9369e-06 | 
Epoch   8/20 | Steps:   8000 | α=1e-04 | Loss: 6.8560e-05 | BC: 3.0121e-06 | PDE: 6.5548e-01 | Val: 7.7652e-06 | Test: 6.2810e-06 | 
Epoch   9/20 | Steps:   9000 | α=1e-04 | Loss: 6.4405e-05 | BC: 2.6034e-06 | PDE: 6.1801e-01 | Val: 4.2650e-06 | Test: 4.1145e-06 | 
Epoch  10/20 | Steps:  10000 | α=1e-04 | Loss: 6.3649e-05 | BC: 2.8696e-06 | PDE: 6.0780e-01 | Val: 1.9941e-06 | Test: 2.5498e-06 | 
Epoch  11/20 | Steps:  11000 | α=1e-04 | Loss: 6.9017e-05 | BC: 3.1550e-06 | PDE: 6.5862e-01 | Val: 2.7867e-06 | Test: 2.9471e-06 | 
Epoch  12/20 | Steps:  12000 | α=1e-04 | Loss: 5.7914e-05 | BC: 2.4944e-06 | PDE: 5.5420e-01 | Val: 6.4825e-06 | Test: 5.9246e-06 | 
Epoch  13/20 | Steps:  13000 | α=1e-04 | Loss: 6.0581e-05 | BC: 3.4829e-06 | PDE: 5.7098e-01 | Val: 5.5649e-06 | Test: 5.3468e-06 | 
Epoch  14/20 | Steps:  14000 | α=1e-04 | Loss: 6.3707e-05 | BC: 2.9477e-06 | PDE: 6.0759e-01 | Val: 1.7682e-06 | Test: 2.1847e-06 | 
Epoch  15/20 | Steps:  15000 | α=1e-04 | Loss: 5.8513e-05 | BC: 2.7032e-06 | PDE: 5.5810e-01 | Val: 1.3181e-06 | Test: 2.0484e-06 | 
Epoch  16/20 | Steps:  16000 | α=1e-04 | Loss: 5.5903e-05 | BC: 2.4169e-06 | PDE: 5.3486e-01 | Val: 2.7494e-06 | Test: 3.4380e-06 | 
Epoch  17/20 | Steps:  17000 | α=1e-04 | Loss: 5.4983e-05 | BC: 2.3126e-06 | PDE: 5.2671e-01 | Val: 4.2550e-06 | Test: 4.6608e-06 | 
Epoch  18/20 | Steps:  18000 | α=1e-04 | Loss: 5.3404e-05 | BC: 2.5970e-06 | PDE: 5.0807e-01 | Val: 9.2921e-07 | Test: 1.6832e-06 |  *
Epoch  19/20 | Steps:  19000 | α=1e-04 | Loss: 5.9252e-05 | BC: 2.4979e-06 | PDE: 5.6754e-01 | Val: 2.2317e-06 | Test: 2.3853e-06 | 
Epoch  20/20 | Steps:  20000 | α=1e-04 | Loss: 5.5234e-05 | BC: 2.2071e-06 | PDE: 5.3027e-01 | Val: 2.1628e-06 | Test: 2.9228e-06 | 

Restored best model from epoch 18 (val_loss: 9.2921e-07, test_loss: 1.6832e-06)
Best checkpoint saved to: outputs/expr_7_2_iter/p150to1000_square/fewer_bands/checkpoints/best_model.pt
Final checkpoint saved to: outputs/expr_7_2_iter/p150to1000_square/fewer_bands/checkpoints/final_model.pt
Training completed in 209.40s (20,000 total steps)
  Stage 3 (p=300) PDE diagnostics:
    p-Lap (p=300) raw:        inf
    p-Lap (p=300) normalized: 3.2118e-03
    Inf-Lap raw:              1.5075e-03
    Inf-Lap normalized:       3.8975e-03

============================================================
Stage 4/10: Training with p=400
============================================================

Training configuration:
  Boundary points (train): 32,000 -> 80 batches of 400
  Interior points (train): 1,000,000 -> 1000 batches of 1000
  Interior sampling: RE-SAMPLE each epoch
  Boundary points (val): 8,000
  Validation loss: BC only
  Steps per epoch: 1,000
  Total steps: 20,000
  Epochs: 20
  Loss balancing: FixedAlphaSchedule
  LR scheduler: None (constant LR=1.0e-05)

Epoch   1/20 | Steps:   1000 | α=1e-04 | Loss: 1.2778e-04 | BC: 3.4341e-06 | PDE: 1.2434e+00 | Val: 1.9659e-06 | Test: 2.0515e-06 |  *
Epoch   2/20 | Steps:   2000 | α=1e-04 | Loss: 9.3944e-05 | BC: 2.8774e-06 | PDE: 9.1067e-01 | Val: 5.1964e-06 | Test: 4.3757e-06 | 
Epoch   3/20 | Steps:   3000 | α=1e-04 | Loss: 1.0007e-04 | BC: 4.0970e-06 | PDE: 9.5971e-01 | Val: 2.7988e-06 | Test: 2.4731e-06 | 
Epoch   4/20 | Steps:   4000 | α=1e-04 | Loss: 9.9713e-05 | BC: 3.8309e-06 | PDE: 9.5882e-01 | Val: 3.8132e-06 | Test: 3.7950e-06 | 
Epoch   5/20 | Steps:   5000 | α=1e-04 | Loss: 1.2030e-04 | BC: 3.6116e-06 | PDE: 1.1669e+00 | Val: 3.1735e-06 | Test: 3.2459e-06 | 
Epoch   6/20 | Steps:   6000 | α=1e-04 | Loss: 1.1122e-04 | BC: 3.6437e-06 | PDE: 1.0758e+00 | Val: 1.5626e-06 | Test: 1.8765e-06 |  *
Epoch   7/20 | Steps:   7000 | α=1e-04 | Loss: 1.0817e-04 | BC: 3.7637e-06 | PDE: 1.0441e+00 | Val: 5.4082e-06 | Test: 3.8084e-06 | 
Epoch   8/20 | Steps:   8000 | α=1e-04 | Loss: 9.6762e-05 | BC: 3.2688e-06 | PDE: 9.3493e-01 | Val: 4.4262e-06 | Test: 4.3087e-06 | 
Epoch   9/20 | Steps:   9000 | α=1e-04 | Loss: 1.1960e-04 | BC: 3.3309e-06 | PDE: 1.1627e+00 | Val: 4.9634e-06 | Test: 4.2145e-06 | 
Epoch  10/20 | Steps:  10000 | α=1e-04 | Loss: 1.4916e-04 | BC: 3.2580e-06 | PDE: 1.4591e+00 | Val: 2.4516e-06 | Test: 2.3577e-06 | 
Epoch  11/20 | Steps:  11000 | α=1e-04 | Loss: 9.7524e-05 | BC: 2.5991e-06 | PDE: 9.4925e-01 | Val: 1.0012e-05 | Test: 8.1546e-06 | 
Epoch  12/20 | Steps:  12000 | α=1e-04 | Loss: 1.4453e-04 | BC: 3.6981e-06 | PDE: 1.4083e+00 | Val: 3.0830e-06 | Test: 3.7272e-06 | 
Epoch  13/20 | Steps:  13000 | α=1e-04 | Loss: 8.8475e-05 | BC: 2.9682e-06 | PDE: 8.5507e-01 | Val: 3.7576e-06 | Test: 3.5771e-06 | 
Epoch  14/20 | Steps:  14000 | α=1e-04 | Loss: 1.0628e-04 | BC: 4.5476e-06 | PDE: 1.0173e+00 | Val: 3.8037e-06 | Test: 3.7424e-06 | 
Epoch  15/20 | Steps:  15000 | α=1e-04 | Loss: 1.1835e-04 | BC: 3.0114e-06 | PDE: 1.1534e+00 | Val: 3.4053e-06 | Test: 2.9330e-06 | 
Epoch  16/20 | Steps:  16000 | α=1e-04 | Loss: 9.6783e-05 | BC: 2.6294e-06 | PDE: 9.4153e-01 | Val: 6.7423e-06 | Test: 5.2401e-06 | 
Epoch  17/20 | Steps:  17000 | α=1e-04 | Loss: 1.2091e-04 | BC: 3.9479e-06 | PDE: 1.1696e+00 | Val: 3.8269e-06 | Test: 3.4229e-06 | 
Epoch  18/20 | Steps:  18000 | α=1e-04 | Loss: 1.4293e-04 | BC: 3.0906e-06 | PDE: 1.3984e+00 | Val: 6.9600e-06 | Test: 5.0713e-06 | 
Epoch  19/20 | Steps:  19000 | α=1e-04 | Loss: 9.1225e-05 | BC: 3.5108e-06 | PDE: 8.7714e-01 | Val: 3.1027e-06 | Test: 3.0447e-06 | 
Epoch  20/20 | Steps:  20000 | α=1e-04 | Loss: 9.1966e-05 | BC: 3.2701e-06 | PDE: 8.8696e-01 | Val: 2.0970e-06 | Test: 2.2873e-06 | 

Restored best model from epoch 6 (val_loss: 1.5626e-06, test_loss: 1.8765e-06)
Best checkpoint saved to: outputs/expr_7_2_iter/p150to1000_square/fewer_bands/checkpoints/best_model.pt
Final checkpoint saved to: outputs/expr_7_2_iter/p150to1000_square/fewer_bands/checkpoints/final_model.pt
Training completed in 168.18s (20,000 total steps)
  Stage 4 (p=400) PDE diagnostics:
    p-Lap (p=400) raw:        inf
    p-Lap (p=400) normalized: 2.8895e-03
    Inf-Lap raw:              1.1571e-03
    Inf-Lap normalized:       3.3464e-03

============================================================
Stage 5/10: Training with p=500
============================================================

Training configuration:
  Boundary points (train): 32,000 -> 80 batches of 400
  Interior points (train): 1,000,000 -> 1000 batches of 1000
  Interior sampling: RE-SAMPLE each epoch
  Boundary points (val): 8,000
  Validation loss: BC only
  Steps per epoch: 1,000
  Total steps: 20,000
  Epochs: 20
  Loss balancing: FixedAlphaSchedule
  LR scheduler: None (constant LR=1.0e-05)

Epoch   1/20 | Steps:   1000 | α=1e-04 | Loss: 1.9135e-04 | BC: 3.9075e-06 | PDE: 1.8744e+00 | Val: 6.4055e-06 | Test: 4.0210e-06 |  *
Epoch   2/20 | Steps:   2000 | α=1e-04 | Loss: 3.0687e-04 | BC: 4.3672e-06 | PDE: 3.0250e+00 | Val: 6.7919e-06 | Test: 5.6626e-06 | 
Epoch   3/20 | Steps:   3000 | α=1e-04 | Loss: 1.9058e-04 | BC: 4.6160e-06 | PDE: 1.8596e+00 | Val: 3.7481e-06 | Test: 2.7625e-06 |  *
Epoch   4/20 | Steps:   4000 | α=1e-04 | Loss: 2.1197e-04 | BC: 3.7496e-06 | PDE: 2.0822e+00 | Val: 2.0010e-06 | Test: 2.1793e-06 |  *
Epoch   5/20 | Steps:   5000 | α=1e-04 | Loss: 2.1955e-04 | BC: 3.5739e-06 | PDE: 2.1598e+00 | Val: 3.1627e-06 | Test: 2.8947e-06 | 
Epoch   6/20 | Steps:   6000 | α=1e-04 | Loss: 1.4279e-04 | BC: 4.6319e-06 | PDE: 1.3816e+00 | Val: 2.5863e-06 | Test: 2.4722e-06 | 
Epoch   7/20 | Steps:   7000 | α=1e-04 | Loss: 2.1215e-04 | BC: 3.3254e-06 | PDE: 2.0883e+00 | Val: 2.9991e-06 | Test: 2.6544e-06 | 
Epoch   8/20 | Steps:   8000 | α=1e-04 | Loss: 1.6947e-04 | BC: 4.3484e-06 | PDE: 1.6512e+00 | Val: 2.8997e-06 | Test: 2.8109e-06 | 
Epoch   9/20 | Steps:   9000 | α=1e-04 | Loss: 1.6168e-04 | BC: 3.2639e-06 | PDE: 1.5841e+00 | Val: 4.2819e-06 | Test: 3.1910e-06 | 
Epoch  10/20 | Steps:  10000 | α=1e-04 | Loss: 2.1077e-04 | BC: 3.8564e-06 | PDE: 2.0692e+00 | Val: 1.6367e-05 | Test: 1.1421e-05 | 
Epoch  11/20 | Steps:  11000 | α=1e-04 | Loss: 2.1028e-04 | BC: 4.8914e-06 | PDE: 2.0539e+00 | Val: 6.0920e-06 | Test: 5.4184e-06 | 
Epoch  12/20 | Steps:  12000 | α=1e-04 | Loss: 1.8024e-04 | BC: 4.4337e-06 | PDE: 1.7580e+00 | Val: 4.1337e-06 | Test: 3.2190e-06 | 
Epoch  13/20 | Steps:  13000 | α=1e-04 | Loss: 2.0869e-04 | BC: 4.1942e-06 | PDE: 2.0450e+00 | Val: 9.0636e-06 | Test: 8.3036e-06 | 
Epoch  14/20 | Steps:  14000 | α=1e-04 | Loss: 1.6956e-04 | BC: 5.2044e-06 | PDE: 1.6436e+00 | Val: 7.1914e-06 | Test: 6.6569e-06 | 
Epoch  15/20 | Steps:  15000 | α=1e-04 | Loss: 2.5345e-04 | BC: 4.1693e-06 | PDE: 2.4928e+00 | Val: 3.7582e-06 | Test: 3.3067e-06 | 
Epoch  16/20 | Steps:  16000 | α=1e-04 | Loss: 1.8978e-04 | BC: 4.1329e-06 | PDE: 1.8565e+00 | Val: 7.7405e-06 | Test: 5.6543e-06 | 
Epoch  17/20 | Steps:  17000 | α=1e-04 | Loss: 1.6329e-04 | BC: 3.8255e-06 | PDE: 1.5946e+00 | Val: 3.0480e-06 | Test: 2.7971e-06 | 
Epoch  18/20 | Steps:  18000 | α=1e-04 | Loss: 1.5574e-04 | BC: 3.5052e-06 | PDE: 1.5223e+00 | Val: 2.5365e-06 | Test: 2.3313e-06 | 
Epoch  19/20 | Steps:  19000 | α=1e-04 | Loss: 1.8525e-04 | BC: 4.3281e-06 | PDE: 1.8092e+00 | Val: 3.0103e-06 | Test: 2.8362e-06 | 
Epoch  20/20 | Steps:  20000 | α=1e-04 | Loss: 2.5587e-04 | BC: 4.4006e-06 | PDE: 2.5147e+00 | Val: 4.5199e-06 | Test: 4.4993e-06 | 

Restored best model from epoch 4 (val_loss: 2.0010e-06, test_loss: 2.1793e-06)
Best checkpoint saved to: outputs/expr_7_2_iter/p150to1000_square/fewer_bands/checkpoints/best_model.pt
Final checkpoint saved to: outputs/expr_7_2_iter/p150to1000_square/fewer_bands/checkpoints/final_model.pt
Training completed in 179.53s (20,000 total steps)
  Stage 5 (p=500) PDE diagnostics:
    p-Lap (p=500) raw:        inf
    p-Lap (p=500) normalized: 2.8740e-03
    Inf-Lap raw:              1.1870e-03
    Inf-Lap normalized:       3.2570e-03

============================================================
Stage 6/10: Training with p=600
============================================================

Training configuration:
  Boundary points (train): 32,000 -> 80 batches of 400
  Interior points (train): 1,000,000 -> 1000 batches of 1000
  Interior sampling: RE-SAMPLE each epoch
  Boundary points (val): 8,000
  Validation loss: BC only
  Steps per epoch: 1,000
  Total steps: 20,000
  Epochs: 20
  Loss balancing: FixedAlphaSchedule
  LR scheduler: None (constant LR=1.0e-05)

Epoch   1/20 | Steps:   1000 | α=1e-04 | Loss: 2.9474e-04 | BC: 5.5746e-06 | PDE: 2.8916e+00 | Val: 4.2536e-06 | Test: 2.9370e-06 |  *
Epoch   2/20 | Steps:   2000 | α=1e-04 | Loss: 3.2422e-04 | BC: 5.5951e-06 | PDE: 3.1862e+00 | Val: 3.8696e-06 | Test: 2.8944e-06 |  *
Epoch   3/20 | Steps:   3000 | α=1e-04 | Loss: 2.8521e-04 | BC: 4.6175e-06 | PDE: 2.8059e+00 | Val: 6.3053e-06 | Test: 4.4762e-06 | 
Epoch   4/20 | Steps:   4000 | α=1e-04 | Loss: 2.8540e-04 | BC: 4.2751e-06 | PDE: 2.8113e+00 | Val: 4.9210e-06 | Test: 4.5186e-06 | 
Epoch   5/20 | Steps:   5000 | α=1e-04 | Loss: 4.0503e-04 | BC: 5.8613e-06 | PDE: 3.9917e+00 | Val: 5.3091e-06 | Test: 4.9305e-06 | 
Epoch   6/20 | Steps:   6000 | α=1e-04 | Loss: 2.9814e-04 | BC: 5.7373e-06 | PDE: 2.9241e+00 | Val: 5.9941e-06 | Test: 5.2729e-06 | 
Epoch   7/20 | Steps:   7000 | α=1e-04 | Loss: 2.7545e-04 | BC: 4.8513e-06 | PDE: 2.7060e+00 | Val: 3.8162e-06 | Test: 2.9536e-06 |  *
Epoch   8/20 | Steps:   8000 | α=1e-04 | Loss: 3.1232e-04 | BC: 4.7868e-06 | PDE: 3.0753e+00 | Val: 3.1323e-06 | Test: 2.5519e-06 |  *
Epoch   9/20 | Steps:   9000 | α=1e-04 | Loss: 2.2328e-04 | BC: 5.7869e-06 | PDE: 2.1749e+00 | Val: 3.7784e-06 | Test: 2.6917e-06 | 
Epoch  10/20 | Steps:  10000 | α=1e-04 | Loss: 2.8543e-04 | BC: 6.1375e-06 | PDE: 2.7930e+00 | Val: 3.5331e-06 | Test: 2.6133e-06 | 
Epoch  11/20 | Steps:  11000 | α=1e-04 | Loss: 3.1023e-04 | BC: 5.0019e-06 | PDE: 3.0523e+00 | Val: 6.0503e-06 | Test: 5.0576e-06 | 
Epoch  12/20 | Steps:  12000 | α=1e-04 | Loss: 2.4995e-04 | BC: 4.5316e-06 | PDE: 2.4542e+00 | Val: 4.5138e-06 | Test: 3.2254e-06 | 
Epoch  13/20 | Steps:  13000 | α=1e-04 | Loss: 2.4461e-04 | BC: 6.3179e-06 | PDE: 2.3830e+00 | Val: 7.5862e-06 | Test: 5.7039e-06 | 
Epoch  14/20 | Steps:  14000 | α=1e-04 | Loss: 2.8621e-04 | BC: 5.7731e-06 | PDE: 2.8044e+00 | Val: 4.8118e-06 | Test: 3.8563e-06 | 
Epoch  15/20 | Steps:  15000 | α=1e-04 | Loss: 2.3646e-04 | BC: 5.5880e-06 | PDE: 2.3087e+00 | Val: 5.5268e-06 | Test: 3.6341e-06 | 
Epoch  16/20 | Steps:  16000 | α=1e-04 | Loss: 3.0330e-04 | BC: 4.7145e-06 | PDE: 2.9859e+00 | Val: 4.1514e-06 | Test: 3.5077e-06 | 
Epoch  17/20 | Steps:  17000 | α=1e-04 | Loss: 2.5505e-04 | BC: 4.2666e-06 | PDE: 2.5079e+00 | Val: 5.4899e-06 | Test: 4.5926e-06 | 
Epoch  18/20 | Steps:  18000 | α=1e-04 | Loss: 2.5360e-04 | BC: 5.5347e-06 | PDE: 2.4806e+00 | Val: 3.4364e-06 | Test: 3.0716e-06 | 
Epoch  19/20 | Steps:  19000 | α=1e-04 | Loss: 3.0411e-04 | BC: 5.4170e-06 | PDE: 2.9870e+00 | Val: 3.8579e-06 | Test: 2.9330e-06 | 
Epoch  20/20 | Steps:  20000 | α=1e-04 | Loss: 4.4450e-04 | BC: 5.1221e-06 | PDE: 4.3937e+00 | Val: 2.9952e-06 | Test: 2.6935e-06 |  *

Restored best model from epoch 20 (val_loss: 2.9952e-06, test_loss: 2.6935e-06)
Best checkpoint saved to: outputs/expr_7_2_iter/p150to1000_square/fewer_bands/checkpoints/best_model.pt
Final checkpoint saved to: outputs/expr_7_2_iter/p150to1000_square/fewer_bands/checkpoints/final_model.pt
Training completed in 182.02s (20,000 total steps)
  Stage 6 (p=600) PDE diagnostics:
    p-Lap (p=600) raw:        inf
    p-Lap (p=600) normalized: 2.7662e-03
    Inf-Lap raw:              1.1543e-03
    Inf-Lap normalized:       3.0797e-03

============================================================
Stage 7/10: Training with p=700
============================================================

Training configuration:
  Boundary points (train): 32,000 -> 80 batches of 400
  Interior points (train): 1,000,000 -> 1000 batches of 1000
  Interior sampling: RE-SAMPLE each epoch
  Boundary points (val): 8,000
  Validation loss: BC only
  Steps per epoch: 1,000
  Total steps: 20,000
  Epochs: 20
  Loss balancing: FixedAlphaSchedule
  LR scheduler: None (constant LR=1.0e-05)

Epoch   1/20 | Steps:   1000 | α=1e-04 | Loss: 3.8358e-04 | BC: 5.4244e-06 | PDE: 3.7816e+00 | Val: 5.1032e-06 | Test: 4.1241e-06 |  *
Epoch   2/20 | Steps:   2000 | α=1e-04 | Loss: 4.1111e-04 | BC: 5.5536e-06 | PDE: 4.0555e+00 | Val: 4.6941e-06 | Test: 3.1530e-06 |  *
Epoch   3/20 | Steps:   3000 | α=1e-04 | Loss: 4.1883e-04 | BC: 6.6623e-06 | PDE: 4.1217e+00 | Val: 4.7427e-06 | Test: 3.4600e-06 | 
Epoch   4/20 | Steps:   4000 | α=1e-04 | Loss: 4.8481e-04 | BC: 4.9535e-06 | PDE: 4.7985e+00 | Val: 4.3324e-06 | Test: 3.0908e-06 |  *
Epoch   5/20 | Steps:   5000 | α=1e-04 | Loss: 4.7701e-04 | BC: 6.7351e-06 | PDE: 4.7028e+00 | Val: 7.0046e-06 | Test: 6.1366e-06 | 
Epoch   6/20 | Steps:   6000 | α=1e-04 | Loss: 3.9435e-04 | BC: 5.9285e-06 | PDE: 3.8842e+00 | Val: 8.1126e-06 | Test: 5.9524e-06 | 
Epoch   7/20 | Steps:   7000 | α=1e-04 | Loss: 3.8746e-04 | BC: 6.1765e-06 | PDE: 3.8128e+00 | Val: 9.3768e-06 | Test: 6.6623e-06 | 
Epoch   8/20 | Steps:   8000 | α=1e-04 | Loss: 5.1097e-04 | BC: 8.0638e-06 | PDE: 5.0290e+00 | Val: 5.2409e-06 | Test: 4.6137e-06 | 
Epoch   9/20 | Steps:   9000 | α=1e-04 | Loss: 2.4293e-04 | BC: 5.3739e-06 | PDE: 2.3756e+00 | Val: 4.8139e-06 | Test: 3.3354e-06 | 
Epoch  10/20 | Steps:  10000 | α=1e-04 | Loss: 5.0812e-04 | BC: 6.2085e-06 | PDE: 5.0191e+00 | Val: 7.9946e-06 | Test: 5.1064e-06 | 
Epoch  11/20 | Steps:  11000 | α=1e-04 | Loss: 3.5780e-04 | BC: 6.0935e-06 | PDE: 3.5170e+00 | Val: 6.4822e-06 | Test: 4.8871e-06 | 
Epoch  12/20 | Steps:  12000 | α=1e-04 | Loss: 5.7775e-04 | BC: 6.2475e-06 | PDE: 5.7151e+00 | Val: 5.3580e-06 | Test: 3.7686e-06 | 
Epoch  13/20 | Steps:  13000 | α=1e-04 | Loss: 4.7273e-04 | BC: 6.2353e-06 | PDE: 4.6650e+00 | Val: 7.9938e-06 | Test: 4.7374e-06 | 
Epoch  14/20 | Steps:  14000 | α=1e-04 | Loss: 4.2512e-04 | BC: 5.6822e-06 | PDE: 4.1943e+00 | Val: 4.2293e-06 | Test: 2.9631e-06 |  *
Epoch  15/20 | Steps:  15000 | α=1e-04 | Loss: 4.5541e-04 | BC: 4.4528e-06 | PDE: 4.5096e+00 | Val: 4.8926e-06 | Test: 3.7056e-06 | 
Epoch  16/20 | Steps:  16000 | α=1e-04 | Loss: 3.5631e-04 | BC: 5.4637e-06 | PDE: 3.5085e+00 | Val: 4.1574e-06 | Test: 3.0075e-06 |  *
Epoch  17/20 | Steps:  17000 | α=1e-04 | Loss: 5.5094e-04 | BC: 5.6063e-06 | PDE: 5.4533e+00 | Val: 7.2871e-06 | Test: 4.4638e-06 | 
Epoch  18/20 | Steps:  18000 | α=1e-04 | Loss: 4.3983e-04 | BC: 4.7100e-06 | PDE: 4.3512e+00 | Val: 4.3516e-06 | Test: 3.5501e-06 | 
Epoch  19/20 | Steps:  19000 | α=1e-04 | Loss: 3.2027e-04 | BC: 6.7727e-06 | PDE: 3.1350e+00 | Val: 1.2712e-05 | Test: 9.7618e-06 | 
Epoch  20/20 | Steps:  20000 | α=1e-04 | Loss: 2.4243e-04 | BC: 6.6963e-06 | PDE: 2.3573e+00 | Val: 5.8712e-06 | Test: 4.7803e-06 | 

Restored best model from epoch 16 (val_loss: 4.1574e-06, test_loss: 3.0075e-06)
Best checkpoint saved to: outputs/expr_7_2_iter/p150to1000_square/fewer_bands/checkpoints/best_model.pt
Final checkpoint saved to: outputs/expr_7_2_iter/p150to1000_square/fewer_bands/checkpoints/final_model.pt
Training completed in 173.53s (20,000 total steps)
  Stage 7 (p=700) PDE diagnostics:
    p-Lap (p=700) raw:        inf
    p-Lap (p=700) normalized: 2.4770e-03
    Inf-Lap raw:              1.1236e-03
    Inf-Lap normalized:       2.7418e-03

============================================================
Stage 8/10: Training with p=800
============================================================

Training configuration:
  Boundary points (train): 32,000 -> 80 batches of 400
  Interior points (train): 1,000,000 -> 1000 batches of 1000
  Interior sampling: RE-SAMPLE each epoch
  Boundary points (val): 8,000
  Validation loss: BC only
  Steps per epoch: 1,000
  Total steps: 20,000
  Epochs: 20
  Loss balancing: FixedAlphaSchedule
  LR scheduler: None (constant LR=1.0e-05)

Epoch   1/20 | Steps:   1000 | α=1e-04 | Loss: 6.0980e-04 | BC: 6.3871e-06 | PDE: 6.0341e+00 | Val: 9.5127e-06 | Test: 6.6437e-06 |  *
Epoch   2/20 | Steps:   2000 | α=1e-04 | Loss: 4.8862e-04 | BC: 7.6260e-06 | PDE: 4.8100e+00 | Val: 7.3166e-06 | Test: 5.1752e-06 |  *
Epoch   3/20 | Steps:   3000 | α=1e-04 | Loss: 5.4583e-04 | BC: 7.5037e-06 | PDE: 5.3833e+00 | Val: 8.3188e-06 | Test: 6.5239e-06 | 
Epoch   4/20 | Steps:   4000 | α=1e-04 | Loss: 4.3793e-04 | BC: 7.5254e-06 | PDE: 4.3041e+00 | Val: 8.3548e-06 | Test: 5.4279e-06 | 
Epoch   5/20 | Steps:   5000 | α=1e-04 | Loss: 5.4087e-04 | BC: 8.3213e-06 | PDE: 5.3255e+00 | Val: 9.9098e-06 | Test: 5.9220e-06 | 
Epoch   6/20 | Steps:   6000 | α=1e-04 | Loss: 5.3273e-04 | BC: 7.3776e-06 | PDE: 5.2536e+00 | Val: 5.6126e-06 | Test: 3.9494e-06 |  *
Epoch   7/20 | Steps:   7000 | α=1e-04 | Loss: 5.8362e-04 | BC: 6.4609e-06 | PDE: 5.7716e+00 | Val: 9.3803e-06 | Test: 6.2344e-06 | 
Epoch   8/20 | Steps:   8000 | α=1e-04 | Loss: 4.3837e-04 | BC: 7.5610e-06 | PDE: 4.3081e+00 | Val: 6.6326e-06 | Test: 4.7772e-06 | 
Epoch   9/20 | Steps:   9000 | α=1e-04 | Loss: 5.0389e-04 | BC: 7.2371e-06 | PDE: 4.9666e+00 | Val: 6.7069e-06 | Test: 4.7474e-06 | 
Epoch  10/20 | Steps:  10000 | α=1e-04 | Loss: 4.3957e-04 | BC: 6.9085e-06 | PDE: 4.3266e+00 | Val: 6.7103e-06 | Test: 4.6215e-06 | 
Epoch  11/20 | Steps:  11000 | α=1e-04 | Loss: 3.2026e-04 | BC: 6.1866e-06 | PDE: 3.1407e+00 | Val: 7.2756e-06 | Test: 4.7187e-06 | 
Epoch  12/20 | Steps:  12000 | α=1e-04 | Loss: 5.6398e-04 | BC: 7.5010e-06 | PDE: 5.5648e+00 | Val: 7.8939e-06 | Test: 4.8838e-06 | 
Epoch  13/20 | Steps:  13000 | α=1e-04 | Loss: 6.6610e-04 | BC: 7.2504e-06 | PDE: 6.5885e+00 | Val: 7.9366e-06 | Test: 5.8085e-06 | 
Epoch  14/20 | Steps:  14000 | α=1e-04 | Loss: 5.0956e-04 | BC: 6.6901e-06 | PDE: 5.0287e+00 | Val: 7.8068e-06 | Test: 5.0195e-06 | 
Epoch  15/20 | Steps:  15000 | α=1e-04 | Loss: 4.5158e-04 | BC: 6.9780e-06 | PDE: 4.4461e+00 | Val: 8.0583e-06 | Test: 5.4115e-06 | 
Epoch  16/20 | Steps:  16000 | α=1e-04 | Loss: 4.2382e-04 | BC: 7.5906e-06 | PDE: 4.1623e+00 | Val: 6.7524e-06 | Test: 4.8611e-06 | 
Epoch  17/20 | Steps:  17000 | α=1e-04 | Loss: 5.0549e-04 | BC: 7.8692e-06 | PDE: 4.9762e+00 | Val: 5.6797e-06 | Test: 4.2478e-06 | 
Epoch  18/20 | Steps:  18000 | α=1e-04 | Loss: 4.8553e-04 | BC: 7.4037e-06 | PDE: 4.7812e+00 | Val: 8.3214e-06 | Test: 5.5951e-06 | 
Epoch  19/20 | Steps:  19000 | α=1e-04 | Loss: 6.3718e-04 | BC: 9.6872e-06 | PDE: 6.2750e+00 | Val: 7.6139e-06 | Test: 5.2168e-06 | 
Epoch  20/20 | Steps:  20000 | α=1e-04 | Loss: 4.3127e-04 | BC: 7.3594e-06 | PDE: 4.2391e+00 | Val: 7.8097e-06 | Test: 5.6593e-06 | 

Restored best model from epoch 6 (val_loss: 5.6126e-06, test_loss: 3.9494e-06)
Best checkpoint saved to: outputs/expr_7_2_iter/p150to1000_square/fewer_bands/checkpoints/best_model.pt
Final checkpoint saved to: outputs/expr_7_2_iter/p150to1000_square/fewer_bands/checkpoints/final_model.pt
Training completed in 170.97s (20,000 total steps)
  Stage 8 (p=800) PDE diagnostics:
    p-Lap (p=800) raw:        inf
    p-Lap (p=800) normalized: 3.2907e-03
    Inf-Lap raw:              1.1246e-03
    Inf-Lap normalized:       3.5369e-03

============================================================
Stage 9/10: Training with p=900
============================================================

Training configuration:
  Boundary points (train): 32,000 -> 80 batches of 400
  Interior points (train): 1,000,000 -> 1000 batches of 1000
  Interior sampling: RE-SAMPLE each epoch
  Boundary points (val): 8,000
  Validation loss: BC only
  Steps per epoch: 1,000
  Total steps: 20,000
  Epochs: 20
  Loss balancing: FixedAlphaSchedule
  LR scheduler: None (constant LR=1.0e-05)

Epoch   1/20 | Steps:   1000 | α=1e-04 | Loss: 6.2743e-04 | BC: 8.1123e-06 | PDE: 6.1932e+00 | Val: 9.9684e-06 | Test: 6.9410e-06 |  *
Epoch   2/20 | Steps:   2000 | α=1e-04 | Loss: 9.6529e-04 | BC: 8.5059e-06 | PDE: 9.5679e+00 | Val: 7.5125e-06 | Test: 4.8214e-06 |  *
Epoch   3/20 | Steps:   3000 | α=1e-04 | Loss: 7.0879e-04 | BC: 9.4188e-06 | PDE: 6.9937e+00 | Val: 1.1528e-05 | Test: 6.5904e-06 | 
Epoch   4/20 | Steps:   4000 | α=1e-04 | Loss: 5.9146e-04 | BC: 8.8345e-06 | PDE: 5.8263e+00 | Val: 1.0633e-05 | Test: 6.6207e-06 | 
Epoch   5/20 | Steps:   5000 | α=1e-04 | Loss: 8.7029e-04 | BC: 9.8403e-06 | PDE: 8.6045e+00 | Val: 1.2236e-05 | Test: 7.6096e-06 | 
Epoch   6/20 | Steps:   6000 | α=1e-04 | Loss: 6.5550e-04 | BC: 8.9319e-06 | PDE: 6.4657e+00 | Val: 9.4493e-06 | Test: 5.5729e-06 | 
Epoch   7/20 | Steps:   7000 | α=1e-04 | Loss: 7.3355e-04 | BC: 1.1357e-05 | PDE: 7.2219e+00 | Val: 7.2824e-06 | Test: 4.8168e-06 |  *
Epoch   8/20 | Steps:   8000 | α=1e-04 | Loss: 6.1915e-04 | BC: 8.1907e-06 | PDE: 6.1096e+00 | Val: 9.1465e-06 | Test: 6.1781e-06 | 
Epoch   9/20 | Steps:   9000 | α=1e-04 | Loss: 5.9464e-04 | BC: 9.8996e-06 | PDE: 5.8474e+00 | Val: 1.0772e-05 | Test: 6.8024e-06 | 
Epoch  10/20 | Steps:  10000 | α=1e-04 | Loss: 6.2887e-04 | BC: 8.8270e-06 | PDE: 6.2004e+00 | Val: 9.0246e-06 | Test: 5.0626e-06 | 
Epoch  11/20 | Steps:  11000 | α=1e-04 | Loss: 7.2457e-04 | BC: 7.9956e-06 | PDE: 7.1657e+00 | Val: 6.6574e-06 | Test: 3.9004e-06 |  *
Epoch  12/20 | Steps:  12000 | α=1e-04 | Loss: 6.1539e-04 | BC: 7.5290e-06 | PDE: 6.0786e+00 | Val: 1.0398e-05 | Test: 7.2416e-06 | 
Epoch  13/20 | Steps:  13000 | α=1e-04 | Loss: 6.7779e-04 | BC: 9.5149e-06 | PDE: 6.6828e+00 | Val: 8.7120e-06 | Test: 5.8300e-06 | 
Epoch  14/20 | Steps:  14000 | α=1e-04 | Loss: 7.2200e-04 | BC: 1.0570e-05 | PDE: 7.1143e+00 | Val: 1.6209e-05 | Test: 1.3027e-05 | 
Epoch  15/20 | Steps:  15000 | α=1e-04 | Loss: 7.5677e-04 | BC: 1.0804e-05 | PDE: 7.4596e+00 | Val: 9.6566e-06 | Test: 7.8851e-06 | 
Epoch  16/20 | Steps:  16000 | α=1e-04 | Loss: 5.9131e-04 | BC: 1.0346e-05 | PDE: 5.8096e+00 | Val: 1.1775e-05 | Test: 7.3683e-06 | 
Epoch  17/20 | Steps:  17000 | α=1e-04 | Loss: 6.8855e-04 | BC: 1.0986e-05 | PDE: 6.7757e+00 | Val: 1.1259e-05 | Test: 6.6184e-06 | 
Epoch  18/20 | Steps:  18000 | α=1e-04 | Loss: 5.2736e-04 | BC: 1.1022e-05 | PDE: 5.1634e+00 | Val: 9.0434e-06 | Test: 5.2300e-06 | 
Epoch  19/20 | Steps:  19000 | α=1e-04 | Loss: 6.8185e-04 | BC: 8.7913e-06 | PDE: 6.7306e+00 | Val: 9.5887e-06 | Test: 7.0206e-06 | 
Epoch  20/20 | Steps:  20000 | α=1e-04 | Loss: 6.5932e-04 | BC: 9.0009e-06 | PDE: 6.5032e+00 | Val: 1.3543e-05 | Test: 1.0493e-05 | 

Restored best model from epoch 11 (val_loss: 6.6574e-06, test_loss: 3.9004e-06)
Best checkpoint saved to: outputs/expr_7_2_iter/p150to1000_square/fewer_bands/checkpoints/best_model.pt
Final checkpoint saved to: outputs/expr_7_2_iter/p150to1000_square/fewer_bands/checkpoints/final_model.pt
Training completed in 181.32s (20,000 total steps)
  Stage 9 (p=900) PDE diagnostics:
    p-Lap (p=900) raw:        inf
    p-Lap (p=900) normalized: 2.2620e-03
    Inf-Lap raw:              1.0646e-03
    Inf-Lap normalized:       2.4709e-03

============================================================
Stage 10/10: Training with p=1000
============================================================

Training configuration:
  Boundary points (train): 32,000 -> 80 batches of 400
  Interior points (train): 1,000,000 -> 1000 batches of 1000
  Interior sampling: RE-SAMPLE each epoch
  Boundary points (val): 8,000
  Validation loss: BC only
  Steps per epoch: 1,000
  Total steps: 20,000
  Epochs: 20
  Loss balancing: FixedAlphaSchedule
  LR scheduler: None (constant LR=1.0e-05)

Epoch   1/20 | Steps:   1000 | α=1e-04 | Loss: 7.8267e-04 | BC: 9.1932e-06 | PDE: 7.7347e+00 | Val: 8.3447e-06 | Test: 5.2399e-06 |  *
Epoch   2/20 | Steps:   2000 | α=1e-04 | Loss: 8.8553e-04 | BC: 9.6570e-06 | PDE: 8.7588e+00 | Val: 9.6047e-06 | Test: 5.7185e-06 | 
Epoch   3/20 | Steps:   3000 | α=1e-04 | Loss: 9.6753e-04 | BC: 1.1094e-05 | PDE: 9.5644e+00 | Val: 1.3637e-05 | Test: 8.3298e-06 | 
Epoch   4/20 | Steps:   4000 | α=1e-04 | Loss: 8.9246e-04 | BC: 1.1613e-05 | PDE: 8.8085e+00 | Val: 1.0682e-05 | Test: 6.9080e-06 | 
Epoch   5/20 | Steps:   5000 | α=1e-04 | Loss: 8.3484e-04 | BC: 1.2340e-05 | PDE: 8.2250e+00 | Val: 1.6679e-05 | Test: 1.3337e-05 | 
Epoch   6/20 | Steps:   6000 | α=1e-04 | Loss: 6.7248e-04 | BC: 1.0644e-05 | PDE: 6.6184e+00 | Val: 1.0532e-05 | Test: 6.5713e-06 | 
Epoch   7/20 | Steps:   7000 | α=1e-04 | Loss: 7.7313e-04 | BC: 9.9345e-06 | PDE: 7.6320e+00 | Val: 1.0049e-05 | Test: 5.3392e-06 | 
Epoch   8/20 | Steps:   8000 | α=1e-04 | Loss: 8.7594e-04 | BC: 1.2974e-05 | PDE: 8.6297e+00 | Val: 1.3670e-05 | Test: 7.8691e-06 | 
Epoch   9/20 | Steps:   9000 | α=1e-04 | Loss: 6.4368e-04 | BC: 1.0593e-05 | PDE: 6.3309e+00 | Val: 1.1290e-05 | Test: 6.9146e-06 | 
Epoch  10/20 | Steps:  10000 | α=1e-04 | Loss: 7.5536e-04 | BC: 1.0471e-05 | PDE: 7.4489e+00 | Val: 8.8340e-06 | Test: 5.3209e-06 | 
Epoch  11/20 | Steps:  11000 | α=1e-04 | Loss: 8.1555e-04 | BC: 1.0491e-05 | PDE: 8.0506e+00 | Val: 1.5314e-05 | Test: 1.0815e-05 | 
Epoch  12/20 | Steps:  12000 | α=1e-04 | Loss: 9.6795e-04 | BC: 1.0252e-05 | PDE: 9.5770e+00 | Val: 1.0111e-05 | Test: 5.7950e-06 | 
Epoch  13/20 | Steps:  13000 | α=1e-04 | Loss: 7.4823e-04 | BC: 1.1043e-05 | PDE: 7.3719e+00 | Val: 1.2219e-05 | Test: 7.8164e-06 | 
Epoch  14/20 | Steps:  14000 | α=1e-04 | Loss: 9.6398e-04 | BC: 1.4723e-05 | PDE: 9.4926e+00 | Val: 1.7117e-05 | Test: 1.0517e-05 | 
Epoch  15/20 | Steps:  15000 | α=1e-04 | Loss: 8.5861e-04 | BC: 1.2549e-05 | PDE: 8.4607e+00 | Val: 1.2141e-05 | Test: 6.8323e-06 | 
Epoch  16/20 | Steps:  16000 | α=1e-04 | Loss: 9.3158e-04 | BC: 1.1822e-05 | PDE: 9.1976e+00 | Val: 1.3306e-05 | Test: 8.3063e-06 | 
Epoch  17/20 | Steps:  17000 | α=1e-04 | Loss: 8.0486e-04 | BC: 1.0690e-05 | PDE: 7.9417e+00 | Val: 1.2941e-05 | Test: 7.7652e-06 | 
Epoch  18/20 | Steps:  18000 | α=1e-04 | Loss: 9.3333e-04 | BC: 1.2153e-05 | PDE: 9.2117e+00 | Val: 1.0484e-05 | Test: 6.1430e-06 | 
Epoch  19/20 | Steps:  19000 | α=1e-04 | Loss: 9.2664e-04 | BC: 1.1864e-05 | PDE: 9.1478e+00 | Val: 9.4228e-06 | Test: 5.5676e-06 | 
Epoch  20/20 | Steps:  20000 | α=1e-04 | Loss: 8.6140e-04 | BC: 1.2667e-05 | PDE: 8.4873e+00 | Val: 1.2811e-05 | Test: 9.1908e-06 | 

Restored best model from epoch 1 (val_loss: 8.3447e-06, test_loss: 5.2399e-06)
Best checkpoint saved to: outputs/expr_7_2_iter/p150to1000_square/fewer_bands/checkpoints/best_model.pt
Final checkpoint saved to: outputs/expr_7_2_iter/p150to1000_square/fewer_bands/checkpoints/final_model.pt
Training completed in 224.60s (20,000 total steps)
  Stage 10 (p=1000) PDE diagnostics:
    p-Lap (p=1000) raw:        inf
    p-Lap (p=1000) normalized: 3.4557e-03
    Inf-Lap raw:              1.1419e-03
    Inf-Lap normalized:       3.6519e-03

Iterative training completed in 1844.36s
Total epochs: 200

Final Test MSE: 9.1908e-06
Inference (per point): 7.8347e-05s | (full domain): 7.6928e-05s
p-Lap (p=1000) PDE test (raw):        inf
p-Lap (p=1000) PDE test (normalized): 3.4557e-03
Inf-Lap PDE test (raw):                    1.1419e-03
Inf-Lap PDE test (normalized):             3.6519e-03
Saved .npz files to outputs/expr_7_2_iter/p150to1000_square/fewer_bands/npy/
Saved plot to outputs/expr_7_2_iter/p150to1000_square/fewer_bands/plots/results.png
