
============================================================
Running Example: arctan
============================================================

Generated full domain data:
  Boundary points: 40,000
  Interior points: 1,000,000
  Test points: 10,000
Re-sampling enabled: ~1,000,000 interior points per epoch

Splitting data: 80% train, 20% validation
  BC: 32,000 train, 8,000 val
  Interior: 800,000 train, 200,000 val

Model: InfinityLaplacianPINN
  Hidden layers: [128, 128, 128, 128, 128]
  Activation: tanh
  η: 1e-05 (normalized)
  Residual clipping: [-10.0, 10.0]
  Outlier removal: top 2.0%
  Parameters: 66,561

Training configuration:
  Boundary points (train): 32,000 -> 80 batches of 400
  Interior points (train): 1,000,000 -> 1000 batches of 1000
  Interior sampling: RE-SAMPLE each epoch
  Boundary points (val): 8,000
  Validation loss: BC only
  Steps per epoch: 1,000
  Total steps: 100,000
  Epochs: 100
  Loss balancing: AlphaPlateauScheduler
  LR scheduler: cosine (LR: 1.0e-03 -> 1.0e-05)

/usr/local/lib/python3.12/dist-packages/torch/autograd/graph.py:824: UserWarning: Attempting to run cuBLAS, but there was no current CUDA context! Attempting to set the primary context... (Triggered internally at /opt/pytorch/pytorch/aten/src/ATen/cuda/CublasHandlePool.cpp:181.)
  return Variable._execution_engine.run_backward(  # Calls into the C++ engine to run the backward pass
Epoch   1/100 | Steps:   1000 | α=1e-05 | Loss: 9.5221e-03 | BC: 9.4483e-03 | PDE: 7.3840e+00 | Val: 2.1356e-04 | Test: 1.9102e-03 | LR=1.0e-03 *
Epoch   2/100 | Steps:   2000 | α=1e-05 | Loss: 3.2067e-04 | BC: 3.0027e-04 | PDE: 2.0394e+00 | Val: 2.0002e-04 | Test: 2.3441e-04 | LR=1.0e-03 *
Epoch   3/100 | Steps:   3000 | α=1e-05 | Loss: 1.5475e-04 | BC: 1.5083e-04 | PDE: 3.9274e-01 | Val: 3.4080e-05 | Test: 6.2097e-05 | LR=1.0e-03 *
Epoch   4/100 | Steps:   4000 | α=1e-05 | Loss: 1.0815e-04 | BC: 1.0632e-04 | PDE: 1.8314e-01 | Val: 1.6885e-04 | Test: 1.8466e-04 | LR=1.0e-03
Epoch   5/100 | Steps:   5000 | α=1e-05 | Loss: 9.4748e-05 | BC: 9.3697e-05 | PDE: 1.0509e-01 | Val: 2.3469e-05 | Test: 2.4483e-05 | LR=1.0e-03 *
Epoch   6/100 | Steps:   6000 | α=1e-05 | Loss: 8.0227e-05 | BC: 7.9374e-05 | PDE: 8.5263e-02 | Val: 9.9391e-05 | Test: 6.0718e-05 | LR=9.9e-04
Epoch   7/100 | Steps:   7000 | α=1e-05 | Loss: 7.5342e-05 | BC: 7.4545e-05 | PDE: 7.9733e-02 | Val: 7.0473e-05 | Test: 5.8161e-05 | LR=9.9e-04
Epoch   8/100 | Steps:   8000 | α=1e-05 | Loss: 6.9623e-05 | BC: 6.8789e-05 | PDE: 8.3394e-02 | Val: 3.9344e-07 | Test: 6.8081e-06 | LR=9.9e-04 *
Epoch   9/100 | Steps:   9000 | α=1e-05 | Loss: 6.4883e-05 | BC: 6.3921e-05 | PDE: 9.6215e-02 | Val: 2.2990e-06 | Test: 1.3846e-05 | LR=9.8e-04
Epoch  10/100 | Steps:  10000 | α=1e-05 | Loss: 3.4100e-05 | BC: 3.3472e-05 | PDE: 6.2822e-02 | Val: 7.1729e-07 | Test: 6.0496e-06 | LR=9.8e-04
Epoch  11/100 | Steps:  11000 | α=1e-05 | Loss: 4.3287e-05 | BC: 4.2611e-05 | PDE: 6.7643e-02 | Val: 2.2067e-07 | Test: 7.4770e-06 | LR=9.8e-04 *
Epoch  12/100 | Steps:  12000 | α=1e-05 | Loss: 2.9045e-05 | BC: 2.8434e-05 | PDE: 6.1176e-02 | Val: 8.9046e-07 | Test: 2.2770e-06 | LR=9.7e-04
Epoch  13/100 | Steps:  13000 | α=1e-05 | Loss: 3.8554e-05 | BC: 3.7415e-05 | PDE: 1.1386e-01 | Val: 1.1386e-05 | Test: 1.6571e-05 | LR=9.7e-04
Epoch  14/100 | Steps:  14000 | α=1e-05 | Loss: 3.8635e-05 | BC: 3.7606e-05 | PDE: 1.0288e-01 | Val: 6.4632e-06 | Test: 8.3128e-06 | LR=9.6e-04

>>> Alpha increased: 1e-05 → 1e-04 (BC=2.9382e-05) <<<
Epoch  15/100 | Steps:  15000 | α=1e-04 | Loss: 3.0423e-05 | BC: 2.9382e-05 | PDE: 1.0414e-01 | Val: 9.8687e-07 | Test: 3.5689e-06 | LR=9.5e-04 *
Epoch  16/100 | Steps:  16000 | α=1e-04 | Loss: 4.2882e-05 | BC: 2.9046e-05 | PDE: 1.3836e-01 | Val: 5.1995e-06 | Test: 4.8399e-06 | LR=9.5e-04
Epoch  17/100 | Steps:  17000 | α=1e-04 | Loss: 4.0840e-05 | BC: 3.3782e-05 | PDE: 7.0577e-02 | Val: 2.5159e-05 | Test: 2.3626e-05 | LR=9.4e-04
Epoch  18/100 | Steps:  18000 | α=1e-04 | Loss: 4.8061e-05 | BC: 3.8378e-05 | PDE: 9.6823e-02 | Val: 4.3643e-05 | Test: 2.2031e-05 | LR=9.3e-04
Epoch  19/100 | Steps:  19000 | α=1e-04 | Loss: 1.9279e-05 | BC: 1.6320e-05 | PDE: 2.9590e-02 | Val: 2.9335e-06 | Test: 5.2174e-06 | LR=9.2e-04
Epoch  20/100 | Steps:  20000 | α=1e-04 | Loss: 3.2621e-05 | BC: 2.7061e-05 | PDE: 5.5604e-02 | Val: 1.4085e-04 | Test: 1.2142e-04 | LR=9.1e-04
Epoch  21/100 | Steps:  21000 | α=1e-04 | Loss: 2.4965e-05 | BC: 2.1649e-05 | PDE: 3.3159e-02 | Val: 1.6030e-06 | Test: 2.2455e-06 | LR=9.1e-04
Epoch  22/100 | Steps:  22000 | α=1e-04 | Loss: 3.0262e-05 | BC: 2.4359e-05 | PDE: 5.9028e-02 | Val: 2.0303e-06 | Test: 3.4515e-06 | LR=9.0e-04
Epoch  23/100 | Steps:  23000 | α=1e-04 | Loss: 2.5203e-05 | BC: 2.1467e-05 | PDE: 3.7357e-02 | Val: 4.0723e-05 | Test: 6.1263e-05 | LR=8.9e-04

>>> Alpha increased: 1e-04 → 1e-03 (BC=2.0849e-05) <<<
Epoch  24/100 | Steps:  24000 | α=1e-03 | Loss: 2.6099e-05 | BC: 2.0849e-05 | PDE: 5.2496e-02 | Val: 4.4798e-06 | Test: 3.9573e-06 | LR=8.8e-04 *
Epoch  25/100 | Steps:  25000 | α=1e-03 | Loss: 3.0586e-04 | BC: 1.3034e-04 | PDE: 1.7551e-01 | Val: 7.5237e-05 | Test: 9.1463e-05 | LR=8.7e-04
Epoch  26/100 | Steps:  26000 | α=1e-03 | Loss: 3.3821e-05 | BC: 2.9605e-05 | PDE: 4.2169e-03 | Val: 7.8710e-06 | Test: 9.5484e-06 | LR=8.6e-04
Epoch  27/100 | Steps:  27000 | α=1e-03 | Loss: 3.7491e-05 | BC: 3.0387e-05 | PDE: 7.1036e-03 | Val: 2.8139e-06 | Test: 3.6730e-06 | LR=8.4e-04 *
Epoch  28/100 | Steps:  28000 | α=1e-03 | Loss: 3.9113e-05 | BC: 2.8023e-05 | PDE: 1.1090e-02 | Val: 6.1788e-06 | Test: 6.6738e-06 | LR=8.3e-04
Epoch  29/100 | Steps:  29000 | α=1e-03 | Loss: 3.5379e-05 | BC: 2.6586e-05 | PDE: 8.7926e-03 | Val: 1.5027e-06 | Test: 1.3375e-06 | LR=8.2e-04 *
Epoch  30/100 | Steps:  30000 | α=1e-03 | Loss: 3.6748e-05 | BC: 2.7094e-05 | PDE: 9.6538e-03 | Val: 4.0681e-06 | Test: 6.0557e-06 | LR=8.1e-04
Epoch  31/100 | Steps:  31000 | α=1e-03 | Loss: 4.8251e-05 | BC: 3.1074e-05 | PDE: 1.7176e-02 | Val: 5.5827e-06 | Test: 6.6482e-06 | LR=8.0e-04

>>> Alpha increased: 1e-03 → 1e-02 (BC=2.8648e-05) <<<
Epoch  32/100 | Steps:  32000 | α=1e-02 | Loss: 3.7942e-05 | BC: 2.8648e-05 | PDE: 9.2944e-03 | Val: 1.6116e-06 | Test: 1.4109e-06 | LR=7.8e-04 *
Epoch  33/100 | Steps:  33000 | α=1e-02 | Loss: 1.6475e-03 | BC: 7.0233e-04 | PDE: 9.4520e-02 | Val: 1.3515e-05 | Test: 1.3750e-05 | LR=7.7e-04
Epoch  34/100 | Steps:  34000 | α=1e-02 | Loss: 7.3435e-05 | BC: 3.5933e-05 | PDE: 3.7501e-03 | Val: 1.8585e-06 | Test: 1.2512e-06 | LR=7.6e-04
Epoch  35/100 | Steps:  35000 | α=1e-02 | Loss: 2.4716e-04 | BC: 1.0745e-04 | PDE: 1.3971e-02 | Val: 4.2069e-05 | Test: 3.7480e-05 | LR=7.4e-04
Epoch  36/100 | Steps:  36000 | α=1e-02 | Loss: 1.1360e-04 | BC: 5.7485e-05 | PDE: 5.6113e-03 | Val: 1.6071e-05 | Test: 2.7200e-05 | LR=7.3e-04
Epoch  37/100 | Steps:  37000 | α=1e-02 | Loss: 7.4428e-05 | BC: 3.8985e-05 | PDE: 3.5443e-03 | Val: 8.6581e-05 | Test: 5.2567e-05 | LR=7.2e-04
Epoch  38/100 | Steps:  38000 | α=1e-02 | Loss: 2.7506e-04 | BC: 1.4045e-04 | PDE: 1.3462e-02 | Val: 1.3919e-04 | Test: 1.3601e-04 | LR=7.0e-04
Epoch  39/100 | Steps:  39000 | α=1e-02 | Loss: 1.1997e-05 | BC: 4.8018e-06 | PDE: 7.1952e-04 | Val: 1.9460e-06 | Test: 4.0468e-06 | LR=6.9e-04
Epoch  40/100 | Steps:  40000 | α=1e-02 | Loss: 9.8417e-05 | BC: 4.6038e-05 | PDE: 5.2379e-03 | Val: 2.3763e-05 | Test: 2.5584e-05 | LR=6.7e-04
Epoch  41/100 | Steps:  41000 | α=1e-02 | Loss: 1.3591e-04 | BC: 6.7322e-05 | PDE: 6.8587e-03 | Val: 1.9173e-06 | Test: 2.0260e-06 | LR=6.6e-04
Epoch  42/100 | Steps:  42000 | α=1e-02 | Loss: 2.4861e-04 | BC: 1.4657e-04 | PDE: 1.0204e-02 | Val: 1.4923e-06 | Test: 2.2262e-06 | LR=6.4e-04 *
Epoch  43/100 | Steps:  43000 | α=1e-02 | Loss: 3.5187e-06 | BC: 1.5660e-06 | PDE: 1.9527e-04 | Val: 1.1857e-05 | Test: 1.2257e-05 | LR=6.3e-04
Epoch  44/100 | Steps:  44000 | α=1e-02 | Loss: 7.6832e-05 | BC: 3.8077e-05 | PDE: 3.8755e-03 | Val: 1.7078e-04 | Test: 1.5275e-04 | LR=6.1e-04
Epoch  45/100 | Steps:  45000 | α=1e-02 | Loss: 1.2464e-04 | BC: 5.6378e-05 | PDE: 6.8262e-03 | Val: 4.3286e-05 | Test: 3.1390e-05 | LR=6.0e-04
Epoch  46/100 | Steps:  46000 | α=1e-02 | Loss: 9.7968e-05 | BC: 5.1928e-05 | PDE: 4.6040e-03 | Val: 1.9357e-06 | Test: 1.4015e-06 | LR=5.8e-04
Epoch  47/100 | Steps:  47000 | α=1e-02 | Loss: 1.2748e-05 | BC: 6.5135e-06 | PDE: 6.2347e-04 | Val: 5.6657e-06 | Test: 8.3176e-06 | LR=5.7e-04

>>> Alpha increased: 1e-02 → 1e-01 (BC=6.6129e-05) <<<
Epoch  48/100 | Steps:  48000 | α=1e-01 | Loss: 1.3051e-04 | BC: 6.6129e-05 | PDE: 6.4386e-03 | Val: 1.4487e-03 | Test: 1.2691e-03 | LR=5.5e-04 *
Epoch  49/100 | Steps:  49000 | α=1e-01 | Loss: 4.2259e-03 | BC: 1.3688e-03 | PDE: 2.8570e-02 | Val: 8.5631e-06 | Test: 5.1003e-06 | LR=5.4e-04 *
Epoch  50/100 | Steps:  50000 | α=1e-01 | Loss: 7.1607e-04 | BC: 1.4750e-04 | PDE: 5.6857e-03 | Val: 4.7988e-05 | Test: 5.1716e-05 | LR=5.2e-04
Epoch  51/100 | Steps:  51000 | α=1e-01 | Loss: 5.2446e-04 | BC: 8.9563e-05 | PDE: 4.3490e-03 | Val: 7.6190e-05 | Test: 3.6496e-05 | LR=5.1e-04
Epoch  52/100 | Steps:  52000 | α=1e-01 | Loss: 4.3902e-04 | BC: 1.2566e-04 | PDE: 3.1336e-03 | Val: 3.3647e-06 | Test: 1.8420e-06 | LR=4.9e-04 *
Epoch  53/100 | Steps:  53000 | α=1e-01 | Loss: 3.9931e-04 | BC: 6.4065e-05 | PDE: 3.3524e-03 | Val: 3.3774e-06 | Test: 2.9372e-06 | LR=4.7e-04
Epoch  54/100 | Steps:  54000 | α=1e-01 | Loss: 3.9598e-04 | BC: 6.9380e-05 | PDE: 3.2660e-03 | Val: 3.3617e-06 | Test: 1.5028e-06 | LR=4.6e-04 *
Epoch  55/100 | Steps:  55000 | α=1e-01 | Loss: 5.0138e-04 | BC: 9.3521e-05 | PDE: 4.0786e-03 | Val: 5.5881e-06 | Test: 4.7153e-06 | LR=4.4e-04
Epoch  56/100 | Steps:  56000 | α=1e-01 | Loss: 3.4092e-04 | BC: 7.8336e-05 | PDE: 2.6258e-03 | Val: 1.2349e-05 | Test: 4.8245e-06 | LR=4.3e-04
Epoch  57/100 | Steps:  57000 | α=1e-01 | Loss: 3.2576e-04 | BC: 8.8754e-05 | PDE: 2.3701e-03 | Val: 1.9004e-05 | Test: 2.4413e-05 | LR=4.1e-04
Epoch  58/100 | Steps:  58000 | α=1e-01 | Loss: 2.9205e-04 | BC: 4.7013e-05 | PDE: 2.4504e-03 | Val: 3.1682e-06 | Test: 2.5454e-06 | LR=4.0e-04 *
Epoch  59/100 | Steps:  59000 | α=1e-01 | Loss: 2.7136e-04 | BC: 5.4097e-05 | PDE: 2.1727e-03 | Val: 9.6605e-06 | Test: 8.5147e-06 | LR=3.8e-04
Epoch  60/100 | Steps:  60000 | α=1e-01 | Loss: 1.8822e-04 | BC: 4.0691e-05 | PDE: 1.4753e-03 | Val: 1.1400e-04 | Test: 1.1997e-04 | LR=3.7e-04
Epoch  61/100 | Steps:  61000 | α=1e-01 | Loss: 2.0505e-04 | BC: 4.1935e-05 | PDE: 1.6311e-03 | Val: 3.9108e-06 | Test: 3.6576e-06 | LR=3.5e-04
Epoch  62/100 | Steps:  62000 | α=1e-01 | Loss: 2.7258e-04 | BC: 5.7224e-05 | PDE: 2.1535e-03 | Val: 5.7363e-06 | Test: 3.9149e-06 | LR=3.4e-04
Epoch  63/100 | Steps:  63000 | α=1e-01 | Loss: 2.4334e-04 | BC: 4.6599e-05 | PDE: 1.9674e-03 | Val: 1.9322e-05 | Test: 1.9111e-05 | LR=3.2e-04
Epoch  64/100 | Steps:  64000 | α=1e-01 | Loss: 7.8795e-05 | BC: 1.5600e-05 | PDE: 6.3194e-04 | Val: 2.4131e-06 | Test: 1.2335e-06 | LR=3.1e-04 *
Epoch  65/100 | Steps:  65000 | α=1e-01 | Loss: 2.5018e-04 | BC: 4.1504e-05 | PDE: 2.0868e-03 | Val: 2.8084e-06 | Test: 2.2183e-06 | LR=2.9e-04
Epoch  66/100 | Steps:  66000 | α=1e-01 | Loss: 1.1525e-04 | BC: 2.1718e-05 | PDE: 9.3533e-04 | Val: 1.2145e-04 | Test: 1.0422e-04 | LR=2.8e-04
Epoch  67/100 | Steps:  67000 | α=1e-01 | Loss: 1.1727e-04 | BC: 2.2618e-05 | PDE: 9.4651e-04 | Val: 1.0920e-04 | Test: 9.1209e-05 | LR=2.7e-04
Epoch  68/100 | Steps:  68000 | α=1e-01 | Loss: 4.5035e-05 | BC: 8.8320e-06 | PDE: 3.6203e-04 | Val: 4.4864e-06 | Test: 4.1136e-06 | LR=2.5e-04
Epoch  69/100 | Steps:  69000 | α=1e-01 | Loss: 2.2241e-04 | BC: 6.4576e-05 | PDE: 1.5784e-03 | Val: 2.7877e-05 | Test: 1.1404e-05 | LR=2.4e-04
Epoch  70/100 | Steps:  70000 | α=1e-01 | Loss: 9.9834e-05 | BC: 1.6410e-05 | PDE: 8.3424e-04 | Val: 1.5031e-04 | Test: 4.1540e-05 | LR=2.3e-04
Epoch  71/100 | Steps:  71000 | α=1e-01 | Loss: 1.1436e-04 | BC: 1.8954e-05 | PDE: 9.5405e-04 | Val: 2.7127e-05 | Test: 3.2787e-05 | LR=2.1e-04
Epoch  72/100 | Steps:  72000 | α=1e-01 | Loss: 1.9818e-05 | BC: 4.0086e-06 | PDE: 1.5810e-04 | Val: 7.3922e-06 | Test: 7.2068e-06 | LR=2.0e-04
Epoch  73/100 | Steps:  73000 | α=1e-01 | Loss: 8.4241e-05 | BC: 1.7648e-05 | PDE: 6.6593e-04 | Val: 1.3642e-06 | Test: 1.2344e-06 | LR=1.9e-04 *
Epoch  74/100 | Steps:  74000 | α=1e-01 | Loss: 4.5183e-05 | BC: 8.5243e-06 | PDE: 3.6658e-04 | Val: 1.2992e-04 | Test: 2.5688e-05 | LR=1.8e-04
Epoch  75/100 | Steps:  75000 | α=1e-01 | Loss: 7.0565e-05 | BC: 1.5888e-05 | PDE: 5.4676e-04 | Val: 1.3928e-06 | Test: 1.6232e-06 | LR=1.7e-04
Epoch  76/100 | Steps:  76000 | α=1e-01 | Loss: 2.4994e-05 | BC: 3.6491e-06 | PDE: 2.1345e-04 | Val: 2.4901e-06 | Test: 2.1746e-06 | LR=1.5e-04
Epoch  77/100 | Steps:  77000 | α=1e-01 | Loss: 6.2364e-05 | BC: 9.6327e-06 | PDE: 5.2732e-04 | Val: 7.7307e-07 | Test: 6.7302e-07 | LR=1.4e-04 *
Epoch  78/100 | Steps:  78000 | α=1e-01 | Loss: 1.7294e-05 | BC: 2.7494e-06 | PDE: 1.4544e-04 | Val: 1.5904e-06 | Test: 1.2538e-06 | LR=1.3e-04
Epoch  79/100 | Steps:  79000 | α=1e-01 | Loss: 3.9655e-05 | BC: 6.9206e-06 | PDE: 3.2735e-04 | Val: 2.8889e-07 | Test: 2.6094e-07 | LR=1.2e-04 *
Epoch  80/100 | Steps:  80000 | α=1e-01 | Loss: 5.1768e-05 | BC: 8.8030e-06 | PDE: 4.2965e-04 | Val: 2.2123e-07 | Test: 3.0115e-07 | LR=1.1e-04 *
Epoch  81/100 | Steps:  81000 | α=1e-01 | Loss: 5.4072e-06 | BC: 8.4536e-07 | PDE: 4.5618e-05 | Val: 3.3482e-07 | Test: 3.1688e-07 | LR=1.0e-04
Epoch  82/100 | Steps:  82000 | α=1e-01 | Loss: 1.9376e-05 | BC: 3.4884e-06 | PDE: 1.5888e-04 | Val: 8.2166e-07 | Test: 9.0724e-07 | LR=9.6e-05
Epoch  83/100 | Steps:  83000 | α=1e-01 | Loss: 8.6988e-06 | BC: 1.3363e-06 | PDE: 7.3625e-05 | Val: 3.4192e-06 | Test: 4.8745e-06 | LR=8.7e-05
Epoch  84/100 | Steps:  84000 | α=1e-01 | Loss: 1.4858e-05 | BC: 3.0618e-06 | PDE: 1.1796e-04 | Val: 5.1835e-07 | Test: 4.9375e-07 | LR=7.9e-05
Epoch  85/100 | Steps:  85000 | α=1e-01 | Loss: 9.0651e-06 | BC: 1.5245e-06 | PDE: 7.5407e-05 | Val: 3.3414e-07 | Test: 2.8436e-07 | LR=7.1e-05
Epoch  86/100 | Steps:  86000 | α=1e-01 | Loss: 8.5072e-06 | BC: 1.4684e-06 | PDE: 7.0388e-05 | Val: 3.5335e-07 | Test: 4.4167e-07 | LR=6.4e-05
Epoch  87/100 | Steps:  87000 | α=1e-01 | Loss: 5.3957e-06 | BC: 9.6681e-07 | PDE: 4.4289e-05 | Val: 4.7963e-07 | Test: 5.7872e-07 | LR=5.7e-05
Epoch  88/100 | Steps:  88000 | α=1e-01 | Loss: 7.6305e-06 | BC: 1.0347e-06 | PDE: 6.5958e-05 | Val: 2.7155e-07 | Test: 2.9193e-07 | LR=5.1e-05
Epoch  89/100 | Steps:  89000 | α=1e-01 | Loss: 2.3973e-06 | BC: 3.9169e-07 | PDE: 2.0057e-05 | Val: 1.5155e-07 | Test: 1.8928e-07 | LR=4.5e-05 *
Epoch  90/100 | Steps:  90000 | α=1e-01 | Loss: 4.1629e-06 | BC: 7.4651e-07 | PDE: 3.4164e-05 | Val: 3.1882e-07 | Test: 3.3013e-07 | LR=3.9e-05
Epoch  91/100 | Steps:  91000 | α=1e-01 | Loss: 6.2258e-06 | BC: 1.1642e-06 | PDE: 5.0616e-05 | Val: 3.2439e-07 | Test: 2.4996e-07 | LR=3.4e-05
Epoch  92/100 | Steps:  92000 | α=1e-01 | Loss: 1.4764e-06 | BC: 2.4763e-07 | PDE: 1.2288e-05 | Val: 1.6621e-07 | Test: 1.8472e-07 | LR=3.0e-05
Epoch  93/100 | Steps:  93000 | α=1e-01 | Loss: 1.9390e-06 | BC: 3.6648e-07 | PDE: 1.5725e-05 | Val: 1.7626e-07 | Test: 2.1879e-07 | LR=2.6e-05
Epoch  94/100 | Steps:  94000 | α=1e-01 | Loss: 1.3747e-06 | BC: 2.4387e-07 | PDE: 1.1308e-05 | Val: 1.6149e-07 | Test: 2.0144e-07 | LR=2.2e-05
Epoch  95/100 | Steps:  95000 | α=1e-01 | Loss: 3.1883e-06 | BC: 5.0174e-07 | PDE: 2.6866e-05 | Val: 1.4546e-07 | Test: 2.0050e-07 | LR=1.9e-05 *
Epoch  96/100 | Steps:  96000 | α=1e-01 | Loss: 1.0798e-06 | BC: 1.7442e-07 | PDE: 9.0539e-06 | Val: 1.0791e-07 | Test: 1.7966e-07 | LR=1.6e-05 *
Epoch  97/100 | Steps:  97000 | α=1e-01 | Loss: 1.0657e-06 | BC: 1.6928e-07 | PDE: 8.9637e-06 | Val: 1.5370e-07 | Test: 1.8553e-07 | LR=1.4e-05
Epoch  98/100 | Steps:  98000 | α=1e-01 | Loss: 9.8832e-07 | BC: 1.7517e-07 | PDE: 8.1315e-06 | Val: 2.6789e-07 | Test: 3.8122e-07 | LR=1.2e-05
Epoch  99/100 | Steps:  99000 | α=1e-01 | Loss: 1.0048e-06 | BC: 1.6442e-07 | PDE: 8.4040e-06 | Val: 4.9478e-07 | Test: 6.0311e-07 | LR=1.1e-05
Epoch 100/100 | Steps: 100000 | α=1e-01 | Loss: 1.0805e-06 | BC: 1.8218e-07 | PDE: 8.9828e-06 | Val: 1.1376e-07 | Test: 1.7103e-07 | LR=1.0e-05

Restored best model from epoch 96 (val_loss: 1.0791e-07, test_loss: 1.7966e-07)
Best checkpoint saved to: outputs/expr_6_2/arctan/l5/checkpoints/best_model.pt
Final checkpoint saved to: outputs/expr_6_2/arctan/l5/checkpoints/final_model.pt
Training completed in 1011.42s (100,000 total steps)

Final Test MSE: 1.7103e-07
Inference (per point): 9.2592e-05s | (full domain): 9.1341e-05s
Saved plot to outputs/expr_6_2/arctan/l5/plots/results.png
