
============================================================
Running Example: aronsson_disc
============================================================

Generated full disc domain data:
  Boundary points: 10,000
  Interior points: 783,764
  Test points: 7,668
Re-sampling enabled: ~783,764 interior points per epoch

Splitting data: 80% train, 20% validation
  BC: 8,000 train, 2,000 val
  Interior: 627,011 train, 156,753 val

Model: InfinityLaplacianPINN
  Hidden layers: [128, 128, 128]
  Activation: tanh
  η: 1e-05 (normalized)
  Residual clipping: [-10.0, 10.0]
  Outlier removal: top 2.0%
  Parameters: 33,537

Training configuration:
  Boundary points (train): 8,000 -> 20 batches of 400
  Interior points (train): 783,764 -> 784 batches of 1000
  Interior sampling: RE-SAMPLE each epoch
  Boundary points (val): 2,000
  Validation loss: BC only
  Steps per epoch: 784
  Total steps: 78,400
  Epochs: 100
  Loss balancing: AlphaPlateauScheduler
  LR scheduler: cosine (LR: 1.0e-03 -> 1.0e-05)

/usr/local/lib/python3.12/dist-packages/torch/autograd/graph.py:824: UserWarning: Attempting to run cuBLAS, but there was no current CUDA context! Attempting to set the primary context... (Triggered internally at /opt/pytorch/pytorch/aten/src/ATen/cuda/CublasHandlePool.cpp:181.)
  return Variable._execution_engine.run_backward(  # Calls into the C++ engine to run the backward pass
Epoch   1/100 | Steps:    784 | α=1e-05 | Loss: 3.0947e-02 | BC: 3.0920e-02 | PDE: 2.7882e+00 | Val: 1.7056e-04 | Test: 6.0715e-03 | LR=1.0e-03 *
Epoch   2/100 | Steps:   1568 | α=1e-05 | Loss: 2.4039e-04 | BC: 2.0897e-04 | PDE: 3.1419e+00 | Val: 1.1291e-04 | Test: 6.8829e-03 | LR=1.0e-03 *
Epoch   3/100 | Steps:   2352 | α=1e-05 | Loss: 2.2421e-04 | BC: 1.9335e-04 | PDE: 3.0864e+00 | Val: 1.8054e-04 | Test: 7.2777e-03 | LR=1.0e-03
Epoch   4/100 | Steps:   3136 | α=1e-05 | Loss: 2.0170e-04 | BC: 1.7269e-04 | PDE: 2.9017e+00 | Val: 2.3323e-04 | Test: 7.1116e-03 | LR=1.0e-03
Epoch   5/100 | Steps:   3920 | α=1e-05 | Loss: 1.6435e-04 | BC: 1.3815e-04 | PDE: 2.6199e+00 | Val: 9.1756e-05 | Test: 6.2280e-03 | LR=1.0e-03 *
Epoch   6/100 | Steps:   4704 | α=1e-05 | Loss: 1.3568e-04 | BC: 1.1257e-04 | PDE: 2.3107e+00 | Val: 4.0124e-04 | Test: 6.3398e-03 | LR=9.9e-04
Epoch   7/100 | Steps:   5488 | α=1e-05 | Loss: 1.2647e-04 | BC: 1.0685e-04 | PDE: 1.9618e+00 | Val: 3.1185e-05 | Test: 5.7677e-03 | LR=9.9e-04 *
Epoch   8/100 | Steps:   6272 | α=1e-05 | Loss: 1.1022e-04 | BC: 9.3131e-05 | PDE: 1.7085e+00 | Val: 8.7933e-05 | Test: 5.2710e-03 | LR=9.9e-04
Epoch   9/100 | Steps:   7056 | α=1e-05 | Loss: 1.0042e-04 | BC: 8.5080e-05 | PDE: 1.5342e+00 | Val: 1.4225e-04 | Test: 5.1159e-03 | LR=9.8e-04
Epoch  10/100 | Steps:   7840 | α=1e-05 | Loss: 1.0024e-04 | BC: 8.6432e-05 | PDE: 1.3811e+00 | Val: 1.2630e-04 | Test: 4.6238e-03 | LR=9.8e-04
Epoch  11/100 | Steps:   8624 | α=1e-05 | Loss: 7.7035e-05 | BC: 6.4443e-05 | PDE: 1.2592e+00 | Val: 2.1767e-05 | Test: 4.8444e-03 | LR=9.8e-04 *
Epoch  12/100 | Steps:   9408 | α=1e-05 | Loss: 8.4330e-05 | BC: 7.2992e-05 | PDE: 1.1337e+00 | Val: 2.2569e-05 | Test: 4.4933e-03 | LR=9.7e-04
Epoch  13/100 | Steps:  10192 | α=1e-05 | Loss: 7.5688e-05 | BC: 6.5585e-05 | PDE: 1.0103e+00 | Val: 8.7147e-05 | Test: 4.1147e-03 | LR=9.7e-04
Epoch  14/100 | Steps:  10976 | α=1e-05 | Loss: 6.8861e-05 | BC: 5.9673e-05 | PDE: 9.1874e-01 | Val: 4.6251e-05 | Test: 4.1746e-03 | LR=9.6e-04
Epoch  15/100 | Steps:  11760 | α=1e-05 | Loss: 5.9468e-05 | BC: 5.0976e-05 | PDE: 8.4922e-01 | Val: 5.9112e-05 | Test: 3.6303e-03 | LR=9.5e-04
Epoch  16/100 | Steps:  12544 | α=1e-05 | Loss: 5.7773e-05 | BC: 4.9921e-05 | PDE: 7.8526e-01 | Val: 1.6397e-05 | Test: 3.1166e-03 | LR=9.5e-04 *
Epoch  17/100 | Steps:  13328 | α=1e-05 | Loss: 6.1236e-05 | BC: 5.3646e-05 | PDE: 7.5900e-01 | Val: 1.5258e-05 | Test: 2.8932e-03 | LR=9.4e-04 *
Epoch  18/100 | Steps:  14112 | α=1e-05 | Loss: 4.6635e-05 | BC: 3.9427e-05 | PDE: 7.2083e-01 | Val: 1.3911e-05 | Test: 2.8240e-03 | LR=9.3e-04 *
Epoch  19/100 | Steps:  14896 | α=1e-05 | Loss: 5.1700e-05 | BC: 4.4892e-05 | PDE: 6.8075e-01 | Val: 6.4755e-05 | Test: 2.7747e-03 | LR=9.2e-04
Epoch  20/100 | Steps:  15680 | α=1e-05 | Loss: 4.4566e-05 | BC: 3.8215e-05 | PDE: 6.3513e-01 | Val: 5.9858e-05 | Test: 2.2836e-03 | LR=9.1e-04
Epoch  21/100 | Steps:  16464 | α=1e-05 | Loss: 4.2754e-05 | BC: 3.6825e-05 | PDE: 5.9298e-01 | Val: 1.4849e-04 | Test: 2.6706e-03 | LR=9.1e-04
Epoch  22/100 | Steps:  17248 | α=1e-05 | Loss: 3.9930e-05 | BC: 3.4424e-05 | PDE: 5.5065e-01 | Val: 1.8289e-05 | Test: 1.8786e-03 | LR=9.0e-04

>>> Alpha increased: 1e-05 → 1e-04 (BC=3.4005e-05) <<<
Epoch  23/100 | Steps:  18032 | α=1e-04 | Loss: 3.9137e-05 | BC: 3.4005e-05 | PDE: 5.1324e-01 | Val: 6.7858e-06 | Test: 1.6674e-03 | LR=8.9e-04 *
Epoch  24/100 | Steps:  18816 | α=1e-04 | Loss: 7.0029e-05 | BC: 4.4091e-05 | PDE: 2.5937e-01 | Val: 8.9463e-05 | Test: 5.1363e-04 | LR=8.8e-04
Epoch  25/100 | Steps:  19600 | α=1e-04 | Loss: 5.1670e-05 | BC: 3.8016e-05 | PDE: 1.3654e-01 | Val: 1.2512e-05 | Test: 1.7515e-04 | LR=8.7e-04
Epoch  26/100 | Steps:  20384 | α=1e-04 | Loss: 4.3737e-05 | BC: 3.3850e-05 | PDE: 9.8871e-02 | Val: 1.5041e-05 | Test: 1.3566e-04 | LR=8.6e-04
Epoch  27/100 | Steps:  21168 | α=1e-04 | Loss: 4.0683e-05 | BC: 3.2567e-05 | PDE: 8.1160e-02 | Val: 1.1505e-05 | Test: 7.4557e-05 | LR=8.4e-04
Epoch  28/100 | Steps:  21952 | α=1e-04 | Loss: 3.5713e-05 | BC: 2.8622e-05 | PDE: 7.0907e-02 | Val: 9.8110e-06 | Test: 4.6309e-05 | LR=8.3e-04
Epoch  29/100 | Steps:  22736 | α=1e-04 | Loss: 3.3853e-05 | BC: 2.7456e-05 | PDE: 6.3972e-02 | Val: 8.8483e-06 | Test: 6.0845e-05 | LR=8.2e-04
Epoch  30/100 | Steps:  23520 | α=1e-04 | Loss: 3.2813e-05 | BC: 2.6984e-05 | PDE: 5.8291e-02 | Val: 2.2246e-06 | Test: 4.3123e-05 | LR=8.1e-04 *
Epoch  31/100 | Steps:  24304 | α=1e-04 | Loss: 3.2860e-05 | BC: 2.7386e-05 | PDE: 5.4743e-02 | Val: 3.9555e-06 | Test: 4.2384e-05 | LR=8.0e-04
Epoch  32/100 | Steps:  25088 | α=1e-04 | Loss: 3.0090e-05 | BC: 2.5008e-05 | PDE: 5.0824e-02 | Val: 6.8611e-05 | Test: 1.0771e-04 | LR=7.8e-04
Epoch  33/100 | Steps:  25872 | α=1e-04 | Loss: 3.2412e-05 | BC: 2.7553e-05 | PDE: 4.8585e-02 | Val: 1.6731e-06 | Test: 3.3003e-05 | LR=7.7e-04 *
Epoch  34/100 | Steps:  26656 | α=1e-04 | Loss: 1.9448e-05 | BC: 1.4932e-05 | PDE: 4.5163e-02 | Val: 1.1747e-05 | Test: 2.6451e-05 | LR=7.6e-04
Epoch  35/100 | Steps:  27440 | α=1e-04 | Loss: 2.5767e-05 | BC: 2.1483e-05 | PDE: 4.2839e-02 | Val: 1.8441e-05 | Test: 3.7749e-05 | LR=7.4e-04
Epoch  36/100 | Steps:  28224 | α=1e-04 | Loss: 2.1631e-05 | BC: 1.7602e-05 | PDE: 4.0288e-02 | Val: 2.4552e-05 | Test: 4.4481e-05 | LR=7.3e-04
Epoch  37/100 | Steps:  29008 | α=1e-04 | Loss: 2.1743e-05 | BC: 1.7950e-05 | PDE: 3.7931e-02 | Val: 1.5741e-05 | Test: 2.5468e-05 | LR=7.2e-04
Epoch  38/100 | Steps:  29792 | α=1e-04 | Loss: 2.1244e-05 | BC: 1.7612e-05 | PDE: 3.6321e-02 | Val: 1.1067e-05 | Test: 2.7309e-05 | LR=7.0e-04

>>> Alpha increased: 1e-04 → 1e-03 (BC=1.7774e-05) <<<
Epoch  39/100 | Steps:  30576 | α=1e-03 | Loss: 2.1167e-05 | BC: 1.7774e-05 | PDE: 3.3930e-02 | Val: 2.6171e-06 | Test: 2.1410e-05 | LR=6.9e-04 *
Epoch  40/100 | Steps:  31360 | α=1e-03 | Loss: 4.0788e-05 | BC: 1.6493e-05 | PDE: 2.4294e-02 | Val: 4.3251e-06 | Test: 1.0353e-05 | LR=6.7e-04
Epoch  41/100 | Steps:  32144 | α=1e-03 | Loss: 3.8454e-05 | BC: 2.0335e-05 | PDE: 1.8120e-02 | Val: 1.5919e-06 | Test: 7.2502e-06 | LR=6.6e-04 *
Epoch  42/100 | Steps:  32928 | α=1e-03 | Loss: 2.5744e-05 | BC: 1.0376e-05 | PDE: 1.5368e-02 | Val: 4.7150e-06 | Test: 6.7136e-06 | LR=6.4e-04
Epoch  43/100 | Steps:  33712 | α=1e-03 | Loss: 2.8423e-05 | BC: 1.4736e-05 | PDE: 1.3687e-02 | Val: 2.3446e-06 | Test: 4.2200e-06 | LR=6.3e-04
Epoch  44/100 | Steps:  34496 | α=1e-03 | Loss: 2.3972e-05 | BC: 1.1484e-05 | PDE: 1.2488e-02 | Val: 2.3690e-05 | Test: 2.4839e-05 | LR=6.1e-04
Epoch  45/100 | Steps:  35280 | α=1e-03 | Loss: 2.5814e-05 | BC: 1.4203e-05 | PDE: 1.1611e-02 | Val: 8.2569e-06 | Test: 7.6356e-06 | LR=6.0e-04
Epoch  46/100 | Steps:  36064 | α=1e-03 | Loss: 2.2593e-05 | BC: 1.1743e-05 | PDE: 1.0850e-02 | Val: 8.5816e-07 | Test: 3.0511e-06 | LR=5.8e-04 *

>>> Alpha increased: 1e-03 → 1e-02 (BC=8.9968e-06) <<<
Epoch  47/100 | Steps:  36848 | α=1e-02 | Loss: 1.9131e-05 | BC: 8.9968e-06 | PDE: 1.0134e-02 | Val: 7.4568e-06 | Test: 8.1845e-06 | LR=5.7e-04 *
Epoch  48/100 | Steps:  37632 | α=1e-02 | Loss: 1.1730e-04 | BC: 2.1510e-05 | PDE: 9.5789e-03 | Val: 3.1412e-06 | Test: 4.5901e-06 | LR=5.5e-04 *
Epoch  49/100 | Steps:  38416 | α=1e-02 | Loss: 9.7487e-05 | BC: 1.8390e-05 | PDE: 7.9097e-03 | Val: 4.7307e-06 | Test: 5.7173e-06 | LR=5.4e-04
Epoch  50/100 | Steps:  39200 | α=1e-02 | Loss: 7.7155e-05 | BC: 1.1983e-05 | PDE: 6.5172e-03 | Val: 6.1556e-06 | Test: 5.3882e-06 | LR=5.2e-04
Epoch  51/100 | Steps:  39984 | α=1e-02 | Loss: 7.0954e-05 | BC: 1.3653e-05 | PDE: 5.7301e-03 | Val: 6.9091e-06 | Test: 5.9516e-06 | LR=5.1e-04
Epoch  52/100 | Steps:  40768 | α=1e-02 | Loss: 7.3362e-05 | BC: 1.8675e-05 | PDE: 5.4687e-03 | Val: 3.0837e-06 | Test: 5.2300e-06 | LR=4.9e-04 *
Epoch  53/100 | Steps:  41552 | α=1e-02 | Loss: 5.7793e-05 | BC: 1.3315e-05 | PDE: 4.4478e-03 | Val: 7.4355e-06 | Test: 7.0767e-06 | LR=4.7e-04
Epoch  54/100 | Steps:  42336 | α=1e-02 | Loss: 4.5254e-05 | BC: 7.7393e-06 | PDE: 3.7514e-03 | Val: 1.1274e-05 | Test: 1.3607e-05 | LR=4.6e-04
Epoch  55/100 | Steps:  43120 | α=1e-02 | Loss: 4.1611e-05 | BC: 9.6636e-06 | PDE: 3.1947e-03 | Val: 4.2134e-06 | Test: 4.6642e-06 | LR=4.4e-04
Epoch  56/100 | Steps:  43904 | α=1e-02 | Loss: 3.7190e-05 | BC: 7.9021e-06 | PDE: 2.9288e-03 | Val: 2.3908e-06 | Test: 4.1966e-06 | LR=4.3e-04 *
Epoch  57/100 | Steps:  44688 | α=1e-02 | Loss: 3.7685e-05 | BC: 9.5441e-06 | PDE: 2.8141e-03 | Val: 1.9788e-06 | Test: 3.9749e-06 | LR=4.1e-04 *
Epoch  58/100 | Steps:  45472 | α=1e-02 | Loss: 3.2297e-05 | BC: 8.1518e-06 | PDE: 2.4145e-03 | Val: 5.6664e-06 | Test: 4.3904e-06 | LR=4.0e-04
Epoch  59/100 | Steps:  46256 | α=1e-02 | Loss: 2.7219e-05 | BC: 6.0380e-06 | PDE: 2.1181e-03 | Val: 9.3250e-07 | Test: 5.5955e-06 | LR=3.8e-04 *
Epoch  60/100 | Steps:  47040 | α=1e-02 | Loss: 2.5124e-05 | BC: 6.0160e-06 | PDE: 1.9108e-03 | Val: 7.5026e-06 | Test: 4.5707e-06 | LR=3.7e-04
Epoch  61/100 | Steps:  47824 | α=1e-02 | Loss: 2.4936e-05 | BC: 6.5707e-06 | PDE: 1.8365e-03 | Val: 4.1906e-06 | Test: 4.3110e-06 | LR=3.5e-04
Epoch  62/100 | Steps:  48608 | α=1e-02 | Loss: 2.1368e-05 | BC: 5.5359e-06 | PDE: 1.5832e-03 | Val: 4.2809e-06 | Test: 3.5668e-06 | LR=3.4e-04
Epoch  63/100 | Steps:  49392 | α=1e-02 | Loss: 2.1002e-05 | BC: 5.4426e-06 | PDE: 1.5559e-03 | Val: 5.0230e-06 | Test: 3.1531e-06 | LR=3.2e-04

>>> Alpha increased: 1e-02 → 1e-01 (BC=5.0833e-06) <<<
Epoch  64/100 | Steps:  50176 | α=1e-01 | Loss: 1.9683e-05 | BC: 5.0833e-06 | PDE: 1.4600e-03 | Val: 3.5502e-06 | Test: 2.3619e-06 | LR=3.1e-04 *
Epoch  65/100 | Steps:  50960 | α=1e-01 | Loss: 3.0135e-04 | BC: 4.6868e-05 | PDE: 2.5448e-03 | Val: 6.4508e-05 | Test: 3.2452e-05 | LR=2.9e-04
Epoch  66/100 | Steps:  51744 | α=1e-01 | Loss: 1.7453e-04 | BC: 1.8153e-05 | PDE: 1.5638e-03 | Val: 1.4935e-05 | Test: 1.3785e-05 | LR=2.8e-04
Epoch  67/100 | Steps:  52528 | α=1e-01 | Loss: 1.5603e-04 | BC: 1.7266e-05 | PDE: 1.3876e-03 | Val: 9.9463e-06 | Test: 4.2326e-06 | LR=2.7e-04
Epoch  68/100 | Steps:  53312 | α=1e-01 | Loss: 1.3419e-04 | BC: 1.3941e-05 | PDE: 1.2025e-03 | Val: 1.5676e-05 | Test: 1.1461e-05 | LR=2.5e-04
Epoch  69/100 | Steps:  54096 | α=1e-01 | Loss: 1.3339e-04 | BC: 1.5739e-05 | PDE: 1.1765e-03 | Val: 1.5706e-05 | Test: 7.7636e-06 | LR=2.4e-04
Epoch  70/100 | Steps:  54880 | α=1e-01 | Loss: 1.1861e-04 | BC: 1.3127e-05 | PDE: 1.0548e-03 | Val: 6.7788e-06 | Test: 7.9680e-06 | LR=2.3e-04
Epoch  71/100 | Steps:  55664 | α=1e-01 | Loss: 1.2331e-04 | BC: 1.3974e-05 | PDE: 1.0934e-03 | Val: 2.0950e-05 | Test: 2.6990e-05 | LR=2.1e-04
Epoch  72/100 | Steps:  56448 | α=1e-01 | Loss: 1.0860e-04 | BC: 1.0921e-05 | PDE: 9.7676e-04 | Val: 2.8590e-06 | Test: 3.9895e-06 | LR=2.0e-04 *
Epoch  73/100 | Steps:  57232 | α=1e-01 | Loss: 9.8692e-05 | BC: 1.1037e-05 | PDE: 8.7655e-04 | Val: 1.3339e-05 | Test: 6.5425e-06 | LR=1.9e-04
Epoch  74/100 | Steps:  58016 | α=1e-01 | Loss: 9.3352e-05 | BC: 9.4639e-06 | PDE: 8.3888e-04 | Val: 2.5757e-06 | Test: 1.8733e-06 | LR=1.8e-04 *
Epoch  75/100 | Steps:  58800 | α=1e-01 | Loss: 7.8806e-05 | BC: 6.7589e-06 | PDE: 7.2047e-04 | Val: 4.8397e-06 | Test: 4.4469e-06 | LR=1.7e-04
Epoch  76/100 | Steps:  59584 | α=1e-01 | Loss: 8.1966e-05 | BC: 8.0340e-06 | PDE: 7.3932e-04 | Val: 3.8192e-06 | Test: 5.6231e-06 | LR=1.5e-04
Epoch  77/100 | Steps:  60368 | α=1e-01 | Loss: 7.0289e-05 | BC: 6.4732e-06 | PDE: 6.3816e-04 | Val: 1.4365e-05 | Test: 1.8160e-05 | LR=1.4e-04
Epoch  78/100 | Steps:  61152 | α=1e-01 | Loss: 7.2892e-05 | BC: 6.4611e-06 | PDE: 6.6430e-04 | Val: 7.7771e-06 | Test: 5.6871e-06 | LR=1.3e-04
Epoch  79/100 | Steps:  61936 | α=1e-01 | Loss: 6.6958e-05 | BC: 6.3130e-06 | PDE: 6.0645e-04 | Val: 2.5446e-06 | Test: 1.5223e-06 | LR=1.2e-04 *
Epoch  80/100 | Steps:  62720 | α=1e-01 | Loss: 7.3121e-05 | BC: 7.6150e-06 | PDE: 6.5506e-04 | Val: 4.5023e-06 | Test: 3.2162e-06 | LR=1.1e-04
Epoch  81/100 | Steps:  63504 | α=1e-01 | Loss: 6.2569e-05 | BC: 5.8024e-06 | PDE: 5.6766e-04 | Val: 3.3580e-06 | Test: 1.9714e-06 | LR=1.0e-04
Epoch  82/100 | Steps:  64288 | α=1e-01 | Loss: 6.2449e-05 | BC: 4.7008e-06 | PDE: 5.7749e-04 | Val: 9.8409e-06 | Test: 9.3227e-06 | LR=9.6e-05
Epoch  83/100 | Steps:  65072 | α=1e-01 | Loss: 5.7630e-05 | BC: 4.5007e-06 | PDE: 5.3129e-04 | Val: 2.2964e-06 | Test: 2.1605e-06 | LR=8.7e-05 *
Epoch  84/100 | Steps:  65856 | α=1e-01 | Loss: 4.6712e-05 | BC: 3.2733e-06 | PDE: 4.3439e-04 | Val: 1.9868e-06 | Test: 1.6528e-06 | LR=7.9e-05 *
Epoch  85/100 | Steps:  66640 | α=1e-01 | Loss: 5.6884e-05 | BC: 5.0966e-06 | PDE: 5.1787e-04 | Val: 2.1982e-06 | Test: 2.6864e-06 | LR=7.1e-05
Epoch  86/100 | Steps:  67424 | α=1e-01 | Loss: 4.5230e-05 | BC: 2.6746e-06 | PDE: 4.2555e-04 | Val: 6.1978e-06 | Test: 6.1971e-06 | LR=6.4e-05
Epoch  87/100 | Steps:  68208 | α=1e-01 | Loss: 4.5902e-05 | BC: 2.9996e-06 | PDE: 4.2903e-04 | Val: 2.6008e-06 | Test: 1.9924e-06 | LR=5.7e-05
Epoch  88/100 | Steps:  68992 | α=1e-01 | Loss: 4.3258e-05 | BC: 2.3966e-06 | PDE: 4.0862e-04 | Val: 2.1743e-06 | Test: 1.3576e-06 | LR=5.1e-05
Epoch  89/100 | Steps:  69776 | α=1e-01 | Loss: 4.1285e-05 | BC: 2.0333e-06 | PDE: 3.9251e-04 | Val: 4.1027e-06 | Test: 3.2805e-06 | LR=4.5e-05
Epoch  90/100 | Steps:  70560 | α=1e-01 | Loss: 3.9083e-05 | BC: 1.7345e-06 | PDE: 3.7348e-04 | Val: 2.0107e-06 | Test: 2.3127e-06 | LR=3.9e-05
Epoch  91/100 | Steps:  71344 | α=1e-01 | Loss: 3.5717e-05 | BC: 1.6084e-06 | PDE: 3.4108e-04 | Val: 1.6707e-06 | Test: 1.7138e-06 | LR=3.4e-05 *
Epoch  92/100 | Steps:  72128 | α=1e-01 | Loss: 3.9091e-05 | BC: 1.5073e-06 | PDE: 3.7584e-04 | Val: 1.8688e-06 | Test: 1.4456e-06 | LR=3.0e-05
Epoch  93/100 | Steps:  72912 | α=1e-01 | Loss: 3.3805e-05 | BC: 1.1049e-06 | PDE: 3.2700e-04 | Val: 2.3868e-06 | Test: 3.1149e-06 | LR=2.6e-05
Epoch  94/100 | Steps:  73696 | α=1e-01 | Loss: 3.0889e-05 | BC: 8.2794e-07 | PDE: 3.0061e-04 | Val: 2.6078e-07 | Test: 6.0399e-07 | LR=2.2e-05 *
Epoch  95/100 | Steps:  74480 | α=1e-01 | Loss: 3.1104e-05 | BC: 9.0642e-07 | PDE: 3.0197e-04 | Val: 6.9207e-07 | Test: 9.6314e-07 | LR=1.9e-05
Epoch  96/100 | Steps:  75264 | α=1e-01 | Loss: 3.1502e-05 | BC: 8.7754e-07 | PDE: 3.0624e-04 | Val: 1.6126e-06 | Test: 1.7142e-06 | LR=1.6e-05
Epoch  97/100 | Steps:  76048 | α=1e-01 | Loss: 3.0776e-05 | BC: 6.7093e-07 | PDE: 3.0105e-04 | Val: 6.0187e-07 | Test: 7.0188e-07 | LR=1.4e-05
Epoch  98/100 | Steps:  76832 | α=1e-01 | Loss: 2.9322e-05 | BC: 5.6055e-07 | PDE: 2.8761e-04 | Val: 7.6996e-07 | Test: 1.0242e-06 | LR=1.2e-05
Epoch  99/100 | Steps:  77616 | α=1e-01 | Loss: 3.0277e-05 | BC: 5.9868e-07 | PDE: 2.9678e-04 | Val: 4.2195e-07 | Test: 9.7345e-07 | LR=1.1e-05
Epoch 100/100 | Steps:  78400 | α=1e-01 | Loss: 2.8662e-05 | BC: 5.5142e-07 | PDE: 2.8110e-04 | Val: 3.3820e-07 | Test: 6.8318e-07 | LR=1.0e-05

Restored best model from epoch 94 (val_loss: 2.6078e-07, test_loss: 6.0399e-07)
Best checkpoint saved to: outputs/expr_6_2/aronsson_disc/l3/checkpoints/best_model.pt
Final checkpoint saved to: outputs/expr_6_2/aronsson_disc/l3/checkpoints/final_model.pt
Training completed in 662.82s (78,400 total steps)

Final Test MSE: 6.8318e-07
Inference (per point): 6.4480e-05s | (full domain): 6.1648e-05s
Saved plot to outputs/expr_6_2/aronsson_disc/l3/plots/results.png
