
============================================================
Running Example: aronsson_square
============================================================

Generated full domain data:
  Boundary points: 40,000
  Interior points: 1,000,000
  Test points: 10,000
Re-sampling enabled: ~1,000,000 interior points per epoch

Splitting data: 80% train, 20% validation
  BC: 32,000 train, 8,000 val
  Interior: 800,000 train, 200,000 val

Model: InfinityLaplacianPINN
  Hidden layers: [128, 128, 128, 128]
  Activation: tanh
  Parameters: 50,049

Training configuration:
  Boundary points (train): 32,000 -> 80 batches of 400
  Interior points (train): 1,000,000 -> 1000 batches of 1000
  Interior sampling: RE-SAMPLE each epoch
  Boundary points (val): 8,000
  Validation loss: BC only
  Steps per epoch: 1,000
  Total steps: 100,000
  Epochs: 100
  Loss balancing: AlphaPlateauScheduler
  LR scheduler: cosine (LR: 1.0e-03 -> 1.0e-05)

/usr/local/lib/python3.12/dist-packages/torch/autograd/graph.py:824: UserWarning: Attempting to run cuBLAS, but there was no current CUDA context! Attempting to set the primary context... (Triggered internally at /opt/pytorch/pytorch/aten/src/ATen/cuda/CublasHandlePool.cpp:181.)
  return Variable._execution_engine.run_backward(  # Calls into the C++ engine to run the backward pass
Epoch   1/100 | Steps:   1000 | α=1e-05 | Loss: 2.2400e-02 | BC: 2.2349e-02 | PDE: 5.1136e+00 | Val: 2.2630e-04 | Test: 2.8717e-03 | LR=1.0e-03 *
Epoch   2/100 | Steps:   2000 | α=1e-05 | Loss: 3.7803e-04 | BC: 3.5727e-04 | PDE: 2.0755e+00 | Val: 1.2414e-04 | Test: 5.5075e-04 | LR=1.0e-03 *
Epoch   3/100 | Steps:   3000 | α=1e-05 | Loss: 2.9799e-04 | BC: 2.8291e-04 | PDE: 1.5087e+00 | Val: 1.1770e-04 | Test: 3.5950e-04 | LR=1.0e-03 *
Epoch   4/100 | Steps:   4000 | α=1e-05 | Loss: 1.9652e-04 | BC: 1.7992e-04 | PDE: 1.6609e+00 | Val: 3.8966e-04 | Test: 6.9557e-04 | LR=1.0e-03
Epoch   5/100 | Steps:   5000 | α=1e-05 | Loss: 2.1441e-04 | BC: 1.9680e-04 | PDE: 1.7608e+00 | Val: 3.4026e-05 | Test: 3.1272e-04 | LR=1.0e-03 *
Epoch   6/100 | Steps:   6000 | α=1e-05 | Loss: 1.8459e-04 | BC: 1.6730e-04 | PDE: 1.7289e+00 | Val: 6.5897e-05 | Test: 3.4351e-04 | LR=9.9e-04
Epoch   7/100 | Steps:   7000 | α=1e-05 | Loss: 1.7062e-04 | BC: 1.5429e-04 | PDE: 1.6329e+00 | Val: 5.1151e-05 | Test: 2.6936e-04 | LR=9.9e-04
Epoch   8/100 | Steps:   8000 | α=1e-05 | Loss: 1.5268e-04 | BC: 1.3823e-04 | PDE: 1.4451e+00 | Val: 5.1045e-05 | Test: 2.2060e-04 | LR=9.9e-04
Epoch   9/100 | Steps:   9000 | α=1e-05 | Loss: 1.4123e-04 | BC: 1.2912e-04 | PDE: 1.2115e+00 | Val: 2.8841e-05 | Test: 2.2386e-04 | LR=9.8e-04 *
Epoch  10/100 | Steps:  10000 | α=1e-05 | Loss: 1.1658e-04 | BC: 1.0663e-04 | PDE: 9.9597e-01 | Val: 2.8129e-05 | Test: 1.2254e-04 | LR=9.8e-04 *
Epoch  11/100 | Steps:  11000 | α=1e-05 | Loss: 1.1864e-04 | BC: 1.0988e-04 | PDE: 8.7631e-01 | Val: 9.2596e-06 | Test: 1.0452e-04 | LR=9.8e-04 *
Epoch  12/100 | Steps:  12000 | α=1e-05 | Loss: 1.0306e-04 | BC: 9.5273e-05 | PDE: 7.7848e-01 | Val: 6.2627e-05 | Test: 1.0077e-04 | LR=9.7e-04
Epoch  13/100 | Steps:  13000 | α=1e-05 | Loss: 1.0415e-04 | BC: 9.6974e-05 | PDE: 7.1794e-01 | Val: 1.1746e-04 | Test: 1.5128e-04 | LR=9.7e-04
Epoch  14/100 | Steps:  14000 | α=1e-05 | Loss: 8.7932e-05 | BC: 8.1355e-05 | PDE: 6.5767e-01 | Val: 8.3935e-05 | Test: 9.0712e-05 | LR=9.6e-04
Epoch  15/100 | Steps:  15000 | α=1e-05 | Loss: 8.7560e-05 | BC: 8.1612e-05 | PDE: 5.9478e-01 | Val: 1.8519e-04 | Test: 1.4515e-04 | LR=9.5e-04
Epoch  16/100 | Steps:  16000 | α=1e-05 | Loss: 7.2352e-05 | BC: 6.6872e-05 | PDE: 5.4796e-01 | Val: 2.2238e-04 | Test: 2.0188e-04 | LR=9.5e-04
Epoch  17/100 | Steps:  17000 | α=1e-05 | Loss: 7.8028e-05 | BC: 7.2958e-05 | PDE: 5.0700e-01 | Val: 3.7449e-05 | Test: 7.0807e-05 | LR=9.4e-04
Epoch  18/100 | Steps:  18000 | α=1e-05 | Loss: 6.9574e-05 | BC: 6.4997e-05 | PDE: 4.5765e-01 | Val: 4.3751e-06 | Test: 4.4251e-05 | LR=9.3e-04 *
Epoch  19/100 | Steps:  19000 | α=1e-05 | Loss: 7.7987e-05 | BC: 7.3700e-05 | PDE: 4.2870e-01 | Val: 5.3910e-06 | Test: 4.2147e-05 | LR=9.2e-04
Epoch  20/100 | Steps:  20000 | α=1e-05 | Loss: 5.3063e-05 | BC: 4.9325e-05 | PDE: 3.7387e-01 | Val: 2.2468e-05 | Test: 5.4111e-05 | LR=9.1e-04
Epoch  21/100 | Steps:  21000 | α=1e-05 | Loss: 5.8809e-05 | BC: 5.5491e-05 | PDE: 3.3179e-01 | Val: 4.5222e-06 | Test: 3.7574e-05 | LR=9.1e-04
Epoch  22/100 | Steps:  22000 | α=1e-05 | Loss: 5.3254e-05 | BC: 5.0319e-05 | PDE: 2.9347e-01 | Val: 2.7851e-05 | Test: 5.3851e-05 | LR=9.0e-04
Epoch  23/100 | Steps:  23000 | α=1e-05 | Loss: 5.5692e-05 | BC: 5.3145e-05 | PDE: 2.5476e-01 | Val: 4.2447e-05 | Test: 6.5605e-05 | LR=8.9e-04
Epoch  24/100 | Steps:  24000 | α=1e-05 | Loss: 4.2714e-05 | BC: 4.0554e-05 | PDE: 2.1603e-01 | Val: 9.2635e-06 | Test: 3.1747e-05 | LR=8.8e-04

>>> Alpha increased: 1e-05 → 1e-04 (BC=4.1907e-05) <<<
Epoch  25/100 | Steps:  25000 | α=1e-04 | Loss: 4.3804e-05 | BC: 4.1907e-05 | PDE: 1.8961e-01 | Val: 8.2605e-06 | Test: 2.2240e-05 | LR=8.7e-04 *
Epoch  26/100 | Steps:  26000 | α=1e-04 | Loss: 5.2139e-05 | BC: 4.4534e-05 | PDE: 7.6050e-02 | Val: 1.6977e-06 | Test: 8.4729e-06 | LR=8.6e-04 *
Epoch  27/100 | Steps:  27000 | α=1e-04 | Loss: 4.5904e-05 | BC: 4.0470e-05 | PDE: 5.4339e-02 | Val: 4.0955e-05 | Test: 3.6822e-05 | LR=8.4e-04
Epoch  28/100 | Steps:  28000 | α=1e-04 | Loss: 6.6140e-05 | BC: 6.0804e-05 | PDE: 5.3358e-02 | Val: 1.0838e-06 | Test: 7.0540e-06 | LR=8.3e-04 *
Epoch  29/100 | Steps:  29000 | α=1e-04 | Loss: 2.6986e-05 | BC: 2.2496e-05 | PDE: 4.4899e-02 | Val: 2.4799e-06 | Test: 7.9667e-06 | LR=8.2e-04
Epoch  30/100 | Steps:  30000 | α=1e-04 | Loss: 4.0808e-05 | BC: 3.6440e-05 | PDE: 4.3678e-02 | Val: 1.8759e-05 | Test: 2.2303e-05 | LR=8.1e-04
Epoch  31/100 | Steps:  31000 | α=1e-04 | Loss: 3.0862e-05 | BC: 2.6741e-05 | PDE: 4.1214e-02 | Val: 5.2873e-06 | Test: 9.4695e-06 | LR=8.0e-04
Epoch  32/100 | Steps:  32000 | α=1e-04 | Loss: 3.8134e-05 | BC: 3.4113e-05 | PDE: 4.0206e-02 | Val: 4.7666e-06 | Test: 8.3886e-06 | LR=7.8e-04
Epoch  33/100 | Steps:  33000 | α=1e-04 | Loss: 3.2340e-05 | BC: 2.8490e-05 | PDE: 3.8497e-02 | Val: 8.2736e-06 | Test: 1.3123e-05 | LR=7.7e-04

>>> Alpha increased: 1e-04 → 1e-03 (BC=2.4568e-05) <<<
Epoch  34/100 | Steps:  34000 | α=1e-03 | Loss: 2.8184e-05 | BC: 2.4568e-05 | PDE: 3.6162e-02 | Val: 7.6992e-06 | Test: 8.5653e-06 | LR=7.6e-04 *
Epoch  35/100 | Steps:  35000 | α=1e-03 | Loss: 5.6924e-05 | BC: 2.8895e-05 | PDE: 2.8029e-02 | Val: 6.7299e-06 | Test: 7.9270e-06 | LR=7.4e-04 *
Epoch  36/100 | Steps:  36000 | α=1e-03 | Loss: 4.9661e-05 | BC: 2.6698e-05 | PDE: 2.2962e-02 | Val: 4.9411e-05 | Test: 2.8222e-05 | LR=7.3e-04
Epoch  37/100 | Steps:  37000 | α=1e-03 | Loss: 4.0754e-05 | BC: 2.0854e-05 | PDE: 1.9900e-02 | Val: 1.6900e-06 | Test: 3.0191e-06 | LR=7.2e-04 *
Epoch  38/100 | Steps:  38000 | α=1e-03 | Loss: 4.5238e-05 | BC: 2.7141e-05 | PDE: 1.8097e-02 | Val: 1.0849e-05 | Test: 7.0586e-06 | LR=7.0e-04
Epoch  39/100 | Steps:  39000 | α=1e-03 | Loss: 3.0442e-05 | BC: 1.4404e-05 | PDE: 1.6038e-02 | Val: 2.8651e-05 | Test: 2.5931e-05 | LR=6.9e-04
Epoch  40/100 | Steps:  40000 | α=1e-03 | Loss: 3.4981e-05 | BC: 1.9869e-05 | PDE: 1.5112e-02 | Val: 1.3450e-06 | Test: 2.6938e-06 | LR=6.7e-04 *
Epoch  41/100 | Steps:  41000 | α=1e-03 | Loss: 3.3706e-05 | BC: 1.9406e-05 | PDE: 1.4301e-02 | Val: 3.7570e-06 | Test: 3.2396e-06 | LR=6.6e-04
Epoch  42/100 | Steps:  42000 | α=1e-03 | Loss: 2.6162e-05 | BC: 1.2848e-05 | PDE: 1.3315e-02 | Val: 2.4489e-05 | Test: 1.8915e-05 | LR=6.4e-04
Epoch  43/100 | Steps:  43000 | α=1e-03 | Loss: 3.1572e-05 | BC: 1.9044e-05 | PDE: 1.2528e-02 | Val: 9.5825e-05 | Test: 3.7423e-05 | LR=6.3e-04

>>> Alpha increased: 1e-03 → 1e-02 (BC=1.3942e-05) <<<
Epoch  44/100 | Steps:  44000 | α=1e-02 | Loss: 2.5898e-05 | BC: 1.3942e-05 | PDE: 1.1956e-02 | Val: 3.3995e-06 | Test: 2.3600e-06 | LR=6.1e-04 *
Epoch  45/100 | Steps:  45000 | α=1e-02 | Loss: 1.5281e-04 | BC: 2.5211e-05 | PDE: 1.2760e-02 | Val: 2.0583e-05 | Test: 2.4124e-05 | LR=6.0e-04
Epoch  46/100 | Steps:  46000 | α=1e-02 | Loss: 1.2602e-04 | BC: 2.3024e-05 | PDE: 1.0299e-02 | Val: 1.4955e-05 | Test: 1.2961e-05 | LR=5.8e-04
Epoch  47/100 | Steps:  47000 | α=1e-02 | Loss: 1.1110e-04 | BC: 1.9209e-05 | PDE: 9.1895e-03 | Val: 1.6628e-05 | Test: 9.7690e-06 | LR=5.7e-04
Epoch  48/100 | Steps:  48000 | α=1e-02 | Loss: 1.0790e-04 | BC: 1.9302e-05 | PDE: 8.8595e-03 | Val: 2.4447e-05 | Test: 2.2681e-05 | LR=5.5e-04
Epoch  49/100 | Steps:  49000 | α=1e-02 | Loss: 9.8477e-05 | BC: 1.7858e-05 | PDE: 8.0620e-03 | Val: 1.6722e-05 | Test: 2.3972e-05 | LR=5.4e-04
Epoch  50/100 | Steps:  50000 | α=1e-02 | Loss: 9.7130e-05 | BC: 1.8601e-05 | PDE: 7.8529e-03 | Val: 4.8319e-06 | Test: 7.7262e-06 | LR=5.2e-04
Epoch  51/100 | Steps:  51000 | α=1e-02 | Loss: 9.2169e-05 | BC: 1.7157e-05 | PDE: 7.5013e-03 | Val: 5.9692e-05 | Test: 2.9742e-05 | LR=5.1e-04

>>> Alpha increased: 1e-02 → 1e-01 (BC=1.6723e-05) <<<
Epoch  52/100 | Steps:  52000 | α=1e-01 | Loss: 8.9032e-05 | BC: 1.6723e-05 | PDE: 7.2309e-03 | Val: 1.4643e-05 | Test: 9.3934e-06 | LR=4.9e-04 *
Epoch  53/100 | Steps:  53000 | α=1e-01 | Loss: 2.9232e-03 | BC: 8.7727e-04 | PDE: 2.0459e-02 | Val: 8.0184e-05 | Test: 1.0169e-04 | LR=4.7e-04
Epoch  54/100 | Steps:  54000 | α=1e-01 | Loss: 8.6670e-04 | BC: 9.4623e-05 | PDE: 7.7208e-03 | Val: 8.2306e-05 | Test: 3.3876e-05 | LR=4.6e-04
Epoch  55/100 | Steps:  55000 | α=1e-01 | Loss: 8.9131e-04 | BC: 1.0950e-04 | PDE: 7.8181e-03 | Val: 1.3007e-04 | Test: 9.1085e-05 | LR=4.4e-04
Epoch  56/100 | Steps:  56000 | α=1e-01 | Loss: 7.5380e-04 | BC: 8.2094e-05 | PDE: 6.7170e-03 | Val: 7.7756e-05 | Test: 6.6744e-05 | LR=4.3e-04
Epoch  57/100 | Steps:  57000 | α=1e-01 | Loss: 7.8285e-04 | BC: 9.1726e-05 | PDE: 6.9113e-03 | Val: 5.4393e-05 | Test: 5.6829e-05 | LR=4.1e-04
Epoch  58/100 | Steps:  58000 | α=1e-01 | Loss: 7.0994e-04 | BC: 8.3441e-05 | PDE: 6.2650e-03 | Val: 8.8599e-05 | Test: 8.6417e-05 | LR=4.0e-04
Epoch  59/100 | Steps:  59000 | α=1e-01 | Loss: 7.2695e-04 | BC: 8.4848e-05 | PDE: 6.4210e-03 | Val: 5.1814e-05 | Test: 5.4937e-05 | LR=3.8e-04
Epoch  60/100 | Steps:  60000 | α=1e-01 | Loss: 6.7608e-04 | BC: 7.3384e-05 | PDE: 6.0269e-03 | Val: 4.5954e-05 | Test: 6.7757e-05 | LR=3.7e-04
Epoch  61/100 | Steps:  61000 | α=1e-01 | Loss: 6.6763e-04 | BC: 7.4758e-05 | PDE: 5.9287e-03 | Val: 1.1059e-04 | Test: 1.0278e-04 | LR=3.5e-04
Epoch  62/100 | Steps:  62000 | α=1e-01 | Loss: 6.6973e-04 | BC: 7.9763e-05 | PDE: 5.8997e-03 | Val: 2.3709e-05 | Test: 2.7449e-05 | LR=3.4e-04
Epoch  63/100 | Steps:  63000 | α=1e-01 | Loss: 6.2921e-04 | BC: 7.5864e-05 | PDE: 5.5335e-03 | Val: 6.7327e-05 | Test: 8.2070e-05 | LR=3.2e-04
Epoch  64/100 | Steps:  64000 | α=1e-01 | Loss: 6.3463e-04 | BC: 7.0754e-05 | PDE: 5.6388e-03 | Val: 3.1052e-05 | Test: 1.8590e-05 | LR=3.1e-04
Epoch  65/100 | Steps:  65000 | α=1e-01 | Loss: 5.9271e-04 | BC: 7.0997e-05 | PDE: 5.2171e-03 | Val: 3.6664e-05 | Test: 4.7040e-05 | LR=2.9e-04
Epoch  66/100 | Steps:  66000 | α=1e-01 | Loss: 5.4723e-04 | BC: 5.8932e-05 | PDE: 4.8829e-03 | Val: 6.3972e-05 | Test: 5.3890e-05 | LR=2.8e-04
Epoch  67/100 | Steps:  67000 | α=1e-01 | Loss: 5.5729e-04 | BC: 6.3669e-05 | PDE: 4.9362e-03 | Val: 2.1604e-05 | Test: 3.1288e-05 | LR=2.7e-04
Epoch  68/100 | Steps:  68000 | α=1e-01 | Loss: 5.2578e-04 | BC: 5.9267e-05 | PDE: 4.6651e-03 | Val: 6.1037e-05 | Test: 6.9324e-05 | LR=2.5e-04
Epoch  69/100 | Steps:  69000 | α=1e-01 | Loss: 4.9645e-04 | BC: 5.0276e-05 | PDE: 4.4617e-03 | Val: 8.9032e-05 | Test: 1.0238e-04 | LR=2.4e-04
Epoch  70/100 | Steps:  70000 | α=1e-01 | Loss: 4.9629e-04 | BC: 5.1989e-05 | PDE: 4.4431e-03 | Val: 4.9364e-05 | Test: 5.1053e-05 | LR=2.3e-04
Epoch  71/100 | Steps:  71000 | α=1e-01 | Loss: 4.7902e-04 | BC: 4.8773e-05 | PDE: 4.3024e-03 | Val: 4.2966e-05 | Test: 3.8211e-05 | LR=2.1e-04
Epoch  72/100 | Steps:  72000 | α=1e-01 | Loss: 4.5953e-04 | BC: 4.5568e-05 | PDE: 4.1396e-03 | Val: 5.2481e-05 | Test: 8.1491e-05 | LR=2.0e-04
Epoch  73/100 | Steps:  73000 | α=1e-01 | Loss: 4.5587e-04 | BC: 4.6305e-05 | PDE: 4.0957e-03 | Val: 3.7266e-05 | Test: 3.9553e-05 | LR=1.9e-04
Epoch  74/100 | Steps:  74000 | α=1e-01 | Loss: 4.3611e-04 | BC: 3.9241e-05 | PDE: 3.9687e-03 | Val: 8.5492e-06 | Test: 8.1730e-06 | LR=1.8e-04 *
Epoch  75/100 | Steps:  75000 | α=1e-01 | Loss: 3.9563e-04 | BC: 3.4117e-05 | PDE: 3.6152e-03 | Val: 2.5921e-05 | Test: 4.0431e-05 | LR=1.7e-04
Epoch  76/100 | Steps:  76000 | α=1e-01 | Loss: 4.0627e-04 | BC: 3.9589e-05 | PDE: 3.6668e-03 | Val: 1.5201e-05 | Test: 1.4842e-05 | LR=1.5e-04
Epoch  77/100 | Steps:  77000 | α=1e-01 | Loss: 3.7747e-04 | BC: 3.4024e-05 | PDE: 3.4344e-03 | Val: 3.8499e-05 | Test: 5.1531e-05 | LR=1.4e-04
Epoch  78/100 | Steps:  78000 | α=1e-01 | Loss: 3.7513e-04 | BC: 3.0580e-05 | PDE: 3.4455e-03 | Val: 3.5395e-05 | Test: 4.7597e-05 | LR=1.3e-04
Epoch  79/100 | Steps:  79000 | α=1e-01 | Loss: 3.5648e-04 | BC: 2.6457e-05 | PDE: 3.3003e-03 | Val: 1.6030e-05 | Test: 1.3345e-05 | LR=1.2e-04
Epoch  80/100 | Steps:  80000 | α=1e-01 | Loss: 3.4057e-04 | BC: 2.4035e-05 | PDE: 3.1653e-03 | Val: 1.3106e-05 | Test: 1.2736e-05 | LR=1.1e-04
Epoch  81/100 | Steps:  81000 | α=1e-01 | Loss: 3.5309e-04 | BC: 2.9163e-05 | PDE: 3.2393e-03 | Val: 5.9282e-05 | Test: 7.4788e-05 | LR=1.0e-04
Epoch  82/100 | Steps:  82000 | α=1e-01 | Loss: 3.2819e-04 | BC: 2.3915e-05 | PDE: 3.0428e-03 | Val: 2.7478e-05 | Test: 4.0848e-05 | LR=9.6e-05
Epoch  83/100 | Steps:  83000 | α=1e-01 | Loss: 3.1409e-04 | BC: 2.2604e-05 | PDE: 2.9148e-03 | Val: 4.2580e-05 | Test: 5.4800e-05 | LR=8.7e-05
Epoch  84/100 | Steps:  84000 | α=1e-01 | Loss: 3.0605e-04 | BC: 2.0507e-05 | PDE: 2.8554e-03 | Val: 3.2562e-05 | Test: 4.0562e-05 | LR=7.9e-05
Epoch  85/100 | Steps:  85000 | α=1e-01 | Loss: 3.0786e-04 | BC: 2.2334e-05 | PDE: 2.8553e-03 | Val: 1.4887e-05 | Test: 1.4477e-05 | LR=7.1e-05
Epoch  86/100 | Steps:  86000 | α=1e-01 | Loss: 2.8393e-04 | BC: 1.7845e-05 | PDE: 2.6609e-03 | Val: 1.7715e-05 | Test: 2.5597e-05 | LR=6.4e-05
Epoch  87/100 | Steps:  87000 | α=1e-01 | Loss: 2.8654e-04 | BC: 2.2455e-05 | PDE: 2.6409e-03 | Val: 1.7812e-05 | Test: 2.7536e-05 | LR=5.7e-05
Epoch  88/100 | Steps:  88000 | α=1e-01 | Loss: 2.7230e-04 | BC: 1.6567e-05 | PDE: 2.5573e-03 | Val: 1.1902e-05 | Test: 1.5197e-05 | LR=5.1e-05
Epoch  89/100 | Steps:  89000 | α=1e-01 | Loss: 2.6231e-04 | BC: 1.4825e-05 | PDE: 2.4749e-03 | Val: 1.0762e-05 | Test: 7.2879e-06 | LR=4.5e-05
Epoch  90/100 | Steps:  90000 | α=1e-01 | Loss: 2.4985e-04 | BC: 1.0660e-05 | PDE: 2.3919e-03 | Val: 1.4149e-05 | Test: 9.9787e-06 | LR=3.9e-05
Epoch  91/100 | Steps:  91000 | α=1e-01 | Loss: 2.3857e-04 | BC: 8.5447e-06 | PDE: 2.3003e-03 | Val: 4.6525e-06 | Test: 4.6126e-06 | LR=3.4e-05 *
Epoch  92/100 | Steps:  92000 | α=1e-01 | Loss: 2.3986e-04 | BC: 7.8027e-06 | PDE: 2.3205e-03 | Val: 5.8621e-06 | Test: 6.9525e-06 | LR=3.0e-05
Epoch  93/100 | Steps:  93000 | α=1e-01 | Loss: 2.3448e-04 | BC: 9.2204e-06 | PDE: 2.2526e-03 | Val: 7.6766e-06 | Test: 7.0237e-06 | LR=2.6e-05
Epoch  94/100 | Steps:  94000 | α=1e-01 | Loss: 2.2935e-04 | BC: 7.8418e-06 | PDE: 2.2151e-03 | Val: 4.7043e-06 | Test: 4.0178e-06 | LR=2.2e-05
Epoch  95/100 | Steps:  95000 | α=1e-01 | Loss: 2.2904e-04 | BC: 6.1481e-06 | PDE: 2.2289e-03 | Val: 6.9565e-06 | Test: 3.3951e-06 | LR=1.9e-05
Epoch  96/100 | Steps:  96000 | α=1e-01 | Loss: 2.1971e-04 | BC: 5.8423e-06 | PDE: 2.1386e-03 | Val: 5.8201e-06 | Test: 5.4399e-06 | LR=1.6e-05
Epoch  97/100 | Steps:  97000 | α=1e-01 | Loss: 2.2070e-04 | BC: 5.1972e-06 | PDE: 2.1550e-03 | Val: 5.7570e-06 | Test: 3.6238e-06 | LR=1.4e-05
Epoch  98/100 | Steps:  98000 | α=1e-01 | Loss: 2.1682e-04 | BC: 4.9008e-06 | PDE: 2.1192e-03 | Val: 4.3731e-06 | Test: 3.5550e-06 | LR=1.2e-05 *
Epoch  99/100 | Steps:  99000 | α=1e-01 | Loss: 2.1640e-04 | BC: 5.1960e-06 | PDE: 2.1120e-03 | Val: 3.4915e-06 | Test: 3.5116e-06 | LR=1.1e-05 *
Epoch 100/100 | Steps: 100000 | α=1e-01 | Loss: 2.1408e-04 | BC: 4.9337e-06 | PDE: 2.0915e-03 | Val: 5.2435e-06 | Test: 4.9338e-06 | LR=1.0e-05

Restored best model from epoch 99 (val_loss: 3.4915e-06, test_loss: 3.5116e-06)
Best checkpoint saved to: outputs/expr_7_1/aronsson_square/clip0_out0_eta0/checkpoints/best_model.pt
Final checkpoint saved to: outputs/expr_7_1/aronsson_square/clip0_out0_eta0/checkpoints/final_model.pt
Training completed in 981.68s (100,000 total steps)

Final Test MSE: 4.9338e-06
Inference (per point): 7.8778e-05s | (full domain): 7.7057e-05s
Saved plot to outputs/expr_7_1/aronsson_square/clip0_out0_eta0/plots/results.png
