
============================================================
Running Example: absolute
============================================================

Generated full domain data:
  Boundary points: 40,000
  Interior points: 1,000,000
  Test points: 10,000
Re-sampling enabled: ~1,000,000 interior points per epoch

Splitting data: 80% train, 20% validation
  BC: 32,000 train, 8,000 val
  Interior: 800,000 train, 200,000 val

Model: InfinityLaplacianPINN
  Hidden layers: [128, 128, 128, 128]
  Activation: tanh
  η: 1e-05 (normalized)
  Residual clipping: [-10.0, 10.0]
  Parameters: 50,049

Training configuration:
  Boundary points (train): 32,000 -> 80 batches of 400
  Interior points (train): 1,000,000 -> 1000 batches of 1000
  Interior sampling: RE-SAMPLE each epoch
  Boundary points (val): 8,000
  Validation loss: BC only
  Steps per epoch: 1,000
  Total steps: 100,000
  Epochs: 100
  Loss balancing: AlphaPlateauScheduler
  LR scheduler: cosine (LR: 1.0e-03 -> 1.0e-05)

/usr/local/lib/python3.12/dist-packages/torch/autograd/graph.py:824: UserWarning: Attempting to run cuBLAS, but there was no current CUDA context! Attempting to set the primary context... (Triggered internally at /opt/pytorch/pytorch/aten/src/ATen/cuda/CublasHandlePool.cpp:181.)
  return Variable._execution_engine.run_backward(  # Calls into the C++ engine to run the backward pass
Epoch   1/100 | Steps:   1000 | α=1e-05 | Loss: 1.8939e-02 | BC: 1.8896e-02 | PDE: 4.3093e+00 | Val: 4.9118e-04 | Test: 5.6220e-02 | LR=1.0e-03 *
Epoch   2/100 | Steps:   2000 | α=1e-05 | Loss: 3.8634e-04 | BC: 3.3329e-04 | PDE: 5.3048e+00 | Val: 1.1461e-04 | Test: 2.1631e-02 | LR=1.0e-03 *
Epoch   3/100 | Steps:   3000 | α=1e-05 | Loss: 2.4380e-04 | BC: 2.1240e-04 | PDE: 3.1401e+00 | Val: 9.9743e-05 | Test: 4.2401e-03 | LR=1.0e-03 *
Epoch   4/100 | Steps:   4000 | α=1e-05 | Loss: 1.8767e-04 | BC: 1.6282e-04 | PDE: 2.4846e+00 | Val: 3.4325e-04 | Test: 1.9814e-03 | LR=1.0e-03
Epoch   5/100 | Steps:   5000 | α=1e-05 | Loss: 1.9592e-04 | BC: 1.7429e-04 | PDE: 2.1631e+00 | Val: 1.1819e-04 | Test: 2.3098e-03 | LR=1.0e-03
Epoch   6/100 | Steps:   6000 | α=1e-05 | Loss: 1.6125e-04 | BC: 1.4106e-04 | PDE: 2.0186e+00 | Val: 4.9072e-05 | Test: 1.7788e-03 | LR=9.9e-04 *
Epoch   7/100 | Steps:   7000 | α=1e-05 | Loss: 1.3544e-04 | BC: 1.1849e-04 | PDE: 1.6946e+00 | Val: 6.5896e-05 | Test: 1.2632e-03 | LR=9.9e-04
Epoch   8/100 | Steps:   8000 | α=1e-05 | Loss: 1.4130e-04 | BC: 1.2490e-04 | PDE: 1.6402e+00 | Val: 5.6729e-05 | Test: 1.3985e-03 | LR=9.9e-04
Epoch   9/100 | Steps:   9000 | α=1e-05 | Loss: 1.4290e-04 | BC: 1.2739e-04 | PDE: 1.5511e+00 | Val: 5.0525e-05 | Test: 1.8104e-03 | LR=9.8e-04
Epoch  10/100 | Steps:  10000 | α=1e-05 | Loss: 1.0807e-04 | BC: 9.4079e-05 | PDE: 1.3986e+00 | Val: 2.0024e-05 | Test: 1.0923e-03 | LR=9.8e-04 *
Epoch  11/100 | Steps:  11000 | α=1e-05 | Loss: 8.8798e-05 | BC: 7.6250e-05 | PDE: 1.2548e+00 | Val: 1.7286e-04 | Test: 1.5988e-03 | LR=9.8e-04
Epoch  12/100 | Steps:  12000 | α=1e-05 | Loss: 1.0111e-04 | BC: 8.9153e-05 | PDE: 1.1957e+00 | Val: 1.4024e-05 | Test: 1.0272e-03 | LR=9.7e-04 *
Epoch  13/100 | Steps:  13000 | α=1e-05 | Loss: 8.7503e-05 | BC: 7.6970e-05 | PDE: 1.0533e+00 | Val: 2.7701e-04 | Test: 1.0973e-03 | LR=9.7e-04
Epoch  14/100 | Steps:  14000 | α=1e-05 | Loss: 8.8303e-05 | BC: 7.8705e-05 | PDE: 9.5987e-01 | Val: 1.6893e-04 | Test: 1.0488e-03 | LR=9.6e-04
Epoch  15/100 | Steps:  15000 | α=1e-05 | Loss: 6.4253e-05 | BC: 5.5416e-05 | PDE: 8.8376e-01 | Val: 7.0259e-05 | Test: 9.7833e-04 | LR=9.5e-04
Epoch  16/100 | Steps:  16000 | α=1e-05 | Loss: 7.5355e-05 | BC: 6.7464e-05 | PDE: 7.8910e-01 | Val: 1.9944e-05 | Test: 8.5998e-04 | LR=9.5e-04
Epoch  17/100 | Steps:  17000 | α=1e-05 | Loss: 7.2310e-05 | BC: 6.4833e-05 | PDE: 7.4774e-01 | Val: 1.5692e-05 | Test: 7.6734e-04 | LR=9.4e-04
Epoch  18/100 | Steps:  18000 | α=1e-05 | Loss: 6.2223e-05 | BC: 5.5120e-05 | PDE: 7.1036e-01 | Val: 4.3673e-05 | Test: 8.6329e-04 | LR=9.3e-04
Epoch  19/100 | Steps:  19000 | α=1e-05 | Loss: 5.3024e-05 | BC: 4.6554e-05 | PDE: 6.4696e-01 | Val: 4.0038e-05 | Test: 8.2957e-04 | LR=9.2e-04

>>> Alpha increased: 1e-05 → 1e-04 (BC=4.9852e-05) <<<
Epoch  20/100 | Steps:  20000 | α=1e-04 | Loss: 5.6262e-05 | BC: 4.9852e-05 | PDE: 6.4102e-01 | Val: 1.3411e-05 | Test: 7.8457e-04 | LR=9.1e-04 *
Epoch  21/100 | Steps:  21000 | α=1e-04 | Loss: 9.7876e-05 | BC: 6.8562e-05 | PDE: 2.9314e-01 | Val: 2.6279e-05 | Test: 9.7985e-04 | LR=9.1e-04
Epoch  22/100 | Steps:  22000 | α=1e-04 | Loss: 8.1838e-05 | BC: 5.9526e-05 | PDE: 2.2312e-01 | Val: 1.1873e-04 | Test: 1.0926e-03 | LR=9.0e-04
Epoch  23/100 | Steps:  23000 | α=1e-04 | Loss: 7.0541e-05 | BC: 5.0255e-05 | PDE: 2.0286e-01 | Val: 4.6607e-05 | Test: 9.8262e-04 | LR=8.9e-04
Epoch  24/100 | Steps:  24000 | α=1e-04 | Loss: 1.0355e-04 | BC: 8.1491e-05 | PDE: 2.2060e-01 | Val: 3.6118e-04 | Test: 1.2146e-03 | LR=8.8e-04
Epoch  25/100 | Steps:  25000 | α=1e-04 | Loss: 8.1843e-05 | BC: 6.1202e-05 | PDE: 2.0641e-01 | Val: 6.5235e-05 | Test: 1.2324e-03 | LR=8.7e-04
Epoch  26/100 | Steps:  26000 | α=1e-04 | Loss: 7.1686e-05 | BC: 5.3470e-05 | PDE: 1.8216e-01 | Val: 8.3572e-05 | Test: 1.6983e-03 | LR=8.6e-04
Epoch  27/100 | Steps:  27000 | α=1e-04 | Loss: 4.6377e-05 | BC: 2.9689e-05 | PDE: 1.6687e-01 | Val: 6.3109e-05 | Test: 9.8212e-04 | LR=8.4e-04
Epoch  28/100 | Steps:  28000 | α=1e-04 | Loss: 8.3277e-05 | BC: 6.2654e-05 | PDE: 2.0623e-01 | Val: 2.3724e-05 | Test: 1.3645e-03 | LR=8.3e-04
Epoch  29/100 | Steps:  29000 | α=1e-04 | Loss: 4.9016e-05 | BC: 3.3173e-05 | PDE: 1.5842e-01 | Val: 3.9554e-05 | Test: 9.3976e-04 | LR=8.2e-04
Epoch  30/100 | Steps:  30000 | α=1e-04 | Loss: 4.9389e-05 | BC: 3.5634e-05 | PDE: 1.3755e-01 | Val: 7.2092e-06 | Test: 8.9373e-04 | LR=8.1e-04 *
Epoch  31/100 | Steps:  31000 | α=1e-04 | Loss: 7.3656e-05 | BC: 5.8281e-05 | PDE: 1.5376e-01 | Val: 1.0068e-05 | Test: 9.0349e-04 | LR=8.0e-04
Epoch  32/100 | Steps:  32000 | α=1e-04 | Loss: 3.2976e-05 | BC: 1.9950e-05 | PDE: 1.3026e-01 | Val: 2.2811e-05 | Test: 9.1615e-04 | LR=7.8e-04
Epoch  33/100 | Steps:  33000 | α=1e-04 | Loss: 4.5391e-05 | BC: 3.2884e-05 | PDE: 1.2507e-01 | Val: 9.7361e-06 | Test: 9.3752e-04 | LR=7.7e-04
Epoch  34/100 | Steps:  34000 | α=1e-04 | Loss: 4.1632e-05 | BC: 2.9342e-05 | PDE: 1.2290e-01 | Val: 6.0536e-06 | Test: 8.8066e-04 | LR=7.6e-04 *
Epoch  35/100 | Steps:  35000 | α=1e-04 | Loss: 4.7436e-05 | BC: 3.3837e-05 | PDE: 1.3600e-01 | Val: 6.4961e-06 | Test: 8.8133e-04 | LR=7.4e-04
Epoch  36/100 | Steps:  36000 | α=1e-04 | Loss: 4.6775e-05 | BC: 3.2181e-05 | PDE: 1.4594e-01 | Val: 1.1416e-05 | Test: 9.3053e-04 | LR=7.3e-04

>>> Alpha increased: 1e-04 → 1e-03 (BC=2.1819e-05) <<<
Epoch  37/100 | Steps:  37000 | α=1e-03 | Loss: 3.2434e-05 | BC: 2.1819e-05 | PDE: 1.0616e-01 | Val: 9.9526e-06 | Test: 7.9291e-04 | LR=7.2e-04 *
Epoch  38/100 | Steps:  38000 | α=1e-03 | Loss: 3.6108e-04 | BC: 1.8833e-04 | PDE: 1.7276e-01 | Val: 8.4315e-05 | Test: 1.1704e-03 | LR=7.0e-04
Epoch  39/100 | Steps:  39000 | α=1e-03 | Loss: 1.9697e-04 | BC: 8.1679e-05 | PDE: 1.1529e-01 | Val: 2.5318e-04 | Test: 1.3511e-03 | LR=6.9e-04
Epoch  40/100 | Steps:  40000 | α=1e-03 | Loss: 2.0499e-04 | BC: 9.1640e-05 | PDE: 1.1335e-01 | Val: 3.1578e-05 | Test: 9.6189e-04 | LR=6.7e-04
Epoch  41/100 | Steps:  41000 | α=1e-03 | Loss: 2.2814e-04 | BC: 1.0201e-04 | PDE: 1.2613e-01 | Val: 4.6397e-05 | Test: 1.6878e-03 | LR=6.6e-04
Epoch  42/100 | Steps:  42000 | α=1e-03 | Loss: 2.1239e-04 | BC: 8.5055e-05 | PDE: 1.2733e-01 | Val: 4.9647e-05 | Test: 1.1324e-03 | LR=6.4e-04
Epoch  43/100 | Steps:  43000 | α=1e-03 | Loss: 1.7468e-04 | BC: 7.2490e-05 | PDE: 1.0219e-01 | Val: 5.6630e-05 | Test: 9.6971e-04 | LR=6.3e-04
Epoch  44/100 | Steps:  44000 | α=1e-03 | Loss: 2.5171e-04 | BC: 1.1381e-04 | PDE: 1.3790e-01 | Val: 3.8517e-05 | Test: 1.0684e-03 | LR=6.1e-04
Epoch  45/100 | Steps:  45000 | α=1e-03 | Loss: 2.0334e-04 | BC: 8.3439e-05 | PDE: 1.1990e-01 | Val: 3.1180e-05 | Test: 1.0119e-03 | LR=6.0e-04
Epoch  46/100 | Steps:  46000 | α=1e-03 | Loss: 1.8354e-04 | BC: 7.2996e-05 | PDE: 1.1054e-01 | Val: 1.9256e-04 | Test: 1.6067e-03 | LR=5.8e-04
Epoch  47/100 | Steps:  47000 | α=1e-03 | Loss: 1.8853e-04 | BC: 8.1518e-05 | PDE: 1.0701e-01 | Val: 4.7413e-05 | Test: 1.1179e-03 | LR=5.7e-04
Epoch  48/100 | Steps:  48000 | α=1e-03 | Loss: 1.4230e-04 | BC: 5.4461e-05 | PDE: 8.7838e-02 | Val: 1.6893e-05 | Test: 9.2253e-04 | LR=5.5e-04
Epoch  49/100 | Steps:  49000 | α=1e-03 | Loss: 2.9805e-04 | BC: 1.3463e-04 | PDE: 1.6342e-01 | Val: 5.3628e-05 | Test: 2.2836e-03 | LR=5.4e-04
Epoch  50/100 | Steps:  50000 | α=1e-03 | Loss: 1.4469e-04 | BC: 4.7542e-05 | PDE: 9.7147e-02 | Val: 2.1327e-05 | Test: 1.0926e-03 | LR=5.2e-04
Epoch  51/100 | Steps:  51000 | α=1e-03 | Loss: 1.5617e-04 | BC: 6.1221e-05 | PDE: 9.4944e-02 | Val: 3.9951e-05 | Test: 9.7708e-04 | LR=5.1e-04
Epoch  52/100 | Steps:  52000 | α=1e-03 | Loss: 2.4119e-04 | BC: 1.0908e-04 | PDE: 1.3211e-01 | Val: 4.2988e-05 | Test: 9.4468e-04 | LR=4.9e-04
Epoch  53/100 | Steps:  53000 | α=1e-03 | Loss: 1.0885e-04 | BC: 3.8353e-05 | PDE: 7.0494e-02 | Val: 1.5292e-05 | Test: 9.5141e-04 | LR=4.7e-04
Epoch  54/100 | Steps:  54000 | α=1e-03 | Loss: 1.1429e-04 | BC: 3.8193e-05 | PDE: 7.6098e-02 | Val: 1.4204e-05 | Test: 1.0442e-03 | LR=4.6e-04
Epoch  55/100 | Steps:  55000 | α=1e-03 | Loss: 1.1437e-04 | BC: 3.9552e-05 | PDE: 7.4814e-02 | Val: 8.7396e-05 | Test: 1.2998e-03 | LR=4.4e-04
Epoch  56/100 | Steps:  56000 | α=1e-03 | Loss: 1.8994e-04 | BC: 8.5034e-05 | PDE: 1.0490e-01 | Val: 3.2934e-05 | Test: 1.2627e-03 | LR=4.3e-04
Epoch  57/100 | Steps:  57000 | α=1e-03 | Loss: 1.0292e-04 | BC: 3.0546e-05 | PDE: 7.2378e-02 | Val: 2.9935e-05 | Test: 8.9207e-04 | LR=4.1e-04
Epoch  58/100 | Steps:  58000 | α=1e-03 | Loss: 9.6177e-05 | BC: 2.9044e-05 | PDE: 6.7134e-02 | Val: 2.5463e-05 | Test: 1.1766e-03 | LR=4.0e-04
Epoch  59/100 | Steps:  59000 | α=1e-03 | Loss: 1.7885e-04 | BC: 6.7193e-05 | PDE: 1.1166e-01 | Val: 5.8661e-05 | Test: 1.8281e-03 | LR=3.8e-04
Epoch  60/100 | Steps:  60000 | α=1e-03 | Loss: 1.6370e-04 | BC: 5.0762e-05 | PDE: 1.1294e-01 | Val: 1.8663e-05 | Test: 9.8186e-04 | LR=3.7e-04
Epoch  61/100 | Steps:  61000 | α=1e-03 | Loss: 1.3205e-04 | BC: 4.6894e-05 | PDE: 8.5153e-02 | Val: 2.5750e-05 | Test: 1.0662e-03 | LR=3.5e-04
Epoch  62/100 | Steps:  62000 | α=1e-03 | Loss: 8.4598e-05 | BC: 2.1635e-05 | PDE: 6.2962e-02 | Val: 5.6154e-05 | Test: 9.3542e-04 | LR=3.4e-04
Epoch  63/100 | Steps:  63000 | α=1e-03 | Loss: 1.1894e-04 | BC: 4.2161e-05 | PDE: 7.6777e-02 | Val: 1.3428e-05 | Test: 9.6868e-04 | LR=3.2e-04
Epoch  64/100 | Steps:  64000 | α=1e-03 | Loss: 8.2752e-05 | BC: 2.4655e-05 | PDE: 5.8098e-02 | Val: 2.9721e-05 | Test: 1.0292e-03 | LR=3.1e-04
Epoch  65/100 | Steps:  65000 | α=1e-03 | Loss: 7.8886e-05 | BC: 2.1907e-05 | PDE: 5.6979e-02 | Val: 3.7324e-05 | Test: 8.8492e-04 | LR=2.9e-04
Epoch  66/100 | Steps:  66000 | α=1e-03 | Loss: 1.4108e-04 | BC: 5.6226e-05 | PDE: 8.4851e-02 | Val: 1.7635e-05 | Test: 9.0973e-04 | LR=2.8e-04

>>> Alpha increased: 1e-03 → 1e-02 (BC=2.3834e-05) <<<
Epoch  67/100 | Steps:  67000 | α=1e-02 | Loss: 8.6030e-05 | BC: 2.3834e-05 | PDE: 6.2195e-02 | Val: 1.4828e-05 | Test: 9.3050e-04 | LR=2.7e-04 *
Epoch  68/100 | Steps:  68000 | α=1e-02 | Loss: 8.4611e-04 | BC: 2.0874e-04 | PDE: 6.3737e-02 | Val: 4.6466e-05 | Test: 1.1279e-03 | LR=2.5e-04
Epoch  69/100 | Steps:  69000 | α=1e-02 | Loss: 6.4019e-04 | BC: 1.1404e-04 | PDE: 5.2615e-02 | Val: 6.9270e-05 | Test: 1.2191e-03 | LR=2.4e-04
Epoch  70/100 | Steps:  70000 | α=1e-02 | Loss: 6.3788e-04 | BC: 1.2276e-04 | PDE: 5.1511e-02 | Val: 2.4787e-04 | Test: 2.6751e-03 | LR=2.3e-04
Epoch  71/100 | Steps:  71000 | α=1e-02 | Loss: 6.9215e-04 | BC: 1.2167e-04 | PDE: 5.7048e-02 | Val: 4.3366e-05 | Test: 1.1314e-03 | LR=2.1e-04
Epoch  72/100 | Steps:  72000 | α=1e-02 | Loss: 5.4316e-04 | BC: 7.8270e-05 | PDE: 4.6489e-02 | Val: 2.9205e-05 | Test: 9.9089e-04 | LR=2.0e-04
Epoch  73/100 | Steps:  73000 | α=1e-02 | Loss: 5.7445e-04 | BC: 9.7967e-05 | PDE: 4.7648e-02 | Val: 3.9432e-05 | Test: 1.0600e-03 | LR=1.9e-04
Epoch  74/100 | Steps:  74000 | α=1e-02 | Loss: 6.4475e-04 | BC: 1.1390e-04 | PDE: 5.3085e-02 | Val: 2.0659e-04 | Test: 1.9502e-03 | LR=1.8e-04
Epoch  75/100 | Steps:  75000 | α=1e-02 | Loss: 4.6647e-04 | BC: 6.8047e-05 | PDE: 3.9843e-02 | Val: 3.6598e-05 | Test: 1.1117e-03 | LR=1.7e-04
Epoch  76/100 | Steps:  76000 | α=1e-02 | Loss: 4.7483e-04 | BC: 6.5429e-05 | PDE: 4.0940e-02 | Val: 7.1590e-05 | Test: 1.2704e-03 | LR=1.5e-04
Epoch  77/100 | Steps:  77000 | α=1e-02 | Loss: 4.1528e-04 | BC: 5.5304e-05 | PDE: 3.5998e-02 | Val: 1.1759e-04 | Test: 1.0997e-03 | LR=1.4e-04
Epoch  78/100 | Steps:  78000 | α=1e-02 | Loss: 4.3533e-04 | BC: 5.2925e-05 | PDE: 3.8240e-02 | Val: 2.6917e-05 | Test: 9.9850e-04 | LR=1.3e-04
Epoch  79/100 | Steps:  79000 | α=1e-02 | Loss: 3.8297e-04 | BC: 5.0692e-05 | PDE: 3.3228e-02 | Val: 6.5529e-05 | Test: 1.0470e-03 | LR=1.2e-04
Epoch  80/100 | Steps:  80000 | α=1e-02 | Loss: 3.8897e-04 | BC: 4.2239e-05 | PDE: 3.4673e-02 | Val: 4.0165e-05 | Test: 9.9612e-04 | LR=1.1e-04
Epoch  81/100 | Steps:  81000 | α=1e-02 | Loss: 3.5299e-04 | BC: 3.4986e-05 | PDE: 3.1800e-02 | Val: 3.3430e-05 | Test: 9.8815e-04 | LR=1.0e-04
Epoch  82/100 | Steps:  82000 | α=1e-02 | Loss: 3.4016e-04 | BC: 3.5928e-05 | PDE: 3.0423e-02 | Val: 3.4714e-05 | Test: 1.0522e-03 | LR=9.6e-05
Epoch  83/100 | Steps:  83000 | α=1e-02 | Loss: 3.0302e-04 | BC: 2.6163e-05 | PDE: 2.7685e-02 | Val: 1.8513e-05 | Test: 9.4436e-04 | LR=8.7e-05
Epoch  84/100 | Steps:  84000 | α=1e-02 | Loss: 3.1699e-04 | BC: 2.7463e-05 | PDE: 2.8953e-02 | Val: 2.4531e-05 | Test: 9.2707e-04 | LR=7.9e-05
Epoch  85/100 | Steps:  85000 | α=1e-02 | Loss: 2.9798e-04 | BC: 2.3232e-05 | PDE: 2.7475e-02 | Val: 1.8870e-05 | Test: 9.5419e-04 | LR=7.1e-05
Epoch  86/100 | Steps:  86000 | α=1e-02 | Loss: 3.0991e-04 | BC: 2.9726e-05 | PDE: 2.8019e-02 | Val: 2.0798e-05 | Test: 9.9046e-04 | LR=6.4e-05
Epoch  87/100 | Steps:  87000 | α=1e-02 | Loss: 2.9027e-04 | BC: 2.9428e-05 | PDE: 2.6084e-02 | Val: 2.1832e-05 | Test: 1.0116e-03 | LR=5.7e-05

>>> Alpha increased: 1e-02 → 1e-01 (BC=2.1833e-05) <<<
Epoch  88/100 | Steps:  88000 | α=1e-01 | Loss: 2.7103e-04 | BC: 2.1833e-05 | PDE: 2.4920e-02 | Val: 1.8237e-05 | Test: 9.4467e-04 | LR=5.1e-05 *
Epoch  89/100 | Steps:  89000 | α=1e-01 | Loss: 2.4993e-03 | BC: 9.2478e-05 | PDE: 2.4068e-02 | Val: 7.4359e-05 | Test: 1.2187e-03 | LR=4.5e-05
Epoch  90/100 | Steps:  90000 | α=1e-01 | Loss: 2.4741e-03 | BC: 6.3362e-05 | PDE: 2.4107e-02 | Val: 5.2526e-05 | Test: 1.1212e-03 | LR=3.9e-05
Epoch  91/100 | Steps:  91000 | α=1e-01 | Loss: 2.2965e-03 | BC: 6.4178e-05 | PDE: 2.2323e-02 | Val: 8.1788e-05 | Test: 1.2582e-03 | LR=3.4e-05
Epoch  92/100 | Steps:  92000 | α=1e-01 | Loss: 2.3455e-03 | BC: 7.4293e-05 | PDE: 2.2712e-02 | Val: 6.4739e-05 | Test: 1.1859e-03 | LR=3.0e-05
Epoch  93/100 | Steps:  93000 | α=1e-01 | Loss: 2.2384e-03 | BC: 7.4393e-05 | PDE: 2.1640e-02 | Val: 7.0656e-05 | Test: 1.2250e-03 | LR=2.6e-05
Epoch  94/100 | Steps:  94000 | α=1e-01 | Loss: 1.9510e-03 | BC: 6.8375e-05 | PDE: 1.8826e-02 | Val: 5.9671e-05 | Test: 1.1708e-03 | LR=2.2e-05
Epoch  95/100 | Steps:  95000 | α=1e-01 | Loss: 2.0265e-03 | BC: 6.3194e-05 | PDE: 1.9633e-02 | Val: 6.3517e-05 | Test: 1.1712e-03 | LR=1.9e-05
Epoch  96/100 | Steps:  96000 | α=1e-01 | Loss: 1.9998e-03 | BC: 6.9122e-05 | PDE: 1.9307e-02 | Val: 7.8302e-05 | Test: 1.2514e-03 | LR=1.6e-05
Epoch  97/100 | Steps:  97000 | α=1e-01 | Loss: 2.1479e-03 | BC: 7.1545e-05 | PDE: 2.0764e-02 | Val: 7.2277e-05 | Test: 1.2080e-03 | LR=1.4e-05
Epoch  98/100 | Steps:  98000 | α=1e-01 | Loss: 2.0323e-03 | BC: 7.7334e-05 | PDE: 1.9549e-02 | Val: 9.9678e-05 | Test: 1.3104e-03 | LR=1.2e-05
Epoch  99/100 | Steps:  99000 | α=1e-01 | Loss: 2.0998e-03 | BC: 7.8584e-05 | PDE: 2.0212e-02 | Val: 7.7855e-05 | Test: 1.2478e-03 | LR=1.1e-05
Epoch 100/100 | Steps: 100000 | α=1e-01 | Loss: 2.0479e-03 | BC: 7.5112e-05 | PDE: 1.9728e-02 | Val: 7.3533e-05 | Test: 1.2209e-03 | LR=1.0e-05

Restored best model from epoch 88 (val_loss: 1.8237e-05, test_loss: 9.4467e-04)
Best checkpoint saved to: outputs/expr_7_1/absolute/out0/checkpoints/best_model.pt
Final checkpoint saved to: outputs/expr_7_1/absolute/out0/checkpoints/final_model.pt
Training completed in 917.37s (100,000 total steps)

Final Test MSE: 1.2209e-03
Inference (per point): 7.9112e-05s | (full domain): 7.7808e-05s
Saved plot to outputs/expr_7_1/absolute/out0/plots/results.png
