
============================================================
Running Example: arctan
============================================================

Generated full domain data:
  Boundary points: 40,000
  Interior points: 1,000,000
  Test points: 10,000
Re-sampling enabled: ~1,000,000 interior points per epoch

Splitting data: 80% train, 20% validation
  BC: 32,000 train, 8,000 val
  Interior: 800,000 train, 200,000 val

Model: InfinityLaplacianPINN
  Hidden layers: [32, 32, 32, 32]
  Activation: tanh
  η: 1e-05 (normalized)
  Residual clipping: [-10.0, 10.0]
  Outlier removal: top 2.0%
  Parameters: 3,297

Training configuration:
  Boundary points (train): 32,000 -> 80 batches of 400
  Interior points (train): 1,000,000 -> 1000 batches of 1000
  Interior sampling: RE-SAMPLE each epoch
  Boundary points (val): 8,000
  Validation loss: BC only
  Steps per epoch: 1,000
  Total steps: 100,000
  Epochs: 100
  Loss balancing: AlphaPlateauScheduler
  LR scheduler: cosine (LR: 1.0e-03 -> 1.0e-05)

/usr/local/lib/python3.12/dist-packages/torch/autograd/graph.py:824: UserWarning: Attempting to run cuBLAS, but there was no current CUDA context! Attempting to set the primary context... (Triggered internally at /opt/pytorch/pytorch/aten/src/ATen/cuda/CublasHandlePool.cpp:181.)
  return Variable._execution_engine.run_backward(  # Calls into the C++ engine to run the backward pass
Epoch   1/100 | Steps:   1000 | α=1e-05 | Loss: 1.7263e-02 | BC: 1.7150e-02 | PDE: 1.1327e+01 | Val: 6.2653e-04 | Test: 9.6278e-04 | LR=1.0e-03 *
Epoch   2/100 | Steps:   2000 | α=1e-05 | Loss: 4.0000e-04 | BC: 3.2421e-04 | PDE: 7.5793e+00 | Val: 9.3484e-05 | Test: 3.0817e-04 | LR=1.0e-03 *
Epoch   3/100 | Steps:   3000 | α=1e-05 | Loss: 1.1249e-04 | BC: 7.6000e-05 | PDE: 3.6487e+00 | Val: 3.2216e-05 | Test: 2.6227e-04 | LR=1.0e-03 *
Epoch   4/100 | Steps:   4000 | α=1e-05 | Loss: 5.4497e-05 | BC: 3.7825e-05 | PDE: 1.6671e+00 | Val: 1.5613e-05 | Test: 1.9363e-04 | LR=1.0e-03 *
Epoch   5/100 | Steps:   5000 | α=1e-05 | Loss: 3.1893e-05 | BC: 2.4189e-05 | PDE: 7.7038e-01 | Val: 8.1112e-06 | Test: 1.3783e-04 | LR=1.0e-03 *
Epoch   6/100 | Steps:   6000 | α=1e-05 | Loss: 2.7128e-05 | BC: 2.3342e-05 | PDE: 3.7862e-01 | Val: 1.2857e-05 | Test: 1.1977e-04 | LR=9.9e-04
Epoch   7/100 | Steps:   7000 | α=1e-05 | Loss: 1.2987e-05 | BC: 1.1230e-05 | PDE: 1.7569e-01 | Val: 3.6709e-06 | Test: 9.7169e-05 | LR=9.9e-04 *
Epoch   8/100 | Steps:   8000 | α=1e-05 | Loss: 1.5136e-05 | BC: 1.4001e-05 | PDE: 1.1351e-01 | Val: 2.7284e-06 | Test: 7.7194e-05 | LR=9.9e-04 *
Epoch   9/100 | Steps:   9000 | α=1e-05 | Loss: 1.1604e-05 | BC: 1.0838e-05 | PDE: 7.6607e-02 | Val: 2.6643e-06 | Test: 7.5864e-05 | LR=9.8e-04 *
Epoch  10/100 | Steps:  10000 | α=1e-05 | Loss: 1.1656e-05 | BC: 1.1095e-05 | PDE: 5.6192e-02 | Val: 1.9573e-05 | Test: 8.0263e-05 | LR=9.8e-04
Epoch  11/100 | Steps:  11000 | α=1e-05 | Loss: 1.0355e-05 | BC: 9.8564e-06 | PDE: 4.9828e-02 | Val: 2.0614e-05 | Test: 6.7628e-05 | LR=9.8e-04
Epoch  12/100 | Steps:  12000 | α=1e-05 | Loss: 8.4473e-06 | BC: 8.0994e-06 | PDE: 3.4788e-02 | Val: 1.5959e-05 | Test: 6.6628e-05 | LR=9.7e-04
Epoch  13/100 | Steps:  13000 | α=1e-05 | Loss: 8.5829e-06 | BC: 8.3091e-06 | PDE: 2.7383e-02 | Val: 4.2890e-06 | Test: 4.9678e-05 | LR=9.7e-04
Epoch  14/100 | Steps:  14000 | α=1e-05 | Loss: 9.5195e-06 | BC: 9.2468e-06 | PDE: 2.7274e-02 | Val: 1.2288e-06 | Test: 3.7155e-05 | LR=9.6e-04 *
Epoch  15/100 | Steps:  15000 | α=1e-05 | Loss: 9.6718e-06 | BC: 9.4545e-06 | PDE: 2.1732e-02 | Val: 2.2091e-06 | Test: 3.4143e-05 | LR=9.5e-04
Epoch  16/100 | Steps:  16000 | α=1e-05 | Loss: 7.2896e-06 | BC: 7.1225e-06 | PDE: 1.6707e-02 | Val: 5.0622e-07 | Test: 2.8299e-05 | LR=9.5e-04 *

>>> Alpha increased: 1e-05 → 1e-04 (BC=9.8591e-06) <<<
Epoch  17/100 | Steps:  17000 | α=1e-04 | Loss: 1.0014e-05 | BC: 9.8591e-06 | PDE: 1.5437e-02 | Val: 5.1256e-07 | Test: 2.1740e-05 | LR=9.4e-04 *
Epoch  18/100 | Steps:  18000 | α=1e-04 | Loss: 1.0536e-05 | BC: 9.1460e-06 | PDE: 1.3896e-02 | Val: 4.5796e-05 | Test: 4.8445e-05 | LR=9.3e-04
Epoch  19/100 | Steps:  19000 | α=1e-04 | Loss: 8.6063e-06 | BC: 8.0007e-06 | PDE: 6.0554e-03 | Val: 6.5298e-06 | Test: 1.7402e-05 | LR=9.2e-04
Epoch  20/100 | Steps:  20000 | α=1e-04 | Loss: 6.3759e-06 | BC: 5.9885e-06 | PDE: 3.8738e-03 | Val: 6.9912e-06 | Test: 2.8557e-05 | LR=9.1e-04
Epoch  21/100 | Steps:  21000 | α=1e-04 | Loss: 6.9374e-06 | BC: 6.6080e-06 | PDE: 3.2940e-03 | Val: 3.4098e-06 | Test: 1.4628e-05 | LR=9.1e-04
Epoch  22/100 | Steps:  22000 | α=1e-04 | Loss: 1.0942e-05 | BC: 1.0606e-05 | PDE: 3.3548e-03 | Val: 9.4841e-07 | Test: 1.0806e-05 | LR=9.0e-04
Epoch  23/100 | Steps:  23000 | α=1e-04 | Loss: 4.3692e-06 | BC: 4.1111e-06 | PDE: 2.5815e-03 | Val: 9.0940e-07 | Test: 1.0081e-05 | LR=8.9e-04
Epoch  24/100 | Steps:  24000 | α=1e-04 | Loss: 5.8533e-06 | BC: 5.6284e-06 | PDE: 2.2493e-03 | Val: 3.7874e-06 | Test: 1.2504e-05 | LR=8.8e-04
Epoch  25/100 | Steps:  25000 | α=1e-04 | Loss: 4.9483e-06 | BC: 4.7484e-06 | PDE: 1.9989e-03 | Val: 1.8780e-07 | Test: 8.7471e-06 | LR=8.7e-04 *
Epoch  26/100 | Steps:  26000 | α=1e-04 | Loss: 7.4260e-06 | BC: 7.2015e-06 | PDE: 2.2443e-03 | Val: 4.0219e-07 | Test: 8.1027e-06 | LR=8.6e-04
Epoch  27/100 | Steps:  27000 | α=1e-04 | Loss: 4.6501e-06 | BC: 4.4915e-06 | PDE: 1.5853e-03 | Val: 1.8151e-06 | Test: 6.8858e-06 | LR=8.4e-04

>>> Alpha increased: 1e-04 → 1e-03 (BC=4.7226e-06) <<<
Epoch  28/100 | Steps:  28000 | α=1e-03 | Loss: 4.8810e-06 | BC: 4.7226e-06 | PDE: 1.5836e-03 | Val: 7.4029e-07 | Test: 7.7170e-06 | LR=8.3e-04 *
Epoch  29/100 | Steps:  29000 | α=1e-03 | Loss: 8.2397e-06 | BC: 5.8312e-06 | PDE: 2.4084e-03 | Val: 1.8695e-05 | Test: 1.8445e-05 | LR=8.2e-04
Epoch  30/100 | Steps:  30000 | α=1e-03 | Loss: 4.9774e-06 | BC: 4.0743e-06 | PDE: 9.0309e-04 | Val: 1.5499e-07 | Test: 4.2284e-06 | LR=8.1e-04 *
Epoch  31/100 | Steps:  31000 | α=1e-03 | Loss: 4.1360e-06 | BC: 3.3980e-06 | PDE: 7.3792e-04 | Val: 9.1360e-07 | Test: 3.5525e-06 | LR=8.0e-04
Epoch  32/100 | Steps:  32000 | α=1e-03 | Loss: 4.7616e-06 | BC: 3.9782e-06 | PDE: 7.8336e-04 | Val: 3.4766e-06 | Test: 7.9746e-06 | LR=7.8e-04
Epoch  33/100 | Steps:  33000 | α=1e-03 | Loss: 4.2821e-06 | BC: 3.6590e-06 | PDE: 6.2309e-04 | Val: 3.6726e-07 | Test: 3.3976e-06 | LR=7.7e-04
Epoch  34/100 | Steps:  34000 | α=1e-03 | Loss: 4.1401e-06 | BC: 3.6395e-06 | PDE: 5.0062e-04 | Val: 1.7088e-07 | Test: 4.0448e-06 | LR=7.6e-04
Epoch  35/100 | Steps:  35000 | α=1e-03 | Loss: 3.8028e-06 | BC: 3.1181e-06 | PDE: 6.8476e-04 | Val: 2.8724e-06 | Test: 6.0960e-06 | LR=7.4e-04

>>> Alpha increased: 1e-03 → 1e-02 (BC=3.1018e-06) <<<
Epoch  36/100 | Steps:  36000 | α=1e-02 | Loss: 3.6115e-06 | BC: 3.1018e-06 | PDE: 5.0972e-04 | Val: 1.0262e-06 | Test: 3.2897e-06 | LR=7.3e-04 *
Epoch  37/100 | Steps:  37000 | α=1e-02 | Loss: 5.8435e-05 | BC: 1.3550e-05 | PDE: 4.4885e-03 | Val: 1.1332e-06 | Test: 5.0675e-06 | LR=7.2e-04
Epoch  38/100 | Steps:  38000 | α=1e-02 | Loss: 7.1913e-06 | BC: 2.9498e-06 | PDE: 4.2415e-04 | Val: 2.3352e-06 | Test: 4.4659e-06 | LR=7.0e-04
Epoch  39/100 | Steps:  39000 | α=1e-02 | Loss: 1.1162e-05 | BC: 4.3140e-06 | PDE: 6.8484e-04 | Val: 3.3134e-06 | Test: 6.6027e-06 | LR=6.9e-04
Epoch  40/100 | Steps:  40000 | α=1e-02 | Loss: 1.4582e-05 | BC: 4.6358e-06 | PDE: 9.9465e-04 | Val: 9.6775e-07 | Test: 3.8611e-06 | LR=6.7e-04 *
Epoch  41/100 | Steps:  41000 | α=1e-02 | Loss: 7.9144e-06 | BC: 2.7622e-06 | PDE: 5.1522e-04 | Val: 1.8258e-06 | Test: 2.4881e-06 | LR=6.6e-04
Epoch  42/100 | Steps:  42000 | α=1e-02 | Loss: 1.1833e-05 | BC: 4.6118e-06 | PDE: 7.2216e-04 | Val: 3.3710e-06 | Test: 6.5532e-06 | LR=6.4e-04
Epoch  43/100 | Steps:  43000 | α=1e-02 | Loss: 1.1444e-05 | BC: 4.6507e-06 | PDE: 6.7937e-04 | Val: 2.4320e-07 | Test: 4.9068e-06 | LR=6.3e-04 *
Epoch  44/100 | Steps:  44000 | α=1e-02 | Loss: 6.5215e-06 | BC: 2.4060e-06 | PDE: 4.1155e-04 | Val: 7.0857e-06 | Test: 1.1928e-05 | LR=6.1e-04
Epoch  45/100 | Steps:  45000 | α=1e-02 | Loss: 1.4846e-05 | BC: 6.0439e-06 | PDE: 8.8022e-04 | Val: 1.2248e-06 | Test: 4.9815e-06 | LR=6.0e-04
Epoch  46/100 | Steps:  46000 | α=1e-02 | Loss: 2.8607e-06 | BC: 1.0614e-06 | PDE: 1.7993e-04 | Val: 2.7171e-07 | Test: 3.1556e-06 | LR=5.8e-04
Epoch  47/100 | Steps:  47000 | α=1e-02 | Loss: 4.2518e-05 | BC: 3.5257e-05 | PDE: 7.2608e-04 | Val: 1.8063e-06 | Test: 2.4532e-06 | LR=5.7e-04
Epoch  48/100 | Steps:  48000 | α=1e-02 | Loss: 7.0381e-06 | BC: 2.5977e-06 | PDE: 4.4404e-04 | Val: 2.2600e-06 | Test: 2.1713e-06 | LR=5.5e-04
Epoch  49/100 | Steps:  49000 | α=1e-02 | Loss: 3.9668e-06 | BC: 1.4553e-06 | PDE: 2.5116e-04 | Val: 5.5933e-07 | Test: 1.5535e-06 | LR=5.4e-04
Epoch  50/100 | Steps:  50000 | α=1e-02 | Loss: 6.3997e-06 | BC: 2.2016e-06 | PDE: 4.1981e-04 | Val: 2.9160e-06 | Test: 1.3148e-06 | LR=5.2e-04

>>> Alpha increased: 1e-02 → 1e-01 (BC=1.6109e-06) <<<
Epoch  51/100 | Steps:  51000 | α=1e-01 | Loss: 4.3950e-06 | BC: 1.6109e-06 | PDE: 2.7841e-04 | Val: 4.1870e-07 | Test: 1.3819e-06 | LR=5.1e-04 *
Epoch  52/100 | Steps:  52000 | α=1e-01 | Loss: 3.5111e-04 | BC: 3.0337e-05 | PDE: 3.2077e-03 | Val: 4.4195e-07 | Test: 1.4691e-06 | LR=4.9e-04
Epoch  53/100 | Steps:  53000 | α=1e-01 | Loss: 6.0401e-05 | BC: 3.2325e-06 | PDE: 5.7169e-04 | Val: 7.1044e-07 | Test: 1.7498e-06 | LR=4.7e-04
Epoch  54/100 | Steps:  54000 | α=1e-01 | Loss: 3.9096e-05 | BC: 1.9717e-06 | PDE: 3.7124e-04 | Val: 8.3315e-07 | Test: 1.9719e-06 | LR=4.6e-04
Epoch  55/100 | Steps:  55000 | α=1e-01 | Loss: 5.8644e-05 | BC: 3.7737e-06 | PDE: 5.4871e-04 | Val: 2.2526e-06 | Test: 2.5829e-06 | LR=4.4e-04
Epoch  56/100 | Steps:  56000 | α=1e-01 | Loss: 2.9356e-05 | BC: 1.8309e-06 | PDE: 2.7525e-04 | Val: 2.9879e-06 | Test: 5.3591e-06 | LR=4.3e-04
Epoch  57/100 | Steps:  57000 | α=1e-01 | Loss: 5.0566e-05 | BC: 3.7914e-06 | PDE: 4.6775e-04 | Val: 1.0843e-06 | Test: 2.4313e-06 | LR=4.1e-04
Epoch  58/100 | Steps:  58000 | α=1e-01 | Loss: 3.0397e-05 | BC: 2.2466e-06 | PDE: 2.8151e-04 | Val: 5.3975e-07 | Test: 1.6208e-06 | LR=4.0e-04
Epoch  59/100 | Steps:  59000 | α=1e-01 | Loss: 2.7396e-05 | BC: 1.7612e-06 | PDE: 2.5635e-04 | Val: 5.7558e-07 | Test: 1.6370e-06 | LR=3.8e-04
Epoch  60/100 | Steps:  60000 | α=1e-01 | Loss: 2.7720e-05 | BC: 1.7854e-06 | PDE: 2.5934e-04 | Val: 1.0683e-06 | Test: 2.2815e-06 | LR=3.7e-04
Epoch  61/100 | Steps:  61000 | α=1e-01 | Loss: 2.9500e-05 | BC: 2.0413e-06 | PDE: 2.7459e-04 | Val: 3.3974e-07 | Test: 1.8587e-06 | LR=3.5e-04 *
Epoch  62/100 | Steps:  62000 | α=1e-01 | Loss: 2.7783e-05 | BC: 1.6617e-06 | PDE: 2.6122e-04 | Val: 6.0831e-07 | Test: 1.4974e-06 | LR=3.4e-04
Epoch  63/100 | Steps:  63000 | α=1e-01 | Loss: 2.4439e-05 | BC: 2.0594e-06 | PDE: 2.2380e-04 | Val: 4.6178e-06 | Test: 4.4205e-06 | LR=3.2e-04
Epoch  64/100 | Steps:  64000 | α=1e-01 | Loss: 2.2675e-05 | BC: 1.5455e-06 | PDE: 2.1129e-04 | Val: 4.8852e-07 | Test: 1.6893e-06 | LR=3.1e-04
Epoch  65/100 | Steps:  65000 | α=1e-01 | Loss: 4.5437e-05 | BC: 5.8746e-06 | PDE: 3.9563e-04 | Val: 4.9186e-07 | Test: 1.3888e-06 | LR=2.9e-04
Epoch  66/100 | Steps:  66000 | α=1e-01 | Loss: 1.4572e-05 | BC: 1.0665e-06 | PDE: 1.3506e-04 | Val: 4.2654e-07 | Test: 1.6112e-06 | LR=2.8e-04
Epoch  67/100 | Steps:  67000 | α=1e-01 | Loss: 1.0887e-05 | BC: 8.8267e-07 | PDE: 1.0004e-04 | Val: 3.2705e-07 | Test: 1.3465e-06 | LR=2.7e-04 *
Epoch  68/100 | Steps:  68000 | α=1e-01 | Loss: 2.2791e-05 | BC: 1.5904e-06 | PDE: 2.1201e-04 | Val: 4.3030e-07 | Test: 1.8203e-06 | LR=2.5e-04
Epoch  69/100 | Steps:  69000 | α=1e-01 | Loss: 1.1716e-05 | BC: 1.1025e-06 | PDE: 1.0614e-04 | Val: 1.2260e-06 | Test: 2.3424e-06 | LR=2.4e-04
Epoch  70/100 | Steps:  70000 | α=1e-01 | Loss: 2.0420e-05 | BC: 1.1852e-06 | PDE: 1.9235e-04 | Val: 1.3234e-05 | Test: 5.2335e-06 | LR=2.3e-04
Epoch  71/100 | Steps:  71000 | α=1e-01 | Loss: 1.5385e-05 | BC: 1.0722e-06 | PDE: 1.4313e-04 | Val: 3.7908e-07 | Test: 1.3969e-06 | LR=2.1e-04
Epoch  72/100 | Steps:  72000 | α=1e-01 | Loss: 1.0660e-05 | BC: 8.2603e-07 | PDE: 9.8337e-05 | Val: 7.5742e-07 | Test: 1.8622e-06 | LR=2.0e-04
Epoch  73/100 | Steps:  73000 | α=1e-01 | Loss: 1.7110e-05 | BC: 1.2042e-06 | PDE: 1.5906e-04 | Val: 2.0212e-07 | Test: 1.3944e-06 | LR=1.9e-04 *
Epoch  74/100 | Steps:  74000 | α=1e-01 | Loss: 8.7598e-06 | BC: 6.3664e-07 | PDE: 8.1231e-05 | Val: 1.1763e-06 | Test: 2.8330e-06 | LR=1.8e-04
Epoch  75/100 | Steps:  75000 | α=1e-01 | Loss: 6.9642e-06 | BC: 5.7263e-07 | PDE: 6.3916e-05 | Val: 2.1653e-07 | Test: 1.3693e-06 | LR=1.7e-04
Epoch  76/100 | Steps:  76000 | α=1e-01 | Loss: 8.0216e-06 | BC: 6.2976e-07 | PDE: 7.3919e-05 | Val: 4.0592e-07 | Test: 1.5436e-06 | LR=1.5e-04
Epoch  77/100 | Steps:  77000 | α=1e-01 | Loss: 5.0608e-06 | BC: 4.7606e-07 | PDE: 4.5848e-05 | Val: 2.2894e-07 | Test: 1.3210e-06 | LR=1.4e-04
Epoch  78/100 | Steps:  78000 | α=1e-01 | Loss: 5.9924e-06 | BC: 4.4593e-07 | PDE: 5.5465e-05 | Val: 2.3183e-07 | Test: 1.3822e-06 | LR=1.3e-04
Epoch  79/100 | Steps:  79000 | α=1e-01 | Loss: 8.7772e-06 | BC: 6.1184e-07 | PDE: 8.1654e-05 | Val: 1.7098e-07 | Test: 1.3503e-06 | LR=1.2e-04 *
Epoch  80/100 | Steps:  80000 | α=1e-01 | Loss: 3.2389e-06 | BC: 2.9061e-07 | PDE: 2.9483e-05 | Val: 5.2983e-07 | Test: 1.7308e-06 | LR=1.1e-04
Epoch  81/100 | Steps:  81000 | α=1e-01 | Loss: 6.4703e-06 | BC: 4.2774e-07 | PDE: 6.0425e-05 | Val: 1.6638e-07 | Test: 1.2369e-06 | LR=1.0e-04 *
Epoch  82/100 | Steps:  82000 | α=1e-01 | Loss: 4.7970e-06 | BC: 3.7470e-07 | PDE: 4.4223e-05 | Val: 3.4925e-07 | Test: 1.3564e-06 | LR=9.6e-05
Epoch  83/100 | Steps:  83000 | α=1e-01 | Loss: 2.9073e-06 | BC: 2.7698e-07 | PDE: 2.6303e-05 | Val: 2.5104e-07 | Test: 1.4955e-06 | LR=8.7e-05
Epoch  84/100 | Steps:  84000 | α=1e-01 | Loss: 4.2074e-06 | BC: 3.0099e-07 | PDE: 3.9064e-05 | Val: 2.3271e-07 | Test: 1.3270e-06 | LR=7.9e-05
Epoch  85/100 | Steps:  85000 | α=1e-01 | Loss: 4.1620e-06 | BC: 5.1498e-07 | PDE: 3.6471e-05 | Val: 3.6617e-07 | Test: 1.2388e-06 | LR=7.1e-05
Epoch  86/100 | Steps:  86000 | α=1e-01 | Loss: 2.1854e-06 | BC: 2.1765e-07 | PDE: 1.9678e-05 | Val: 1.4284e-07 | Test: 1.2825e-06 | LR=6.4e-05 *
Epoch  87/100 | Steps:  87000 | α=1e-01 | Loss: 2.0257e-06 | BC: 1.9631e-07 | PDE: 1.8294e-05 | Val: 1.5596e-07 | Test: 1.3290e-06 | LR=5.7e-05
Epoch  88/100 | Steps:  88000 | α=1e-01 | Loss: 2.9350e-06 | BC: 2.4810e-07 | PDE: 2.6869e-05 | Val: 2.0394e-07 | Test: 1.2938e-06 | LR=5.1e-05
Epoch  89/100 | Steps:  89000 | α=1e-01 | Loss: 2.6885e-06 | BC: 2.3710e-07 | PDE: 2.4514e-05 | Val: 1.5265e-07 | Test: 1.3078e-06 | LR=4.5e-05
Epoch  90/100 | Steps:  90000 | α=1e-01 | Loss: 1.7222e-06 | BC: 1.8788e-07 | PDE: 1.5343e-05 | Val: 1.4851e-07 | Test: 1.2774e-06 | LR=3.9e-05
Epoch  91/100 | Steps:  91000 | α=1e-01 | Loss: 1.8128e-06 | BC: 1.7874e-07 | PDE: 1.6340e-05 | Val: 2.0154e-07 | Test: 1.3081e-06 | LR=3.4e-05
Epoch  92/100 | Steps:  92000 | α=1e-01 | Loss: 1.3096e-06 | BC: 1.5554e-07 | PDE: 1.1541e-05 | Val: 1.4525e-07 | Test: 1.3163e-06 | LR=3.0e-05
Epoch  93/100 | Steps:  93000 | α=1e-01 | Loss: 1.4696e-06 | BC: 1.6377e-07 | PDE: 1.3059e-05 | Val: 1.4394e-07 | Test: 1.2997e-06 | LR=2.6e-05
Epoch  94/100 | Steps:  94000 | α=1e-01 | Loss: 1.4514e-06 | BC: 1.6307e-07 | PDE: 1.2883e-05 | Val: 1.1703e-07 | Test: 1.2244e-06 | LR=2.2e-05 *
Epoch  95/100 | Steps:  95000 | α=1e-01 | Loss: 1.9740e-06 | BC: 2.0488e-07 | PDE: 1.7691e-05 | Val: 1.2998e-07 | Test: 1.2809e-06 | LR=1.9e-05
Epoch  96/100 | Steps:  96000 | α=1e-01 | Loss: 1.0786e-06 | BC: 1.4076e-07 | PDE: 9.3780e-06 | Val: 2.9456e-07 | Test: 1.4311e-06 | LR=1.6e-05
Epoch  97/100 | Steps:  97000 | α=1e-01 | Loss: 1.1866e-06 | BC: 1.4205e-07 | PDE: 1.0446e-05 | Val: 1.2564e-07 | Test: 1.2186e-06 | LR=1.4e-05
Epoch  98/100 | Steps:  98000 | α=1e-01 | Loss: 1.1865e-06 | BC: 1.3696e-07 | PDE: 1.0495e-05 | Val: 1.2027e-07 | Test: 1.2401e-06 | LR=1.2e-05
Epoch  99/100 | Steps:  99000 | α=1e-01 | Loss: 1.2364e-06 | BC: 1.4254e-07 | PDE: 1.0939e-05 | Val: 1.3156e-07 | Test: 1.2573e-06 | LR=1.1e-05
Epoch 100/100 | Steps: 100000 | α=1e-01 | Loss: 1.2538e-06 | BC: 1.4138e-07 | PDE: 1.1124e-05 | Val: 1.2595e-07 | Test: 1.2522e-06 | LR=1.0e-05

Restored best model from epoch 94 (val_loss: 1.1703e-07, test_loss: 1.2244e-06)
Best checkpoint saved to: outputs/expr_6_2/arctan/h32/checkpoints/best_model.pt
Final checkpoint saved to: outputs/expr_6_2/arctan/h32/checkpoints/final_model.pt
Training completed in 1006.12s (100,000 total steps)

Final Test MSE: 1.2522e-06
Inference (per point): 7.8759e-05s | (full domain): 7.9589e-05s
Saved plot to outputs/expr_6_2/arctan/h32/plots/results.png
