
============================================================
Running Example: arctan
============================================================

Generated full domain data:
  Boundary points: 40,000
  Interior points: 1,000,000
  Test points: 10,000
Re-sampling enabled: ~1,000,000 interior points per epoch

Splitting data: 80% train, 20% validation
  BC: 32,000 train, 8,000 val
  Interior: 800,000 train, 200,000 val

Model: InfinityLaplacianPINN
  Hidden layers: [128, 128, 128, 128]
  Activation: tanh
  η: 1e-05 (normalized)
  Residual clipping: [-10.0, 10.0]
  Outlier removal: top 2.0%
  Parameters: 50,049

Training configuration:
  Boundary points (train): 32,000 -> 80 batches of 400
  Interior points (train): 1,000,000 -> 1000 batches of 1000
  Interior sampling: RE-SAMPLE each epoch
  Boundary points (val): 8,000
  Validation loss: BC only
  Steps per epoch: 1,000
  Total steps: 100,000
  Epochs: 100
  Loss balancing: FixedAlphaSchedule
  LR scheduler: cosine (LR: 1.0e-03 -> 1.0e-05)

/usr/local/lib/python3.12/dist-packages/torch/autograd/graph.py:824: UserWarning: Attempting to run cuBLAS, but there was no current CUDA context! Attempting to set the primary context... (Triggered internally at /opt/pytorch/pytorch/aten/src/ATen/cuda/CublasHandlePool.cpp:181.)
  return Variable._execution_engine.run_backward(  # Calls into the C++ engine to run the backward pass
Epoch   1/100 | Steps:   1000 | α=1e-01 | Loss: 2.1847e-02 | BC: 1.8881e-02 | PDE: 2.9662e-02 | Val: 2.9101e-03 | Test: 3.9944e-04 | LR=1.0e-03 *
Epoch   2/100 | Steps:   2000 | α=1e-01 | Loss: 5.5884e-03 | BC: 2.6377e-03 | PDE: 2.9507e-02 | Val: 2.7853e-03 | Test: 3.1724e-04 | LR=1.0e-03 *
Epoch   3/100 | Steps:   3000 | α=1e-01 | Loss: 2.9115e-03 | BC: 1.2215e-03 | PDE: 1.6901e-02 | Val: 8.2698e-04 | Test: 2.6541e-04 | LR=1.0e-03 *
Epoch   4/100 | Steps:   4000 | α=1e-01 | Loss: 1.8809e-03 | BC: 5.4504e-04 | PDE: 1.3359e-02 | Val: 3.3979e-04 | Test: 1.4106e-04 | LR=1.0e-03 *
Epoch   5/100 | Steps:   5000 | α=1e-01 | Loss: 1.9528e-03 | BC: 4.6471e-04 | PDE: 1.4881e-02 | Val: 1.2696e-04 | Test: 1.9725e-05 | LR=1.0e-03 *
Epoch   6/100 | Steps:   6000 | α=1e-01 | Loss: 1.4255e-03 | BC: 2.8802e-04 | PDE: 1.1374e-02 | Val: 1.4755e-04 | Test: 7.0229e-05 | LR=9.9e-04
Epoch   7/100 | Steps:   7000 | α=1e-01 | Loss: 9.0881e-04 | BC: 1.9137e-04 | PDE: 7.1744e-03 | Val: 1.4656e-04 | Test: 3.1995e-05 | LR=9.9e-04
Epoch   8/100 | Steps:   8000 | α=1e-01 | Loss: 1.8969e-03 | BC: 4.8361e-04 | PDE: 1.4133e-02 | Val: 1.5552e-04 | Test: 3.9553e-05 | LR=9.9e-04
Epoch   9/100 | Steps:   9000 | α=1e-01 | Loss: 1.1746e-03 | BC: 2.4066e-04 | PDE: 9.3391e-03 | Val: 1.6551e-04 | Test: 5.2158e-05 | LR=9.8e-04
Epoch  10/100 | Steps:  10000 | α=1e-01 | Loss: 1.0427e-03 | BC: 2.6159e-04 | PDE: 7.8113e-03 | Val: 1.9678e-04 | Test: 3.0203e-05 | LR=9.8e-04
Epoch  11/100 | Steps:  11000 | α=1e-01 | Loss: 1.1970e-03 | BC: 2.6771e-04 | PDE: 9.2929e-03 | Val: 3.1478e-04 | Test: 2.0636e-04 | LR=9.8e-04
Epoch  12/100 | Steps:  12000 | α=1e-01 | Loss: 1.0182e-03 | BC: 2.8646e-04 | PDE: 7.3174e-03 | Val: 9.4482e-05 | Test: 2.2720e-05 | LR=9.7e-04 *
Epoch  13/100 | Steps:  13000 | α=1e-01 | Loss: 9.9767e-04 | BC: 2.8363e-04 | PDE: 7.1404e-03 | Val: 7.4093e-05 | Test: 3.9181e-05 | LR=9.7e-04 *
Epoch  14/100 | Steps:  14000 | α=1e-01 | Loss: 1.1888e-03 | BC: 4.0916e-04 | PDE: 7.7965e-03 | Val: 5.9181e-05 | Test: 1.8039e-05 | LR=9.6e-04 *
Epoch  15/100 | Steps:  15000 | α=1e-01 | Loss: 1.0316e-03 | BC: 1.9076e-04 | PDE: 8.4086e-03 | Val: 3.9306e-05 | Test: 2.0138e-05 | LR=9.5e-04 *
Epoch  16/100 | Steps:  16000 | α=1e-01 | Loss: 6.5272e-04 | BC: 1.1950e-04 | PDE: 5.3321e-03 | Val: 1.2034e-03 | Test: 2.7885e-04 | LR=9.5e-04
Epoch  17/100 | Steps:  17000 | α=1e-01 | Loss: 8.7530e-04 | BC: 2.5093e-04 | PDE: 6.2437e-03 | Val: 2.0084e-05 | Test: 1.1628e-05 | LR=9.4e-04 *
Epoch  18/100 | Steps:  18000 | α=1e-01 | Loss: 5.8602e-04 | BC: 1.1080e-04 | PDE: 4.7522e-03 | Val: 1.4756e-05 | Test: 3.0604e-06 | LR=9.3e-04 *
Epoch  19/100 | Steps:  19000 | α=1e-01 | Loss: 6.5301e-04 | BC: 1.3453e-04 | PDE: 5.1848e-03 | Val: 1.1623e-05 | Test: 3.3511e-06 | LR=9.2e-04 *
Epoch  20/100 | Steps:  20000 | α=1e-01 | Loss: 9.3377e-04 | BC: 2.6756e-04 | PDE: 6.6621e-03 | Val: 1.1070e-05 | Test: 6.5290e-06 | LR=9.1e-04 *
Epoch  21/100 | Steps:  21000 | α=1e-01 | Loss: 5.1518e-04 | BC: 1.3526e-04 | PDE: 3.7992e-03 | Val: 3.0585e-04 | Test: 1.1074e-04 | LR=9.1e-04
Epoch  22/100 | Steps:  22000 | α=1e-01 | Loss: 5.7941e-04 | BC: 9.4863e-05 | PDE: 4.8455e-03 | Val: 6.8432e-05 | Test: 2.3999e-05 | LR=9.0e-04
Epoch  23/100 | Steps:  23000 | α=1e-01 | Loss: 6.4892e-04 | BC: 1.3364e-04 | PDE: 5.1528e-03 | Val: 1.0335e-05 | Test: 5.0654e-06 | LR=8.9e-04 *
Epoch  24/100 | Steps:  24000 | α=1e-01 | Loss: 4.1762e-04 | BC: 7.3231e-05 | PDE: 3.4439e-03 | Val: 7.2686e-06 | Test: 4.5244e-06 | LR=8.8e-04 *
Epoch  25/100 | Steps:  25000 | α=1e-01 | Loss: 4.2113e-04 | BC: 1.0145e-04 | PDE: 3.1968e-03 | Val: 4.2753e-06 | Test: 4.4538e-06 | LR=8.7e-04 *
Epoch  26/100 | Steps:  26000 | α=1e-01 | Loss: 4.6284e-04 | BC: 7.5737e-05 | PDE: 3.8710e-03 | Val: 3.6272e-05 | Test: 3.8587e-05 | LR=8.6e-04
Epoch  27/100 | Steps:  27000 | α=1e-01 | Loss: 4.2506e-04 | BC: 7.4254e-05 | PDE: 3.5081e-03 | Val: 1.1273e-04 | Test: 1.0188e-04 | LR=8.4e-04
Epoch  28/100 | Steps:  28000 | α=1e-01 | Loss: 3.4705e-04 | BC: 7.2139e-05 | PDE: 2.7491e-03 | Val: 2.6012e-04 | Test: 2.6693e-04 | LR=8.3e-04
Epoch  29/100 | Steps:  29000 | α=1e-01 | Loss: 8.3102e-04 | BC: 2.2798e-04 | PDE: 6.0304e-03 | Val: 7.0848e-06 | Test: 4.7060e-06 | LR=8.2e-04
Epoch  30/100 | Steps:  30000 | α=1e-01 | Loss: 3.6750e-04 | BC: 5.9243e-05 | PDE: 3.0826e-03 | Val: 9.1256e-06 | Test: 4.3876e-06 | LR=8.1e-04
Epoch  31/100 | Steps:  31000 | α=1e-01 | Loss: 2.9637e-04 | BC: 5.5507e-05 | PDE: 2.4087e-03 | Val: 3.8652e-06 | Test: 4.2032e-06 | LR=8.0e-04 *
Epoch  32/100 | Steps:  32000 | α=1e-01 | Loss: 5.5907e-04 | BC: 1.6657e-04 | PDE: 3.9250e-03 | Val: 4.6449e-05 | Test: 6.5315e-05 | LR=7.8e-04
Epoch  33/100 | Steps:  33000 | α=1e-01 | Loss: 3.9105e-04 | BC: 7.2637e-05 | PDE: 3.1841e-03 | Val: 4.5754e-06 | Test: 2.6568e-06 | LR=7.7e-04
Epoch  34/100 | Steps:  34000 | α=1e-01 | Loss: 3.6191e-04 | BC: 1.2083e-04 | PDE: 2.4107e-03 | Val: 1.1266e-04 | Test: 1.3670e-04 | LR=7.6e-04
Epoch  35/100 | Steps:  35000 | α=1e-01 | Loss: 2.8923e-04 | BC: 8.4514e-05 | PDE: 2.0472e-03 | Val: 1.4893e-05 | Test: 1.0936e-05 | LR=7.4e-04
Epoch  36/100 | Steps:  36000 | α=1e-01 | Loss: 3.0182e-04 | BC: 5.2943e-05 | PDE: 2.4888e-03 | Val: 4.7777e-06 | Test: 2.6376e-06 | LR=7.3e-04
Epoch  37/100 | Steps:  37000 | α=1e-01 | Loss: 5.2399e-04 | BC: 1.3105e-04 | PDE: 3.9294e-03 | Val: 7.7401e-06 | Test: 6.5019e-06 | LR=7.2e-04
Epoch  38/100 | Steps:  38000 | α=1e-01 | Loss: 1.1225e-04 | BC: 1.9428e-05 | PDE: 9.2818e-04 | Val: 8.0074e-04 | Test: 1.7847e-04 | LR=7.0e-04
Epoch  39/100 | Steps:  39000 | α=1e-01 | Loss: 1.9676e-04 | BC: 3.8391e-05 | PDE: 1.5837e-03 | Val: 2.4146e-06 | Test: 3.2097e-06 | LR=6.9e-04 *
Epoch  40/100 | Steps:  40000 | α=1e-01 | Loss: 2.8823e-04 | BC: 5.3746e-05 | PDE: 2.3448e-03 | Val: 7.3956e-06 | Test: 3.2903e-06 | LR=6.7e-04
Epoch  41/100 | Steps:  41000 | α=1e-01 | Loss: 2.4507e-04 | BC: 5.5774e-05 | PDE: 1.8930e-03 | Val: 1.3230e-05 | Test: 9.8322e-06 | LR=6.6e-04
Epoch  42/100 | Steps:  42000 | α=1e-01 | Loss: 2.4768e-04 | BC: 4.4960e-05 | PDE: 2.0272e-03 | Val: 1.2832e-05 | Test: 4.4240e-06 | LR=6.4e-04
Epoch  43/100 | Steps:  43000 | α=1e-01 | Loss: 1.9195e-04 | BC: 8.3068e-05 | PDE: 1.0888e-03 | Val: 6.7674e-06 | Test: 9.3071e-06 | LR=6.3e-04
Epoch  44/100 | Steps:  44000 | α=1e-01 | Loss: 3.1938e-04 | BC: 4.7593e-05 | PDE: 2.7178e-03 | Val: 6.5450e-05 | Test: 4.2845e-05 | LR=6.1e-04
Epoch  45/100 | Steps:  45000 | α=1e-01 | Loss: 1.5703e-04 | BC: 2.5744e-05 | PDE: 1.3128e-03 | Val: 2.5960e-05 | Test: 8.0709e-06 | LR=6.0e-04
Epoch  46/100 | Steps:  46000 | α=1e-01 | Loss: 1.3550e-04 | BC: 1.8297e-05 | PDE: 1.1721e-03 | Val: 4.3376e-06 | Test: 4.4064e-06 | LR=5.8e-04
Epoch  47/100 | Steps:  47000 | α=1e-01 | Loss: 3.4145e-04 | BC: 1.3655e-04 | PDE: 2.0491e-03 | Val: 8.0324e-05 | Test: 6.2419e-05 | LR=5.7e-04
Epoch  48/100 | Steps:  48000 | α=1e-01 | Loss: 2.5269e-04 | BC: 3.8721e-05 | PDE: 2.1397e-03 | Val: 6.7715e-06 | Test: 4.3294e-06 | LR=5.5e-04
Epoch  49/100 | Steps:  49000 | α=1e-01 | Loss: 3.0174e-05 | BC: 5.5335e-06 | PDE: 2.4640e-04 | Val: 1.8630e-06 | Test: 2.5737e-06 | LR=5.4e-04 *
Epoch  50/100 | Steps:  50000 | α=1e-01 | Loss: 1.5615e-04 | BC: 2.8419e-05 | PDE: 1.2773e-03 | Val: 1.3132e-05 | Test: 6.5289e-06 | LR=5.2e-04
Epoch  51/100 | Steps:  51000 | α=1e-01 | Loss: 2.1996e-04 | BC: 7.4317e-05 | PDE: 1.4564e-03 | Val: 4.4091e-06 | Test: 3.8362e-06 | LR=5.1e-04
Epoch  52/100 | Steps:  52000 | α=1e-01 | Loss: 1.2977e-04 | BC: 2.2051e-05 | PDE: 1.0772e-03 | Val: 1.5370e-06 | Test: 1.9679e-06 | LR=4.9e-04 *
Epoch  53/100 | Steps:  53000 | α=1e-01 | Loss: 5.5380e-05 | BC: 8.4272e-06 | PDE: 4.6953e-04 | Val: 1.2645e-06 | Test: 2.1706e-06 | LR=4.7e-04 *
Epoch  54/100 | Steps:  54000 | α=1e-01 | Loss: 1.6898e-04 | BC: 6.8415e-05 | PDE: 1.0057e-03 | Val: 4.9941e-06 | Test: 3.1077e-06 | LR=4.6e-04
Epoch  55/100 | Steps:  55000 | α=1e-01 | Loss: 9.1281e-05 | BC: 1.3081e-05 | PDE: 7.8199e-04 | Val: 2.3481e-05 | Test: 1.6931e-05 | LR=4.4e-04
Epoch  56/100 | Steps:  56000 | α=1e-01 | Loss: 1.2753e-04 | BC: 2.4399e-05 | PDE: 1.0313e-03 | Val: 3.0722e-06 | Test: 3.8303e-06 | LR=4.3e-04
Epoch  57/100 | Steps:  57000 | α=1e-01 | Loss: 1.5675e-04 | BC: 5.2690e-05 | PDE: 1.0406e-03 | Val: 1.8300e-06 | Test: 4.0833e-06 | LR=4.1e-04
Epoch  58/100 | Steps:  58000 | α=1e-01 | Loss: 9.7146e-05 | BC: 1.6794e-05 | PDE: 8.0352e-04 | Val: 1.3515e-06 | Test: 2.7409e-06 | LR=4.0e-04
Epoch  59/100 | Steps:  59000 | α=1e-01 | Loss: 4.2783e-05 | BC: 9.0255e-06 | PDE: 3.3758e-04 | Val: 1.2583e-06 | Test: 3.7096e-06 | LR=3.8e-04 *
Epoch  60/100 | Steps:  60000 | α=1e-01 | Loss: 1.1429e-04 | BC: 4.4794e-05 | PDE: 6.9497e-04 | Val: 1.3170e-05 | Test: 1.8580e-05 | LR=3.7e-04
Epoch  61/100 | Steps:  61000 | α=1e-01 | Loss: 6.6484e-05 | BC: 8.7403e-06 | PDE: 5.7744e-04 | Val: 1.8692e-06 | Test: 1.7822e-06 | LR=3.5e-04
Epoch  62/100 | Steps:  62000 | α=1e-01 | Loss: 6.9067e-05 | BC: 1.1063e-05 | PDE: 5.8004e-04 | Val: 1.8419e-06 | Test: 2.9433e-06 | LR=3.4e-04
Epoch  63/100 | Steps:  63000 | α=1e-01 | Loss: 4.4312e-05 | BC: 6.8406e-06 | PDE: 3.7471e-04 | Val: 1.1115e-05 | Test: 1.2390e-05 | LR=3.2e-04
Epoch  64/100 | Steps:  64000 | α=1e-01 | Loss: 2.3830e-05 | BC: 3.8341e-06 | PDE: 1.9996e-04 | Val: 7.2370e-07 | Test: 1.8773e-06 | LR=3.1e-04 *
Epoch  65/100 | Steps:  65000 | α=1e-01 | Loss: 9.5864e-05 | BC: 1.3986e-05 | PDE: 8.1878e-04 | Val: 1.0228e-06 | Test: 2.4279e-06 | LR=2.9e-04
Epoch  66/100 | Steps:  66000 | α=1e-01 | Loss: 2.1071e-05 | BC: 3.0430e-06 | PDE: 1.8028e-04 | Val: 2.3980e-06 | Test: 3.9466e-06 | LR=2.8e-04
Epoch  67/100 | Steps:  67000 | α=1e-01 | Loss: 6.4913e-05 | BC: 1.5380e-05 | PDE: 4.9533e-04 | Val: 7.3716e-07 | Test: 1.4425e-06 | LR=2.7e-04
Epoch  68/100 | Steps:  68000 | α=1e-01 | Loss: 1.6454e-05 | BC: 2.7494e-06 | PDE: 1.3705e-04 | Val: 1.7473e-05 | Test: 1.2009e-05 | LR=2.5e-04
Epoch  69/100 | Steps:  69000 | α=1e-01 | Loss: 3.1329e-05 | BC: 4.8878e-06 | PDE: 2.6441e-04 | Val: 8.8836e-06 | Test: 1.0056e-05 | LR=2.4e-04
Epoch  70/100 | Steps:  70000 | α=1e-01 | Loss: 3.3099e-05 | BC: 4.7823e-06 | PDE: 2.8316e-04 | Val: 9.0176e-05 | Test: 9.6368e-05 | LR=2.3e-04
Epoch  71/100 | Steps:  71000 | α=1e-01 | Loss: 2.7165e-05 | BC: 4.7067e-06 | PDE: 2.2459e-04 | Val: 1.2006e-06 | Test: 1.7131e-06 | LR=2.1e-04
Epoch  72/100 | Steps:  72000 | α=1e-01 | Loss: 3.3335e-05 | BC: 4.3235e-06 | PDE: 2.9012e-04 | Val: 1.2940e-06 | Test: 2.2905e-06 | LR=2.0e-04
Epoch  73/100 | Steps:  73000 | α=1e-01 | Loss: 1.3956e-05 | BC: 2.4649e-06 | PDE: 1.1491e-04 | Val: 6.5102e-07 | Test: 1.5990e-06 | LR=1.9e-04 *
Epoch  74/100 | Steps:  74000 | α=1e-01 | Loss: 1.8990e-05 | BC: 3.5593e-06 | PDE: 1.5430e-04 | Val: 2.1260e-04 | Test: 4.1152e-05 | LR=1.8e-04
Epoch  75/100 | Steps:  75000 | α=1e-01 | Loss: 3.0274e-05 | BC: 1.2186e-05 | PDE: 1.8087e-04 | Val: 9.3245e-07 | Test: 1.2182e-06 | LR=1.7e-04
Epoch  76/100 | Steps:  76000 | α=1e-01 | Loss: 7.2875e-06 | BC: 9.9043e-07 | PDE: 6.2970e-05 | Val: 9.7517e-07 | Test: 1.5110e-06 | LR=1.5e-04
Epoch  77/100 | Steps:  77000 | α=1e-01 | Loss: 8.7004e-06 | BC: 1.3151e-06 | PDE: 7.3852e-05 | Val: 6.6414e-07 | Test: 1.3288e-06 | LR=1.4e-04
Epoch  78/100 | Steps:  78000 | α=1e-01 | Loss: 3.0603e-05 | BC: 5.6655e-06 | PDE: 2.4938e-04 | Val: 5.4012e-07 | Test: 9.4453e-07 | LR=1.3e-04 *
Epoch  79/100 | Steps:  79000 | α=1e-01 | Loss: 8.8575e-06 | BC: 1.5804e-06 | PDE: 7.2771e-05 | Val: 5.9099e-07 | Test: 1.1448e-06 | LR=1.2e-04
Epoch  80/100 | Steps:  80000 | α=1e-01 | Loss: 1.0447e-05 | BC: 1.7400e-06 | PDE: 8.7067e-05 | Val: 4.8738e-07 | Test: 1.0558e-06 | LR=1.1e-04 *
Epoch  81/100 | Steps:  81000 | α=1e-01 | Loss: 4.1387e-06 | BC: 7.9489e-07 | PDE: 3.3438e-05 | Val: 4.8047e-07 | Test: 1.0907e-06 | LR=1.0e-04 *
Epoch  82/100 | Steps:  82000 | α=1e-01 | Loss: 8.0567e-06 | BC: 1.4828e-06 | PDE: 6.5739e-05 | Val: 3.8545e-06 | Test: 3.7914e-06 | LR=9.6e-05
Epoch  83/100 | Steps:  83000 | α=1e-01 | Loss: 6.0813e-06 | BC: 1.0381e-06 | PDE: 5.0432e-05 | Val: 5.4033e-07 | Test: 1.1980e-06 | LR=8.7e-05
Epoch  84/100 | Steps:  84000 | α=1e-01 | Loss: 3.8666e-06 | BC: 7.1783e-07 | PDE: 3.1488e-05 | Val: 6.4204e-07 | Test: 1.5079e-06 | LR=7.9e-05
Epoch  85/100 | Steps:  85000 | α=1e-01 | Loss: 1.4476e-05 | BC: 2.2736e-06 | PDE: 1.2202e-04 | Val: 4.3857e-07 | Test: 1.0438e-06 | LR=7.1e-05 *
Epoch  86/100 | Steps:  86000 | α=1e-01 | Loss: 2.7255e-06 | BC: 6.1299e-07 | PDE: 2.1125e-05 | Val: 5.9504e-07 | Test: 1.3548e-06 | LR=6.4e-05
Epoch  87/100 | Steps:  87000 | α=1e-01 | Loss: 2.1807e-06 | BC: 5.1112e-07 | PDE: 1.6696e-05 | Val: 6.3228e-07 | Test: 1.2617e-06 | LR=5.7e-05
Epoch  88/100 | Steps:  88000 | α=1e-01 | Loss: 3.2216e-06 | BC: 6.5838e-07 | PDE: 2.5632e-05 | Val: 4.7564e-07 | Test: 1.2536e-06 | LR=5.1e-05
Epoch  89/100 | Steps:  89000 | α=1e-01 | Loss: 3.9327e-06 | BC: 7.0467e-07 | PDE: 3.2281e-05 | Val: 5.9285e-07 | Test: 1.2147e-06 | LR=4.5e-05
Epoch  90/100 | Steps:  90000 | α=1e-01 | Loss: 8.2404e-06 | BC: 1.7207e-06 | PDE: 6.5197e-05 | Val: 5.6410e-07 | Test: 1.6490e-06 | LR=3.9e-05
Epoch  91/100 | Steps:  91000 | α=1e-01 | Loss: 2.0436e-06 | BC: 4.6909e-07 | PDE: 1.5746e-05 | Val: 3.4576e-07 | Test: 1.3780e-06 | LR=3.4e-05 *
Epoch  92/100 | Steps:  92000 | α=1e-01 | Loss: 1.8065e-06 | BC: 4.1441e-07 | PDE: 1.3921e-05 | Val: 3.5905e-07 | Test: 1.4160e-06 | LR=3.0e-05
Epoch  93/100 | Steps:  93000 | α=1e-01 | Loss: 1.9253e-06 | BC: 4.4479e-07 | PDE: 1.4805e-05 | Val: 3.6831e-07 | Test: 1.2773e-06 | LR=2.6e-05
Epoch  94/100 | Steps:  94000 | α=1e-01 | Loss: 1.7071e-06 | BC: 3.9900e-07 | PDE: 1.3082e-05 | Val: 3.2026e-07 | Test: 1.3967e-06 | LR=2.2e-05 *
Epoch  95/100 | Steps:  95000 | α=1e-01 | Loss: 3.6998e-06 | BC: 7.0582e-07 | PDE: 2.9940e-05 | Val: 4.1180e-07 | Test: 1.3550e-06 | LR=1.9e-05
Epoch  96/100 | Steps:  96000 | α=1e-01 | Loss: 1.3993e-06 | BC: 3.6190e-07 | PDE: 1.0374e-05 | Val: 4.1393e-07 | Test: 1.5048e-06 | LR=1.6e-05
Epoch  97/100 | Steps:  97000 | α=1e-01 | Loss: 1.5942e-06 | BC: 3.7027e-07 | PDE: 1.2240e-05 | Val: 3.1556e-07 | Test: 1.3250e-06 | LR=1.4e-05 *
Epoch  98/100 | Steps:  98000 | α=1e-01 | Loss: 2.2023e-06 | BC: 4.4056e-07 | PDE: 1.7617e-05 | Val: 3.2165e-07 | Test: 1.2661e-06 | LR=1.2e-05
Epoch  99/100 | Steps:  99000 | α=1e-01 | Loss: 1.3775e-06 | BC: 3.5047e-07 | PDE: 1.0270e-05 | Val: 3.0704e-07 | Test: 1.2746e-06 | LR=1.1e-05 *
Epoch 100/100 | Steps: 100000 | α=1e-01 | Loss: 2.5728e-06 | BC: 4.5355e-07 | PDE: 2.1193e-05 | Val: 3.4034e-07 | Test: 1.3847e-06 | LR=1.0e-05

Restored best model from epoch 99 (val_loss: 3.0704e-07, test_loss: 1.2746e-06)
Best checkpoint saved to: outputs/expr_6_2/arctan/alpha1e-1/checkpoints/best_model.pt
Final checkpoint saved to: outputs/expr_6_2/arctan/alpha1e-1/checkpoints/final_model.pt
Training completed in 1011.53s (100,000 total steps)

Final Test MSE: 1.3847e-06
Inference (per point): 1.5991e-04s | (full domain): 1.5837e-04s
Saved plot to outputs/expr_6_2/arctan/alpha1e-1/plots/results.png
