
============================================================
Dist-to-Boundary  —  Cylinder  (3-D)
============================================================
Device: cuda
  Loaded p=5: 2621440 points, mse: 9.802090e-03
  Loaded p=10: 2621440 points, mse: 2.208259e-03
  Loaded p=15: 2621440 points, mse: 9.494493e-04
  Loaded p=20: 2621440 points, mse: 5.260684e-04
  Loaded p=25: 2621440 points, mse: 3.340335e-04
  Loaded p=30: 2621440 points, mse: 2.309825e-04
  Loaded p=35: 2621440 points, mse: 1.693412e-04
  Loaded p=40: 2621440 points, mse: 1.295543e-04
  Loaded p=45: 2621440 points, mse: 1.077709e-04
  Loaded p=50: 2621440 points, mse: 9.127410e-05
  Loaded p=55: 2621440 points, mse: 7.692332e-05
  Loaded p=60: 2621440 points, mse: 7.104091e-05
  Loaded p=65: 2621440 points, mse: 6.832363e-05
  Loaded p=70: 2621440 points, mse: 6.740571e-05
  Loaded p=75: 2621440 points, mse: 6.740571e-05
  Loaded p=80: 2621440 points, mse: 6.740571e-05
  Loaded p=85: 2621440 points, mse: 6.740571e-05
  Loaded p=90: 2621440 points, mse: 6.740571e-05
  Loaded p=95: 2621440 points, mse: 6.740571e-05
  Loaded p=100: 2621440 points, mse: 6.740571e-05
  Loaded p=105: 2621440 points, mse: 6.740571e-05
Training data: X=(55050240, 4)  Y=(55050240, 1)
Model: trunk=[3, 512, 512, 512, 128]  branch=[1, 128, 128, 128, 128]  params=642,945
Scheduler: CosineAnnealingLR  T_max=20  eta_min=1e-06
Epoch --- Train Loss --- LR --- p150 --- p200 --- p250 --- p500
    0 --- 1.453917e-03 --- 1.00e-04 --- 1.413940e-04 --- 5.777346e-04 --- 1.516820e-03 --- 8.899352e-03
    1 --- 4.249289e-05 --- 9.94e-05 --- 1.357170e-04 --- 2.390563e-04 --- 5.305308e-04 --- 4.793196e-03
    2 --- 1.625118e-05 --- 9.76e-05 --- 3.504232e-05 --- 6.409315e-05 --- 2.525247e-04 --- 2.680021e-03
    3 --- 9.591292e-06 --- 9.46e-05 --- 2.303783e-05 --- 3.727101e-05 --- 1.259067e-04 --- 1.195140e-03
    4 --- 6.483319e-06 --- 9.05e-05 --- 5.252839e-05 --- 4.002713e-05 --- 5.641087e-05 --- 5.224962e-04
    5 --- 4.634573e-06 --- 8.55e-05 --- 4.048633e-05 --- 4.193285e-05 --- 5.901582e-05 --- 4.255117e-04
    6 --- 3.494252e-06 --- 7.96e-05 --- 4.624868e-05 --- 4.715846e-05 --- 6.103699e-05 --- 3.910254e-04
    7 --- 2.732313e-06 --- 7.30e-05 --- 5.752232e-05 --- 6.590885e-05 --- 8.533737e-05 --- 4.270637e-04
    8 --- 2.197906e-06 --- 6.58e-05 --- 4.799360e-05 --- 5.531855e-05 --- 7.156894e-05 --- 3.994746e-04
    9 --- 1.790809e-06 --- 5.82e-05 --- 6.094500e-05 --- 6.946088e-05 --- 8.637045e-05 --- 4.188241e-04
   10 --- 1.479174e-06 --- 5.05e-05 --- 5.986300e-05 --- 6.941862e-05 --- 8.823250e-05 --- 4.314290e-04
   11 --- 1.242163e-06 --- 4.28e-05 --- 6.207367e-05 --- 7.423081e-05 --- 9.444320e-05 --- 4.381604e-04
   12 --- 1.059243e-06 --- 3.52e-05 --- 6.590605e-05 --- 7.530075e-05 --- 9.108381e-05 --- 4.200280e-04
   13 --- 9.151248e-07 --- 2.80e-05 --- 6.052058e-05 --- 6.350360e-05 --- 7.190665e-05 --- 3.959035e-04
   14 --- 8.068031e-07 --- 2.14e-05 --- 5.794876e-05 --- 5.469946e-05 --- 5.704599e-05 --- 4.357120e-04
   15 --- 7.269929e-07 --- 1.55e-05 --- 5.206737e-05 --- 3.924823e-05 --- 3.979152e-05 --- 6.213968e-04
   16 --- 6.701659e-07 --- 1.05e-05 --- 4.703757e-05 --- 3.019074e-05 --- 3.781599e-05 --- 9.356598e-04
   17 --- 6.281084e-07 --- 6.40e-06 --- 4.459125e-05 --- 2.551574e-05 --- 4.694664e-05 --- 1.394788e-03
   18 --- 6.010526e-07 --- 3.42e-06 --- 4.384144e-05 --- 2.307137e-05 --- 6.059722e-05 --- 1.921382e-03
   19 --- 5.848315e-07 --- 1.61e-06 --- 3.929163e-05 --- 2.109098e-05 --- 8.091138e-05 --- 2.409499e-03
Total training time: 9565.61s
Inference (per point): 1.4481e-04s | (full domain): 4.5872e-03s
  p=  5:  MSE=6.860804e-03
  p=105:  MSE=4.903245e-05
  p=205:  MSE=2.190041e-05
  p=305:  MSE=3.233546e-04
  p=405:  MSE=1.240238e-03
  Saved MSE curves → outputs/expr_6_4_2/cylinder/no_inf/npy/mse.npz  (deeponet, fem, pred_train)

All experiments completed!
