
============================================================
p-Laplacian Aronsson Example
============================================================

Generated full domain data:
  Boundary points: 40,000
  Interior points: 1,000,000
  Test points: 10,000
Re-sampling enabled: ~1,000,000 interior points per epoch

Splitting data: 80% train, 20% validation
  BC: 32,000 train, 8,000 val
  Interior: 800,000 train, 200,000 val

Loading checkpoint: outputs/expr_6_3_iter/p150to500_square/fix_alpha_1e-5/checkpoints/best_model_p500.pt

Model: PLaplacianPINN on Square [-1,1]²
  Hidden layers: [128, 128, 128, 128], activation: tanh
  η=1e-05, clip_residual=100.0, clip_grad_norm=1.0
  Outlier removal: top 2.0%
  Parameters: 50,049

Iterative Training Schedule:
  p values: [600, 700, 800, 900, 1000]
  Epochs per p: 20


============================================================
Stage 1/5: Training with p=600
============================================================

Training configuration:
  Boundary points (train): 32,000 -> 80 batches of 400
  Interior points (train): 1,000,000 -> 1000 batches of 1000
  Interior sampling: RE-SAMPLE each epoch
  Boundary points (val): 8,000
  Validation loss: BC only
  Steps per epoch: 1,000
  Total steps: 20,000
  Epochs: 20
  Loss balancing: FixedAlphaSchedule
  LR scheduler: None (constant LR=1.0e-05)

/usr/local/lib/python3.12/dist-packages/torch/autograd/graph.py:824: UserWarning: Attempting to run cuBLAS, but there was no current CUDA context! Attempting to set the primary context... (Triggered internally at /opt/pytorch/pytorch/aten/src/ATen/cuda/CublasHandlePool.cpp:181.)
  return Variable._execution_engine.run_backward(  # Calls into the C++ engine to run the backward pass
Epoch   1/20 | Steps:   1000 | α=1e-05 | Loss: 5.8277e-05 | BC: 1.6815e-06 | PDE: 5.6595e+00 | Val: 5.4269e-07 | Test: 1.1328e-06 |  *
Epoch   2/20 | Steps:   2000 | α=1e-05 | Loss: 4.4797e-05 | BC: 1.3706e-06 | PDE: 4.3427e+00 | Val: 1.0300e-06 | Test: 1.4356e-06 | 
Epoch   3/20 | Steps:   3000 | α=1e-05 | Loss: 5.2328e-05 | BC: 1.4635e-06 | PDE: 5.0865e+00 | Val: 5.9621e-07 | Test: 1.1998e-06 | 
Epoch   4/20 | Steps:   4000 | α=1e-05 | Loss: 4.3324e-05 | BC: 1.3577e-06 | PDE: 4.1966e+00 | Val: 8.5864e-07 | Test: 1.1693e-06 | 
Epoch   5/20 | Steps:   5000 | α=1e-05 | Loss: 4.9136e-05 | BC: 1.7810e-06 | PDE: 4.7355e+00 | Val: 7.8228e-07 | Test: 1.3452e-06 | 
Epoch   6/20 | Steps:   6000 | α=1e-05 | Loss: 4.5522e-05 | BC: 1.3923e-06 | PDE: 4.4129e+00 | Val: 3.6541e-06 | Test: 2.5941e-06 | 
Epoch   7/20 | Steps:   7000 | α=1e-05 | Loss: 5.9532e-05 | BC: 1.7477e-06 | PDE: 5.7785e+00 | Val: 1.0853e-06 | Test: 1.2712e-06 | 
Epoch   8/20 | Steps:   8000 | α=1e-05 | Loss: 6.1158e-05 | BC: 1.7794e-06 | PDE: 5.9379e+00 | Val: 9.5718e-06 | Test: 7.4850e-06 | 
Epoch   9/20 | Steps:   9000 | α=1e-05 | Loss: 4.5901e-05 | BC: 1.5981e-06 | PDE: 4.4303e+00 | Val: 9.5271e-07 | Test: 1.1381e-06 | 
Epoch  10/20 | Steps:  10000 | α=1e-05 | Loss: 4.9489e-05 | BC: 1.4368e-06 | PDE: 4.8052e+00 | Val: 4.1098e-06 | Test: 3.7106e-06 | 
Epoch  11/20 | Steps:  11000 | α=1e-05 | Loss: 4.7585e-05 | BC: 1.6335e-06 | PDE: 4.5951e+00 | Val: 7.3910e-07 | Test: 1.2340e-06 | 
Epoch  12/20 | Steps:  12000 | α=1e-05 | Loss: 5.1239e-05 | BC: 1.8868e-06 | PDE: 4.9352e+00 | Val: 2.0241e-06 | Test: 2.1924e-06 | 
Epoch  13/20 | Steps:  13000 | α=1e-05 | Loss: 3.9210e-05 | BC: 1.3490e-06 | PDE: 3.7861e+00 | Val: 3.3620e-06 | Test: 2.4469e-06 | 
Epoch  14/20 | Steps:  14000 | α=1e-05 | Loss: 5.9107e-05 | BC: 1.9577e-06 | PDE: 5.7149e+00 | Val: 8.8775e-07 | Test: 1.4012e-06 | 
Epoch  15/20 | Steps:  15000 | α=1e-05 | Loss: 4.3764e-05 | BC: 1.1799e-06 | PDE: 4.2585e+00 | Val: 5.7300e-07 | Test: 1.1209e-06 | 
Epoch  16/20 | Steps:  16000 | α=1e-05 | Loss: 4.2619e-05 | BC: 1.5003e-06 | PDE: 4.1118e+00 | Val: 1.2269e-06 | Test: 1.4575e-06 | 
Epoch  17/20 | Steps:  17000 | α=1e-05 | Loss: 3.6913e-05 | BC: 1.3974e-06 | PDE: 3.5515e+00 | Val: 2.5764e-06 | Test: 2.7272e-06 | 
Epoch  18/20 | Steps:  18000 | α=1e-05 | Loss: 5.0723e-05 | BC: 1.2189e-06 | PDE: 4.9504e+00 | Val: 2.0198e-06 | Test: 2.1804e-06 | 
Epoch  19/20 | Steps:  19000 | α=1e-05 | Loss: 5.0058e-05 | BC: 1.6707e-06 | PDE: 4.8387e+00 | Val: 6.4849e-06 | Test: 5.6140e-06 | 
Epoch  20/20 | Steps:  20000 | α=1e-05 | Loss: 4.9228e-05 | BC: 1.5911e-06 | PDE: 4.7637e+00 | Val: 8.1417e-07 | Test: 1.2353e-06 | 

Restored best model from epoch 1 (val_loss: 5.4269e-07, test_loss: 1.1328e-06)
Best checkpoint saved to: outputs/expr_6_3_iter/p600to1000_square/fix_alpha_1e-5/checkpoints/best_model.pt
Final checkpoint saved to: outputs/expr_6_3_iter/p600to1000_square/fix_alpha_1e-5/checkpoints/final_model.pt
Training completed in 188.97s (20,000 total steps)
  Stage 1 (p=600) PDE diagnostics:
    p-Lap (p=600) raw:        inf
    p-Lap (p=600) normalized: 3.0814e-03
    Inf-Lap raw:              1.3745e-03
    Inf-Lap normalized:       3.4053e-03

============================================================
Stage 2/5: Training with p=700
============================================================

Training configuration:
  Boundary points (train): 32,000 -> 80 batches of 400
  Interior points (train): 1,000,000 -> 1000 batches of 1000
  Interior sampling: RE-SAMPLE each epoch
  Boundary points (val): 8,000
  Validation loss: BC only
  Steps per epoch: 1,000
  Total steps: 20,000
  Epochs: 20
  Loss balancing: FixedAlphaSchedule
  LR scheduler: None (constant LR=1.0e-05)

Epoch   1/20 | Steps:   1000 | α=1e-05 | Loss: 8.2118e-05 | BC: 1.6969e-06 | PDE: 8.0421e+00 | Val: 5.7051e-06 | Test: 5.1078e-06 |  *
Epoch   2/20 | Steps:   2000 | α=1e-05 | Loss: 6.3224e-05 | BC: 2.0634e-06 | PDE: 6.1161e+00 | Val: 1.3485e-06 | Test: 1.6536e-06 |  *
Epoch   3/20 | Steps:   3000 | α=1e-05 | Loss: 6.6957e-05 | BC: 1.5321e-06 | PDE: 6.5425e+00 | Val: 2.5754e-06 | Test: 2.2802e-06 | 
Epoch   4/20 | Steps:   4000 | α=1e-05 | Loss: 7.6643e-05 | BC: 2.1434e-06 | PDE: 7.4500e+00 | Val: 2.5840e-06 | Test: 2.3056e-06 | 
Epoch   5/20 | Steps:   5000 | α=1e-05 | Loss: 7.4709e-05 | BC: 1.5420e-06 | PDE: 7.3167e+00 | Val: 2.2398e-06 | Test: 2.4485e-06 | 
Epoch   6/20 | Steps:   6000 | α=1e-05 | Loss: 6.9955e-05 | BC: 1.5383e-06 | PDE: 6.8417e+00 | Val: 4.7079e-07 | Test: 1.0075e-06 |  *
Epoch   7/20 | Steps:   7000 | α=1e-05 | Loss: 6.8203e-05 | BC: 2.2644e-06 | PDE: 6.5939e+00 | Val: 4.2435e-06 | Test: 3.7828e-06 | 
Epoch   8/20 | Steps:   8000 | α=1e-05 | Loss: 6.4748e-05 | BC: 2.1863e-06 | PDE: 6.2562e+00 | Val: 1.6509e-06 | Test: 1.7368e-06 | 
Epoch   9/20 | Steps:   9000 | α=1e-05 | Loss: 7.6471e-05 | BC: 1.6928e-06 | PDE: 7.4778e+00 | Val: 6.5694e-07 | Test: 1.1830e-06 | 
Epoch  10/20 | Steps:  10000 | α=1e-05 | Loss: 6.4005e-05 | BC: 1.5266e-06 | PDE: 6.2478e+00 | Val: 8.2041e-07 | Test: 1.4413e-06 | 
Epoch  11/20 | Steps:  11000 | α=1e-05 | Loss: 7.5599e-05 | BC: 1.8769e-06 | PDE: 7.3722e+00 | Val: 2.1840e-06 | Test: 2.6613e-06 | 
Epoch  12/20 | Steps:  12000 | α=1e-05 | Loss: 7.6988e-05 | BC: 2.1569e-06 | PDE: 7.4831e+00 | Val: 8.2502e-06 | Test: 5.6488e-06 | 
Epoch  13/20 | Steps:  13000 | α=1e-05 | Loss: 6.7076e-05 | BC: 1.7388e-06 | PDE: 6.5337e+00 | Val: 2.2777e-06 | Test: 1.9913e-06 | 
Epoch  14/20 | Steps:  14000 | α=1e-05 | Loss: 6.8578e-05 | BC: 1.9616e-06 | PDE: 6.6616e+00 | Val: 8.7184e-07 | Test: 1.3161e-06 | 
Epoch  15/20 | Steps:  15000 | α=1e-05 | Loss: 6.9939e-05 | BC: 1.8034e-06 | PDE: 6.8136e+00 | Val: 6.1049e-07 | Test: 1.0918e-06 | 
Epoch  16/20 | Steps:  16000 | α=1e-05 | Loss: 5.7717e-05 | BC: 1.5883e-06 | PDE: 5.6128e+00 | Val: 4.6301e-07 | Test: 1.0093e-06 |  *
Epoch  17/20 | Steps:  17000 | α=1e-05 | Loss: 7.4783e-05 | BC: 1.7395e-06 | PDE: 7.3044e+00 | Val: 3.8499e-06 | Test: 3.5589e-06 | 
Epoch  18/20 | Steps:  18000 | α=1e-05 | Loss: 7.9657e-05 | BC: 2.2438e-06 | PDE: 7.7413e+00 | Val: 6.5705e-06 | Test: 4.9777e-06 | 
Epoch  19/20 | Steps:  19000 | α=1e-05 | Loss: 6.3289e-05 | BC: 1.5257e-06 | PDE: 6.1763e+00 | Val: 9.6494e-07 | Test: 1.3804e-06 | 
Epoch  20/20 | Steps:  20000 | α=1e-05 | Loss: 6.9244e-05 | BC: 1.8639e-06 | PDE: 6.7380e+00 | Val: 9.8617e-07 | Test: 1.2236e-06 | 

Restored best model from epoch 16 (val_loss: 4.6301e-07, test_loss: 1.0093e-06)
Best checkpoint saved to: outputs/expr_6_3_iter/p600to1000_square/fix_alpha_1e-5/checkpoints/best_model.pt
Final checkpoint saved to: outputs/expr_6_3_iter/p600to1000_square/fix_alpha_1e-5/checkpoints/final_model.pt
Training completed in 171.95s (20,000 total steps)
  Stage 2 (p=700) PDE diagnostics:
    p-Lap (p=700) raw:        inf
    p-Lap (p=700) normalized: 2.7981e-03
    Inf-Lap raw:              1.2972e-03
    Inf-Lap normalized:       3.0710e-03

============================================================
Stage 3/5: Training with p=800
============================================================

Training configuration:
  Boundary points (train): 32,000 -> 80 batches of 400
  Interior points (train): 1,000,000 -> 1000 batches of 1000
  Interior sampling: RE-SAMPLE each epoch
  Boundary points (val): 8,000
  Validation loss: BC only
  Steps per epoch: 1,000
  Total steps: 20,000
  Epochs: 20
  Loss balancing: FixedAlphaSchedule
  LR scheduler: None (constant LR=1.0e-05)

Epoch   1/20 | Steps:   1000 | α=1e-05 | Loss: 7.5777e-05 | BC: 1.6070e-06 | PDE: 7.4170e+00 | Val: 1.4922e-06 | Test: 1.7341e-06 |  *
Epoch   2/20 | Steps:   2000 | α=1e-05 | Loss: 9.7212e-05 | BC: 2.5045e-06 | PDE: 9.4708e+00 | Val: 5.4239e-06 | Test: 4.2178e-06 | 
Epoch   3/20 | Steps:   3000 | α=1e-05 | Loss: 8.8795e-05 | BC: 1.8769e-06 | PDE: 8.6918e+00 | Val: 3.3577e-06 | Test: 3.0674e-06 | 
Epoch   4/20 | Steps:   4000 | α=1e-05 | Loss: 1.1406e-04 | BC: 2.1795e-06 | PDE: 1.1188e+01 | Val: 5.8669e-07 | Test: 1.0669e-06 |  *
Epoch   5/20 | Steps:   5000 | α=1e-05 | Loss: 6.9610e-05 | BC: 1.5730e-06 | PDE: 6.8037e+00 | Val: 1.1680e-06 | Test: 1.4864e-06 | 
Epoch   6/20 | Steps:   6000 | α=1e-05 | Loss: 8.9844e-05 | BC: 2.4234e-06 | PDE: 8.7421e+00 | Val: 4.2369e-06 | Test: 3.3171e-06 | 
Epoch   7/20 | Steps:   7000 | α=1e-05 | Loss: 9.2771e-05 | BC: 2.2331e-06 | PDE: 9.0538e+00 | Val: 7.3987e-07 | Test: 1.2386e-06 | 
Epoch   8/20 | Steps:   8000 | α=1e-05 | Loss: 9.2438e-05 | BC: 2.0109e-06 | PDE: 9.0427e+00 | Val: 8.3480e-06 | Test: 6.2626e-06 | 
Epoch   9/20 | Steps:   9000 | α=1e-05 | Loss: 8.4438e-05 | BC: 1.9105e-06 | PDE: 8.2527e+00 | Val: 2.9987e-06 | Test: 3.2286e-06 | 
Epoch  10/20 | Steps:  10000 | α=1e-05 | Loss: 8.4868e-05 | BC: 2.4900e-06 | PDE: 8.2378e+00 | Val: 1.5681e-06 | Test: 1.6963e-06 | 
Epoch  11/20 | Steps:  11000 | α=1e-05 | Loss: 8.8147e-05 | BC: 2.7293e-06 | PDE: 8.5418e+00 | Val: 3.4987e-06 | Test: 3.1811e-06 | 
Epoch  12/20 | Steps:  12000 | α=1e-05 | Loss: 8.9131e-05 | BC: 2.2518e-06 | PDE: 8.6879e+00 | Val: 1.2897e-06 | Test: 1.5824e-06 | 
Epoch  13/20 | Steps:  13000 | α=1e-05 | Loss: 8.4060e-05 | BC: 2.0291e-06 | PDE: 8.2031e+00 | Val: 2.8475e-06 | Test: 2.9596e-06 | 
Epoch  14/20 | Steps:  14000 | α=1e-05 | Loss: 9.6377e-05 | BC: 2.0808e-06 | PDE: 9.4296e+00 | Val: 1.1607e-06 | Test: 1.6027e-06 | 
Epoch  15/20 | Steps:  15000 | α=1e-05 | Loss: 8.4162e-05 | BC: 1.6672e-06 | PDE: 8.2494e+00 | Val: 2.0767e-06 | Test: 2.3432e-06 | 
Epoch  16/20 | Steps:  16000 | α=1e-05 | Loss: 7.5710e-05 | BC: 1.7497e-06 | PDE: 7.3961e+00 | Val: 1.4182e-06 | Test: 1.7495e-06 | 
Epoch  17/20 | Steps:  17000 | α=1e-05 | Loss: 6.6549e-05 | BC: 1.7032e-06 | PDE: 6.4846e+00 | Val: 1.3093e-06 | Test: 1.8644e-06 | 
Epoch  18/20 | Steps:  18000 | α=1e-05 | Loss: 6.5491e-05 | BC: 1.5171e-06 | PDE: 6.3974e+00 | Val: 1.8404e-06 | Test: 2.1310e-06 | 
Epoch  19/20 | Steps:  19000 | α=1e-05 | Loss: 7.1736e-05 | BC: 1.6386e-06 | PDE: 7.0097e+00 | Val: 1.0791e-06 | Test: 1.5330e-06 | 
Epoch  20/20 | Steps:  20000 | α=1e-05 | Loss: 7.4894e-05 | BC: 1.5200e-06 | PDE: 7.3374e+00 | Val: 9.2158e-07 | Test: 1.2527e-06 | 

Restored best model from epoch 4 (val_loss: 5.8669e-07, test_loss: 1.0669e-06)
Best checkpoint saved to: outputs/expr_6_3_iter/p600to1000_square/fix_alpha_1e-5/checkpoints/best_model.pt
Final checkpoint saved to: outputs/expr_6_3_iter/p600to1000_square/fix_alpha_1e-5/checkpoints/final_model.pt
Training completed in 163.44s (20,000 total steps)
  Stage 3 (p=800) PDE diagnostics:
    p-Lap (p=800) raw:        inf
    p-Lap (p=800) normalized: 2.2931e-03
    Inf-Lap raw:              1.1910e-03
    Inf-Lap normalized:       2.5183e-03

============================================================
Stage 4/5: Training with p=900
============================================================

Training configuration:
  Boundary points (train): 32,000 -> 80 batches of 400
  Interior points (train): 1,000,000 -> 1000 batches of 1000
  Interior sampling: RE-SAMPLE each epoch
  Boundary points (val): 8,000
  Validation loss: BC only
  Steps per epoch: 1,000
  Total steps: 20,000
  Epochs: 20
  Loss balancing: FixedAlphaSchedule
  LR scheduler: None (constant LR=1.0e-05)

Epoch   1/20 | Steps:   1000 | α=1e-05 | Loss: 1.1614e-04 | BC: 2.5736e-06 | PDE: 1.1356e+01 | Val: 7.2949e-07 | Test: 1.0774e-06 |  *
Epoch   2/20 | Steps:   2000 | α=1e-05 | Loss: 9.0342e-05 | BC: 1.9308e-06 | PDE: 8.8411e+00 | Val: 1.7279e-06 | Test: 1.8197e-06 | 
Epoch   3/20 | Steps:   3000 | α=1e-05 | Loss: 9.6106e-05 | BC: 1.8357e-06 | PDE: 9.4271e+00 | Val: 2.8389e-06 | Test: 3.3753e-06 | 
Epoch   4/20 | Steps:   4000 | α=1e-05 | Loss: 1.1121e-04 | BC: 2.6607e-06 | PDE: 1.0855e+01 | Val: 9.8963e-07 | Test: 1.2033e-06 | 
Epoch   5/20 | Steps:   5000 | α=1e-05 | Loss: 9.9954e-05 | BC: 2.4890e-06 | PDE: 9.7465e+00 | Val: 1.4330e-06 | Test: 1.5188e-06 | 
Epoch   6/20 | Steps:   6000 | α=1e-05 | Loss: 1.1732e-04 | BC: 2.0821e-06 | PDE: 1.1523e+01 | Val: 4.5550e-06 | Test: 3.3943e-06 | 
Epoch   7/20 | Steps:   7000 | α=1e-05 | Loss: 1.2405e-04 | BC: 2.4305e-06 | PDE: 1.2162e+01 | Val: 2.3874e-06 | Test: 2.4278e-06 | 
Epoch   8/20 | Steps:   8000 | α=1e-05 | Loss: 1.0866e-04 | BC: 2.1016e-06 | PDE: 1.0656e+01 | Val: 2.5282e-06 | Test: 2.5679e-06 | 
Epoch   9/20 | Steps:   9000 | α=1e-05 | Loss: 1.2146e-04 | BC: 1.9145e-06 | PDE: 1.1954e+01 | Val: 1.5037e-06 | Test: 1.4890e-06 | 
Epoch  10/20 | Steps:  10000 | α=1e-05 | Loss: 1.1549e-04 | BC: 1.8923e-06 | PDE: 1.1360e+01 | Val: 7.9763e-07 | Test: 1.2289e-06 | 
Epoch  11/20 | Steps:  11000 | α=1e-05 | Loss: 9.4227e-05 | BC: 1.9185e-06 | PDE: 9.2309e+00 | Val: 2.4722e-06 | Test: 2.2124e-06 | 
Epoch  12/20 | Steps:  12000 | α=1e-05 | Loss: 1.0735e-04 | BC: 2.1708e-06 | PDE: 1.0518e+01 | Val: 6.2380e-06 | Test: 4.5505e-06 | 
Epoch  13/20 | Steps:  13000 | α=1e-05 | Loss: 8.3597e-05 | BC: 2.2927e-06 | PDE: 8.1304e+00 | Val: 4.1908e-06 | Test: 3.6488e-06 | 
Epoch  14/20 | Steps:  14000 | α=1e-05 | Loss: 1.1207e-04 | BC: 2.5723e-06 | PDE: 1.0949e+01 | Val: 7.1336e-07 | Test: 1.1271e-06 |  *
Epoch  15/20 | Steps:  15000 | α=1e-05 | Loss: 1.0926e-04 | BC: 2.1345e-06 | PDE: 1.0712e+01 | Val: 2.1958e-06 | Test: 1.8543e-06 | 
Epoch  16/20 | Steps:  16000 | α=1e-05 | Loss: 1.0673e-04 | BC: 2.1527e-06 | PDE: 1.0458e+01 | Val: 9.1697e-07 | Test: 1.2712e-06 | 
Epoch  17/20 | Steps:  17000 | α=1e-05 | Loss: 1.0426e-04 | BC: 2.3393e-06 | PDE: 1.0193e+01 | Val: 2.7534e-06 | Test: 2.2920e-06 | 
Epoch  18/20 | Steps:  18000 | α=1e-05 | Loss: 1.1088e-04 | BC: 2.3655e-06 | PDE: 1.0851e+01 | Val: 1.3948e-06 | Test: 1.9622e-06 | 
Epoch  19/20 | Steps:  19000 | α=1e-05 | Loss: 8.9858e-05 | BC: 2.6042e-06 | PDE: 8.7254e+00 | Val: 6.5176e-06 | Test: 5.2711e-06 | 
Epoch  20/20 | Steps:  20000 | α=1e-05 | Loss: 9.7251e-05 | BC: 2.2157e-06 | PDE: 9.5035e+00 | Val: 1.2349e-06 | Test: 1.7060e-06 | 

Restored best model from epoch 14 (val_loss: 7.1336e-07, test_loss: 1.1271e-06)
Best checkpoint saved to: outputs/expr_6_3_iter/p600to1000_square/fix_alpha_1e-5/checkpoints/best_model.pt
Final checkpoint saved to: outputs/expr_6_3_iter/p600to1000_square/fix_alpha_1e-5/checkpoints/final_model.pt
Training completed in 168.08s (20,000 total steps)
  Stage 4 (p=900) PDE diagnostics:
    p-Lap (p=900) raw:        inf
    p-Lap (p=900) normalized: 2.3072e-03
    Inf-Lap raw:              1.1020e-03
    Inf-Lap normalized:       2.5017e-03

============================================================
Stage 5/5: Training with p=1000
============================================================

Training configuration:
  Boundary points (train): 32,000 -> 80 batches of 400
  Interior points (train): 1,000,000 -> 1000 batches of 1000
  Interior sampling: RE-SAMPLE each epoch
  Boundary points (val): 8,000
  Validation loss: BC only
  Steps per epoch: 1,000
  Total steps: 20,000
  Epochs: 20
  Loss balancing: FixedAlphaSchedule
  LR scheduler: None (constant LR=1.0e-05)

Epoch   1/20 | Steps:   1000 | α=1e-05 | Loss: 1.2865e-04 | BC: 2.7687e-06 | PDE: 1.2588e+01 | Val: 3.9199e-06 | Test: 3.4516e-06 |  *
Epoch   2/20 | Steps:   2000 | α=1e-05 | Loss: 1.4162e-04 | BC: 2.7379e-06 | PDE: 1.3888e+01 | Val: 1.4790e-06 | Test: 1.5160e-06 |  *
Epoch   3/20 | Steps:   3000 | α=1e-05 | Loss: 1.1916e-04 | BC: 1.7072e-06 | PDE: 1.1745e+01 | Val: 2.8581e-06 | Test: 2.4849e-06 | 
Epoch   4/20 | Steps:   4000 | α=1e-05 | Loss: 1.1607e-04 | BC: 1.6010e-06 | PDE: 1.1447e+01 | Val: 1.4772e-06 | Test: 1.9876e-06 |  *
Epoch   5/20 | Steps:   5000 | α=1e-05 | Loss: 1.2670e-04 | BC: 2.4238e-06 | PDE: 1.2428e+01 | Val: 1.1651e-06 | Test: 1.4570e-06 |  *
Epoch   6/20 | Steps:   6000 | α=1e-05 | Loss: 1.1193e-04 | BC: 1.8887e-06 | PDE: 1.1004e+01 | Val: 1.2477e-06 | Test: 1.8423e-06 | 
Epoch   7/20 | Steps:   7000 | α=1e-05 | Loss: 1.3047e-04 | BC: 2.6311e-06 | PDE: 1.2784e+01 | Val: 3.3010e-06 | Test: 2.6183e-06 | 
Epoch   8/20 | Steps:   8000 | α=1e-05 | Loss: 1.1727e-04 | BC: 1.9721e-06 | PDE: 1.1530e+01 | Val: 9.3532e-07 | Test: 1.4048e-06 |  *
Epoch   9/20 | Steps:   9000 | α=1e-05 | Loss: 1.1196e-04 | BC: 1.9091e-06 | PDE: 1.1005e+01 | Val: 1.9075e-06 | Test: 1.5659e-06 | 
Epoch  10/20 | Steps:  10000 | α=1e-05 | Loss: 1.3369e-04 | BC: 2.5236e-06 | PDE: 1.3117e+01 | Val: 1.2382e-06 | Test: 1.7056e-06 | 
Epoch  11/20 | Steps:  11000 | α=1e-05 | Loss: 1.3185e-04 | BC: 2.4834e-06 | PDE: 1.2937e+01 | Val: 2.6615e-06 | Test: 2.9284e-06 | 
Epoch  12/20 | Steps:  12000 | α=1e-05 | Loss: 1.1815e-04 | BC: 2.2074e-06 | PDE: 1.1594e+01 | Val: 8.9864e-07 | Test: 1.1984e-06 |  *
Epoch  13/20 | Steps:  13000 | α=1e-05 | Loss: 1.3011e-04 | BC: 2.1641e-06 | PDE: 1.2795e+01 | Val: 2.0753e-06 | Test: 2.2172e-06 | 
Epoch  14/20 | Steps:  14000 | α=1e-05 | Loss: 1.2136e-04 | BC: 1.8412e-06 | PDE: 1.1952e+01 | Val: 3.0262e-06 | Test: 3.3697e-06 | 
Epoch  15/20 | Steps:  15000 | α=1e-05 | Loss: 1.1515e-04 | BC: 1.9937e-06 | PDE: 1.1316e+01 | Val: 1.4985e-06 | Test: 1.7711e-06 | 
Epoch  16/20 | Steps:  16000 | α=1e-05 | Loss: 1.4137e-04 | BC: 2.2173e-06 | PDE: 1.3915e+01 | Val: 1.5662e-06 | Test: 1.9549e-06 | 
Epoch  17/20 | Steps:  17000 | α=1e-05 | Loss: 1.1742e-04 | BC: 2.1792e-06 | PDE: 1.1524e+01 | Val: 6.6346e-07 | Test: 1.1007e-06 |  *
Epoch  18/20 | Steps:  18000 | α=1e-05 | Loss: 1.0660e-04 | BC: 2.1790e-06 | PDE: 1.0442e+01 | Val: 1.3504e-06 | Test: 1.5925e-06 | 
Epoch  19/20 | Steps:  19000 | α=1e-05 | Loss: 1.0740e-04 | BC: 2.6885e-06 | PDE: 1.0471e+01 | Val: 4.4158e-06 | Test: 3.4402e-06 | 
Epoch  20/20 | Steps:  20000 | α=1e-05 | Loss: 1.2882e-04 | BC: 2.5975e-06 | PDE: 1.2622e+01 | Val: 1.3262e-06 | Test: 1.8014e-06 | 

Restored best model from epoch 17 (val_loss: 6.6346e-07, test_loss: 1.1007e-06)
Best checkpoint saved to: outputs/expr_6_3_iter/p600to1000_square/fix_alpha_1e-5/checkpoints/best_model.pt
Final checkpoint saved to: outputs/expr_6_3_iter/p600to1000_square/fix_alpha_1e-5/checkpoints/final_model.pt
Training completed in 165.36s (20,000 total steps)
  Stage 5 (p=1000) PDE diagnostics:
    p-Lap (p=1000) raw:        inf
    p-Lap (p=1000) normalized: 2.5564e-03
    Inf-Lap raw:              1.0969e-03
    Inf-Lap normalized:       2.7359e-03

Iterative training completed in 857.80s
Total epochs: 100

Final Test MSE: 1.8014e-06
Inference (per point): 7.8311e-05s | (full domain): 7.7193e-05s
p-Lap (p=1000) PDE test (raw):        inf
p-Lap (p=1000) PDE test (normalized): 2.5564e-03
Inf-Lap PDE test (raw):                    1.0969e-03
Inf-Lap PDE test (normalized):             2.7359e-03
Saved .npz files to outputs/expr_6_3_iter/p600to1000_square/fix_alpha_1e-5/npy/
Saved plot to outputs/expr_6_3_iter/p600to1000_square/fix_alpha_1e-5/plots/results.png
