/usr/local/lib/python3.12/dist-packages/torch/autograd/graph.py:824: UserWarning: Attempting to run cuBLAS, but there was no current CUDA context! Attempting to set the primary context... (Triggered internally at /opt/pytorch/pytorch/aten/src/ATen/cuda/CublasHandlePool.cpp:181.)
  return Variable._execution_engine.run_backward(  # Calls into the C++ engine to run the backward pass
Using device: cuda
Random seed: 1234

============================================================
Running Example: arctan
============================================================

Generated full domain data:
  Boundary points: 40,000
  Interior points: 1,000,000
  Test points: 10,000
Re-sampling enabled: ~1,000,000 interior points per epoch

Splitting data: 80% train, 20% validation
  BC: 32,000 train, 8,000 val
  Interior: 800,000 train, 200,000 val

Model: InfinityLaplacianPINN
  Hidden layers: [256, 256, 256, 256]
  Activation: tanh
  η: 1e-05 (normalized)
  Residual clipping: [-10.0, 10.0]
  Outlier removal: top 2.0%
  Parameters: 198,401

Training configuration:
  Boundary points (train): 32,000 -> 80 batches of 400
  Interior points (train): 1,000,000 -> 1000 batches of 1000
  Interior sampling: RE-SAMPLE each epoch
  Boundary points (val): 8,000
  Validation loss: BC only
  Steps per epoch: 1,000
  Total steps: 100,000
  Epochs: 100
  Loss balancing: AlphaPlateauScheduler
  LR scheduler: cosine (LR: 1.0e-03 -> 1.0e-05)

Epoch   1/100 | Steps:   1000 | α=1e-05 | Loss: 1.0893e-02 | BC: 1.0804e-02 | PDE: 8.9344e+00 | Val: 3.4337e-04 | Test: 5.0598e-03 | LR=1.0e-03 *
Epoch   2/100 | Steps:   2000 | α=1e-05 | Loss: 5.3015e-04 | BC: 4.8059e-04 | PDE: 4.9560e+00 | Val: 2.0506e-03 | Test: 1.9635e-03 | LR=1.0e-03
Epoch   3/100 | Steps:   3000 | α=1e-05 | Loss: 2.1459e-04 | BC: 1.9813e-04 | PDE: 1.6457e+00 | Val: 9.5527e-05 | Test: 2.9395e-04 | LR=1.0e-03 *
Epoch   4/100 | Steps:   4000 | α=1e-05 | Loss: 1.5091e-04 | BC: 1.4541e-04 | PDE: 5.5050e-01 | Val: 9.8019e-05 | Test: 8.7490e-05 | LR=1.0e-03
Epoch   5/100 | Steps:   5000 | α=1e-05 | Loss: 9.5139e-05 | BC: 9.2606e-05 | PDE: 2.5323e-01 | Val: 3.0947e-04 | Test: 3.4460e-04 | LR=1.0e-03
Epoch   6/100 | Steps:   6000 | α=1e-05 | Loss: 9.3466e-05 | BC: 9.1555e-05 | PDE: 1.9114e-01 | Val: 2.1747e-06 | Test: 8.1025e-06 | LR=9.9e-04 *
Epoch   7/100 | Steps:   7000 | α=1e-05 | Loss: 1.0738e-04 | BC: 1.0526e-04 | PDE: 2.1151e-01 | Val: 9.8058e-06 | Test: 3.0675e-05 | LR=9.9e-04
Epoch   8/100 | Steps:   8000 | α=1e-05 | Loss: 4.8410e-05 | BC: 4.7203e-05 | PDE: 1.2069e-01 | Val: 1.2696e-04 | Test: 9.3923e-05 | LR=9.9e-04
Epoch   9/100 | Steps:   9000 | α=1e-05 | Loss: 6.6677e-05 | BC: 6.5086e-05 | PDE: 1.5906e-01 | Val: 1.0533e-04 | Test: 9.9365e-05 | LR=9.8e-04
Epoch  10/100 | Steps:  10000 | α=1e-05 | Loss: 8.7249e-05 | BC: 8.5081e-05 | PDE: 2.1679e-01 | Val: 7.8145e-05 | Test: 8.3991e-05 | LR=9.8e-04
Epoch  11/100 | Steps:  11000 | α=1e-05 | Loss: 5.4056e-05 | BC: 5.2576e-05 | PDE: 1.4797e-01 | Val: 4.0670e-06 | Test: 1.3832e-05 | LR=9.8e-04
Epoch  12/100 | Steps:  12000 | α=1e-05 | Loss: 9.2008e-05 | BC: 8.9679e-05 | PDE: 2.3293e-01 | Val: 1.5362e-04 | Test: 1.3728e-04 | LR=9.7e-04
Epoch  13/100 | Steps:  13000 | α=1e-05 | Loss: 3.5499e-05 | BC: 3.4013e-05 | PDE: 1.4860e-01 | Val: 2.6642e-04 | Test: 7.7092e-05 | LR=9.7e-04
Epoch  14/100 | Steps:  14000 | α=1e-05 | Loss: 4.5057e-05 | BC: 4.3327e-05 | PDE: 1.7305e-01 | Val: 3.7734e-06 | Test: 1.7437e-05 | LR=9.6e-04
Epoch  15/100 | Steps:  15000 | α=1e-05 | Loss: 9.2132e-05 | BC: 8.6875e-05 | PDE: 5.2577e-01 | Val: 1.7244e-06 | Test: 4.2630e-06 | LR=9.5e-04 *
Epoch  16/100 | Steps:  16000 | α=1e-05 | Loss: 4.0138e-05 | BC: 3.8135e-05 | PDE: 2.0029e-01 | Val: 1.0761e-06 | Test: 9.1206e-06 | LR=9.5e-04 *
Epoch  17/100 | Steps:  17000 | α=1e-05 | Loss: 7.1790e-05 | BC: 6.7705e-05 | PDE: 4.0843e-01 | Val: 5.2209e-05 | Test: 4.7687e-05 | LR=9.4e-04
Epoch  18/100 | Steps:  18000 | α=1e-05 | Loss: 2.7464e-05 | BC: 2.5267e-05 | PDE: 2.1973e-01 | Val: 6.0219e-06 | Test: 1.4345e-05 | LR=9.3e-04
Epoch  19/100 | Steps:  19000 | α=1e-05 | Loss: 3.4202e-05 | BC: 3.2155e-05 | PDE: 2.0468e-01 | Val: 4.0396e-06 | Test: 5.6752e-06 | LR=9.2e-04
Epoch  20/100 | Steps:  20000 | α=1e-05 | Loss: 5.6653e-05 | BC: 5.2711e-05 | PDE: 3.9423e-01 | Val: 2.8344e-06 | Test: 5.5407e-06 | LR=9.1e-04
Epoch  21/100 | Steps:  21000 | α=1e-05 | Loss: 3.3185e-05 | BC: 3.1394e-05 | PDE: 1.7908e-01 | Val: 3.0540e-04 | Test: 3.5527e-04 | LR=9.1e-04
Epoch  22/100 | Steps:  22000 | α=1e-05 | Loss: 3.2021e-05 | BC: 2.9866e-05 | PDE: 2.1549e-01 | Val: 4.4039e-06 | Test: 5.5043e-06 | LR=9.0e-04

>>> Alpha increased: 1e-05 → 1e-04 (BC=4.9994e-05) <<<
>>> Entering final alpha stage: now tracking best model <<<

Epoch  23/100 | Steps:  23000 | α=1e-04 | Loss: 5.3577e-05 | BC: 4.9994e-05 | PDE: 3.5836e-01 | Val: 4.6716e-07 | Test: 3.6456e-06 | LR=8.9e-04 *
Epoch  24/100 | Steps:  24000 | α=1e-04 | Loss: 9.8069e-05 | BC: 4.8278e-05 | PDE: 4.9791e-01 | Val: 8.6869e-06 | Test: 1.3736e-05 | LR=8.8e-04
Epoch  25/100 | Steps:  25000 | α=1e-04 | Loss: 4.1590e-05 | BC: 3.2599e-05 | PDE: 8.9903e-02 | Val: 1.0409e-06 | Test: 4.2792e-06 | LR=8.7e-04
Epoch  26/100 | Steps:  26000 | α=1e-04 | Loss: 6.8058e-05 | BC: 5.8178e-05 | PDE: 9.8802e-02 | Val: 1.6340e-06 | Test: 5.5174e-06 | LR=8.6e-04
Epoch  27/100 | Steps:  27000 | α=1e-04 | Loss: 1.7596e-05 | BC: 1.2969e-05 | PDE: 4.6270e-02 | Val: 3.5708e-06 | Test: 5.8087e-06 | LR=8.4e-04
Epoch  28/100 | Steps:  28000 | α=1e-04 | Loss: 3.3889e-05 | BC: 2.7294e-05 | PDE: 6.5947e-02 | Val: 8.8011e-06 | Test: 7.1072e-06 | LR=8.3e-04
Epoch  29/100 | Steps:  29000 | α=1e-04 | Loss: 2.8698e-04 | BC: 2.5378e-04 | PDE: 3.3192e-01 | Val: 2.3407e-07 | Test: 2.7463e-06 | LR=8.2e-04 *
Epoch  30/100 | Steps:  30000 | α=1e-04 | Loss: 1.0502e-05 | BC: 8.0134e-06 | PDE: 2.4883e-02 | Val: 1.1394e-05 | Test: 1.5732e-05 | LR=8.1e-04
Epoch  31/100 | Steps:  31000 | α=1e-04 | Loss: 3.1201e-05 | BC: 2.6655e-05 | PDE: 4.5457e-02 | Val: 1.2701e-04 | Test: 1.5665e-04 | LR=8.0e-04
Epoch  32/100 | Steps:  32000 | α=1e-04 | Loss: 2.7750e-05 | BC: 2.2005e-05 | PDE: 5.7454e-02 | Val: 1.6171e-05 | Test: 2.6083e-05 | LR=7.8e-04
Epoch  33/100 | Steps:  33000 | α=1e-04 | Loss: 3.6294e-05 | BC: 3.0163e-05 | PDE: 6.1308e-02 | Val: 2.7381e-05 | Test: 1.6712e-05 | LR=7.7e-04
Epoch  34/100 | Steps:  34000 | α=1e-04 | Loss: 1.9505e-05 | BC: 1.6789e-05 | PDE: 2.7160e-02 | Val: 4.0556e-07 | Test: 2.8156e-06 | LR=7.6e-04

>>> Alpha increased: 1e-04 → 1e-03 (BC=1.4510e-04) <<<
>>> Entering final alpha stage: now tracking best model <<<

Epoch  35/100 | Steps:  35000 | α=1e-03 | Loss: 1.7037e-04 | BC: 1.4510e-04 | PDE: 2.5275e-01 | Val: 4.1327e-06 | Test: 6.8026e-06 | LR=7.4e-04
Epoch  36/100 | Steps:  36000 | α=1e-03 | Loss: 3.3972e-04 | BC: 1.5111e-04 | PDE: 1.8861e-01 | Val: 1.2648e-06 | Test: 1.9397e-06 | LR=7.3e-04
Epoch  37/100 | Steps:  37000 | α=1e-03 | Loss: 2.3576e-05 | BC: 1.7600e-05 | PDE: 5.9758e-03 | Val: 2.0586e-06 | Test: 3.5888e-06 | LR=7.2e-04
Epoch  38/100 | Steps:  38000 | α=1e-03 | Loss: 4.1995e-05 | BC: 2.9603e-05 | PDE: 1.2392e-02 | Val: 4.7676e-05 | Test: 3.8042e-05 | LR=7.0e-04
Epoch  39/100 | Steps:  39000 | α=1e-03 | Loss: 4.1682e-05 | BC: 2.9128e-05 | PDE: 1.2554e-02 | Val: 5.5039e-06 | Test: 6.0801e-06 | LR=6.9e-04
Epoch  40/100 | Steps:  40000 | α=1e-03 | Loss: 3.3314e-05 | BC: 2.3760e-05 | PDE: 9.5545e-03 | Val: 1.8326e-05 | Test: 2.1818e-05 | LR=6.7e-04
Epoch  41/100 | Steps:  41000 | α=1e-03 | Loss: 3.8618e-05 | BC: 2.7444e-05 | PDE: 1.1175e-02 | Val: 3.9554e-04 | Test: 5.1584e-04 | LR=6.6e-04
Epoch  42/100 | Steps:  42000 | α=1e-03 | Loss: 3.9353e-05 | BC: 2.7259e-05 | PDE: 1.2094e-02 | Val: 3.6673e-06 | Test: 3.2834e-06 | LR=6.4e-04

>>> Alpha increased: 1e-03 → 1e-02 (BC=2.8208e-05) <<<
>>> Entering final alpha stage: now tracking best model <<<

Epoch  43/100 | Steps:  43000 | α=1e-02 | Loss: 3.6423e-05 | BC: 2.8208e-05 | PDE: 8.2153e-03 | Val: 2.5571e-06 | Test: 2.2039e-06 | LR=6.3e-04
Epoch  44/100 | Steps:  44000 | α=1e-02 | Loss: 1.2086e-03 | BC: 4.3527e-04 | PDE: 7.7336e-02 | Val: 9.3155e-06 | Test: 9.6142e-06 | LR=6.1e-04
Epoch  45/100 | Steps:  45000 | α=1e-02 | Loss: 8.9380e-05 | BC: 4.0899e-05 | PDE: 4.8481e-03 | Val: 6.1155e-05 | Test: 7.1401e-05 | LR=6.0e-04
Epoch  46/100 | Steps:  46000 | α=1e-02 | Loss: 1.5304e-04 | BC: 7.3596e-05 | PDE: 7.9445e-03 | Val: 8.7566e-07 | Test: 1.2454e-06 | LR=5.8e-04
Epoch  47/100 | Steps:  47000 | α=1e-02 | Loss: 1.2404e-04 | BC: 6.5433e-05 | PDE: 5.8609e-03 | Val: 2.3807e-06 | Test: 3.9415e-06 | LR=5.7e-04
Epoch  48/100 | Steps:  48000 | α=1e-02 | Loss: 4.3021e-04 | BC: 2.5872e-04 | PDE: 1.7149e-02 | Val: 2.0354e-06 | Test: 7.5505e-06 | LR=5.5e-04
Epoch  49/100 | Steps:  49000 | α=1e-02 | Loss: 3.1896e-05 | BC: 1.5159e-05 | PDE: 1.6737e-03 | Val: 9.7321e-06 | Test: 1.2656e-05 | LR=5.4e-04
Epoch  50/100 | Steps:  50000 | α=1e-02 | Loss: 1.0430e-04 | BC: 5.0959e-05 | PDE: 5.3340e-03 | Val: 2.3666e-06 | Test: 2.4388e-06 | LR=5.2e-04
Epoch  51/100 | Steps:  51000 | α=1e-02 | Loss: 3.0569e-05 | BC: 1.6842e-05 | PDE: 1.3727e-03 | Val: 2.3343e-04 | Test: 2.7797e-04 | LR=5.1e-04
Epoch  52/100 | Steps:  52000 | α=1e-02 | Loss: 1.8082e-04 | BC: 1.0864e-04 | PDE: 7.2173e-03 | Val: 1.4337e-04 | Test: 1.3275e-04 | LR=4.9e-04
Epoch  53/100 | Steps:  53000 | α=1e-02 | Loss: 1.3949e-05 | BC: 6.8568e-06 | PDE: 7.0926e-04 | Val: 7.4102e-07 | Test: 2.2600e-06 | LR=4.7e-04
Epoch  54/100 | Steps:  54000 | α=1e-02 | Loss: 7.0401e-05 | BC: 3.2819e-05 | PDE: 3.7582e-03 | Val: 5.3535e-05 | Test: 5.6577e-05 | LR=4.6e-04
Epoch  55/100 | Steps:  55000 | α=1e-02 | Loss: 6.3704e-05 | BC: 3.9404e-05 | PDE: 2.4300e-03 | Val: 1.4578e-05 | Test: 1.2033e-05 | LR=4.4e-04
Epoch  56/100 | Steps:  56000 | α=1e-02 | Loss: 1.3849e-04 | BC: 7.8550e-05 | PDE: 5.9937e-03 | Val: 2.1663e-06 | Test: 3.3679e-06 | LR=4.3e-04
Epoch  57/100 | Steps:  57000 | α=1e-02 | Loss: 1.1080e-05 | BC: 4.8796e-06 | PDE: 6.2008e-04 | Val: 2.1021e-05 | Test: 2.5338e-05 | LR=4.1e-04
Epoch  58/100 | Steps:  58000 | α=1e-02 | Loss: 3.6256e-05 | BC: 1.8803e-05 | PDE: 1.7453e-03 | Val: 1.0441e-06 | Test: 2.3264e-06 | LR=4.0e-04
Epoch  59/100 | Steps:  59000 | α=1e-02 | Loss: 3.1321e-05 | BC: 1.6212e-05 | PDE: 1.5109e-03 | Val: 4.0057e-05 | Test: 6.1277e-05 | LR=3.8e-04
Epoch  60/100 | Steps:  60000 | α=1e-02 | Loss: 4.8988e-05 | BC: 2.4038e-05 | PDE: 2.4949e-03 | Val: 7.2627e-07 | Test: 3.0314e-06 | LR=3.7e-04
Epoch  61/100 | Steps:  61000 | α=1e-02 | Loss: 4.2557e-05 | BC: 2.2853e-05 | PDE: 1.9704e-03 | Val: 7.9469e-07 | Test: 6.7790e-07 | LR=3.5e-04

>>> Alpha increased: 1e-02 → 1e-01 (BC=1.1705e-05) <<<
>>> Entering final alpha stage: now tracking best model <<<

Epoch  62/100 | Steps:  62000 | α=1e-01 | Loss: 2.2709e-05 | BC: 1.1705e-05 | PDE: 1.1004e-03 | Val: 8.0958e-07 | Test: 7.9557e-07 | LR=3.4e-04
Epoch  63/100 | Steps:  63000 | α=1e-01 | Loss: 2.6050e-03 | BC: 6.1817e-04 | PDE: 1.9869e-02 | Val: 8.5108e-06 | Test: 4.4078e-06 | LR=3.2e-04
Epoch  64/100 | Steps:  64000 | α=1e-01 | Loss: 1.2103e-04 | BC: 2.2601e-05 | PDE: 9.8434e-04 | Val: 3.8438e-06 | Test: 2.5579e-06 | LR=3.1e-04
Epoch  65/100 | Steps:  65000 | α=1e-01 | Loss: 2.4464e-04 | BC: 3.9270e-05 | PDE: 2.0537e-03 | Val: 6.1538e-06 | Test: 8.0519e-06 | LR=2.9e-04
Epoch  66/100 | Steps:  66000 | α=1e-01 | Loss: 1.3271e-04 | BC: 2.2197e-05 | PDE: 1.1052e-03 | Val: 2.0910e-06 | Test: 2.7837e-06 | LR=2.8e-04
Epoch  67/100 | Steps:  67000 | α=1e-01 | Loss: 3.6288e-04 | BC: 1.0878e-04 | PDE: 2.5410e-03 | Val: 4.6627e-06 | Test: 3.5349e-06 | LR=2.7e-04
Epoch  68/100 | Steps:  68000 | α=1e-01 | Loss: 1.2365e-04 | BC: 2.0999e-05 | PDE: 1.0265e-03 | Val: 3.3795e-05 | Test: 2.8811e-05 | LR=2.5e-04
Epoch  69/100 | Steps:  69000 | α=1e-01 | Loss: 1.4000e-04 | BC: 2.2850e-05 | PDE: 1.1715e-03 | Val: 5.4281e-06 | Test: 3.8770e-06 | LR=2.4e-04
Epoch  70/100 | Steps:  70000 | α=1e-01 | Loss: 1.7919e-04 | BC: 3.2189e-05 | PDE: 1.4700e-03 | Val: 3.4424e-06 | Test: 2.5183e-06 | LR=2.3e-04
Epoch  71/100 | Steps:  71000 | α=1e-01 | Loss: 7.0743e-05 | BC: 1.0397e-05 | PDE: 6.0346e-04 | Val: 5.7137e-06 | Test: 5.2122e-06 | LR=2.1e-04
Epoch  72/100 | Steps:  72000 | α=1e-01 | Loss: 1.0218e-04 | BC: 2.6445e-05 | PDE: 7.5733e-04 | Val: 4.3088e-06 | Test: 4.6608e-06 | LR=2.0e-04
Epoch  73/100 | Steps:  73000 | α=1e-01 | Loss: 1.1322e-04 | BC: 1.6303e-05 | PDE: 9.6917e-04 | Val: 2.8794e-05 | Test: 2.0235e-05 | LR=1.9e-04
Epoch  74/100 | Steps:  74000 | α=1e-01 | Loss: 5.7675e-05 | BC: 1.0301e-05 | PDE: 4.7374e-04 | Val: 9.6463e-07 | Test: 1.1309e-06 | LR=1.8e-04
Epoch  75/100 | Steps:  75000 | α=1e-01 | Loss: 8.1282e-05 | BC: 1.1329e-05 | PDE: 6.9953e-04 | Val: 1.3286e-06 | Test: 1.4068e-06 | LR=1.7e-04
Epoch  76/100 | Steps:  76000 | α=1e-01 | Loss: 4.2491e-05 | BC: 9.0064e-06 | PDE: 3.3485e-04 | Val: 9.9844e-07 | Test: 1.3673e-06 | LR=1.5e-04
Epoch  77/100 | Steps:  77000 | α=1e-01 | Loss: 3.9719e-05 | BC: 7.5660e-06 | PDE: 3.2153e-04 | Val: 3.0044e-06 | Test: 2.9587e-06 | LR=1.4e-04
Epoch  78/100 | Steps:  78000 | α=1e-01 | Loss: 4.3427e-05 | BC: 7.0623e-06 | PDE: 3.6365e-04 | Val: 8.1075e-07 | Test: 1.0274e-06 | LR=1.3e-04
Epoch  79/100 | Steps:  79000 | α=1e-01 | Loss: 8.4266e-05 | BC: 2.2643e-05 | PDE: 6.1623e-04 | Val: 1.1515e-05 | Test: 6.6619e-06 | LR=1.2e-04
Epoch  80/100 | Steps:  80000 | α=1e-01 | Loss: 8.6059e-06 | BC: 1.8172e-06 | PDE: 6.7887e-05 | Val: 7.5572e-07 | Test: 1.2489e-06 | LR=1.1e-04
Epoch  81/100 | Steps:  81000 | α=1e-01 | Loss: 1.9261e-05 | BC: 3.3977e-06 | PDE: 1.5863e-04 | Val: 8.0365e-07 | Test: 1.1326e-06 | LR=1.0e-04
Epoch  82/100 | Steps:  82000 | α=1e-01 | Loss: 3.6944e-05 | BC: 7.0353e-06 | PDE: 2.9909e-04 | Val: 5.5037e-07 | Test: 9.8077e-07 | LR=9.6e-05
Epoch  83/100 | Steps:  83000 | α=1e-01 | Loss: 2.6623e-05 | BC: 3.9392e-06 | PDE: 2.2684e-04 | Val: 8.0714e-07 | Test: 1.2950e-06 | LR=8.7e-05
Epoch  84/100 | Steps:  84000 | α=1e-01 | Loss: 6.4112e-06 | BC: 2.4446e-06 | PDE: 3.9666e-05 | Val: 2.4304e-06 | Test: 3.1556e-06 | LR=7.9e-05
Epoch  85/100 | Steps:  85000 | α=1e-01 | Loss: 2.0645e-05 | BC: 3.2981e-06 | PDE: 1.7347e-04 | Val: 1.2207e-06 | Test: 2.0275e-06 | LR=7.1e-05
Epoch  86/100 | Steps:  86000 | α=1e-01 | Loss: 3.2565e-06 | BC: 8.4473e-07 | PDE: 2.4117e-05 | Val: 4.7285e-07 | Test: 8.9385e-07 | LR=6.4e-05
Epoch  87/100 | Steps:  87000 | α=1e-01 | Loss: 1.3082e-05 | BC: 2.1841e-06 | PDE: 1.0898e-04 | Val: 9.1163e-07 | Test: 1.7563e-06 | LR=5.7e-05
Epoch  88/100 | Steps:  88000 | α=1e-01 | Loss: 7.5666e-06 | BC: 1.4228e-06 | PDE: 6.1438e-05 | Val: 3.2189e-07 | Test: 9.3775e-07 | LR=5.1e-05
Epoch  89/100 | Steps:  89000 | α=1e-01 | Loss: 3.7603e-06 | BC: 7.3119e-07 | PDE: 3.0291e-05 | Val: 2.8866e-07 | Test: 9.2684e-07 | LR=4.5e-05
Epoch  90/100 | Steps:  90000 | α=1e-01 | Loss: 9.3995e-06 | BC: 1.6848e-06 | PDE: 7.7148e-05 | Val: 4.3337e-07 | Test: 1.0819e-06 | LR=3.9e-05
Epoch  91/100 | Steps:  91000 | α=1e-01 | Loss: 1.7293e-06 | BC: 5.3645e-07 | PDE: 1.1928e-05 | Val: 2.9499e-07 | Test: 1.0460e-06 | LR=3.4e-05
Epoch  92/100 | Steps:  92000 | α=1e-01 | Loss: 2.0663e-06 | BC: 5.1600e-07 | PDE: 1.5503e-05 | Val: 4.5268e-06 | Test: 5.6076e-06 | LR=3.0e-05
Epoch  93/100 | Steps:  93000 | α=1e-01 | Loss: 2.3483e-06 | BC: 4.3035e-07 | PDE: 1.9179e-05 | Val: 2.8363e-07 | Test: 9.5274e-07 | LR=2.6e-05
Epoch  94/100 | Steps:  94000 | α=1e-01 | Loss: 1.7850e-06 | BC: 4.8589e-07 | PDE: 1.2991e-05 | Val: 2.3054e-07 | Test: 8.7451e-07 | LR=2.2e-05 *
Epoch  95/100 | Steps:  95000 | α=1e-01 | Loss: 2.9868e-06 | BC: 5.0003e-07 | PDE: 2.4868e-05 | Val: 2.1254e-07 | Test: 8.5079e-07 | LR=1.9e-05 *
Epoch  96/100 | Steps:  96000 | α=1e-01 | Loss: 8.9475e-07 | BC: 2.5895e-07 | PDE: 6.3580e-06 | Val: 2.1721e-06 | Test: 2.7156e-06 | LR=1.6e-05
Epoch  97/100 | Steps:  97000 | α=1e-01 | Loss: 2.2721e-06 | BC: 4.4406e-07 | PDE: 1.8281e-05 | Val: 1.9717e-07 | Test: 8.3090e-07 | LR=1.4e-05 *
Epoch  98/100 | Steps:  98000 | α=1e-01 | Loss: 1.1907e-06 | BC: 2.4970e-07 | PDE: 9.4099e-06 | Val: 1.9904e-07 | Test: 8.4676e-07 | LR=1.2e-05
Epoch  99/100 | Steps:  99000 | α=1e-01 | Loss: 8.8897e-07 | BC: 2.4433e-07 | PDE: 6.4463e-06 | Val: 2.1665e-07 | Test: 8.2259e-07 | LR=1.1e-05
Epoch 100/100 | Steps: 100000 | α=1e-01 | Loss: 1.9981e-06 | BC: 3.3120e-07 | PDE: 1.6669e-05 | Val: 2.3282e-07 | Test: 9.3458e-07 | LR=1.0e-05

Restored best model from epoch 97 (val_loss: 1.9717e-07, test_loss: 8.3090e-07)
Best checkpoint saved to: outputs/checkpoints/best_model_arctan.pt
Final checkpoint saved to: outputs/checkpoints/final_model_arctan.pt
Training completed in 912.70s (100,000 total steps)

Final Test MSE: 9.3458e-07
Inference (per point): 7.6537e-05s | (full domain): 1.0098e-04s
Saved plot to outputs/plots/results_arctan.png
