
============================================================
Running Example: absolute
============================================================

Generated full domain data:
  Boundary points: 40,000
  Interior points: 1,000,000
  Test points: 10,000
Re-sampling enabled: ~1,000,000 interior points per epoch

Splitting data: 80% train, 20% validation
  BC: 32,000 train, 8,000 val
  Interior: 800,000 train, 200,000 val

Model: DomainDecompositionPINN
  Hidden layers: [32, 32, 32, 32]
  Activation: tanh
  η: 1e-05 (normalized)
  Residual clipping: [-10.0, 10.0]
  Outlier removal: top 2.0%
  Parameters: 13,188

Training configuration:
  Boundary points (train): 32,000 -> 80 batches of 400
  Interior points (train): 1,000,000 -> 1000 batches of 1000
  Interior sampling: RE-SAMPLE each epoch
  Boundary points (val): 8,000
  Validation loss: BC only
  Steps per epoch: 1,000
  Total steps: 100,000
  Epochs: 100
  Loss balancing: AlphaPlateauScheduler
  LR scheduler: None (constant LR=1.0e-03)

/usr/local/lib/python3.12/dist-packages/torch/autograd/graph.py:824: UserWarning: Attempting to run cuBLAS, but there was no current CUDA context! Attempting to set the primary context... (Triggered internally at /opt/pytorch/pytorch/aten/src/ATen/cuda/CublasHandlePool.cpp:181.)
  return Variable._execution_engine.run_backward(  # Calls into the C++ engine to run the backward pass
Epoch   1/100 | Steps:   1000 | α=1e-05 | Loss: 3.6279e-03 | BC: 3.4175e-03 | PDE: 2.3243e-01 | Intf: 2.0801e-04 | Val: 9.9135e-04 | Test: 1.7139e-03 |  *
Epoch   2/100 | Steps:   2000 | α=1e-05 | Loss: 2.9454e-04 | BC: 1.8208e-04 | PDE: 2.4199e-01 | Intf: 1.1004e-04 | Val: 7.1424e-04 | Test: 1.2604e-03 |  *
Epoch   3/100 | Steps:   3000 | α=1e-05 | Loss: 2.6317e-04 | BC: 1.6044e-04 | PDE: 2.3918e-01 | Intf: 1.0034e-04 | Val: 7.4812e-05 | Test: 6.4939e-04 |  *
Epoch   4/100 | Steps:   4000 | α=1e-05 | Loss: 2.1867e-04 | BC: 1.2023e-04 | PDE: 2.3742e-01 | Intf: 9.6062e-05 | Val: 2.8430e-05 | Test: 6.5280e-04 |  *
Epoch   5/100 | Steps:   5000 | α=1e-05 | Loss: 2.1091e-04 | BC: 1.0945e-04 | PDE: 2.3631e-01 | Intf: 9.9094e-05 | Val: 9.1004e-05 | Test: 7.1303e-04 | 
Epoch   6/100 | Steps:   6000 | α=1e-05 | Loss: 1.8646e-04 | BC: 1.0552e-04 | PDE: 2.3648e-01 | Intf: 7.8584e-05 | Val: 2.4782e-05 | Test: 6.3033e-04 |  *
Epoch   7/100 | Steps:   7000 | α=1e-05 | Loss: 1.9104e-04 | BC: 1.1486e-04 | PDE: 2.3931e-01 | Intf: 7.3790e-05 | Val: 1.5024e-04 | Test: 6.4806e-04 | 
Epoch   8/100 | Steps:   8000 | α=1e-05 | Loss: 1.9340e-04 | BC: 1.1575e-04 | PDE: 2.4347e-01 | Intf: 7.5216e-05 | Val: 1.5249e-04 | Test: 7.4967e-04 | 
Epoch   9/100 | Steps:   9000 | α=1e-05 | Loss: 1.6508e-04 | BC: 9.5427e-05 | PDE: 2.4669e-01 | Intf: 6.7189e-05 | Val: 8.7374e-05 | Test: 6.8985e-04 | 
Epoch  10/100 | Steps:  10000 | α=1e-05 | Loss: 1.7221e-04 | BC: 1.0136e-04 | PDE: 2.4774e-01 | Intf: 6.8372e-05 | Val: 7.5559e-05 | Test: 6.6585e-04 | 
Epoch  11/100 | Steps:  11000 | α=1e-05 | Loss: 1.5699e-04 | BC: 9.2753e-05 | PDE: 2.5091e-01 | Intf: 6.1729e-05 | Val: 6.3053e-05 | Test: 7.0206e-04 | 
Epoch  12/100 | Steps:  12000 | α=1e-05 | Loss: 1.8271e-04 | BC: 1.0768e-04 | PDE: 2.5191e-01 | Intf: 7.2517e-05 | Val: 5.8435e-05 | Test: 6.4804e-04 | 
Epoch  13/100 | Steps:  13000 | α=1e-05 | Loss: 1.2528e-04 | BC: 7.2195e-05 | PDE: 2.5247e-01 | Intf: 5.0564e-05 | Val: 4.1208e-05 | Test: 6.8636e-04 | 
Epoch  14/100 | Steps:  14000 | α=1e-05 | Loss: 1.5650e-04 | BC: 9.9224e-05 | PDE: 2.5668e-01 | Intf: 5.4713e-05 | Val: 4.0905e-05 | Test: 6.8886e-04 | 
Epoch  15/100 | Steps:  15000 | α=1e-05 | Loss: 1.2959e-04 | BC: 7.6224e-05 | PDE: 2.5592e-01 | Intf: 5.0805e-05 | Val: 1.6138e-04 | Test: 7.8030e-04 | 
Epoch  16/100 | Steps:  16000 | α=1e-05 | Loss: 1.5644e-04 | BC: 8.8541e-05 | PDE: 2.5882e-01 | Intf: 6.5315e-05 | Val: 1.7990e-05 | Test: 6.6318e-04 |  *
Epoch  17/100 | Steps:  17000 | α=1e-05 | Loss: 1.2846e-04 | BC: 7.9034e-05 | PDE: 2.5696e-01 | Intf: 4.6861e-05 | Val: 7.7160e-05 | Test: 7.0931e-04 | 

>>> Alpha increased: 1e-05 → 1e-04 (BC=6.9498e-05) <<<
Epoch  18/100 | Steps:  18000 | α=1e-04 | Loss: 1.1237e-04 | BC: 6.9498e-05 | PDE: 2.5696e-01 | Intf: 4.0298e-05 | Val: 3.4241e-04 | Test: 8.6927e-04 |  *
Epoch  19/100 | Steps:  19000 | α=1e-04 | Loss: 2.2063e-04 | BC: 1.0423e-04 | PDE: 2.5189e-01 | Intf: 9.1206e-05 | Val: 1.8937e-05 | Test: 6.4808e-04 |  *
Epoch  20/100 | Steps:  20000 | α=1e-04 | Loss: 1.1403e-04 | BC: 6.6284e-05 | PDE: 2.2963e-01 | Intf: 2.4781e-05 | Val: 1.9992e-05 | Test: 6.2901e-04 | 
Epoch  21/100 | Steps:  21000 | α=1e-04 | Loss: 1.4919e-04 | BC: 7.7287e-05 | PDE: 2.2487e-01 | Intf: 4.9413e-05 | Val: 3.8035e-05 | Test: 6.1244e-04 | 
Epoch  22/100 | Steps:  22000 | α=1e-04 | Loss: 2.0983e-04 | BC: 1.0279e-04 | PDE: 2.2126e-01 | Intf: 8.4910e-05 | Val: 1.3307e-05 | Test: 5.8890e-04 |  *
Epoch  23/100 | Steps:  23000 | α=1e-04 | Loss: 9.3596e-05 | BC: 5.3270e-05 | PDE: 2.0597e-01 | Intf: 1.9730e-05 | Val: 3.0327e-05 | Test: 5.4537e-04 | 
Epoch  24/100 | Steps:  24000 | α=1e-04 | Loss: 1.4025e-04 | BC: 7.2896e-05 | PDE: 2.0487e-01 | Intf: 4.6870e-05 | Val: 1.3078e-05 | Test: 5.3798e-04 |  *
Epoch  25/100 | Steps:  25000 | α=1e-04 | Loss: 1.2256e-04 | BC: 6.5690e-05 | PDE: 1.9875e-01 | Intf: 3.6996e-05 | Val: 1.2296e-04 | Test: 5.6183e-04 | 
Epoch  26/100 | Steps:  26000 | α=1e-04 | Loss: 3.0365e-04 | BC: 1.6982e-04 | PDE: 2.0854e-01 | Intf: 1.1298e-04 | Val: 1.4083e-05 | Test: 5.1317e-04 | 
Epoch  27/100 | Steps:  27000 | α=1e-04 | Loss: 1.4416e-04 | BC: 8.8294e-05 | PDE: 2.0324e-01 | Intf: 3.5539e-05 | Val: 6.9336e-05 | Test: 5.5855e-04 | 

>>> Alpha increased: 1e-04 → 1e-03 (BC=8.8155e-05) <<<
Epoch  28/100 | Steps:  28000 | α=1e-03 | Loss: 1.5436e-04 | BC: 8.8155e-05 | PDE: 2.0421e-01 | Intf: 4.5787e-05 | Val: 1.3215e-04 | Test: 6.1843e-04 |  *
Epoch  29/100 | Steps:  29000 | α=1e-03 | Loss: 2.8083e-04 | BC: 7.2083e-05 | PDE: 1.5567e-01 | Intf: 5.3082e-05 | Val: 1.7158e-05 | Test: 3.9779e-04 |  *
Epoch  30/100 | Steps:  30000 | α=1e-03 | Loss: 2.4154e-04 | BC: 8.1793e-05 | PDE: 1.1730e-01 | Intf: 4.2455e-05 | Val: 2.4311e-04 | Test: 4.4190e-04 | 
Epoch  31/100 | Steps:  31000 | α=1e-03 | Loss: 2.3391e-04 | BC: 8.4975e-05 | PDE: 9.9918e-02 | Intf: 4.9013e-05 | Val: 1.3381e-04 | Test: 3.3477e-04 | 
Epoch  32/100 | Steps:  32000 | α=1e-03 | Loss: 2.1954e-04 | BC: 8.4309e-05 | PDE: 8.7910e-02 | Intf: 4.7320e-05 | Val: 3.8860e-05 | Test: 2.5781e-04 | 
Epoch  33/100 | Steps:  33000 | α=1e-03 | Loss: 4.4696e-04 | BC: 2.5009e-04 | PDE: 9.0153e-02 | Intf: 1.0671e-04 | Val: 7.0131e-04 | Test: 7.3236e-04 | 
Epoch  34/100 | Steps:  34000 | α=1e-03 | Loss: 3.1064e-04 | BC: 1.3022e-04 | PDE: 8.7771e-02 | Intf: 9.2658e-05 | Val: 8.5803e-06 | Test: 1.9051e-04 |  *
Epoch  35/100 | Steps:  35000 | α=1e-03 | Loss: 2.6476e-04 | BC: 1.0119e-04 | PDE: 8.4121e-02 | Intf: 7.9445e-05 | Val: 7.5043e-05 | Test: 2.3268e-04 | 

>>> Alpha increased: 1e-03 → 1e-02 (BC=8.9067e-05) <<<
Epoch  36/100 | Steps:  36000 | α=1e-02 | Loss: 2.4205e-04 | BC: 8.9067e-05 | PDE: 8.0245e-02 | Intf: 7.2742e-05 | Val: 1.2627e-04 | Test: 2.5972e-04 |  *
Epoch  37/100 | Steps:  37000 | α=1e-02 | Loss: 1.0010e-03 | BC: 2.7536e-04 | PDE: 5.2628e-02 | Intf: 1.9931e-04 | Val: 1.7242e-05 | Test: 1.2705e-04 |  *
Epoch  38/100 | Steps:  38000 | α=1e-02 | Loss: 6.6469e-04 | BC: 1.9780e-04 | PDE: 3.3128e-02 | Intf: 1.3561e-04 | Val: 1.2240e-04 | Test: 1.8080e-04 | 
Epoch  39/100 | Steps:  39000 | α=1e-02 | Loss: 5.9731e-04 | BC: 1.9381e-04 | PDE: 2.6198e-02 | Intf: 1.4152e-04 | Val: 2.2069e-04 | Test: 2.5373e-04 | 
Epoch  40/100 | Steps:  40000 | α=1e-02 | Loss: 5.8151e-04 | BC: 2.0249e-04 | PDE: 2.2525e-02 | Intf: 1.5377e-04 | Val: 4.4069e-05 | Test: 1.0682e-04 | 
Epoch  41/100 | Steps:  41000 | α=1e-02 | Loss: 5.9171e-04 | BC: 2.2781e-04 | PDE: 2.0204e-02 | Intf: 1.6187e-04 | Val: 8.1700e-04 | Test: 6.4847e-04 | 
Epoch  42/100 | Steps:  42000 | α=1e-02 | Loss: 4.8498e-04 | BC: 1.6853e-04 | PDE: 1.9514e-02 | Intf: 1.2131e-04 | Val: 1.2826e-05 | Test: 6.7481e-05 |  *
Epoch  43/100 | Steps:  43000 | α=1e-02 | Loss: 4.9593e-04 | BC: 1.7939e-04 | PDE: 1.8071e-02 | Intf: 1.3583e-04 | Val: 1.7073e-03 | Test: 1.3855e-03 | 

>>> Alpha increased: 1e-02 → 1e-01 (BC=1.7791e-04) <<<
Epoch  44/100 | Steps:  44000 | α=1e-01 | Loss: 4.9362e-04 | BC: 1.7791e-04 | PDE: 1.7648e-02 | Intf: 1.3923e-04 | Val: 6.0735e-04 | Test: 5.0658e-04 |  *
Epoch  45/100 | Steps:  45000 | α=1e-01 | Loss: 1.6786e-03 | BC: 5.1533e-04 | PDE: 8.8065e-03 | Intf: 2.8261e-04 | Val: 5.7487e-04 | Test: 4.4132e-04 |  *
Epoch  46/100 | Steps:  46000 | α=1e-01 | Loss: 9.6835e-04 | BC: 3.5364e-04 | PDE: 3.9447e-03 | Intf: 2.2024e-04 | Val: 1.1389e-04 | Test: 1.0562e-04 |  *
Epoch  47/100 | Steps:  47000 | α=1e-01 | Loss: 6.6465e-04 | BC: 2.5829e-04 | PDE: 2.4067e-03 | Intf: 1.6569e-04 | Val: 4.5307e-04 | Test: 3.6093e-04 | 
Epoch  48/100 | Steps:  48000 | α=1e-01 | Loss: 1.0548e-03 | BC: 5.4333e-04 | PDE: 2.3149e-03 | Intf: 2.7998e-04 | Val: 5.6166e-04 | Test: 4.9016e-04 | 
Epoch  49/100 | Steps:  49000 | α=1e-01 | Loss: 6.8965e-04 | BC: 2.4427e-04 | PDE: 1.9875e-03 | Intf: 2.4663e-04 | Val: 2.9603e-04 | Test: 2.0832e-04 | 
Epoch  50/100 | Steps:  50000 | α=1e-01 | Loss: 6.8743e-04 | BC: 2.6625e-04 | PDE: 1.8248e-03 | Intf: 2.3870e-04 | Val: 4.5938e-04 | Test: 3.4806e-04 | 
Epoch  51/100 | Steps:  51000 | α=1e-01 | Loss: 6.2001e-04 | BC: 2.3023e-04 | PDE: 1.7126e-03 | Intf: 2.1851e-04 | Val: 1.4336e-04 | Test: 1.1813e-04 | 
Epoch  52/100 | Steps:  52000 | α=1e-01 | Loss: 7.7393e-04 | BC: 3.3576e-04 | PDE: 1.7478e-03 | Intf: 2.6339e-04 | Val: 4.4049e-04 | Test: 2.7171e-04 | 
Epoch  53/100 | Steps:  53000 | α=1e-01 | Loss: 6.0079e-04 | BC: 2.2192e-04 | PDE: 1.6545e-03 | Intf: 2.1341e-04 | Val: 4.1127e-04 | Test: 3.2387e-04 | 
Epoch  54/100 | Steps:  54000 | α=1e-01 | Loss: 6.6913e-04 | BC: 2.6394e-04 | PDE: 1.5911e-03 | Intf: 2.4609e-04 | Val: 1.9460e-04 | Test: 1.4512e-04 | 
Epoch  55/100 | Steps:  55000 | α=1e-01 | Loss: 6.0826e-04 | BC: 2.4912e-04 | PDE: 1.5717e-03 | Intf: 2.0197e-04 | Val: 1.3059e-04 | Test: 1.0287e-04 | 
Epoch  56/100 | Steps:  56000 | α=1e-01 | Loss: 6.2883e-04 | BC: 2.4042e-04 | PDE: 1.5854e-03 | Intf: 2.2987e-04 | Val: 3.6997e-04 | Test: 2.8951e-04 | 
Epoch  57/100 | Steps:  57000 | α=1e-01 | Loss: 5.8621e-04 | BC: 2.2115e-04 | PDE: 1.5042e-03 | Intf: 2.1464e-04 | Val: 1.6955e-04 | Test: 1.4112e-04 | 
Epoch  58/100 | Steps:  58000 | α=1e-01 | Loss: 6.1419e-04 | BC: 2.4030e-04 | PDE: 1.5285e-03 | Intf: 2.2104e-04 | Val: 4.8974e-04 | Test: 3.8791e-04 | 
Epoch  59/100 | Steps:  59000 | α=1e-01 | Loss: 6.0394e-04 | BC: 2.2757e-04 | PDE: 1.4643e-03 | Intf: 2.2994e-04 | Val: 6.4603e-04 | Test: 5.5921e-04 | 
Epoch  60/100 | Steps:  60000 | α=1e-01 | Loss: 5.9947e-04 | BC: 2.4139e-04 | PDE: 1.4838e-03 | Intf: 2.0971e-04 | Val: 2.0407e-04 | Test: 1.7035e-04 | 
Epoch  61/100 | Steps:  61000 | α=1e-01 | Loss: 5.7817e-04 | BC: 2.2524e-04 | PDE: 1.4508e-03 | Intf: 2.0785e-04 | Val: 1.1908e-03 | Test: 9.6641e-04 | 
Epoch  62/100 | Steps:  62000 | α=1e-01 | Loss: 5.6791e-04 | BC: 2.2493e-04 | PDE: 1.4629e-03 | Intf: 1.9668e-04 | Val: 1.2991e-03 | Test: 1.0701e-03 | 
Epoch  63/100 | Steps:  63000 | α=1e-01 | Loss: 6.0871e-04 | BC: 2.4011e-04 | PDE: 1.4617e-03 | Intf: 2.2243e-04 | Val: 3.8312e-05 | Test: 3.2128e-05 |  *
Epoch  64/100 | Steps:  64000 | α=1e-01 | Loss: 5.3843e-04 | BC: 2.0152e-04 | PDE: 1.4004e-03 | Intf: 1.9687e-04 | Val: 1.3302e-04 | Test: 1.1210e-04 | 
Epoch  65/100 | Steps:  65000 | α=1e-01 | Loss: 6.2999e-04 | BC: 2.6110e-04 | PDE: 1.4522e-03 | Intf: 2.2366e-04 | Val: 1.3135e-05 | Test: 1.2006e-05 |  *
Epoch  66/100 | Steps:  66000 | α=1e-01 | Loss: 5.3538e-04 | BC: 1.9501e-04 | PDE: 1.3580e-03 | Intf: 2.0457e-04 | Val: 3.5192e-05 | Test: 2.9603e-05 | 
Epoch  67/100 | Steps:  67000 | α=1e-01 | Loss: 5.2673e-04 | BC: 1.9553e-04 | PDE: 1.2994e-03 | Intf: 2.0125e-04 | Val: 6.2568e-04 | Test: 5.0977e-04 | 
Epoch  68/100 | Steps:  68000 | α=1e-01 | Loss: 6.0752e-04 | BC: 2.5393e-04 | PDE: 1.3946e-03 | Intf: 2.1412e-04 | Val: 5.8710e-06 | Test: 5.2147e-06 |  *
Epoch  69/100 | Steps:  69000 | α=1e-01 | Loss: 5.3398e-04 | BC: 2.0372e-04 | PDE: 1.3090e-03 | Intf: 1.9936e-04 | Val: 7.7298e-05 | Test: 5.8650e-05 | 
Epoch  70/100 | Steps:  70000 | α=1e-01 | Loss: 6.3464e-04 | BC: 2.5697e-04 | PDE: 1.3823e-03 | Intf: 2.3943e-04 | Val: 1.9781e-05 | Test: 1.6831e-05 | 
Epoch  71/100 | Steps:  71000 | α=1e-01 | Loss: 4.2295e-04 | BC: 1.4841e-04 | PDE: 1.2791e-03 | Intf: 1.4663e-04 | Val: 4.5632e-04 | Test: 2.9565e-04 | 
Epoch  72/100 | Steps:  72000 | α=1e-01 | Loss: 5.3595e-04 | BC: 2.0133e-04 | PDE: 1.2630e-03 | Intf: 2.0832e-04 | Val: 4.5253e-05 | Test: 2.9266e-05 | 
Epoch  73/100 | Steps:  73000 | α=1e-01 | Loss: 5.3074e-04 | BC: 2.0163e-04 | PDE: 1.3177e-03 | Intf: 1.9734e-04 | Val: 2.3328e-04 | Test: 1.4406e-04 | 
Epoch  74/100 | Steps:  74000 | α=1e-01 | Loss: 5.3522e-04 | BC: 2.0114e-04 | PDE: 1.2418e-03 | Intf: 2.0990e-04 | Val: 1.1583e-03 | Test: 9.6571e-04 | 
Epoch  75/100 | Steps:  75000 | α=1e-01 | Loss: 5.4778e-04 | BC: 2.2113e-04 | PDE: 1.3513e-03 | Intf: 1.9152e-04 | Val: 4.7297e-04 | Test: 3.9459e-04 | 
Epoch  76/100 | Steps:  76000 | α=1e-01 | Loss: 4.8664e-04 | BC: 1.7819e-04 | PDE: 1.2355e-03 | Intf: 1.8490e-04 | Val: 2.9607e-04 | Test: 2.4645e-04 | 
Epoch  77/100 | Steps:  77000 | α=1e-01 | Loss: 5.7090e-04 | BC: 2.3579e-04 | PDE: 1.3605e-03 | Intf: 1.9906e-04 | Val: 5.1633e-06 | Test: 4.2141e-06 |  *
Epoch  78/100 | Steps:  78000 | α=1e-01 | Loss: 4.6779e-04 | BC: 1.6453e-04 | PDE: 1.2815e-03 | Intf: 1.7511e-04 | Val: 6.1978e-04 | Test: 5.3946e-04 | 
Epoch  79/100 | Steps:  79000 | α=1e-01 | Loss: 5.3756e-04 | BC: 1.9765e-04 | PDE: 1.2774e-03 | Intf: 2.1217e-04 | Val: 4.2262e-04 | Test: 2.3675e-04 | 
Epoch  80/100 | Steps:  80000 | α=1e-01 | Loss: 4.6118e-04 | BC: 1.6068e-04 | PDE: 1.3103e-03 | Intf: 1.6947e-04 | Val: 3.7028e-04 | Test: 3.1494e-04 | 
Epoch  81/100 | Steps:  81000 | α=1e-01 | Loss: 5.7316e-04 | BC: 2.3220e-04 | PDE: 1.3029e-03 | Intf: 2.1066e-04 | Val: 1.5586e-04 | Test: 8.6376e-05 | 
Epoch  82/100 | Steps:  82000 | α=1e-01 | Loss: 5.8321e-04 | BC: 2.4119e-04 | PDE: 1.2822e-03 | Intf: 2.1380e-04 | Val: 3.1945e-04 | Test: 1.9302e-04 | 
Epoch  83/100 | Steps:  83000 | α=1e-01 | Loss: 4.9040e-04 | BC: 1.7618e-04 | PDE: 1.2726e-03 | Intf: 1.8696e-04 | Val: 1.7254e-03 | Test: 1.3854e-03 | 
Epoch  84/100 | Steps:  84000 | α=1e-01 | Loss: 4.3525e-04 | BC: 1.4712e-04 | PDE: 1.2857e-03 | Intf: 1.5956e-04 | Val: 6.8342e-05 | Test: 4.7593e-05 | 
Epoch  85/100 | Steps:  85000 | α=1e-01 | Loss: 6.0692e-04 | BC: 2.4526e-04 | PDE: 1.2802e-03 | Intf: 2.3363e-04 | Val: 2.3469e-05 | Test: 1.4177e-05 | 
Epoch  86/100 | Steps:  86000 | α=1e-01 | Loss: 4.3035e-04 | BC: 1.4366e-04 | PDE: 1.2868e-03 | Intf: 1.5801e-04 | Val: 2.0167e-05 | Test: 1.5958e-05 | 
Epoch  87/100 | Steps:  87000 | α=1e-01 | Loss: 5.3660e-04 | BC: 2.0220e-04 | PDE: 1.2782e-03 | Intf: 2.0658e-04 | Val: 1.4561e-03 | Test: 1.2345e-03 | 
Epoch  88/100 | Steps:  88000 | α=1e-01 | Loss: 5.0675e-04 | BC: 1.8821e-04 | PDE: 1.2304e-03 | Intf: 1.9551e-04 | Val: 1.2631e-03 | Test: 1.1428e-03 | 
Epoch  89/100 | Steps:  89000 | α=1e-01 | Loss: 4.7999e-04 | BC: 1.7135e-04 | PDE: 1.2451e-03 | Intf: 1.8414e-04 | Val: 1.3997e-03 | Test: 1.1956e-03 | 
Epoch  90/100 | Steps:  90000 | α=1e-01 | Loss: 4.4574e-04 | BC: 1.5067e-04 | PDE: 1.2632e-03 | Intf: 1.6875e-04 | Val: 7.7310e-05 | Test: 4.5200e-05 | 
Epoch  91/100 | Steps:  91000 | α=1e-01 | Loss: 5.9912e-04 | BC: 2.3484e-04 | PDE: 1.3616e-03 | Intf: 2.2812e-04 | Val: 1.3471e-03 | Test: 1.0921e-03 | 
Epoch  92/100 | Steps:  92000 | α=1e-01 | Loss: 4.7794e-04 | BC: 1.7909e-04 | PDE: 1.2331e-03 | Intf: 1.7553e-04 | Val: 3.1493e-06 | Test: 2.6827e-06 |  *
Epoch  93/100 | Steps:  93000 | α=1e-01 | Loss: 4.6758e-04 | BC: 1.7970e-04 | PDE: 1.2508e-03 | Intf: 1.6280e-04 | Val: 8.6811e-04 | Test: 7.5169e-04 | 
Epoch  94/100 | Steps:  94000 | α=1e-01 | Loss: 4.8308e-04 | BC: 1.6561e-04 | PDE: 1.2176e-03 | Intf: 1.9572e-04 | Val: 1.4852e-03 | Test: 1.2350e-03 | 
Epoch  95/100 | Steps:  95000 | α=1e-01 | Loss: 5.5885e-04 | BC: 2.2443e-04 | PDE: 1.3581e-03 | Intf: 1.9861e-04 | Val: 7.5022e-04 | Test: 6.4217e-04 | 
Epoch  96/100 | Steps:  96000 | α=1e-01 | Loss: 4.6486e-04 | BC: 1.5791e-04 | PDE: 1.2440e-03 | Intf: 1.8255e-04 | Val: 1.9687e-05 | Test: 1.4634e-05 | 
Epoch  97/100 | Steps:  97000 | α=1e-01 | Loss: 5.5935e-04 | BC: 2.1922e-04 | PDE: 1.2392e-03 | Intf: 2.1622e-04 | Val: 3.0322e-06 | Test: 1.7583e-06 |  *
Epoch  98/100 | Steps:  98000 | α=1e-01 | Loss: 4.2508e-04 | BC: 1.4911e-04 | PDE: 1.2515e-03 | Intf: 1.5082e-04 | Val: 3.4595e-05 | Test: 2.4564e-05 | 
Epoch  99/100 | Steps:  99000 | α=1e-01 | Loss: 6.3611e-04 | BC: 2.6963e-04 | PDE: 1.3875e-03 | Intf: 2.2773e-04 | Val: 1.1324e-06 | Test: 7.5641e-07 |  *
Epoch 100/100 | Steps: 100000 | α=1e-01 | Loss: 4.2824e-04 | BC: 1.4234e-04 | PDE: 1.2232e-03 | Intf: 1.6358e-04 | Val: 8.2440e-05 | Test: 6.8409e-05 | 

Restored best model from epoch 99 (val_loss: 1.1324e-06, test_loss: 7.5641e-07)
Best checkpoint saved to: outputs/expr_7_1/absolute_dd/nosched/checkpoints/best_model.pt
Final checkpoint saved to: outputs/expr_7_1/absolute_dd/nosched/checkpoints/final_model.pt
Training completed in 3461.46s (100,000 total steps)

Final Test MSE: 6.8409e-05
Inference (per point): 5.0951e-04s | (full domain): 1.2739e-03s
Saved plot to outputs/expr_7_1/absolute_dd/nosched/plots/results.png
