
============================================================
Running Example: aronsson_square
============================================================

Generated full domain data:
  Boundary points: 40,000
  Interior points: 1,000,000
  Test points: 10,000
Re-sampling enabled: ~1,000,000 interior points per epoch

Splitting data: 80% train, 20% validation
  BC: 32,000 train, 8,000 val
  Interior: 800,000 train, 200,000 val

Model: InfinityLaplacianPINN
  Hidden layers: [128, 128, 128, 128]
  Activation: tanh
  η: 1e-05 (normalized)
  Residual clipping: [-10.0, 10.0]
  Outlier removal: top 2.0%
  Parameters: 50,049

Training configuration:
  Boundary points (train): 32,000 -> 80 batches of 400
  Interior points (train): 1,000,000 -> 1000 batches of 1000
  Interior sampling: RE-SAMPLE each epoch
  Boundary points (val): 8,000
  Validation loss: BC only
  Steps per epoch: 1,000
  Total steps: 100,000
  Epochs: 100
  Loss balancing: FixedAlphaSchedule
  LR scheduler: cosine (LR: 1.0e-03 -> 1.0e-05)

/usr/local/lib/python3.12/dist-packages/torch/autograd/graph.py:824: UserWarning: Attempting to run cuBLAS, but there was no current CUDA context! Attempting to set the primary context... (Triggered internally at /opt/pytorch/pytorch/aten/src/ATen/cuda/CublasHandlePool.cpp:181.)
  return Variable._execution_engine.run_backward(  # Calls into the C++ engine to run the backward pass
Epoch   1/100 | Steps:   1000 | α=1e-01 | Loss: 3.3716e-02 | BC: 2.5752e-02 | PDE: 7.9631e-02 | Val: 1.1666e-04 | Test: 1.4236e-04 | LR=1.0e-03 *
Epoch   2/100 | Steps:   2000 | α=1e-01 | Loss: 1.5540e-03 | BC: 3.2592e-04 | PDE: 1.2280e-02 | Val: 1.7198e-04 | Test: 8.6494e-05 | LR=1.0e-03
Epoch   3/100 | Steps:   3000 | α=1e-01 | Loss: 1.0723e-03 | BC: 2.7556e-04 | PDE: 7.9673e-03 | Val: 1.9941e-04 | Test: 1.0063e-04 | LR=1.0e-03
Epoch   4/100 | Steps:   4000 | α=1e-01 | Loss: 8.7512e-04 | BC: 2.9863e-04 | PDE: 5.7649e-03 | Val: 3.9102e-05 | Test: 4.6761e-05 | LR=1.0e-03 *
Epoch   5/100 | Steps:   5000 | α=1e-01 | Loss: 6.1291e-04 | BC: 2.0204e-04 | PDE: 4.1087e-03 | Val: 1.5858e-04 | Test: 1.1368e-04 | LR=1.0e-03
Epoch   6/100 | Steps:   6000 | α=1e-01 | Loss: 6.7240e-04 | BC: 2.3282e-04 | PDE: 4.3958e-03 | Val: 6.6497e-05 | Test: 7.0358e-05 | LR=9.9e-04
Epoch   7/100 | Steps:   7000 | α=1e-01 | Loss: 3.9299e-04 | BC: 1.4602e-04 | PDE: 2.4698e-03 | Val: 2.3168e-04 | Test: 1.6411e-04 | LR=9.9e-04
Epoch   8/100 | Steps:   8000 | α=1e-01 | Loss: 3.5111e-04 | BC: 1.4225e-04 | PDE: 2.0886e-03 | Val: 1.5532e-04 | Test: 8.7918e-05 | LR=9.9e-04
Epoch   9/100 | Steps:   9000 | α=1e-01 | Loss: 3.3829e-04 | BC: 1.4401e-04 | PDE: 1.9428e-03 | Val: 7.3164e-05 | Test: 6.8161e-05 | LR=9.8e-04
Epoch  10/100 | Steps:  10000 | α=1e-01 | Loss: 3.6040e-04 | BC: 1.4771e-04 | PDE: 2.1269e-03 | Val: 1.3305e-05 | Test: 1.8720e-05 | LR=9.8e-04 *
Epoch  11/100 | Steps:  11000 | α=1e-01 | Loss: 3.0065e-04 | BC: 1.2153e-04 | PDE: 1.7912e-03 | Val: 7.5538e-05 | Test: 8.3944e-05 | LR=9.8e-04
Epoch  12/100 | Steps:  12000 | α=1e-01 | Loss: 1.0858e-03 | BC: 4.1778e-04 | PDE: 6.6806e-03 | Val: 1.1666e-04 | Test: 7.5596e-05 | LR=9.7e-04
Epoch  13/100 | Steps:  13000 | α=1e-01 | Loss: 8.2030e-05 | BC: 2.2327e-05 | PDE: 5.9704e-04 | Val: 2.2610e-05 | Test: 1.3121e-05 | LR=9.7e-04
Epoch  14/100 | Steps:  14000 | α=1e-01 | Loss: 1.5299e-04 | BC: 7.5670e-05 | PDE: 7.7324e-04 | Val: 4.9747e-05 | Test: 4.3455e-05 | LR=9.6e-04
Epoch  15/100 | Steps:  15000 | α=1e-01 | Loss: 3.3833e-04 | BC: 1.3418e-04 | PDE: 2.0415e-03 | Val: 1.2573e-05 | Test: 9.1523e-06 | LR=9.5e-04 *
Epoch  16/100 | Steps:  16000 | α=1e-01 | Loss: 1.4403e-04 | BC: 6.3795e-05 | PDE: 8.0236e-04 | Val: 9.2142e-05 | Test: 6.6696e-05 | LR=9.5e-04
Epoch  17/100 | Steps:  17000 | α=1e-01 | Loss: 1.7214e-04 | BC: 8.2694e-05 | PDE: 8.9442e-04 | Val: 7.4741e-05 | Test: 4.1207e-05 | LR=9.4e-04
Epoch  18/100 | Steps:  18000 | α=1e-01 | Loss: 1.5317e-04 | BC: 6.8155e-05 | PDE: 8.5019e-04 | Val: 1.5166e-04 | Test: 9.2461e-05 | LR=9.3e-04
Epoch  19/100 | Steps:  19000 | α=1e-01 | Loss: 1.7654e-04 | BC: 7.5074e-05 | PDE: 1.0146e-03 | Val: 1.7212e-04 | Test: 1.0918e-04 | LR=9.2e-04
Epoch  20/100 | Steps:  20000 | α=1e-01 | Loss: 1.2550e-04 | BC: 5.7949e-05 | PDE: 6.7547e-04 | Val: 3.4118e-05 | Test: 1.9012e-05 | LR=9.1e-04
Epoch  21/100 | Steps:  21000 | α=1e-01 | Loss: 1.3035e-04 | BC: 6.4077e-05 | PDE: 6.6269e-04 | Val: 8.3003e-05 | Test: 6.0584e-05 | LR=9.1e-04
Epoch  22/100 | Steps:  22000 | α=1e-01 | Loss: 7.6230e-04 | BC: 2.6797e-04 | PDE: 4.9433e-03 | Val: 6.1907e-06 | Test: 4.9796e-06 | LR=9.0e-04 *
Epoch  23/100 | Steps:  23000 | α=1e-01 | Loss: 3.4022e-05 | BC: 1.3692e-05 | PDE: 2.0330e-04 | Val: 5.6530e-06 | Test: 4.0448e-06 | LR=8.9e-04 *
Epoch  24/100 | Steps:  24000 | α=1e-01 | Loss: 7.1858e-05 | BC: 4.5027e-05 | PDE: 2.6831e-04 | Val: 1.7696e-06 | Test: 1.6025e-06 | LR=8.8e-04 *
Epoch  25/100 | Steps:  25000 | α=1e-01 | Loss: 6.8652e-05 | BC: 3.7436e-05 | PDE: 3.1216e-04 | Val: 8.1984e-05 | Test: 7.4667e-05 | LR=8.7e-04
Epoch  26/100 | Steps:  26000 | α=1e-01 | Loss: 6.7809e-04 | BC: 2.1154e-04 | PDE: 4.6654e-03 | Val: 7.1779e-06 | Test: 5.5104e-06 | LR=8.6e-04
Epoch  27/100 | Steps:  27000 | α=1e-01 | Loss: 4.0488e-05 | BC: 1.4988e-05 | PDE: 2.5500e-04 | Val: 6.7282e-06 | Test: 1.6095e-05 | LR=8.4e-04
Epoch  28/100 | Steps:  28000 | α=1e-01 | Loss: 6.6410e-05 | BC: 3.5675e-05 | PDE: 3.0734e-04 | Val: 9.3798e-05 | Test: 5.8161e-05 | LR=8.3e-04
Epoch  29/100 | Steps:  29000 | α=1e-01 | Loss: 6.0310e-05 | BC: 3.3055e-05 | PDE: 2.7254e-04 | Val: 1.2732e-04 | Test: 8.1343e-05 | LR=8.2e-04
Epoch  30/100 | Steps:  30000 | α=1e-01 | Loss: 6.5992e-05 | BC: 3.5213e-05 | PDE: 3.0779e-04 | Val: 5.5361e-05 | Test: 3.9100e-05 | LR=8.1e-04
Epoch  31/100 | Steps:  31000 | α=1e-01 | Loss: 5.9044e-05 | BC: 3.1853e-05 | PDE: 2.7191e-04 | Val: 3.7231e-05 | Test: 2.5422e-05 | LR=8.0e-04
Epoch  32/100 | Steps:  32000 | α=1e-01 | Loss: 7.0132e-05 | BC: 3.3453e-05 | PDE: 3.6679e-04 | Val: 2.7978e-05 | Test: 2.1409e-05 | LR=7.8e-04
Epoch  33/100 | Steps:  33000 | α=1e-01 | Loss: 6.6791e-05 | BC: 3.3473e-05 | PDE: 3.3318e-04 | Val: 1.4757e-04 | Test: 8.9993e-05 | LR=7.7e-04
Epoch  34/100 | Steps:  34000 | α=1e-01 | Loss: 7.7941e-05 | BC: 3.9428e-05 | PDE: 3.8513e-04 | Val: 3.1895e-06 | Test: 2.9279e-06 | LR=7.6e-04
Epoch  35/100 | Steps:  35000 | α=1e-01 | Loss: 3.7790e-05 | BC: 1.9500e-05 | PDE: 1.8290e-04 | Val: 3.5970e-05 | Test: 2.0609e-05 | LR=7.4e-04
Epoch  36/100 | Steps:  36000 | α=1e-01 | Loss: 8.7405e-05 | BC: 3.9339e-05 | PDE: 4.8066e-04 | Val: 6.2389e-07 | Test: 7.4346e-07 | LR=7.3e-04 *
Epoch  37/100 | Steps:  37000 | α=1e-01 | Loss: 3.2588e-05 | BC: 1.7906e-05 | PDE: 1.4682e-04 | Val: 2.8108e-06 | Test: 4.1051e-06 | LR=7.2e-04
Epoch  38/100 | Steps:  38000 | α=1e-01 | Loss: 4.7229e-05 | BC: 2.3951e-05 | PDE: 2.3278e-04 | Val: 1.1938e-05 | Test: 1.0371e-05 | LR=7.0e-04
Epoch  39/100 | Steps:  39000 | α=1e-01 | Loss: 5.3711e-05 | BC: 2.8473e-05 | PDE: 2.5239e-04 | Val: 2.0585e-06 | Test: 2.3248e-06 | LR=6.9e-04
Epoch  40/100 | Steps:  40000 | α=1e-01 | Loss: 2.9194e-05 | BC: 1.5113e-05 | PDE: 1.4081e-04 | Val: 2.3348e-06 | Test: 1.5231e-06 | LR=6.7e-04
Epoch  41/100 | Steps:  41000 | α=1e-01 | Loss: 1.6882e-03 | BC: 5.2982e-04 | PDE: 1.1584e-02 | Val: 5.9244e-05 | Test: 2.6499e-04 | LR=6.6e-04
Epoch  42/100 | Steps:  42000 | α=1e-01 | Loss: 1.0257e-04 | BC: 3.6639e-05 | PDE: 6.5934e-04 | Val: 2.3254e-05 | Test: 2.6754e-04 | LR=6.4e-04
Epoch  43/100 | Steps:  43000 | α=1e-01 | Loss: 6.1110e-05 | BC: 1.8269e-05 | PDE: 4.2841e-04 | Val: 1.2212e-05 | Test: 3.8662e-05 | LR=6.3e-04
Epoch  44/100 | Steps:  44000 | α=1e-01 | Loss: 5.1802e-05 | BC: 1.9538e-05 | PDE: 3.2264e-04 | Val: 6.2335e-06 | Test: 1.2000e-05 | LR=6.1e-04
Epoch  45/100 | Steps:  45000 | α=1e-01 | Loss: 2.0956e-04 | BC: 6.8432e-05 | PDE: 1.4112e-03 | Val: 5.2142e-05 | Test: 1.0681e-04 | LR=6.0e-04
Epoch  46/100 | Steps:  46000 | α=1e-01 | Loss: 3.4467e-05 | BC: 1.1034e-05 | PDE: 2.3434e-04 | Val: 6.0615e-06 | Test: 5.4740e-06 | LR=5.8e-04
Epoch  47/100 | Steps:  47000 | α=1e-01 | Loss: 2.2352e-05 | BC: 1.2771e-05 | PDE: 9.5811e-05 | Val: 8.7504e-06 | Test: 7.0600e-06 | LR=5.7e-04
Epoch  48/100 | Steps:  48000 | α=1e-01 | Loss: 2.4056e-05 | BC: 1.2696e-05 | PDE: 1.1360e-04 | Val: 8.5752e-06 | Test: 4.6632e-06 | LR=5.5e-04
Epoch  49/100 | Steps:  49000 | α=1e-01 | Loss: 1.8951e-05 | BC: 1.2318e-05 | PDE: 6.6331e-05 | Val: 7.6176e-06 | Test: 5.2976e-06 | LR=5.4e-04
Epoch  50/100 | Steps:  50000 | α=1e-01 | Loss: 2.6476e-05 | BC: 1.3892e-05 | PDE: 1.2583e-04 | Val: 3.0378e-06 | Test: 2.6866e-06 | LR=5.2e-04
Epoch  51/100 | Steps:  51000 | α=1e-01 | Loss: 1.7459e-05 | BC: 9.5651e-06 | PDE: 7.8940e-05 | Val: 5.8471e-06 | Test: 3.7773e-06 | LR=5.1e-04
Epoch  52/100 | Steps:  52000 | α=1e-01 | Loss: 1.7026e-05 | BC: 9.2605e-06 | PDE: 7.7653e-05 | Val: 7.7751e-06 | Test: 3.0261e-06 | LR=4.9e-04
Epoch  53/100 | Steps:  53000 | α=1e-01 | Loss: 1.6918e-05 | BC: 9.1953e-06 | PDE: 7.7229e-05 | Val: 1.9066e-05 | Test: 1.1391e-05 | LR=4.7e-04
Epoch  54/100 | Steps:  54000 | α=1e-01 | Loss: 2.1569e-05 | BC: 1.1716e-05 | PDE: 9.8525e-05 | Val: 3.5717e-06 | Test: 2.7400e-06 | LR=4.6e-04
Epoch  55/100 | Steps:  55000 | α=1e-01 | Loss: 1.4590e-05 | BC: 7.1283e-06 | PDE: 7.4616e-05 | Val: 1.8302e-05 | Test: 1.1119e-05 | LR=4.4e-04
Epoch  56/100 | Steps:  56000 | α=1e-01 | Loss: 1.5799e-05 | BC: 7.2721e-06 | PDE: 8.5269e-05 | Val: 1.0180e-06 | Test: 9.4707e-07 | LR=4.3e-04
Epoch  57/100 | Steps:  57000 | α=1e-01 | Loss: 1.4414e-05 | BC: 7.3139e-06 | PDE: 7.0999e-05 | Val: 3.0008e-05 | Test: 1.8825e-05 | LR=4.1e-04
Epoch  58/100 | Steps:  58000 | α=1e-01 | Loss: 1.1186e-05 | BC: 6.3337e-06 | PDE: 4.8525e-05 | Val: 2.3154e-05 | Test: 1.4018e-05 | LR=4.0e-04
Epoch  59/100 | Steps:  59000 | α=1e-01 | Loss: 1.4888e-05 | BC: 6.8383e-06 | PDE: 8.0493e-05 | Val: 5.3090e-07 | Test: 4.9194e-07 | LR=3.8e-04 *
Epoch  60/100 | Steps:  60000 | α=1e-01 | Loss: 1.0610e-05 | BC: 5.2900e-06 | PDE: 5.3200e-05 | Val: 8.1321e-06 | Test: 5.6431e-06 | LR=3.7e-04
Epoch  61/100 | Steps:  61000 | α=1e-01 | Loss: 2.1797e-05 | BC: 8.9006e-06 | PDE: 1.2896e-04 | Val: 1.2442e-06 | Test: 1.0090e-06 | LR=3.5e-04
Epoch  62/100 | Steps:  62000 | α=1e-01 | Loss: 5.1111e-06 | BC: 2.7642e-06 | PDE: 2.3470e-05 | Val: 4.1354e-06 | Test: 3.1507e-06 | LR=3.4e-04
Epoch  63/100 | Steps:  63000 | α=1e-01 | Loss: 9.7597e-06 | BC: 4.4890e-06 | PDE: 5.2707e-05 | Val: 4.3088e-06 | Test: 3.0892e-06 | LR=3.2e-04
Epoch  64/100 | Steps:  64000 | α=1e-01 | Loss: 7.6619e-06 | BC: 3.9711e-06 | PDE: 3.6908e-05 | Val: 1.4253e-05 | Test: 9.4123e-06 | LR=3.1e-04
Epoch  65/100 | Steps:  65000 | α=1e-01 | Loss: 8.7926e-06 | BC: 3.7949e-06 | PDE: 4.9977e-05 | Val: 1.7387e-06 | Test: 1.7892e-06 | LR=2.9e-04
Epoch  66/100 | Steps:  66000 | α=1e-01 | Loss: 6.5938e-06 | BC: 3.2002e-06 | PDE: 3.3936e-05 | Val: 1.6040e-06 | Test: 1.2464e-06 | LR=2.8e-04
Epoch  67/100 | Steps:  67000 | α=1e-01 | Loss: 6.7194e-06 | BC: 3.0755e-06 | PDE: 3.6439e-05 | Val: 1.9924e-06 | Test: 1.6885e-06 | LR=2.7e-04
Epoch  68/100 | Steps:  68000 | α=1e-01 | Loss: 6.2369e-06 | BC: 2.7616e-06 | PDE: 3.4752e-05 | Val: 8.3240e-07 | Test: 5.9656e-07 | LR=2.5e-04
Epoch  69/100 | Steps:  69000 | α=1e-01 | Loss: 1.5436e-05 | BC: 5.3158e-06 | PDE: 1.0120e-04 | Val: 1.2379e-06 | Test: 6.7810e-07 | LR=2.4e-04
Epoch  70/100 | Steps:  70000 | α=1e-01 | Loss: 4.1677e-06 | BC: 2.0067e-06 | PDE: 2.1611e-05 | Val: 2.9091e-07 | Test: 4.4701e-07 | LR=2.3e-04 *
Epoch  71/100 | Steps:  71000 | α=1e-01 | Loss: 4.2376e-06 | BC: 1.9339e-06 | PDE: 2.3037e-05 | Val: 3.2603e-06 | Test: 2.1463e-06 | LR=2.1e-04
Epoch  72/100 | Steps:  72000 | α=1e-01 | Loss: 3.7665e-06 | BC: 1.7844e-06 | PDE: 1.9821e-05 | Val: 4.7777e-07 | Test: 5.1577e-07 | LR=2.0e-04
Epoch  73/100 | Steps:  73000 | α=1e-01 | Loss: 3.2855e-06 | BC: 1.3751e-06 | PDE: 1.9105e-05 | Val: 9.9080e-07 | Test: 8.0909e-07 | LR=1.9e-04
Epoch  74/100 | Steps:  74000 | α=1e-01 | Loss: 3.6096e-06 | BC: 1.3190e-06 | PDE: 2.2906e-05 | Val: 3.9347e-07 | Test: 3.7730e-07 | LR=1.8e-04
Epoch  75/100 | Steps:  75000 | α=1e-01 | Loss: 2.5744e-06 | BC: 1.0866e-06 | PDE: 1.4878e-05 | Val: 7.5590e-07 | Test: 7.1948e-07 | LR=1.7e-04
Epoch  76/100 | Steps:  76000 | α=1e-01 | Loss: 3.0391e-06 | BC: 1.2308e-06 | PDE: 1.8083e-05 | Val: 1.8270e-06 | Test: 1.5456e-06 | LR=1.5e-04
Epoch  77/100 | Steps:  77000 | α=1e-01 | Loss: 2.1254e-06 | BC: 8.5271e-07 | PDE: 1.2727e-05 | Val: 2.0168e-06 | Test: 2.1127e-06 | LR=1.4e-04
Epoch  78/100 | Steps:  78000 | α=1e-01 | Loss: 2.6461e-06 | BC: 9.5865e-07 | PDE: 1.6875e-05 | Val: 4.2866e-07 | Test: 4.5689e-07 | LR=1.3e-04
Epoch  79/100 | Steps:  79000 | α=1e-01 | Loss: 1.8755e-06 | BC: 6.2780e-07 | PDE: 1.2477e-05 | Val: 3.8247e-07 | Test: 3.8713e-07 | LR=1.2e-04
Epoch  80/100 | Steps:  80000 | α=1e-01 | Loss: 1.7122e-06 | BC: 5.9943e-07 | PDE: 1.1128e-05 | Val: 4.8115e-07 | Test: 6.2877e-07 | LR=1.1e-04
Epoch  81/100 | Steps:  81000 | α=1e-01 | Loss: 1.7551e-06 | BC: 5.9915e-07 | PDE: 1.1559e-05 | Val: 9.4131e-07 | Test: 7.4385e-07 | LR=1.0e-04
Epoch  82/100 | Steps:  82000 | α=1e-01 | Loss: 1.6834e-06 | BC: 4.5584e-07 | PDE: 1.2275e-05 | Val: 2.7331e-07 | Test: 3.4913e-07 | LR=9.6e-05 *
Epoch  83/100 | Steps:  83000 | α=1e-01 | Loss: 1.2066e-06 | BC: 3.7344e-07 | PDE: 8.3312e-06 | Val: 4.5387e-07 | Test: 3.9575e-07 | LR=8.7e-05
Epoch  84/100 | Steps:  84000 | α=1e-01 | Loss: 1.3161e-06 | BC: 3.7244e-07 | PDE: 9.4368e-06 | Val: 1.9762e-07 | Test: 2.5284e-07 | LR=7.9e-05 *
Epoch  85/100 | Steps:  85000 | α=1e-01 | Loss: 1.2467e-06 | BC: 3.2976e-07 | PDE: 9.1691e-06 | Val: 4.2224e-07 | Test: 5.0488e-07 | LR=7.1e-05
Epoch  86/100 | Steps:  86000 | α=1e-01 | Loss: 1.1125e-06 | BC: 2.8550e-07 | PDE: 8.2696e-06 | Val: 1.3055e-07 | Test: 2.8035e-07 | LR=6.4e-05 *
Epoch  87/100 | Steps:  87000 | α=1e-01 | Loss: 8.0941e-07 | BC: 1.9076e-07 | PDE: 6.1865e-06 | Val: 6.8769e-08 | Test: 1.6816e-07 | LR=5.7e-05 *
Epoch  88/100 | Steps:  88000 | α=1e-01 | Loss: 9.3590e-07 | BC: 2.1827e-07 | PDE: 7.1762e-06 | Val: 7.4452e-08 | Test: 1.6778e-07 | LR=5.1e-05
Epoch  89/100 | Steps:  89000 | α=1e-01 | Loss: 1.0614e-06 | BC: 2.7512e-07 | PDE: 7.8629e-06 | Val: 1.6151e-07 | Test: 2.3991e-07 | LR=4.5e-05
Epoch  90/100 | Steps:  90000 | α=1e-01 | Loss: 6.4374e-07 | BC: 1.2867e-07 | PDE: 5.1507e-06 | Val: 7.0764e-08 | Test: 1.8771e-07 | LR=3.9e-05
Epoch  91/100 | Steps:  91000 | α=1e-01 | Loss: 5.4834e-07 | BC: 1.0064e-07 | PDE: 4.4770e-06 | Val: 2.4663e-07 | Test: 3.5172e-07 | LR=3.4e-05
Epoch  92/100 | Steps:  92000 | α=1e-01 | Loss: 6.8125e-07 | BC: 1.3271e-07 | PDE: 5.4855e-06 | Val: 2.5207e-07 | Test: 3.5599e-07 | LR=3.0e-05
Epoch  93/100 | Steps:  93000 | α=1e-01 | Loss: 5.6027e-07 | BC: 9.5504e-08 | PDE: 4.6476e-06 | Val: 1.2426e-07 | Test: 2.2146e-07 | LR=2.6e-05
Epoch  94/100 | Steps:  94000 | α=1e-01 | Loss: 4.7985e-07 | BC: 7.8184e-08 | PDE: 4.0166e-06 | Val: 4.6625e-08 | Test: 1.7192e-07 | LR=2.2e-05 *
Epoch  95/100 | Steps:  95000 | α=1e-01 | Loss: 4.0518e-07 | BC: 6.2771e-08 | PDE: 3.4241e-06 | Val: 6.1150e-08 | Test: 1.6054e-07 | LR=1.9e-05
Epoch  96/100 | Steps:  96000 | α=1e-01 | Loss: 4.2714e-07 | BC: 5.9931e-08 | PDE: 3.6721e-06 | Val: 4.7958e-08 | Test: 1.7071e-07 | LR=1.6e-05
Epoch  97/100 | Steps:  97000 | α=1e-01 | Loss: 4.6100e-07 | BC: 6.5951e-08 | PDE: 3.9505e-06 | Val: 4.0646e-08 | Test: 1.6186e-07 | LR=1.4e-05 *
Epoch  98/100 | Steps:  98000 | α=1e-01 | Loss: 5.0034e-07 | BC: 7.2792e-08 | PDE: 4.2754e-06 | Val: 4.6521e-07 | Test: 7.3719e-07 | LR=1.2e-05
Epoch  99/100 | Steps:  99000 | α=1e-01 | Loss: 4.2973e-07 | BC: 5.7377e-08 | PDE: 3.7236e-06 | Val: 4.4797e-08 | Test: 1.6177e-07 | LR=1.1e-05
Epoch 100/100 | Steps: 100000 | α=1e-01 | Loss: 3.8485e-07 | BC: 4.7319e-08 | PDE: 3.3753e-06 | Val: 4.9762e-08 | Test: 1.6615e-07 | LR=1.0e-05

Restored best model from epoch 97 (val_loss: 4.0646e-08, test_loss: 1.6186e-07)
Best checkpoint saved to: outputs/expr_6_2/aronsson_square/alpha1e-1/checkpoints/best_model.pt
Final checkpoint saved to: outputs/expr_6_2/aronsson_square/alpha1e-1/checkpoints/final_model.pt
Training completed in 969.56s (100,000 total steps)

Final Test MSE: 1.6615e-07
Inference (per point): 7.7865e-05s | (full domain): 7.6172e-05s
Saved plot to outputs/expr_6_2/aronsson_square/alpha1e-1/plots/results.png
