
============================================================
Running Example: absolute
============================================================

Generated full domain data:
  Boundary points: 40,000
  Interior points: 1,000,000
  Test points: 10,000
Re-sampling enabled: ~1,000,000 interior points per epoch

Splitting data: 80% train, 20% validation
  BC: 32,000 train, 8,000 val
  Interior: 800,000 train, 200,000 val

Model: InfinityLaplacianPINN
  Hidden layers: [128, 128, 128, 128]
  Activation: tanh
  η: 1e-05 (normalized)
  Residual clipping: [-10.0, 10.0]
  Outlier removal: top 2.0%
  Parameters: 50,049

Training configuration:
  Boundary points (train): 32,000 -> 80 batches of 400
  Interior points (train): 1,000,000 -> 1000 batches of 1000
  Interior sampling: RE-SAMPLE each epoch
  Boundary points (val): 8,000
  Validation loss: BC only
  Steps per epoch: 1,000
  Total steps: 100,000
  Epochs: 100
  Loss balancing: FixedAlphaSchedule
  LR scheduler: cosine (LR: 1.0e-03 -> 1.0e-05)

/usr/local/lib/python3.12/dist-packages/torch/autograd/graph.py:824: UserWarning: Attempting to run cuBLAS, but there was no current CUDA context! Attempting to set the primary context... (Triggered internally at /opt/pytorch/pytorch/aten/src/ATen/cuda/CublasHandlePool.cpp:181.)
  return Variable._execution_engine.run_backward(  # Calls into the C++ engine to run the backward pass
Epoch   1/100 | Steps:   1000 | α=0e+00 | Loss: 1.8888e-02 | BC: 1.8888e-02 | PDE: 5.0605e+00 | Val: 4.3920e-04 | Test: 9.4071e-02 | LR=1.0e-03 *
Epoch   2/100 | Steps:   2000 | α=0e+00 | Loss: 3.0565e-04 | BC: 3.0565e-04 | PDE: 1.2917e+01 | Val: 1.8892e-04 | Test: 9.7751e-02 | LR=1.0e-03 *
Epoch   3/100 | Steps:   3000 | α=0e+00 | Loss: 2.1530e-04 | BC: 2.1530e-04 | PDE: 1.4826e+01 | Val: 5.6768e-04 | Test: 7.6282e-02 | LR=1.0e-03
Epoch   4/100 | Steps:   4000 | α=0e+00 | Loss: 1.5833e-04 | BC: 1.5833e-04 | PDE: 1.4226e+01 | Val: 3.4824e-04 | Test: 5.9481e-02 | LR=1.0e-03
Epoch   5/100 | Steps:   5000 | α=0e+00 | Loss: 1.6131e-04 | BC: 1.6131e-04 | PDE: 1.3620e+01 | Val: 7.7360e-05 | Test: 4.8895e-02 | LR=1.0e-03 *
Epoch   6/100 | Steps:   6000 | α=0e+00 | Loss: 1.3241e-04 | BC: 1.3241e-04 | PDE: 1.2780e+01 | Val: 1.1387e-04 | Test: 4.3013e-02 | LR=9.9e-04
Epoch   7/100 | Steps:   7000 | α=0e+00 | Loss: 1.2200e-04 | BC: 1.2200e-04 | PDE: 1.2071e+01 | Val: 2.4064e-04 | Test: 3.7337e-02 | LR=9.9e-04
Epoch   8/100 | Steps:   8000 | α=0e+00 | Loss: 1.0166e-04 | BC: 1.0166e-04 | PDE: 1.1579e+01 | Val: 2.3752e-05 | Test: 3.6516e-02 | LR=9.9e-04 *
Epoch   9/100 | Steps:   9000 | α=0e+00 | Loss: 9.2311e-05 | BC: 9.2311e-05 | PDE: 1.0811e+01 | Val: 1.1077e-04 | Test: 3.1568e-02 | LR=9.8e-04
Epoch  10/100 | Steps:  10000 | α=0e+00 | Loss: 9.0802e-05 | BC: 9.0802e-05 | PDE: 1.0764e+01 | Val: 1.7781e-05 | Test: 3.1416e-02 | LR=9.8e-04 *
Epoch  11/100 | Steps:  11000 | α=0e+00 | Loss: 7.4346e-05 | BC: 7.4346e-05 | PDE: 1.0268e+01 | Val: 3.2201e-05 | Test: 2.8390e-02 | LR=9.8e-04
Epoch  12/100 | Steps:  12000 | α=0e+00 | Loss: 7.1673e-05 | BC: 7.1673e-05 | PDE: 1.0108e+01 | Val: 1.0054e-05 | Test: 2.6093e-02 | LR=9.7e-04 *
Epoch  13/100 | Steps:  13000 | α=0e+00 | Loss: 6.3916e-05 | BC: 6.3916e-05 | PDE: 9.9938e+00 | Val: 5.5611e-05 | Test: 2.5724e-02 | LR=9.7e-04
Epoch  14/100 | Steps:  14000 | α=0e+00 | Loss: 4.8107e-05 | BC: 4.8107e-05 | PDE: 9.9309e+00 | Val: 1.8876e-05 | Test: 2.6016e-02 | LR=9.6e-04
Epoch  15/100 | Steps:  15000 | α=0e+00 | Loss: 5.1668e-05 | BC: 5.1668e-05 | PDE: 9.9400e+00 | Val: 4.8374e-06 | Test: 2.4783e-02 | LR=9.5e-04 *
Epoch  16/100 | Steps:  16000 | α=0e+00 | Loss: 5.1242e-05 | BC: 5.1242e-05 | PDE: 1.0048e+01 | Val: 5.4706e-06 | Test: 2.4322e-02 | LR=9.5e-04
Epoch  17/100 | Steps:  17000 | α=0e+00 | Loss: 4.9533e-05 | BC: 4.9533e-05 | PDE: 1.0263e+01 | Val: 7.9480e-06 | Test: 2.4293e-02 | LR=9.4e-04
Epoch  18/100 | Steps:  18000 | α=0e+00 | Loss: 4.0431e-05 | BC: 4.0431e-05 | PDE: 1.0282e+01 | Val: 2.3320e-04 | Test: 2.4744e-02 | LR=9.3e-04
Epoch  19/100 | Steps:  19000 | α=0e+00 | Loss: 3.9525e-05 | BC: 3.9525e-05 | PDE: 1.0546e+01 | Val: 3.0810e-05 | Test: 2.2264e-02 | LR=9.2e-04
Epoch  20/100 | Steps:  20000 | α=0e+00 | Loss: 4.3783e-05 | BC: 4.3783e-05 | PDE: 1.0910e+01 | Val: 1.4754e-05 | Test: 2.4624e-02 | LR=9.1e-04
Epoch  21/100 | Steps:  21000 | α=0e+00 | Loss: 3.1430e-05 | BC: 3.1430e-05 | PDE: 1.0833e+01 | Val: 7.2194e-06 | Test: 2.3306e-02 | LR=9.1e-04
Epoch  22/100 | Steps:  22000 | α=0e+00 | Loss: 3.1367e-05 | BC: 3.1367e-05 | PDE: 1.0988e+01 | Val: 2.4823e-05 | Test: 2.2254e-02 | LR=9.0e-04
Epoch  23/100 | Steps:  23000 | α=0e+00 | Loss: 3.7612e-05 | BC: 3.7612e-05 | PDE: 1.1002e+01 | Val: 1.9644e-04 | Test: 2.1744e-02 | LR=8.9e-04
Epoch  24/100 | Steps:  24000 | α=0e+00 | Loss: 2.2492e-05 | BC: 2.2492e-05 | PDE: 1.1308e+01 | Val: 1.5720e-05 | Test: 2.2955e-02 | LR=8.8e-04
Epoch  25/100 | Steps:  25000 | α=0e+00 | Loss: 2.6449e-05 | BC: 2.6449e-05 | PDE: 1.1310e+01 | Val: 2.5114e-05 | Test: 2.2365e-02 | LR=8.7e-04
Epoch  26/100 | Steps:  26000 | α=0e+00 | Loss: 2.4569e-05 | BC: 2.4569e-05 | PDE: 1.1567e+01 | Val: 4.8847e-06 | Test: 2.2907e-02 | LR=8.6e-04
Epoch  27/100 | Steps:  27000 | α=0e+00 | Loss: 2.5136e-05 | BC: 2.5136e-05 | PDE: 1.1605e+01 | Val: 3.9355e-06 | Test: 2.2189e-02 | LR=8.4e-04 *
Epoch  28/100 | Steps:  28000 | α=0e+00 | Loss: 2.2069e-05 | BC: 2.2069e-05 | PDE: 1.1726e+01 | Val: 1.4006e-05 | Test: 2.2411e-02 | LR=8.3e-04
Epoch  29/100 | Steps:  29000 | α=0e+00 | Loss: 2.1580e-05 | BC: 2.1580e-05 | PDE: 1.1967e+01 | Val: 4.0947e-06 | Test: 2.3179e-02 | LR=8.2e-04
Epoch  30/100 | Steps:  30000 | α=0e+00 | Loss: 3.3280e-05 | BC: 3.3280e-05 | PDE: 1.1941e+01 | Val: 4.3729e-06 | Test: 2.1297e-02 | LR=8.1e-04
Epoch  31/100 | Steps:  31000 | α=0e+00 | Loss: 1.4457e-05 | BC: 1.4457e-05 | PDE: 1.2112e+01 | Val: 3.7905e-06 | Test: 2.3207e-02 | LR=8.0e-04 *
Epoch  32/100 | Steps:  32000 | α=0e+00 | Loss: 1.9221e-05 | BC: 1.9221e-05 | PDE: 1.2421e+01 | Val: 2.4218e-06 | Test: 2.3608e-02 | LR=7.8e-04 *
Epoch  33/100 | Steps:  33000 | α=0e+00 | Loss: 1.7309e-05 | BC: 1.7309e-05 | PDE: 1.2641e+01 | Val: 1.7398e-06 | Test: 2.3664e-02 | LR=7.7e-04 *
Epoch  34/100 | Steps:  34000 | α=0e+00 | Loss: 1.3320e-05 | BC: 1.3320e-05 | PDE: 1.2784e+01 | Val: 1.5674e-05 | Test: 2.3897e-02 | LR=7.6e-04
Epoch  35/100 | Steps:  35000 | α=0e+00 | Loss: 1.5704e-05 | BC: 1.5704e-05 | PDE: 1.2944e+01 | Val: 7.8425e-06 | Test: 2.3933e-02 | LR=7.4e-04
Epoch  36/100 | Steps:  36000 | α=0e+00 | Loss: 1.2169e-05 | BC: 1.2169e-05 | PDE: 1.3052e+01 | Val: 7.2907e-06 | Test: 2.4359e-02 | LR=7.3e-04
Epoch  37/100 | Steps:  37000 | α=0e+00 | Loss: 1.9926e-05 | BC: 1.9926e-05 | PDE: 1.3226e+01 | Val: 7.7433e-06 | Test: 2.4856e-02 | LR=7.2e-04
Epoch  38/100 | Steps:  38000 | α=0e+00 | Loss: 1.0817e-05 | BC: 1.0817e-05 | PDE: 1.3482e+01 | Val: 3.9704e-05 | Test: 2.4996e-02 | LR=7.0e-04
Epoch  39/100 | Steps:  39000 | α=0e+00 | Loss: 1.6670e-05 | BC: 1.6670e-05 | PDE: 1.3616e+01 | Val: 2.6125e-06 | Test: 2.6189e-02 | LR=6.9e-04
Epoch  40/100 | Steps:  40000 | α=0e+00 | Loss: 7.2810e-06 | BC: 7.2810e-06 | PDE: 1.3838e+01 | Val: 2.3851e-05 | Test: 2.5948e-02 | LR=6.7e-04
Epoch  41/100 | Steps:  41000 | α=0e+00 | Loss: 1.3461e-05 | BC: 1.3461e-05 | PDE: 1.3796e+01 | Val: 2.3960e-05 | Test: 2.5430e-02 | LR=6.6e-04
Epoch  42/100 | Steps:  42000 | α=0e+00 | Loss: 9.8707e-06 | BC: 9.8707e-06 | PDE: 1.3910e+01 | Val: 1.8818e-04 | Test: 2.6221e-02 | LR=6.4e-04
Epoch  43/100 | Steps:  43000 | α=0e+00 | Loss: 1.0162e-05 | BC: 1.0162e-05 | PDE: 1.4045e+01 | Val: 2.2377e-06 | Test: 2.6103e-02 | LR=6.3e-04
Epoch  44/100 | Steps:  44000 | α=0e+00 | Loss: 7.4665e-06 | BC: 7.4665e-06 | PDE: 1.4134e+01 | Val: 1.2137e-05 | Test: 2.5914e-02 | LR=6.1e-04
Epoch  45/100 | Steps:  45000 | α=0e+00 | Loss: 7.6580e-06 | BC: 7.6580e-06 | PDE: 1.4089e+01 | Val: 1.4891e-06 | Test: 2.6119e-02 | LR=6.0e-04 *
Epoch  46/100 | Steps:  46000 | α=0e+00 | Loss: 7.4892e-06 | BC: 7.4892e-06 | PDE: 1.4156e+01 | Val: 1.3985e-06 | Test: 2.5951e-02 | LR=5.8e-04 *
Epoch  47/100 | Steps:  47000 | α=0e+00 | Loss: 7.6485e-06 | BC: 7.6485e-06 | PDE: 1.4125e+01 | Val: 8.7526e-07 | Test: 2.6164e-02 | LR=5.7e-04 *
Epoch  48/100 | Steps:  48000 | α=0e+00 | Loss: 5.9498e-06 | BC: 5.9498e-06 | PDE: 1.4195e+01 | Val: 6.9052e-06 | Test: 2.6262e-02 | LR=5.5e-04
Epoch  49/100 | Steps:  49000 | α=0e+00 | Loss: 6.9887e-06 | BC: 6.9887e-06 | PDE: 1.4310e+01 | Val: 2.2270e-06 | Test: 2.6087e-02 | LR=5.4e-04
Epoch  50/100 | Steps:  50000 | α=0e+00 | Loss: 8.0689e-06 | BC: 8.0689e-06 | PDE: 1.4278e+01 | Val: 7.8218e-06 | Test: 2.6519e-02 | LR=5.2e-04
Epoch  51/100 | Steps:  51000 | α=0e+00 | Loss: 4.3695e-06 | BC: 4.3695e-06 | PDE: 1.4359e+01 | Val: 5.9313e-06 | Test: 2.6520e-02 | LR=5.1e-04
Epoch  52/100 | Steps:  52000 | α=0e+00 | Loss: 4.9346e-06 | BC: 4.9346e-06 | PDE: 1.4329e+01 | Val: 6.5986e-06 | Test: 2.6475e-02 | LR=4.9e-04
Epoch  53/100 | Steps:  53000 | α=0e+00 | Loss: 7.2044e-06 | BC: 7.2044e-06 | PDE: 1.4377e+01 | Val: 2.8097e-06 | Test: 2.6988e-02 | LR=4.7e-04
Epoch  54/100 | Steps:  54000 | α=0e+00 | Loss: 2.4547e-06 | BC: 2.4547e-06 | PDE: 1.4531e+01 | Val: 3.1574e-06 | Test: 2.7012e-02 | LR=4.6e-04
Epoch  55/100 | Steps:  55000 | α=0e+00 | Loss: 4.7806e-06 | BC: 4.7806e-06 | PDE: 1.4427e+01 | Val: 1.0768e-06 | Test: 2.6984e-02 | LR=4.4e-04
Epoch  56/100 | Steps:  56000 | α=0e+00 | Loss: 4.2939e-06 | BC: 4.2939e-06 | PDE: 1.4439e+01 | Val: 4.8408e-06 | Test: 2.6754e-02 | LR=4.3e-04
Epoch  57/100 | Steps:  57000 | α=0e+00 | Loss: 3.5752e-06 | BC: 3.5752e-06 | PDE: 1.4402e+01 | Val: 1.1940e-05 | Test: 2.6958e-02 | LR=4.1e-04
Epoch  58/100 | Steps:  58000 | α=0e+00 | Loss: 2.8658e-06 | BC: 2.8658e-06 | PDE: 1.4402e+01 | Val: 3.3578e-06 | Test: 2.7073e-02 | LR=4.0e-04
Epoch  59/100 | Steps:  59000 | α=0e+00 | Loss: 3.2206e-06 | BC: 3.2206e-06 | PDE: 1.4427e+01 | Val: 1.6481e-06 | Test: 2.6874e-02 | LR=3.8e-04
Epoch  60/100 | Steps:  60000 | α=0e+00 | Loss: 2.8820e-06 | BC: 2.8820e-06 | PDE: 1.4423e+01 | Val: 6.2796e-07 | Test: 2.7070e-02 | LR=3.7e-04 *
Epoch  61/100 | Steps:  61000 | α=0e+00 | Loss: 2.8029e-06 | BC: 2.8029e-06 | PDE: 1.4428e+01 | Val: 1.1448e-06 | Test: 2.7173e-02 | LR=3.5e-04
Epoch  62/100 | Steps:  62000 | α=0e+00 | Loss: 2.1393e-06 | BC: 2.1393e-06 | PDE: 1.4405e+01 | Val: 1.0157e-06 | Test: 2.7061e-02 | LR=3.4e-04
Epoch  63/100 | Steps:  63000 | α=0e+00 | Loss: 2.3068e-06 | BC: 2.3068e-06 | PDE: 1.4445e+01 | Val: 2.0582e-06 | Test: 2.7078e-02 | LR=3.2e-04
Epoch  64/100 | Steps:  64000 | α=0e+00 | Loss: 2.2558e-06 | BC: 2.2558e-06 | PDE: 1.4382e+01 | Val: 1.5228e-06 | Test: 2.7022e-02 | LR=3.1e-04
Epoch  65/100 | Steps:  65000 | α=0e+00 | Loss: 1.9568e-06 | BC: 1.9568e-06 | PDE: 1.4364e+01 | Val: 4.0980e-06 | Test: 2.7240e-02 | LR=2.9e-04
Epoch  66/100 | Steps:  66000 | α=0e+00 | Loss: 1.7372e-06 | BC: 1.7372e-06 | PDE: 1.4369e+01 | Val: 1.6287e-06 | Test: 2.6981e-02 | LR=2.8e-04
Epoch  67/100 | Steps:  67000 | α=0e+00 | Loss: 1.6822e-06 | BC: 1.6822e-06 | PDE: 1.4412e+01 | Val: 7.5550e-07 | Test: 2.7116e-02 | LR=2.7e-04
Epoch  68/100 | Steps:  68000 | α=0e+00 | Loss: 1.4916e-06 | BC: 1.4916e-06 | PDE: 1.4328e+01 | Val: 5.6693e-06 | Test: 2.7068e-02 | LR=2.5e-04
Epoch  69/100 | Steps:  69000 | α=0e+00 | Loss: 1.4617e-06 | BC: 1.4617e-06 | PDE: 1.4346e+01 | Val: 1.3010e-06 | Test: 2.7126e-02 | LR=2.4e-04
Epoch  70/100 | Steps:  70000 | α=0e+00 | Loss: 1.2200e-06 | BC: 1.2200e-06 | PDE: 1.4290e+01 | Val: 3.1431e-06 | Test: 2.7024e-02 | LR=2.3e-04
Epoch  71/100 | Steps:  71000 | α=0e+00 | Loss: 1.1966e-06 | BC: 1.1966e-06 | PDE: 1.4331e+01 | Val: 8.4304e-07 | Test: 2.6953e-02 | LR=2.1e-04
Epoch  72/100 | Steps:  72000 | α=0e+00 | Loss: 9.9787e-07 | BC: 9.9787e-07 | PDE: 1.4273e+01 | Val: 8.9579e-07 | Test: 2.6999e-02 | LR=2.0e-04
Epoch  73/100 | Steps:  73000 | α=0e+00 | Loss: 9.4917e-07 | BC: 9.4917e-07 | PDE: 1.4216e+01 | Val: 5.2734e-07 | Test: 2.6997e-02 | LR=1.9e-04 *
Epoch  74/100 | Steps:  74000 | α=0e+00 | Loss: 8.7277e-07 | BC: 8.7277e-07 | PDE: 1.4259e+01 | Val: 1.6637e-06 | Test: 2.7051e-02 | LR=1.8e-04
Epoch  75/100 | Steps:  75000 | α=0e+00 | Loss: 7.4741e-07 | BC: 7.4741e-07 | PDE: 1.4197e+01 | Val: 1.1307e-06 | Test: 2.7000e-02 | LR=1.7e-04
Epoch  76/100 | Steps:  76000 | α=0e+00 | Loss: 6.8604e-07 | BC: 6.8604e-07 | PDE: 1.4139e+01 | Val: 6.3670e-07 | Test: 2.6820e-02 | LR=1.5e-04
Epoch  77/100 | Steps:  77000 | α=0e+00 | Loss: 7.1507e-07 | BC: 7.1507e-07 | PDE: 1.4142e+01 | Val: 3.0760e-07 | Test: 2.6876e-02 | LR=1.4e-04 *
Epoch  78/100 | Steps:  78000 | α=0e+00 | Loss: 5.8807e-07 | BC: 5.8807e-07 | PDE: 1.4118e+01 | Val: 4.0992e-07 | Test: 2.6840e-02 | LR=1.3e-04
Epoch  79/100 | Steps:  79000 | α=0e+00 | Loss: 5.0519e-07 | BC: 5.0519e-07 | PDE: 1.4041e+01 | Val: 3.3159e-07 | Test: 2.6736e-02 | LR=1.2e-04
Epoch  80/100 | Steps:  80000 | α=0e+00 | Loss: 4.9721e-07 | BC: 4.9721e-07 | PDE: 1.4063e+01 | Val: 2.4967e-07 | Test: 2.6670e-02 | LR=1.1e-04 *
Epoch  81/100 | Steps:  81000 | α=0e+00 | Loss: 4.0178e-07 | BC: 4.0178e-07 | PDE: 1.4046e+01 | Val: 4.8861e-07 | Test: 2.6572e-02 | LR=1.0e-04
Epoch  82/100 | Steps:  82000 | α=0e+00 | Loss: 4.2414e-07 | BC: 4.2414e-07 | PDE: 1.3953e+01 | Val: 4.3841e-07 | Test: 2.6514e-02 | LR=9.6e-05
Epoch  83/100 | Steps:  83000 | α=0e+00 | Loss: 3.7184e-07 | BC: 3.7184e-07 | PDE: 1.3943e+01 | Val: 4.9374e-07 | Test: 2.6459e-02 | LR=8.7e-05
Epoch  84/100 | Steps:  84000 | α=0e+00 | Loss: 3.2522e-07 | BC: 3.2522e-07 | PDE: 1.3877e+01 | Val: 5.5306e-07 | Test: 2.6361e-02 | LR=7.9e-05
Epoch  85/100 | Steps:  85000 | α=0e+00 | Loss: 3.1889e-07 | BC: 3.1889e-07 | PDE: 1.3890e+01 | Val: 2.4857e-07 | Test: 2.6331e-02 | LR=7.1e-05 *
Epoch  86/100 | Steps:  86000 | α=0e+00 | Loss: 3.0736e-07 | BC: 3.0736e-07 | PDE: 1.3829e+01 | Val: 4.2903e-07 | Test: 2.6262e-02 | LR=6.4e-05
Epoch  87/100 | Steps:  87000 | α=0e+00 | Loss: 2.6329e-07 | BC: 2.6329e-07 | PDE: 1.3786e+01 | Val: 2.3950e-07 | Test: 2.6155e-02 | LR=5.7e-05 *
Epoch  88/100 | Steps:  88000 | α=0e+00 | Loss: 2.5060e-07 | BC: 2.5060e-07 | PDE: 1.3762e+01 | Val: 2.6849e-07 | Test: 2.6091e-02 | LR=5.1e-05
Epoch  89/100 | Steps:  89000 | α=0e+00 | Loss: 2.3343e-07 | BC: 2.3343e-07 | PDE: 1.3733e+01 | Val: 2.5751e-07 | Test: 2.6021e-02 | LR=4.5e-05
Epoch  90/100 | Steps:  90000 | α=0e+00 | Loss: 2.2698e-07 | BC: 2.2698e-07 | PDE: 1.3725e+01 | Val: 3.2729e-07 | Test: 2.5935e-02 | LR=3.9e-05
Epoch  91/100 | Steps:  91000 | α=0e+00 | Loss: 2.1079e-07 | BC: 2.1079e-07 | PDE: 1.3637e+01 | Val: 2.3604e-07 | Test: 2.5868e-02 | LR=3.4e-05 *
Epoch  92/100 | Steps:  92000 | α=0e+00 | Loss: 2.0025e-07 | BC: 2.0025e-07 | PDE: 1.3651e+01 | Val: 1.9585e-07 | Test: 2.5811e-02 | LR=3.0e-05 *
Epoch  93/100 | Steps:  93000 | α=0e+00 | Loss: 1.8751e-07 | BC: 1.8751e-07 | PDE: 1.3597e+01 | Val: 2.3761e-07 | Test: 2.5763e-02 | LR=2.6e-05
Epoch  94/100 | Steps:  94000 | α=0e+00 | Loss: 1.8156e-07 | BC: 1.8156e-07 | PDE: 1.3611e+01 | Val: 1.9015e-07 | Test: 2.5681e-02 | LR=2.2e-05 *
Epoch  95/100 | Steps:  95000 | α=0e+00 | Loss: 1.7581e-07 | BC: 1.7581e-07 | PDE: 1.3543e+01 | Val: 2.1772e-07 | Test: 2.5630e-02 | LR=1.9e-05
Epoch  96/100 | Steps:  96000 | α=0e+00 | Loss: 1.6901e-07 | BC: 1.6901e-07 | PDE: 1.3548e+01 | Val: 1.9275e-07 | Test: 2.5588e-02 | LR=1.6e-05
Epoch  97/100 | Steps:  97000 | α=0e+00 | Loss: 1.6492e-07 | BC: 1.6492e-07 | PDE: 1.3502e+01 | Val: 2.0376e-07 | Test: 2.5536e-02 | LR=1.4e-05
Epoch  98/100 | Steps:  98000 | α=0e+00 | Loss: 1.6219e-07 | BC: 1.6219e-07 | PDE: 1.3520e+01 | Val: 1.7749e-07 | Test: 2.5513e-02 | LR=1.2e-05 *
Epoch  99/100 | Steps:  99000 | α=0e+00 | Loss: 1.5979e-07 | BC: 1.5979e-07 | PDE: 1.3484e+01 | Val: 1.7713e-07 | Test: 2.5465e-02 | LR=1.1e-05 *
Epoch 100/100 | Steps: 100000 | α=0e+00 | Loss: 1.5798e-07 | BC: 1.5798e-07 | PDE: 1.3480e+01 | Val: 1.9938e-07 | Test: 2.5434e-02 | LR=1.0e-05

Restored best model from epoch 99 (val_loss: 1.7713e-07, test_loss: 2.5465e-02)
Best checkpoint saved to: outputs/expr_7_1/absolute/alpha0/checkpoints/best_model.pt
Final checkpoint saved to: outputs/expr_7_1/absolute/alpha0/checkpoints/final_model.pt
Training completed in 1015.44s (100,000 total steps)

Final Test MSE: 2.5434e-02
Inference (per point): 7.8146e-05s | (full domain): 7.6444e-05s
Saved plot to outputs/expr_7_1/absolute/alpha0/plots/results.png
