
============================================================
Dist-to-Boundary  —  Unit Sphere  (3-D)
============================================================
Device: cuda
  Loaded p=5: 1835008 points, mse: 2.636162e-02
  Loaded p=10: 1835008 points, mse: 6.484154e-03
  Loaded p=15: 1835008 points, mse: 2.865527e-03
  Loaded p=20: 1835008 points, mse: 1.609515e-03
  Loaded p=25: 1835008 points, mse: 1.030594e-03
  Loaded p=30: 1835008 points, mse: 7.168137e-04
  Loaded p=35: 1835008 points, mse: 5.278223e-04
  Loaded p=40: 1835008 points, mse: 4.052088e-04
  Loaded p=45: 1835008 points, mse: 3.211492e-04
  Loaded p=50: 1835008 points, mse: 2.610018e-04
  Loaded p=55: 1835008 points, mse: 2.164748e-04
  Loaded p=60: 1835008 points, mse: 1.825836e-04
  Loaded p=65: 1835008 points, mse: 1.561857e-04
  Loaded p=70: 1835008 points, mse: 1.352195e-04
  Loaded p=75: 1835008 points, mse: 1.182871e-04
  Loaded p=80: 1835008 points, mse: 1.044138e-04
  Loaded p=85: 1835008 points, mse: 9.290200e-05
  Loaded p=90: 1835008 points, mse: 8.324315e-05
  Loaded p=95: 1835008 points, mse: 7.505817e-05
  Loaded p=100: 1835008 points, mse: 6.806067e-05
  Loaded p=105: 1835008 points, mse: 6.203056e-05
  Loaded p=110: 1835008 points, mse: 5.679637e-05
  Loaded p=115: 1835008 points, mse: 5.222337e-05
  Loaded p=120: 1835008 points, mse: 4.820407e-05
  Loaded p=125: 1835008 points, mse: 4.465197e-05
  Loaded p=130: 1835008 points, mse: 4.149695e-05
  Loaded p=135: 1835008 points, mse: 3.868154e-05
  Loaded p=140: 1835008 points, mse: 3.615833e-05
  Loaded p=145: 1835008 points, mse: 3.388796e-05
  Loaded p=150: 1835008 points, mse: 3.183748e-05
  Loaded p=155: 1835008 points, mse: 2.997906e-05
  Loaded p=160: 1835008 points, mse: 2.828930e-05
  Loaded p=165: 1835008 points, mse: 2.674819e-05
  Loaded p=170: 1835008 points, mse: 2.533857e-05
  Loaded p=175: 1835008 points, mse: 2.404580e-05
  Loaded p=180: 1835008 points, mse: 2.285717e-05
  Loaded p=185: 1835008 points, mse: 2.176162e-05
  Loaded p=190: 1835008 points, mse: 2.074959e-05
  Loaded p=195: 1835008 points, mse: 1.981265e-05
  Loaded p=200: 1835008 points, mse: 1.894357e-05
  Added p=∞ point: 1835008 pts, mse: 0.000000e+00
Training data: X=(75235328, 4)  Y=(75235328, 1)
Model: trunk=[3, 512, 512, 512, 128]  branch=[1, 128, 128, 128, 128]  params=642,945
Scheduler: CosineAnnealingLR  T_max=20  eta_min=1e-06
Epoch --- Train Loss --- LR --- p150 --- p200 --- p250 --- p500
    0 --- 1.373554e-03 --- 1.00e-04 --- 2.457895e-05 --- 2.067230e-05 --- 1.916389e-05 --- 2.800409e-05
    1 --- 1.168177e-05 --- 9.94e-05 --- 1.139460e-05 --- 8.403559e-06 --- 7.576098e-06 --- 7.128190e-06
    2 --- 5.414750e-06 --- 9.76e-05 --- 1.764548e-05 --- 1.266031e-05 --- 1.097329e-05 --- 3.703531e-06
    3 --- 3.257988e-06 --- 9.46e-05 --- 1.330062e-05 --- 9.395661e-06 --- 8.038732e-06 --- 1.971483e-06
    4 --- 2.115173e-06 --- 9.05e-05 --- 1.242397e-05 --- 8.777956e-06 --- 7.374428e-06 --- 1.633557e-06
    5 --- 1.491304e-06 --- 8.55e-05 --- 1.403390e-05 --- 9.687256e-06 --- 7.886880e-06 --- 1.471155e-06
    6 --- 1.113255e-06 --- 7.96e-05 --- 9.649076e-06 --- 6.245323e-06 --- 4.751545e-06 --- 6.067186e-07
    7 --- 8.641646e-07 --- 7.30e-05 --- 8.101202e-06 --- 4.790728e-06 --- 3.239513e-06 --- 6.013902e-07
    8 --- 6.851626e-07 --- 6.58e-05 --- 1.083528e-05 --- 6.874306e-06 --- 4.752161e-06 --- 3.500607e-07
    9 --- 5.538400e-07 --- 5.82e-05 --- 9.626327e-06 --- 5.590005e-06 --- 3.315835e-06 --- 5.295767e-07
   10 --- 4.505378e-07 --- 5.05e-05 --- 1.077297e-05 --- 6.457839e-06 --- 3.911877e-06 --- 3.707134e-07
   11 --- 3.661038e-07 --- 4.28e-05 --- 1.167186e-05 --- 7.016105e-06 --- 4.156136e-06 --- 3.373897e-07
   12 --- 3.009311e-07 --- 3.52e-05 --- 1.080556e-05 --- 6.312308e-06 --- 3.540602e-06 --- 2.487525e-07
   13 --- 2.502589e-07 --- 2.80e-05 --- 1.016864e-05 --- 5.821898e-06 --- 3.151461e-06 --- 1.583959e-07
   14 --- 2.135185e-07 --- 2.14e-05 --- 1.203636e-05 --- 7.254805e-06 --- 4.249520e-06 --- 3.123762e-07
   15 --- 1.876267e-07 --- 1.55e-05 --- 9.613734e-06 --- 5.418575e-06 --- 2.908430e-06 --- 1.431366e-07
   16 --- 1.687503e-07 --- 1.05e-05 --- 1.056894e-05 --- 6.086870e-06 --- 3.455698e-06 --- 1.106851e-07
   17 --- 1.568660e-07 --- 6.40e-06 --- 1.073765e-05 --- 6.187474e-06 --- 3.651510e-06 --- 1.094515e-07
   18 --- 1.489744e-07 --- 3.42e-06 --- 1.038841e-05 --- 6.000256e-06 --- 3.712021e-06 --- 9.980003e-08
   19 --- 1.446885e-07 --- 1.61e-06 --- 1.038251e-05 --- 6.000624e-06 --- 3.810274e-06 --- 9.806974e-08
Total training time: 15506.15s
Inference (per point): 1.4337e-04s | (full domain): 2.9846e-03s
  p=  5:  MSE=8.977512e-03
  p=105:  MSE=2.009228e-05
  p=205:  MSE=5.743790e-06
  p=305:  MSE=2.689335e-06
  p=405:  MSE=1.101698e-06
  Saved MSE curves → outputs/expr_6_4_2/sphere/exact_inf/npy/mse.npz  (deeponet, fem, pred_train)

All experiments completed!
