
============================================================
Dist-to-Boundary  —  Ellipse 3 (a=½, b=1)  (2-D)
============================================================
Device: cuda
  Loaded p=5: 2277376 points, mse: 8.732839e-03
  Loaded p=10: 2277376 points, mse: 2.126375e-03
  Loaded p=15: 2277376 points, mse: 9.371430e-04
  Loaded p=20: 2277376 points, mse: 5.254909e-04
  Loaded p=25: 2277376 points, mse: 3.360214e-04
  Loaded p=30: 2277376 points, mse: 2.334157e-04
  Loaded p=35: 2277376 points, mse: 1.716531e-04
  Loaded p=40: 2277376 points, mse: 1.316030e-04
  Loaded p=45: 2277376 points, mse: 1.041557e-04
  Loaded p=50: 2277376 points, mse: 8.452380e-05
  Loaded p=55: 2277376 points, mse: 6.999555e-05
  Loaded p=60: 2277376 points, mse: 5.894143e-05
  Loaded p=65: 2277376 points, mse: 5.033429e-05
  Loaded p=70: 2277376 points, mse: 4.350045e-05
  Loaded p=75: 2277376 points, mse: 3.798336e-05
  Loaded p=80: 2277376 points, mse: 3.346449e-05
  Loaded p=85: 2277376 points, mse: 2.971623e-05
  Loaded p=90: 2277376 points, mse: 2.657237e-05
  Loaded p=95: 2277376 points, mse: 2.390924e-05
  Loaded p=100: 2277376 points, mse: 2.163336e-05
  Loaded p=105: 2277376 points, mse: 1.967286e-05
  Loaded p=110: 2277376 points, mse: 1.797186e-05
  Loaded p=115: 2277376 points, mse: 1.648636e-05
  Loaded p=120: 2277376 points, mse: 1.518127e-05
  Loaded p=125: 2277376 points, mse: 1.402842e-05
  Loaded p=130: 2277376 points, mse: 1.300491e-05
  Loaded p=135: 2277376 points, mse: 1.209202e-05
  Loaded p=140: 2277376 points, mse: 1.127429e-05
  Loaded p=145: 2277376 points, mse: 1.053887e-05
  Loaded p=150: 2277376 points, mse: 9.875017e-06
  Loaded p=155: 2277376 points, mse: 9.273698e-06
  Loaded p=160: 2277376 points, mse: 8.727255e-06
  Loaded p=165: 2277376 points, mse: 8.229167e-06
  Loaded p=170: 2277376 points, mse: 7.773860e-06
  Loaded p=175: 2277376 points, mse: 7.356547e-06
  Loaded p=180: 2277376 points, mse: 6.973084e-06
  Loaded p=185: 2277376 points, mse: 6.619885e-06
  Loaded p=190: 2277376 points, mse: 6.293833e-06
  Loaded p=195: 2277376 points, mse: 5.992187e-06
  Loaded p=200: 2277376 points, mse: 5.711370e-06
  PINNs architecture: input=2 hidden=[128, 128, 128, 128] output=1
  Cached PINNs prediction → outputs/expr_7_3_2/ellipse3/pinns_inf/npy/pinns_inf_boundary_ellipse3.npy
  Added p=∞ point: 2277376 pts, mse: 1.017814e-05
Training data: X=(93372416, 3)  Y=(93372416, 1)
Model: trunk=[2, 512, 512, 512, 128]  branch=[1, 128, 128, 128, 128]  params=642,433
Scheduler: CosineAnnealingLR  T_max=20  eta_min=1e-06
Epoch --- Train Loss --- LR --- p150 --- p200 --- p250 --- p500
    0 --- 4.433135e-04 --- 1.00e-04 --- 1.010309e-05 --- 8.646071e-06 --- 8.648984e-06 --- 1.711714e-05
    1 --- 3.659552e-06 --- 9.94e-05 --- 1.190460e-05 --- 8.644986e-06 --- 6.733394e-06 --- 8.716648e-06
    2 --- 1.944082e-06 --- 9.76e-05 --- 5.526877e-06 --- 3.604132e-06 --- 2.840523e-06 --- 1.563453e-05
    3 --- 1.206430e-06 --- 9.46e-05 --- 8.953389e-06 --- 5.859134e-06 --- 3.840852e-06 --- 9.309982e-06
    4 --- 7.998162e-07 --- 9.05e-05 --- 6.183187e-06 --- 3.811549e-06 --- 2.388034e-06 --- 1.149142e-05
    5 --- 5.962518e-07 --- 8.55e-05 --- 9.235669e-06 --- 6.100000e-06 --- 3.986979e-06 --- 9.000613e-06
    6 --- 4.600406e-07 --- 7.96e-05 --- 7.578233e-06 --- 4.601241e-06 --- 2.687201e-06 --- 1.039468e-05
    7 --- 3.528802e-07 --- 7.30e-05 --- 7.380473e-06 --- 4.464270e-06 --- 2.618851e-06 --- 9.909622e-06
    8 --- 2.948813e-07 --- 6.58e-05 --- 6.720526e-06 --- 4.030365e-06 --- 2.327049e-06 --- 1.065499e-05
    9 --- 2.504710e-07 --- 5.82e-05 --- 8.165070e-06 --- 5.026239e-06 --- 2.935148e-06 --- 9.127375e-06
   10 --- 2.141617e-07 --- 5.05e-05 --- 8.751051e-06 --- 5.514698e-06 --- 3.275886e-06 --- 9.506707e-06
   11 --- 1.856368e-07 --- 4.28e-05 --- 6.764788e-06 --- 3.989221e-06 --- 2.202236e-06 --- 9.382396e-06
   12 --- 1.638969e-07 --- 3.52e-05 --- 7.161859e-06 --- 4.201437e-06 --- 2.307204e-06 --- 1.079373e-05
   13 --- 1.481979e-07 --- 2.80e-05 --- 7.735401e-06 --- 4.695458e-06 --- 2.713329e-06 --- 9.844006e-06
   14 --- 1.359972e-07 --- 2.14e-05 --- 6.755002e-06 --- 3.952753e-06 --- 2.211354e-06 --- 1.108668e-05
   15 --- 1.265659e-07 --- 1.55e-05 --- 7.652089e-06 --- 4.639899e-06 --- 2.695637e-06 --- 9.631754e-06
   16 --- 1.191152e-07 --- 1.05e-05 --- 7.204746e-06 --- 4.228583e-06 --- 2.403803e-06 --- 1.100569e-05
   17 --- 1.140778e-07 --- 6.40e-06 --- 7.324560e-06 --- 4.377565e-06 --- 2.594084e-06 --- 1.071336e-05
   18 --- 1.107075e-07 --- 3.42e-06 --- 7.221461e-06 --- 4.295131e-06 --- 2.613687e-06 --- 1.066236e-05
   19 --- 1.086208e-07 --- 1.61e-06 --- 7.190326e-06 --- 4.348226e-06 --- 2.795187e-06 --- 9.775417e-06
Total training time: 22183.44s
Inference (per point): 1.3853e-04s | (full domain): 1.4164e-04s
  p=  5:  MSE=5.531717e-03
  p=105:  MSE=1.349165e-05
  p=205:  MSE=4.154337e-06
  p=305:  MSE=1.732531e-06
  p=405:  MSE=2.338628e-06
  Saved MSE curves → outputs/expr_7_3_2/ellipse3/pinns_inf/npy/mse.npz  (deeponet, fem, pred_train)

All experiments completed!
