
============================================================
Eikonal Equation |∇u|² = 1 (2D)
Case: boundary | Domain: ellipse2
============================================================

  Interior: 998,852  |  Test: 1,588
  Boundary points: 10,000
  Re-sampling enabled: ~998,852 interior points per epoch

  Splitting: 80% train, 20% val
  BC: 8,000 train, 2,000 val
  Interior: 799,081 train, 199,771 val

Model: EikonalPINN (input_dim=2)
  Hidden layers: [128, 128, 128, 128], activation: tanh
  Residual clipping: [-10.0, 10.0]
  Outlier removal: top 2.0%
  Positivity weight: 100.0
  Parameters: 50,049

Training configuration:
  Boundary points (train): 8,000 -> 20 batches of 400
  Interior points (train): 998,852 -> 999 batches of 1000
  Interior sampling: RE-SAMPLE each epoch
  Boundary points (val): 2,000
  Validation loss: BC only
  Steps per epoch: 999
  Total steps: 99,900
  Epochs: 100
  Loss balancing: AlphaPlateauScheduler
  LR scheduler: cosine (LR: 1.0e-03 -> 1.0e-05)

/usr/local/lib/python3.12/dist-packages/torch/autograd/graph.py:824: UserWarning: Attempting to run cuBLAS, but there was no current CUDA context! Attempting to set the primary context... (Triggered internally at /opt/pytorch/pytorch/aten/src/ATen/cuda/CublasHandlePool.cpp:181.)
  return Variable._execution_engine.run_backward(  # Calls into the C++ engine to run the backward pass
Epoch   1/100 | Steps:    999 | α=1e-01 | Loss: 5.0393e-02 | BC: 1.7253e-02 | PDE: 3.3140e-01 | Val: 2.0423e-03 | Test: 8.0145e-04 | LR=1.0e-03 *
Epoch   2/100 | Steps:   1998 | α=1e-01 | Loss: 1.0486e-02 | BC: 1.6664e-03 | PDE: 8.8192e-02 | Val: 6.0058e-04 | Test: 4.7413e-04 | LR=1.0e-03 *
Epoch   3/100 | Steps:   2997 | α=1e-01 | Loss: 3.1063e-03 | BC: 8.6873e-04 | PDE: 2.2376e-02 | Val: 5.0432e-04 | Test: 3.6548e-04 | LR=1.0e-03 *
Epoch   4/100 | Steps:   3996 | α=1e-01 | Loss: 2.6703e-03 | BC: 8.7882e-04 | PDE: 1.7914e-02 | Val: 5.2655e-04 | Test: 3.3341e-04 | LR=1.0e-03
Epoch   5/100 | Steps:   4995 | α=1e-01 | Loss: 2.0759e-03 | BC: 7.5203e-04 | PDE: 1.3239e-02 | Val: 1.2922e-03 | Test: 7.3164e-04 | LR=1.0e-03
Epoch   6/100 | Steps:   5994 | α=1e-01 | Loss: 1.5864e-03 | BC: 6.6651e-04 | PDE: 9.1990e-03 | Val: 2.6709e-04 | Test: 1.2411e-04 | LR=9.9e-04 *
Epoch   7/100 | Steps:   6993 | α=1e-01 | Loss: 6.3590e-04 | BC: 2.5226e-04 | PDE: 3.8364e-03 | Val: 1.6858e-04 | Test: 6.9123e-05 | LR=9.9e-04 *
Epoch   8/100 | Steps:   7992 | α=1e-01 | Loss: 8.5638e-04 | BC: 3.7311e-04 | PDE: 4.8328e-03 | Val: 7.3875e-05 | Test: 2.5379e-05 | LR=9.9e-04 *
Epoch   9/100 | Steps:   8991 | α=1e-01 | Loss: 5.7489e-04 | BC: 2.5823e-04 | PDE: 3.1666e-03 | Val: 6.5187e-05 | Test: 2.0261e-05 | LR=9.8e-04 *
Epoch  10/100 | Steps:   9990 | α=1e-01 | Loss: 9.2050e-04 | BC: 4.0647e-04 | PDE: 5.1403e-03 | Val: 1.0781e-04 | Test: 5.4510e-05 | LR=9.8e-04
Epoch  11/100 | Steps:  10989 | α=1e-01 | Loss: 8.0175e-04 | BC: 3.8584e-04 | PDE: 4.1591e-03 | Val: 5.4486e-05 | Test: 1.7482e-05 | LR=9.8e-04 *
Epoch  12/100 | Steps:  11988 | α=1e-01 | Loss: 3.1402e-04 | BC: 1.4169e-04 | PDE: 1.7233e-03 | Val: 5.3070e-05 | Test: 2.2637e-05 | LR=9.7e-04 *
Epoch  13/100 | Steps:  12987 | α=1e-01 | Loss: 7.2287e-04 | BC: 3.1676e-04 | PDE: 4.0611e-03 | Val: 4.3917e-05 | Test: 1.5596e-05 | LR=9.7e-04 *
Epoch  14/100 | Steps:  13986 | α=1e-01 | Loss: 4.9274e-04 | BC: 2.4571e-04 | PDE: 2.4703e-03 | Val: 6.2199e-05 | Test: 4.0201e-05 | LR=9.6e-04
Epoch  15/100 | Steps:  14985 | α=1e-01 | Loss: 3.4678e-04 | BC: 1.5953e-04 | PDE: 1.8725e-03 | Val: 4.9522e-05 | Test: 2.6049e-05 | LR=9.5e-04
Epoch  16/100 | Steps:  15984 | α=1e-01 | Loss: 1.0223e-03 | BC: 3.8356e-04 | PDE: 6.3878e-03 | Val: 3.7390e-05 | Test: 1.3277e-05 | LR=9.5e-04 *

>>> Alpha increased: 1e-01 → 1e+00 (BC=3.0634e-04) <<<
Epoch  17/100 | Steps:  16983 | α=1e+00 | Loss: 6.3464e-04 | BC: 3.0634e-04 | PDE: 3.2829e-03 | Val: 1.1419e-04 | Test: 4.2654e-05 | LR=9.4e-04 *
Epoch  18/100 | Steps:  17982 | α=1e+00 | Loss: 4.7155e-03 | BC: 1.4330e-03 | PDE: 3.2825e-03 | Val: 4.2780e-04 | Test: 2.2692e-04 | LR=9.3e-04
Epoch  19/100 | Steps:  18981 | α=1e+00 | Loss: 1.3207e-03 | BC: 5.7839e-04 | PDE: 7.4234e-04 | Val: 4.6546e-04 | Test: 4.9865e-04 | LR=9.2e-04
Epoch  20/100 | Steps:  19980 | α=1e+00 | Loss: 1.1309e-03 | BC: 5.0358e-04 | PDE: 6.2737e-04 | Val: 1.4079e-03 | Test: 6.7445e-04 | LR=9.1e-04
Epoch  21/100 | Steps:  20979 | α=1e+00 | Loss: 1.1016e-03 | BC: 4.9911e-04 | PDE: 6.0248e-04 | Val: 3.3577e-04 | Test: 1.8155e-04 | LR=9.1e-04
Epoch  22/100 | Steps:  21978 | α=1e+00 | Loss: 1.2912e-03 | BC: 6.2011e-04 | PDE: 6.7112e-04 | Val: 4.2957e-04 | Test: 1.8024e-04 | LR=9.0e-04
Epoch  23/100 | Steps:  22977 | α=1e+00 | Loss: 1.4252e-03 | BC: 6.6998e-04 | PDE: 7.5524e-04 | Val: 2.6594e-04 | Test: 1.9920e-04 | LR=8.9e-04
Epoch  24/100 | Steps:  23976 | α=1e+00 | Loss: 1.1941e-03 | BC: 5.1792e-04 | PDE: 6.7619e-04 | Val: 7.7273e-04 | Test: 2.3342e-04 | LR=8.8e-04
Epoch  25/100 | Steps:  24975 | α=1e+00 | Loss: 8.7144e-04 | BC: 3.9267e-04 | PDE: 4.7876e-04 | Val: 1.0419e-03 | Test: 7.7630e-04 | LR=8.7e-04
Epoch  26/100 | Steps:  25974 | α=1e+00 | Loss: 8.8830e-04 | BC: 4.4279e-04 | PDE: 4.4552e-04 | Val: 1.1427e-03 | Test: 5.4698e-04 | LR=8.6e-04
Epoch  27/100 | Steps:  26973 | α=1e+00 | Loss: 8.0010e-04 | BC: 3.8199e-04 | PDE: 4.1811e-04 | Val: 1.3164e-04 | Test: 7.8004e-05 | LR=8.4e-04
Epoch  28/100 | Steps:  27972 | α=1e+00 | Loss: 1.2553e-03 | BC: 6.4638e-04 | PDE: 6.0894e-04 | Val: 7.9987e-05 | Test: 3.1332e-05 | LR=8.3e-04 *
Epoch  29/100 | Steps:  28971 | α=1e+00 | Loss: 5.5839e-04 | BC: 2.8148e-04 | PDE: 2.7691e-04 | Val: 6.1312e-05 | Test: 1.5620e-05 | LR=8.2e-04 *
Epoch  30/100 | Steps:  29970 | α=1e+00 | Loss: 1.0015e-03 | BC: 5.3221e-04 | PDE: 4.6926e-04 | Val: 2.3529e-04 | Test: 1.1518e-04 | LR=8.1e-04
Epoch  31/100 | Steps:  30969 | α=1e+00 | Loss: 4.3483e-04 | BC: 2.1471e-04 | PDE: 2.2012e-04 | Val: 1.3552e-04 | Test: 5.5604e-05 | LR=8.0e-04
Epoch  32/100 | Steps:  31968 | α=1e+00 | Loss: 9.8422e-04 | BC: 5.1280e-04 | PDE: 4.7142e-04 | Val: 7.1384e-05 | Test: 4.0881e-05 | LR=7.8e-04
Epoch  33/100 | Steps:  32967 | α=1e+00 | Loss: 8.0152e-04 | BC: 3.9130e-04 | PDE: 4.1022e-04 | Val: 8.6255e-05 | Test: 2.1795e-05 | LR=7.7e-04
Epoch  34/100 | Steps:  33966 | α=1e+00 | Loss: 4.2599e-04 | BC: 2.0777e-04 | PDE: 2.1822e-04 | Val: 6.5408e-04 | Test: 6.6266e-04 | LR=7.6e-04
Epoch  35/100 | Steps:  34965 | α=1e+00 | Loss: 8.8345e-04 | BC: 4.4270e-04 | PDE: 4.4075e-04 | Val: 9.0802e-05 | Test: 2.7923e-05 | LR=7.4e-04
Epoch  36/100 | Steps:  35964 | α=1e+00 | Loss: 5.2281e-04 | BC: 2.3794e-04 | PDE: 2.8487e-04 | Val: 2.3059e-04 | Test: 1.1857e-04 | LR=7.3e-04
Epoch  37/100 | Steps:  36963 | α=1e+00 | Loss: 4.1578e-04 | BC: 1.9893e-04 | PDE: 2.1685e-04 | Val: 4.3991e-04 | Test: 3.5367e-04 | LR=7.2e-04
Epoch  38/100 | Steps:  37962 | α=1e+00 | Loss: 1.0203e-03 | BC: 5.5173e-04 | PDE: 4.6853e-04 | Val: 5.1812e-05 | Test: 1.3286e-05 | LR=7.0e-04 *
Epoch  39/100 | Steps:  38961 | α=1e+00 | Loss: 9.6839e-04 | BC: 4.3481e-04 | PDE: 5.3358e-04 | Val: 1.6011e-03 | Test: 9.5589e-04 | LR=6.9e-04
Epoch  40/100 | Steps:  39960 | α=1e+00 | Loss: 7.4162e-04 | BC: 3.8279e-04 | PDE: 3.5883e-04 | Val: 6.1990e-05 | Test: 1.9641e-05 | LR=6.7e-04
Epoch  41/100 | Steps:  40959 | α=1e+00 | Loss: 2.6743e-04 | BC: 1.3866e-04 | PDE: 1.2877e-04 | Val: 7.7416e-05 | Test: 2.3076e-05 | LR=6.6e-04
Epoch  42/100 | Steps:  41958 | α=1e+00 | Loss: 4.2617e-04 | BC: 2.2801e-04 | PDE: 1.9816e-04 | Val: 2.2907e-04 | Test: 6.3628e-05 | LR=6.4e-04
Epoch  43/100 | Steps:  42957 | α=1e+00 | Loss: 6.4822e-04 | BC: 3.1542e-04 | PDE: 3.3280e-04 | Val: 2.6565e-04 | Test: 1.0515e-04 | LR=6.3e-04
Epoch  44/100 | Steps:  43956 | α=1e+00 | Loss: 7.4461e-04 | BC: 3.4201e-04 | PDE: 4.0260e-04 | Val: 9.0342e-05 | Test: 2.9007e-05 | LR=6.1e-04
Epoch  45/100 | Steps:  44955 | α=1e+00 | Loss: 2.2885e-04 | BC: 1.2168e-04 | PDE: 1.0717e-04 | Val: 6.3486e-05 | Test: 2.6101e-05 | LR=6.0e-04
Epoch  46/100 | Steps:  45954 | α=1e+00 | Loss: 4.4722e-04 | BC: 2.2469e-04 | PDE: 2.2253e-04 | Val: 8.9606e-05 | Test: 3.8876e-05 | LR=5.8e-04
Epoch  47/100 | Steps:  46953 | α=1e+00 | Loss: 1.6578e-03 | BC: 9.0483e-04 | PDE: 7.5296e-04 | Val: 3.7605e-04 | Test: 1.9387e-04 | LR=5.7e-04
Epoch  48/100 | Steps:  47952 | α=1e+00 | Loss: 2.4951e-04 | BC: 1.2172e-04 | PDE: 1.2779e-04 | Val: 7.9658e-05 | Test: 2.9922e-05 | LR=5.5e-04
Epoch  49/100 | Steps:  48951 | α=1e+00 | Loss: 2.7044e-04 | BC: 1.3695e-04 | PDE: 1.3349e-04 | Val: 8.4635e-05 | Test: 4.5200e-05 | LR=5.4e-04
Epoch  50/100 | Steps:  49950 | α=1e+00 | Loss: 3.9630e-04 | BC: 1.9968e-04 | PDE: 1.9661e-04 | Val: 3.8472e-04 | Test: 1.9018e-04 | LR=5.2e-04
Epoch  51/100 | Steps:  50949 | α=1e+00 | Loss: 2.9795e-04 | BC: 1.5658e-04 | PDE: 1.4138e-04 | Val: 1.2175e-04 | Test: 5.5798e-05 | LR=5.1e-04
Epoch  52/100 | Steps:  51948 | α=1e+00 | Loss: 2.5554e-04 | BC: 1.3146e-04 | PDE: 1.2408e-04 | Val: 9.6146e-05 | Test: 3.7049e-05 | LR=4.9e-04
Epoch  53/100 | Steps:  52947 | α=1e+00 | Loss: 3.0296e-04 | BC: 1.6250e-04 | PDE: 1.4045e-04 | Val: 1.2662e-04 | Test: 6.0579e-05 | LR=4.7e-04
Epoch  54/100 | Steps:  53946 | α=1e+00 | Loss: 7.8123e-04 | BC: 3.9092e-04 | PDE: 3.9030e-04 | Val: 2.1997e-04 | Test: 1.7868e-04 | LR=4.6e-04
Epoch  55/100 | Steps:  54945 | α=1e+00 | Loss: 1.8359e-04 | BC: 1.0068e-04 | PDE: 8.2918e-05 | Val: 7.0768e-05 | Test: 3.3736e-05 | LR=4.4e-04
Epoch  56/100 | Steps:  55944 | α=1e+00 | Loss: 2.2567e-04 | BC: 1.1567e-04 | PDE: 1.1000e-04 | Val: 1.0436e-04 | Test: 2.7530e-05 | LR=4.3e-04
Epoch  57/100 | Steps:  56943 | α=1e+00 | Loss: 3.6852e-04 | BC: 1.9739e-04 | PDE: 1.7114e-04 | Val: 6.2328e-05 | Test: 2.0589e-05 | LR=4.1e-04
Epoch  58/100 | Steps:  57942 | α=1e+00 | Loss: 2.5025e-04 | BC: 1.2668e-04 | PDE: 1.2357e-04 | Val: 1.1900e-04 | Test: 4.8314e-05 | LR=4.0e-04
Epoch  59/100 | Steps:  58941 | α=1e+00 | Loss: 4.7490e-04 | BC: 2.6067e-04 | PDE: 2.1422e-04 | Val: 6.0176e-05 | Test: 1.6235e-05 | LR=3.8e-04
Epoch  60/100 | Steps:  59940 | α=1e+00 | Loss: 1.6078e-04 | BC: 8.7461e-05 | PDE: 7.3319e-05 | Val: 5.0386e-05 | Test: 1.4295e-05 | LR=3.7e-04 *
Epoch  61/100 | Steps:  60939 | α=1e+00 | Loss: 1.4868e-04 | BC: 7.9185e-05 | PDE: 6.9494e-05 | Val: 2.8044e-04 | Test: 1.4651e-04 | LR=3.5e-04
Epoch  62/100 | Steps:  61938 | α=1e+00 | Loss: 2.0289e-04 | BC: 1.0512e-04 | PDE: 9.7779e-05 | Val: 9.1354e-05 | Test: 4.0084e-05 | LR=3.4e-04
Epoch  63/100 | Steps:  62937 | α=1e+00 | Loss: 1.5403e-04 | BC: 8.8337e-05 | PDE: 6.5698e-05 | Val: 9.6247e-05 | Test: 3.6652e-05 | LR=3.2e-04
Epoch  64/100 | Steps:  63936 | α=1e+00 | Loss: 1.4561e-04 | BC: 7.7207e-05 | PDE: 6.8406e-05 | Val: 5.3632e-05 | Test: 2.0158e-05 | LR=3.1e-04
Epoch  65/100 | Steps:  64935 | α=1e+00 | Loss: 2.3554e-04 | BC: 1.1940e-04 | PDE: 1.1614e-04 | Val: 6.7623e-05 | Test: 1.8925e-05 | LR=2.9e-04
Epoch  66/100 | Steps:  65934 | α=1e+00 | Loss: 1.1553e-04 | BC: 6.1748e-05 | PDE: 5.3785e-05 | Val: 5.1231e-05 | Test: 1.9584e-05 | LR=2.8e-04
Epoch  67/100 | Steps:  66933 | α=1e+00 | Loss: 1.5328e-04 | BC: 8.1876e-05 | PDE: 7.1407e-05 | Val: 2.7948e-04 | Test: 1.6835e-04 | LR=2.7e-04
Epoch  68/100 | Steps:  67932 | α=1e+00 | Loss: 1.4522e-04 | BC: 8.2037e-05 | PDE: 6.3186e-05 | Val: 7.7027e-05 | Test: 2.9091e-05 | LR=2.5e-04
Epoch  69/100 | Steps:  68931 | α=1e+00 | Loss: 1.4929e-04 | BC: 8.3620e-05 | PDE: 6.5674e-05 | Val: 3.7269e-05 | Test: 9.0074e-06 | LR=2.4e-04 *
Epoch  70/100 | Steps:  69930 | α=1e+00 | Loss: 1.0736e-04 | BC: 5.7926e-05 | PDE: 4.9435e-05 | Val: 5.2521e-05 | Test: 2.1278e-05 | LR=2.3e-04
Epoch  71/100 | Steps:  70929 | α=1e+00 | Loss: 1.1410e-04 | BC: 6.2729e-05 | PDE: 5.1373e-05 | Val: 6.5004e-05 | Test: 2.0439e-05 | LR=2.1e-04
Epoch  72/100 | Steps:  71928 | α=1e+00 | Loss: 1.1882e-04 | BC: 6.6381e-05 | PDE: 5.2441e-05 | Val: 8.7060e-05 | Test: 3.2846e-05 | LR=2.0e-04
Epoch  73/100 | Steps:  72927 | α=1e+00 | Loss: 1.1570e-04 | BC: 6.2299e-05 | PDE: 5.3403e-05 | Val: 5.9009e-05 | Test: 2.1271e-05 | LR=1.9e-04
Epoch  74/100 | Steps:  73926 | α=1e+00 | Loss: 1.0914e-04 | BC: 6.0456e-05 | PDE: 4.8686e-05 | Val: 7.7009e-05 | Test: 3.6749e-05 | LR=1.8e-04
Epoch  75/100 | Steps:  74925 | α=1e+00 | Loss: 1.2485e-04 | BC: 7.1365e-05 | PDE: 5.3489e-05 | Val: 4.7777e-05 | Test: 1.6578e-05 | LR=1.7e-04
Epoch  76/100 | Steps:  75924 | α=1e+00 | Loss: 7.8191e-05 | BC: 4.4398e-05 | PDE: 3.3792e-05 | Val: 6.9896e-05 | Test: 4.1660e-05 | LR=1.5e-04
Epoch  77/100 | Steps:  76923 | α=1e+00 | Loss: 8.9898e-05 | BC: 5.0193e-05 | PDE: 3.9704e-05 | Val: 8.9308e-05 | Test: 6.0973e-05 | LR=1.4e-04
Epoch  78/100 | Steps:  77922 | α=1e+00 | Loss: 9.0264e-05 | BC: 4.8851e-05 | PDE: 4.1413e-05 | Val: 3.8727e-05 | Test: 1.0471e-05 | LR=1.3e-04
Epoch  79/100 | Steps:  78921 | α=1e+00 | Loss: 8.0645e-05 | BC: 4.4825e-05 | PDE: 3.5820e-05 | Val: 3.6014e-05 | Test: 1.5237e-05 | LR=1.2e-04 *
Epoch  80/100 | Steps:  79920 | α=1e+00 | Loss: 9.0125e-05 | BC: 4.9972e-05 | PDE: 4.0153e-05 | Val: 6.5672e-05 | Test: 4.6860e-05 | LR=1.1e-04
Epoch  81/100 | Steps:  80919 | α=1e+00 | Loss: 7.2035e-05 | BC: 4.0370e-05 | PDE: 3.1664e-05 | Val: 3.7479e-05 | Test: 1.0264e-05 | LR=1.0e-04
Epoch  82/100 | Steps:  81918 | α=1e+00 | Loss: 7.3253e-05 | BC: 4.1097e-05 | PDE: 3.2157e-05 | Val: 6.7341e-05 | Test: 4.0975e-05 | LR=9.6e-05
Epoch  83/100 | Steps:  82917 | α=1e+00 | Loss: 7.1153e-05 | BC: 3.9108e-05 | PDE: 3.2044e-05 | Val: 4.2927e-05 | Test: 1.6815e-05 | LR=8.7e-05
Epoch  84/100 | Steps:  83916 | α=1e+00 | Loss: 6.4014e-05 | BC: 3.6026e-05 | PDE: 2.7988e-05 | Val: 3.0397e-05 | Test: 1.0586e-05 | LR=7.9e-05 *
Epoch  85/100 | Steps:  84915 | α=1e+00 | Loss: 5.7585e-05 | BC: 3.2273e-05 | PDE: 2.5313e-05 | Val: 4.6239e-05 | Test: 2.4426e-05 | LR=7.1e-05
Epoch  86/100 | Steps:  85914 | α=1e+00 | Loss: 6.2622e-05 | BC: 3.5437e-05 | PDE: 2.7185e-05 | Val: 3.6751e-05 | Test: 1.4538e-05 | LR=6.4e-05
Epoch  87/100 | Steps:  86913 | α=1e+00 | Loss: 5.7276e-05 | BC: 3.2255e-05 | PDE: 2.5022e-05 | Val: 4.7414e-05 | Test: 2.2632e-05 | LR=5.7e-05
Epoch  88/100 | Steps:  87912 | α=1e+00 | Loss: 5.3785e-05 | BC: 3.0492e-05 | PDE: 2.3293e-05 | Val: 3.3280e-05 | Test: 1.0913e-05 | LR=5.1e-05
Epoch  89/100 | Steps:  88911 | α=1e+00 | Loss: 5.1508e-05 | BC: 2.9319e-05 | PDE: 2.2189e-05 | Val: 2.6937e-05 | Test: 8.1966e-06 | LR=4.5e-05 *
Epoch  90/100 | Steps:  89910 | α=1e+00 | Loss: 4.9776e-05 | BC: 2.8332e-05 | PDE: 2.1444e-05 | Val: 2.7081e-05 | Test: 8.5324e-06 | LR=3.9e-05
Epoch  91/100 | Steps:  90909 | α=1e+00 | Loss: 4.6315e-05 | BC: 2.6583e-05 | PDE: 1.9732e-05 | Val: 2.4745e-05 | Test: 7.1171e-06 | LR=3.4e-05 *
Epoch  92/100 | Steps:  91908 | α=1e+00 | Loss: 4.6889e-05 | BC: 2.6897e-05 | PDE: 1.9992e-05 | Val: 3.3175e-05 | Test: 1.2945e-05 | LR=3.0e-05
Epoch  93/100 | Steps:  92907 | α=1e+00 | Loss: 5.1134e-05 | BC: 2.9308e-05 | PDE: 2.1826e-05 | Val: 2.9897e-05 | Test: 8.6180e-06 | LR=2.6e-05
Epoch  94/100 | Steps:  93906 | α=1e+00 | Loss: 4.4766e-05 | BC: 2.5590e-05 | PDE: 1.9176e-05 | Val: 2.4853e-05 | Test: 6.5097e-06 | LR=2.2e-05
Epoch  95/100 | Steps:  94905 | α=1e+00 | Loss: 4.1896e-05 | BC: 2.4302e-05 | PDE: 1.7594e-05 | Val: 2.3744e-05 | Test: 6.8978e-06 | LR=1.9e-05 *
Epoch  96/100 | Steps:  95904 | α=1e+00 | Loss: 4.1711e-05 | BC: 2.3971e-05 | PDE: 1.7740e-05 | Val: 2.7335e-05 | Test: 9.1425e-06 | LR=1.6e-05
Epoch  97/100 | Steps:  96903 | α=1e+00 | Loss: 4.1273e-05 | BC: 2.3749e-05 | PDE: 1.7524e-05 | Val: 2.4910e-05 | Test: 7.5528e-06 | LR=1.4e-05
Epoch  98/100 | Steps:  97902 | α=1e+00 | Loss: 4.0289e-05 | BC: 2.3519e-05 | PDE: 1.6770e-05 | Val: 2.3818e-05 | Test: 6.8280e-06 | LR=1.2e-05
Epoch  99/100 | Steps:  98901 | α=1e+00 | Loss: 3.9873e-05 | BC: 2.3368e-05 | PDE: 1.6505e-05 | Val: 2.4063e-05 | Test: 7.1946e-06 | LR=1.1e-05
Epoch 100/100 | Steps:  99900 | α=1e+00 | Loss: 3.9495e-05 | BC: 2.3061e-05 | PDE: 1.6434e-05 | Val: 2.1101e-05 | Test: 5.8380e-06 | LR=1.0e-05 *

Restored best model from epoch 100 (val_loss: 2.1101e-05, test_loss: 5.8380e-06)
Best checkpoint saved to: outputs/expr_7_3/eikonal_ellipse2/checkpoints/best_model.pt
Final checkpoint saved to: outputs/expr_7_3/eikonal_ellipse2/checkpoints/final_model.pt
Training completed in 657.28s (99,900 total steps)

Final Test MSE: 5.8380e-06
Inference (per point): 7.7276e-05s | (full domain): 7.8127e-05s
Saved .npz files to outputs/expr_7_3/eikonal_ellipse2/npy/
Saved plot to outputs/expr_7_3/eikonal_ellipse2/plots/results.png
