
============================================================
Running Example: absolute
============================================================

Generated full domain data:
  Boundary points: 40,000
  Interior points: 1,000,000
  Test points: 10,000
Re-sampling enabled: ~1,000,000 interior points per epoch

Splitting data: 80% train, 20% validation
  BC: 32,000 train, 8,000 val
  Interior: 800,000 train, 200,000 val

Model: InfinityLaplacianPINN
  Hidden layers: [32, 32, 32, 32]
  Activation: tanh
  η: 1e-05 (normalized)
  Residual clipping: [-10.0, 10.0]
  Outlier removal: top 2.0%
  Parameters: 3,297

Training configuration:
  Boundary points (train): 32,000 -> 80 batches of 400
  Interior points (train): 1,000,000 -> 1000 batches of 1000
  Interior sampling: RE-SAMPLE each epoch
  Boundary points (val): 8,000
  Validation loss: BC only
  Steps per epoch: 1,000
  Total steps: 100,000
  Epochs: 100
  Loss balancing: AlphaPlateauScheduler
  LR scheduler: cosine (LR: 1.0e-03 -> 1.0e-05)

/usr/local/lib/python3.12/dist-packages/torch/autograd/graph.py:824: UserWarning: Attempting to run cuBLAS, but there was no current CUDA context! Attempting to set the primary context... (Triggered internally at /opt/pytorch/pytorch/aten/src/ATen/cuda/CublasHandlePool.cpp:181.)
  return Variable._execution_engine.run_backward(  # Calls into the C++ engine to run the backward pass
Epoch   1/100 | Steps:   1000 | α=1e-05 | Loss: 2.2263e-02 | BC: 2.2227e-02 | PDE: 3.6701e+00 | Val: 7.5477e-04 | Test: 8.0542e-03 | LR=1.0e-03 *
Epoch   2/100 | Steps:   2000 | α=1e-05 | Loss: 6.1909e-04 | BC: 5.8047e-04 | PDE: 3.8611e+00 | Val: 3.6247e-04 | Test: 9.7306e-03 | LR=1.0e-03 *
Epoch   3/100 | Steps:   3000 | α=1e-05 | Loss: 2.6027e-04 | BC: 2.1410e-04 | PDE: 4.6171e+00 | Val: 1.1866e-04 | Test: 8.6330e-03 | LR=1.0e-03 *
Epoch   4/100 | Steps:   4000 | α=1e-05 | Loss: 1.1704e-04 | BC: 7.2416e-05 | PDE: 4.4628e+00 | Val: 5.3388e-05 | Test: 5.8767e-03 | LR=1.0e-03 *
Epoch   5/100 | Steps:   5000 | α=1e-05 | Loss: 8.0111e-05 | BC: 5.1132e-05 | PDE: 2.8979e+00 | Val: 3.5380e-05 | Test: 3.8870e-03 | LR=1.0e-03 *
Epoch   6/100 | Steps:   6000 | α=1e-05 | Loss: 5.7797e-05 | BC: 3.8582e-05 | PDE: 1.9215e+00 | Val: 3.1067e-05 | Test: 2.6217e-03 | LR=9.9e-04 *
Epoch   7/100 | Steps:   7000 | α=1e-05 | Loss: 4.7110e-05 | BC: 3.3213e-05 | PDE: 1.3897e+00 | Val: 4.9147e-05 | Test: 1.7955e-03 | LR=9.9e-04
Epoch   8/100 | Steps:   8000 | α=1e-05 | Loss: 4.3122e-05 | BC: 3.2331e-05 | PDE: 1.0791e+00 | Val: 1.6619e-05 | Test: 1.4119e-03 | LR=9.9e-04 *
Epoch   9/100 | Steps:   9000 | α=1e-05 | Loss: 3.8172e-05 | BC: 2.9331e-05 | PDE: 8.8407e-01 | Val: 1.7604e-05 | Test: 1.2152e-03 | LR=9.8e-04
Epoch  10/100 | Steps:  10000 | α=1e-05 | Loss: 3.6262e-05 | BC: 2.8574e-05 | PDE: 7.6881e-01 | Val: 1.3377e-05 | Test: 1.1658e-03 | LR=9.8e-04 *
Epoch  11/100 | Steps:  11000 | α=1e-05 | Loss: 2.9455e-05 | BC: 2.2724e-05 | PDE: 6.7315e-01 | Val: 1.8705e-05 | Test: 1.1049e-03 | LR=9.8e-04
Epoch  12/100 | Steps:  12000 | α=1e-05 | Loss: 3.1170e-05 | BC: 2.5189e-05 | PDE: 5.9812e-01 | Val: 1.2968e-05 | Test: 9.1238e-04 | LR=9.7e-04 *
Epoch  13/100 | Steps:  13000 | α=1e-05 | Loss: 2.4978e-05 | BC: 1.9693e-05 | PDE: 5.2845e-01 | Val: 5.5205e-05 | Test: 7.9699e-04 | LR=9.7e-04
Epoch  14/100 | Steps:  14000 | α=1e-05 | Loss: 2.5791e-05 | BC: 2.1072e-05 | PDE: 4.7190e-01 | Val: 1.8614e-05 | Test: 7.2794e-04 | LR=9.6e-04
Epoch  15/100 | Steps:  15000 | α=1e-05 | Loss: 2.2471e-05 | BC: 1.8218e-05 | PDE: 4.2526e-01 | Val: 1.5174e-05 | Test: 6.7991e-04 | LR=9.5e-04
Epoch  16/100 | Steps:  16000 | α=1e-05 | Loss: 2.1329e-05 | BC: 1.7512e-05 | PDE: 3.8168e-01 | Val: 7.1284e-06 | Test: 5.8968e-04 | LR=9.5e-04 *
Epoch  17/100 | Steps:  17000 | α=1e-05 | Loss: 1.9068e-05 | BC: 1.5568e-05 | PDE: 3.5001e-01 | Val: 1.6446e-05 | Test: 5.3033e-04 | LR=9.4e-04
Epoch  18/100 | Steps:  18000 | α=1e-05 | Loss: 1.7779e-05 | BC: 1.4523e-05 | PDE: 3.2559e-01 | Val: 9.4235e-06 | Test: 5.5525e-04 | LR=9.3e-04
Epoch  19/100 | Steps:  19000 | α=1e-05 | Loss: 1.8329e-05 | BC: 1.5321e-05 | PDE: 3.0075e-01 | Val: 1.2670e-05 | Test: 5.2146e-04 | LR=9.2e-04
Epoch  20/100 | Steps:  20000 | α=1e-05 | Loss: 1.6438e-05 | BC: 1.3656e-05 | PDE: 2.7825e-01 | Val: 4.3752e-06 | Test: 5.6429e-04 | LR=9.1e-04 *
Epoch  21/100 | Steps:  21000 | α=1e-05 | Loss: 1.4502e-05 | BC: 1.1925e-05 | PDE: 2.5775e-01 | Val: 9.7104e-06 | Test: 5.7884e-04 | LR=9.1e-04
Epoch  22/100 | Steps:  22000 | α=1e-05 | Loss: 1.5547e-05 | BC: 1.3121e-05 | PDE: 2.4268e-01 | Val: 2.3772e-06 | Test: 5.7343e-04 | LR=9.0e-04 *
Epoch  23/100 | Steps:  23000 | α=1e-05 | Loss: 1.2046e-05 | BC: 9.7986e-06 | PDE: 2.2476e-01 | Val: 5.1538e-05 | Test: 5.8497e-04 | LR=8.9e-04
Epoch  24/100 | Steps:  24000 | α=1e-05 | Loss: 1.3089e-05 | BC: 1.0936e-05 | PDE: 2.1526e-01 | Val: 3.0027e-06 | Test: 5.9066e-04 | LR=8.8e-04
Epoch  25/100 | Steps:  25000 | α=1e-05 | Loss: 1.2715e-05 | BC: 1.0712e-05 | PDE: 2.0031e-01 | Val: 2.3732e-06 | Test: 5.7148e-04 | LR=8.7e-04 *
Epoch  26/100 | Steps:  26000 | α=1e-05 | Loss: 1.0860e-05 | BC: 8.9324e-06 | PDE: 1.9275e-01 | Val: 8.5897e-06 | Test: 6.1677e-04 | LR=8.6e-04
Epoch  27/100 | Steps:  27000 | α=1e-05 | Loss: 1.2470e-05 | BC: 1.0628e-05 | PDE: 1.8424e-01 | Val: 2.7025e-05 | Test: 6.2426e-04 | LR=8.4e-04

>>> Alpha increased: 1e-05 → 1e-04 (BC=8.9901e-06) <<<
Epoch  28/100 | Steps:  28000 | α=1e-04 | Loss: 1.0791e-05 | BC: 8.9901e-06 | PDE: 1.8006e-01 | Val: 3.3304e-06 | Test: 5.9602e-04 | LR=8.3e-04 *
Epoch  29/100 | Steps:  29000 | α=1e-04 | Loss: 2.3225e-05 | BC: 1.1536e-05 | PDE: 1.1689e-01 | Val: 1.1227e-05 | Test: 6.6280e-04 | LR=8.2e-04
Epoch  30/100 | Steps:  30000 | α=1e-04 | Loss: 1.9840e-05 | BC: 1.0852e-05 | PDE: 8.9883e-02 | Val: 1.0225e-05 | Test: 6.3319e-04 | LR=8.1e-04
Epoch  31/100 | Steps:  31000 | α=1e-04 | Loss: 1.8294e-05 | BC: 1.0318e-05 | PDE: 7.9761e-02 | Val: 2.7100e-05 | Test: 6.5493e-04 | LR=8.0e-04
Epoch  32/100 | Steps:  32000 | α=1e-04 | Loss: 1.7131e-05 | BC: 9.9310e-06 | PDE: 7.2000e-02 | Val: 2.3322e-05 | Test: 6.5156e-04 | LR=7.8e-04
Epoch  33/100 | Steps:  33000 | α=1e-04 | Loss: 1.6868e-05 | BC: 1.0145e-05 | PDE: 6.7239e-02 | Val: 2.9965e-06 | Test: 6.3669e-04 | LR=7.7e-04 *
Epoch  34/100 | Steps:  34000 | α=1e-04 | Loss: 1.5896e-05 | BC: 9.5775e-06 | PDE: 6.3186e-02 | Val: 4.5295e-06 | Test: 6.5330e-04 | LR=7.6e-04
Epoch  35/100 | Steps:  35000 | α=1e-04 | Loss: 1.4819e-05 | BC: 8.7885e-06 | PDE: 6.0310e-02 | Val: 9.7253e-06 | Test: 6.3420e-04 | LR=7.4e-04

>>> Alpha increased: 1e-04 → 1e-03 (BC=8.2567e-06) <<<
Epoch  36/100 | Steps:  36000 | α=1e-03 | Loss: 1.3980e-05 | BC: 8.2567e-06 | PDE: 5.7236e-02 | Val: 6.1899e-06 | Test: 6.6112e-04 | LR=7.3e-04 *
Epoch  37/100 | Steps:  37000 | α=1e-03 | Loss: 5.1854e-05 | BC: 1.8630e-05 | PDE: 3.3225e-02 | Val: 1.4182e-05 | Test: 7.6409e-04 | LR=7.2e-04
Epoch  38/100 | Steps:  38000 | α=1e-03 | Loss: 4.1445e-05 | BC: 1.5548e-05 | PDE: 2.5897e-02 | Val: 1.7841e-05 | Test: 7.5757e-04 | LR=7.0e-04
Epoch  39/100 | Steps:  39000 | α=1e-03 | Loss: 3.7471e-05 | BC: 1.4847e-05 | PDE: 2.2625e-02 | Val: 2.3468e-05 | Test: 7.9153e-04 | LR=6.9e-04
Epoch  40/100 | Steps:  40000 | α=1e-03 | Loss: 3.4941e-05 | BC: 1.4477e-05 | PDE: 2.0465e-02 | Val: 1.8787e-05 | Test: 7.6024e-04 | LR=6.7e-04
Epoch  41/100 | Steps:  41000 | α=1e-03 | Loss: 3.2692e-05 | BC: 1.3723e-05 | PDE: 1.8969e-02 | Val: 9.8606e-06 | Test: 7.6582e-04 | LR=6.6e-04
Epoch  42/100 | Steps:  42000 | α=1e-03 | Loss: 2.9904e-05 | BC: 1.2093e-05 | PDE: 1.7811e-02 | Val: 1.1614e-05 | Test: 7.4085e-04 | LR=6.4e-04
Epoch  43/100 | Steps:  43000 | α=1e-03 | Loss: 2.8887e-05 | BC: 1.2452e-05 | PDE: 1.6434e-02 | Val: 9.3619e-06 | Test: 7.4478e-04 | LR=6.3e-04
Epoch  44/100 | Steps:  44000 | α=1e-03 | Loss: 2.6345e-05 | BC: 1.0780e-05 | PDE: 1.5564e-02 | Val: 1.3412e-05 | Test: 7.3013e-04 | LR=6.1e-04
Epoch  45/100 | Steps:  45000 | α=1e-03 | Loss: 2.8530e-05 | BC: 1.3051e-05 | PDE: 1.5478e-02 | Val: 1.2024e-05 | Test: 7.6127e-04 | LR=6.0e-04
Epoch  46/100 | Steps:  46000 | α=1e-03 | Loss: 2.3394e-05 | BC: 9.2427e-06 | PDE: 1.4152e-02 | Val: 6.6587e-06 | Test: 7.2475e-04 | LR=5.8e-04
Epoch  47/100 | Steps:  47000 | α=1e-03 | Loss: 2.3570e-05 | BC: 1.0002e-05 | PDE: 1.3568e-02 | Val: 7.7487e-06 | Test: 7.6583e-04 | LR=5.7e-04
Epoch  48/100 | Steps:  48000 | α=1e-03 | Loss: 2.3283e-05 | BC: 9.8386e-06 | PDE: 1.3444e-02 | Val: 6.5281e-06 | Test: 7.2526e-04 | LR=5.5e-04
Epoch  49/100 | Steps:  49000 | α=1e-03 | Loss: 2.1191e-05 | BC: 8.5317e-06 | PDE: 1.2659e-02 | Val: 8.6452e-06 | Test: 7.4240e-04 | LR=5.4e-04
Epoch  50/100 | Steps:  50000 | α=1e-03 | Loss: 1.9832e-05 | BC: 7.7183e-06 | PDE: 1.2114e-02 | Val: 7.0894e-06 | Test: 7.0609e-04 | LR=5.2e-04
Epoch  51/100 | Steps:  51000 | α=1e-03 | Loss: 1.9086e-05 | BC: 7.5189e-06 | PDE: 1.1567e-02 | Val: 4.9540e-06 | Test: 7.1100e-04 | LR=5.1e-04 *
Epoch  52/100 | Steps:  52000 | α=1e-03 | Loss: 1.8587e-05 | BC: 7.4308e-06 | PDE: 1.1156e-02 | Val: 7.6816e-06 | Test: 7.2543e-04 | LR=4.9e-04
Epoch  53/100 | Steps:  53000 | α=1e-03 | Loss: 1.7169e-05 | BC: 6.5488e-06 | PDE: 1.0620e-02 | Val: 1.0452e-05 | Test: 7.2637e-04 | LR=4.7e-04
Epoch  54/100 | Steps:  54000 | α=1e-03 | Loss: 1.6923e-05 | BC: 6.4139e-06 | PDE: 1.0509e-02 | Val: 1.0536e-05 | Test: 7.2848e-04 | LR=4.6e-04
Epoch  55/100 | Steps:  55000 | α=1e-03 | Loss: 1.5805e-05 | BC: 5.8417e-06 | PDE: 9.9638e-03 | Val: 4.5115e-06 | Test: 7.1684e-04 | LR=4.4e-04 *
Epoch  56/100 | Steps:  56000 | α=1e-03 | Loss: 1.4800e-05 | BC: 5.4293e-06 | PDE: 9.3709e-03 | Val: 5.8195e-06 | Test: 7.0493e-04 | LR=4.3e-04
Epoch  57/100 | Steps:  57000 | α=1e-03 | Loss: 1.4707e-05 | BC: 5.5093e-06 | PDE: 9.1980e-03 | Val: 5.8279e-06 | Test: 7.2905e-04 | LR=4.1e-04
Epoch  58/100 | Steps:  58000 | α=1e-03 | Loss: 1.3722e-05 | BC: 5.0413e-06 | PDE: 8.6804e-03 | Val: 4.0783e-06 | Test: 7.0321e-04 | LR=4.0e-04 *
Epoch  59/100 | Steps:  59000 | α=1e-03 | Loss: 1.3413e-05 | BC: 4.7942e-06 | PDE: 8.6192e-03 | Val: 4.6710e-06 | Test: 6.9467e-04 | LR=3.8e-04
Epoch  60/100 | Steps:  60000 | α=1e-03 | Loss: 1.2823e-05 | BC: 4.6540e-06 | PDE: 8.1689e-03 | Val: 2.6591e-06 | Test: 7.1221e-04 | LR=3.7e-04 *
Epoch  61/100 | Steps:  61000 | α=1e-03 | Loss: 1.2327e-05 | BC: 4.2933e-06 | PDE: 8.0339e-03 | Val: 9.6547e-06 | Test: 7.0493e-04 | LR=3.5e-04
Epoch  62/100 | Steps:  62000 | α=1e-03 | Loss: 1.1763e-05 | BC: 4.1252e-06 | PDE: 7.6379e-03 | Val: 3.4067e-06 | Test: 7.1196e-04 | LR=3.4e-04

>>> Alpha increased: 1e-03 → 1e-02 (BC=4.4857e-06) <<<
Epoch  63/100 | Steps:  63000 | α=1e-02 | Loss: 1.2356e-05 | BC: 4.4857e-06 | PDE: 7.8700e-03 | Val: 3.5605e-06 | Test: 7.0068e-04 | LR=3.2e-04 *
Epoch  64/100 | Steps:  64000 | α=1e-02 | Loss: 7.2790e-05 | BC: 2.0102e-05 | PDE: 5.2688e-03 | Val: 1.7594e-05 | Test: 8.6773e-04 | LR=3.1e-04
Epoch  65/100 | Steps:  65000 | α=1e-02 | Loss: 5.6635e-05 | BC: 1.6666e-05 | PDE: 3.9969e-03 | Val: 1.3752e-05 | Test: 8.3645e-04 | LR=2.9e-04
Epoch  66/100 | Steps:  66000 | α=1e-02 | Loss: 5.5564e-05 | BC: 1.7121e-05 | PDE: 3.8443e-03 | Val: 1.6474e-05 | Test: 8.5323e-04 | LR=2.8e-04
Epoch  67/100 | Steps:  67000 | α=1e-02 | Loss: 5.0524e-05 | BC: 1.5354e-05 | PDE: 3.5171e-03 | Val: 1.0165e-04 | Test: 9.3092e-04 | LR=2.7e-04
Epoch  68/100 | Steps:  68000 | α=1e-02 | Loss: 7.3534e-05 | BC: 2.5451e-05 | PDE: 4.8083e-03 | Val: 1.3517e-05 | Test: 8.4149e-04 | LR=2.5e-04
Epoch  69/100 | Steps:  69000 | α=1e-02 | Loss: 4.2733e-05 | BC: 1.2776e-05 | PDE: 2.9957e-03 | Val: 2.1939e-05 | Test: 8.4726e-04 | LR=2.4e-04
Epoch  70/100 | Steps:  70000 | α=1e-02 | Loss: 4.3022e-05 | BC: 1.2995e-05 | PDE: 3.0027e-03 | Val: 1.2748e-05 | Test: 8.4378e-04 | LR=2.3e-04
Epoch  71/100 | Steps:  71000 | α=1e-02 | Loss: 4.2330e-05 | BC: 1.2598e-05 | PDE: 2.9732e-03 | Val: 1.2825e-05 | Test: 8.3979e-04 | LR=2.1e-04
Epoch  72/100 | Steps:  72000 | α=1e-02 | Loss: 4.9067e-05 | BC: 1.6180e-05 | PDE: 3.2887e-03 | Val: 1.6273e-05 | Test: 8.5758e-04 | LR=2.0e-04
Epoch  73/100 | Steps:  73000 | α=1e-02 | Loss: 4.0229e-05 | BC: 1.2150e-05 | PDE: 2.8078e-03 | Val: 1.1784e-05 | Test: 8.3526e-04 | LR=1.9e-04

>>> Alpha increased: 1e-02 → 1e-01 (BC=1.1939e-05) <<<
Epoch  74/100 | Steps:  74000 | α=1e-01 | Loss: 3.9958e-05 | BC: 1.1939e-05 | PDE: 2.8019e-03 | Val: 1.1185e-05 | Test: 8.2968e-04 | LR=1.8e-04 *
Epoch  75/100 | Steps:  75000 | α=1e-01 | Loss: 2.7069e-04 | BC: 5.5709e-05 | PDE: 2.1498e-03 | Val: 4.4294e-05 | Test: 1.0358e-03 | LR=1.7e-04
Epoch  76/100 | Steps:  76000 | α=1e-01 | Loss: 2.0832e-04 | BC: 4.9516e-05 | PDE: 1.5881e-03 | Val: 5.1218e-05 | Test: 1.0709e-03 | LR=1.5e-04
Epoch  77/100 | Steps:  77000 | α=1e-01 | Loss: 1.9497e-04 | BC: 4.9666e-05 | PDE: 1.4531e-03 | Val: 5.5387e-05 | Test: 1.0312e-03 | LR=1.4e-04
Epoch  78/100 | Steps:  78000 | α=1e-01 | Loss: 1.8211e-04 | BC: 4.8060e-05 | PDE: 1.3405e-03 | Val: 5.0587e-05 | Test: 1.0467e-03 | LR=1.3e-04
Epoch  79/100 | Steps:  79000 | α=1e-01 | Loss: 1.8209e-04 | BC: 4.9473e-05 | PDE: 1.3262e-03 | Val: 5.2259e-05 | Test: 1.0463e-03 | LR=1.2e-04
Epoch  80/100 | Steps:  80000 | α=1e-01 | Loss: 1.7075e-04 | BC: 4.7771e-05 | PDE: 1.2298e-03 | Val: 5.0303e-05 | Test: 1.0462e-03 | LR=1.1e-04
Epoch  81/100 | Steps:  81000 | α=1e-01 | Loss: 1.7124e-04 | BC: 4.8798e-05 | PDE: 1.2244e-03 | Val: 4.7509e-05 | Test: 1.0469e-03 | LR=1.0e-04
Epoch  82/100 | Steps:  82000 | α=1e-01 | Loss: 1.6897e-04 | BC: 4.9475e-05 | PDE: 1.1949e-03 | Val: 5.4447e-05 | Test: 1.0414e-03 | LR=9.6e-05
Epoch  83/100 | Steps:  83000 | α=1e-01 | Loss: 1.6427e-04 | BC: 4.7987e-05 | PDE: 1.1628e-03 | Val: 6.3517e-05 | Test: 1.0784e-03 | LR=8.7e-05
Epoch  84/100 | Steps:  84000 | α=1e-01 | Loss: 1.5616e-04 | BC: 4.7613e-05 | PDE: 1.0855e-03 | Val: 4.7082e-05 | Test: 1.0527e-03 | LR=7.9e-05
Epoch  85/100 | Steps:  85000 | α=1e-01 | Loss: 1.5671e-04 | BC: 4.6773e-05 | PDE: 1.0994e-03 | Val: 4.6904e-05 | Test: 1.0296e-03 | LR=7.1e-05
Epoch  86/100 | Steps:  86000 | α=1e-01 | Loss: 1.4627e-04 | BC: 4.5472e-05 | PDE: 1.0080e-03 | Val: 4.7050e-05 | Test: 1.0409e-03 | LR=6.4e-05
Epoch  87/100 | Steps:  87000 | α=1e-01 | Loss: 1.3894e-04 | BC: 4.3729e-05 | PDE: 9.5211e-04 | Val: 4.4237e-05 | Test: 1.0216e-03 | LR=5.7e-05
Epoch  88/100 | Steps:  88000 | α=1e-01 | Loss: 1.4200e-04 | BC: 4.4221e-05 | PDE: 9.7780e-04 | Val: 4.5571e-05 | Test: 1.0313e-03 | LR=5.1e-05
Epoch  89/100 | Steps:  89000 | α=1e-01 | Loss: 1.3852e-04 | BC: 4.3196e-05 | PDE: 9.5329e-04 | Val: 4.4488e-05 | Test: 1.0300e-03 | LR=4.5e-05
Epoch  90/100 | Steps:  90000 | α=1e-01 | Loss: 1.3434e-04 | BC: 4.2669e-05 | PDE: 9.1670e-04 | Val: 4.4590e-05 | Test: 1.0359e-03 | LR=3.9e-05
Epoch  91/100 | Steps:  91000 | α=1e-01 | Loss: 1.2966e-04 | BC: 4.2419e-05 | PDE: 8.7237e-04 | Val: 4.4222e-05 | Test: 1.0323e-03 | LR=3.4e-05
Epoch  92/100 | Steps:  92000 | α=1e-01 | Loss: 1.3148e-04 | BC: 4.1673e-05 | PDE: 8.9807e-04 | Val: 4.4627e-05 | Test: 1.0285e-03 | LR=3.0e-05
Epoch  93/100 | Steps:  93000 | α=1e-01 | Loss: 1.2903e-04 | BC: 4.1509e-05 | PDE: 8.7523e-04 | Val: 4.3718e-05 | Test: 1.0389e-03 | LR=2.6e-05
Epoch  94/100 | Steps:  94000 | α=1e-01 | Loss: 1.2758e-04 | BC: 4.1746e-05 | PDE: 8.5832e-04 | Val: 4.3586e-05 | Test: 1.0308e-03 | LR=2.2e-05
Epoch  95/100 | Steps:  95000 | α=1e-01 | Loss: 1.2395e-04 | BC: 4.1393e-05 | PDE: 8.2558e-04 | Val: 4.3115e-05 | Test: 1.0304e-03 | LR=1.9e-05
Epoch  96/100 | Steps:  96000 | α=1e-01 | Loss: 1.2480e-04 | BC: 4.0772e-05 | PDE: 8.4032e-04 | Val: 4.3198e-05 | Test: 1.0360e-03 | LR=1.6e-05
Epoch  97/100 | Steps:  97000 | α=1e-01 | Loss: 1.2470e-04 | BC: 4.1055e-05 | PDE: 8.3644e-04 | Val: 4.3240e-05 | Test: 1.0262e-03 | LR=1.4e-05
Epoch  98/100 | Steps:  98000 | α=1e-01 | Loss: 1.2419e-04 | BC: 4.0616e-05 | PDE: 8.3572e-04 | Val: 4.2736e-05 | Test: 1.0219e-03 | LR=1.2e-05
Epoch  99/100 | Steps:  99000 | α=1e-01 | Loss: 1.2349e-04 | BC: 4.0681e-05 | PDE: 8.2814e-04 | Val: 4.2600e-05 | Test: 1.0265e-03 | LR=1.1e-05
Epoch 100/100 | Steps: 100000 | α=1e-01 | Loss: 1.2148e-04 | BC: 4.0570e-05 | PDE: 8.0914e-04 | Val: 4.2511e-05 | Test: 1.0277e-03 | LR=1.0e-05

Restored best model from epoch 74 (val_loss: 1.1185e-05, test_loss: 8.2968e-04)
Best checkpoint saved to: outputs/expr_6_2/absolute/h32/checkpoints/best_model.pt
Final checkpoint saved to: outputs/expr_6_2/absolute/h32/checkpoints/final_model.pt
Training completed in 949.82s (100,000 total steps)

Final Test MSE: 1.0277e-03
Inference (per point): 7.7150e-05s | (full domain): 7.7624e-05s
Saved plot to outputs/expr_6_2/absolute/h32/plots/results.png
