
============================================================
Running Example: aronsson_square
============================================================

Generated full domain data:
  Boundary points: 40,000
  Interior points: 1,000,000
  Test points: 10,000
Re-sampling enabled: ~1,000,000 interior points per epoch

Splitting data: 80% train, 20% validation
  BC: 32,000 train, 8,000 val
  Interior: 800,000 train, 200,000 val

Model: InfinityLaplacianPINN
  Hidden layers: [128, 128, 128]
  Activation: tanh
  η: 1e-05 (normalized)
  Residual clipping: [-10.0, 10.0]
  Outlier removal: top 2.0%
  Parameters: 33,537

Training configuration:
  Boundary points (train): 32,000 -> 80 batches of 400
  Interior points (train): 1,000,000 -> 1000 batches of 1000
  Interior sampling: RE-SAMPLE each epoch
  Boundary points (val): 8,000
  Validation loss: BC only
  Steps per epoch: 1,000
  Total steps: 100,000
  Epochs: 100
  Loss balancing: AlphaPlateauScheduler
  LR scheduler: cosine (LR: 1.0e-03 -> 1.0e-05)

/usr/local/lib/python3.12/dist-packages/torch/autograd/graph.py:824: UserWarning: Attempting to run cuBLAS, but there was no current CUDA context! Attempting to set the primary context... (Triggered internally at /opt/pytorch/pytorch/aten/src/ATen/cuda/CublasHandlePool.cpp:181.)
  return Variable._execution_engine.run_backward(  # Calls into the C++ engine to run the backward pass
Epoch   1/100 | Steps:   1000 | α=1e-05 | Loss: 2.6238e-02 | BC: 2.6215e-02 | PDE: 2.3226e+00 | Val: 2.3508e-04 | Test: 5.0813e-03 | LR=1.0e-03 *
Epoch   2/100 | Steps:   2000 | α=1e-05 | Loss: 2.9302e-04 | BC: 2.6672e-04 | PDE: 2.6303e+00 | Val: 1.2477e-04 | Test: 5.3195e-03 | LR=1.0e-03 *
Epoch   3/100 | Steps:   3000 | α=1e-05 | Loss: 2.0718e-04 | BC: 1.8231e-04 | PDE: 2.4871e+00 | Val: 9.8499e-05 | Test: 5.3030e-03 | LR=1.0e-03 *
Epoch   4/100 | Steps:   4000 | α=1e-05 | Loss: 1.7424e-04 | BC: 1.5124e-04 | PDE: 2.3003e+00 | Val: 8.0683e-05 | Test: 4.8098e-03 | LR=1.0e-03 *
Epoch   5/100 | Steps:   5000 | α=1e-05 | Loss: 1.5896e-04 | BC: 1.3763e-04 | PDE: 2.1334e+00 | Val: 9.2961e-05 | Test: 5.0420e-03 | LR=1.0e-03
Epoch   6/100 | Steps:   6000 | α=1e-05 | Loss: 1.3902e-04 | BC: 1.1871e-04 | PDE: 2.0317e+00 | Val: 9.8039e-05 | Test: 4.3233e-03 | LR=9.9e-04
Epoch   7/100 | Steps:   7000 | α=1e-05 | Loss: 1.4615e-04 | BC: 1.2647e-04 | PDE: 1.9686e+00 | Val: 4.8757e-05 | Test: 4.1444e-03 | LR=9.9e-04 *
Epoch   8/100 | Steps:   8000 | α=1e-05 | Loss: 1.2480e-04 | BC: 1.0597e-04 | PDE: 1.8837e+00 | Val: 4.5760e-05 | Test: 4.2386e-03 | LR=9.9e-04 *
Epoch   9/100 | Steps:   9000 | α=1e-05 | Loss: 1.1509e-04 | BC: 9.7497e-05 | PDE: 1.7591e+00 | Val: 8.3436e-05 | Test: 3.8799e-03 | LR=9.8e-04
Epoch  10/100 | Steps:  10000 | α=1e-05 | Loss: 1.1237e-04 | BC: 9.5761e-05 | PDE: 1.6608e+00 | Val: 3.6018e-05 | Test: 3.7260e-03 | LR=9.8e-04 *
Epoch  11/100 | Steps:  11000 | α=1e-05 | Loss: 9.7002e-05 | BC: 8.2079e-05 | PDE: 1.4923e+00 | Val: 5.7881e-05 | Test: 3.4888e-03 | LR=9.8e-04
Epoch  12/100 | Steps:  12000 | α=1e-05 | Loss: 8.5649e-05 | BC: 7.2707e-05 | PDE: 1.2942e+00 | Val: 3.2116e-05 | Test: 3.3621e-03 | LR=9.7e-04 *
Epoch  13/100 | Steps:  13000 | α=1e-05 | Loss: 7.8404e-05 | BC: 6.7838e-05 | PDE: 1.0566e+00 | Val: 5.3512e-05 | Test: 2.7847e-03 | LR=9.7e-04
Epoch  14/100 | Steps:  14000 | α=1e-05 | Loss: 7.9482e-05 | BC: 7.1020e-05 | PDE: 8.4616e-01 | Val: 1.5246e-05 | Test: 2.2443e-03 | LR=9.6e-04 *
Epoch  15/100 | Steps:  15000 | α=1e-05 | Loss: 5.5605e-05 | BC: 4.9001e-05 | PDE: 6.6046e-01 | Val: 1.0080e-05 | Test: 1.8831e-03 | LR=9.5e-04 *
Epoch  16/100 | Steps:  16000 | α=1e-05 | Loss: 5.3289e-05 | BC: 4.7565e-05 | PDE: 5.7244e-01 | Val: 1.8450e-05 | Test: 1.6520e-03 | LR=9.5e-04
Epoch  17/100 | Steps:  17000 | α=1e-05 | Loss: 5.1651e-05 | BC: 4.6798e-05 | PDE: 4.8529e-01 | Val: 5.0147e-06 | Test: 1.3027e-03 | LR=9.4e-04 *
Epoch  18/100 | Steps:  18000 | α=1e-05 | Loss: 4.8958e-05 | BC: 4.4649e-05 | PDE: 4.3093e-01 | Val: 3.7840e-05 | Test: 1.1934e-03 | LR=9.3e-04
Epoch  19/100 | Steps:  19000 | α=1e-05 | Loss: 5.3665e-05 | BC: 4.9808e-05 | PDE: 3.8575e-01 | Val: 3.7468e-05 | Test: 9.9300e-04 | LR=9.2e-04
Epoch  20/100 | Steps:  20000 | α=1e-05 | Loss: 3.8944e-05 | BC: 3.5388e-05 | PDE: 3.5558e-01 | Val: 1.6744e-05 | Test: 8.2972e-04 | LR=9.1e-04
Epoch  21/100 | Steps:  21000 | α=1e-05 | Loss: 4.2487e-05 | BC: 3.9187e-05 | PDE: 3.2997e-01 | Val: 1.0110e-05 | Test: 6.6366e-04 | LR=9.1e-04
Epoch  22/100 | Steps:  22000 | α=1e-05 | Loss: 3.7365e-05 | BC: 3.4292e-05 | PDE: 3.0736e-01 | Val: 1.1447e-05 | Test: 5.6046e-04 | LR=9.0e-04
Epoch  23/100 | Steps:  23000 | α=1e-05 | Loss: 3.6852e-05 | BC: 3.3973e-05 | PDE: 2.8791e-01 | Val: 2.3385e-06 | Test: 5.0266e-04 | LR=8.9e-04 *
Epoch  24/100 | Steps:  24000 | α=1e-05 | Loss: 3.3475e-05 | BC: 3.0799e-05 | PDE: 2.6756e-01 | Val: 2.5570e-05 | Test: 4.1153e-04 | LR=8.8e-04

>>> Alpha increased: 1e-05 → 1e-04 (BC=3.1421e-05) <<<
Epoch  25/100 | Steps:  25000 | α=1e-04 | Loss: 3.3947e-05 | BC: 3.1421e-05 | PDE: 2.5258e-01 | Val: 2.0153e-05 | Test: 3.8734e-04 | LR=8.7e-04 *
Epoch  26/100 | Steps:  26000 | α=1e-04 | Loss: 4.8032e-05 | BC: 3.4995e-05 | PDE: 1.3036e-01 | Val: 2.7392e-05 | Test: 1.7059e-04 | LR=8.6e-04
Epoch  27/100 | Steps:  27000 | α=1e-04 | Loss: 3.8312e-05 | BC: 3.0737e-05 | PDE: 7.5753e-02 | Val: 9.7475e-06 | Test: 1.2656e-04 | LR=8.4e-04 *
Epoch  28/100 | Steps:  28000 | α=1e-04 | Loss: 4.1945e-05 | BC: 3.6256e-05 | PDE: 5.6883e-02 | Val: 2.2983e-05 | Test: 8.2885e-05 | LR=8.3e-04
Epoch  29/100 | Steps:  29000 | α=1e-04 | Loss: 3.1700e-05 | BC: 2.7090e-05 | PDE: 4.6099e-02 | Val: 7.9083e-06 | Test: 4.4732e-05 | LR=8.2e-04 *
Epoch  30/100 | Steps:  30000 | α=1e-04 | Loss: 2.7956e-05 | BC: 2.4004e-05 | PDE: 3.9525e-02 | Val: 2.2996e-05 | Test: 6.5496e-05 | LR=8.1e-04
Epoch  31/100 | Steps:  31000 | α=1e-04 | Loss: 2.7986e-05 | BC: 2.4446e-05 | PDE: 3.5398e-02 | Val: 3.4928e-06 | Test: 3.5595e-05 | LR=8.0e-04 *
Epoch  32/100 | Steps:  32000 | α=1e-04 | Loss: 2.4542e-05 | BC: 2.1354e-05 | PDE: 3.1882e-02 | Val: 1.1014e-05 | Test: 3.5305e-05 | LR=7.8e-04
Epoch  33/100 | Steps:  33000 | α=1e-04 | Loss: 2.5763e-05 | BC: 2.2767e-05 | PDE: 2.9955e-02 | Val: 5.3771e-06 | Test: 2.3473e-05 | LR=7.7e-04
Epoch  34/100 | Steps:  34000 | α=1e-04 | Loss: 2.1774e-05 | BC: 1.9002e-05 | PDE: 2.7721e-02 | Val: 4.4375e-05 | Test: 6.0155e-05 | LR=7.6e-04
Epoch  35/100 | Steps:  35000 | α=1e-04 | Loss: 2.3202e-05 | BC: 2.0559e-05 | PDE: 2.6430e-02 | Val: 2.3114e-05 | Test: 3.6162e-05 | LR=7.4e-04
Epoch  36/100 | Steps:  36000 | α=1e-04 | Loss: 2.3120e-05 | BC: 2.0597e-05 | PDE: 2.5231e-02 | Val: 7.0614e-07 | Test: 1.9656e-05 | LR=7.3e-04 *
Epoch  37/100 | Steps:  37000 | α=1e-04 | Loss: 1.9109e-05 | BC: 1.6700e-05 | PDE: 2.4091e-02 | Val: 1.7009e-05 | Test: 3.2040e-05 | LR=7.2e-04
Epoch  38/100 | Steps:  38000 | α=1e-04 | Loss: 2.3160e-05 | BC: 2.0803e-05 | PDE: 2.3563e-02 | Val: 1.8380e-05 | Test: 3.0321e-05 | LR=7.0e-04
Epoch  39/100 | Steps:  39000 | α=1e-04 | Loss: 1.7830e-05 | BC: 1.5537e-05 | PDE: 2.2929e-02 | Val: 6.3880e-07 | Test: 1.4386e-05 | LR=6.9e-04 *
Epoch  40/100 | Steps:  40000 | α=1e-04 | Loss: 1.6401e-05 | BC: 1.4186e-05 | PDE: 2.2147e-02 | Val: 1.1428e-05 | Test: 2.0281e-05 | LR=6.7e-04
Epoch  41/100 | Steps:  41000 | α=1e-04 | Loss: 2.0033e-05 | BC: 1.7866e-05 | PDE: 2.1679e-02 | Val: 1.4865e-05 | Test: 2.3415e-05 | LR=6.6e-04
Epoch  42/100 | Steps:  42000 | α=1e-04 | Loss: 1.1910e-05 | BC: 9.7997e-06 | PDE: 2.1105e-02 | Val: 1.0493e-05 | Test: 1.7555e-05 | LR=6.4e-04
Epoch  43/100 | Steps:  43000 | α=1e-04 | Loss: 1.5417e-05 | BC: 1.3361e-05 | PDE: 2.0564e-02 | Val: 2.5008e-05 | Test: 2.1966e-05 | LR=6.3e-04
Epoch  44/100 | Steps:  44000 | α=1e-04 | Loss: 1.5919e-05 | BC: 1.3892e-05 | PDE: 2.0271e-02 | Val: 1.6724e-06 | Test: 1.2341e-05 | LR=6.1e-04
Epoch  45/100 | Steps:  45000 | α=1e-04 | Loss: 1.1840e-05 | BC: 9.8524e-06 | PDE: 1.9879e-02 | Val: 1.8890e-06 | Test: 1.1414e-05 | LR=6.0e-04
Epoch  46/100 | Steps:  46000 | α=1e-04 | Loss: 1.2483e-05 | BC: 1.0545e-05 | PDE: 1.9378e-02 | Val: 9.1098e-06 | Test: 1.8718e-05 | LR=5.8e-04

>>> Alpha increased: 1e-04 → 1e-03 (BC=1.0430e-05) <<<
Epoch  47/100 | Steps:  47000 | α=1e-03 | Loss: 1.2337e-05 | BC: 1.0430e-05 | PDE: 1.9070e-02 | Val: 2.2105e-06 | Test: 1.0035e-05 | LR=5.7e-04 *
Epoch  48/100 | Steps:  48000 | α=1e-03 | Loss: 2.7337e-05 | BC: 1.0853e-05 | PDE: 1.6484e-02 | Val: 2.5228e-06 | Test: 6.6821e-06 | LR=5.5e-04
Epoch  49/100 | Steps:  49000 | α=1e-03 | Loss: 2.4492e-05 | BC: 9.8326e-06 | PDE: 1.4660e-02 | Val: 1.8485e-05 | Test: 2.1296e-05 | LR=5.4e-04
Epoch  50/100 | Steps:  50000 | α=1e-03 | Loss: 2.2306e-05 | BC: 9.1744e-06 | PDE: 1.3132e-02 | Val: 8.8149e-06 | Test: 6.8000e-06 | LR=5.2e-04
Epoch  51/100 | Steps:  51000 | α=1e-03 | Loss: 1.9883e-05 | BC: 7.9237e-06 | PDE: 1.1960e-02 | Val: 2.1593e-06 | Test: 4.9824e-06 | LR=5.1e-04 *
Epoch  52/100 | Steps:  52000 | α=1e-03 | Loss: 1.9167e-05 | BC: 8.3898e-06 | PDE: 1.0777e-02 | Val: 4.2945e-05 | Test: 3.2240e-05 | LR=4.9e-04
Epoch  53/100 | Steps:  53000 | α=1e-03 | Loss: 1.7059e-05 | BC: 7.3269e-06 | PDE: 9.7317e-03 | Val: 1.1721e-06 | Test: 3.2087e-06 | LR=4.7e-04 *
Epoch  54/100 | Steps:  54000 | α=1e-03 | Loss: 1.6641e-05 | BC: 7.7871e-06 | PDE: 8.8540e-03 | Val: 1.0554e-06 | Test: 4.6462e-06 | LR=4.6e-04 *
Epoch  55/100 | Steps:  55000 | α=1e-03 | Loss: 1.6424e-05 | BC: 8.5688e-06 | PDE: 7.8556e-03 | Val: 4.2426e-07 | Test: 2.5937e-06 | LR=4.4e-04 *
Epoch  56/100 | Steps:  56000 | α=1e-03 | Loss: 1.1791e-05 | BC: 4.6731e-06 | PDE: 7.1179e-03 | Val: 1.1309e-06 | Test: 2.2717e-06 | LR=4.3e-04
Epoch  57/100 | Steps:  57000 | α=1e-03 | Loss: 1.2079e-05 | BC: 5.6604e-06 | PDE: 6.4184e-03 | Val: 5.3521e-07 | Test: 1.9996e-06 | LR=4.1e-04
Epoch  58/100 | Steps:  58000 | α=1e-03 | Loss: 1.1714e-05 | BC: 5.8179e-06 | PDE: 5.8964e-03 | Val: 8.3438e-06 | Test: 5.7244e-06 | LR=4.0e-04
Epoch  59/100 | Steps:  59000 | α=1e-03 | Loss: 9.6354e-06 | BC: 4.1651e-06 | PDE: 5.4703e-03 | Val: 5.0402e-06 | Test: 4.8287e-06 | LR=3.8e-04
Epoch  60/100 | Steps:  60000 | α=1e-03 | Loss: 9.8652e-06 | BC: 4.7677e-06 | PDE: 5.0975e-03 | Val: 1.4392e-05 | Test: 1.2881e-05 | LR=3.7e-04

>>> Alpha increased: 1e-03 → 1e-02 (BC=5.0742e-06) <<<
Epoch  61/100 | Steps:  61000 | α=1e-02 | Loss: 9.8231e-06 | BC: 5.0742e-06 | PDE: 4.7489e-03 | Val: 3.5719e-07 | Test: 1.7741e-06 | LR=3.5e-04 *
Epoch  62/100 | Steps:  62000 | α=1e-02 | Loss: 5.1481e-05 | BC: 8.0157e-06 | PDE: 4.3465e-03 | Val: 5.4489e-06 | Test: 5.2449e-06 | LR=3.4e-04
Epoch  63/100 | Steps:  63000 | α=1e-02 | Loss: 4.2761e-05 | BC: 6.4041e-06 | PDE: 3.6357e-03 | Val: 6.1079e-06 | Test: 6.6155e-06 | LR=3.2e-04
Epoch  64/100 | Steps:  64000 | α=1e-02 | Loss: 3.7234e-05 | BC: 5.6180e-06 | PDE: 3.1616e-03 | Val: 3.4745e-06 | Test: 3.4860e-06 | LR=3.1e-04
Epoch  65/100 | Steps:  65000 | α=1e-02 | Loss: 3.1540e-05 | BC: 4.5525e-06 | PDE: 2.6988e-03 | Val: 6.1453e-06 | Test: 6.2661e-06 | LR=2.9e-04
Epoch  66/100 | Steps:  66000 | α=1e-02 | Loss: 2.9425e-05 | BC: 4.9039e-06 | PDE: 2.4521e-03 | Val: 2.5105e-06 | Test: 4.1075e-06 | LR=2.8e-04
Epoch  67/100 | Steps:  67000 | α=1e-02 | Loss: 2.6208e-05 | BC: 4.0248e-06 | PDE: 2.2183e-03 | Val: 4.9756e-06 | Test: 5.9405e-06 | LR=2.7e-04
Epoch  68/100 | Steps:  68000 | α=1e-02 | Loss: 2.3600e-05 | BC: 4.0749e-06 | PDE: 1.9525e-03 | Val: 9.2589e-07 | Test: 1.2836e-06 | LR=2.5e-04
Epoch  69/100 | Steps:  69000 | α=1e-02 | Loss: 2.4198e-05 | BC: 5.1224e-06 | PDE: 1.9076e-03 | Val: 1.3136e-06 | Test: 2.5151e-06 | LR=2.4e-04
Epoch  70/100 | Steps:  70000 | α=1e-02 | Loss: 2.1092e-05 | BC: 3.7756e-06 | PDE: 1.7316e-03 | Val: 3.2628e-06 | Test: 4.0042e-06 | LR=2.3e-04
Epoch  71/100 | Steps:  71000 | α=1e-02 | Loss: 1.8124e-05 | BC: 2.7569e-06 | PDE: 1.5367e-03 | Val: 8.6268e-07 | Test: 1.6686e-06 | LR=2.1e-04
Epoch  72/100 | Steps:  72000 | α=1e-02 | Loss: 1.6817e-05 | BC: 2.6899e-06 | PDE: 1.4127e-03 | Val: 1.6931e-06 | Test: 3.3326e-06 | LR=2.0e-04
Epoch  73/100 | Steps:  73000 | α=1e-02 | Loss: 1.5468e-05 | BC: 2.5682e-06 | PDE: 1.2900e-03 | Val: 4.3853e-06 | Test: 7.7053e-06 | LR=1.9e-04
Epoch  74/100 | Steps:  74000 | α=1e-02 | Loss: 1.4878e-05 | BC: 2.5296e-06 | PDE: 1.2349e-03 | Val: 1.6622e-06 | Test: 2.0985e-06 | LR=1.8e-04
Epoch  75/100 | Steps:  75000 | α=1e-02 | Loss: 1.4413e-05 | BC: 2.5966e-06 | PDE: 1.1816e-03 | Val: 7.5685e-07 | Test: 1.3479e-06 | LR=1.7e-04
Epoch  76/100 | Steps:  76000 | α=1e-02 | Loss: 1.2602e-05 | BC: 1.7914e-06 | PDE: 1.0811e-03 | Val: 1.1793e-06 | Test: 2.4878e-06 | LR=1.5e-04
Epoch  77/100 | Steps:  77000 | α=1e-02 | Loss: 1.1187e-05 | BC: 1.5855e-06 | PDE: 9.6016e-04 | Val: 1.5809e-06 | Test: 1.7077e-06 | LR=1.4e-04
Epoch  78/100 | Steps:  78000 | α=1e-02 | Loss: 1.0659e-05 | BC: 1.4276e-06 | PDE: 9.2312e-04 | Val: 7.8367e-07 | Test: 1.5080e-06 | LR=1.3e-04
Epoch  79/100 | Steps:  79000 | α=1e-02 | Loss: 1.0793e-05 | BC: 1.3320e-06 | PDE: 9.4612e-04 | Val: 1.5840e-06 | Test: 2.0206e-06 | LR=1.2e-04
Epoch  80/100 | Steps:  80000 | α=1e-02 | Loss: 9.6516e-06 | BC: 1.2110e-06 | PDE: 8.4406e-04 | Val: 8.9724e-07 | Test: 1.3073e-06 | LR=1.1e-04
Epoch  81/100 | Steps:  81000 | α=1e-02 | Loss: 9.3538e-06 | BC: 1.0202e-06 | PDE: 8.3336e-04 | Val: 6.6814e-07 | Test: 1.4111e-06 | LR=1.0e-04
Epoch  82/100 | Steps:  82000 | α=1e-02 | Loss: 9.3297e-06 | BC: 1.1052e-06 | PDE: 8.2244e-04 | Val: 1.2849e-06 | Test: 2.4344e-06 | LR=9.6e-05
Epoch  83/100 | Steps:  83000 | α=1e-02 | Loss: 8.3221e-06 | BC: 8.6870e-07 | PDE: 7.4534e-04 | Val: 5.5470e-07 | Test: 1.0114e-06 | LR=8.7e-05
Epoch  84/100 | Steps:  84000 | α=1e-02 | Loss: 8.0703e-06 | BC: 8.7978e-07 | PDE: 7.1905e-04 | Val: 1.3992e-06 | Test: 3.1648e-06 | LR=7.9e-05
Epoch  85/100 | Steps:  85000 | α=1e-02 | Loss: 7.6571e-06 | BC: 6.3066e-07 | PDE: 7.0264e-04 | Val: 6.5737e-07 | Test: 1.4519e-06 | LR=7.1e-05
Epoch  86/100 | Steps:  86000 | α=1e-02 | Loss: 7.8057e-06 | BC: 7.8460e-07 | PDE: 7.0211e-04 | Val: 7.0577e-07 | Test: 1.6839e-06 | LR=6.4e-05
Epoch  87/100 | Steps:  87000 | α=1e-02 | Loss: 6.8085e-06 | BC: 5.1711e-07 | PDE: 6.2914e-04 | Val: 2.1959e-07 | Test: 7.0269e-07 | LR=5.7e-05 *
Epoch  88/100 | Steps:  88000 | α=1e-02 | Loss: 7.2414e-06 | BC: 6.1287e-07 | PDE: 6.6285e-04 | Val: 3.0467e-07 | Test: 7.1654e-07 | LR=5.1e-05
Epoch  89/100 | Steps:  89000 | α=1e-02 | Loss: 6.7143e-06 | BC: 5.1235e-07 | PDE: 6.2019e-04 | Val: 7.1404e-07 | Test: 1.4484e-06 | LR=4.5e-05
Epoch  90/100 | Steps:  90000 | α=1e-02 | Loss: 6.5065e-06 | BC: 3.6648e-07 | PDE: 6.1400e-04 | Val: 3.9145e-07 | Test: 1.2319e-06 | LR=3.9e-05
Epoch  91/100 | Steps:  91000 | α=1e-02 | Loss: 6.1758e-06 | BC: 4.0796e-07 | PDE: 5.7678e-04 | Val: 2.3883e-07 | Test: 9.0768e-07 | LR=3.4e-05
Epoch  92/100 | Steps:  92000 | α=1e-02 | Loss: 6.2175e-06 | BC: 3.3643e-07 | PDE: 5.8810e-04 | Val: 1.5429e-07 | Test: 6.6278e-07 | LR=3.0e-05 *
Epoch  93/100 | Steps:  93000 | α=1e-02 | Loss: 5.9154e-06 | BC: 2.9612e-07 | PDE: 5.6193e-04 | Val: 2.4014e-07 | Test: 9.1884e-07 | LR=2.6e-05
Epoch  94/100 | Steps:  94000 | α=1e-02 | Loss: 5.6710e-06 | BC: 2.3915e-07 | PDE: 5.4318e-04 | Val: 2.2789e-07 | Test: 7.4726e-07 | LR=2.2e-05
Epoch  95/100 | Steps:  95000 | α=1e-02 | Loss: 5.3256e-06 | BC: 2.3913e-07 | PDE: 5.0864e-04 | Val: 1.4384e-07 | Test: 7.1238e-07 | LR=1.9e-05 *
Epoch  96/100 | Steps:  96000 | α=1e-02 | Loss: 5.3343e-06 | BC: 2.0694e-07 | PDE: 5.1273e-04 | Val: 1.4290e-07 | Test: 7.6058e-07 | LR=1.6e-05 *
Epoch  97/100 | Steps:  97000 | α=1e-02 | Loss: 5.4661e-06 | BC: 2.2834e-07 | PDE: 5.2378e-04 | Val: 2.0895e-07 | Test: 7.6331e-07 | LR=1.4e-05
Epoch  98/100 | Steps:  98000 | α=1e-02 | Loss: 5.2603e-06 | BC: 1.8389e-07 | PDE: 5.0764e-04 | Val: 1.3439e-07 | Test: 7.2382e-07 | LR=1.2e-05 *
Epoch  99/100 | Steps:  99000 | α=1e-02 | Loss: 5.2676e-06 | BC: 1.7453e-07 | PDE: 5.0930e-04 | Val: 1.8632e-07 | Test: 7.7506e-07 | LR=1.1e-05
Epoch 100/100 | Steps: 100000 | α=1e-02 | Loss: 5.1062e-06 | BC: 1.5788e-07 | PDE: 4.9483e-04 | Val: 2.4515e-07 | Test: 6.0997e-07 | LR=1.0e-05

Restored best model from epoch 98 (val_loss: 1.3439e-07, test_loss: 7.2382e-07)
Best checkpoint saved to: outputs/expr_7_1/aronsson_square/l3/checkpoints/best_model.pt
Final checkpoint saved to: outputs/expr_7_1/aronsson_square/l3/checkpoints/final_model.pt
Training completed in 815.65s (100,000 total steps)

Final Test MSE: 6.0997e-07
Inference (per point): 6.3989e-05s | (full domain): 6.1862e-05s
Saved plot to outputs/expr_7_1/aronsson_square/l3/plots/results.png
