
============================================================
Eikonal Equation |∇u|² = 1 (2D)
Case: origin | Domain: square
============================================================

  Interior: 1,000,000  |  Test: 10,000
  Boundary points: 1,100
  Re-sampling enabled: ~1,000,000 interior points per epoch
  BC re-sampling enabled: origin case with radius=0.1

  Splitting: 80% train, 20% val
  BC: 880 train, 220 val
  Interior: 800,000 train, 200,000 val

Model: EikonalPINN (input_dim=2)
  Hidden layers: [128, 128, 128, 128], activation: tanh
  Residual clipping: [-10.0, 10.0]
  Outlier removal: top 2.0%
  Positivity weight: 1.0
  Parameters: 50,049

Training configuration:
  Boundary points (train): 880 -> 3 batches of 400
  Interior points (train): 1,000,000 -> 1000 batches of 1000
  Interior sampling: RE-SAMPLE each epoch
  Boundary points (val): 220
  Validation loss: BC only
  Steps per epoch: 1,000
  Total steps: 100,000
  Epochs: 100
  Loss balancing: AlphaPlateauScheduler
  LR scheduler: cosine (LR: 1.0e-03 -> 1.0e-05)

/usr/local/lib/python3.12/dist-packages/torch/autograd/graph.py:824: UserWarning: Attempting to run cuBLAS, but there was no current CUDA context! Attempting to set the primary context... (Triggered internally at /opt/pytorch/pytorch/aten/src/ATen/cuda/CublasHandlePool.cpp:181.)
  return Variable._execution_engine.run_backward(  # Calls into the C++ engine to run the backward pass
Epoch   1/100 | Steps:   1000 | α=1e+00 | Loss: 2.0860e-02 | BC: 3.5232e-03 | PDE: 1.7336e-02 | Val: 8.7794e-04 | Test: 8.6922e-02 | LR=1.0e-03 *
Epoch   2/100 | Steps:   2000 | α=1e+00 | Loss: 1.8761e-03 | BC: 8.2094e-04 | PDE: 1.0551e-03 | Val: 5.7997e-04 | Test: 7.7732e-02 | LR=1.0e-03 *
Epoch   3/100 | Steps:   3000 | α=1e+00 | Loss: 1.0498e-03 | BC: 5.6156e-04 | PDE: 4.8825e-04 | Val: 5.5160e-04 | Test: 8.1530e-02 | LR=1.0e-03 *
Epoch   4/100 | Steps:   4000 | α=1e+00 | Loss: 8.8767e-04 | BC: 5.1200e-04 | PDE: 3.7566e-04 | Val: 4.1874e-04 | Test: 8.1626e-02 | LR=1.0e-03 *
Epoch   5/100 | Steps:   5000 | α=1e+00 | Loss: 7.0442e-04 | BC: 4.1596e-04 | PDE: 2.8846e-04 | Val: 4.4651e-04 | Test: 6.1796e-02 | LR=1.0e-03
Epoch   6/100 | Steps:   6000 | α=1e+00 | Loss: 5.4541e-04 | BC: 3.1010e-04 | PDE: 2.3532e-04 | Val: 2.1247e-04 | Test: 5.2758e-02 | LR=9.9e-04 *
Epoch   7/100 | Steps:   7000 | α=1e+00 | Loss: 4.6428e-04 | BC: 2.0901e-04 | PDE: 2.5526e-04 | Val: 1.3222e-04 | Test: 4.8627e-02 | LR=9.9e-04 *
Epoch   8/100 | Steps:   8000 | α=1e+00 | Loss: 3.9895e-04 | BC: 1.4078e-04 | PDE: 2.5817e-04 | Val: 1.1011e-04 | Test: 4.6509e-02 | LR=9.9e-04 *
Epoch   9/100 | Steps:   9000 | α=1e+00 | Loss: 3.1683e-04 | BC: 9.2515e-05 | PDE: 2.2432e-04 | Val: 5.0711e-05 | Test: 4.0438e-02 | LR=9.8e-04 *
Epoch  10/100 | Steps:  10000 | α=1e+00 | Loss: 2.4667e-04 | BC: 7.2336e-05 | PDE: 1.7434e-04 | Val: 5.5715e-05 | Test: 3.3924e-02 | LR=9.8e-04
Epoch  11/100 | Steps:  11000 | α=1e+00 | Loss: 2.1407e-04 | BC: 5.6957e-05 | PDE: 1.5711e-04 | Val: 2.5512e-05 | Test: 3.0411e-02 | LR=9.8e-04 *
Epoch  12/100 | Steps:  12000 | α=1e+00 | Loss: 1.9339e-04 | BC: 5.1273e-05 | PDE: 1.4211e-04 | Val: 2.4622e-05 | Test: 2.2461e-02 | LR=9.7e-04 *
Epoch  13/100 | Steps:  13000 | α=1e+00 | Loss: 1.6769e-04 | BC: 4.2836e-05 | PDE: 1.2486e-04 | Val: 5.5447e-05 | Test: 1.8778e-02 | LR=9.7e-04
Epoch  14/100 | Steps:  14000 | α=1e+00 | Loss: 1.4396e-04 | BC: 3.9088e-05 | PDE: 1.0487e-04 | Val: 1.9282e-05 | Test: 1.5270e-02 | LR=9.6e-04 *
Epoch  15/100 | Steps:  15000 | α=1e+00 | Loss: 1.3309e-04 | BC: 3.5962e-05 | PDE: 9.7131e-05 | Val: 2.8107e-05 | Test: 1.1477e-02 | LR=9.5e-04
Epoch  16/100 | Steps:  16000 | α=1e+00 | Loss: 1.2561e-04 | BC: 3.2399e-05 | PDE: 9.3207e-05 | Val: 9.8328e-05 | Test: 9.5735e-03 | LR=9.5e-04
Epoch  17/100 | Steps:  17000 | α=1e+00 | Loss: 1.0996e-04 | BC: 2.8736e-05 | PDE: 8.1225e-05 | Val: 1.0037e-05 | Test: 8.4200e-03 | LR=9.4e-04 *
Epoch  18/100 | Steps:  18000 | α=1e+00 | Loss: 1.0765e-04 | BC: 2.8089e-05 | PDE: 7.9566e-05 | Val: 1.2910e-05 | Test: 6.7450e-03 | LR=9.3e-04
Epoch  19/100 | Steps:  19000 | α=1e+00 | Loss: 9.3079e-05 | BC: 2.5032e-05 | PDE: 6.8047e-05 | Val: 1.4147e-05 | Test: 6.2221e-03 | LR=9.2e-04
Epoch  20/100 | Steps:  20000 | α=1e+00 | Loss: 7.9117e-05 | BC: 2.2447e-05 | PDE: 5.6670e-05 | Val: 1.4745e-05 | Test: 5.1507e-03 | LR=9.1e-04
Epoch  21/100 | Steps:  21000 | α=1e+00 | Loss: 7.2379e-05 | BC: 2.1596e-05 | PDE: 5.0783e-05 | Val: 1.1174e-05 | Test: 4.5164e-03 | LR=9.1e-04
Epoch  22/100 | Steps:  22000 | α=1e+00 | Loss: 7.3975e-05 | BC: 1.9086e-05 | PDE: 5.4889e-05 | Val: 1.2946e-05 | Test: 3.9263e-03 | LR=9.0e-04
Epoch  23/100 | Steps:  23000 | α=1e+00 | Loss: 6.3978e-05 | BC: 1.8386e-05 | PDE: 4.5592e-05 | Val: 1.0380e-05 | Test: 3.5995e-03 | LR=8.9e-04
Epoch  24/100 | Steps:  24000 | α=1e+00 | Loss: 6.0965e-05 | BC: 1.5713e-05 | PDE: 4.5252e-05 | Val: 5.8610e-05 | Test: 3.3681e-03 | LR=8.8e-04
Epoch  25/100 | Steps:  25000 | α=1e+00 | Loss: 5.6359e-05 | BC: 1.7034e-05 | PDE: 3.9326e-05 | Val: 7.0182e-06 | Test: 2.7874e-03 | LR=8.7e-04 *
Epoch  26/100 | Steps:  26000 | α=1e+00 | Loss: 5.7058e-05 | BC: 1.5907e-05 | PDE: 4.1151e-05 | Val: 1.0305e-05 | Test: 2.5466e-03 | LR=8.6e-04
Epoch  27/100 | Steps:  27000 | α=1e+00 | Loss: 4.6700e-05 | BC: 1.3667e-05 | PDE: 3.3033e-05 | Val: 5.0230e-06 | Test: 2.1472e-03 | LR=8.4e-04 *
Epoch  28/100 | Steps:  28000 | α=1e+00 | Loss: 4.2595e-05 | BC: 1.3224e-05 | PDE: 2.9371e-05 | Val: 6.0026e-06 | Test: 1.7929e-03 | LR=8.3e-04
Epoch  29/100 | Steps:  29000 | α=1e+00 | Loss: 4.6866e-05 | BC: 1.3647e-05 | PDE: 3.3219e-05 | Val: 7.6551e-06 | Test: 1.4236e-03 | LR=8.2e-04
Epoch  30/100 | Steps:  30000 | α=1e+00 | Loss: 4.0195e-05 | BC: 1.2552e-05 | PDE: 2.7643e-05 | Val: 4.3889e-06 | Test: 1.1844e-03 | LR=8.1e-04 *
Epoch  31/100 | Steps:  31000 | α=1e+00 | Loss: 3.8598e-05 | BC: 1.1302e-05 | PDE: 2.7296e-05 | Val: 4.2866e-06 | Test: 9.3206e-04 | LR=8.0e-04 *
Epoch  32/100 | Steps:  32000 | α=1e+00 | Loss: 3.6212e-05 | BC: 1.0250e-05 | PDE: 2.5962e-05 | Val: 3.1809e-06 | Test: 9.4431e-04 | LR=7.8e-04 *
Epoch  33/100 | Steps:  33000 | α=1e+00 | Loss: 3.4354e-05 | BC: 1.0498e-05 | PDE: 2.3856e-05 | Val: 1.8779e-05 | Test: 7.2253e-04 | LR=7.7e-04
Epoch  34/100 | Steps:  34000 | α=1e+00 | Loss: 3.0763e-05 | BC: 9.4941e-06 | PDE: 2.1269e-05 | Val: 6.2500e-06 | Test: 7.6089e-04 | LR=7.6e-04
Epoch  35/100 | Steps:  35000 | α=1e+00 | Loss: 3.1676e-05 | BC: 9.4751e-06 | PDE: 2.2201e-05 | Val: 3.1454e-05 | Test: 5.6556e-04 | LR=7.4e-04
Epoch  36/100 | Steps:  36000 | α=1e+00 | Loss: 2.5944e-05 | BC: 8.1693e-06 | PDE: 1.7775e-05 | Val: 3.9789e-06 | Test: 5.9987e-04 | LR=7.3e-04
Epoch  37/100 | Steps:  37000 | α=1e+00 | Loss: 2.9483e-05 | BC: 8.6984e-06 | PDE: 2.0785e-05 | Val: 4.4081e-06 | Test: 4.5476e-04 | LR=7.2e-04
Epoch  38/100 | Steps:  38000 | α=1e+00 | Loss: 2.2590e-05 | BC: 7.1191e-06 | PDE: 1.5471e-05 | Val: 1.7480e-05 | Test: 4.4824e-04 | LR=7.0e-04
Epoch  39/100 | Steps:  39000 | α=1e+00 | Loss: 2.7113e-05 | BC: 7.8870e-06 | PDE: 1.9226e-05 | Val: 2.9257e-06 | Test: 3.3901e-04 | LR=6.9e-04 *
Epoch  40/100 | Steps:  40000 | α=1e+00 | Loss: 2.0936e-05 | BC: 6.6530e-06 | PDE: 1.4282e-05 | Val: 2.9204e-06 | Test: 2.9530e-04 | LR=6.7e-04 *

>>> Alpha increased: 1e+00 → 1e+01 (BC=6.5848e-06) <<<
Epoch  41/100 | Steps:  41000 | α=1e+01 | Loss: 2.0867e-05 | BC: 6.5848e-06 | PDE: 1.4282e-05 | Val: 2.4580e-05 | Test: 2.6124e-04 | LR=6.6e-04 *
Epoch  42/100 | Steps:  42000 | α=1e+01 | Loss: 2.3173e-03 | BC: 7.4489e-05 | PDE: 2.2428e-04 | Val: 2.3571e-06 | Test: 6.5866e-05 | LR=6.4e-04 *
Epoch  43/100 | Steps:  43000 | α=1e+01 | Loss: 1.2623e-04 | BC: 4.8402e-06 | PDE: 1.2139e-05 | Val: 4.9779e-06 | Test: 8.7123e-05 | LR=6.3e-04
Epoch  44/100 | Steps:  44000 | α=1e+01 | Loss: 1.2658e-04 | BC: 5.4335e-06 | PDE: 1.2114e-05 | Val: 1.3298e-05 | Test: 6.4755e-05 | LR=6.1e-04
Epoch  45/100 | Steps:  45000 | α=1e+01 | Loss: 1.2024e-04 | BC: 5.3265e-06 | PDE: 1.1491e-05 | Val: 3.6644e-06 | Test: 6.0888e-05 | LR=6.0e-04
Epoch  46/100 | Steps:  46000 | α=1e+01 | Loss: 1.2306e-04 | BC: 5.5560e-06 | PDE: 1.1750e-05 | Val: 3.7820e-06 | Test: 4.3600e-05 | LR=5.8e-04
Epoch  47/100 | Steps:  47000 | α=1e+01 | Loss: 1.1313e-04 | BC: 5.4348e-06 | PDE: 1.0769e-05 | Val: 4.9640e-06 | Test: 2.2770e-05 | LR=5.7e-04
Epoch  48/100 | Steps:  48000 | α=1e+01 | Loss: 1.0899e-04 | BC: 6.0233e-06 | PDE: 1.0296e-05 | Val: 2.9187e-06 | Test: 9.4379e-06 | LR=5.5e-04
Epoch  49/100 | Steps:  49000 | α=1e+01 | Loss: 8.3500e-05 | BC: 3.8964e-06 | PDE: 7.9604e-06 | Val: 3.9757e-06 | Test: 9.4738e-06 | LR=5.4e-04
Epoch  50/100 | Steps:  50000 | α=1e+01 | Loss: 9.1826e-05 | BC: 4.4673e-06 | PDE: 8.7358e-06 | Val: 2.1757e-06 | Test: 7.3219e-06 | LR=5.2e-04 *
Epoch  51/100 | Steps:  51000 | α=1e+01 | Loss: 8.3484e-05 | BC: 4.5740e-06 | PDE: 7.8910e-06 | Val: 2.4669e-06 | Test: 4.5377e-06 | LR=5.1e-04
Epoch  52/100 | Steps:  52000 | α=1e+01 | Loss: 8.3187e-05 | BC: 4.4300e-06 | PDE: 7.8757e-06 | Val: 2.2384e-06 | Test: 3.2692e-06 | LR=4.9e-04
Epoch  53/100 | Steps:  53000 | α=1e+01 | Loss: 6.7037e-05 | BC: 3.8945e-06 | PDE: 6.3142e-06 | Val: 1.9718e-06 | Test: 4.6929e-06 | LR=4.7e-04 *
Epoch  54/100 | Steps:  54000 | α=1e+01 | Loss: 6.9677e-05 | BC: 3.7231e-06 | PDE: 6.5954e-06 | Val: 1.8112e-06 | Test: 2.6801e-06 | LR=4.6e-04 *
Epoch  55/100 | Steps:  55000 | α=1e+01 | Loss: 6.3348e-05 | BC: 3.7555e-06 | PDE: 5.9593e-06 | Val: 1.9384e-06 | Test: 4.6088e-06 | LR=4.4e-04
Epoch  56/100 | Steps:  56000 | α=1e+01 | Loss: 5.4996e-05 | BC: 3.1696e-06 | PDE: 5.1826e-06 | Val: 2.4607e-06 | Test: 1.7349e-06 | LR=4.3e-04
Epoch  57/100 | Steps:  57000 | α=1e+01 | Loss: 5.8257e-05 | BC: 3.3748e-06 | PDE: 5.4882e-06 | Val: 1.9075e-06 | Test: 1.7083e-06 | LR=4.1e-04
Epoch  58/100 | Steps:  58000 | α=1e+01 | Loss: 5.0192e-05 | BC: 3.3028e-06 | PDE: 4.6889e-06 | Val: 2.6568e-06 | Test: 5.9907e-06 | LR=4.0e-04
Epoch  59/100 | Steps:  59000 | α=1e+01 | Loss: 4.3440e-05 | BC: 2.8329e-06 | PDE: 4.0607e-06 | Val: 2.7585e-06 | Test: 6.1044e-06 | LR=3.8e-04
Epoch  60/100 | Steps:  60000 | α=1e+01 | Loss: 3.8482e-05 | BC: 2.7035e-06 | PDE: 3.5778e-06 | Val: 3.0467e-06 | Test: 3.3959e-06 | LR=3.7e-04
Epoch  61/100 | Steps:  61000 | α=1e+01 | Loss: 4.5322e-05 | BC: 2.8203e-06 | PDE: 4.2501e-06 | Val: 3.2311e-06 | Test: 1.5117e-06 | LR=3.5e-04
Epoch  62/100 | Steps:  62000 | α=1e+01 | Loss: 3.3329e-05 | BC: 2.7396e-06 | PDE: 3.0590e-06 | Val: 2.1524e-06 | Test: 8.9187e-07 | LR=3.4e-04
Epoch  63/100 | Steps:  63000 | α=1e+01 | Loss: 3.2564e-05 | BC: 2.3374e-06 | PDE: 3.0227e-06 | Val: 3.5801e-06 | Test: 2.7432e-06 | LR=3.2e-04
Epoch  64/100 | Steps:  64000 | α=1e+01 | Loss: 3.1506e-05 | BC: 2.3588e-06 | PDE: 2.9147e-06 | Val: 2.3305e-06 | Test: 1.9830e-06 | LR=3.1e-04
Epoch  65/100 | Steps:  65000 | α=1e+01 | Loss: 2.5469e-05 | BC: 2.0625e-06 | PDE: 2.3406e-06 | Val: 1.3987e-06 | Test: 1.4051e-06 | LR=2.9e-04 *
Epoch  66/100 | Steps:  66000 | α=1e+01 | Loss: 2.5522e-05 | BC: 2.1883e-06 | PDE: 2.3334e-06 | Val: 1.5993e-06 | Test: 2.5218e-06 | LR=2.8e-04
Epoch  67/100 | Steps:  67000 | α=1e+01 | Loss: 2.2087e-05 | BC: 2.2144e-06 | PDE: 1.9872e-06 | Val: 3.1002e-06 | Test: 5.4331e-06 | LR=2.7e-04
Epoch  68/100 | Steps:  68000 | α=1e+01 | Loss: 2.1071e-05 | BC: 2.1217e-06 | PDE: 1.8950e-06 | Val: 2.0144e-06 | Test: 9.5605e-07 | LR=2.5e-04
Epoch  69/100 | Steps:  69000 | α=1e+01 | Loss: 1.9784e-05 | BC: 1.9262e-06 | PDE: 1.7858e-06 | Val: 3.3809e-06 | Test: 4.0101e-06 | LR=2.4e-04
Epoch  70/100 | Steps:  70000 | α=1e+01 | Loss: 1.5660e-05 | BC: 1.8913e-06 | PDE: 1.3769e-06 | Val: 1.4455e-06 | Test: 1.1433e-06 | LR=2.3e-04
Epoch  71/100 | Steps:  71000 | α=1e+01 | Loss: 1.6549e-05 | BC: 1.8991e-06 | PDE: 1.4650e-06 | Val: 1.3981e-06 | Test: 7.6848e-07 | LR=2.1e-04 *
Epoch  72/100 | Steps:  72000 | α=1e+01 | Loss: 1.3606e-05 | BC: 1.4707e-06 | PDE: 1.2135e-06 | Val: 1.4632e-06 | Test: 1.2134e-06 | LR=2.0e-04
Epoch  73/100 | Steps:  73000 | α=1e+01 | Loss: 1.1740e-05 | BC: 1.4179e-06 | PDE: 1.0322e-06 | Val: 1.4696e-06 | Test: 1.2261e-06 | LR=1.9e-04
Epoch  74/100 | Steps:  74000 | α=1e+01 | Loss: 1.1419e-05 | BC: 1.6542e-06 | PDE: 9.7653e-07 | Val: 1.2128e-06 | Test: 1.1126e-06 | LR=1.8e-04 *
Epoch  75/100 | Steps:  75000 | α=1e+01 | Loss: 9.6333e-06 | BC: 1.4231e-06 | PDE: 8.2102e-07 | Val: 1.4985e-06 | Test: 8.6432e-07 | LR=1.7e-04
Epoch  76/100 | Steps:  76000 | α=1e+01 | Loss: 8.6215e-06 | BC: 1.2572e-06 | PDE: 7.3643e-07 | Val: 1.4836e-06 | Test: 2.4903e-06 | LR=1.5e-04
Epoch  77/100 | Steps:  77000 | α=1e+01 | Loss: 7.3389e-06 | BC: 1.2821e-06 | PDE: 6.0569e-07 | Val: 1.5374e-06 | Test: 1.1644e-06 | LR=1.4e-04
Epoch  78/100 | Steps:  78000 | α=1e+01 | Loss: 7.3871e-06 | BC: 1.2453e-06 | PDE: 6.1418e-07 | Val: 1.3539e-06 | Test: 8.2811e-07 | LR=1.3e-04
Epoch  79/100 | Steps:  79000 | α=1e+01 | Loss: 6.0259e-06 | BC: 1.2885e-06 | PDE: 4.7374e-07 | Val: 1.3426e-06 | Test: 7.7498e-07 | LR=1.2e-04
Epoch  80/100 | Steps:  80000 | α=1e+01 | Loss: 5.5522e-06 | BC: 1.1758e-06 | PDE: 4.3765e-07 | Val: 1.1746e-06 | Test: 6.6563e-07 | LR=1.1e-04 *
Epoch  81/100 | Steps:  81000 | α=1e+01 | Loss: 5.1782e-06 | BC: 1.1028e-06 | PDE: 4.0754e-07 | Val: 1.0260e-06 | Test: 4.7354e-07 | LR=1.0e-04 *
Epoch  82/100 | Steps:  82000 | α=1e+01 | Loss: 4.6470e-06 | BC: 1.1501e-06 | PDE: 3.4969e-07 | Val: 1.4192e-06 | Test: 8.6777e-07 | LR=9.6e-05
Epoch  83/100 | Steps:  83000 | α=1e+01 | Loss: 3.8981e-06 | BC: 1.0214e-06 | PDE: 2.8767e-07 | Val: 9.4315e-07 | Test: 4.4621e-07 | LR=8.7e-05 *
Epoch  84/100 | Steps:  84000 | α=1e+01 | Loss: 3.8466e-06 | BC: 1.0265e-06 | PDE: 2.8201e-07 | Val: 1.0855e-06 | Test: 5.9990e-07 | LR=7.9e-05
Epoch  85/100 | Steps:  85000 | α=1e+01 | Loss: 3.4748e-06 | BC: 1.0978e-06 | PDE: 2.3770e-07 | Val: 9.1787e-07 | Test: 4.5783e-07 | LR=7.1e-05 *
Epoch  86/100 | Steps:  86000 | α=1e+01 | Loss: 2.9158e-06 | BC: 8.7877e-07 | PDE: 2.0371e-07 | Val: 9.5700e-07 | Test: 4.2190e-07 | LR=6.4e-05
Epoch  87/100 | Steps:  87000 | α=1e+01 | Loss: 2.8495e-06 | BC: 1.1355e-06 | PDE: 1.7141e-07 | Val: 9.8561e-07 | Test: 3.3106e-07 | LR=5.7e-05
Epoch  88/100 | Steps:  88000 | α=1e+01 | Loss: 2.7580e-06 | BC: 1.1442e-06 | PDE: 1.6139e-07 | Val: 1.0521e-06 | Test: 3.5893e-07 | LR=5.1e-05
Epoch  89/100 | Steps:  89000 | α=1e+01 | Loss: 2.3309e-06 | BC: 9.6597e-07 | PDE: 1.3649e-07 | Val: 8.6854e-07 | Test: 3.7393e-07 | LR=4.5e-05 *
Epoch  90/100 | Steps:  90000 | α=1e+01 | Loss: 2.2267e-06 | BC: 8.6232e-07 | PDE: 1.3644e-07 | Val: 8.1258e-07 | Test: 4.1954e-07 | LR=3.9e-05 *
Epoch  91/100 | Steps:  91000 | α=1e+01 | Loss: 2.1815e-06 | BC: 9.1935e-07 | PDE: 1.2621e-07 | Val: 1.0621e-06 | Test: 3.5771e-07 | LR=3.4e-05
Epoch  92/100 | Steps:  92000 | α=1e+01 | Loss: 2.1616e-06 | BC: 9.9380e-07 | PDE: 1.1678e-07 | Val: 8.8052e-07 | Test: 4.4245e-07 | LR=3.0e-05
Epoch  93/100 | Steps:  93000 | α=1e+01 | Loss: 2.0301e-06 | BC: 9.8973e-07 | PDE: 1.0404e-07 | Val: 8.8464e-07 | Test: 4.0669e-07 | LR=2.6e-05
Epoch  94/100 | Steps:  94000 | α=1e+01 | Loss: 1.9378e-06 | BC: 9.2246e-07 | PDE: 1.0154e-07 | Val: 8.9567e-07 | Test: 4.5359e-07 | LR=2.2e-05
Epoch  95/100 | Steps:  95000 | α=1e+01 | Loss: 1.8008e-06 | BC: 8.5153e-07 | PDE: 9.4926e-08 | Val: 8.5995e-07 | Test: 3.4406e-07 | LR=1.9e-05
Epoch  96/100 | Steps:  96000 | α=1e+01 | Loss: 1.8061e-06 | BC: 9.0211e-07 | PDE: 9.0398e-08 | Val: 8.4745e-07 | Test: 3.7331e-07 | LR=1.6e-05
Epoch  97/100 | Steps:  97000 | α=1e+01 | Loss: 1.7231e-06 | BC: 8.5392e-07 | PDE: 8.6920e-08 | Val: 8.5650e-07 | Test: 3.9248e-07 | LR=1.4e-05
Epoch  98/100 | Steps:  98000 | α=1e+01 | Loss: 1.6414e-06 | BC: 7.8663e-07 | PDE: 8.5473e-08 | Val: 8.0576e-07 | Test: 3.4379e-07 | LR=1.2e-05 *
Epoch  99/100 | Steps:  99000 | α=1e+01 | Loss: 1.6281e-06 | BC: 7.8829e-07 | PDE: 8.3980e-08 | Val: 7.7940e-07 | Test: 2.9846e-07 | LR=1.1e-05 *
Epoch 100/100 | Steps: 100000 | α=1e+01 | Loss: 1.6496e-06 | BC: 8.4765e-07 | PDE: 8.0191e-08 | Val: 8.7733e-07 | Test: 3.0481e-07 | LR=1.0e-05

Restored best model from epoch 99 (val_loss: 7.7940e-07, test_loss: 2.9846e-07)
Best checkpoint saved to: outputs/expr_6_4_eikonal/eikonal_origin_square/checkpoints/best_model.pt
Final checkpoint saved to: outputs/expr_6_4_eikonal/eikonal_origin_square/checkpoints/final_model.pt
Training completed in 695.03s (100,000 total steps)

Final Test MSE: 3.0481e-07
Inference (per point): 7.9536e-05s | (full domain): 7.9365e-05s
Saved .npz files to outputs/expr_6_4_eikonal/eikonal_origin_square/npy/
Saved plot to outputs/expr_6_4_eikonal/eikonal_origin_square/plots/results.png
