
============================================================
p-Laplacian Aronsson Example
============================================================

Generated full domain data:
  Boundary points: 40,000
  Interior points: 1,000,000
  Test points: 10,000
Re-sampling enabled: ~1,000,000 interior points per epoch

Splitting data: 80% train, 20% validation
  BC: 32,000 train, 8,000 val
  Interior: 800,000 train, 200,000 val

Loading checkpoint: outputs/expr_6_3_iter/p60to100_square/more_epochs/checkpoints/best_model_p100.pt

Model: PLaplacianPINN on Square [-1,1]²
  Hidden layers: [128, 128, 128, 128], activation: tanh
  η=1e-05, clip_residual=100.0, clip_grad_norm=1.0
  Outlier removal: top 2.0%
  Parameters: 50,049

Iterative Training Schedule:
  p values: [150, 200, 300, 400, 500]
  Epochs per p: 40


============================================================
Stage 1/5: Training with p=150
============================================================

Training configuration:
  Boundary points (train): 32,000 -> 80 batches of 400
  Interior points (train): 1,000,000 -> 1000 batches of 1000
  Interior sampling: RE-SAMPLE each epoch
  Boundary points (val): 8,000
  Validation loss: BC only
  Steps per epoch: 1,000
  Total steps: 40,000
  Epochs: 40
  Loss balancing: FixedAlphaSchedule
  LR scheduler: None (constant LR=1.0e-05)

/usr/local/lib/python3.12/dist-packages/torch/autograd/graph.py:824: UserWarning: Attempting to run cuBLAS, but there was no current CUDA context! Attempting to set the primary context... (Triggered internally at /opt/pytorch/pytorch/aten/src/ATen/cuda/CublasHandlePool.cpp:181.)
  return Variable._execution_engine.run_backward(  # Calls into the C++ engine to run the backward pass
Epoch   1/40 | Steps:   1000 | α=1e-04 | Loss: 1.5473e-05 | BC: 1.2908e-06 | PDE: 1.4182e-01 | Val: 9.8293e-07 | Test: 2.2682e-06 |  *
Epoch   2/40 | Steps:   2000 | α=1e-04 | Loss: 1.3210e-05 | BC: 1.1827e-06 | PDE: 1.2027e-01 | Val: 7.9638e-07 | Test: 2.0535e-06 |  *
Epoch   3/40 | Steps:   3000 | α=1e-04 | Loss: 1.4670e-05 | BC: 1.3510e-06 | PDE: 1.3319e-01 | Val: 6.8893e-07 | Test: 2.0755e-06 |  *
Epoch   4/40 | Steps:   4000 | α=1e-04 | Loss: 1.3774e-05 | BC: 1.1586e-06 | PDE: 1.2615e-01 | Val: 7.0951e-07 | Test: 1.9965e-06 | 
Epoch   5/40 | Steps:   5000 | α=1e-04 | Loss: 1.3344e-05 | BC: 1.1623e-06 | PDE: 1.2181e-01 | Val: 7.2596e-07 | Test: 2.0784e-06 | 
Epoch   6/40 | Steps:   6000 | α=1e-04 | Loss: 1.2876e-05 | BC: 1.1159e-06 | PDE: 1.1760e-01 | Val: 2.3546e-06 | Test: 3.2341e-06 | 
Epoch   7/40 | Steps:   7000 | α=1e-04 | Loss: 1.4412e-05 | BC: 1.1942e-06 | PDE: 1.3218e-01 | Val: 1.6483e-06 | Test: 2.8115e-06 | 
Epoch   8/40 | Steps:   8000 | α=1e-04 | Loss: 1.6836e-05 | BC: 1.8126e-06 | PDE: 1.5023e-01 | Val: 3.4241e-06 | Test: 4.0772e-06 | 
Epoch   9/40 | Steps:   9000 | α=1e-04 | Loss: 1.2107e-05 | BC: 9.6559e-07 | PDE: 1.1142e-01 | Val: 6.2358e-07 | Test: 2.0434e-06 |  *
Epoch  10/40 | Steps:  10000 | α=1e-04 | Loss: 1.2457e-05 | BC: 9.7528e-07 | PDE: 1.1482e-01 | Val: 1.1787e-06 | Test: 2.5661e-06 | 
Epoch  11/40 | Steps:  11000 | α=1e-04 | Loss: 1.2695e-05 | BC: 9.9875e-07 | PDE: 1.1696e-01 | Val: 5.6726e-07 | Test: 2.0145e-06 |  *
Epoch  12/40 | Steps:  12000 | α=1e-04 | Loss: 1.3417e-05 | BC: 1.2108e-06 | PDE: 1.2206e-01 | Val: 1.1596e-06 | Test: 2.4600e-06 | 
Epoch  13/40 | Steps:  13000 | α=1e-04 | Loss: 1.1499e-05 | BC: 9.0332e-07 | PDE: 1.0596e-01 | Val: 1.4250e-06 | Test: 2.6564e-06 | 
Epoch  14/40 | Steps:  14000 | α=1e-04 | Loss: 1.4119e-05 | BC: 1.3738e-06 | PDE: 1.2745e-01 | Val: 1.7288e-06 | Test: 3.1517e-06 | 
Epoch  15/40 | Steps:  15000 | α=1e-04 | Loss: 1.3211e-05 | BC: 1.2323e-06 | PDE: 1.1979e-01 | Val: 5.2270e-07 | Test: 1.8958e-06 |  *
Epoch  16/40 | Steps:  16000 | α=1e-04 | Loss: 1.1799e-05 | BC: 9.0288e-07 | PDE: 1.0897e-01 | Val: 6.4676e-07 | Test: 2.1078e-06 | 
Epoch  17/40 | Steps:  17000 | α=1e-04 | Loss: 1.1755e-05 | BC: 9.7727e-07 | PDE: 1.0778e-01 | Val: 1.6082e-06 | Test: 2.7916e-06 | 
Epoch  18/40 | Steps:  18000 | α=1e-04 | Loss: 1.2332e-05 | BC: 1.0350e-06 | PDE: 1.1297e-01 | Val: 1.8007e-06 | Test: 2.8488e-06 | 
Epoch  19/40 | Steps:  19000 | α=1e-04 | Loss: 1.2489e-05 | BC: 1.0483e-06 | PDE: 1.1441e-01 | Val: 1.9346e-06 | Test: 2.8131e-06 | 
Epoch  20/40 | Steps:  20000 | α=1e-04 | Loss: 1.2744e-05 | BC: 1.1128e-06 | PDE: 1.1632e-01 | Val: 6.4088e-07 | Test: 1.9395e-06 | 
Epoch  21/40 | Steps:  21000 | α=1e-04 | Loss: 1.2940e-05 | BC: 1.0853e-06 | PDE: 1.1855e-01 | Val: 5.3121e-07 | Test: 1.9399e-06 | 
Epoch  22/40 | Steps:  22000 | α=1e-04 | Loss: 1.1405e-05 | BC: 8.3383e-07 | PDE: 1.0571e-01 | Val: 9.3992e-07 | Test: 2.1741e-06 | 
Epoch  23/40 | Steps:  23000 | α=1e-04 | Loss: 1.2109e-05 | BC: 9.6978e-07 | PDE: 1.1139e-01 | Val: 5.8612e-06 | Test: 5.9716e-06 | 
Epoch  24/40 | Steps:  24000 | α=1e-04 | Loss: 1.2619e-05 | BC: 9.6037e-07 | PDE: 1.1658e-01 | Val: 9.0864e-07 | Test: 2.2887e-06 | 
Epoch  25/40 | Steps:  25000 | α=1e-04 | Loss: 1.1423e-05 | BC: 9.2456e-07 | PDE: 1.0498e-01 | Val: 7.2437e-07 | Test: 1.9863e-06 | 
Epoch  26/40 | Steps:  26000 | α=1e-04 | Loss: 1.2241e-05 | BC: 1.1056e-06 | PDE: 1.1135e-01 | Val: 7.8212e-07 | Test: 2.1265e-06 | 
Epoch  27/40 | Steps:  27000 | α=1e-04 | Loss: 1.2309e-05 | BC: 1.0424e-06 | PDE: 1.1266e-01 | Val: 7.6456e-07 | Test: 2.1929e-06 | 
Epoch  28/40 | Steps:  28000 | α=1e-04 | Loss: 1.0950e-05 | BC: 8.3824e-07 | PDE: 1.0112e-01 | Val: 9.0565e-06 | Test: 7.8624e-06 | 
Epoch  29/40 | Steps:  29000 | α=1e-04 | Loss: 1.4286e-05 | BC: 1.3747e-06 | PDE: 1.2911e-01 | Val: 1.0976e-06 | Test: 2.3418e-06 | 
Epoch  30/40 | Steps:  30000 | α=1e-04 | Loss: 1.1739e-05 | BC: 9.0807e-07 | PDE: 1.0831e-01 | Val: 6.7929e-07 | Test: 1.9558e-06 | 
Epoch  31/40 | Steps:  31000 | α=1e-04 | Loss: 1.1560e-05 | BC: 8.8814e-07 | PDE: 1.0672e-01 | Val: 8.0742e-07 | Test: 2.1695e-06 | 
Epoch  32/40 | Steps:  32000 | α=1e-04 | Loss: 1.1985e-05 | BC: 9.7537e-07 | PDE: 1.1010e-01 | Val: 1.1794e-06 | Test: 2.3766e-06 | 
Epoch  33/40 | Steps:  33000 | α=1e-04 | Loss: 1.1459e-05 | BC: 9.1033e-07 | PDE: 1.0549e-01 | Val: 6.0568e-07 | Test: 2.0042e-06 | 
Epoch  34/40 | Steps:  34000 | α=1e-04 | Loss: 1.3383e-05 | BC: 1.3915e-06 | PDE: 1.1992e-01 | Val: 7.1098e-07 | Test: 2.1291e-06 | 
Epoch  35/40 | Steps:  35000 | α=1e-04 | Loss: 1.2342e-05 | BC: 1.1285e-06 | PDE: 1.1214e-01 | Val: 6.9841e-07 | Test: 1.9796e-06 | 
Epoch  36/40 | Steps:  36000 | α=1e-04 | Loss: 1.2525e-05 | BC: 1.1446e-06 | PDE: 1.1380e-01 | Val: 7.5866e-07 | Test: 2.0607e-06 | 
Epoch  37/40 | Steps:  37000 | α=1e-04 | Loss: 1.1355e-05 | BC: 8.7740e-07 | PDE: 1.0478e-01 | Val: 5.4101e-07 | Test: 2.0190e-06 | 
Epoch  38/40 | Steps:  38000 | α=1e-04 | Loss: 1.3858e-05 | BC: 1.1465e-06 | PDE: 1.2711e-01 | Val: 8.5967e-07 | Test: 2.1770e-06 | 
Epoch  39/40 | Steps:  39000 | α=1e-04 | Loss: 1.1060e-05 | BC: 8.7507e-07 | PDE: 1.0185e-01 | Val: 1.3590e-06 | Test: 2.6219e-06 | 
Epoch  40/40 | Steps:  40000 | α=1e-04 | Loss: 1.1614e-05 | BC: 9.6079e-07 | PDE: 1.0653e-01 | Val: 1.0739e-06 | Test: 2.3740e-06 | 

Restored best model from epoch 15 (val_loss: 5.2270e-07, test_loss: 1.8958e-06)
Best checkpoint saved to: outputs/expr_6_3_iter/p150to500_square/more_epochs/checkpoints/best_model.pt
Final checkpoint saved to: outputs/expr_6_3_iter/p150to500_square/more_epochs/checkpoints/final_model.pt
Training completed in 373.01s (40,000 total steps)
  Stage 1 (p=150) PDE diagnostics:
    p-Lap (p=150) raw:        inf
    p-Lap (p=150) normalized: 2.3562e-03
    Inf-Lap raw:              2.1868e-03
    Inf-Lap normalized:       3.7862e-03

============================================================
Stage 2/5: Training with p=200
============================================================

Training configuration:
  Boundary points (train): 32,000 -> 80 batches of 400
  Interior points (train): 1,000,000 -> 1000 batches of 1000
  Interior sampling: RE-SAMPLE each epoch
  Boundary points (val): 8,000
  Validation loss: BC only
  Steps per epoch: 1,000
  Total steps: 40,000
  Epochs: 40
  Loss balancing: FixedAlphaSchedule
  LR scheduler: None (constant LR=1.0e-05)

Epoch   1/40 | Steps:   1000 | α=1e-04 | Loss: 2.4577e-05 | BC: 1.3458e-06 | PDE: 2.3232e-01 | Val: 1.0713e-06 | Test: 2.0444e-06 |  *
Epoch   2/40 | Steps:   2000 | α=1e-04 | Loss: 2.5308e-05 | BC: 1.6760e-06 | PDE: 2.3632e-01 | Val: 7.0055e-07 | Test: 1.6378e-06 |  *
Epoch   3/40 | Steps:   3000 | α=1e-04 | Loss: 2.3805e-05 | BC: 1.4701e-06 | PDE: 2.2335e-01 | Val: 4.1331e-06 | Test: 4.2856e-06 | 
Epoch   4/40 | Steps:   4000 | α=1e-04 | Loss: 2.6927e-05 | BC: 1.6990e-06 | PDE: 2.5228e-01 | Val: 5.6712e-07 | Test: 1.6400e-06 |  *
Epoch   5/40 | Steps:   5000 | α=1e-04 | Loss: 1.9303e-05 | BC: 1.0517e-06 | PDE: 1.8251e-01 | Val: 1.9050e-06 | Test: 2.3497e-06 | 
Epoch   6/40 | Steps:   6000 | α=1e-04 | Loss: 2.5748e-05 | BC: 1.4634e-06 | PDE: 2.4285e-01 | Val: 8.8583e-07 | Test: 1.8733e-06 | 
Epoch   7/40 | Steps:   7000 | α=1e-04 | Loss: 2.4300e-05 | BC: 1.5337e-06 | PDE: 2.2766e-01 | Val: 5.5909e-07 | Test: 1.6520e-06 |  *
Epoch   8/40 | Steps:   8000 | α=1e-04 | Loss: 2.5884e-05 | BC: 2.2673e-06 | PDE: 2.3617e-01 | Val: 2.0586e-06 | Test: 2.6084e-06 | 
Epoch   9/40 | Steps:   9000 | α=1e-04 | Loss: 2.3628e-05 | BC: 1.2789e-06 | PDE: 2.2349e-01 | Val: 2.2700e-06 | Test: 3.1626e-06 | 
Epoch  10/40 | Steps:  10000 | α=1e-04 | Loss: 2.2744e-05 | BC: 1.4232e-06 | PDE: 2.1321e-01 | Val: 6.1804e-07 | Test: 1.7709e-06 | 
Epoch  11/40 | Steps:  11000 | α=1e-04 | Loss: 2.5138e-05 | BC: 1.5448e-06 | PDE: 2.3593e-01 | Val: 1.6868e-06 | Test: 2.4087e-06 | 
Epoch  12/40 | Steps:  12000 | α=1e-04 | Loss: 2.1570e-05 | BC: 1.1946e-06 | PDE: 2.0375e-01 | Val: 9.5004e-07 | Test: 1.9660e-06 | 
Epoch  13/40 | Steps:  13000 | α=1e-04 | Loss: 2.2002e-05 | BC: 1.1998e-06 | PDE: 2.0802e-01 | Val: 2.5424e-06 | Test: 3.2212e-06 | 
Epoch  14/40 | Steps:  14000 | α=1e-04 | Loss: 2.3983e-05 | BC: 1.6329e-06 | PDE: 2.2350e-01 | Val: 5.6280e-07 | Test: 1.6797e-06 | 
Epoch  15/40 | Steps:  15000 | α=1e-04 | Loss: 2.0235e-05 | BC: 9.7695e-07 | PDE: 1.9258e-01 | Val: 3.4713e-06 | Test: 3.5805e-06 | 
Epoch  16/40 | Steps:  16000 | α=1e-04 | Loss: 2.0867e-05 | BC: 1.2373e-06 | PDE: 1.9630e-01 | Val: 2.2104e-06 | Test: 2.8752e-06 | 
Epoch  17/40 | Steps:  17000 | α=1e-04 | Loss: 2.1193e-05 | BC: 1.2314e-06 | PDE: 1.9961e-01 | Val: 7.1916e-07 | Test: 1.7331e-06 | 
Epoch  18/40 | Steps:  18000 | α=1e-04 | Loss: 1.9968e-05 | BC: 1.0969e-06 | PDE: 1.8871e-01 | Val: 4.9811e-07 | Test: 1.5858e-06 |  *
Epoch  19/40 | Steps:  19000 | α=1e-04 | Loss: 2.0934e-05 | BC: 1.2834e-06 | PDE: 1.9651e-01 | Val: 1.1857e-06 | Test: 2.4295e-06 | 
Epoch  20/40 | Steps:  20000 | α=1e-04 | Loss: 2.1026e-05 | BC: 1.2363e-06 | PDE: 1.9789e-01 | Val: 7.5036e-07 | Test: 1.7042e-06 | 
Epoch  21/40 | Steps:  21000 | α=1e-04 | Loss: 2.1854e-05 | BC: 1.3144e-06 | PDE: 2.0539e-01 | Val: 1.0081e-06 | Test: 1.9914e-06 | 
Epoch  22/40 | Steps:  22000 | α=1e-04 | Loss: 2.0441e-05 | BC: 1.1974e-06 | PDE: 1.9244e-01 | Val: 6.0299e-07 | Test: 1.7382e-06 | 
Epoch  23/40 | Steps:  23000 | α=1e-04 | Loss: 2.0053e-05 | BC: 1.0479e-06 | PDE: 1.9005e-01 | Val: 1.8311e-06 | Test: 2.2783e-06 | 
Epoch  24/40 | Steps:  24000 | α=1e-04 | Loss: 1.9854e-05 | BC: 9.9629e-07 | PDE: 1.8858e-01 | Val: 1.4152e-06 | Test: 2.6289e-06 | 
Epoch  25/40 | Steps:  25000 | α=1e-04 | Loss: 2.2649e-05 | BC: 1.5235e-06 | PDE: 2.1126e-01 | Val: 9.4938e-06 | Test: 6.7619e-06 | 
Epoch  26/40 | Steps:  26000 | α=1e-04 | Loss: 2.2284e-05 | BC: 1.3099e-06 | PDE: 2.0974e-01 | Val: 1.0636e-06 | Test: 1.9847e-06 | 
Epoch  27/40 | Steps:  27000 | α=1e-04 | Loss: 2.0565e-05 | BC: 1.1769e-06 | PDE: 1.9388e-01 | Val: 9.3947e-07 | Test: 1.9160e-06 | 
Epoch  28/40 | Steps:  28000 | α=1e-04 | Loss: 2.1719e-05 | BC: 1.4764e-06 | PDE: 2.0243e-01 | Val: 9.5922e-07 | Test: 1.8075e-06 | 
Epoch  29/40 | Steps:  29000 | α=1e-04 | Loss: 1.8418e-05 | BC: 9.8455e-07 | PDE: 1.7433e-01 | Val: 5.1177e-07 | Test: 1.6425e-06 | 
Epoch  30/40 | Steps:  30000 | α=1e-04 | Loss: 2.2873e-05 | BC: 1.5810e-06 | PDE: 2.1292e-01 | Val: 7.3520e-07 | Test: 1.9246e-06 | 
Epoch  31/40 | Steps:  31000 | α=1e-04 | Loss: 2.2929e-05 | BC: 1.5089e-06 | PDE: 2.1420e-01 | Val: 1.3493e-06 | Test: 1.9078e-06 | 
Epoch  32/40 | Steps:  32000 | α=1e-04 | Loss: 2.1497e-05 | BC: 1.4377e-06 | PDE: 2.0059e-01 | Val: 1.1010e-06 | Test: 2.0081e-06 | 
Epoch  33/40 | Steps:  33000 | α=1e-04 | Loss: 2.2555e-05 | BC: 1.7516e-06 | PDE: 2.0804e-01 | Val: 6.4422e-07 | Test: 1.8817e-06 | 
Epoch  34/40 | Steps:  34000 | α=1e-04 | Loss: 2.4438e-05 | BC: 1.6953e-06 | PDE: 2.2743e-01 | Val: 4.8640e-07 | Test: 1.5294e-06 |  *
Epoch  35/40 | Steps:  35000 | α=1e-04 | Loss: 2.0703e-05 | BC: 1.3170e-06 | PDE: 1.9386e-01 | Val: 1.0133e-06 | Test: 1.9510e-06 | 
Epoch  36/40 | Steps:  36000 | α=1e-04 | Loss: 1.9087e-05 | BC: 9.3731e-07 | PDE: 1.8150e-01 | Val: 6.4841e-06 | Test: 5.1832e-06 | 
Epoch  37/40 | Steps:  37000 | α=1e-04 | Loss: 1.9935e-05 | BC: 1.2018e-06 | PDE: 1.8734e-01 | Val: 5.6647e-07 | Test: 1.6347e-06 | 
Epoch  38/40 | Steps:  38000 | α=1e-04 | Loss: 1.9161e-05 | BC: 1.0154e-06 | PDE: 1.8145e-01 | Val: 8.2873e-07 | Test: 1.9989e-06 | 
Epoch  39/40 | Steps:  39000 | α=1e-04 | Loss: 2.1286e-05 | BC: 1.2678e-06 | PDE: 2.0019e-01 | Val: 5.7363e-07 | Test: 1.6243e-06 | 
Epoch  40/40 | Steps:  40000 | α=1e-04 | Loss: 2.6400e-05 | BC: 1.7965e-06 | PDE: 2.4603e-01 | Val: 7.8565e-07 | Test: 1.9074e-06 | 

Restored best model from epoch 34 (val_loss: 4.8640e-07, test_loss: 1.5294e-06)
Best checkpoint saved to: outputs/expr_6_3_iter/p150to500_square/more_epochs/checkpoints/best_model.pt
Final checkpoint saved to: outputs/expr_6_3_iter/p150to500_square/more_epochs/checkpoints/final_model.pt
Training completed in 346.90s (40,000 total steps)
  Stage 2 (p=200) PDE diagnostics:
    p-Lap (p=200) raw:        inf
    p-Lap (p=200) normalized: 2.0047e-03
    Inf-Lap raw:              1.4905e-03
    Inf-Lap normalized:       2.9014e-03

============================================================
Stage 3/5: Training with p=300
============================================================

Training configuration:
  Boundary points (train): 32,000 -> 80 batches of 400
  Interior points (train): 1,000,000 -> 1000 batches of 1000
  Interior sampling: RE-SAMPLE each epoch
  Boundary points (val): 8,000
  Validation loss: BC only
  Steps per epoch: 1,000
  Total steps: 40,000
  Epochs: 40
  Loss balancing: FixedAlphaSchedule
  LR scheduler: None (constant LR=1.0e-05)

Epoch   1/40 | Steps:   1000 | α=1e-04 | Loss: 4.9375e-05 | BC: 2.0906e-06 | PDE: 4.7284e-01 | Val: 3.9874e-06 | Test: 4.1313e-06 |  *
Epoch   2/40 | Steps:   2000 | α=1e-04 | Loss: 5.4126e-05 | BC: 2.3492e-06 | PDE: 5.1777e-01 | Val: 2.8963e-06 | Test: 2.5121e-06 |  *
Epoch   3/40 | Steps:   3000 | α=1e-04 | Loss: 4.8385e-05 | BC: 1.6016e-06 | PDE: 4.6783e-01 | Val: 2.1697e-06 | Test: 2.1567e-06 |  *
Epoch   4/40 | Steps:   4000 | α=1e-04 | Loss: 4.7265e-05 | BC: 1.9153e-06 | PDE: 4.5349e-01 | Val: 6.5950e-07 | Test: 1.4264e-06 |  *
Epoch   5/40 | Steps:   5000 | α=1e-04 | Loss: 5.0070e-05 | BC: 1.9947e-06 | PDE: 4.8075e-01 | Val: 1.3372e-06 | Test: 2.1930e-06 | 
Epoch   6/40 | Steps:   6000 | α=1e-04 | Loss: 4.4540e-05 | BC: 1.7752e-06 | PDE: 4.2765e-01 | Val: 1.1268e-06 | Test: 1.7035e-06 | 
Epoch   7/40 | Steps:   7000 | α=1e-04 | Loss: 4.8093e-05 | BC: 2.1270e-06 | PDE: 4.5966e-01 | Val: 1.7393e-06 | Test: 1.8955e-06 | 
Epoch   8/40 | Steps:   8000 | α=1e-04 | Loss: 4.5097e-05 | BC: 1.6006e-06 | PDE: 4.3497e-01 | Val: 2.6674e-06 | Test: 2.7703e-06 | 
Epoch   9/40 | Steps:   9000 | α=1e-04 | Loss: 4.3022e-05 | BC: 1.6910e-06 | PDE: 4.1331e-01 | Val: 1.2144e-06 | Test: 1.7832e-06 | 
Epoch  10/40 | Steps:  10000 | α=1e-04 | Loss: 4.9305e-05 | BC: 2.2763e-06 | PDE: 4.7029e-01 | Val: 3.6545e-06 | Test: 3.6298e-06 | 
Epoch  11/40 | Steps:  11000 | α=1e-04 | Loss: 4.7489e-05 | BC: 1.9581e-06 | PDE: 4.5531e-01 | Val: 1.1084e-06 | Test: 1.8603e-06 | 
Epoch  12/40 | Steps:  12000 | α=1e-04 | Loss: 4.4910e-05 | BC: 1.9927e-06 | PDE: 4.2918e-01 | Val: 1.5865e-06 | Test: 2.0035e-06 | 
Epoch  13/40 | Steps:  13000 | α=1e-04 | Loss: 5.3022e-05 | BC: 2.1145e-06 | PDE: 5.0907e-01 | Val: 1.7365e-06 | Test: 1.9545e-06 | 
Epoch  14/40 | Steps:  14000 | α=1e-04 | Loss: 4.6795e-05 | BC: 1.9482e-06 | PDE: 4.4847e-01 | Val: 2.0621e-06 | Test: 2.6402e-06 | 
Epoch  15/40 | Steps:  15000 | α=1e-04 | Loss: 5.0841e-05 | BC: 2.4824e-06 | PDE: 4.8359e-01 | Val: 1.3440e-06 | Test: 2.0128e-06 | 
Epoch  16/40 | Steps:  16000 | α=1e-04 | Loss: 4.7945e-05 | BC: 2.0669e-06 | PDE: 4.5878e-01 | Val: 8.4905e-07 | Test: 1.7713e-06 | 
Epoch  17/40 | Steps:  17000 | α=1e-04 | Loss: 4.6192e-05 | BC: 2.0256e-06 | PDE: 4.4166e-01 | Val: 7.5089e-07 | Test: 1.5377e-06 | 
Epoch  18/40 | Steps:  18000 | α=1e-04 | Loss: 4.1766e-05 | BC: 1.7203e-06 | PDE: 4.0046e-01 | Val: 6.2083e-06 | Test: 4.2790e-06 | 
Epoch  19/40 | Steps:  19000 | α=1e-04 | Loss: 4.5529e-05 | BC: 1.8032e-06 | PDE: 4.3726e-01 | Val: 6.9783e-07 | Test: 1.4224e-06 | 
Epoch  20/40 | Steps:  20000 | α=1e-04 | Loss: 5.1572e-05 | BC: 2.3386e-06 | PDE: 4.9234e-01 | Val: 1.5164e-06 | Test: 2.1785e-06 | 
Epoch  21/40 | Steps:  21000 | α=1e-04 | Loss: 5.4770e-05 | BC: 3.0165e-06 | PDE: 5.1753e-01 | Val: 9.9780e-07 | Test: 1.7801e-06 | 
Epoch  22/40 | Steps:  22000 | α=1e-04 | Loss: 4.6708e-05 | BC: 1.9076e-06 | PDE: 4.4801e-01 | Val: 1.2650e-06 | Test: 1.6043e-06 | 
Epoch  23/40 | Steps:  23000 | α=1e-04 | Loss: 4.3642e-05 | BC: 1.8254e-06 | PDE: 4.1817e-01 | Val: 9.8672e-07 | Test: 1.8068e-06 | 
Epoch  24/40 | Steps:  24000 | α=1e-04 | Loss: 4.7254e-05 | BC: 2.2071e-06 | PDE: 4.5047e-01 | Val: 3.3204e-06 | Test: 3.2329e-06 | 
Epoch  25/40 | Steps:  25000 | α=1e-04 | Loss: 4.8110e-05 | BC: 2.2749e-06 | PDE: 4.5835e-01 | Val: 6.2582e-06 | Test: 4.9440e-06 | 
Epoch  26/40 | Steps:  26000 | α=1e-04 | Loss: 4.5270e-05 | BC: 1.7943e-06 | PDE: 4.3476e-01 | Val: 6.9910e-07 | Test: 1.5102e-06 | 
Epoch  27/40 | Steps:  27000 | α=1e-04 | Loss: 4.4089e-05 | BC: 1.4120e-06 | PDE: 4.2677e-01 | Val: 2.5766e-06 | Test: 2.7852e-06 | 
Epoch  28/40 | Steps:  28000 | α=1e-04 | Loss: 4.6100e-05 | BC: 1.8813e-06 | PDE: 4.4219e-01 | Val: 2.2589e-06 | Test: 2.2539e-06 | 
Epoch  29/40 | Steps:  29000 | α=1e-04 | Loss: 4.6226e-05 | BC: 1.8713e-06 | PDE: 4.4354e-01 | Val: 6.6120e-07 | Test: 1.4609e-06 | 
Epoch  30/40 | Steps:  30000 | α=1e-04 | Loss: 4.6707e-05 | BC: 1.8964e-06 | PDE: 4.4811e-01 | Val: 4.0091e-06 | Test: 3.8450e-06 | 
Epoch  31/40 | Steps:  31000 | α=1e-04 | Loss: 4.6403e-05 | BC: 1.8704e-06 | PDE: 4.4533e-01 | Val: 2.0920e-06 | Test: 2.0876e-06 | 
Epoch  32/40 | Steps:  32000 | α=1e-04 | Loss: 3.9443e-05 | BC: 1.3011e-06 | PDE: 3.8142e-01 | Val: 7.4845e-07 | Test: 1.4741e-06 | 
Epoch  33/40 | Steps:  33000 | α=1e-04 | Loss: 5.1826e-05 | BC: 2.1738e-06 | PDE: 4.9653e-01 | Val: 6.4367e-06 | Test: 4.9433e-06 | 
Epoch  34/40 | Steps:  34000 | α=1e-04 | Loss: 4.2960e-05 | BC: 1.8323e-06 | PDE: 4.1128e-01 | Val: 8.4702e-07 | Test: 1.5578e-06 | 
Epoch  35/40 | Steps:  35000 | α=1e-04 | Loss: 5.4145e-05 | BC: 2.5795e-06 | PDE: 5.1565e-01 | Val: 9.8158e-07 | Test: 1.6732e-06 | 
Epoch  36/40 | Steps:  36000 | α=1e-04 | Loss: 3.8795e-05 | BC: 1.4001e-06 | PDE: 3.7395e-01 | Val: 4.9721e-06 | Test: 3.7381e-06 | 
Epoch  37/40 | Steps:  37000 | α=1e-04 | Loss: 6.7854e-05 | BC: 2.1006e-06 | PDE: 6.5754e-01 | Val: 1.2525e-06 | Test: 1.7964e-06 | 
Epoch  38/40 | Steps:  38000 | α=1e-04 | Loss: 4.7139e-05 | BC: 2.1469e-06 | PDE: 4.4992e-01 | Val: 9.8924e-07 | Test: 1.7583e-06 | 
Epoch  39/40 | Steps:  39000 | α=1e-04 | Loss: 3.8344e-05 | BC: 1.1487e-06 | PDE: 3.7195e-01 | Val: 2.7833e-06 | Test: 2.8651e-06 | 
Epoch  40/40 | Steps:  40000 | α=1e-04 | Loss: 4.1848e-05 | BC: 1.6212e-06 | PDE: 4.0227e-01 | Val: 3.2852e-06 | Test: 3.6345e-06 | 

Restored best model from epoch 4 (val_loss: 6.5950e-07, test_loss: 1.4264e-06)
Best checkpoint saved to: outputs/expr_6_3_iter/p150to500_square/more_epochs/checkpoints/best_model.pt
Final checkpoint saved to: outputs/expr_6_3_iter/p150to500_square/more_epochs/checkpoints/final_model.pt
Training completed in 398.06s (40,000 total steps)
  Stage 3 (p=300) PDE diagnostics:
    p-Lap (p=300) raw:        inf
    p-Lap (p=300) normalized: 2.0333e-03
    Inf-Lap raw:              1.1879e-03
    Inf-Lap normalized:       2.5969e-03

============================================================
Stage 4/5: Training with p=400
============================================================

Training configuration:
  Boundary points (train): 32,000 -> 80 batches of 400
  Interior points (train): 1,000,000 -> 1000 batches of 1000
  Interior sampling: RE-SAMPLE each epoch
  Boundary points (val): 8,000
  Validation loss: BC only
  Steps per epoch: 1,000
  Total steps: 40,000
  Epochs: 40
  Loss balancing: FixedAlphaSchedule
  LR scheduler: None (constant LR=1.0e-05)

Epoch   1/40 | Steps:   1000 | α=1e-04 | Loss: 1.0428e-04 | BC: 2.4137e-06 | PDE: 1.0187e+00 | Val: 2.1299e-06 | Test: 2.0378e-06 |  *
Epoch   2/40 | Steps:   2000 | α=1e-04 | Loss: 8.1121e-05 | BC: 2.3101e-06 | PDE: 7.8811e-01 | Val: 3.8840e-06 | Test: 2.8237e-06 | 
Epoch   3/40 | Steps:   3000 | α=1e-04 | Loss: 1.0206e-04 | BC: 2.5758e-06 | PDE: 9.9482e-01 | Val: 1.1816e-06 | Test: 1.4101e-06 |  *
Epoch   4/40 | Steps:   4000 | α=1e-04 | Loss: 1.2487e-04 | BC: 1.9431e-06 | PDE: 1.2293e+00 | Val: 8.3952e-07 | Test: 1.3850e-06 |  *
Epoch   5/40 | Steps:   5000 | α=1e-04 | Loss: 1.0666e-04 | BC: 2.4224e-06 | PDE: 1.0424e+00 | Val: 3.0893e-06 | Test: 3.3916e-06 | 
Epoch   6/40 | Steps:   6000 | α=1e-04 | Loss: 1.0360e-04 | BC: 2.2620e-06 | PDE: 1.0134e+00 | Val: 2.1591e-06 | Test: 2.4244e-06 | 
Epoch   7/40 | Steps:   7000 | α=1e-04 | Loss: 9.6753e-05 | BC: 2.3417e-06 | PDE: 9.4411e-01 | Val: 1.2568e-06 | Test: 1.5448e-06 | 
Epoch   8/40 | Steps:   8000 | α=1e-04 | Loss: 8.5867e-05 | BC: 2.7466e-06 | PDE: 8.3120e-01 | Val: 6.3857e-06 | Test: 4.9071e-06 | 
Epoch   9/40 | Steps:   9000 | α=1e-04 | Loss: 6.9061e-05 | BC: 2.0977e-06 | PDE: 6.6963e-01 | Val: 8.0999e-07 | Test: 1.3798e-06 |  *
Epoch  10/40 | Steps:  10000 | α=1e-04 | Loss: 1.0702e-04 | BC: 2.7631e-06 | PDE: 1.0425e+00 | Val: 1.2463e-06 | Test: 1.7601e-06 | 
Epoch  11/40 | Steps:  11000 | α=1e-04 | Loss: 8.2411e-05 | BC: 2.0177e-06 | PDE: 8.0393e-01 | Val: 4.0182e-06 | Test: 3.4854e-06 | 
Epoch  12/40 | Steps:  12000 | α=1e-04 | Loss: 8.6716e-05 | BC: 2.8490e-06 | PDE: 8.3867e-01 | Val: 2.7114e-06 | Test: 2.4603e-06 | 
Epoch  13/40 | Steps:  13000 | α=1e-04 | Loss: 8.2265e-05 | BC: 2.5009e-06 | PDE: 7.9765e-01 | Val: 2.4718e-06 | Test: 2.5164e-06 | 
Epoch  14/40 | Steps:  14000 | α=1e-04 | Loss: 8.4700e-05 | BC: 2.4014e-06 | PDE: 8.2299e-01 | Val: 1.6517e-06 | Test: 1.8976e-06 | 
Epoch  15/40 | Steps:  15000 | α=1e-04 | Loss: 8.0788e-05 | BC: 2.4107e-06 | PDE: 7.8378e-01 | Val: 2.0885e-06 | Test: 1.9435e-06 | 
Epoch  16/40 | Steps:  16000 | α=1e-04 | Loss: 7.1426e-05 | BC: 2.1175e-06 | PDE: 6.9309e-01 | Val: 1.2262e-06 | Test: 1.6262e-06 | 
Epoch  17/40 | Steps:  17000 | α=1e-04 | Loss: 9.5365e-05 | BC: 2.9113e-06 | PDE: 9.2454e-01 | Val: 1.1881e-06 | Test: 1.4987e-06 | 
Epoch  18/40 | Steps:  18000 | α=1e-04 | Loss: 8.0545e-05 | BC: 2.5549e-06 | PDE: 7.7990e-01 | Val: 1.7391e-06 | Test: 2.1506e-06 | 
Epoch  19/40 | Steps:  19000 | α=1e-04 | Loss: 7.4605e-05 | BC: 2.6572e-06 | PDE: 7.1948e-01 | Val: 2.2621e-06 | Test: 2.9739e-06 | 
Epoch  20/40 | Steps:  20000 | α=1e-04 | Loss: 6.5634e-05 | BC: 1.8187e-06 | PDE: 6.3815e-01 | Val: 7.8408e-06 | Test: 7.1835e-06 | 
Epoch  21/40 | Steps:  21000 | α=1e-04 | Loss: 8.2923e-05 | BC: 3.1239e-06 | PDE: 7.9799e-01 | Val: 3.5418e-06 | Test: 3.5698e-06 | 
Epoch  22/40 | Steps:  22000 | α=1e-04 | Loss: 8.3725e-05 | BC: 2.6548e-06 | PDE: 8.1070e-01 | Val: 2.6852e-06 | Test: 2.0630e-06 | 
Epoch  23/40 | Steps:  23000 | α=1e-04 | Loss: 8.5155e-05 | BC: 2.9016e-06 | PDE: 8.2253e-01 | Val: 1.2106e-06 | Test: 1.5106e-06 | 
Epoch  24/40 | Steps:  24000 | α=1e-04 | Loss: 7.7846e-05 | BC: 2.4434e-06 | PDE: 7.5403e-01 | Val: 1.2482e-06 | Test: 1.5010e-06 | 
Epoch  25/40 | Steps:  25000 | α=1e-04 | Loss: 7.1433e-05 | BC: 1.7979e-06 | PDE: 6.9635e-01 | Val: 5.3641e-06 | Test: 4.6979e-06 | 
Epoch  26/40 | Steps:  26000 | α=1e-04 | Loss: 8.3328e-05 | BC: 2.4470e-06 | PDE: 8.0881e-01 | Val: 1.6362e-06 | Test: 2.4124e-06 | 
Epoch  27/40 | Steps:  27000 | α=1e-04 | Loss: 1.0773e-04 | BC: 2.9265e-06 | PDE: 1.0480e+00 | Val: 3.2962e-06 | Test: 2.4270e-06 | 
Epoch  28/40 | Steps:  28000 | α=1e-04 | Loss: 7.1040e-05 | BC: 1.8984e-06 | PDE: 6.9142e-01 | Val: 2.0794e-06 | Test: 2.6041e-06 | 
Epoch  29/40 | Steps:  29000 | α=1e-04 | Loss: 7.6235e-05 | BC: 2.2617e-06 | PDE: 7.3973e-01 | Val: 3.6371e-06 | Test: 3.3096e-06 | 
Epoch  30/40 | Steps:  30000 | α=1e-04 | Loss: 7.3054e-05 | BC: 2.0757e-06 | PDE: 7.0979e-01 | Val: 1.0608e-06 | Test: 1.6653e-06 | 
Epoch  31/40 | Steps:  31000 | α=1e-04 | Loss: 7.0969e-05 | BC: 1.9167e-06 | PDE: 6.9052e-01 | Val: 3.3034e-06 | Test: 3.6607e-06 | 
Epoch  32/40 | Steps:  32000 | α=1e-04 | Loss: 1.2561e-04 | BC: 3.5355e-06 | PDE: 1.2207e+00 | Val: 1.2120e-06 | Test: 1.4257e-06 | 
Epoch  33/40 | Steps:  33000 | α=1e-04 | Loss: 7.9897e-05 | BC: 3.2985e-06 | PDE: 7.6599e-01 | Val: 1.2191e-06 | Test: 1.6813e-06 | 
Epoch  34/40 | Steps:  34000 | α=1e-04 | Loss: 7.0330e-05 | BC: 2.0581e-06 | PDE: 6.8272e-01 | Val: 1.3172e-06 | Test: 1.6742e-06 | 
Epoch  35/40 | Steps:  35000 | α=1e-04 | Loss: 7.6552e-05 | BC: 2.2794e-06 | PDE: 7.4272e-01 | Val: 1.6741e-06 | Test: 2.2113e-06 | 
Epoch  36/40 | Steps:  36000 | α=1e-04 | Loss: 1.0417e-04 | BC: 2.5846e-06 | PDE: 1.0158e+00 | Val: 9.1312e-07 | Test: 1.4911e-06 | 
Epoch  37/40 | Steps:  37000 | α=1e-04 | Loss: 1.2426e-04 | BC: 2.4361e-06 | PDE: 1.2183e+00 | Val: 1.4384e-06 | Test: 1.6764e-06 | 
Epoch  38/40 | Steps:  38000 | α=1e-04 | Loss: 8.1233e-05 | BC: 2.3974e-06 | PDE: 7.8835e-01 | Val: 1.4687e-06 | Test: 2.0013e-06 | 
Epoch  39/40 | Steps:  39000 | α=1e-04 | Loss: 7.8616e-05 | BC: 2.3574e-06 | PDE: 7.6259e-01 | Val: 9.3741e-07 | Test: 1.4985e-06 | 
Epoch  40/40 | Steps:  40000 | α=1e-04 | Loss: 6.8455e-05 | BC: 2.4498e-06 | PDE: 6.6005e-01 | Val: 9.9250e-07 | Test: 1.7781e-06 | 

Restored best model from epoch 9 (val_loss: 8.0999e-07, test_loss: 1.3798e-06)
Best checkpoint saved to: outputs/expr_6_3_iter/p150to500_square/more_epochs/checkpoints/best_model.pt
Final checkpoint saved to: outputs/expr_6_3_iter/p150to500_square/more_epochs/checkpoints/final_model.pt
Training completed in 343.61s (40,000 total steps)
  Stage 4 (p=400) PDE diagnostics:
    p-Lap (p=400) raw:        inf
    p-Lap (p=400) normalized: 2.0500e-03
    Inf-Lap raw:              1.0334e-03
    Inf-Lap normalized:       2.4575e-03

============================================================
Stage 5/5: Training with p=500
============================================================

Training configuration:
  Boundary points (train): 32,000 -> 80 batches of 400
  Interior points (train): 1,000,000 -> 1000 batches of 1000
  Interior sampling: RE-SAMPLE each epoch
  Boundary points (val): 8,000
  Validation loss: BC only
  Steps per epoch: 1,000
  Total steps: 40,000
  Epochs: 40
  Loss balancing: FixedAlphaSchedule
  LR scheduler: None (constant LR=1.0e-05)

Epoch   1/40 | Steps:   1000 | α=1e-04 | Loss: 1.1459e-04 | BC: 2.5966e-06 | PDE: 1.1199e+00 | Val: 2.8051e-06 | Test: 2.5582e-06 |  *
Epoch   2/40 | Steps:   2000 | α=1e-04 | Loss: 2.7211e-04 | BC: 3.5374e-06 | PDE: 2.6858e+00 | Val: 1.4723e-06 | Test: 1.6613e-06 |  *
Epoch   3/40 | Steps:   3000 | α=1e-04 | Loss: 1.2419e-04 | BC: 4.1726e-06 | PDE: 1.2001e+00 | Val: 2.4904e-06 | Test: 2.1548e-06 | 
Epoch   4/40 | Steps:   4000 | α=1e-04 | Loss: 1.6117e-04 | BC: 3.5416e-06 | PDE: 1.5763e+00 | Val: 3.8661e-06 | Test: 3.0657e-06 | 
Epoch   5/40 | Steps:   5000 | α=1e-04 | Loss: 2.2124e-04 | BC: 3.9871e-06 | PDE: 2.1725e+00 | Val: 1.0295e-05 | Test: 7.3833e-06 | 
Epoch   6/40 | Steps:   6000 | α=1e-04 | Loss: 1.7836e-04 | BC: 2.9921e-06 | PDE: 1.7536e+00 | Val: 2.3172e-06 | Test: 2.1883e-06 | 
Epoch   7/40 | Steps:   7000 | α=1e-04 | Loss: 1.2014e-04 | BC: 2.3934e-06 | PDE: 1.1775e+00 | Val: 4.0951e-06 | Test: 3.9401e-06 | 
Epoch   8/40 | Steps:   8000 | α=1e-04 | Loss: 1.1156e-04 | BC: 2.1308e-06 | PDE: 1.0942e+00 | Val: 6.0767e-06 | Test: 4.5844e-06 | 
Epoch   9/40 | Steps:   9000 | α=1e-04 | Loss: 1.3769e-04 | BC: 2.7317e-06 | PDE: 1.3496e+00 | Val: 1.7822e-06 | Test: 1.8699e-06 | 
Epoch  10/40 | Steps:  10000 | α=1e-04 | Loss: 1.1158e-04 | BC: 2.5462e-06 | PDE: 1.0904e+00 | Val: 2.8667e-06 | Test: 2.6211e-06 | 
Epoch  11/40 | Steps:  11000 | α=1e-04 | Loss: 2.2841e-04 | BC: 2.7144e-06 | PDE: 2.2570e+00 | Val: 2.1036e-06 | Test: 2.1307e-06 | 
Epoch  12/40 | Steps:  12000 | α=1e-04 | Loss: 1.3696e-04 | BC: 2.4085e-06 | PDE: 1.3455e+00 | Val: 3.4159e-06 | Test: 3.2859e-06 | 
Epoch  13/40 | Steps:  13000 | α=1e-04 | Loss: 1.8364e-04 | BC: 3.3675e-06 | PDE: 1.8027e+00 | Val: 2.6655e-06 | Test: 2.3384e-06 | 
Epoch  14/40 | Steps:  14000 | α=1e-04 | Loss: 1.6363e-04 | BC: 2.9901e-06 | PDE: 1.6064e+00 | Val: 2.8460e-06 | Test: 2.3442e-06 | 
Epoch  15/40 | Steps:  15000 | α=1e-04 | Loss: 2.0457e-04 | BC: 2.9247e-06 | PDE: 2.0165e+00 | Val: 1.6645e-06 | Test: 1.9675e-06 | 
Epoch  16/40 | Steps:  16000 | α=1e-04 | Loss: 1.2693e-04 | BC: 2.3172e-06 | PDE: 1.2461e+00 | Val: 2.0989e-06 | Test: 2.1714e-06 | 
Epoch  17/40 | Steps:  17000 | α=1e-04 | Loss: 1.5882e-04 | BC: 3.3372e-06 | PDE: 1.5549e+00 | Val: 4.8625e-06 | Test: 4.2113e-06 | 
Epoch  18/40 | Steps:  18000 | α=1e-04 | Loss: 1.5184e-04 | BC: 2.4867e-06 | PDE: 1.4935e+00 | Val: 1.4146e-06 | Test: 1.8224e-06 |  *
Epoch  19/40 | Steps:  19000 | α=1e-04 | Loss: 1.4002e-04 | BC: 2.7959e-06 | PDE: 1.3723e+00 | Val: 2.1286e-06 | Test: 2.4856e-06 | 
Epoch  20/40 | Steps:  20000 | α=1e-04 | Loss: 1.5549e-04 | BC: 2.2326e-06 | PDE: 1.5326e+00 | Val: 1.9329e-06 | Test: 2.0311e-06 | 
Epoch  21/40 | Steps:  21000 | α=1e-04 | Loss: 1.1096e-04 | BC: 2.4210e-06 | PDE: 1.0854e+00 | Val: 6.1794e-06 | Test: 4.7966e-06 | 
Epoch  22/40 | Steps:  22000 | α=1e-04 | Loss: 1.4000e-04 | BC: 3.5010e-06 | PDE: 1.3650e+00 | Val: 4.5197e-06 | Test: 3.7590e-06 | 
Epoch  23/40 | Steps:  23000 | α=1e-04 | Loss: 1.0678e-04 | BC: 3.2754e-06 | PDE: 1.0351e+00 | Val: 2.4123e-06 | Test: 2.4997e-06 | 
Epoch  24/40 | Steps:  24000 | α=1e-04 | Loss: 1.1364e-04 | BC: 2.4268e-06 | PDE: 1.1121e+00 | Val: 3.5114e-06 | Test: 2.8812e-06 | 
Epoch  25/40 | Steps:  25000 | α=1e-04 | Loss: 1.1379e-04 | BC: 2.6103e-06 | PDE: 1.1118e+00 | Val: 3.4261e-06 | Test: 3.4077e-06 | 
Epoch  26/40 | Steps:  26000 | α=1e-04 | Loss: 1.0209e-04 | BC: 2.2159e-06 | PDE: 9.9874e-01 | Val: 2.3734e-06 | Test: 2.6564e-06 | 
Epoch  27/40 | Steps:  27000 | α=1e-04 | Loss: 1.3717e-04 | BC: 3.0703e-06 | PDE: 1.3409e+00 | Val: 1.4280e-06 | Test: 1.8594e-06 | 
Epoch  28/40 | Steps:  28000 | α=1e-04 | Loss: 1.5121e-04 | BC: 2.5448e-06 | PDE: 1.4866e+00 | Val: 4.9409e-06 | Test: 4.9493e-06 | 
Epoch  29/40 | Steps:  29000 | α=1e-04 | Loss: 1.9034e-04 | BC: 2.6353e-06 | PDE: 1.8771e+00 | Val: 1.1136e-06 | Test: 1.5400e-06 |  *
Epoch  30/40 | Steps:  30000 | α=1e-04 | Loss: 1.3197e-04 | BC: 2.8152e-06 | PDE: 1.2916e+00 | Val: 7.0379e-06 | Test: 4.8643e-06 | 
Epoch  31/40 | Steps:  31000 | α=1e-04 | Loss: 1.4315e-04 | BC: 3.9953e-06 | PDE: 1.3916e+00 | Val: 4.7997e-06 | Test: 4.8397e-06 | 
Epoch  32/40 | Steps:  32000 | α=1e-04 | Loss: 1.5999e-04 | BC: 3.2174e-06 | PDE: 1.5677e+00 | Val: 2.0333e-06 | Test: 2.3590e-06 | 
Epoch  33/40 | Steps:  33000 | α=1e-04 | Loss: 1.4747e-04 | BC: 2.2256e-06 | PDE: 1.4524e+00 | Val: 3.9345e-06 | Test: 2.7326e-06 | 
Epoch  34/40 | Steps:  34000 | α=1e-04 | Loss: 1.3739e-04 | BC: 3.0068e-06 | PDE: 1.3438e+00 | Val: 6.4375e-06 | Test: 5.5007e-06 | 
Epoch  35/40 | Steps:  35000 | α=1e-04 | Loss: 1.0583e-04 | BC: 3.3823e-06 | PDE: 1.0245e+00 | Val: 3.9224e-06 | Test: 3.5879e-06 | 
Epoch  36/40 | Steps:  36000 | α=1e-04 | Loss: 1.6039e-04 | BC: 3.3332e-06 | PDE: 1.5706e+00 | Val: 1.7739e-06 | Test: 1.9831e-06 | 
Epoch  37/40 | Steps:  37000 | α=1e-04 | Loss: 1.1214e-04 | BC: 2.9518e-06 | PDE: 1.0919e+00 | Val: 2.5695e-06 | Test: 2.5848e-06 | 
Epoch  38/40 | Steps:  38000 | α=1e-04 | Loss: 1.3349e-04 | BC: 2.8264e-06 | PDE: 1.3067e+00 | Val: 4.9143e-06 | Test: 4.0597e-06 | 
Epoch  39/40 | Steps:  39000 | α=1e-04 | Loss: 1.2852e-04 | BC: 2.9643e-06 | PDE: 1.2556e+00 | Val: 2.4844e-06 | Test: 2.3428e-06 | 
Epoch  40/40 | Steps:  40000 | α=1e-04 | Loss: 1.3368e-04 | BC: 2.9031e-06 | PDE: 1.3078e+00 | Val: 2.8901e-06 | Test: 2.5543e-06 | 

Restored best model from epoch 29 (val_loss: 1.1136e-06, test_loss: 1.5400e-06)
Best checkpoint saved to: outputs/expr_6_3_iter/p150to500_square/more_epochs/checkpoints/best_model.pt
Final checkpoint saved to: outputs/expr_6_3_iter/p150to500_square/more_epochs/checkpoints/final_model.pt
Training completed in 348.66s (40,000 total steps)
  Stage 5 (p=500) PDE diagnostics:
    p-Lap (p=500) raw:        inf
    p-Lap (p=500) normalized: 2.1107e-03
    Inf-Lap raw:              8.8244e-04
    Inf-Lap normalized:       2.4139e-03

Iterative training completed in 1810.25s
Total epochs: 200

Final Test MSE: 2.5543e-06
Inference (per point): 7.7875e-05s | (full domain): 7.7393e-05s
p-Lap (p=500) PDE test (raw):        inf
p-Lap (p=500) PDE test (normalized): 2.1107e-03
Inf-Lap PDE test (raw):                    8.8244e-04
Inf-Lap PDE test (normalized):             2.4139e-03
Saved .npz files to outputs/expr_6_3_iter/p150to500_square/more_epochs/npy/
Saved plot to outputs/expr_6_3_iter/p150to500_square/more_epochs/plots/results.png
