
============================================================
p-Laplacian Aronsson Example
============================================================

Generated full domain data:
  Boundary points: 40,000
  Interior points: 1,000,000
  Test points: 10,000
Re-sampling enabled: ~1,000,000 interior points per epoch

Splitting data: 80% train, 20% validation
  BC: 32,000 train, 8,000 val
  Interior: 800,000 train, 200,000 val

Loading checkpoint: outputs/expr_7_2_iter/p2to20_square/checkpoints/best_model_p20.pt

Model: PLaplacianPINN on Square [-1,1]²
  Hidden layers: [128, 128, 128, 128], activation: tanh
  η=0.0, clip_residual=0.0, clip_grad_norm=0.0
  Outlier removal: top 2.0%
  Parameters: 50,049

Iterative Training Schedule:
  p values: [25, 30, 40, 50]
  Epochs per p: 20


============================================================
Stage 1/4: Training with p=25
============================================================

Training configuration:
  Boundary points (train): 32,000 -> 80 batches of 400
  Interior points (train): 1,000,000 -> 1000 batches of 1000
  Interior sampling: RE-SAMPLE each epoch
  Boundary points (val): 8,000
  Validation loss: BC only
  Steps per epoch: 1,000
  Total steps: 20,000
  Epochs: 20
  Loss balancing: FixedAlphaSchedule
  LR scheduler: None (constant LR=1.0e-05)

/usr/local/lib/python3.12/dist-packages/torch/autograd/graph.py:824: UserWarning: Attempting to run cuBLAS, but there was no current CUDA context! Attempting to set the primary context... (Triggered internally at /opt/pytorch/pytorch/aten/src/ATen/cuda/CublasHandlePool.cpp:181.)
  return Variable._execution_engine.run_backward(  # Calls into the C++ engine to run the backward pass
Epoch   1/20 | Steps:   1000 | α=1e-02 | Loss: 1.1428e+04 | BC: 3.0309e-05 | PDE: 1.1428e+06 | Val: 7.2847e-05 | Test: 8.6281e-05 |  *
Epoch   2/20 | Steps:   2000 | α=1e-02 | Loss: 4.2259e+03 | BC: 1.5125e-04 | PDE: 4.2259e+05 | Val: 2.4812e-04 | Test: 1.8570e-04 | 
Epoch   3/20 | Steps:   3000 | α=1e-02 | Loss: 2.5648e+03 | BC: 3.6571e-04 | PDE: 2.5648e+05 | Val: 4.9693e-04 | Test: 3.1685e-04 | 
Epoch   4/20 | Steps:   4000 | α=1e-02 | Loss: 1.4436e+03 | BC: 6.5442e-04 | PDE: 1.4436e+05 | Val: 8.3313e-04 | Test: 4.8514e-04 | 
Epoch   5/20 | Steps:   5000 | α=1e-02 | Loss: 9.0444e+02 | BC: 1.0182e-03 | PDE: 9.0444e+04 | Val: 1.2307e-03 | Test: 6.7832e-04 | 
Epoch   6/20 | Steps:   6000 | α=1e-02 | Loss: 5.5537e+02 | BC: 1.4438e-03 | PDE: 5.5537e+04 | Val: 1.6755e-03 | Test: 8.9205e-04 | 
Epoch   7/20 | Steps:   7000 | α=1e-02 | Loss: 3.4181e+02 | BC: 1.9423e-03 | PDE: 3.4180e+04 | Val: 2.2224e-03 | Test: 1.1479e-03 | 
Epoch   8/20 | Steps:   8000 | α=1e-02 | Loss: 1.9949e+02 | BC: 2.5091e-03 | PDE: 1.9949e+04 | Val: 2.8099e-03 | Test: 1.4214e-03 | 
Epoch   9/20 | Steps:   9000 | α=1e-02 | Loss: 1.2604e+02 | BC: 3.1333e-03 | PDE: 1.2603e+04 | Val: 3.4886e-03 | Test: 1.7371e-03 | 
Epoch  10/20 | Steps:  10000 | α=1e-02 | Loss: 7.8396e+01 | BC: 3.8254e-03 | PDE: 7.8392e+03 | Val: 4.2110e-03 | Test: 2.0737e-03 | 
Epoch  11/20 | Steps:  11000 | α=1e-02 | Loss: 4.8156e+01 | BC: 4.5902e-03 | PDE: 4.8152e+03 | Val: 5.0074e-03 | Test: 2.4426e-03 | 
Epoch  12/20 | Steps:  12000 | α=1e-02 | Loss: 2.7264e+01 | BC: 5.4021e-03 | PDE: 2.7259e+03 | Val: 5.8484e-03 | Test: 2.8313e-03 | 
Epoch  13/20 | Steps:  13000 | α=1e-02 | Loss: 1.8449e+01 | BC: 6.2923e-03 | PDE: 1.8443e+03 | Val: 6.7772e-03 | Test: 3.2597e-03 | 
Epoch  14/20 | Steps:  14000 | α=1e-02 | Loss: 1.1145e+01 | BC: 7.2643e-03 | PDE: 1.1138e+03 | Val: 7.8109e-03 | Test: 3.7356e-03 | 
Epoch  15/20 | Steps:  15000 | α=1e-02 | Loss: 6.9261e+00 | BC: 8.2892e-03 | PDE: 6.9178e+02 | Val: 8.8648e-03 | Test: 4.2200e-03 | 
Epoch  16/20 | Steps:  16000 | α=1e-02 | Loss: 4.5641e+00 | BC: 9.3878e-03 | PDE: 4.5547e+02 | Val: 9.9836e-03 | Test: 4.7310e-03 | 
Epoch  17/20 | Steps:  17000 | α=1e-02 | Loss: 2.6846e+00 | BC: 1.0568e-02 | PDE: 2.6741e+02 | Val: 1.1222e-02 | Test: 5.2963e-03 | 
Epoch  18/20 | Steps:  18000 | α=1e-02 | Loss: 1.5951e+00 | BC: 1.1839e-02 | PDE: 1.5832e+02 | Val: 1.2533e-02 | Test: 5.8932e-03 | 
Epoch  19/20 | Steps:  19000 | α=1e-02 | Loss: 1.0068e+00 | BC: 1.3174e-02 | PDE: 9.9363e+01 | Val: 1.3897e-02 | Test: 6.5132e-03 | 
Epoch  20/20 | Steps:  20000 | α=1e-02 | Loss: 6.2078e-01 | BC: 1.4576e-02 | PDE: 6.0620e+01 | Val: 1.5336e-02 | Test: 7.1657e-03 | 

Restored best model from epoch 1 (val_loss: 7.2847e-05, test_loss: 8.6281e-05)
Best checkpoint saved to: outputs/expr_7_2_iter/p25to50_square/clip0_gradclip0_eta0/checkpoints/best_model.pt
Final checkpoint saved to: outputs/expr_7_2_iter/p25to50_square/clip0_gradclip0_eta0/checkpoints/final_model.pt
Training completed in 209.09s (20,000 total steps)
  Stage 1 (p=25) PDE diagnostics:
    p-Lap (p=25) raw:        2.7557e+06
    p-Lap (p=25) normalized: 1.4498e-02
    Inf-Lap raw:              2.9789e-02
    Inf-Lap normalized:       4.1124e-02

============================================================
Stage 2/4: Training with p=30
============================================================

Training configuration:
  Boundary points (train): 32,000 -> 80 batches of 400
  Interior points (train): 1,000,000 -> 1000 batches of 1000
  Interior sampling: RE-SAMPLE each epoch
  Boundary points (val): 8,000
  Validation loss: BC only
  Steps per epoch: 1,000
  Total steps: 20,000
  Epochs: 20
  Loss balancing: FixedAlphaSchedule
  LR scheduler: None (constant LR=1.0e-05)

Epoch   1/20 | Steps:   1000 | α=1e-02 | Loss: 1.7211e+06 | BC: 1.4809e-04 | PDE: 1.7211e+08 | Val: 2.5371e-04 | Test: 1.9147e-04 |  *
Epoch   2/20 | Steps:   2000 | α=1e-02 | Loss: 7.1663e+05 | BC: 3.9427e-04 | PDE: 7.1663e+07 | Val: 5.6083e-04 | Test: 3.5435e-04 | 
Epoch   3/20 | Steps:   3000 | α=1e-02 | Loss: 3.6728e+05 | BC: 7.4986e-04 | PDE: 3.6728e+07 | Val: 9.6464e-04 | Test: 5.5869e-04 | 
Epoch   4/20 | Steps:   4000 | α=1e-02 | Loss: 1.7168e+05 | BC: 1.2022e-03 | PDE: 1.7168e+07 | Val: 1.4566e-03 | Test: 8.0323e-04 | 
Epoch   5/20 | Steps:   5000 | α=1e-02 | Loss: 9.0706e+04 | BC: 1.7446e-03 | PDE: 9.0706e+06 | Val: 2.0550e-03 | Test: 1.0960e-03 | 
Epoch   6/20 | Steps:   6000 | α=1e-02 | Loss: 4.5272e+04 | BC: 2.3927e-03 | PDE: 4.5272e+06 | Val: 2.7490e-03 | Test: 1.4314e-03 | 
Epoch   7/20 | Steps:   7000 | α=1e-02 | Loss: 2.2332e+04 | BC: 3.1203e-03 | PDE: 2.2332e+06 | Val: 3.5222e-03 | Test: 1.7995e-03 | 
Epoch   8/20 | Steps:   8000 | α=1e-02 | Loss: 1.2288e+04 | BC: 3.9372e-03 | PDE: 1.2288e+06 | Val: 4.3957e-03 | Test: 2.2147e-03 | 
Epoch   9/20 | Steps:   9000 | α=1e-02 | Loss: 5.7860e+03 | BC: 4.8666e-03 | PDE: 5.7860e+05 | Val: 5.3682e-03 | Test: 2.6670e-03 | 
Epoch  10/20 | Steps:  10000 | α=1e-02 | Loss: 3.0383e+03 | BC: 5.8752e-03 | PDE: 3.0383e+05 | Val: 6.4145e-03 | Test: 3.1554e-03 | 
Epoch  11/20 | Steps:  11000 | α=1e-02 | Loss: 1.5443e+03 | BC: 6.9655e-03 | PDE: 1.5443e+05 | Val: 7.5595e-03 | Test: 3.6771e-03 | 
Epoch  12/20 | Steps:  12000 | α=1e-02 | Loss: 7.0859e+02 | BC: 8.1408e-03 | PDE: 7.0858e+04 | Val: 8.7678e-03 | Test: 4.2144e-03 | 
Epoch  13/20 | Steps:  13000 | α=1e-02 | Loss: 3.6025e+02 | BC: 9.3805e-03 | PDE: 3.6024e+04 | Val: 1.0052e-02 | Test: 4.7765e-03 | 
Epoch  14/20 | Steps:  14000 | α=1e-02 | Loss: 2.0501e+02 | BC: 1.0718e-02 | PDE: 2.0500e+04 | Val: 1.1428e-02 | Test: 5.3788e-03 | 
Epoch  15/20 | Steps:  15000 | α=1e-02 | Loss: 9.5817e+01 | BC: 1.2149e-02 | PDE: 9.5805e+03 | Val: 1.2943e-02 | Test: 6.0496e-03 | 
Epoch  16/20 | Steps:  16000 | α=1e-02 | Loss: 4.6854e+01 | BC: 1.3742e-02 | PDE: 4.6840e+03 | Val: 1.4573e-02 | Test: 6.7802e-03 | 
Epoch  17/20 | Steps:  17000 | α=1e-02 | Loss: 2.0872e+01 | BC: 1.5382e-02 | PDE: 2.0857e+03 | Val: 1.6295e-02 | Test: 7.5547e-03 | 
Epoch  18/20 | Steps:  18000 | α=1e-02 | Loss: 1.0114e+01 | BC: 1.7176e-02 | PDE: 1.0097e+03 | Val: 1.8181e-02 | Test: 8.4035e-03 | 
Epoch  19/20 | Steps:  19000 | α=1e-02 | Loss: 4.8898e+00 | BC: 1.9104e-02 | PDE: 4.8707e+02 | Val: 2.0132e-02 | Test: 9.2762e-03 | 
Epoch  20/20 | Steps:  20000 | α=1e-02 | Loss: 2.1512e+00 | BC: 2.1134e-02 | PDE: 2.1300e+02 | Val: 2.2229e-02 | Test: 1.0217e-02 | 

Restored best model from epoch 1 (val_loss: 2.5371e-04, test_loss: 1.9147e-04)
Best checkpoint saved to: outputs/expr_7_2_iter/p25to50_square/clip0_gradclip0_eta0/checkpoints/best_model.pt
Final checkpoint saved to: outputs/expr_7_2_iter/p25to50_square/clip0_gradclip0_eta0/checkpoints/final_model.pt
Training completed in 197.37s (20,000 total steps)
  Stage 2 (p=30) PDE diagnostics:
    p-Lap (p=30) raw:        7.6927e+08
    p-Lap (p=30) normalized: 1.7075e-02
    Inf-Lap raw:              2.6386e-02
    Inf-Lap normalized:       4.0173e-02

============================================================
Stage 3/4: Training with p=40
============================================================

Training configuration:
  Boundary points (train): 32,000 -> 80 batches of 400
  Interior points (train): 1,000,000 -> 1000 batches of 1000
  Interior sampling: RE-SAMPLE each epoch
  Boundary points (val): 8,000
  Validation loss: BC only
  Steps per epoch: 1,000
  Total steps: 20,000
  Epochs: 20
  Loss balancing: FixedAlphaSchedule
  LR scheduler: None (constant LR=1.0e-05)

Epoch   1/20 | Steps:   1000 | α=1e-02 | Loss: 8.3298e+10 | BC: 4.2629e-04 | PDE: 8.3298e+12 | Val: 6.3780e-04 | Test: 3.9730e-04 |  *
Epoch   2/20 | Steps:   2000 | α=1e-02 | Loss: 2.2315e+10 | BC: 9.0795e-04 | PDE: 2.2315e+12 | Val: 1.1943e-03 | Test: 6.7908e-04 | 
Epoch   3/20 | Steps:   3000 | α=1e-02 | Loss: 5.8869e+09 | BC: 1.5542e-03 | PDE: 5.8869e+11 | Val: 1.9234e-03 | Test: 1.0403e-03 | 
Epoch   4/20 | Steps:   4000 | α=1e-02 | Loss: 1.9173e+09 | BC: 2.3562e-03 | PDE: 1.9173e+11 | Val: 2.8018e-03 | Test: 1.4672e-03 | 
Epoch   5/20 | Steps:   5000 | α=1e-02 | Loss: 6.1882e+08 | BC: 3.3061e-03 | PDE: 6.1882e+10 | Val: 3.8291e-03 | Test: 1.9590e-03 | 
Epoch   6/20 | Steps:   6000 | α=1e-02 | Loss: 1.8852e+08 | BC: 4.4138e-03 | PDE: 1.8852e+10 | Val: 4.9992e-03 | Test: 2.5106e-03 | 
Epoch   7/20 | Steps:   7000 | α=1e-02 | Loss: 6.1845e+07 | BC: 5.6985e-03 | PDE: 6.1845e+09 | Val: 6.3884e-03 | Test: 3.1647e-03 | 
Epoch   8/20 | Steps:   8000 | α=1e-02 | Loss: 1.7858e+07 | BC: 7.1399e-03 | PDE: 1.7858e+09 | Val: 7.9167e-03 | Test: 3.8919e-03 | 
Epoch   9/20 | Steps:   9000 | α=1e-02 | Loss: 5.1939e+06 | BC: 8.7552e-03 | PDE: 5.1939e+08 | Val: 9.6244e-03 | Test: 4.6791e-03 | 
Epoch  10/20 | Steps:  10000 | α=1e-02 | Loss: 1.4554e+06 | BC: 1.0565e-02 | PDE: 1.4554e+08 | Val: 1.1574e-02 | Test: 5.5966e-03 | 
Epoch  11/20 | Steps:  11000 | α=1e-02 | Loss: 3.9408e+05 | BC: 1.2661e-02 | PDE: 3.9408e+07 | Val: 1.3760e-02 | Test: 6.6056e-03 | 
Epoch  12/20 | Steps:  12000 | α=1e-02 | Loss: 1.0657e+05 | BC: 1.4985e-02 | PDE: 1.0657e+07 | Val: 1.6240e-02 | Test: 7.7554e-03 | 
Epoch  13/20 | Steps:  13000 | α=1e-02 | Loss: 2.5205e+04 | BC: 1.7560e-02 | PDE: 2.5205e+06 | Val: 1.8949e-02 | Test: 9.0020e-03 | 
Epoch  14/20 | Steps:  14000 | α=1e-02 | Loss: 5.9107e+03 | BC: 2.0513e-02 | PDE: 5.9107e+05 | Val: 2.2038e-02 | Test: 1.0409e-02 | 
Epoch  15/20 | Steps:  15000 | α=1e-02 | Loss: 1.1872e+03 | BC: 2.3664e-02 | PDE: 1.1872e+05 | Val: 2.5265e-02 | Test: 1.1797e-02 | 
Epoch  16/20 | Steps:  16000 | α=1e-02 | Loss: 2.1062e+02 | BC: 2.6998e-02 | PDE: 2.1059e+04 | Val: 2.8656e-02 | Test: 1.3160e-02 | 
Epoch  17/20 | Steps:  17000 | α=1e-02 | Loss: 3.9245e+01 | BC: 3.0540e-02 | PDE: 3.9215e+03 | Val: 3.2441e-02 | Test: 1.4745e-02 | 
Epoch  18/20 | Steps:  18000 | α=1e-02 | Loss: 6.2038e+00 | BC: 3.4580e-02 | PDE: 6.1693e+02 | Val: 3.6848e-02 | Test: 1.6674e-02 | 
Epoch  19/20 | Steps:  19000 | α=1e-02 | Loss: 8.6789e-01 | BC: 3.9314e-02 | PDE: 8.2857e+01 | Val: 4.1853e-02 | Test: 1.8890e-02 | 
Epoch  20/20 | Steps:  20000 | α=1e-02 | Loss: 1.4607e-01 | BC: 4.4516e-02 | PDE: 1.0155e+01 | Val: 4.7155e-02 | Test: 2.1238e-02 | 

Restored best model from epoch 1 (val_loss: 6.3780e-04, test_loss: 3.9730e-04)
Best checkpoint saved to: outputs/expr_7_2_iter/p25to50_square/clip0_gradclip0_eta0/checkpoints/best_model.pt
Final checkpoint saved to: outputs/expr_7_2_iter/p25to50_square/clip0_gradclip0_eta0/checkpoints/final_model.pt
Training completed in 162.94s (20,000 total steps)
  Stage 3 (p=40) PDE diagnostics:
    p-Lap (p=40) raw:        2.4248e+13
    p-Lap (p=40) normalized: 2.1072e-02
    Inf-Lap raw:              2.3486e-02
    Inf-Lap normalized:       3.9353e-02

============================================================
Stage 4/4: Training with p=50
============================================================

Training configuration:
  Boundary points (train): 32,000 -> 80 batches of 400
  Interior points (train): 1,000,000 -> 1000 batches of 1000
  Interior sampling: RE-SAMPLE each epoch
  Boundary points (val): 8,000
  Validation loss: BC only
  Steps per epoch: 1,000
  Total steps: 20,000
  Epochs: 20
  Loss balancing: FixedAlphaSchedule
  LR scheduler: None (constant LR=1.0e-05)

Epoch   1/20 | Steps:   1000 | α=1e-02 | Loss: 7.7006e+17 | BC: 6.0306e-04 | PDE: 7.7006e+19 | Val: 6.0520e-04 | Test: 3.6960e-04 |  *
Epoch   2/20 | Steps:   2000 | α=1e-02 | Loss: 7.8955e+17 | BC: 6.0182e-04 | PDE: 7.8955e+19 | Val: 6.0520e-04 | Test: 3.6960e-04 | 
Epoch   3/20 | Steps:   3000 | α=1e-02 | Loss: 7.8082e+17 | BC: 6.0184e-04 | PDE: 7.8082e+19 | Val: 6.0520e-04 | Test: 3.6960e-04 | 
Epoch   4/20 | Steps:   4000 | α=1e-02 | Loss: 7.7213e+17 | BC: 6.0159e-04 | PDE: 7.7213e+19 | Val: 6.0520e-04 | Test: 3.6960e-04 | 
Epoch   5/20 | Steps:   5000 | α=1e-02 | Loss: 8.2308e+17 | BC: 6.0170e-04 | PDE: 8.2308e+19 | Val: 6.0520e-04 | Test: 3.6960e-04 | 
Epoch   6/20 | Steps:   6000 | α=1e-02 | Loss: 7.9536e+17 | BC: 6.0178e-04 | PDE: 7.9536e+19 | Val: 6.0520e-04 | Test: 3.6960e-04 | 
Epoch   7/20 | Steps:   7000 | α=1e-02 | Loss: 8.0522e+17 | BC: 6.0165e-04 | PDE: 8.0522e+19 | Val: 6.0520e-04 | Test: 3.6960e-04 | 
Epoch   8/20 | Steps:   8000 | α=1e-02 | Loss: 7.8996e+17 | BC: 6.0189e-04 | PDE: 7.8996e+19 | Val: 6.0520e-04 | Test: 3.6960e-04 | 
Epoch   9/20 | Steps:   9000 | α=1e-02 | Loss: 7.8718e+17 | BC: 6.0194e-04 | PDE: 7.8718e+19 | Val: 6.0520e-04 | Test: 3.6960e-04 | 
Epoch  10/20 | Steps:  10000 | α=1e-02 | Loss: 7.9284e+17 | BC: 6.0160e-04 | PDE: 7.9284e+19 | Val: 6.0520e-04 | Test: 3.6960e-04 | 
Epoch  11/20 | Steps:  11000 | α=1e-02 | Loss: 8.0063e+17 | BC: 6.0191e-04 | PDE: 8.0063e+19 | Val: 6.0520e-04 | Test: 3.6960e-04 | 
Epoch  12/20 | Steps:  12000 | α=1e-02 | Loss: 8.0559e+17 | BC: 6.0167e-04 | PDE: 8.0559e+19 | Val: 6.0520e-04 | Test: 3.6960e-04 | 
Epoch  13/20 | Steps:  13000 | α=1e-02 | Loss: 7.9733e+17 | BC: 6.0171e-04 | PDE: 7.9733e+19 | Val: 6.0520e-04 | Test: 3.6960e-04 | 
Epoch  14/20 | Steps:  14000 | α=1e-02 | Loss: 7.8948e+17 | BC: 6.0174e-04 | PDE: 7.8948e+19 | Val: 6.0520e-04 | Test: 3.6960e-04 | 
Epoch  15/20 | Steps:  15000 | α=1e-02 | Loss: 8.1034e+17 | BC: 6.0153e-04 | PDE: 8.1034e+19 | Val: 6.0520e-04 | Test: 3.6960e-04 | 
Epoch  16/20 | Steps:  16000 | α=1e-02 | Loss: 8.0536e+17 | BC: 6.0196e-04 | PDE: 8.0536e+19 | Val: 6.0520e-04 | Test: 3.6960e-04 | 
Epoch  17/20 | Steps:  17000 | α=1e-02 | Loss: 8.0880e+17 | BC: 6.0166e-04 | PDE: 8.0880e+19 | Val: 6.0520e-04 | Test: 3.6960e-04 | 
Epoch  18/20 | Steps:  18000 | α=1e-02 | Loss: 7.9254e+17 | BC: 6.0166e-04 | PDE: 7.9254e+19 | Val: 6.0520e-04 | Test: 3.6960e-04 | 
Epoch  19/20 | Steps:  19000 | α=1e-02 | Loss: 8.0810e+17 | BC: 6.0175e-04 | PDE: 8.0810e+19 | Val: 6.0520e-04 | Test: 3.6960e-04 | 
Epoch  20/20 | Steps:  20000 | α=1e-02 | Loss: 7.9805e+17 | BC: 6.0166e-04 | PDE: 7.9805e+19 | Val: 6.0520e-04 | Test: 3.6960e-04 | 

Restored best model from epoch 1 (val_loss: 6.0520e-04, test_loss: 3.6960e-04)
Best checkpoint saved to: outputs/expr_7_2_iter/p25to50_square/clip0_gradclip0_eta0/checkpoints/best_model.pt
Final checkpoint saved to: outputs/expr_7_2_iter/p25to50_square/clip0_gradclip0_eta0/checkpoints/final_model.pt
Training completed in 225.54s (20,000 total steps)
  Stage 4 (p=50) PDE diagnostics:
    p-Lap (p=50) raw:        7.1483e+20
    p-Lap (p=50) normalized: 2.4656e-02
    Inf-Lap raw:              2.3482e-02
    Inf-Lap normalized:       4.0091e-02

Iterative training completed in 794.93s
Total epochs: 80

Final Test MSE: 3.6960e-04
Inference (per point): 7.6852e-05s | (full domain): 7.6125e-05s
p-Lap (p=50) PDE test (raw):        7.1483e+20
p-Lap (p=50) PDE test (normalized): 2.4656e-02
Inf-Lap PDE test (raw):                    2.3482e-02
Inf-Lap PDE test (normalized):             4.0091e-02
Saved .npz files to outputs/expr_7_2_iter/p25to50_square/clip0_gradclip0_eta0/npy/
Saved plot to outputs/expr_7_2_iter/p25to50_square/clip0_gradclip0_eta0/plots/results.png
