
============================================================
Eikonal Equation |∇u|² = 1 (3D)
Case: boundary | Domain: cylinder
============================================================

  Interior: 766,800  |  Test: 90,048
  Boundary points: 19,998
  Re-sampling enabled: ~766,800 interior points per epoch

  Splitting: 80% train, 20% val
  BC: 15,998 train, 4,000 val
  Interior: 613,440 train, 153,360 val

Model: EikonalPINN (input_dim=3)
  Hidden layers: [128, 128, 128, 128], activation: tanh
  Residual clipping: [-10.0, 10.0]
  Outlier removal: top 2.0%
  Positivity weight: 0.5
  Parameters: 50,177

Training configuration:
  Boundary points (train): 15,998 -> 40 batches of 400
  Interior points (train): 766,800 -> 767 batches of 1000
  Interior sampling: RE-SAMPLE each epoch
  Boundary points (val): 4,000
  Validation loss: BC only
  Steps per epoch: 767
  Total steps: 76,700
  Epochs: 100
  Loss balancing: AlphaPlateauScheduler
  LR scheduler: cosine (LR: 1.0e-03 -> 1.0e-05)

/usr/local/lib/python3.12/dist-packages/torch/autograd/graph.py:824: UserWarning: Attempting to run cuBLAS, but there was no current CUDA context! Attempting to set the primary context... (Triggered internally at /opt/pytorch/pytorch/aten/src/ATen/cuda/CublasHandlePool.cpp:181.)
  return Variable._execution_engine.run_backward(  # Calls into the C++ engine to run the backward pass
Epoch   1/100 | Steps:    767 | α=1e+00 | Loss: 1.0655e-01 | BC: 5.7648e-02 | PDE: 4.8905e-02 | Val: 1.3560e-02 | Test: 1.7232e-02 | LR=1.0e-03 *
Epoch   2/100 | Steps:   1534 | α=1e+00 | Loss: 1.1877e-02 | BC: 7.3825e-03 | PDE: 4.4947e-03 | Val: 5.1700e-03 | Test: 4.4191e-03 | LR=1.0e-03 *
Epoch   3/100 | Steps:   2301 | α=1e+00 | Loss: 7.4580e-03 | BC: 4.0817e-03 | PDE: 3.3763e-03 | Val: 2.8472e-03 | Test: 2.2274e-03 | LR=1.0e-03 *
Epoch   4/100 | Steps:   3068 | α=1e+00 | Loss: 5.1888e-03 | BC: 2.4019e-03 | PDE: 2.7869e-03 | Val: 1.7932e-03 | Test: 1.4796e-03 | LR=1.0e-03 *
Epoch   5/100 | Steps:   3835 | α=1e+00 | Loss: 3.8273e-03 | BC: 1.6035e-03 | PDE: 2.2238e-03 | Val: 1.4925e-03 | Test: 7.1753e-04 | LR=1.0e-03 *
Epoch   6/100 | Steps:   4602 | α=1e+00 | Loss: 3.0192e-03 | BC: 1.1780e-03 | PDE: 1.8412e-03 | Val: 1.1613e-03 | Test: 8.2783e-04 | LR=9.9e-04 *
Epoch   7/100 | Steps:   5369 | α=1e+00 | Loss: 2.5184e-03 | BC: 9.2068e-04 | PDE: 1.5977e-03 | Val: 8.5973e-04 | Test: 7.4621e-04 | LR=9.9e-04 *
Epoch   8/100 | Steps:   6136 | α=1e+00 | Loss: 2.1537e-03 | BC: 7.4655e-04 | PDE: 1.4071e-03 | Val: 6.9113e-04 | Test: 5.2262e-04 | LR=9.9e-04 *
Epoch   9/100 | Steps:   6903 | α=1e+00 | Loss: 1.8767e-03 | BC: 6.3971e-04 | PDE: 1.2370e-03 | Val: 4.2792e-04 | Test: 3.2615e-04 | LR=9.8e-04 *
Epoch  10/100 | Steps:   7670 | α=1e+00 | Loss: 1.6935e-03 | BC: 5.6819e-04 | PDE: 1.1253e-03 | Val: 5.1852e-04 | Test: 3.5223e-04 | LR=9.8e-04
Epoch  11/100 | Steps:   8437 | α=1e+00 | Loss: 1.5240e-03 | BC: 5.0378e-04 | PDE: 1.0202e-03 | Val: 4.2710e-04 | Test: 4.7751e-04 | LR=9.8e-04 *
Epoch  12/100 | Steps:   9204 | α=1e+00 | Loss: 1.3828e-03 | BC: 4.4469e-04 | PDE: 9.3814e-04 | Val: 5.2107e-04 | Test: 3.7753e-04 | LR=9.7e-04
Epoch  13/100 | Steps:   9971 | α=1e+00 | Loss: 1.3200e-03 | BC: 4.2627e-04 | PDE: 8.9370e-04 | Val: 3.0757e-04 | Test: 2.2429e-04 | LR=9.7e-04 *
Epoch  14/100 | Steps:  10738 | α=1e+00 | Loss: 1.2202e-03 | BC: 3.5762e-04 | PDE: 8.6254e-04 | Val: 3.3181e-04 | Test: 4.0030e-04 | LR=9.6e-04
Epoch  15/100 | Steps:  11505 | α=1e+00 | Loss: 1.1027e-03 | BC: 3.4670e-04 | PDE: 7.5596e-04 | Val: 2.4473e-04 | Test: 2.0930e-04 | LR=9.5e-04 *
Epoch  16/100 | Steps:  12272 | α=1e+00 | Loss: 1.0480e-03 | BC: 3.0298e-04 | PDE: 7.4505e-04 | Val: 3.7368e-04 | Test: 3.4866e-04 | LR=9.5e-04
Epoch  17/100 | Steps:  13039 | α=1e+00 | Loss: 1.0227e-03 | BC: 3.0919e-04 | PDE: 7.1350e-04 | Val: 3.5856e-04 | Test: 2.2802e-04 | LR=9.4e-04
Epoch  18/100 | Steps:  13806 | α=1e+00 | Loss: 9.0494e-04 | BC: 2.6279e-04 | PDE: 6.4215e-04 | Val: 3.5534e-04 | Test: 3.6602e-04 | LR=9.3e-04
Epoch  19/100 | Steps:  14573 | α=1e+00 | Loss: 9.4623e-04 | BC: 2.8878e-04 | PDE: 6.5745e-04 | Val: 4.4292e-04 | Test: 3.4844e-04 | LR=9.2e-04
Epoch  20/100 | Steps:  15340 | α=1e+00 | Loss: 7.8555e-04 | BC: 2.3436e-04 | PDE: 5.5119e-04 | Val: 2.4301e-04 | Test: 2.1290e-04 | LR=9.1e-04 *
Epoch  21/100 | Steps:  16107 | α=1e+00 | Loss: 7.6664e-04 | BC: 2.2356e-04 | PDE: 5.4308e-04 | Val: 2.9294e-04 | Test: 3.0146e-04 | LR=9.1e-04
Epoch  22/100 | Steps:  16874 | α=1e+00 | Loss: 6.9308e-04 | BC: 1.9573e-04 | PDE: 4.9735e-04 | Val: 2.0629e-04 | Test: 2.7435e-04 | LR=9.0e-04 *
Epoch  23/100 | Steps:  17641 | α=1e+00 | Loss: 7.0091e-04 | BC: 1.9527e-04 | PDE: 5.0564e-04 | Val: 2.0814e-04 | Test: 1.7253e-04 | LR=8.9e-04
Epoch  24/100 | Steps:  18408 | α=1e+00 | Loss: 6.2964e-04 | BC: 1.7919e-04 | PDE: 4.5045e-04 | Val: 1.9167e-04 | Test: 1.3211e-04 | LR=8.8e-04 *
Epoch  25/100 | Steps:  19175 | α=1e+00 | Loss: 5.7833e-04 | BC: 1.5938e-04 | PDE: 4.1894e-04 | Val: 2.0798e-04 | Test: 1.5537e-04 | LR=8.7e-04
Epoch  26/100 | Steps:  19942 | α=1e+00 | Loss: 5.5504e-04 | BC: 1.6251e-04 | PDE: 3.9252e-04 | Val: 2.0433e-04 | Test: 2.0405e-04 | LR=8.6e-04
Epoch  27/100 | Steps:  20709 | α=1e+00 | Loss: 5.4711e-04 | BC: 1.5156e-04 | PDE: 3.9555e-04 | Val: 7.9155e-05 | Test: 8.7400e-05 | LR=8.4e-04 *
Epoch  28/100 | Steps:  21476 | α=1e+00 | Loss: 4.9188e-04 | BC: 1.3556e-04 | PDE: 3.5632e-04 | Val: 5.1734e-05 | Test: 5.2297e-05 | LR=8.3e-04 *
Epoch  29/100 | Steps:  22243 | α=1e+00 | Loss: 4.6319e-04 | BC: 1.2871e-04 | PDE: 3.3447e-04 | Val: 1.1227e-04 | Test: 1.0549e-04 | LR=8.2e-04
Epoch  30/100 | Steps:  23010 | α=1e+00 | Loss: 4.2787e-04 | BC: 1.1534e-04 | PDE: 3.1253e-04 | Val: 1.3669e-04 | Test: 1.8229e-04 | LR=8.1e-04
Epoch  31/100 | Steps:  23777 | α=1e+00 | Loss: 3.8705e-04 | BC: 1.0109e-04 | PDE: 2.8596e-04 | Val: 8.6087e-05 | Test: 8.0145e-05 | LR=8.0e-04
Epoch  32/100 | Steps:  24544 | α=1e+00 | Loss: 4.0316e-04 | BC: 1.0929e-04 | PDE: 2.9387e-04 | Val: 8.3769e-05 | Test: 9.0373e-05 | LR=7.8e-04
Epoch  33/100 | Steps:  25311 | α=1e+00 | Loss: 3.7262e-04 | BC: 9.9413e-05 | PDE: 2.7321e-04 | Val: 1.1391e-04 | Test: 1.2310e-04 | LR=7.7e-04
Epoch  34/100 | Steps:  26078 | α=1e+00 | Loss: 3.1979e-04 | BC: 8.5804e-05 | PDE: 2.3399e-04 | Val: 7.8595e-05 | Test: 6.5384e-05 | LR=7.6e-04
Epoch  35/100 | Steps:  26845 | α=1e+00 | Loss: 3.6193e-04 | BC: 9.6721e-05 | PDE: 2.6520e-04 | Val: 7.3806e-05 | Test: 6.1268e-05 | LR=7.4e-04
Epoch  36/100 | Steps:  27612 | α=1e+00 | Loss: 3.1241e-04 | BC: 8.4482e-05 | PDE: 2.2793e-04 | Val: 5.6865e-05 | Test: 7.3173e-05 | LR=7.3e-04
Epoch  37/100 | Steps:  28379 | α=1e+00 | Loss: 2.8254e-04 | BC: 7.0213e-05 | PDE: 2.1232e-04 | Val: 3.2081e-05 | Test: 4.5799e-05 | LR=7.2e-04 *
Epoch  38/100 | Steps:  29146 | α=1e+00 | Loss: 2.8302e-04 | BC: 7.3922e-05 | PDE: 2.0910e-04 | Val: 7.2335e-05 | Test: 6.4079e-05 | LR=7.0e-04

>>> Alpha increased: 1e+00 → 1e+01 (BC=6.8969e-05) <<<
Epoch  39/100 | Steps:  29913 | α=1e+01 | Loss: 2.9813e-04 | BC: 6.8969e-05 | PDE: 2.2916e-04 | Val: 7.6540e-05 | Test: 6.7677e-05 | LR=6.9e-04 *
Epoch  40/100 | Steps:  30680 | α=1e+01 | Loss: 9.7255e-03 | BC: 2.0631e-03 | PDE: 7.6624e-04 | Val: 4.4942e-04 | Test: 3.0481e-04 | LR=6.7e-04
Epoch  41/100 | Steps:  31447 | α=1e+01 | Loss: 2.3318e-03 | BC: 5.1856e-04 | PDE: 1.8132e-04 | Val: 4.5261e-04 | Test: 3.6537e-04 | LR=6.6e-04
Epoch  42/100 | Steps:  32214 | α=1e+01 | Loss: 2.2497e-03 | BC: 4.8632e-04 | PDE: 1.7634e-04 | Val: 6.7877e-04 | Test: 6.2581e-04 | LR=6.4e-04
Epoch  43/100 | Steps:  32981 | α=1e+01 | Loss: 2.0119e-03 | BC: 4.6236e-04 | PDE: 1.5495e-04 | Val: 1.9821e-04 | Test: 2.0092e-04 | LR=6.3e-04
Epoch  44/100 | Steps:  33748 | α=1e+01 | Loss: 1.9810e-03 | BC: 4.2540e-04 | PDE: 1.5556e-04 | Val: 5.8347e-04 | Test: 7.0036e-04 | LR=6.1e-04
Epoch  45/100 | Steps:  34515 | α=1e+01 | Loss: 1.6731e-03 | BC: 3.3657e-04 | PDE: 1.3365e-04 | Val: 4.4650e-04 | Test: 3.2951e-04 | LR=6.0e-04
Epoch  46/100 | Steps:  35282 | α=1e+01 | Loss: 1.5532e-03 | BC: 3.3260e-04 | PDE: 1.2206e-04 | Val: 2.7080e-04 | Test: 2.1245e-04 | LR=5.8e-04
Epoch  47/100 | Steps:  36049 | α=1e+01 | Loss: 1.5765e-03 | BC: 2.7396e-04 | PDE: 1.3025e-04 | Val: 3.1344e-04 | Test: 3.4857e-04 | LR=5.7e-04
Epoch  48/100 | Steps:  36816 | α=1e+01 | Loss: 1.4422e-03 | BC: 2.7653e-04 | PDE: 1.1656e-04 | Val: 2.9418e-04 | Test: 2.2247e-04 | LR=5.5e-04
Epoch  49/100 | Steps:  37583 | α=1e+01 | Loss: 1.4755e-03 | BC: 3.2225e-04 | PDE: 1.1533e-04 | Val: 1.9093e-04 | Test: 2.0219e-04 | LR=5.4e-04
Epoch  50/100 | Steps:  38350 | α=1e+01 | Loss: 1.3392e-03 | BC: 2.4508e-04 | PDE: 1.0941e-04 | Val: 1.5300e-04 | Test: 9.6133e-05 | LR=5.2e-04
Epoch  51/100 | Steps:  39117 | α=1e+01 | Loss: 1.3293e-03 | BC: 2.3093e-04 | PDE: 1.0984e-04 | Val: 1.9577e-04 | Test: 1.9748e-04 | LR=5.1e-04
Epoch  52/100 | Steps:  39884 | α=1e+01 | Loss: 1.0611e-03 | BC: 1.7104e-04 | PDE: 8.9009e-05 | Val: 2.2316e-04 | Test: 1.8241e-04 | LR=4.9e-04
Epoch  53/100 | Steps:  40651 | α=1e+01 | Loss: 1.2798e-03 | BC: 2.6713e-04 | PDE: 1.0126e-04 | Val: 2.1693e-04 | Test: 1.8856e-04 | LR=4.7e-04
Epoch  54/100 | Steps:  41418 | α=1e+01 | Loss: 1.1920e-03 | BC: 2.3427e-04 | PDE: 9.5771e-05 | Val: 3.0515e-04 | Test: 2.9845e-04 | LR=4.6e-04
Epoch  55/100 | Steps:  42185 | α=1e+01 | Loss: 1.1411e-03 | BC: 2.3168e-04 | PDE: 9.0946e-05 | Val: 2.4580e-04 | Test: 1.7090e-04 | LR=4.4e-04
Epoch  56/100 | Steps:  42952 | α=1e+01 | Loss: 1.0425e-03 | BC: 2.1837e-04 | PDE: 8.2417e-05 | Val: 1.6702e-04 | Test: 1.1454e-04 | LR=4.3e-04
Epoch  57/100 | Steps:  43719 | α=1e+01 | Loss: 9.8344e-04 | BC: 2.2358e-04 | PDE: 7.5985e-05 | Val: 2.2250e-04 | Test: 2.3266e-04 | LR=4.1e-04
Epoch  58/100 | Steps:  44486 | α=1e+01 | Loss: 9.4326e-04 | BC: 1.7720e-04 | PDE: 7.6606e-05 | Val: 1.4757e-04 | Test: 1.3253e-04 | LR=4.0e-04
Epoch  59/100 | Steps:  45253 | α=1e+01 | Loss: 8.3484e-04 | BC: 1.3782e-04 | PDE: 6.9702e-05 | Val: 1.0277e-04 | Test: 8.5218e-05 | LR=3.8e-04
Epoch  60/100 | Steps:  46020 | α=1e+01 | Loss: 8.3966e-04 | BC: 1.1580e-04 | PDE: 7.2386e-05 | Val: 1.5735e-04 | Test: 1.2122e-04 | LR=3.7e-04
Epoch  61/100 | Steps:  46787 | α=1e+01 | Loss: 8.7404e-04 | BC: 1.5728e-04 | PDE: 7.1676e-05 | Val: 1.9879e-04 | Test: 1.8683e-04 | LR=3.5e-04
Epoch  62/100 | Steps:  47554 | α=1e+01 | Loss: 7.2750e-04 | BC: 1.2481e-04 | PDE: 6.0270e-05 | Val: 1.5908e-04 | Test: 1.6174e-04 | LR=3.4e-04
Epoch  63/100 | Steps:  48321 | α=1e+01 | Loss: 7.7519e-04 | BC: 1.6760e-04 | PDE: 6.0760e-05 | Val: 2.3478e-04 | Test: 1.9249e-04 | LR=3.2e-04
Epoch  64/100 | Steps:  49088 | α=1e+01 | Loss: 6.8651e-04 | BC: 1.3139e-04 | PDE: 5.5512e-05 | Val: 1.3332e-04 | Test: 1.4292e-04 | LR=3.1e-04
Epoch  65/100 | Steps:  49855 | α=1e+01 | Loss: 6.4685e-04 | BC: 9.8293e-05 | PDE: 5.4856e-05 | Val: 9.9115e-05 | Test: 1.0460e-04 | LR=2.9e-04
Epoch  66/100 | Steps:  50622 | α=1e+01 | Loss: 5.9797e-04 | BC: 9.0583e-05 | PDE: 5.0738e-05 | Val: 6.4111e-05 | Test: 5.9937e-05 | LR=2.8e-04 *
Epoch  67/100 | Steps:  51389 | α=1e+01 | Loss: 6.3917e-04 | BC: 1.0770e-04 | PDE: 5.3148e-05 | Val: 1.2209e-04 | Test: 1.4941e-04 | LR=2.7e-04
Epoch  68/100 | Steps:  52156 | α=1e+01 | Loss: 5.8022e-04 | BC: 9.9666e-05 | PDE: 4.8056e-05 | Val: 1.1357e-04 | Test: 1.2371e-04 | LR=2.5e-04
Epoch  69/100 | Steps:  52923 | α=1e+01 | Loss: 5.1839e-04 | BC: 9.9180e-05 | PDE: 4.1921e-05 | Val: 1.0588e-04 | Test: 1.1436e-04 | LR=2.4e-04
Epoch  70/100 | Steps:  53690 | α=1e+01 | Loss: 5.3335e-04 | BC: 8.4365e-05 | PDE: 4.4899e-05 | Val: 7.7445e-05 | Test: 7.4823e-05 | LR=2.3e-04
Epoch  71/100 | Steps:  54457 | α=1e+01 | Loss: 4.8956e-04 | BC: 7.8222e-05 | PDE: 4.1134e-05 | Val: 9.0193e-05 | Test: 8.3880e-05 | LR=2.1e-04
Epoch  72/100 | Steps:  55224 | α=1e+01 | Loss: 4.2969e-04 | BC: 6.5021e-05 | PDE: 3.6467e-05 | Val: 5.2500e-05 | Test: 5.4318e-05 | LR=2.0e-04 *
Epoch  73/100 | Steps:  55991 | α=1e+01 | Loss: 4.4616e-04 | BC: 7.6095e-05 | PDE: 3.7007e-05 | Val: 4.4360e-05 | Test: 4.0798e-05 | LR=1.9e-04 *
Epoch  74/100 | Steps:  56758 | α=1e+01 | Loss: 4.4358e-04 | BC: 7.8275e-05 | PDE: 3.6530e-05 | Val: 8.1546e-05 | Test: 8.3870e-05 | LR=1.8e-04
Epoch  75/100 | Steps:  57525 | α=1e+01 | Loss: 4.0344e-04 | BC: 6.5402e-05 | PDE: 3.3804e-05 | Val: 6.1541e-05 | Test: 4.9641e-05 | LR=1.7e-04
Epoch  76/100 | Steps:  58292 | α=1e+01 | Loss: 4.2136e-04 | BC: 6.5668e-05 | PDE: 3.5569e-05 | Val: 7.4724e-05 | Test: 7.9419e-05 | LR=1.5e-04
Epoch  77/100 | Steps:  59059 | α=1e+01 | Loss: 3.6557e-04 | BC: 6.0365e-05 | PDE: 3.0521e-05 | Val: 8.0483e-05 | Test: 8.1051e-05 | LR=1.4e-04
Epoch  78/100 | Steps:  59826 | α=1e+01 | Loss: 3.6172e-04 | BC: 6.5997e-05 | PDE: 2.9572e-05 | Val: 5.3528e-05 | Test: 5.5100e-05 | LR=1.3e-04
Epoch  79/100 | Steps:  60593 | α=1e+01 | Loss: 3.2213e-04 | BC: 4.7303e-05 | PDE: 2.7483e-05 | Val: 4.3593e-05 | Test: 4.9567e-05 | LR=1.2e-04 *
Epoch  80/100 | Steps:  61360 | α=1e+01 | Loss: 3.2139e-04 | BC: 4.7120e-05 | PDE: 2.7427e-05 | Val: 5.8259e-05 | Test: 7.3167e-05 | LR=1.1e-04
Epoch  81/100 | Steps:  62127 | α=1e+01 | Loss: 3.1544e-04 | BC: 4.2896e-05 | PDE: 2.7254e-05 | Val: 4.0352e-05 | Test: 4.4413e-05 | LR=1.0e-04 *
Epoch  82/100 | Steps:  62894 | α=1e+01 | Loss: 2.9203e-04 | BC: 3.8885e-05 | PDE: 2.5315e-05 | Val: 6.0303e-05 | Test: 6.1440e-05 | LR=9.6e-05
Epoch  83/100 | Steps:  63661 | α=1e+01 | Loss: 2.8124e-04 | BC: 4.4831e-05 | PDE: 2.3641e-05 | Val: 5.0043e-05 | Test: 5.7111e-05 | LR=8.7e-05
Epoch  84/100 | Steps:  64428 | α=1e+01 | Loss: 2.8198e-04 | BC: 4.6166e-05 | PDE: 2.3581e-05 | Val: 6.2032e-05 | Test: 6.4354e-05 | LR=7.9e-05
Epoch  85/100 | Steps:  65195 | α=1e+01 | Loss: 2.5396e-04 | BC: 3.8897e-05 | PDE: 2.1506e-05 | Val: 3.9000e-05 | Test: 4.9142e-05 | LR=7.1e-05 *
Epoch  86/100 | Steps:  65962 | α=1e+01 | Loss: 2.7006e-04 | BC: 3.8589e-05 | PDE: 2.3147e-05 | Val: 4.1390e-05 | Test: 5.0522e-05 | LR=6.4e-05
Epoch  87/100 | Steps:  66729 | α=1e+01 | Loss: 2.4879e-04 | BC: 3.9320e-05 | PDE: 2.0947e-05 | Val: 4.0386e-05 | Test: 4.8753e-05 | LR=5.7e-05
Epoch  88/100 | Steps:  67496 | α=1e+01 | Loss: 2.4563e-04 | BC: 4.0222e-05 | PDE: 2.0541e-05 | Val: 3.1888e-05 | Test: 4.7716e-05 | LR=5.1e-05 *
Epoch  89/100 | Steps:  68263 | α=1e+01 | Loss: 2.5289e-04 | BC: 4.6610e-05 | PDE: 2.0628e-05 | Val: 4.4974e-05 | Test: 4.7617e-05 | LR=4.5e-05
Epoch  90/100 | Steps:  69030 | α=1e+01 | Loss: 2.2498e-04 | BC: 3.2959e-05 | PDE: 1.9202e-05 | Val: 3.3591e-05 | Test: 3.8300e-05 | LR=3.9e-05
Epoch  91/100 | Steps:  69797 | α=1e+01 | Loss: 2.0589e-04 | BC: 2.9005e-05 | PDE: 1.7688e-05 | Val: 2.7653e-05 | Test: 3.4117e-05 | LR=3.4e-05 *
Epoch  92/100 | Steps:  70564 | α=1e+01 | Loss: 2.0870e-04 | BC: 3.3253e-05 | PDE: 1.7544e-05 | Val: 2.9586e-05 | Test: 3.4447e-05 | LR=3.0e-05
Epoch  93/100 | Steps:  71331 | α=1e+01 | Loss: 2.0986e-04 | BC: 2.9502e-05 | PDE: 1.8036e-05 | Val: 3.7450e-05 | Test: 3.7295e-05 | LR=2.6e-05
Epoch  94/100 | Steps:  72098 | α=1e+01 | Loss: 1.9759e-04 | BC: 2.9573e-05 | PDE: 1.6802e-05 | Val: 2.5981e-05 | Test: 3.2039e-05 | LR=2.2e-05 *
Epoch  95/100 | Steps:  72865 | α=1e+01 | Loss: 1.9734e-04 | BC: 2.2959e-05 | PDE: 1.7438e-05 | Val: 2.3284e-05 | Test: 2.8646e-05 | LR=1.9e-05 *
Epoch  96/100 | Steps:  73632 | α=1e+01 | Loss: 1.7901e-04 | BC: 2.2974e-05 | PDE: 1.5603e-05 | Val: 2.3893e-05 | Test: 2.8449e-05 | LR=1.6e-05
Epoch  97/100 | Steps:  74399 | α=1e+01 | Loss: 1.7515e-04 | BC: 2.2264e-05 | PDE: 1.5288e-05 | Val: 2.3396e-05 | Test: 2.7417e-05 | LR=1.4e-05
Epoch  98/100 | Steps:  75166 | α=1e+01 | Loss: 1.8715e-04 | BC: 2.2419e-05 | PDE: 1.6473e-05 | Val: 2.5789e-05 | Test: 3.3052e-05 | LR=1.2e-05
Epoch  99/100 | Steps:  75933 | α=1e+01 | Loss: 1.8391e-04 | BC: 2.4301e-05 | PDE: 1.5960e-05 | Val: 2.5657e-05 | Test: 3.0775e-05 | LR=1.1e-05
Epoch 100/100 | Steps:  76700 | α=1e+01 | Loss: 1.7613e-04 | BC: 2.3053e-05 | PDE: 1.5308e-05 | Val: 2.6482e-05 | Test: 3.0682e-05 | LR=1.0e-05

Restored best model from epoch 95 (val_loss: 2.3284e-05, test_loss: 2.8646e-05)
Best checkpoint saved to: outputs/expr_6_4_eikonal/eikonal3d_cylinder/checkpoints/best_model.pt
Final checkpoint saved to: outputs/expr_6_4_eikonal/eikonal3d_cylinder/checkpoints/final_model.pt
Training completed in 511.71s (76,700 total steps)

Final Test MSE: 3.0682e-05
Inference (per point): 7.8056e-05s | (full domain): 5.6783e-04s
Saved .npz files to outputs/expr_6_4_eikonal/eikonal3d_cylinder/npy/
Saved plot to outputs/expr_6_4_eikonal/eikonal3d_cylinder/plots/results.png
