
============================================================
Running Example: arctan
============================================================

Generated full domain data:
  Boundary points: 40,000
  Interior points: 1,000,000
  Test points: 10,000
Re-sampling enabled: ~1,000,000 interior points per epoch

Splitting data: 80% train, 20% validation
  BC: 32,000 train, 8,000 val
  Interior: 800,000 train, 200,000 val

Model: InfinityLaplacianPINN
  Hidden layers: [128, 128, 128, 128]
  Activation: tanh
  Parameters: 50,049

Training configuration:
  Boundary points (train): 32,000 -> 80 batches of 400
  Interior points (train): 1,000,000 -> 1000 batches of 1000
  Interior sampling: RE-SAMPLE each epoch
  Boundary points (val): 8,000
  Validation loss: BC only
  Steps per epoch: 1,000
  Total steps: 100,000
  Epochs: 100
  Loss balancing: AlphaPlateauScheduler
  LR scheduler: cosine (LR: 1.0e-03 -> 1.0e-05)

/usr/local/lib/python3.12/dist-packages/torch/autograd/graph.py:824: UserWarning: Attempting to run cuBLAS, but there was no current CUDA context! Attempting to set the primary context... (Triggered internally at /opt/pytorch/pytorch/aten/src/ATen/cuda/CublasHandlePool.cpp:181.)
  return Variable._execution_engine.run_backward(  # Calls into the C++ engine to run the backward pass
Epoch   1/100 | Steps:   1000 | α=1e-05 | Loss: 1.7641e-02 | BC: 1.6396e-02 | PDE: 1.2445e+02 | Val: 4.8813e-03 | Test: 1.2304e-03 | LR=1.0e-03 *
Epoch   2/100 | Steps:   2000 | α=1e-05 | Loss: 5.8177e-03 | BC: 4.4219e-03 | PDE: 1.3957e+02 | Val: 7.2701e-03 | Test: 4.6969e-03 | LR=1.0e-03
Epoch   3/100 | Steps:   3000 | α=1e-05 | Loss: 5.1475e-03 | BC: 3.8669e-03 | PDE: 1.2806e+02 | Val: 3.0111e-03 | Test: 2.7791e-04 | LR=1.0e-03 *
Epoch   4/100 | Steps:   4000 | α=1e-05 | Loss: 4.9769e-03 | BC: 3.6218e-03 | PDE: 1.3551e+02 | Val: 4.6058e-03 | Test: 6.9391e-04 | LR=1.0e-03
Epoch   5/100 | Steps:   5000 | α=1e-05 | Loss: 4.9645e-03 | BC: 3.6484e-03 | PDE: 1.3162e+02 | Val: 3.2443e-03 | Test: 3.6184e-04 | LR=1.0e-03
Epoch   6/100 | Steps:   6000 | α=1e-05 | Loss: 4.6742e-03 | BC: 3.4362e-03 | PDE: 1.2379e+02 | Val: 3.0619e-03 | Test: 2.6726e-04 | LR=9.9e-04
Epoch   7/100 | Steps:   7000 | α=1e-05 | Loss: 4.3426e-03 | BC: 3.1442e-03 | PDE: 1.1985e+02 | Val: 2.6730e-03 | Test: 3.3568e-04 | LR=9.9e-04 *
Epoch   8/100 | Steps:   8000 | α=1e-05 | Loss: 4.2214e-03 | BC: 3.0711e-03 | PDE: 1.1504e+02 | Val: 2.6485e-03 | Test: 3.9527e-04 | LR=9.9e-04 *
Epoch   9/100 | Steps:   9000 | α=1e-05 | Loss: 4.1966e-03 | BC: 2.9993e-03 | PDE: 1.1973e+02 | Val: 2.5320e-03 | Test: 2.6373e-04 | LR=9.8e-04 *
Epoch  10/100 | Steps:  10000 | α=1e-05 | Loss: 4.3407e-03 | BC: 3.1403e-03 | PDE: 1.2004e+02 | Val: 3.0580e-03 | Test: 3.7774e-04 | LR=9.8e-04

>>> Alpha increased: 1e-05 → 1e-04 (BC=2.8342e-03) <<<
Epoch  11/100 | Steps:  11000 | α=1e-04 | Loss: 3.9212e-03 | BC: 2.8342e-03 | PDE: 1.0870e+02 | Val: 2.2945e-03 | Test: 2.6930e-04 | LR=9.8e-04 *
Epoch  12/100 | Steps:  12000 | α=1e-04 | Loss: 8.1651e-03 | BC: 5.2203e-03 | PDE: 2.9448e+01 | Val: 5.7647e-03 | Test: 5.8707e-04 | LR=9.7e-04
Epoch  13/100 | Steps:  13000 | α=1e-04 | Loss: 6.9290e-03 | BC: 4.8664e-03 | PDE: 2.0626e+01 | Val: 4.5162e-03 | Test: 4.0687e-04 | LR=9.7e-04
Epoch  14/100 | Steps:  14000 | α=1e-04 | Loss: 6.8178e-03 | BC: 4.6784e-03 | PDE: 2.1394e+01 | Val: 4.1544e-03 | Test: 5.2854e-04 | LR=9.6e-04
Epoch  15/100 | Steps:  15000 | α=1e-04 | Loss: 6.4483e-03 | BC: 4.5692e-03 | PDE: 1.8792e+01 | Val: 3.6438e-03 | Test: 3.8874e-04 | LR=9.5e-04
Epoch  16/100 | Steps:  16000 | α=1e-04 | Loss: 6.1720e-03 | BC: 4.3415e-03 | PDE: 1.8305e+01 | Val: 3.9843e-03 | Test: 4.9339e-04 | LR=9.5e-04
Epoch  17/100 | Steps:  17000 | α=1e-04 | Loss: 6.0013e-03 | BC: 4.1968e-03 | PDE: 1.8045e+01 | Val: 4.4687e-03 | Test: 4.5815e-04 | LR=9.4e-04
Epoch  18/100 | Steps:  18000 | α=1e-04 | Loss: 5.8947e-03 | BC: 4.1581e-03 | PDE: 1.7366e+01 | Val: 4.2584e-03 | Test: 4.3188e-04 | LR=9.3e-04

>>> Alpha increased: 1e-04 → 1e-03 (BC=4.1362e-03) <<<
Epoch  19/100 | Steps:  19000 | α=1e-03 | Loss: 5.9760e-03 | BC: 4.1362e-03 | PDE: 1.8397e+01 | Val: 3.4890e-03 | Test: 3.4335e-04 | LR=9.2e-04 *
Epoch  20/100 | Steps:  20000 | α=1e-03 | Loss: 1.3283e-02 | BC: 7.7708e-03 | PDE: 5.5124e+00 | Val: 6.9969e-03 | Test: 8.3974e-04 | LR=9.1e-04
Epoch  21/100 | Steps:  21000 | α=1e-03 | Loss: 1.1088e-02 | BC: 7.1738e-03 | PDE: 3.9137e+00 | Val: 6.8599e-03 | Test: 7.0949e-04 | LR=9.1e-04
Epoch  22/100 | Steps:  22000 | α=1e-03 | Loss: 1.0703e-02 | BC: 7.0588e-03 | PDE: 3.6439e+00 | Val: 6.3918e-03 | Test: 7.8782e-04 | LR=9.0e-04
Epoch  23/100 | Steps:  23000 | α=1e-03 | Loss: 9.8157e-03 | BC: 6.5888e-03 | PDE: 3.2269e+00 | Val: 7.6697e-03 | Test: 8.3713e-04 | LR=8.9e-04
Epoch  24/100 | Steps:  24000 | α=1e-03 | Loss: 9.5385e-03 | BC: 6.3994e-03 | PDE: 3.1390e+00 | Val: 5.8131e-03 | Test: 6.7511e-04 | LR=8.8e-04
Epoch  25/100 | Steps:  25000 | α=1e-03 | Loss: 9.7234e-03 | BC: 6.4884e-03 | PDE: 3.2349e+00 | Val: 5.8953e-03 | Test: 5.8678e-04 | LR=8.7e-04
Epoch  26/100 | Steps:  26000 | α=1e-03 | Loss: 1.0124e-02 | BC: 6.6723e-03 | PDE: 3.4514e+00 | Val: 7.4007e-03 | Test: 7.8411e-04 | LR=8.6e-04

>>> Alpha increased: 1e-03 → 1e-02 (BC=6.5718e-03) <<<
Epoch  27/100 | Steps:  27000 | α=1e-02 | Loss: 9.8220e-03 | BC: 6.5718e-03 | PDE: 3.2501e+00 | Val: 5.8295e-03 | Test: 6.5517e-04 | LR=8.4e-04 *
Epoch  28/100 | Steps:  28000 | α=1e-02 | Loss: 1.7941e-02 | BC: 1.1032e-02 | PDE: 6.9086e-01 | Val: 1.1794e-02 | Test: 1.6066e-03 | LR=8.3e-04
Epoch  29/100 | Steps:  29000 | α=1e-02 | Loss: 1.7394e-02 | BC: 1.1396e-02 | PDE: 5.9982e-01 | Val: 1.0790e-02 | Test: 1.4234e-03 | LR=8.2e-04
Epoch  30/100 | Steps:  30000 | α=1e-02 | Loss: 1.5342e-02 | BC: 1.0429e-02 | PDE: 4.9137e-01 | Val: 9.5963e-03 | Test: 1.1292e-03 | LR=8.1e-04
Epoch  31/100 | Steps:  31000 | α=1e-02 | Loss: 1.6365e-02 | BC: 1.0809e-02 | PDE: 5.5557e-01 | Val: 1.0168e-02 | Test: 1.5404e-03 | LR=8.0e-04
Epoch  32/100 | Steps:  32000 | α=1e-02 | Loss: 1.6253e-02 | BC: 1.0899e-02 | PDE: 5.3541e-01 | Val: 1.1254e-02 | Test: 1.5028e-03 | LR=7.8e-04
Epoch  33/100 | Steps:  33000 | α=1e-02 | Loss: 1.5154e-02 | BC: 1.0642e-02 | PDE: 4.5117e-01 | Val: 9.5853e-03 | Test: 1.2456e-03 | LR=7.7e-04
Epoch  34/100 | Steps:  34000 | α=1e-02 | Loss: 1.5163e-02 | BC: 1.0626e-02 | PDE: 4.5379e-01 | Val: 1.1288e-02 | Test: 1.4430e-03 | LR=7.6e-04

>>> Alpha increased: 1e-02 → 1e-01 (BC=1.0622e-02) <<<
Epoch  35/100 | Steps:  35000 | α=1e-01 | Loss: 1.4906e-02 | BC: 1.0622e-02 | PDE: 4.2838e-01 | Val: 9.4862e-03 | Test: 1.2747e-03 | LR=7.4e-04 *
Epoch  36/100 | Steps:  36000 | α=1e-01 | Loss: 2.8163e-02 | BC: 1.7821e-02 | PDE: 1.0342e-01 | Val: 1.4973e-02 | Test: 2.0474e-03 | LR=7.3e-04
Epoch  37/100 | Steps:  37000 | α=1e-01 | Loss: 2.1954e-02 | BC: 1.5619e-02 | PDE: 6.3356e-02 | Val: 1.6655e-02 | Test: 2.4291e-03 | LR=7.2e-04
Epoch  38/100 | Steps:  38000 | α=1e-01 | Loss: 1.9377e-02 | BC: 1.4503e-02 | PDE: 4.8746e-02 | Val: 1.4341e-02 | Test: 1.9114e-03 | LR=7.0e-04
Epoch  39/100 | Steps:  39000 | α=1e-01 | Loss: 2.3284e-02 | BC: 1.6512e-02 | PDE: 6.7716e-02 | Val: 1.7445e-02 | Test: 2.8267e-03 | LR=6.9e-04
Epoch  40/100 | Steps:  40000 | α=1e-01 | Loss: 2.2445e-02 | BC: 1.6470e-02 | PDE: 5.9752e-02 | Val: 1.7046e-02 | Test: 2.5143e-03 | LR=6.7e-04
Epoch  41/100 | Steps:  41000 | α=1e-01 | Loss: 2.1406e-02 | BC: 1.5897e-02 | PDE: 5.5084e-02 | Val: 1.5439e-02 | Test: 2.3605e-03 | LR=6.6e-04
Epoch  42/100 | Steps:  42000 | α=1e-01 | Loss: 1.9475e-02 | BC: 1.4241e-02 | PDE: 5.2344e-02 | Val: 1.7308e-02 | Test: 2.6385e-03 | LR=6.4e-04
Epoch  43/100 | Steps:  43000 | α=1e-01 | Loss: 2.2077e-02 | BC: 1.6302e-02 | PDE: 5.7755e-02 | Val: 1.4101e-02 | Test: 2.0226e-03 | LR=6.3e-04
Epoch  44/100 | Steps:  44000 | α=1e-01 | Loss: 1.9677e-02 | BC: 1.4438e-02 | PDE: 5.2394e-02 | Val: 1.3550e-02 | Test: 1.7963e-03 | LR=6.1e-04
Epoch  45/100 | Steps:  45000 | α=1e-01 | Loss: 1.9940e-02 | BC: 1.4708e-02 | PDE: 5.2318e-02 | Val: 1.3407e-02 | Test: 1.7755e-03 | LR=6.0e-04
Epoch  46/100 | Steps:  46000 | α=1e-01 | Loss: 2.0188e-02 | BC: 1.4631e-02 | PDE: 5.5576e-02 | Val: 1.5361e-02 | Test: 2.1951e-03 | LR=5.8e-04
Epoch  47/100 | Steps:  47000 | α=1e-01 | Loss: 1.7435e-02 | BC: 1.3495e-02 | PDE: 3.9407e-02 | Val: 1.3652e-02 | Test: 1.8471e-03 | LR=5.7e-04
Epoch  48/100 | Steps:  48000 | α=1e-01 | Loss: 1.7551e-02 | BC: 1.3204e-02 | PDE: 4.3474e-02 | Val: 1.3012e-02 | Test: 1.7563e-03 | LR=5.5e-04
Epoch  49/100 | Steps:  49000 | α=1e-01 | Loss: 2.0157e-02 | BC: 1.4510e-02 | PDE: 5.6466e-02 | Val: 1.5353e-02 | Test: 2.0750e-03 | LR=5.4e-04
Epoch  50/100 | Steps:  50000 | α=1e-01 | Loss: 2.0107e-02 | BC: 1.4798e-02 | PDE: 5.3096e-02 | Val: 1.5088e-02 | Test: 2.0148e-03 | LR=5.2e-04
Epoch  51/100 | Steps:  51000 | α=1e-01 | Loss: 1.8637e-02 | BC: 1.3914e-02 | PDE: 4.7231e-02 | Val: 1.4561e-02 | Test: 1.9925e-03 | LR=5.1e-04
Epoch  52/100 | Steps:  52000 | α=1e-01 | Loss: 1.9231e-02 | BC: 1.3874e-02 | PDE: 5.3564e-02 | Val: 1.2981e-02 | Test: 1.8477e-03 | LR=4.9e-04
Epoch  53/100 | Steps:  53000 | α=1e-01 | Loss: 1.9330e-02 | BC: 1.4235e-02 | PDE: 5.0945e-02 | Val: 1.4341e-02 | Test: 1.8755e-03 | LR=4.7e-04
Epoch  54/100 | Steps:  54000 | α=1e-01 | Loss: 1.6592e-02 | BC: 1.2988e-02 | PDE: 3.6044e-02 | Val: 1.1922e-02 | Test: 1.5980e-03 | LR=4.6e-04
Epoch  55/100 | Steps:  55000 | α=1e-01 | Loss: 1.7047e-02 | BC: 1.2666e-02 | PDE: 4.3805e-02 | Val: 1.3008e-02 | Test: 1.7502e-03 | LR=4.4e-04
Epoch  56/100 | Steps:  56000 | α=1e-01 | Loss: 1.5432e-02 | BC: 1.2028e-02 | PDE: 3.4040e-02 | Val: 1.1750e-02 | Test: 1.6163e-03 | LR=4.3e-04
Epoch  57/100 | Steps:  57000 | α=1e-01 | Loss: 1.5296e-02 | BC: 1.1684e-02 | PDE: 3.6120e-02 | Val: 1.1633e-02 | Test: 1.6259e-03 | LR=4.1e-04
Epoch  58/100 | Steps:  58000 | α=1e-01 | Loss: 1.5089e-02 | BC: 1.1566e-02 | PDE: 3.5232e-02 | Val: 1.2591e-02 | Test: 1.5823e-03 | LR=4.0e-04
Epoch  59/100 | Steps:  59000 | α=1e-01 | Loss: 1.7470e-02 | BC: 1.2800e-02 | PDE: 4.6705e-02 | Val: 1.2225e-02 | Test: 1.6619e-03 | LR=3.8e-04
Epoch  60/100 | Steps:  60000 | α=1e-01 | Loss: 1.5100e-02 | BC: 1.1640e-02 | PDE: 3.4596e-02 | Val: 1.1352e-02 | Test: 1.5015e-03 | LR=3.7e-04
Epoch  61/100 | Steps:  61000 | α=1e-01 | Loss: 1.7032e-02 | BC: 1.2326e-02 | PDE: 4.7059e-02 | Val: 1.2519e-02 | Test: 1.5657e-03 | LR=3.5e-04
Epoch  62/100 | Steps:  62000 | α=1e-01 | Loss: 1.6256e-02 | BC: 1.2331e-02 | PDE: 3.9251e-02 | Val: 1.1678e-02 | Test: 1.4668e-03 | LR=3.4e-04
Epoch  63/100 | Steps:  63000 | α=1e-01 | Loss: 1.6021e-02 | BC: 1.1485e-02 | PDE: 4.5363e-02 | Val: 1.1002e-02 | Test: 1.4329e-03 | LR=3.2e-04
Epoch  64/100 | Steps:  64000 | α=1e-01 | Loss: 1.5690e-02 | BC: 1.1664e-02 | PDE: 4.0256e-02 | Val: 1.1754e-02 | Test: 1.4597e-03 | LR=3.1e-04
Epoch  65/100 | Steps:  65000 | α=1e-01 | Loss: 1.5028e-02 | BC: 1.1309e-02 | PDE: 3.7192e-02 | Val: 1.0911e-02 | Test: 1.3370e-03 | LR=2.9e-04
Epoch  66/100 | Steps:  66000 | α=1e-01 | Loss: 1.4962e-02 | BC: 1.1192e-02 | PDE: 3.7695e-02 | Val: 1.1404e-02 | Test: 1.4024e-03 | LR=2.8e-04
Epoch  67/100 | Steps:  67000 | α=1e-01 | Loss: 1.3901e-02 | BC: 1.0646e-02 | PDE: 3.2550e-02 | Val: 1.0933e-02 | Test: 1.3662e-03 | LR=2.7e-04
Epoch  68/100 | Steps:  68000 | α=1e-01 | Loss: 1.3952e-02 | BC: 1.0838e-02 | PDE: 3.1147e-02 | Val: 1.0146e-02 | Test: 1.2688e-03 | LR=2.5e-04
Epoch  69/100 | Steps:  69000 | α=1e-01 | Loss: 1.4033e-02 | BC: 1.0394e-02 | PDE: 3.6381e-02 | Val: 1.0016e-02 | Test: 1.2933e-03 | LR=2.4e-04
Epoch  70/100 | Steps:  70000 | α=1e-01 | Loss: 1.3978e-02 | BC: 1.0455e-02 | PDE: 3.5227e-02 | Val: 1.0607e-02 | Test: 1.2860e-03 | LR=2.3e-04
Epoch  71/100 | Steps:  71000 | α=1e-01 | Loss: 1.2792e-02 | BC: 1.0141e-02 | PDE: 2.6511e-02 | Val: 9.7634e-03 | Test: 1.3091e-03 | LR=2.1e-04
Epoch  72/100 | Steps:  72000 | α=1e-01 | Loss: 1.3271e-02 | BC: 1.0017e-02 | PDE: 3.2540e-02 | Val: 9.5531e-03 | Test: 1.2074e-03 | LR=2.0e-04
Epoch  73/100 | Steps:  73000 | α=1e-01 | Loss: 1.2380e-02 | BC: 9.5760e-03 | PDE: 2.8045e-02 | Val: 9.7629e-03 | Test: 1.1496e-03 | LR=1.9e-04
Epoch  74/100 | Steps:  74000 | α=1e-01 | Loss: 1.2052e-02 | BC: 9.4741e-03 | PDE: 2.5779e-02 | Val: 9.3222e-03 | Test: 1.1160e-03 | LR=1.8e-04 *
Epoch  75/100 | Steps:  75000 | α=1e-01 | Loss: 1.1259e-02 | BC: 9.1042e-03 | PDE: 2.1544e-02 | Val: 9.1565e-03 | Test: 1.0611e-03 | LR=1.7e-04 *
Epoch  76/100 | Steps:  76000 | α=1e-01 | Loss: 1.1401e-02 | BC: 9.0272e-03 | PDE: 2.3740e-02 | Val: 8.8837e-03 | Test: 1.0807e-03 | LR=1.5e-04 *
Epoch  77/100 | Steps:  77000 | α=1e-01 | Loss: 1.1732e-02 | BC: 9.0750e-03 | PDE: 2.6574e-02 | Val: 9.0339e-03 | Test: 1.0535e-03 | LR=1.4e-04
Epoch  78/100 | Steps:  78000 | α=1e-01 | Loss: 1.0818e-02 | BC: 8.7489e-03 | PDE: 2.0687e-02 | Val: 8.8150e-03 | Test: 9.9190e-04 | LR=1.3e-04 *
Epoch  79/100 | Steps:  79000 | α=1e-01 | Loss: 1.0638e-02 | BC: 8.6085e-03 | PDE: 2.0296e-02 | Val: 8.5059e-03 | Test: 1.0024e-03 | LR=1.2e-04 *
Epoch  80/100 | Steps:  80000 | α=1e-01 | Loss: 1.0067e-02 | BC: 8.4119e-03 | PDE: 1.6549e-02 | Val: 8.2020e-03 | Test: 1.0028e-03 | LR=1.1e-04 *
Epoch  81/100 | Steps:  81000 | α=1e-01 | Loss: 1.0414e-02 | BC: 8.2811e-03 | PDE: 2.1331e-02 | Val: 8.2706e-03 | Test: 9.5466e-04 | LR=1.0e-04
Epoch  82/100 | Steps:  82000 | α=1e-01 | Loss: 1.0195e-02 | BC: 8.3142e-03 | PDE: 1.8804e-02 | Val: 8.1794e-03 | Test: 9.7496e-04 | LR=9.6e-05 *
Epoch  83/100 | Steps:  83000 | α=1e-01 | Loss: 9.8974e-03 | BC: 8.1192e-03 | PDE: 1.7782e-02 | Val: 8.0195e-03 | Test: 9.3167e-04 | LR=8.7e-05 *
Epoch  84/100 | Steps:  84000 | α=1e-01 | Loss: 9.6849e-03 | BC: 7.9922e-03 | PDE: 1.6927e-02 | Val: 7.9039e-03 | Test: 9.1373e-04 | LR=7.9e-05 *
Epoch  85/100 | Steps:  85000 | α=1e-01 | Loss: 9.2928e-03 | BC: 7.8751e-03 | PDE: 1.4177e-02 | Val: 7.7527e-03 | Test: 9.1333e-04 | LR=7.1e-05 *
Epoch  86/100 | Steps:  86000 | α=1e-01 | Loss: 9.3967e-03 | BC: 7.7882e-03 | PDE: 1.6085e-02 | Val: 7.6317e-03 | Test: 9.1423e-04 | LR=6.4e-05 *
Epoch  87/100 | Steps:  87000 | α=1e-01 | Loss: 9.0775e-03 | BC: 7.6428e-03 | PDE: 1.4347e-02 | Val: 7.5145e-03 | Test: 8.9549e-04 | LR=5.7e-05 *
Epoch  88/100 | Steps:  88000 | α=1e-01 | Loss: 8.8811e-03 | BC: 7.5330e-03 | PDE: 1.3481e-02 | Val: 7.4275e-03 | Test: 8.9298e-04 | LR=5.1e-05 *
Epoch  89/100 | Steps:  89000 | α=1e-01 | Loss: 8.4584e-03 | BC: 7.4140e-03 | PDE: 1.0444e-02 | Val: 7.2762e-03 | Test: 8.6482e-04 | LR=4.5e-05 *
Epoch  90/100 | Steps:  90000 | α=1e-01 | Loss: 8.4051e-03 | BC: 7.3085e-03 | PDE: 1.0966e-02 | Val: 7.1918e-03 | Test: 8.6726e-04 | LR=3.9e-05 *
Epoch  91/100 | Steps:  91000 | α=1e-01 | Loss: 8.0727e-03 | BC: 7.2009e-03 | PDE: 8.7176e-03 | Val: 7.0665e-03 | Test: 8.4609e-04 | LR=3.4e-05 *
Epoch  92/100 | Steps:  92000 | α=1e-01 | Loss: 7.8482e-03 | BC: 7.0756e-03 | PDE: 7.7258e-03 | Val: 6.9600e-03 | Test: 8.3221e-04 | LR=3.0e-05 *
Epoch  93/100 | Steps:  93000 | α=1e-01 | Loss: 7.8110e-03 | BC: 7.0117e-03 | PDE: 7.9930e-03 | Val: 6.8843e-03 | Test: 8.2895e-04 | LR=2.6e-05 *
Epoch  94/100 | Steps:  94000 | α=1e-01 | Loss: 7.7690e-03 | BC: 6.9403e-03 | PDE: 8.2877e-03 | Val: 6.8273e-03 | Test: 8.1402e-04 | LR=2.2e-05 *
Epoch  95/100 | Steps:  95000 | α=1e-01 | Loss: 7.5876e-03 | BC: 6.8672e-03 | PDE: 7.2043e-03 | Val: 6.7643e-03 | Test: 8.0407e-04 | LR=1.9e-05 *
Epoch  96/100 | Steps:  96000 | α=1e-01 | Loss: 7.4392e-03 | BC: 6.8108e-03 | PDE: 6.2842e-03 | Val: 6.6988e-03 | Test: 7.9970e-04 | LR=1.6e-05 *
Epoch  97/100 | Steps:  97000 | α=1e-01 | Loss: 7.3898e-03 | BC: 6.7550e-03 | PDE: 6.3471e-03 | Val: 6.6492e-03 | Test: 7.9195e-04 | LR=1.4e-05 *
Epoch  98/100 | Steps:  98000 | α=1e-01 | Loss: 7.3030e-03 | BC: 6.7010e-03 | PDE: 6.0191e-03 | Val: 6.6048e-03 | Test: 7.8312e-04 | LR=1.2e-05 *
Epoch  99/100 | Steps:  99000 | α=1e-01 | Loss: 7.2474e-03 | BC: 6.6643e-03 | PDE: 5.8304e-03 | Val: 6.5572e-03 | Test: 7.8054e-04 | LR=1.1e-05 *
Epoch 100/100 | Steps: 100000 | α=1e-01 | Loss: 7.2190e-03 | BC: 6.6199e-03 | PDE: 5.9909e-03 | Val: 6.5269e-03 | Test: 7.7218e-04 | LR=1.0e-05 *

Restored best model from epoch 100 (val_loss: 6.5269e-03, test_loss: 7.7218e-04)
Best checkpoint saved to: outputs/expr_6_2/arctan/clip0_out0_eta0/checkpoints/best_model.pt
Final checkpoint saved to: outputs/expr_6_2/arctan/clip0_out0_eta0/checkpoints/final_model.pt
Training completed in 1016.78s (100,000 total steps)

Final Test MSE: 7.7218e-04
Inference (per point): 1.6216e-04s | (full domain): 1.5832e-04s
Saved plot to outputs/expr_6_2/arctan/clip0_out0_eta0/plots/results.png
