
============================================================
p-Laplacian Aronsson Example
============================================================

Generated full domain data:
  Boundary points: 40,000
  Interior points: 1,000,000
  Test points: 10,000
Re-sampling enabled: ~1,000,000 interior points per epoch

Splitting data: 80% train, 20% validation
  BC: 32,000 train, 8,000 val
  Interior: 800,000 train, 200,000 val

Model: PLaplacianPINN on Square [-1,1]²
  Hidden layers: [128, 128, 128, 128], activation: tanh
  η=1e-05, clip_residual=100.0, clip_grad_norm=1.0
  Outlier removal: top 2.0%
  Parameters: 50,049

Training configuration:
  Boundary points (train): 32,000 -> 80 batches of 400
  Interior points (train): 1,000,000 -> 1000 batches of 1000
  Interior sampling: RE-SAMPLE each epoch
  Boundary points (val): 8,000
  Validation loss: BC only
  Steps per epoch: 1,000
  Total steps: 100,000
  Epochs: 100
  Loss balancing: AlphaPlateauScheduler
  LR scheduler: cosine (LR: 1.0e-03 -> 1.0e-05)

/usr/local/lib/python3.12/dist-packages/torch/autograd/graph.py:824: UserWarning: Attempting to run cuBLAS, but there was no current CUDA context! Attempting to set the primary context... (Triggered internally at /opt/pytorch/pytorch/aten/src/ATen/cuda/CublasHandlePool.cpp:181.)
  return Variable._execution_engine.run_backward(  # Calls into the C++ engine to run the backward pass
Epoch   1/100 | Steps:   1000 | α=1e-05 | Loss: 2.2702e-02 | BC: 2.2231e-02 | PDE: 4.7069e+01 | Val: 3.7256e-04 | Test: 9.1202e-04 | LR=1.0e-03 *
Epoch   2/100 | Steps:   2000 | α=1e-05 | Loss: 4.4139e-04 | BC: 3.4300e-04 | PDE: 9.8392e+00 | Val: 2.4529e-04 | Test: 6.8975e-04 | LR=1.0e-03 *
Epoch   3/100 | Steps:   3000 | α=1e-05 | Loss: 3.3437e-04 | BC: 2.7859e-04 | PDE: 5.5787e+00 | Val: 1.3392e-04 | Test: 5.6537e-04 | LR=1.0e-03 *
Epoch   4/100 | Steps:   4000 | α=1e-05 | Loss: 2.6498e-04 | BC: 2.2245e-04 | PDE: 4.2529e+00 | Val: 1.2945e-04 | Test: 4.6967e-04 | LR=1.0e-03 *
Epoch   5/100 | Steps:   5000 | α=1e-05 | Loss: 2.4111e-04 | BC: 2.0528e-04 | PDE: 3.5829e+00 | Val: 1.1745e-04 | Test: 4.3639e-04 | LR=1.0e-03 *
Epoch   6/100 | Steps:   6000 | α=1e-05 | Loss: 2.2289e-04 | BC: 1.9379e-04 | PDE: 2.9104e+00 | Val: 5.2578e-05 | Test: 4.3069e-04 | LR=9.9e-04 *
Epoch   7/100 | Steps:   7000 | α=1e-05 | Loss: 1.7050e-04 | BC: 1.4734e-04 | PDE: 2.3156e+00 | Val: 1.2653e-04 | Test: 5.4805e-04 | LR=9.9e-04
Epoch   8/100 | Steps:   8000 | α=1e-05 | Loss: 1.6893e-04 | BC: 1.5085e-04 | PDE: 1.8087e+00 | Val: 3.5908e-05 | Test: 4.6842e-04 | LR=9.9e-04 *
Epoch   9/100 | Steps:   9000 | α=1e-05 | Loss: 1.7065e-04 | BC: 1.5679e-04 | PDE: 1.3868e+00 | Val: 4.6281e-05 | Test: 4.3811e-04 | LR=9.8e-04
Epoch  10/100 | Steps:  10000 | α=1e-05 | Loss: 1.0566e-04 | BC: 9.4274e-05 | PDE: 1.1390e+00 | Val: 8.1244e-05 | Test: 4.4093e-04 | LR=9.8e-04
Epoch  11/100 | Steps:  11000 | α=1e-05 | Loss: 1.2450e-04 | BC: 1.1461e-04 | PDE: 9.8884e-01 | Val: 1.9200e-04 | Test: 5.3954e-04 | LR=9.8e-04
Epoch  12/100 | Steps:  12000 | α=1e-05 | Loss: 1.0720e-04 | BC: 9.8363e-05 | PDE: 8.8394e-01 | Val: 4.3942e-05 | Test: 4.4858e-04 | LR=9.7e-04
Epoch  13/100 | Steps:  13000 | α=1e-05 | Loss: 1.0898e-04 | BC: 1.0093e-04 | PDE: 8.0536e-01 | Val: 2.6359e-05 | Test: 4.2856e-04 | LR=9.7e-04 *
Epoch  14/100 | Steps:  14000 | α=1e-05 | Loss: 1.0552e-04 | BC: 9.8222e-05 | PDE: 7.2976e-01 | Val: 1.4537e-04 | Test: 4.4734e-04 | LR=9.6e-04
Epoch  15/100 | Steps:  15000 | α=1e-05 | Loss: 8.0020e-05 | BC: 7.3458e-05 | PDE: 6.5622e-01 | Val: 1.6280e-05 | Test: 4.2817e-04 | LR=9.5e-04 *
Epoch  16/100 | Steps:  16000 | α=1e-05 | Loss: 7.8482e-05 | BC: 7.2635e-05 | PDE: 5.8471e-01 | Val: 7.7171e-06 | Test: 4.2213e-04 | LR=9.5e-04 *
Epoch  17/100 | Steps:  17000 | α=1e-05 | Loss: 7.4221e-05 | BC: 6.8984e-05 | PDE: 5.2364e-01 | Val: 9.3442e-06 | Test: 4.1396e-04 | LR=9.4e-04
Epoch  18/100 | Steps:  18000 | α=1e-05 | Loss: 6.5212e-05 | BC: 6.0361e-05 | PDE: 4.8517e-01 | Val: 1.3471e-05 | Test: 4.2577e-04 | LR=9.3e-04
Epoch  19/100 | Steps:  19000 | α=1e-05 | Loss: 6.5862e-05 | BC: 6.1439e-05 | PDE: 4.4228e-01 | Val: 5.7531e-05 | Test: 4.2661e-04 | LR=9.2e-04

>>> Alpha increased: 1e-05 → 1e-04 (BC=5.9852e-05) <<<
Epoch  20/100 | Steps:  20000 | α=1e-04 | Loss: 6.4056e-05 | BC: 5.9852e-05 | PDE: 4.2033e-01 | Val: 2.8657e-06 | Test: 4.1245e-04 | LR=9.1e-04 *
Epoch  21/100 | Steps:  21000 | α=1e-04 | Loss: 8.1181e-05 | BC: 6.5055e-05 | PDE: 1.6126e-01 | Val: 1.1052e-05 | Test: 4.3377e-04 | LR=9.1e-04
Epoch  22/100 | Steps:  22000 | α=1e-04 | Loss: 6.0223e-05 | BC: 5.0374e-05 | PDE: 9.8495e-02 | Val: 8.2846e-06 | Test: 4.2674e-04 | LR=9.0e-04
Epoch  23/100 | Steps:  23000 | α=1e-04 | Loss: 5.4201e-05 | BC: 4.6443e-05 | PDE: 7.7579e-02 | Val: 2.5198e-05 | Test: 4.3887e-04 | LR=8.9e-04
Epoch  24/100 | Steps:  24000 | α=1e-04 | Loss: 5.1440e-05 | BC: 4.4686e-05 | PDE: 6.7538e-02 | Val: 3.2770e-05 | Test: 4.6723e-04 | LR=8.8e-04
Epoch  25/100 | Steps:  25000 | α=1e-04 | Loss: 5.1399e-05 | BC: 4.5240e-05 | PDE: 6.1590e-02 | Val: 1.0262e-05 | Test: 4.4248e-04 | LR=8.7e-04
Epoch  26/100 | Steps:  26000 | α=1e-04 | Loss: 4.3233e-05 | BC: 3.8043e-05 | PDE: 5.1891e-02 | Val: 3.4483e-05 | Test: 4.5262e-04 | LR=8.6e-04
Epoch  27/100 | Steps:  27000 | α=1e-04 | Loss: 4.1974e-05 | BC: 3.7140e-05 | PDE: 4.8341e-02 | Val: 1.7978e-05 | Test: 4.3879e-04 | LR=8.4e-04
Epoch  28/100 | Steps:  28000 | α=1e-04 | Loss: 4.0104e-05 | BC: 3.5575e-05 | PDE: 4.5289e-02 | Val: 3.2884e-05 | Test: 4.4395e-04 | LR=8.3e-04
Epoch  29/100 | Steps:  29000 | α=1e-04 | Loss: 4.0532e-05 | BC: 3.6200e-05 | PDE: 4.3323e-02 | Val: 4.6767e-05 | Test: 4.7392e-04 | LR=8.2e-04
Epoch  30/100 | Steps:  30000 | α=1e-04 | Loss: 3.8894e-05 | BC: 3.4711e-05 | PDE: 4.1822e-02 | Val: 2.3674e-05 | Test: 4.4861e-04 | LR=8.1e-04
Epoch  31/100 | Steps:  31000 | α=1e-04 | Loss: 3.0643e-05 | BC: 2.6861e-05 | PDE: 3.7821e-02 | Val: 1.3068e-05 | Test: 4.4216e-04 | LR=8.0e-04
Epoch  32/100 | Steps:  32000 | α=1e-04 | Loss: 3.0998e-05 | BC: 2.7506e-05 | PDE: 3.4921e-02 | Val: 4.6944e-06 | Test: 4.4530e-04 | LR=7.8e-04
Epoch  33/100 | Steps:  33000 | α=1e-04 | Loss: 2.9550e-05 | BC: 2.6059e-05 | PDE: 3.4912e-02 | Val: 1.8931e-05 | Test: 4.1687e-04 | LR=7.7e-04
Epoch  34/100 | Steps:  34000 | α=1e-04 | Loss: 2.9832e-05 | BC: 2.6510e-05 | PDE: 3.3220e-02 | Val: 2.7265e-04 | Test: 6.5381e-04 | LR=7.6e-04
Epoch  35/100 | Steps:  35000 | α=1e-04 | Loss: 2.5263e-05 | BC: 2.2170e-05 | PDE: 3.0932e-02 | Val: 4.4284e-05 | Test: 4.7039e-04 | LR=7.4e-04
Epoch  36/100 | Steps:  36000 | α=1e-04 | Loss: 2.4328e-05 | BC: 2.1479e-05 | PDE: 2.8490e-02 | Val: 9.9287e-06 | Test: 4.5947e-04 | LR=7.3e-04
Epoch  37/100 | Steps:  37000 | α=1e-04 | Loss: 2.5887e-05 | BC: 2.2867e-05 | PDE: 3.0199e-02 | Val: 5.9107e-05 | Test: 4.7045e-04 | LR=7.2e-04
Epoch  38/100 | Steps:  38000 | α=1e-04 | Loss: 2.1281e-05 | BC: 1.8656e-05 | PDE: 2.6251e-02 | Val: 3.1708e-06 | Test: 4.4245e-04 | LR=7.0e-04
Epoch  39/100 | Steps:  39000 | α=1e-04 | Loss: 2.1663e-05 | BC: 1.9179e-05 | PDE: 2.4847e-02 | Val: 4.1362e-05 | Test: 4.3005e-04 | LR=6.9e-04
Epoch  40/100 | Steps:  40000 | α=1e-04 | Loss: 1.9764e-05 | BC: 1.7448e-05 | PDE: 2.3162e-02 | Val: 4.2945e-06 | Test: 4.1234e-04 | LR=6.7e-04
Epoch  41/100 | Steps:  41000 | α=1e-04 | Loss: 1.8353e-05 | BC: 1.6114e-05 | PDE: 2.2390e-02 | Val: 3.7972e-06 | Test: 4.4119e-04 | LR=6.6e-04
Epoch  42/100 | Steps:  42000 | α=1e-04 | Loss: 1.8675e-05 | BC: 1.6465e-05 | PDE: 2.2102e-02 | Val: 5.6853e-06 | Test: 4.1583e-04 | LR=6.4e-04
Epoch  43/100 | Steps:  43000 | α=1e-04 | Loss: 1.6514e-05 | BC: 1.4575e-05 | PDE: 1.9390e-02 | Val: 6.5738e-06 | Test: 4.2549e-04 | LR=6.3e-04
Epoch  44/100 | Steps:  44000 | α=1e-04 | Loss: 1.7181e-05 | BC: 1.5082e-05 | PDE: 2.0994e-02 | Val: 2.1907e-05 | Test: 4.5033e-04 | LR=6.1e-04
Epoch  45/100 | Steps:  45000 | α=1e-04 | Loss: 1.4992e-05 | BC: 1.3207e-05 | PDE: 1.7854e-02 | Val: 6.8746e-05 | Test: 5.1787e-04 | LR=6.0e-04
Epoch  46/100 | Steps:  46000 | α=1e-04 | Loss: 1.1538e-05 | BC: 9.8758e-06 | PDE: 1.6618e-02 | Val: 1.2737e-06 | Test: 4.4057e-04 | LR=5.8e-04 *
Epoch  47/100 | Steps:  47000 | α=1e-04 | Loss: 1.3677e-05 | BC: 1.1982e-05 | PDE: 1.6955e-02 | Val: 3.3674e-06 | Test: 4.4337e-04 | LR=5.7e-04
Epoch  48/100 | Steps:  48000 | α=1e-04 | Loss: 1.1323e-05 | BC: 9.7689e-06 | PDE: 1.5546e-02 | Val: 1.9244e-05 | Test: 4.0390e-04 | LR=5.5e-04
Epoch  49/100 | Steps:  49000 | α=1e-04 | Loss: 1.2644e-05 | BC: 1.1004e-05 | PDE: 1.6394e-02 | Val: 1.4011e-05 | Test: 4.4444e-04 | LR=5.4e-04
Epoch  50/100 | Steps:  50000 | α=1e-04 | Loss: 1.1620e-05 | BC: 1.0074e-05 | PDE: 1.5456e-02 | Val: 1.3031e-06 | Test: 4.2836e-04 | LR=5.2e-04
Epoch  51/100 | Steps:  51000 | α=1e-04 | Loss: 8.7225e-06 | BC: 7.4263e-06 | PDE: 1.2962e-02 | Val: 5.8976e-06 | Test: 4.2027e-04 | LR=5.1e-04
Epoch  52/100 | Steps:  52000 | α=1e-04 | Loss: 1.0045e-05 | BC: 8.5910e-06 | PDE: 1.4539e-02 | Val: 2.3746e-06 | Test: 4.2933e-04 | LR=4.9e-04
Epoch  53/100 | Steps:  53000 | α=1e-04 | Loss: 8.8449e-06 | BC: 7.5833e-06 | PDE: 1.2616e-02 | Val: 4.1784e-06 | Test: 4.1958e-04 | LR=4.7e-04
Epoch  54/100 | Steps:  54000 | α=1e-04 | Loss: 8.1925e-06 | BC: 6.9880e-06 | PDE: 1.2045e-02 | Val: 1.5412e-05 | Test: 4.2787e-04 | LR=4.6e-04
Epoch  55/100 | Steps:  55000 | α=1e-04 | Loss: 8.2220e-06 | BC: 6.9436e-06 | PDE: 1.2784e-02 | Val: 1.0883e-06 | Test: 4.2815e-04 | LR=4.4e-04 *
Epoch  56/100 | Steps:  56000 | α=1e-04 | Loss: 6.6114e-06 | BC: 5.5279e-06 | PDE: 1.0835e-02 | Val: 1.5192e-06 | Test: 4.3291e-04 | LR=4.3e-04
Epoch  57/100 | Steps:  57000 | α=1e-04 | Loss: 7.2472e-06 | BC: 6.1712e-06 | PDE: 1.0760e-02 | Val: 1.2904e-06 | Test: 4.3454e-04 | LR=4.1e-04
Epoch  58/100 | Steps:  58000 | α=1e-04 | Loss: 6.4563e-06 | BC: 5.3693e-06 | PDE: 1.0870e-02 | Val: 4.7600e-05 | Test: 4.1732e-04 | LR=4.0e-04
Epoch  59/100 | Steps:  59000 | α=1e-04 | Loss: 5.8756e-06 | BC: 4.8738e-06 | PDE: 1.0018e-02 | Val: 1.1042e-05 | Test: 4.4394e-04 | LR=3.8e-04
Epoch  60/100 | Steps:  60000 | α=1e-04 | Loss: 5.2937e-06 | BC: 4.3366e-06 | PDE: 9.5713e-03 | Val: 3.3496e-06 | Test: 4.3625e-04 | LR=3.7e-04
Epoch  61/100 | Steps:  61000 | α=1e-04 | Loss: 5.5882e-06 | BC: 4.6226e-06 | PDE: 9.6558e-03 | Val: 6.3913e-07 | Test: 4.2003e-04 | LR=3.5e-04 *
Epoch  62/100 | Steps:  62000 | α=1e-04 | Loss: 4.7590e-06 | BC: 3.9049e-06 | PDE: 8.5410e-03 | Val: 6.2018e-06 | Test: 4.4138e-04 | LR=3.4e-04
Epoch  63/100 | Steps:  63000 | α=1e-04 | Loss: 4.4520e-06 | BC: 3.5776e-06 | PDE: 8.7442e-03 | Val: 1.2187e-06 | Test: 4.3214e-04 | LR=3.2e-04
Epoch  64/100 | Steps:  64000 | α=1e-04 | Loss: 3.5804e-06 | BC: 2.7763e-06 | PDE: 8.0408e-03 | Val: 1.9644e-06 | Test: 4.3034e-04 | LR=3.1e-04
Epoch  65/100 | Steps:  65000 | α=1e-04 | Loss: 3.6201e-06 | BC: 2.8580e-06 | PDE: 7.6211e-03 | Val: 4.1440e-06 | Test: 4.3523e-04 | LR=2.9e-04
Epoch  66/100 | Steps:  66000 | α=1e-04 | Loss: 3.7696e-06 | BC: 2.9787e-06 | PDE: 7.9083e-03 | Val: 1.3527e-06 | Test: 4.2676e-04 | LR=2.8e-04
Epoch  67/100 | Steps:  67000 | α=1e-04 | Loss: 3.0749e-06 | BC: 2.3347e-06 | PDE: 7.4018e-03 | Val: 5.8774e-07 | Test: 4.2580e-04 | LR=2.7e-04 *
Epoch  68/100 | Steps:  68000 | α=1e-04 | Loss: 3.1085e-06 | BC: 2.4230e-06 | PDE: 6.8551e-03 | Val: 9.2387e-07 | Test: 4.2722e-04 | LR=2.5e-04
Epoch  69/100 | Steps:  69000 | α=1e-04 | Loss: 2.4499e-06 | BC: 1.7762e-06 | PDE: 6.7366e-03 | Val: 8.3760e-07 | Test: 4.1965e-04 | LR=2.4e-04
Epoch  70/100 | Steps:  70000 | α=1e-04 | Loss: 2.7146e-06 | BC: 2.0429e-06 | PDE: 6.7172e-03 | Val: 7.5887e-07 | Test: 4.2897e-04 | LR=2.3e-04
Epoch  71/100 | Steps:  71000 | α=1e-04 | Loss: 2.1718e-06 | BC: 1.5186e-06 | PDE: 6.5318e-03 | Val: 8.5274e-07 | Test: 4.2684e-04 | LR=2.1e-04
Epoch  72/100 | Steps:  72000 | α=1e-04 | Loss: 2.0640e-06 | BC: 1.4396e-06 | PDE: 6.2443e-03 | Val: 4.2475e-06 | Test: 4.2360e-04 | LR=2.0e-04
Epoch  73/100 | Steps:  73000 | α=1e-04 | Loss: 1.8917e-06 | BC: 1.2869e-06 | PDE: 6.0484e-03 | Val: 8.8155e-07 | Test: 4.2148e-04 | LR=1.9e-04
Epoch  74/100 | Steps:  74000 | α=1e-04 | Loss: 1.7477e-06 | BC: 1.1629e-06 | PDE: 5.8473e-03 | Val: 8.1579e-07 | Test: 4.2187e-04 | LR=1.8e-04
Epoch  75/100 | Steps:  75000 | α=1e-04 | Loss: 1.6255e-06 | BC: 1.0687e-06 | PDE: 5.5685e-03 | Val: 6.0458e-07 | Test: 4.3096e-04 | LR=1.7e-04
Epoch  76/100 | Steps:  76000 | α=1e-04 | Loss: 1.5351e-06 | BC: 9.6381e-07 | PDE: 5.7132e-03 | Val: 1.0121e-06 | Test: 4.2121e-04 | LR=1.5e-04
Epoch  77/100 | Steps:  77000 | α=1e-04 | Loss: 1.3176e-06 | BC: 8.0975e-07 | PDE: 5.0787e-03 | Val: 8.2909e-07 | Test: 4.2363e-04 | LR=1.4e-04
Epoch  78/100 | Steps:  78000 | α=1e-04 | Loss: 1.4544e-06 | BC: 9.1025e-07 | PDE: 5.4412e-03 | Val: 3.5136e-07 | Test: 4.2772e-04 | LR=1.3e-04 *
Epoch  79/100 | Steps:  79000 | α=1e-04 | Loss: 1.1034e-06 | BC: 6.0333e-07 | PDE: 5.0012e-03 | Val: 4.3630e-07 | Test: 4.2673e-04 | LR=1.2e-04
Epoch  80/100 | Steps:  80000 | α=1e-04 | Loss: 1.2048e-06 | BC: 7.0319e-07 | PDE: 5.0158e-03 | Val: 8.5146e-07 | Test: 4.2137e-04 | LR=1.1e-04
Epoch  81/100 | Steps:  81000 | α=1e-04 | Loss: 9.8692e-07 | BC: 5.2150e-07 | PDE: 4.6541e-03 | Val: 2.9494e-07 | Test: 4.2340e-04 | LR=1.0e-04 *
Epoch  82/100 | Steps:  82000 | α=1e-04 | Loss: 9.2700e-07 | BC: 4.6479e-07 | PDE: 4.6221e-03 | Val: 4.3987e-07 | Test: 4.2401e-04 | LR=9.6e-05
Epoch  83/100 | Steps:  83000 | α=1e-04 | Loss: 9.0128e-07 | BC: 4.4411e-07 | PDE: 4.5717e-03 | Val: 5.1931e-07 | Test: 4.2261e-04 | LR=8.7e-05
Epoch  84/100 | Steps:  84000 | α=1e-04 | Loss: 7.9579e-07 | BC: 3.8834e-07 | PDE: 4.0745e-03 | Val: 3.3492e-07 | Test: 4.2852e-04 | LR=7.9e-05
Epoch  85/100 | Steps:  85000 | α=1e-04 | Loss: 7.9176e-07 | BC: 3.8002e-07 | PDE: 4.1174e-03 | Val: 2.9611e-07 | Test: 4.2129e-04 | LR=7.1e-05
Epoch  86/100 | Steps:  86000 | α=1e-04 | Loss: 7.3203e-07 | BC: 3.3297e-07 | PDE: 3.9906e-03 | Val: 3.0874e-07 | Test: 4.2493e-04 | LR=6.4e-05
Epoch  87/100 | Steps:  87000 | α=1e-04 | Loss: 7.0581e-07 | BC: 3.0949e-07 | PDE: 3.9631e-03 | Val: 3.1456e-07 | Test: 4.2577e-04 | LR=5.7e-05
Epoch  88/100 | Steps:  88000 | α=1e-04 | Loss: 6.4506e-07 | BC: 2.6829e-07 | PDE: 3.7676e-03 | Val: 2.5796e-07 | Test: 4.2187e-04 | LR=5.1e-05 *
Epoch  89/100 | Steps:  89000 | α=1e-04 | Loss: 6.1655e-07 | BC: 2.4722e-07 | PDE: 3.6933e-03 | Val: 4.6809e-07 | Test: 4.2604e-04 | LR=4.5e-05
Epoch  90/100 | Steps:  90000 | α=1e-04 | Loss: 6.1891e-07 | BC: 2.4598e-07 | PDE: 3.7293e-03 | Val: 3.2575e-07 | Test: 4.2196e-04 | LR=3.9e-05
Epoch  91/100 | Steps:  91000 | α=1e-04 | Loss: 5.7218e-07 | BC: 2.1583e-07 | PDE: 3.5635e-03 | Val: 2.9985e-07 | Test: 4.2175e-04 | LR=3.4e-05
Epoch  92/100 | Steps:  92000 | α=1e-04 | Loss: 5.8229e-07 | BC: 2.1816e-07 | PDE: 3.6413e-03 | Val: 2.8516e-07 | Test: 4.2461e-04 | LR=3.0e-05
Epoch  93/100 | Steps:  93000 | α=1e-04 | Loss: 5.5547e-07 | BC: 2.0384e-07 | PDE: 3.5163e-03 | Val: 2.0851e-07 | Test: 4.2415e-04 | LR=2.6e-05 *
Epoch  94/100 | Steps:  94000 | α=1e-04 | Loss: 5.4951e-07 | BC: 1.9334e-07 | PDE: 3.5617e-03 | Val: 1.8238e-07 | Test: 4.2303e-04 | LR=2.2e-05 *
Epoch  95/100 | Steps:  95000 | α=1e-04 | Loss: 5.2441e-07 | BC: 1.8327e-07 | PDE: 3.4115e-03 | Val: 1.9120e-07 | Test: 4.2571e-04 | LR=1.9e-05
Epoch  96/100 | Steps:  96000 | α=1e-04 | Loss: 5.0390e-07 | BC: 1.7573e-07 | PDE: 3.2817e-03 | Val: 2.3101e-07 | Test: 4.2470e-04 | LR=1.6e-05
Epoch  97/100 | Steps:  97000 | α=1e-04 | Loss: 5.0100e-07 | BC: 1.7425e-07 | PDE: 3.2675e-03 | Val: 2.5001e-07 | Test: 4.2325e-04 | LR=1.4e-05
Epoch  98/100 | Steps:  98000 | α=1e-04 | Loss: 5.0696e-07 | BC: 1.7092e-07 | PDE: 3.3604e-03 | Val: 1.8519e-07 | Test: 4.2341e-04 | LR=1.2e-05

>>> Alpha increased: 1e-04 → 1e-03 (BC=1.6859e-07) <<<
Epoch  99/100 | Steps:  99000 | α=1e-03 | Loss: 5.0256e-07 | BC: 1.6859e-07 | PDE: 3.3398e-03 | Val: 2.0808e-07 | Test: 4.2533e-04 | LR=1.1e-05 *
Epoch 100/100 | Steps: 100000 | α=1e-03 | Loss: 3.3949e-06 | BC: 2.8555e-07 | PDE: 3.1094e-03 | Val: 3.3778e-07 | Test: 4.3038e-04 | LR=1.0e-05

Restored best model from epoch 99 (val_loss: 2.0808e-07, test_loss: 4.2533e-04)
Best checkpoint saved to: outputs/expr_7_2_simple/p5_square/checkpoints/best_model.pt
Final checkpoint saved to: outputs/expr_7_2_simple/p5_square/checkpoints/final_model.pt
Training completed in 2336.55s (100,000 total steps)

Final Test MSE: 4.3038e-04
Inference (per point): 1.3086e-04s | (full domain): 1.3330e-04s
p-Lap (p=5) PDE test (raw):        5.7698e+00
p-Lap (p=5) PDE test (normalized): 1.9836e-02
Inf-Lap PDE test (raw):                    6.0285e-01
Inf-Lap PDE test (normalized):             2.5562e-01
Saved .npz files to outputs/expr_7_2_simple/p5_square/npy/
Saved plot to outputs/expr_7_2_simple/p5_square/plots/results.png
