
============================================================
p-Laplacian Aronsson Example
============================================================

Generated full domain data:
  Boundary points: 40,000
  Interior points: 1,000,000
  Test points: 10,000
Re-sampling enabled: ~1,000,000 interior points per epoch

Splitting data: 80% train, 20% validation
  BC: 32,000 train, 8,000 val
  Interior: 800,000 train, 200,000 val

Loading checkpoint: outputs/expr_7_2_iter/p25to50_square/fix_alpha_band1_1e-5/checkpoints/best_model_p50.pt

Model: PLaplacianPINN on Square [-1,1]²
  Hidden layers: [128, 128, 128, 128], activation: tanh
  η=1e-05, clip_residual=100.0, clip_grad_norm=1.0
  Outlier removal: top 2.0%
  Parameters: 50,049

Iterative Training Schedule:
  p values: [60, 70, 80, 90, 100]
  Epochs per p: 20


============================================================
Stage 1/5: Training with p=60
============================================================

Training configuration:
  Boundary points (train): 32,000 -> 80 batches of 400
  Interior points (train): 1,000,000 -> 1000 batches of 1000
  Interior sampling: RE-SAMPLE each epoch
  Boundary points (val): 8,000
  Validation loss: BC only
  Steps per epoch: 1,000
  Total steps: 20,000
  Epochs: 20
  Loss balancing: FixedAlphaSchedule
  LR scheduler: None (constant LR=1.0e-05)

/usr/local/lib/python3.12/dist-packages/torch/autograd/graph.py:824: UserWarning: Attempting to run cuBLAS, but there was no current CUDA context! Attempting to set the primary context... (Triggered internally at /opt/pytorch/pytorch/aten/src/ATen/cuda/CublasHandlePool.cpp:181.)
  return Variable._execution_engine.run_backward(  # Calls into the C++ engine to run the backward pass
Epoch   1/20 | Steps:   1000 | α=1e-03 | Loss: 9.1873e-05 | BC: 4.9740e-06 | PDE: 8.6899e-02 | Val: 3.0961e-06 | Test: 9.4025e-06 |  *
Epoch   2/20 | Steps:   2000 | α=1e-03 | Loss: 8.6844e-05 | BC: 3.3926e-06 | PDE: 8.3451e-02 | Val: 4.2859e-06 | Test: 1.0413e-05 | 
Epoch   3/20 | Steps:   3000 | α=1e-03 | Loss: 8.8351e-05 | BC: 3.5052e-06 | PDE: 8.4845e-02 | Val: 2.8291e-06 | Test: 8.9411e-06 |  *
Epoch   4/20 | Steps:   4000 | α=1e-03 | Loss: 8.5771e-05 | BC: 3.0294e-06 | PDE: 8.2742e-02 | Val: 3.1966e-06 | Test: 9.3272e-06 | 
Epoch   5/20 | Steps:   5000 | α=1e-03 | Loss: 8.3903e-05 | BC: 2.9936e-06 | PDE: 8.0909e-02 | Val: 2.6060e-06 | Test: 8.5221e-06 |  *
Epoch   6/20 | Steps:   6000 | α=1e-03 | Loss: 8.5911e-05 | BC: 2.9686e-06 | PDE: 8.2943e-02 | Val: 3.6832e-06 | Test: 9.7535e-06 | 
Epoch   7/20 | Steps:   7000 | α=1e-03 | Loss: 8.5516e-05 | BC: 2.7418e-06 | PDE: 8.2775e-02 | Val: 2.7383e-06 | Test: 8.7570e-06 | 
Epoch   8/20 | Steps:   8000 | α=1e-03 | Loss: 9.0352e-05 | BC: 3.0272e-06 | PDE: 8.7325e-02 | Val: 2.8079e-06 | Test: 8.5291e-06 | 
Epoch   9/20 | Steps:   9000 | α=1e-03 | Loss: 8.3608e-05 | BC: 2.6721e-06 | PDE: 8.0936e-02 | Val: 2.6998e-06 | Test: 8.4355e-06 | 
Epoch  10/20 | Steps:  10000 | α=1e-03 | Loss: 8.3366e-05 | BC: 2.6610e-06 | PDE: 8.0705e-02 | Val: 2.8830e-06 | Test: 8.8157e-06 | 
Epoch  11/20 | Steps:  11000 | α=1e-03 | Loss: 8.2450e-05 | BC: 2.5832e-06 | PDE: 7.9867e-02 | Val: 2.5519e-06 | Test: 8.3373e-06 |  *
Epoch  12/20 | Steps:  12000 | α=1e-03 | Loss: 8.3647e-05 | BC: 2.5612e-06 | PDE: 8.1086e-02 | Val: 2.3881e-06 | Test: 8.2580e-06 |  *
Epoch  13/20 | Steps:  13000 | α=1e-03 | Loss: 7.7911e-05 | BC: 2.2330e-06 | PDE: 7.5678e-02 | Val: 3.6925e-06 | Test: 9.4943e-06 | 
Epoch  14/20 | Steps:  14000 | α=1e-03 | Loss: 8.2768e-05 | BC: 2.5167e-06 | PDE: 8.0251e-02 | Val: 3.0810e-06 | Test: 8.6442e-06 | 
Epoch  15/20 | Steps:  15000 | α=1e-03 | Loss: 7.8835e-05 | BC: 2.4839e-06 | PDE: 7.6351e-02 | Val: 2.0448e-06 | Test: 8.0830e-06 |  *
Epoch  16/20 | Steps:  16000 | α=1e-03 | Loss: 8.2168e-05 | BC: 2.5195e-06 | PDE: 7.9648e-02 | Val: 2.4840e-06 | Test: 8.2842e-06 | 
Epoch  17/20 | Steps:  17000 | α=1e-03 | Loss: 7.8146e-05 | BC: 2.3553e-06 | PDE: 7.5791e-02 | Val: 2.1566e-06 | Test: 7.8718e-06 | 
Epoch  18/20 | Steps:  18000 | α=1e-03 | Loss: 7.8119e-05 | BC: 2.2587e-06 | PDE: 7.5861e-02 | Val: 2.3170e-06 | Test: 8.2818e-06 | 
Epoch  19/20 | Steps:  19000 | α=1e-03 | Loss: 7.6520e-05 | BC: 2.2723e-06 | PDE: 7.4247e-02 | Val: 1.9683e-06 | Test: 7.4530e-06 |  *
Epoch  20/20 | Steps:  20000 | α=1e-03 | Loss: 7.8663e-05 | BC: 2.3948e-06 | PDE: 7.6268e-02 | Val: 1.7915e-06 | Test: 7.7417e-06 |  *

Restored best model from epoch 20 (val_loss: 1.7915e-06, test_loss: 7.7417e-06)
Best checkpoint saved to: outputs/expr_7_2_iter/p60to100_square/fix_alpha_band1_1e-5/checkpoints/best_model.pt
Final checkpoint saved to: outputs/expr_7_2_iter/p60to100_square/fix_alpha_band1_1e-5/checkpoints/final_model.pt
Training completed in 185.43s (20,000 total steps)
  Stage 1 (p=60) PDE diagnostics:
    p-Lap (p=60) raw:        1.7115e+27
    p-Lap (p=60) normalized: 1.4454e-02
    Inf-Lap raw:              1.0434e-02
    Inf-Lap normalized:       2.3446e-02

============================================================
Stage 2/5: Training with p=70
============================================================

Training configuration:
  Boundary points (train): 32,000 -> 80 batches of 400
  Interior points (train): 1,000,000 -> 1000 batches of 1000
  Interior sampling: RE-SAMPLE each epoch
  Boundary points (val): 8,000
  Validation loss: BC only
  Steps per epoch: 1,000
  Total steps: 20,000
  Epochs: 20
  Loss balancing: FixedAlphaSchedule
  LR scheduler: None (constant LR=1.0e-05)

Epoch   1/20 | Steps:   1000 | α=1e-03 | Loss: 1.2002e-04 | BC: 2.9725e-06 | PDE: 1.1705e-01 | Val: 2.8829e-06 | Test: 7.8892e-06 |  *
Epoch   2/20 | Steps:   2000 | α=1e-03 | Loss: 1.1387e-04 | BC: 3.0682e-06 | PDE: 1.1080e-01 | Val: 2.2945e-06 | Test: 7.2873e-06 |  *
Epoch   3/20 | Steps:   3000 | α=1e-03 | Loss: 1.1579e-04 | BC: 3.1700e-06 | PDE: 1.1262e-01 | Val: 3.2196e-06 | Test: 8.2482e-06 | 
Epoch   4/20 | Steps:   4000 | α=1e-03 | Loss: 1.2189e-04 | BC: 3.2831e-06 | PDE: 1.1860e-01 | Val: 3.1042e-06 | Test: 8.2253e-06 | 
Epoch   5/20 | Steps:   5000 | α=1e-03 | Loss: 1.1710e-04 | BC: 3.2238e-06 | PDE: 1.1387e-01 | Val: 3.0939e-06 | Test: 8.0336e-06 | 
Epoch   6/20 | Steps:   6000 | α=1e-03 | Loss: 1.1120e-04 | BC: 2.9519e-06 | PDE: 1.0825e-01 | Val: 2.6878e-06 | Test: 7.8976e-06 | 
Epoch   7/20 | Steps:   7000 | α=1e-03 | Loss: 1.1265e-04 | BC: 2.9923e-06 | PDE: 1.0966e-01 | Val: 2.5577e-06 | Test: 7.7553e-06 | 
Epoch   8/20 | Steps:   8000 | α=1e-03 | Loss: 1.1068e-04 | BC: 2.8232e-06 | PDE: 1.0786e-01 | Val: 3.5958e-06 | Test: 8.2773e-06 | 
Epoch   9/20 | Steps:   9000 | α=1e-03 | Loss: 1.1515e-04 | BC: 3.1511e-06 | PDE: 1.1200e-01 | Val: 2.6137e-06 | Test: 7.7647e-06 | 
Epoch  10/20 | Steps:  10000 | α=1e-03 | Loss: 1.0810e-04 | BC: 3.0675e-06 | PDE: 1.0503e-01 | Val: 2.5506e-06 | Test: 7.8880e-06 | 
Epoch  11/20 | Steps:  11000 | α=1e-03 | Loss: 1.1236e-04 | BC: 3.1364e-06 | PDE: 1.0922e-01 | Val: 2.6938e-06 | Test: 7.9771e-06 | 
Epoch  12/20 | Steps:  12000 | α=1e-03 | Loss: 1.1564e-04 | BC: 3.4661e-06 | PDE: 1.1218e-01 | Val: 3.6693e-06 | Test: 8.6448e-06 | 
Epoch  13/20 | Steps:  13000 | α=1e-03 | Loss: 1.0730e-04 | BC: 3.0416e-06 | PDE: 1.0426e-01 | Val: 3.8090e-06 | Test: 8.3773e-06 | 
Epoch  14/20 | Steps:  14000 | α=1e-03 | Loss: 1.0968e-04 | BC: 3.4055e-06 | PDE: 1.0627e-01 | Val: 3.9186e-06 | Test: 8.4656e-06 | 
Epoch  15/20 | Steps:  15000 | α=1e-03 | Loss: 1.1196e-04 | BC: 3.4992e-06 | PDE: 1.0846e-01 | Val: 3.6348e-06 | Test: 8.8035e-06 | 
Epoch  16/20 | Steps:  16000 | α=1e-03 | Loss: 1.1094e-04 | BC: 3.1110e-06 | PDE: 1.0783e-01 | Val: 2.7595e-06 | Test: 8.0044e-06 | 
Epoch  17/20 | Steps:  17000 | α=1e-03 | Loss: 1.1289e-04 | BC: 3.0244e-06 | PDE: 1.0986e-01 | Val: 2.9248e-06 | Test: 8.0487e-06 | 
Epoch  18/20 | Steps:  18000 | α=1e-03 | Loss: 1.1438e-04 | BC: 3.4497e-06 | PDE: 1.1093e-01 | Val: 3.1052e-06 | Test: 8.3967e-06 | 
Epoch  19/20 | Steps:  19000 | α=1e-03 | Loss: 1.1208e-04 | BC: 2.9197e-06 | PDE: 1.0916e-01 | Val: 3.0785e-06 | Test: 8.1963e-06 | 
Epoch  20/20 | Steps:  20000 | α=1e-03 | Loss: 1.0881e-04 | BC: 3.2658e-06 | PDE: 1.0554e-01 | Val: 2.8693e-06 | Test: 7.9356e-06 | 

Restored best model from epoch 2 (val_loss: 2.2945e-06, test_loss: 7.2873e-06)
Best checkpoint saved to: outputs/expr_7_2_iter/p60to100_square/fix_alpha_band1_1e-5/checkpoints/best_model.pt
Final checkpoint saved to: outputs/expr_7_2_iter/p60to100_square/fix_alpha_band1_1e-5/checkpoints/final_model.pt
Training completed in 169.32s (20,000 total steps)
  Stage 2 (p=70) PDE diagnostics:
    p-Lap (p=70) raw:        4.5870e+32
    p-Lap (p=70) normalized: 1.5076e-02
    Inf-Lap raw:              9.2772e-03
    Inf-Lap normalized:       2.2720e-02

============================================================
Stage 3/5: Training with p=80
============================================================

Training configuration:
  Boundary points (train): 32,000 -> 80 batches of 400
  Interior points (train): 1,000,000 -> 1000 batches of 1000
  Interior sampling: RE-SAMPLE each epoch
  Boundary points (val): 8,000
  Validation loss: BC only
  Steps per epoch: 1,000
  Total steps: 20,000
  Epochs: 20
  Loss balancing: FixedAlphaSchedule
  LR scheduler: None (constant LR=1.0e-05)

Epoch   1/20 | Steps:   1000 | α=1e-03 | Loss: 1.6583e-04 | BC: 4.6149e-06 | PDE: 1.6122e-01 | Val: 4.2400e-06 | Test: 8.6534e-06 |  *
Epoch   2/20 | Steps:   2000 | α=1e-03 | Loss: 1.5929e-04 | BC: 4.9066e-06 | PDE: 1.5439e-01 | Val: 5.2079e-06 | Test: 9.4160e-06 | 
Epoch   3/20 | Steps:   3000 | α=1e-03 | Loss: 1.6085e-04 | BC: 4.8655e-06 | PDE: 1.5599e-01 | Val: 4.0850e-06 | Test: 8.2972e-06 |  *
Epoch   4/20 | Steps:   4000 | α=1e-03 | Loss: 1.6926e-04 | BC: 5.6931e-06 | PDE: 1.6357e-01 | Val: 5.1702e-06 | Test: 9.3590e-06 | 
Epoch   5/20 | Steps:   5000 | α=1e-03 | Loss: 1.4743e-04 | BC: 4.3645e-06 | PDE: 1.4307e-01 | Val: 3.3181e-06 | Test: 7.7327e-06 |  *
Epoch   6/20 | Steps:   6000 | α=1e-03 | Loss: 1.6343e-04 | BC: 5.2439e-06 | PDE: 1.5819e-01 | Val: 4.6709e-06 | Test: 8.8764e-06 | 
Epoch   7/20 | Steps:   7000 | α=1e-03 | Loss: 1.6330e-04 | BC: 4.8768e-06 | PDE: 1.5842e-01 | Val: 3.5105e-06 | Test: 8.4160e-06 | 
Epoch   8/20 | Steps:   8000 | α=1e-03 | Loss: 1.6212e-04 | BC: 5.6370e-06 | PDE: 1.5648e-01 | Val: 5.0682e-06 | Test: 8.9504e-06 | 
Epoch   9/20 | Steps:   9000 | α=1e-03 | Loss: 1.5891e-04 | BC: 4.9668e-06 | PDE: 1.5394e-01 | Val: 4.8131e-06 | Test: 9.3039e-06 | 
Epoch  10/20 | Steps:  10000 | α=1e-03 | Loss: 1.5977e-04 | BC: 4.8142e-06 | PDE: 1.5496e-01 | Val: 3.9214e-06 | Test: 8.3978e-06 | 
Epoch  11/20 | Steps:  11000 | α=1e-03 | Loss: 1.5475e-04 | BC: 4.5631e-06 | PDE: 1.5019e-01 | Val: 3.7765e-06 | Test: 8.5244e-06 | 
Epoch  12/20 | Steps:  12000 | α=1e-03 | Loss: 1.5356e-04 | BC: 4.7479e-06 | PDE: 1.4881e-01 | Val: 6.0634e-06 | Test: 1.0202e-05 | 
Epoch  13/20 | Steps:  13000 | α=1e-03 | Loss: 1.5031e-04 | BC: 5.0064e-06 | PDE: 1.4531e-01 | Val: 6.2758e-06 | Test: 1.0555e-05 | 
Epoch  14/20 | Steps:  14000 | α=1e-03 | Loss: 1.5740e-04 | BC: 5.4436e-06 | PDE: 1.5196e-01 | Val: 4.8653e-06 | Test: 9.6535e-06 | 
Epoch  15/20 | Steps:  15000 | α=1e-03 | Loss: 1.4849e-04 | BC: 4.6741e-06 | PDE: 1.4382e-01 | Val: 4.1376e-06 | Test: 8.7500e-06 | 
Epoch  16/20 | Steps:  16000 | α=1e-03 | Loss: 1.4998e-04 | BC: 4.7957e-06 | PDE: 1.4518e-01 | Val: 4.6026e-06 | Test: 9.0805e-06 | 
Epoch  17/20 | Steps:  17000 | α=1e-03 | Loss: 1.4005e-04 | BC: 4.5394e-06 | PDE: 1.3551e-01 | Val: 4.3248e-06 | Test: 9.1831e-06 | 
Epoch  18/20 | Steps:  18000 | α=1e-03 | Loss: 1.4193e-04 | BC: 4.4173e-06 | PDE: 1.3751e-01 | Val: 3.8650e-06 | Test: 8.4779e-06 | 
Epoch  19/20 | Steps:  19000 | α=1e-03 | Loss: 1.4402e-04 | BC: 4.2659e-06 | PDE: 1.3975e-01 | Val: 3.6795e-06 | Test: 8.4988e-06 | 
Epoch  20/20 | Steps:  20000 | α=1e-03 | Loss: 1.4691e-04 | BC: 4.3748e-06 | PDE: 1.4254e-01 | Val: 3.9836e-06 | Test: 8.6509e-06 | 

Restored best model from epoch 5 (val_loss: 3.3181e-06, test_loss: 7.7327e-06)
Best checkpoint saved to: outputs/expr_7_2_iter/p60to100_square/fix_alpha_band1_1e-5/checkpoints/best_model.pt
Final checkpoint saved to: outputs/expr_7_2_iter/p60to100_square/fix_alpha_band1_1e-5/checkpoints/final_model.pt
Training completed in 163.66s (20,000 total steps)
  Stage 3 (p=80) PDE diagnostics:
    p-Lap (p=80) raw:        inf
    p-Lap (p=80) normalized: 1.5945e-02
    Inf-Lap raw:              8.4606e-03
    Inf-Lap normalized:       2.2595e-02

============================================================
Stage 4/5: Training with p=90
============================================================

Training configuration:
  Boundary points (train): 32,000 -> 80 batches of 400
  Interior points (train): 1,000,000 -> 1000 batches of 1000
  Interior sampling: RE-SAMPLE each epoch
  Boundary points (val): 8,000
  Validation loss: BC only
  Steps per epoch: 1,000
  Total steps: 20,000
  Epochs: 20
  Loss balancing: FixedAlphaSchedule
  LR scheduler: None (constant LR=1.0e-05)

Epoch   1/20 | Steps:   1000 | α=1e-03 | Loss: 2.2121e-04 | BC: 6.1272e-06 | PDE: 2.1509e-01 | Val: 7.3299e-06 | Test: 1.0579e-05 |  *
Epoch   2/20 | Steps:   2000 | α=1e-03 | Loss: 1.9371e-04 | BC: 5.9618e-06 | PDE: 1.8774e-01 | Val: 5.8888e-06 | Test: 9.8257e-06 |  *
Epoch   3/20 | Steps:   3000 | α=1e-03 | Loss: 2.0292e-04 | BC: 6.4428e-06 | PDE: 1.9648e-01 | Val: 5.5446e-06 | Test: 9.2754e-06 |  *
Epoch   4/20 | Steps:   4000 | α=1e-03 | Loss: 2.0177e-04 | BC: 7.3115e-06 | PDE: 1.9445e-01 | Val: 8.2768e-06 | Test: 1.1680e-05 | 
Epoch   5/20 | Steps:   5000 | α=1e-03 | Loss: 2.0762e-04 | BC: 6.7728e-06 | PDE: 2.0084e-01 | Val: 5.1536e-06 | Test: 8.8223e-06 |  *
Epoch   6/20 | Steps:   6000 | α=1e-03 | Loss: 2.0961e-04 | BC: 6.0046e-06 | PDE: 2.0361e-01 | Val: 6.2158e-06 | Test: 1.0129e-05 | 
Epoch   7/20 | Steps:   7000 | α=1e-03 | Loss: 2.0789e-04 | BC: 6.2993e-06 | PDE: 2.0159e-01 | Val: 8.2395e-06 | Test: 1.0753e-05 | 
Epoch   8/20 | Steps:   8000 | α=1e-03 | Loss: 2.0310e-04 | BC: 6.9039e-06 | PDE: 1.9620e-01 | Val: 5.8413e-06 | Test: 9.4627e-06 | 
Epoch   9/20 | Steps:   9000 | α=1e-03 | Loss: 2.0650e-04 | BC: 6.6416e-06 | PDE: 1.9986e-01 | Val: 1.0209e-05 | Test: 1.3314e-05 | 
Epoch  10/20 | Steps:  10000 | α=1e-03 | Loss: 2.0251e-04 | BC: 6.6927e-06 | PDE: 1.9582e-01 | Val: 7.1586e-06 | Test: 1.0976e-05 | 
Epoch  11/20 | Steps:  11000 | α=1e-03 | Loss: 2.0387e-04 | BC: 7.3556e-06 | PDE: 1.9652e-01 | Val: 6.9927e-06 | Test: 1.0351e-05 | 
Epoch  12/20 | Steps:  12000 | α=1e-03 | Loss: 2.0223e-04 | BC: 6.9332e-06 | PDE: 1.9530e-01 | Val: 6.9378e-06 | Test: 1.0455e-05 | 
Epoch  13/20 | Steps:  13000 | α=1e-03 | Loss: 1.8876e-04 | BC: 6.4306e-06 | PDE: 1.8233e-01 | Val: 6.8122e-06 | Test: 1.0680e-05 | 
Epoch  14/20 | Steps:  14000 | α=1e-03 | Loss: 2.1345e-04 | BC: 7.5250e-06 | PDE: 2.0592e-01 | Val: 6.1973e-06 | Test: 9.7917e-06 | 
Epoch  15/20 | Steps:  15000 | α=1e-03 | Loss: 2.0318e-04 | BC: 7.5205e-06 | PDE: 1.9566e-01 | Val: 6.5648e-06 | Test: 1.0292e-05 | 
Epoch  16/20 | Steps:  16000 | α=1e-03 | Loss: 1.9098e-04 | BC: 6.3124e-06 | PDE: 1.8467e-01 | Val: 4.9318e-06 | Test: 9.1396e-06 |  *
Epoch  17/20 | Steps:  17000 | α=1e-03 | Loss: 1.9387e-04 | BC: 6.3666e-06 | PDE: 1.8750e-01 | Val: 5.2441e-06 | Test: 9.3354e-06 | 
Epoch  18/20 | Steps:  18000 | α=1e-03 | Loss: 1.9697e-04 | BC: 5.8285e-06 | PDE: 1.9115e-01 | Val: 5.2224e-06 | Test: 9.2879e-06 | 
Epoch  19/20 | Steps:  19000 | α=1e-03 | Loss: 1.9626e-04 | BC: 6.1288e-06 | PDE: 1.9013e-01 | Val: 6.2443e-06 | Test: 1.0166e-05 | 
Epoch  20/20 | Steps:  20000 | α=1e-03 | Loss: 1.9085e-04 | BC: 6.6340e-06 | PDE: 1.8422e-01 | Val: 7.0869e-06 | Test: 1.1083e-05 | 

Restored best model from epoch 16 (val_loss: 4.9318e-06, test_loss: 9.1396e-06)
Best checkpoint saved to: outputs/expr_7_2_iter/p60to100_square/fix_alpha_band1_1e-5/checkpoints/best_model.pt
Final checkpoint saved to: outputs/expr_7_2_iter/p60to100_square/fix_alpha_band1_1e-5/checkpoints/final_model.pt
Training completed in 171.04s (20,000 total steps)
  Stage 4 (p=90) PDE diagnostics:
    p-Lap (p=90) raw:        inf
    p-Lap (p=90) normalized: 1.4598e-02
    Inf-Lap raw:              7.6438e-03
    Inf-Lap normalized:       2.0350e-02

============================================================
Stage 5/5: Training with p=100
============================================================

Training configuration:
  Boundary points (train): 32,000 -> 80 batches of 400
  Interior points (train): 1,000,000 -> 1000 batches of 1000
  Interior sampling: RE-SAMPLE each epoch
  Boundary points (val): 8,000
  Validation loss: BC only
  Steps per epoch: 1,000
  Total steps: 20,000
  Epochs: 20
  Loss balancing: FixedAlphaSchedule
  LR scheduler: None (constant LR=1.0e-05)

Epoch   1/20 | Steps:   1000 | α=1e-03 | Loss: 2.5507e-04 | BC: 7.4508e-06 | PDE: 2.4762e-01 | Val: 8.3326e-06 | Test: 1.1155e-05 |  *
Epoch   2/20 | Steps:   2000 | α=1e-03 | Loss: 2.5607e-04 | BC: 9.0649e-06 | PDE: 2.4701e-01 | Val: 8.9241e-06 | Test: 1.1825e-05 | 
Epoch   3/20 | Steps:   3000 | α=1e-03 | Loss: 2.4535e-04 | BC: 9.0675e-06 | PDE: 2.3628e-01 | Val: 9.8058e-06 | Test: 1.2452e-05 | 
Epoch   4/20 | Steps:   4000 | α=1e-03 | Loss: 2.3855e-04 | BC: 8.0461e-06 | PDE: 2.3051e-01 | Val: 7.1574e-06 | Test: 1.0553e-05 |  *
Epoch   5/20 | Steps:   5000 | α=1e-03 | Loss: 2.5644e-04 | BC: 9.0360e-06 | PDE: 2.4741e-01 | Val: 9.5136e-06 | Test: 1.2056e-05 | 
Epoch   6/20 | Steps:   6000 | α=1e-03 | Loss: 2.3177e-04 | BC: 7.7940e-06 | PDE: 2.2398e-01 | Val: 5.9647e-06 | Test: 9.5326e-06 |  *
Epoch   7/20 | Steps:   7000 | α=1e-03 | Loss: 2.3887e-04 | BC: 8.1412e-06 | PDE: 2.3073e-01 | Val: 8.3511e-06 | Test: 1.1758e-05 | 
Epoch   8/20 | Steps:   8000 | α=1e-03 | Loss: 2.3372e-04 | BC: 8.5235e-06 | PDE: 2.2519e-01 | Val: 8.0137e-06 | Test: 1.1312e-05 | 
Epoch   9/20 | Steps:   9000 | α=1e-03 | Loss: 2.2709e-04 | BC: 7.7575e-06 | PDE: 2.1933e-01 | Val: 7.3825e-06 | Test: 1.0762e-05 | 
Epoch  10/20 | Steps:  10000 | α=1e-03 | Loss: 2.5058e-04 | BC: 9.1959e-06 | PDE: 2.4139e-01 | Val: 9.0660e-06 | Test: 1.2346e-05 | 
Epoch  11/20 | Steps:  11000 | α=1e-03 | Loss: 2.4297e-04 | BC: 1.0361e-05 | PDE: 2.3261e-01 | Val: 9.6051e-06 | Test: 1.2821e-05 | 
Epoch  12/20 | Steps:  12000 | α=1e-03 | Loss: 2.3734e-04 | BC: 9.8792e-06 | PDE: 2.2746e-01 | Val: 9.3122e-06 | Test: 1.2297e-05 | 
Epoch  13/20 | Steps:  13000 | α=1e-03 | Loss: 2.5012e-04 | BC: 8.7944e-06 | PDE: 2.4132e-01 | Val: 8.4880e-06 | Test: 1.1573e-05 | 
Epoch  14/20 | Steps:  14000 | α=1e-03 | Loss: 2.4477e-04 | BC: 8.6579e-06 | PDE: 2.3611e-01 | Val: 1.0864e-05 | Test: 1.3709e-05 | 
Epoch  15/20 | Steps:  15000 | α=1e-03 | Loss: 2.4169e-04 | BC: 1.0347e-05 | PDE: 2.3134e-01 | Val: 8.6029e-06 | Test: 1.1889e-05 | 
Epoch  16/20 | Steps:  16000 | α=1e-03 | Loss: 2.3760e-04 | BC: 8.9410e-06 | PDE: 2.2866e-01 | Val: 7.4913e-06 | Test: 1.0779e-05 | 
Epoch  17/20 | Steps:  17000 | α=1e-03 | Loss: 2.2698e-04 | BC: 7.6814e-06 | PDE: 2.1930e-01 | Val: 7.1261e-06 | Test: 1.0789e-05 | 
Epoch  18/20 | Steps:  18000 | α=1e-03 | Loss: 2.2880e-04 | BC: 8.6108e-06 | PDE: 2.2019e-01 | Val: 7.0573e-06 | Test: 1.0770e-05 | 
Epoch  19/20 | Steps:  19000 | α=1e-03 | Loss: 2.3144e-04 | BC: 9.0088e-06 | PDE: 2.2244e-01 | Val: 8.0055e-06 | Test: 1.1953e-05 | 
Epoch  20/20 | Steps:  20000 | α=1e-03 | Loss: 2.3626e-04 | BC: 8.6536e-06 | PDE: 2.2761e-01 | Val: 8.7224e-06 | Test: 1.2206e-05 | 

Restored best model from epoch 6 (val_loss: 5.9647e-06, test_loss: 9.5326e-06)
Best checkpoint saved to: outputs/expr_7_2_iter/p60to100_square/fix_alpha_band1_1e-5/checkpoints/best_model.pt
Final checkpoint saved to: outputs/expr_7_2_iter/p60to100_square/fix_alpha_band1_1e-5/checkpoints/final_model.pt
Training completed in 162.58s (20,000 total steps)
  Stage 5 (p=100) PDE diagnostics:
    p-Lap (p=100) raw:        inf
    p-Lap (p=100) normalized: 1.5025e-02
    Inf-Lap raw:              7.1977e-03
    Inf-Lap normalized:       2.0181e-02

Iterative training completed in 852.04s
Total epochs: 100

Final Test MSE: 1.2206e-05
Inference (per point): 7.7991e-05s | (full domain): 7.7119e-05s
p-Lap (p=100) PDE test (raw):        inf
p-Lap (p=100) PDE test (normalized): 1.5025e-02
Inf-Lap PDE test (raw):                    7.1977e-03
Inf-Lap PDE test (normalized):             2.0181e-02
Saved .npz files to outputs/expr_7_2_iter/p60to100_square/fix_alpha_band1_1e-5/npy/
Saved plot to outputs/expr_7_2_iter/p60to100_square/fix_alpha_band1_1e-5/plots/results.png
