
============================================================
Dist-to-Boundary  —  Ellipse 2 (rotated −π/4)  (2-D)
============================================================
Device: cuda
  Loaded p=5: 372736 points, mse: 2.419213e-03
  Loaded p=10: 372736 points, mse: 6.431422e-04
  Loaded p=15: 372736 points, mse: 2.912427e-04
  Loaded p=20: 372736 points, mse: 1.655515e-04
  Loaded p=25: 372736 points, mse: 1.067618e-04
  Loaded p=30: 372736 points, mse: 7.460598e-05
  Loaded p=35: 372736 points, mse: 5.511838e-05
  Loaded p=40: 372736 points, mse: 4.241853e-05
  Loaded p=45: 372736 points, mse: 3.368090e-05
  Loaded p=50: 372736 points, mse: 2.741244e-05
  Loaded p=55: 372736 points, mse: 2.276163e-05
  Loaded p=60: 372736 points, mse: 1.921524e-05
  Loaded p=65: 372736 points, mse: 1.644868e-05
  Loaded p=70: 372736 points, mse: 1.424848e-05
  Loaded p=75: 372736 points, mse: 1.246959e-05
  Loaded p=80: 372736 points, mse: 1.101062e-05
  Loaded p=85: 372736 points, mse: 9.798981e-06
  Loaded p=90: 372736 points, mse: 8.781587e-06
  Loaded p=95: 372736 points, mse: 8.196179e-06
  Loaded p=100: 372736 points, mse: 7.581733e-06
  Loaded p=105: 372736 points, mse: 7.239859e-06
  Loaded p=110: 372736 points, mse: 7.079013e-06
  PINNs architecture: input=2 hidden=[128, 128, 128, 128] output=1
  Cached PINNs prediction → outputs/expr_6_4_2/ellipse2/pinns_inf/npy/pinns_inf_boundary_ellipse2.npy
  Added p=∞ point: 372736 pts, mse: 6.421641e-06
Training data: X=(8572928, 3)  Y=(8572928, 1)
Model: trunk=[2, 512, 512, 512, 128]  branch=[1, 128, 128, 128, 128]  params=642,433
Scheduler: CosineAnnealingLR  T_max=20  eta_min=1e-06
Epoch --- Train Loss --- LR --- p150 --- p200 --- p250 --- p500
    0 --- 1.283864e-03 --- 1.00e-04 --- 1.679773e-04 --- 2.371010e-04 --- 2.888170e-04 --- 1.654405e-04
    1 --- 1.191366e-04 --- 9.94e-05 --- 2.865582e-04 --- 8.052157e-04 --- 1.254871e-03 --- 3.999872e-05
    2 --- 5.454962e-05 --- 9.76e-05 --- 1.547343e-04 --- 2.135005e-04 --- 2.065675e-04 --- 2.655144e-05
    3 --- 3.178441e-05 --- 9.46e-05 --- 7.726895e-05 --- 2.125230e-04 --- 3.082776e-04 --- 2.919720e-05
    4 --- 1.783187e-05 --- 9.05e-05 --- 2.076064e-05 --- 2.398154e-05 --- 2.706682e-05 --- 3.189888e-05
    5 --- 1.278846e-05 --- 8.55e-05 --- 1.497843e-05 --- 2.283823e-05 --- 2.700291e-05 --- 2.254949e-05
    6 --- 1.014345e-05 --- 7.96e-05 --- 1.142670e-05 --- 1.401766e-05 --- 1.428359e-05 --- 2.285826e-05
    7 --- 8.629968e-06 --- 7.30e-05 --- 1.212638e-05 --- 1.378004e-05 --- 1.499693e-05 --- 1.212318e-05
    8 --- 7.486279e-06 --- 6.58e-05 --- 2.233810e-05 --- 2.519208e-05 --- 2.695321e-05 --- 7.866059e-06
    9 --- 6.549924e-06 --- 5.82e-05 --- 1.047835e-05 --- 1.827307e-05 --- 2.715161e-05 --- 2.132633e-05
   10 --- 5.671254e-06 --- 5.05e-05 --- 2.524536e-05 --- 3.215781e-05 --- 3.764316e-05 --- 7.201081e-06
   11 --- 4.737635e-06 --- 4.28e-05 --- 1.247639e-05 --- 2.307446e-05 --- 3.300040e-05 --- 8.948086e-06
   12 --- 3.810165e-06 --- 3.52e-05 --- 1.130042e-05 --- 2.336670e-05 --- 3.508006e-05 --- 1.266961e-05
   13 --- 3.130460e-06 --- 2.80e-05 --- 1.084071e-05 --- 2.202557e-05 --- 3.236170e-05 --- 1.123436e-05
   14 --- 2.704382e-06 --- 2.14e-05 --- 1.395991e-05 --- 2.125690e-05 --- 2.816618e-05 --- 5.769298e-06
   15 --- 2.443459e-06 --- 1.55e-05 --- 1.468480e-05 --- 2.073853e-05 --- 2.663954e-05 --- 5.308449e-06
   16 --- 2.255045e-06 --- 1.05e-05 --- 1.267884e-05 --- 1.936977e-05 --- 2.567648e-05 --- 6.210487e-06
   17 --- 2.122175e-06 --- 6.40e-06 --- 1.034513e-05 --- 1.841028e-05 --- 2.557064e-05 --- 8.531328e-06
   18 --- 2.040956e-06 --- 3.42e-06 --- 1.135448e-05 --- 1.806326e-05 --- 2.401954e-05 --- 6.371738e-06
   19 --- 1.993635e-06 --- 1.61e-06 --- 1.169598e-05 --- 1.816716e-05 --- 2.401955e-05 --- 6.230173e-06
Total training time: 794.32s
Inference (per point): 1.4021e-04s | (full domain): 1.4059e-04s
  p=  5:  MSE=2.519832e-03
  p=105:  MSE=1.108376e-05
  p=205:  MSE=1.891541e-05
  p=305:  MSE=2.370821e-05
  p=405:  MSE=1.234578e-05
  Saved MSE curves → outputs/expr_6_4_2/ellipse2/pinns_inf/npy/mse.npz  (deeponet, fem, pred_train)

All experiments completed!
