
============================================================
p-Laplacian Aronsson Example
============================================================

Generated full domain data:
  Boundary points: 40,000
  Interior points: 1,000,000
  Test points: 10,000
Re-sampling enabled: ~1,000,000 interior points per epoch

Splitting data: 80% train, 20% validation
  BC: 32,000 train, 8,000 val
  Interior: 800,000 train, 200,000 val

Loading checkpoint: outputs/expr_7_2_iter/p60to100_square/fix_alpha_1e-5/checkpoints/best_model_p100.pt

Model: PLaplacianPINN on Square [-1,1]²
  Hidden layers: [128, 128, 128, 128], activation: tanh
  η=1e-05, clip_residual=100.0, clip_grad_norm=1.0
  Outlier removal: top 2.0%
  Parameters: 50,049

Iterative Training Schedule:
  p values: [150, 200, 300, 400, 500]
  Epochs per p: 20


============================================================
Stage 1/5: Training with p=150
============================================================

Training configuration:
  Boundary points (train): 32,000 -> 80 batches of 400
  Interior points (train): 1,000,000 -> 1000 batches of 1000
  Interior sampling: RE-SAMPLE each epoch
  Boundary points (val): 8,000
  Validation loss: BC only
  Steps per epoch: 1,000
  Total steps: 20,000
  Epochs: 20
  Loss balancing: FixedAlphaSchedule
  LR scheduler: None (constant LR=1.0e-05)

/usr/local/lib/python3.12/dist-packages/torch/autograd/graph.py:824: UserWarning: Attempting to run cuBLAS, but there was no current CUDA context! Attempting to set the primary context... (Triggered internally at /opt/pytorch/pytorch/aten/src/ATen/cuda/CublasHandlePool.cpp:181.)
  return Variable._execution_engine.run_backward(  # Calls into the C++ engine to run the backward pass
Epoch   1/20 | Steps:   1000 | α=1e-05 | Loss: 3.6267e-06 | BC: 3.9563e-07 | PDE: 3.2310e-01 | Val: 3.7906e-07 | Test: 1.8071e-06 |  *
Epoch   2/20 | Steps:   2000 | α=1e-05 | Loss: 3.1765e-06 | BC: 3.4089e-07 | PDE: 2.8357e-01 | Val: 2.6894e-07 | Test: 1.6950e-06 |  *
Epoch   3/20 | Steps:   3000 | α=1e-05 | Loss: 3.3706e-06 | BC: 3.6252e-07 | PDE: 3.0081e-01 | Val: 2.5271e-07 | Test: 1.6847e-06 |  *
Epoch   4/20 | Steps:   4000 | α=1e-05 | Loss: 3.2122e-06 | BC: 3.3080e-07 | PDE: 2.8815e-01 | Val: 3.1970e-07 | Test: 1.7605e-06 | 
Epoch   5/20 | Steps:   5000 | α=1e-05 | Loss: 3.1465e-06 | BC: 3.0109e-07 | PDE: 2.8454e-01 | Val: 2.8025e-07 | Test: 1.6372e-06 | 
Epoch   6/20 | Steps:   6000 | α=1e-05 | Loss: 3.1934e-06 | BC: 3.4581e-07 | PDE: 2.8476e-01 | Val: 3.0689e-07 | Test: 1.7322e-06 | 
Epoch   7/20 | Steps:   7000 | α=1e-05 | Loss: 3.2077e-06 | BC: 3.3429e-07 | PDE: 2.8735e-01 | Val: 4.2071e-07 | Test: 1.8013e-06 | 
Epoch   8/20 | Steps:   8000 | α=1e-05 | Loss: 3.6714e-06 | BC: 3.9995e-07 | PDE: 3.2715e-01 | Val: 6.3164e-07 | Test: 1.9019e-06 | 
Epoch   9/20 | Steps:   9000 | α=1e-05 | Loss: 3.0076e-06 | BC: 3.2385e-07 | PDE: 2.6838e-01 | Val: 2.8090e-07 | Test: 1.6650e-06 | 
Epoch  10/20 | Steps:  10000 | α=1e-05 | Loss: 2.9127e-06 | BC: 3.1530e-07 | PDE: 2.5974e-01 | Val: 4.3831e-07 | Test: 1.8377e-06 | 
Epoch  11/20 | Steps:  11000 | α=1e-05 | Loss: 2.9539e-06 | BC: 3.2933e-07 | PDE: 2.6246e-01 | Val: 2.6718e-07 | Test: 1.6680e-06 | 
Epoch  12/20 | Steps:  12000 | α=1e-05 | Loss: 3.1420e-06 | BC: 3.4678e-07 | PDE: 2.7952e-01 | Val: 3.7104e-07 | Test: 1.7157e-06 | 
Epoch  13/20 | Steps:  13000 | α=1e-05 | Loss: 2.7383e-06 | BC: 3.0511e-07 | PDE: 2.4332e-01 | Val: 4.6710e-07 | Test: 1.8494e-06 | 
Epoch  14/20 | Steps:  14000 | α=1e-05 | Loss: 3.1454e-06 | BC: 3.6581e-07 | PDE: 2.7796e-01 | Val: 5.4208e-07 | Test: 1.8903e-06 | 
Epoch  15/20 | Steps:  15000 | α=1e-05 | Loss: 2.9520e-06 | BC: 3.2246e-07 | PDE: 2.6295e-01 | Val: 2.6587e-07 | Test: 1.6705e-06 | 
Epoch  16/20 | Steps:  16000 | α=1e-05 | Loss: 2.7795e-06 | BC: 2.9502e-07 | PDE: 2.4844e-01 | Val: 3.1691e-07 | Test: 1.7746e-06 | 
Epoch  17/20 | Steps:  17000 | α=1e-05 | Loss: 2.6734e-06 | BC: 2.9384e-07 | PDE: 2.3795e-01 | Val: 2.8089e-07 | Test: 1.7115e-06 | 
Epoch  18/20 | Steps:  18000 | α=1e-05 | Loss: 2.8535e-06 | BC: 3.3668e-07 | PDE: 2.5168e-01 | Val: 3.2221e-07 | Test: 1.7396e-06 | 
Epoch  19/20 | Steps:  19000 | α=1e-05 | Loss: 2.7304e-06 | BC: 3.0851e-07 | PDE: 2.4218e-01 | Val: 8.9501e-07 | Test: 1.9495e-06 | 
Epoch  20/20 | Steps:  20000 | α=1e-05 | Loss: 2.8171e-06 | BC: 3.0500e-07 | PDE: 2.5121e-01 | Val: 2.3721e-07 | Test: 1.6633e-06 |  *

Restored best model from epoch 20 (val_loss: 2.3721e-07, test_loss: 1.6633e-06)
Best checkpoint saved to: outputs/expr_7_2_iter/p150to500_square/fix_alpha_1e-5/checkpoints/best_model.pt
Final checkpoint saved to: outputs/expr_7_2_iter/p150to500_square/fix_alpha_1e-5/checkpoints/final_model.pt
Training completed in 313.56s (20,000 total steps)
  Stage 1 (p=150) PDE diagnostics:
    p-Lap (p=150) raw:        inf
    p-Lap (p=150) normalized: 3.5057e-03
    Inf-Lap raw:              3.0317e-03
    Inf-Lap normalized:       5.2317e-03

============================================================
Stage 2/5: Training with p=200
============================================================

Training configuration:
  Boundary points (train): 32,000 -> 80 batches of 400
  Interior points (train): 1,000,000 -> 1000 batches of 1000
  Interior sampling: RE-SAMPLE each epoch
  Boundary points (val): 8,000
  Validation loss: BC only
  Steps per epoch: 1,000
  Total steps: 20,000
  Epochs: 20
  Loss balancing: FixedAlphaSchedule
  LR scheduler: None (constant LR=1.0e-05)

Epoch   1/20 | Steps:   1000 | α=1e-05 | Loss: 5.2768e-06 | BC: 4.7906e-07 | PDE: 4.7977e-01 | Val: 3.5494e-07 | Test: 1.4026e-06 |  *
Epoch   2/20 | Steps:   2000 | α=1e-05 | Loss: 4.9373e-06 | BC: 4.8400e-07 | PDE: 4.4533e-01 | Val: 3.1186e-07 | Test: 1.3355e-06 |  *
Epoch   3/20 | Steps:   3000 | α=1e-05 | Loss: 5.3390e-06 | BC: 4.9553e-07 | PDE: 4.8434e-01 | Val: 3.6704e-07 | Test: 1.3859e-06 | 
Epoch   4/20 | Steps:   4000 | α=1e-05 | Loss: 5.2525e-06 | BC: 4.0381e-07 | PDE: 4.8487e-01 | Val: 4.5291e-07 | Test: 1.4275e-06 | 
Epoch   5/20 | Steps:   5000 | α=1e-05 | Loss: 5.1416e-06 | BC: 4.5550e-07 | PDE: 4.6861e-01 | Val: 2.5448e-07 | Test: 1.3542e-06 |  *
Epoch   6/20 | Steps:   6000 | α=1e-05 | Loss: 4.5623e-06 | BC: 4.0487e-07 | PDE: 4.1574e-01 | Val: 3.2091e-07 | Test: 1.3763e-06 | 
Epoch   7/20 | Steps:   7000 | α=1e-05 | Loss: 4.7909e-06 | BC: 4.1392e-07 | PDE: 4.3770e-01 | Val: 3.6286e-07 | Test: 1.4516e-06 | 
Epoch   8/20 | Steps:   8000 | α=1e-05 | Loss: 4.7907e-06 | BC: 4.1675e-07 | PDE: 4.3739e-01 | Val: 7.4414e-07 | Test: 1.6291e-06 | 
Epoch   9/20 | Steps:   9000 | α=1e-05 | Loss: 5.3304e-06 | BC: 5.2865e-07 | PDE: 4.8018e-01 | Val: 2.5209e-07 | Test: 1.3681e-06 |  *
Epoch  10/20 | Steps:  10000 | α=1e-05 | Loss: 4.2141e-06 | BC: 3.5114e-07 | PDE: 3.8629e-01 | Val: 3.1587e-07 | Test: 1.3781e-06 | 
Epoch  11/20 | Steps:  11000 | α=1e-05 | Loss: 5.3390e-06 | BC: 5.4468e-07 | PDE: 4.7943e-01 | Val: 2.8202e-07 | Test: 1.3435e-06 | 
Epoch  12/20 | Steps:  12000 | α=1e-05 | Loss: 5.1100e-06 | BC: 4.6324e-07 | PDE: 4.6467e-01 | Val: 3.1377e-07 | Test: 1.3733e-06 | 
Epoch  13/20 | Steps:  13000 | α=1e-05 | Loss: 4.4752e-06 | BC: 4.2858e-07 | PDE: 4.0467e-01 | Val: 8.1167e-07 | Test: 1.7174e-06 | 
Epoch  14/20 | Steps:  14000 | α=1e-05 | Loss: 4.6534e-06 | BC: 4.1199e-07 | PDE: 4.2414e-01 | Val: 3.9746e-07 | Test: 1.4193e-06 | 
Epoch  15/20 | Steps:  15000 | α=1e-05 | Loss: 4.6416e-06 | BC: 4.4077e-07 | PDE: 4.2008e-01 | Val: 3.0719e-07 | Test: 1.3519e-06 | 
Epoch  16/20 | Steps:  16000 | α=1e-05 | Loss: 4.3202e-06 | BC: 3.8729e-07 | PDE: 3.9329e-01 | Val: 2.9137e-07 | Test: 1.4132e-06 | 
Epoch  17/20 | Steps:  17000 | α=1e-05 | Loss: 4.7389e-06 | BC: 4.2836e-07 | PDE: 4.3106e-01 | Val: 1.0746e-06 | Test: 1.9859e-06 | 
Epoch  18/20 | Steps:  18000 | α=1e-05 | Loss: 4.7225e-06 | BC: 4.5282e-07 | PDE: 4.2697e-01 | Val: 2.0426e-06 | Test: 2.7109e-06 | 
Epoch  19/20 | Steps:  19000 | α=1e-05 | Loss: 4.8002e-06 | BC: 5.0093e-07 | PDE: 4.2993e-01 | Val: 3.6455e-07 | Test: 1.3594e-06 | 
Epoch  20/20 | Steps:  20000 | α=1e-05 | Loss: 4.3163e-06 | BC: 3.6416e-07 | PDE: 3.9521e-01 | Val: 2.9967e-06 | Test: 3.3552e-06 | 

Restored best model from epoch 9 (val_loss: 2.5209e-07, test_loss: 1.3681e-06)
Best checkpoint saved to: outputs/expr_7_2_iter/p150to500_square/fix_alpha_1e-5/checkpoints/best_model.pt
Final checkpoint saved to: outputs/expr_7_2_iter/p150to500_square/fix_alpha_1e-5/checkpoints/final_model.pt
Training completed in 265.12s (20,000 total steps)
  Stage 2 (p=200) PDE diagnostics:
    p-Lap (p=200) raw:        inf
    p-Lap (p=200) normalized: 3.1379e-03
    Inf-Lap raw:              2.4582e-03
    Inf-Lap normalized:       4.3308e-03

============================================================
Stage 3/5: Training with p=300
============================================================

Training configuration:
  Boundary points (train): 32,000 -> 80 batches of 400
  Interior points (train): 1,000,000 -> 1000 batches of 1000
  Interior sampling: RE-SAMPLE each epoch
  Boundary points (val): 8,000
  Validation loss: BC only
  Steps per epoch: 1,000
  Total steps: 20,000
  Epochs: 20
  Loss balancing: FixedAlphaSchedule
  LR scheduler: None (constant LR=1.0e-05)

Epoch   1/20 | Steps:   1000 | α=1e-05 | Loss: 1.2569e-05 | BC: 6.4215e-07 | PDE: 1.1926e+00 | Val: 2.6347e-07 | Test: 1.0411e-06 |  *
Epoch   2/20 | Steps:   2000 | α=1e-05 | Loss: 1.2242e-05 | BC: 1.0739e-06 | PDE: 1.1168e+00 | Val: 4.2790e-07 | Test: 1.1042e-06 | 
Epoch   3/20 | Steps:   3000 | α=1e-05 | Loss: 1.3358e-05 | BC: 8.0413e-07 | PDE: 1.2554e+00 | Val: 1.5921e-06 | Test: 2.1236e-06 | 
Epoch   4/20 | Steps:   4000 | α=1e-05 | Loss: 1.1963e-05 | BC: 8.6319e-07 | PDE: 1.1100e+00 | Val: 5.2917e-07 | Test: 1.1857e-06 | 
Epoch   5/20 | Steps:   5000 | α=1e-05 | Loss: 9.3140e-06 | BC: 6.0151e-07 | PDE: 8.7124e-01 | Val: 8.8785e-07 | Test: 1.4077e-06 | 
Epoch   6/20 | Steps:   6000 | α=1e-05 | Loss: 1.3799e-05 | BC: 8.3142e-07 | PDE: 1.2967e+00 | Val: 1.1492e-06 | Test: 1.6034e-06 | 
Epoch   7/20 | Steps:   7000 | α=1e-05 | Loss: 1.1569e-05 | BC: 8.5343e-07 | PDE: 1.0715e+00 | Val: 2.8972e-07 | Test: 1.1114e-06 | 
Epoch   8/20 | Steps:   8000 | α=1e-05 | Loss: 1.3739e-05 | BC: 1.0686e-06 | PDE: 1.2670e+00 | Val: 1.8989e-06 | Test: 2.4411e-06 | 
Epoch   9/20 | Steps:   9000 | α=1e-05 | Loss: 1.1425e-05 | BC: 8.9135e-07 | PDE: 1.0533e+00 | Val: 3.5522e-06 | Test: 4.1068e-06 | 
Epoch  10/20 | Steps:  10000 | α=1e-05 | Loss: 1.0764e-05 | BC: 7.2743e-07 | PDE: 1.0037e+00 | Val: 4.7368e-07 | Test: 1.1564e-06 | 
Epoch  11/20 | Steps:  11000 | α=1e-05 | Loss: 1.1040e-05 | BC: 7.1937e-07 | PDE: 1.0321e+00 | Val: 1.1175e-06 | Test: 1.7422e-06 | 
Epoch  12/20 | Steps:  12000 | α=1e-05 | Loss: 1.0369e-05 | BC: 8.7390e-07 | PDE: 9.4947e-01 | Val: 7.6003e-06 | Test: 6.4776e-06 | 
Epoch  13/20 | Steps:  13000 | α=1e-05 | Loss: 1.0254e-05 | BC: 8.7187e-07 | PDE: 9.3825e-01 | Val: 7.3953e-07 | Test: 1.6650e-06 | 
Epoch  14/20 | Steps:  14000 | α=1e-05 | Loss: 1.0957e-05 | BC: 9.3269e-07 | PDE: 1.0024e+00 | Val: 3.1825e-07 | Test: 1.1529e-06 | 
Epoch  15/20 | Steps:  15000 | α=1e-05 | Loss: 9.0978e-06 | BC: 5.1596e-07 | PDE: 8.5818e-01 | Val: 1.5770e-06 | Test: 2.1209e-06 | 
Epoch  16/20 | Steps:  16000 | α=1e-05 | Loss: 8.9174e-06 | BC: 5.6908e-07 | PDE: 8.3483e-01 | Val: 3.2912e-07 | Test: 1.1135e-06 | 
Epoch  17/20 | Steps:  17000 | α=1e-05 | Loss: 8.9536e-06 | BC: 6.4410e-07 | PDE: 8.3095e-01 | Val: 6.6548e-07 | Test: 1.3404e-06 | 
Epoch  18/20 | Steps:  18000 | α=1e-05 | Loss: 8.8633e-06 | BC: 6.9581e-07 | PDE: 8.1675e-01 | Val: 2.8356e-07 | Test: 1.0670e-06 | 
Epoch  19/20 | Steps:  19000 | α=1e-05 | Loss: 9.0358e-06 | BC: 6.4783e-07 | PDE: 8.3880e-01 | Val: 2.7938e-07 | Test: 1.0584e-06 | 
Epoch  20/20 | Steps:  20000 | α=1e-05 | Loss: 9.2254e-06 | BC: 7.4841e-07 | PDE: 8.4769e-01 | Val: 5.1067e-07 | Test: 1.2736e-06 | 

Restored best model from epoch 1 (val_loss: 2.6347e-07, test_loss: 1.0411e-06)
Best checkpoint saved to: outputs/expr_7_2_iter/p150to500_square/fix_alpha_1e-5/checkpoints/best_model.pt
Final checkpoint saved to: outputs/expr_7_2_iter/p150to500_square/fix_alpha_1e-5/checkpoints/final_model.pt
Training completed in 351.92s (20,000 total steps)
  Stage 3 (p=300) PDE diagnostics:
    p-Lap (p=300) raw:        inf
    p-Lap (p=300) normalized: 3.2579e-03
    Inf-Lap raw:              2.0390e-03
    Inf-Lap normalized:       4.0185e-03

============================================================
Stage 4/5: Training with p=400
============================================================

Training configuration:
  Boundary points (train): 32,000 -> 80 batches of 400
  Interior points (train): 1,000,000 -> 1000 batches of 1000
  Interior sampling: RE-SAMPLE each epoch
  Boundary points (val): 8,000
  Validation loss: BC only
  Steps per epoch: 1,000
  Total steps: 20,000
  Epochs: 20
  Loss balancing: FixedAlphaSchedule
  LR scheduler: None (constant LR=1.0e-05)

Epoch   1/20 | Steps:   1000 | α=1e-05 | Loss: 2.9090e-05 | BC: 1.1712e-06 | PDE: 2.7919e+00 | Val: 5.5274e-07 | Test: 1.1657e-06 |  *
Epoch   2/20 | Steps:   2000 | α=1e-05 | Loss: 1.9752e-05 | BC: 8.8734e-07 | PDE: 1.8865e+00 | Val: 4.4039e-06 | Test: 4.2103e-06 | 
Epoch   3/20 | Steps:   3000 | α=1e-05 | Loss: 1.9733e-05 | BC: 1.4754e-06 | PDE: 1.8258e+00 | Val: 2.9166e-06 | Test: 3.5927e-06 | 
Epoch   4/20 | Steps:   4000 | α=1e-05 | Loss: 2.1197e-05 | BC: 1.2114e-06 | PDE: 1.9986e+00 | Val: 4.4259e-07 | Test: 1.0776e-06 |  *
Epoch   5/20 | Steps:   5000 | α=1e-05 | Loss: 2.3352e-05 | BC: 1.2602e-06 | PDE: 2.2091e+00 | Val: 5.2787e-07 | Test: 1.2040e-06 | 
Epoch   6/20 | Steps:   6000 | α=1e-05 | Loss: 2.7157e-05 | BC: 1.3537e-06 | PDE: 2.5803e+00 | Val: 1.2369e-06 | Test: 1.3337e-06 | 
Epoch   7/20 | Steps:   7000 | α=1e-05 | Loss: 2.4201e-05 | BC: 1.2079e-06 | PDE: 2.2993e+00 | Val: 3.0600e-07 | Test: 9.9576e-07 |  *
Epoch   8/20 | Steps:   8000 | α=1e-05 | Loss: 2.4229e-05 | BC: 1.0267e-06 | PDE: 2.3202e+00 | Val: 8.5250e-07 | Test: 1.6281e-06 | 
Epoch   9/20 | Steps:   9000 | α=1e-05 | Loss: 2.3213e-05 | BC: 1.1565e-06 | PDE: 2.2057e+00 | Val: 6.4657e-07 | Test: 1.3911e-06 | 
Epoch  10/20 | Steps:  10000 | α=1e-05 | Loss: 3.0515e-05 | BC: 1.2591e-06 | PDE: 2.9256e+00 | Val: 4.5529e-07 | Test: 1.0708e-06 | 
Epoch  11/20 | Steps:  11000 | α=1e-05 | Loss: 1.8726e-05 | BC: 1.2042e-06 | PDE: 1.7522e+00 | Val: 1.2984e-05 | Test: 1.0493e-05 | 
Epoch  12/20 | Steps:  12000 | α=1e-05 | Loss: 2.6892e-05 | BC: 1.1373e-06 | PDE: 2.5755e+00 | Val: 7.1879e-07 | Test: 1.4687e-06 | 
Epoch  13/20 | Steps:  13000 | α=1e-05 | Loss: 1.6483e-05 | BC: 9.6284e-07 | PDE: 1.5520e+00 | Val: 4.1084e-07 | Test: 1.1348e-06 | 
Epoch  14/20 | Steps:  14000 | α=1e-05 | Loss: 2.1864e-05 | BC: 1.4017e-06 | PDE: 2.0463e+00 | Val: 1.9239e-06 | Test: 2.0921e-06 | 
Epoch  15/20 | Steps:  15000 | α=1e-05 | Loss: 2.1770e-05 | BC: 1.0306e-06 | PDE: 2.0739e+00 | Val: 1.8787e-06 | Test: 1.8147e-06 | 
Epoch  16/20 | Steps:  16000 | α=1e-05 | Loss: 1.9185e-05 | BC: 9.2269e-07 | PDE: 1.8262e+00 | Val: 2.5981e-06 | Test: 2.4111e-06 | 
Epoch  17/20 | Steps:  17000 | α=1e-05 | Loss: 2.1848e-05 | BC: 1.1579e-06 | PDE: 2.0690e+00 | Val: 3.7439e-07 | Test: 9.9689e-07 | 
Epoch  18/20 | Steps:  18000 | α=1e-05 | Loss: 2.7441e-05 | BC: 9.7381e-07 | PDE: 2.6468e+00 | Val: 4.1576e-06 | Test: 3.5857e-06 | 
Epoch  19/20 | Steps:  19000 | α=1e-05 | Loss: 2.2265e-05 | BC: 9.2427e-07 | PDE: 2.1340e+00 | Val: 1.2986e-05 | Test: 8.4042e-06 | 
Epoch  20/20 | Steps:  20000 | α=1e-05 | Loss: 1.6283e-05 | BC: 1.0574e-06 | PDE: 1.5226e+00 | Val: 4.4690e-07 | Test: 1.1531e-06 | 

Restored best model from epoch 7 (val_loss: 3.0600e-07, test_loss: 9.9576e-07)
Best checkpoint saved to: outputs/expr_7_2_iter/p150to500_square/fix_alpha_1e-5/checkpoints/best_model.pt
Final checkpoint saved to: outputs/expr_7_2_iter/p150to500_square/fix_alpha_1e-5/checkpoints/final_model.pt
Training completed in 306.56s (20,000 total steps)
  Stage 4 (p=400) PDE diagnostics:
    p-Lap (p=400) raw:        inf
    p-Lap (p=400) normalized: 3.2972e-03
    Inf-Lap raw:              1.8303e-03
    Inf-Lap normalized:       3.8538e-03

============================================================
Stage 5/5: Training with p=500
============================================================

Training configuration:
  Boundary points (train): 32,000 -> 80 batches of 400
  Interior points (train): 1,000,000 -> 1000 batches of 1000
  Interior sampling: RE-SAMPLE each epoch
  Boundary points (val): 8,000
  Validation loss: BC only
  Steps per epoch: 1,000
  Total steps: 20,000
  Epochs: 20
  Loss balancing: FixedAlphaSchedule
  LR scheduler: None (constant LR=1.0e-05)

Epoch   1/20 | Steps:   1000 | α=1e-05 | Loss: 3.7313e-05 | BC: 1.6220e-06 | PDE: 3.5691e+00 | Val: 2.0633e-06 | Test: 1.9948e-06 |  *
Epoch   2/20 | Steps:   2000 | α=1e-05 | Loss: 5.2547e-05 | BC: 1.3355e-06 | PDE: 5.1212e+00 | Val: 1.7297e-06 | Test: 2.0005e-06 |  *
Epoch   3/20 | Steps:   3000 | α=1e-05 | Loss: 4.6050e-05 | BC: 1.2061e-06 | PDE: 4.4844e+00 | Val: 1.4573e-05 | Test: 9.9757e-06 | 
Epoch   4/20 | Steps:   4000 | α=1e-05 | Loss: 3.9225e-05 | BC: 1.5841e-06 | PDE: 3.7641e+00 | Val: 5.1373e-07 | Test: 1.1493e-06 |  *
Epoch   5/20 | Steps:   5000 | α=1e-05 | Loss: 4.7978e-05 | BC: 1.4869e-06 | PDE: 4.6491e+00 | Val: 1.7499e-06 | Test: 2.0818e-06 | 
Epoch   6/20 | Steps:   6000 | α=1e-05 | Loss: 2.7227e-05 | BC: 1.1619e-06 | PDE: 2.6065e+00 | Val: 5.5969e-07 | Test: 1.0394e-06 | 
Epoch   7/20 | Steps:   7000 | α=1e-05 | Loss: 3.4404e-05 | BC: 1.6826e-06 | PDE: 3.2721e+00 | Val: 1.4710e-06 | Test: 1.7196e-06 | 
Epoch   8/20 | Steps:   8000 | α=1e-05 | Loss: 3.5348e-05 | BC: 1.5451e-06 | PDE: 3.3803e+00 | Val: 5.8976e-07 | Test: 1.1782e-06 | 
Epoch   9/20 | Steps:   9000 | α=1e-05 | Loss: 3.7172e-05 | BC: 1.1595e-06 | PDE: 3.6013e+00 | Val: 1.2545e-06 | Test: 1.3608e-06 | 
Epoch  10/20 | Steps:  10000 | α=1e-05 | Loss: 3.8396e-05 | BC: 1.8510e-06 | PDE: 3.6545e+00 | Val: 7.8059e-06 | Test: 6.7324e-06 | 
Epoch  11/20 | Steps:  11000 | α=1e-05 | Loss: 3.7717e-05 | BC: 1.5896e-06 | PDE: 3.6128e+00 | Val: 6.9925e-07 | Test: 1.3608e-06 | 
Epoch  12/20 | Steps:  12000 | α=1e-05 | Loss: 3.5465e-05 | BC: 1.1751e-06 | PDE: 3.4289e+00 | Val: 1.2560e-06 | Test: 1.5366e-06 | 
Epoch  13/20 | Steps:  13000 | α=1e-05 | Loss: 4.1356e-05 | BC: 1.7549e-06 | PDE: 3.9601e+00 | Val: 5.4495e-07 | Test: 1.0495e-06 | 
Epoch  14/20 | Steps:  14000 | α=1e-05 | Loss: 3.5428e-05 | BC: 1.4399e-06 | PDE: 3.3988e+00 | Val: 1.1489e-06 | Test: 1.5547e-06 | 
Epoch  15/20 | Steps:  15000 | α=1e-05 | Loss: 4.5506e-05 | BC: 1.8175e-06 | PDE: 4.3689e+00 | Val: 1.0731e-06 | Test: 1.8593e-06 | 
Epoch  16/20 | Steps:  16000 | α=1e-05 | Loss: 3.3517e-05 | BC: 1.4712e-06 | PDE: 3.2046e+00 | Val: 9.6721e-07 | Test: 1.4035e-06 | 
Epoch  17/20 | Steps:  17000 | α=1e-05 | Loss: 3.6982e-05 | BC: 1.1616e-06 | PDE: 3.5820e+00 | Val: 4.2470e-07 | Test: 1.0287e-06 |  *
Epoch  18/20 | Steps:  18000 | α=1e-05 | Loss: 3.4984e-05 | BC: 1.4220e-06 | PDE: 3.3562e+00 | Val: 9.3718e-07 | Test: 1.6257e-06 | 
Epoch  19/20 | Steps:  19000 | α=1e-05 | Loss: 3.0920e-05 | BC: 1.0644e-06 | PDE: 2.9856e+00 | Val: 7.3085e-07 | Test: 1.3378e-06 | 
Epoch  20/20 | Steps:  20000 | α=1e-05 | Loss: 4.2220e-05 | BC: 1.3021e-06 | PDE: 4.0918e+00 | Val: 1.8902e-06 | Test: 2.0142e-06 | 

Restored best model from epoch 17 (val_loss: 4.2470e-07, test_loss: 1.0287e-06)
Best checkpoint saved to: outputs/expr_7_2_iter/p150to500_square/fix_alpha_1e-5/checkpoints/best_model.pt
Final checkpoint saved to: outputs/expr_7_2_iter/p150to500_square/fix_alpha_1e-5/checkpoints/final_model.pt
Training completed in 307.88s (20,000 total steps)
  Stage 5 (p=500) PDE diagnostics:
    p-Lap (p=500) raw:        inf
    p-Lap (p=500) normalized: 2.8585e-03
    Inf-Lap raw:              1.5285e-03
    Inf-Lap normalized:       3.2642e-03

Iterative training completed in 1545.04s
Total epochs: 100

Final Test MSE: 2.0142e-06
Inference (per point): 7.8387e-05s | (full domain): 7.6849e-05s
p-Lap (p=500) PDE test (raw):        inf
p-Lap (p=500) PDE test (normalized): 2.8585e-03
Inf-Lap PDE test (raw):                    1.5285e-03
Inf-Lap PDE test (normalized):             3.2642e-03
Saved .npz files to outputs/expr_7_2_iter/p150to500_square/fix_alpha_1e-5/npy/
Saved plot to outputs/expr_7_2_iter/p150to500_square/fix_alpha_1e-5/plots/results.png
