
============================================================
Running Example: absolute
============================================================

Generated full domain data:
  Boundary points: 40,000
  Interior points: 1,000,000
  Test points: 10,000
Re-sampling enabled: ~1,000,000 interior points per epoch

Splitting data: 80% train, 20% validation
  BC: 32,000 train, 8,000 val
  Interior: 800,000 train, 200,000 val

Model: DomainDecompositionPINN
  Hidden layers: [32, 32, 32]
  Activation: tanh
  η: 1e-05 (normalized)
  Residual clipping: [-10.0, 10.0]
  Outlier removal: top 2.0%
  Parameters: 8,964

Training configuration:
  Boundary points (train): 32,000 -> 80 batches of 400
  Interior points (train): 1,000,000 -> 1000 batches of 1000
  Interior sampling: RE-SAMPLE each epoch
  Boundary points (val): 8,000
  Validation loss: BC only
  Steps per epoch: 1,000
  Total steps: 100,000
  Epochs: 100
  Loss balancing: AlphaPlateauScheduler
  LR scheduler: cosine (LR: 1.0e-03 -> 1.0e-05)

/usr/local/lib/python3.12/dist-packages/torch/autograd/graph.py:824: UserWarning: Attempting to run cuBLAS, but there was no current CUDA context! Attempting to set the primary context... (Triggered internally at /opt/pytorch/pytorch/aten/src/ATen/cuda/CublasHandlePool.cpp:181.)
  return Variable._execution_engine.run_backward(  # Calls into the C++ engine to run the backward pass
Epoch   1/100 | Steps:   1000 | α=1e-05 | Loss: 3.7038e-03 | BC: 3.5317e-03 | PDE: 1.6377e-01 | Intf: 1.7049e-04 | Val: 2.7243e-05 | Test: 5.2960e-04 | LR=1.0e-03 *
Epoch   2/100 | Steps:   2000 | α=1e-05 | Loss: 1.6563e-04 | BC: 1.2531e-04 | PDE: 1.7171e-01 | Intf: 3.8601e-05 | Val: 4.5583e-05 | Test: 4.7126e-04 | LR=1.0e-03
Epoch   3/100 | Steps:   3000 | α=1e-05 | Loss: 1.8085e-04 | BC: 1.1246e-04 | PDE: 1.6794e-01 | Intf: 6.6708e-05 | Val: 6.7789e-05 | Test: 4.7610e-04 | LR=1.0e-03
Epoch   4/100 | Steps:   4000 | α=1e-05 | Loss: 1.4212e-04 | BC: 8.9508e-05 | PDE: 1.6235e-01 | Intf: 5.0984e-05 | Val: 9.5512e-05 | Test: 4.5866e-04 | LR=1.0e-03
Epoch   5/100 | Steps:   5000 | α=1e-05 | Loss: 1.3267e-04 | BC: 7.8424e-05 | PDE: 1.5948e-01 | Intf: 5.2652e-05 | Val: 9.3365e-05 | Test: 4.7599e-04 | LR=1.0e-03
Epoch   6/100 | Steps:   6000 | α=1e-05 | Loss: 1.4866e-04 | BC: 9.3567e-05 | PDE: 1.5822e-01 | Intf: 5.3512e-05 | Val: 5.7935e-05 | Test: 4.3511e-04 | LR=9.9e-04
Epoch   7/100 | Steps:   7000 | α=1e-05 | Loss: 1.3014e-04 | BC: 8.7527e-05 | PDE: 1.5657e-01 | Intf: 4.1049e-05 | Val: 2.9609e-05 | Test: 4.0948e-04 | LR=9.9e-04
Epoch   8/100 | Steps:   8000 | α=1e-05 | Loss: 1.2858e-04 | BC: 8.0413e-05 | PDE: 1.5477e-01 | Intf: 4.6618e-05 | Val: 5.7708e-05 | Test: 4.2093e-04 | LR=9.9e-04
Epoch   9/100 | Steps:   9000 | α=1e-05 | Loss: 1.0518e-04 | BC: 6.7016e-05 | PDE: 1.5301e-01 | Intf: 3.6638e-05 | Val: 3.9862e-05 | Test: 4.0959e-04 | LR=9.8e-04
Epoch  10/100 | Steps:  10000 | α=1e-05 | Loss: 1.0832e-04 | BC: 6.8535e-05 | PDE: 1.5148e-01 | Intf: 3.8272e-05 | Val: 8.6092e-05 | Test: 4.3065e-04 | LR=9.8e-04
Epoch  11/100 | Steps:  11000 | α=1e-05 | Loss: 1.0184e-04 | BC: 6.4825e-05 | PDE: 1.5030e-01 | Intf: 3.5509e-05 | Val: 7.4220e-05 | Test: 4.1778e-04 | LR=9.8e-04
Epoch  12/100 | Steps:  12000 | α=1e-05 | Loss: 9.4859e-05 | BC: 5.8006e-05 | PDE: 1.4931e-01 | Intf: 3.5360e-05 | Val: 2.2010e-05 | Test: 3.9541e-04 | LR=9.7e-04 *
Epoch  13/100 | Steps:  13000 | α=1e-05 | Loss: 8.9397e-05 | BC: 5.6274e-05 | PDE: 1.4823e-01 | Intf: 3.1640e-05 | Val: 7.5903e-05 | Test: 4.5695e-04 | LR=9.7e-04
Epoch  14/100 | Steps:  14000 | α=1e-05 | Loss: 8.2895e-05 | BC: 5.1243e-05 | PDE: 1.4772e-01 | Intf: 3.0175e-05 | Val: 4.8283e-05 | Test: 4.1534e-04 | LR=9.6e-04
Epoch  15/100 | Steps:  15000 | α=1e-05 | Loss: 7.5012e-05 | BC: 5.1278e-05 | PDE: 1.4731e-01 | Intf: 2.2261e-05 | Val: 9.5609e-05 | Test: 4.3491e-04 | LR=9.5e-04
Epoch  16/100 | Steps:  16000 | α=1e-05 | Loss: 8.5957e-05 | BC: 5.2854e-05 | PDE: 1.4663e-01 | Intf: 3.1636e-05 | Val: 1.5423e-05 | Test: 3.8291e-04 | LR=9.5e-04 *
Epoch  17/100 | Steps:  17000 | α=1e-05 | Loss: 7.1495e-05 | BC: 4.5087e-05 | PDE: 1.4542e-01 | Intf: 2.4954e-05 | Val: 5.1417e-05 | Test: 4.0163e-04 | LR=9.4e-04
Epoch  18/100 | Steps:  18000 | α=1e-05 | Loss: 6.8081e-05 | BC: 3.9795e-05 | PDE: 1.4434e-01 | Intf: 2.6842e-05 | Val: 4.9355e-05 | Test: 4.0753e-04 | LR=9.3e-04
Epoch  19/100 | Steps:  19000 | α=1e-05 | Loss: 6.8861e-05 | BC: 4.6685e-05 | PDE: 1.4432e-01 | Intf: 2.0734e-05 | Val: 2.7006e-05 | Test: 4.0291e-04 | LR=9.2e-04
Epoch  20/100 | Steps:  20000 | α=1e-05 | Loss: 1.0132e-04 | BC: 6.0155e-05 | PDE: 1.4524e-01 | Intf: 3.9708e-05 | Val: 1.0702e-05 | Test: 3.9990e-04 | LR=9.1e-04 *
Epoch  21/100 | Steps:  21000 | α=1e-05 | Loss: 4.4211e-05 | BC: 3.2922e-05 | PDE: 1.4085e-01 | Intf: 9.8803e-06 | Val: 2.7152e-05 | Test: 3.7884e-04 | LR=9.1e-04
Epoch  22/100 | Steps:  22000 | α=1e-05 | Loss: 6.0169e-05 | BC: 3.7849e-05 | PDE: 1.4183e-01 | Intf: 2.0902e-05 | Val: 1.3518e-05 | Test: 3.8738e-04 | LR=9.0e-04

>>> Alpha increased: 1e-05 → 1e-04 (BC=3.8075e-05) <<<
Epoch  23/100 | Steps:  23000 | α=1e-04 | Loss: 5.7129e-05 | BC: 3.8075e-05 | PDE: 1.4021e-01 | Intf: 1.7652e-05 | Val: 3.3187e-05 | Test: 4.0829e-04 | LR=8.9e-04 *
Epoch  24/100 | Steps:  24000 | α=1e-04 | Loss: 7.0454e-05 | BC: 3.5587e-05 | PDE: 1.3351e-01 | Intf: 2.1516e-05 | Val: 1.8470e-05 | Test: 3.6364e-04 | LR=8.8e-04 *
Epoch  25/100 | Steps:  25000 | α=1e-04 | Loss: 6.8826e-05 | BC: 3.6573e-05 | PDE: 1.2646e-01 | Intf: 1.9608e-05 | Val: 1.5204e-05 | Test: 3.5080e-04 | LR=8.7e-04 *
Epoch  26/100 | Steps:  26000 | α=1e-04 | Loss: 6.3402e-05 | BC: 3.4303e-05 | PDE: 1.2072e-01 | Intf: 1.7028e-05 | Val: 2.0166e-05 | Test: 3.5401e-04 | LR=8.6e-04
Epoch  27/100 | Steps:  27000 | α=1e-04 | Loss: 6.0691e-05 | BC: 3.2026e-05 | PDE: 1.1596e-01 | Intf: 1.7069e-05 | Val: 7.2681e-05 | Test: 3.7747e-04 | LR=8.4e-04
Epoch  28/100 | Steps:  28000 | α=1e-04 | Loss: 6.7255e-05 | BC: 3.6608e-05 | PDE: 1.1235e-01 | Intf: 1.9412e-05 | Val: 2.2127e-05 | Test: 3.2396e-04 | LR=8.3e-04
Epoch  29/100 | Steps:  29000 | α=1e-04 | Loss: 5.8717e-05 | BC: 3.1569e-05 | PDE: 1.0898e-01 | Intf: 1.6250e-05 | Val: 9.3362e-05 | Test: 3.4610e-04 | LR=8.2e-04
Epoch  30/100 | Steps:  30000 | α=1e-04 | Loss: 6.0213e-05 | BC: 3.2073e-05 | PDE: 1.0598e-01 | Intf: 1.7541e-05 | Val: 2.3313e-04 | Test: 4.2243e-04 | LR=8.1e-04
Epoch  31/100 | Steps:  31000 | α=1e-04 | Loss: 5.0145e-05 | BC: 2.5853e-05 | PDE: 1.0262e-01 | Intf: 1.4030e-05 | Val: 7.1786e-05 | Test: 3.4108e-04 | LR=8.0e-04
Epoch  32/100 | Steps:  32000 | α=1e-04 | Loss: 5.2043e-05 | BC: 2.7456e-05 | PDE: 1.0027e-01 | Intf: 1.4561e-05 | Val: 1.0476e-05 | Test: 2.6799e-04 | LR=7.8e-04 *
Epoch  33/100 | Steps:  33000 | α=1e-04 | Loss: 5.1689e-05 | BC: 2.8353e-05 | PDE: 9.7589e-02 | Intf: 1.3577e-05 | Val: 1.3271e-05 | Test: 2.7562e-04 | LR=7.7e-04
Epoch  34/100 | Steps:  34000 | α=1e-04 | Loss: 5.7702e-05 | BC: 2.8355e-05 | PDE: 9.5847e-02 | Intf: 1.9763e-05 | Val: 6.2089e-06 | Test: 2.5718e-04 | LR=7.6e-04 *
Epoch  35/100 | Steps:  35000 | α=1e-04 | Loss: 4.0906e-05 | BC: 2.2167e-05 | PDE: 9.2378e-02 | Intf: 9.5011e-06 | Val: 2.6551e-05 | Test: 2.8314e-04 | LR=7.4e-04

>>> Alpha increased: 1e-04 → 1e-03 (BC=2.4501e-05) <<<
Epoch  36/100 | Steps:  36000 | α=1e-03 | Loss: 4.6495e-05 | BC: 2.4501e-05 | PDE: 9.0718e-02 | Intf: 1.2923e-05 | Val: 1.7499e-05 | Test: 2.6592e-04 | LR=7.3e-04 *
Epoch  37/100 | Steps:  37000 | α=1e-03 | Loss: 1.2117e-04 | BC: 3.0041e-05 | PDE: 7.4633e-02 | Intf: 1.6493e-05 | Val: 7.9022e-06 | Test: 2.0628e-04 | LR=7.2e-04 *
Epoch  38/100 | Steps:  38000 | α=1e-03 | Loss: 1.0094e-04 | BC: 2.7435e-05 | PDE: 6.1046e-02 | Intf: 1.2459e-05 | Val: 6.9133e-05 | Test: 2.4229e-04 | LR=7.0e-04
Epoch  39/100 | Steps:  39000 | α=1e-03 | Loss: 9.6547e-05 | BC: 2.9244e-05 | PDE: 5.3441e-02 | Intf: 1.3862e-05 | Val: 7.3090e-05 | Test: 2.0173e-04 | LR=6.9e-04
Epoch  40/100 | Steps:  40000 | α=1e-03 | Loss: 8.5206e-05 | BC: 2.5098e-05 | PDE: 4.7661e-02 | Intf: 1.2447e-05 | Val: 7.9631e-06 | Test: 1.4235e-04 | LR=6.7e-04
Epoch  41/100 | Steps:  41000 | α=1e-03 | Loss: 7.6878e-05 | BC: 2.2262e-05 | PDE: 4.3128e-02 | Intf: 1.1487e-05 | Val: 7.4525e-06 | Test: 1.2791e-04 | LR=6.6e-04 *
Epoch  42/100 | Steps:  42000 | α=1e-03 | Loss: 7.8420e-05 | BC: 2.7231e-05 | PDE: 3.9690e-02 | Intf: 1.1499e-05 | Val: 6.1012e-05 | Test: 1.5587e-04 | LR=6.4e-04
Epoch  43/100 | Steps:  43000 | α=1e-03 | Loss: 7.6517e-05 | BC: 2.8216e-05 | PDE: 3.6823e-02 | Intf: 1.1478e-05 | Val: 6.6696e-06 | Test: 1.0349e-04 | LR=6.3e-04 *
Epoch  44/100 | Steps:  44000 | α=1e-03 | Loss: 6.1605e-05 | BC: 1.7721e-05 | PDE: 3.4295e-02 | Intf: 9.5884e-06 | Val: 2.1177e-05 | Test: 1.0805e-04 | LR=6.1e-04
Epoch  45/100 | Steps:  45000 | α=1e-03 | Loss: 6.4566e-05 | BC: 2.2094e-05 | PDE: 3.2243e-02 | Intf: 1.0229e-05 | Val: 1.6225e-05 | Test: 1.0422e-04 | LR=6.0e-04
Epoch  46/100 | Steps:  46000 | α=1e-03 | Loss: 6.7018e-05 | BC: 2.5070e-05 | PDE: 3.0421e-02 | Intf: 1.1527e-05 | Val: 2.1342e-06 | Test: 8.6817e-05 | LR=5.8e-04 *
Epoch  47/100 | Steps:  47000 | α=1e-03 | Loss: 5.3532e-05 | BC: 1.7432e-05 | PDE: 2.8712e-02 | Intf: 7.3877e-06 | Val: 1.6931e-05 | Test: 9.0690e-05 | LR=5.7e-04
Epoch  48/100 | Steps:  48000 | α=1e-03 | Loss: 5.5302e-05 | BC: 1.9785e-05 | PDE: 2.7293e-02 | Intf: 8.2244e-06 | Val: 2.2856e-05 | Test: 9.1825e-05 | LR=5.5e-04

>>> Alpha increased: 1e-03 → 1e-02 (BC=1.7295e-05) <<<
Epoch  49/100 | Steps:  49000 | α=1e-02 | Loss: 5.0637e-05 | BC: 1.7295e-05 | PDE: 2.6039e-02 | Intf: 7.3024e-06 | Val: 2.5355e-05 | Test: 8.7008e-05 | LR=5.4e-04 *
Epoch  50/100 | Steps:  50000 | α=1e-02 | Loss: 2.4060e-04 | BC: 4.3259e-05 | PDE: 1.8251e-02 | Intf: 1.4831e-05 | Val: 6.6626e-05 | Test: 1.3607e-04 | LR=5.2e-04
Epoch  51/100 | Steps:  51000 | α=1e-02 | Loss: 1.5961e-04 | BC: 3.8412e-05 | PDE: 1.0625e-02 | Intf: 1.4947e-05 | Val: 1.8190e-05 | Test: 6.5474e-05 | LR=5.1e-04 *
Epoch  52/100 | Steps:  52000 | α=1e-02 | Loss: 1.1723e-04 | BC: 3.8773e-05 | PDE: 6.4395e-03 | Intf: 1.4058e-05 | Val: 4.4220e-05 | Test: 6.1899e-05 | LR=4.9e-04
Epoch  53/100 | Steps:  53000 | α=1e-02 | Loss: 9.0418e-05 | BC: 3.3940e-05 | PDE: 4.2299e-03 | Intf: 1.4179e-05 | Val: 5.9173e-06 | Test: 2.3453e-05 | LR=4.7e-04 *
Epoch  54/100 | Steps:  54000 | α=1e-02 | Loss: 7.2874e-05 | BC: 2.9256e-05 | PDE: 3.1314e-03 | Intf: 1.2304e-05 | Val: 1.5211e-05 | Test: 2.2263e-05 | LR=4.6e-04
Epoch  55/100 | Steps:  55000 | α=1e-02 | Loss: 6.4237e-05 | BC: 2.7766e-05 | PDE: 2.4871e-03 | Intf: 1.1600e-05 | Val: 1.5348e-05 | Test: 1.4368e-05 | LR=4.4e-04
Epoch  56/100 | Steps:  56000 | α=1e-02 | Loss: 5.7876e-05 | BC: 2.7082e-05 | PDE: 2.0627e-03 | Intf: 1.0168e-05 | Val: 7.3851e-06 | Test: 1.2769e-05 | LR=4.3e-04
Epoch  57/100 | Steps:  57000 | α=1e-02 | Loss: 5.1148e-05 | BC: 2.4713e-05 | PDE: 1.7359e-03 | Intf: 9.0749e-06 | Val: 3.7627e-06 | Test: 4.1830e-06 | LR=4.1e-04 *
Epoch  58/100 | Steps:  58000 | α=1e-02 | Loss: 4.7189e-05 | BC: 2.3388e-05 | PDE: 1.4874e-03 | Intf: 8.9276e-06 | Val: 1.1126e-05 | Test: 1.0015e-05 | LR=4.0e-04
Epoch  59/100 | Steps:  59000 | α=1e-02 | Loss: 4.4511e-05 | BC: 2.3229e-05 | PDE: 1.2821e-03 | Intf: 8.4610e-06 | Val: 7.2177e-07 | Test: 1.6446e-06 | LR=3.8e-04 *
Epoch  60/100 | Steps:  60000 | α=1e-02 | Loss: 4.0250e-05 | BC: 2.1871e-05 | PDE: 1.0442e-03 | Intf: 7.9370e-06 | Val: 1.5854e-06 | Test: 1.8050e-06 | LR=3.7e-04
Epoch  61/100 | Steps:  61000 | α=1e-02 | Loss: 3.0907e-05 | BC: 1.7500e-05 | PDE: 6.5022e-04 | Intf: 6.9050e-06 | Val: 7.1053e-06 | Test: 4.7765e-06 | LR=3.5e-04
Epoch  62/100 | Steps:  62000 | α=1e-02 | Loss: 2.6061e-05 | BC: 1.7177e-05 | PDE: 2.5612e-04 | Intf: 6.3230e-06 | Val: 4.1770e-06 | Test: 3.8725e-06 | LR=3.4e-04
Epoch  63/100 | Steps:  63000 | α=1e-02 | Loss: 2.1958e-05 | BC: 1.4931e-05 | PDE: 1.8704e-04 | Intf: 5.1560e-06 | Val: 8.6667e-06 | Test: 6.0917e-06 | LR=3.2e-04
Epoch  64/100 | Steps:  64000 | α=1e-02 | Loss: 2.0874e-05 | BC: 1.4091e-05 | PDE: 1.7264e-04 | Intf: 5.0571e-06 | Val: 1.3935e-06 | Test: 2.6395e-06 | LR=3.1e-04
Epoch  65/100 | Steps:  65000 | α=1e-02 | Loss: 1.8840e-05 | BC: 1.2576e-05 | PDE: 1.6218e-04 | Intf: 4.6420e-06 | Val: 2.2429e-06 | Test: 3.2474e-06 | LR=2.9e-04
Epoch  66/100 | Steps:  66000 | α=1e-02 | Loss: 1.7784e-05 | BC: 1.1953e-05 | PDE: 1.5503e-04 | Intf: 4.2804e-06 | Val: 1.1978e-06 | Test: 2.5950e-06 | LR=2.8e-04
Epoch  67/100 | Steps:  67000 | α=1e-02 | Loss: 1.4423e-05 | BC: 9.5787e-06 | PDE: 1.4742e-04 | Intf: 3.3701e-06 | Val: 6.2145e-06 | Test: 4.8027e-06 | LR=2.7e-04
Epoch  68/100 | Steps:  68000 | α=1e-02 | Loss: 1.2954e-05 | BC: 8.2300e-06 | PDE: 1.4222e-04 | Intf: 3.3018e-06 | Val: 3.6307e-06 | Test: 2.8076e-06 | LR=2.5e-04
Epoch  69/100 | Steps:  69000 | α=1e-02 | Loss: 6.7680e-05 | BC: 4.1440e-05 | PDE: 2.1466e-04 | Intf: 2.4094e-05 | Val: 8.3980e-07 | Test: 1.6661e-06 | LR=2.4e-04
Epoch  70/100 | Steps:  70000 | α=1e-02 | Loss: 2.0585e-05 | BC: 8.7641e-06 | PDE: 1.7164e-04 | Intf: 1.0105e-05 | Val: 3.7212e-06 | Test: 4.1618e-06 | LR=2.3e-04
Epoch  71/100 | Steps:  71000 | α=1e-02 | Loss: 2.9322e-05 | BC: 1.3355e-05 | PDE: 1.7395e-04 | Intf: 1.4228e-05 | Val: 2.2342e-07 | Test: 1.2335e-06 | LR=2.1e-04 *
Epoch  72/100 | Steps:  72000 | α=1e-02 | Loss: 1.2950e-05 | BC: 5.5532e-06 | PDE: 1.7574e-04 | Intf: 5.6393e-06 | Val: 5.6528e-07 | Test: 1.4430e-06 | LR=2.0e-04
Epoch  73/100 | Steps:  73000 | α=1e-02 | Loss: 1.6832e-05 | BC: 7.2115e-06 | PDE: 1.7167e-04 | Intf: 7.9042e-06 | Val: 1.6283e-06 | Test: 2.1793e-06 | LR=1.9e-04
Epoch  74/100 | Steps:  74000 | α=1e-02 | Loss: 1.2807e-05 | BC: 5.3863e-06 | PDE: 1.6738e-04 | Intf: 5.7465e-06 | Val: 5.6774e-05 | Test: 4.9674e-05 | LR=1.8e-04
Epoch  75/100 | Steps:  75000 | α=1e-02 | Loss: 1.4548e-05 | BC: 6.1257e-06 | PDE: 1.6342e-04 | Intf: 6.7880e-06 | Val: 1.8149e-05 | Test: 1.5867e-05 | LR=1.7e-04
Epoch  76/100 | Steps:  76000 | α=1e-02 | Loss: 9.0397e-06 | BC: 3.5714e-06 | PDE: 1.6023e-04 | Intf: 3.8660e-06 | Val: 5.6199e-06 | Test: 5.4008e-06 | LR=1.5e-04
Epoch  77/100 | Steps:  77000 | α=1e-02 | Loss: 9.8814e-06 | BC: 3.9881e-06 | PDE: 1.5305e-04 | Intf: 4.3628e-06 | Val: 1.7582e-06 | Test: 2.0479e-06 | LR=1.4e-04
Epoch  78/100 | Steps:  78000 | α=1e-02 | Loss: 1.0491e-05 | BC: 4.4341e-06 | PDE: 1.4833e-04 | Intf: 4.5734e-06 | Val: 1.2413e-07 | Test: 1.0219e-06 | LR=1.3e-04 *
Epoch  79/100 | Steps:  79000 | α=1e-02 | Loss: 6.9902e-06 | BC: 2.8002e-06 | PDE: 1.4318e-04 | Intf: 2.7583e-06 | Val: 1.1623e-07 | Test: 1.0067e-06 | LR=1.2e-04 *
Epoch  80/100 | Steps:  80000 | α=1e-02 | Loss: 7.2177e-06 | BC: 2.8717e-06 | PDE: 1.3731e-04 | Intf: 2.9729e-06 | Val: 1.1431e-07 | Test: 1.0248e-06 | LR=1.1e-04 *
Epoch  81/100 | Steps:  81000 | α=1e-02 | Loss: 6.0150e-06 | BC: 2.3118e-06 | PDE: 1.3302e-04 | Intf: 2.3730e-06 | Val: 1.5548e-05 | Test: 1.3849e-05 | LR=1.0e-04
Epoch  82/100 | Steps:  82000 | α=1e-02 | Loss: 4.4811e-06 | BC: 1.5740e-06 | PDE: 1.2805e-04 | Intf: 1.6266e-06 | Val: 4.4194e-07 | Test: 1.2774e-06 | LR=9.6e-05
Epoch  83/100 | Steps:  83000 | α=1e-02 | Loss: 3.9706e-06 | BC: 1.3541e-06 | PDE: 1.2160e-04 | Intf: 1.4005e-06 | Val: 9.9039e-07 | Test: 1.6704e-06 | LR=8.7e-05
Epoch  84/100 | Steps:  84000 | α=1e-02 | Loss: 3.6038e-06 | BC: 1.2187e-06 | PDE: 1.1531e-04 | Intf: 1.2320e-06 | Val: 1.5061e-06 | Test: 2.0474e-06 | LR=7.9e-05
Epoch  85/100 | Steps:  85000 | α=1e-02 | Loss: 3.3229e-06 | BC: 1.1016e-06 | PDE: 1.1124e-04 | Intf: 1.1089e-06 | Val: 1.0962e-07 | Test: 9.1917e-07 | LR=7.1e-05 *
Epoch  86/100 | Steps:  86000 | α=1e-02 | Loss: 2.9747e-06 | BC: 9.6442e-07 | PDE: 1.0648e-04 | Intf: 9.4541e-07 | Val: 1.0989e-07 | Test: 8.9679e-07 | LR=6.4e-05
Epoch  87/100 | Steps:  87000 | α=1e-02 | Loss: 2.2207e-06 | BC: 6.0524e-07 | PDE: 1.0253e-04 | Intf: 5.9011e-07 | Val: 3.5492e-07 | Test: 1.1073e-06 | LR=5.7e-05
Epoch  88/100 | Steps:  88000 | α=1e-02 | Loss: 2.3111e-06 | BC: 6.8196e-07 | PDE: 9.8139e-05 | Intf: 6.4775e-07 | Val: 1.9735e-06 | Test: 2.5539e-06 | LR=5.1e-05
Epoch  89/100 | Steps:  89000 | α=1e-02 | Loss: 1.6761e-06 | BC: 3.8625e-07 | PDE: 9.4871e-05 | Intf: 3.4114e-07 | Val: 2.9096e-06 | Test: 3.1003e-06 | LR=4.5e-05
Epoch  90/100 | Steps:  90000 | α=1e-02 | Loss: 1.6134e-06 | BC: 3.7975e-07 | PDE: 9.0666e-05 | Intf: 3.2703e-07 | Val: 1.6819e-07 | Test: 9.1061e-07 | LR=3.9e-05
Epoch  91/100 | Steps:  91000 | α=1e-02 | Loss: 1.4251e-06 | BC: 3.0594e-07 | PDE: 8.7925e-05 | Intf: 2.3988e-07 | Val: 5.1747e-07 | Test: 1.1203e-06 | LR=3.4e-05
Epoch  92/100 | Steps:  92000 | α=1e-02 | Loss: 1.3153e-06 | BC: 2.6822e-07 | PDE: 8.4524e-05 | Intf: 2.0186e-07 | Val: 4.1503e-07 | Test: 1.0914e-06 | LR=3.0e-05
Epoch  93/100 | Steps:  93000 | α=1e-02 | Loss: 1.1536e-06 | BC: 2.0197e-07 | PDE: 8.1273e-05 | Intf: 1.3887e-07 | Val: 6.5309e-07 | Test: 1.2211e-06 | LR=2.6e-05
Epoch  94/100 | Steps:  94000 | α=1e-02 | Loss: 1.1054e-06 | BC: 1.9383e-07 | PDE: 7.8927e-05 | Intf: 1.2231e-07 | Val: 3.8148e-07 | Test: 1.0038e-06 | LR=2.2e-05
Epoch  95/100 | Steps:  95000 | α=1e-02 | Loss: 9.7618e-07 | BC: 1.3833e-07 | PDE: 7.6143e-05 | Intf: 7.6420e-08 | Val: 2.2583e-07 | Test: 8.8481e-07 | LR=1.9e-05
Epoch  96/100 | Steps:  96000 | α=1e-02 | Loss: 9.2337e-07 | BC: 1.2527e-07 | PDE: 7.3493e-05 | Intf: 6.3177e-08 | Val: 1.7165e-07 | Test: 8.1958e-07 | LR=1.6e-05
Epoch  97/100 | Steps:  97000 | α=1e-02 | Loss: 8.9192e-07 | BC: 1.2035e-07 | PDE: 7.1687e-05 | Intf: 5.4699e-08 | Val: 1.9683e-07 | Test: 8.2257e-07 | LR=1.4e-05
Epoch  98/100 | Steps:  98000 | α=1e-02 | Loss: 8.5241e-07 | BC: 1.0866e-07 | PDE: 6.9889e-05 | Intf: 4.4855e-08 | Val: 1.7168e-07 | Test: 8.6130e-07 | LR=1.2e-05
Epoch  99/100 | Steps:  99000 | α=1e-02 | Loss: 8.2733e-07 | BC: 1.0724e-07 | PDE: 6.7696e-05 | Intf: 4.3139e-08 | Val: 1.2331e-07 | Test: 7.8626e-07 | LR=1.1e-05
Epoch 100/100 | Steps: 100000 | α=1e-02 | Loss: 8.0374e-07 | BC: 1.0377e-07 | PDE: 6.5865e-05 | Intf: 4.1324e-08 | Val: 1.1173e-07 | Test: 7.4158e-07 | LR=1.0e-05

Restored best model from epoch 85 (val_loss: 1.0962e-07, test_loss: 9.1917e-07)
Best checkpoint saved to: outputs/expr_7_1/absolute_dd/l3/checkpoints/best_model.pt
Final checkpoint saved to: outputs/expr_7_1/absolute_dd/l3/checkpoints/final_model.pt
Training completed in 3036.64s (100,000 total steps)

Final Test MSE: 7.4158e-07
Inference (per point): 4.8660e-04s | (full domain): 1.1849e-03s
Saved plot to outputs/expr_7_1/absolute_dd/l3/plots/results.png
