
============================================================
p-Laplacian Aronsson Example
============================================================

Generated full domain data:
  Boundary points: 40,000
  Interior points: 1,000,000
  Test points: 10,000
Re-sampling enabled: ~1,000,000 interior points per epoch

Splitting data: 80% train, 20% validation
  BC: 32,000 train, 8,000 val
  Interior: 800,000 train, 200,000 val

Model: PLaplacianPINN on Square [-1,1]²
  Hidden layers: [128, 128, 128, 128], activation: tanh
  η=0.0, clip_residual=100.0, clip_grad_norm=0.0
  Parameters: 50,049

Training configuration:
  Boundary points (train): 32,000 -> 80 batches of 400
  Interior points (train): 1,000,000 -> 1000 batches of 1000
  Interior sampling: RE-SAMPLE each epoch
  Boundary points (val): 8,000
  Validation loss: BC only
  Steps per epoch: 1,000
  Total steps: 100,000
  Epochs: 100
  Loss balancing: AlphaPlateauScheduler
  LR scheduler: cosine (LR: 1.0e-03 -> 1.0e-05)

/usr/local/lib/python3.12/dist-packages/torch/autograd/graph.py:824: UserWarning: Attempting to run cuBLAS, but there was no current CUDA context! Attempting to set the primary context... (Triggered internally at /opt/pytorch/pytorch/aten/src/ATen/cuda/CublasHandlePool.cpp:181.)
  return Variable._execution_engine.run_backward(  # Calls into the C++ engine to run the backward pass
Epoch   1/100 | Steps:   1000 | α=1e-05 | Loss: 2.8830e-02 | BC: 2.5018e-02 | PDE: 3.8124e+02 | Val: 2.5810e-04 | Test: 6.4299e-04 | LR=1.0e-03 *
Epoch   2/100 | Steps:   2000 | α=1e-05 | Loss: 8.8435e-04 | BC: 3.6114e-04 | PDE: 5.2321e+01 | Val: 1.6011e-04 | Test: 4.5936e-04 | LR=1.0e-03 *
Epoch   3/100 | Steps:   3000 | α=1e-05 | Loss: 5.8786e-04 | BC: 2.7505e-04 | PDE: 3.1281e+01 | Val: 9.1503e-05 | Test: 3.1878e-04 | LR=1.0e-03 *
Epoch   4/100 | Steps:   4000 | α=1e-05 | Loss: 5.9652e-04 | BC: 2.9567e-04 | PDE: 3.0085e+01 | Val: 1.5537e-04 | Test: 4.3213e-04 | LR=1.0e-03
Epoch   5/100 | Steps:   5000 | α=1e-05 | Loss: 5.2195e-04 | BC: 2.5921e-04 | PDE: 2.6274e+01 | Val: 2.8807e-04 | Test: 3.9276e-04 | LR=1.0e-03
Epoch   6/100 | Steps:   6000 | α=1e-05 | Loss: 4.3158e-04 | BC: 2.2993e-04 | PDE: 2.0165e+01 | Val: 8.2035e-05 | Test: 2.3010e-04 | LR=9.9e-04 *
Epoch   7/100 | Steps:   7000 | α=1e-05 | Loss: 4.1410e-04 | BC: 2.0661e-04 | PDE: 2.0750e+01 | Val: 9.4880e-05 | Test: 2.2986e-04 | LR=9.9e-04
Epoch   8/100 | Steps:   8000 | α=1e-05 | Loss: 3.9074e-04 | BC: 2.0980e-04 | PDE: 1.8093e+01 | Val: 5.3930e-05 | Test: 1.9973e-04 | LR=9.9e-04 *
Epoch   9/100 | Steps:   9000 | α=1e-05 | Loss: 3.9190e-04 | BC: 2.1507e-04 | PDE: 1.7683e+01 | Val: 1.6397e-04 | Test: 2.4618e-04 | LR=9.8e-04
Epoch  10/100 | Steps:  10000 | α=1e-05 | Loss: 3.2100e-04 | BC: 1.7717e-04 | PDE: 1.4384e+01 | Val: 1.5279e-04 | Test: 2.5432e-04 | LR=9.8e-04
Epoch  11/100 | Steps:  11000 | α=1e-05 | Loss: 3.1064e-04 | BC: 1.7071e-04 | PDE: 1.3993e+01 | Val: 5.1521e-05 | Test: 1.6236e-04 | LR=9.8e-04 *
Epoch  12/100 | Steps:  12000 | α=1e-05 | Loss: 3.0367e-04 | BC: 1.6115e-04 | PDE: 1.4252e+01 | Val: 9.1062e-05 | Test: 1.9859e-04 | LR=9.7e-04
Epoch  13/100 | Steps:  13000 | α=1e-05 | Loss: 2.9428e-04 | BC: 1.6179e-04 | PDE: 1.3249e+01 | Val: 1.0431e-04 | Test: 2.3064e-04 | LR=9.7e-04
Epoch  14/100 | Steps:  14000 | α=1e-05 | Loss: 2.5043e-04 | BC: 1.3381e-04 | PDE: 1.1662e+01 | Val: 6.4578e-04 | Test: 5.9132e-04 | LR=9.6e-04
Epoch  15/100 | Steps:  15000 | α=1e-05 | Loss: 2.7107e-04 | BC: 1.4842e-04 | PDE: 1.2266e+01 | Val: 2.6060e-04 | Test: 3.1952e-04 | LR=9.5e-04
Epoch  16/100 | Steps:  16000 | α=1e-05 | Loss: 2.3115e-04 | BC: 1.2992e-04 | PDE: 1.0123e+01 | Val: 1.2209e-04 | Test: 2.2027e-04 | LR=9.5e-04

>>> Alpha increased: 1e-05 → 1e-04 (BC=1.3666e-04) <<<
Epoch  17/100 | Steps:  17000 | α=1e-04 | Loss: 2.5086e-04 | BC: 1.3666e-04 | PDE: 1.1420e+01 | Val: 4.9318e-05 | Test: 1.5556e-04 | LR=9.4e-04 *
Epoch  18/100 | Steps:  18000 | α=1e-04 | Loss: 6.7230e-03 | BC: 3.6415e-03 | PDE: 3.0815e+01 | Val: 2.1117e-04 | Test: 3.1784e-04 | LR=9.3e-04
Epoch  19/100 | Steps:  19000 | α=1e-04 | Loss: 1.3720e-03 | BC: 3.8556e-04 | PDE: 9.8643e+00 | Val: 9.0022e-05 | Test: 1.6939e-04 | LR=9.2e-04
Epoch  20/100 | Steps:  20000 | α=1e-04 | Loss: 1.0810e-03 | BC: 2.9581e-04 | PDE: 7.8514e+00 | Val: 2.2238e-04 | Test: 2.8442e-04 | LR=9.1e-04
Epoch  21/100 | Steps:  21000 | α=1e-04 | Loss: 1.0921e-03 | BC: 3.1041e-04 | PDE: 7.8173e+00 | Val: 1.4757e-04 | Test: 2.3163e-04 | LR=9.1e-04
Epoch  22/100 | Steps:  22000 | α=1e-04 | Loss: 8.7618e-04 | BC: 2.2966e-04 | PDE: 6.4653e+00 | Val: 9.1976e-05 | Test: 1.9125e-04 | LR=9.0e-04
Epoch  23/100 | Steps:  23000 | α=1e-04 | Loss: 9.1118e-04 | BC: 2.5147e-04 | PDE: 6.5971e+00 | Val: 1.0341e-04 | Test: 1.5981e-04 | LR=8.9e-04
Epoch  24/100 | Steps:  24000 | α=1e-04 | Loss: 9.4345e-04 | BC: 2.7194e-04 | PDE: 6.7151e+00 | Val: 1.1019e-04 | Test: 1.6240e-04 | LR=8.8e-04
Epoch  25/100 | Steps:  25000 | α=1e-04 | Loss: 8.4265e-04 | BC: 2.3646e-04 | PDE: 6.0619e+00 | Val: 9.2034e-05 | Test: 1.6683e-04 | LR=8.7e-04
Epoch  26/100 | Steps:  26000 | α=1e-04 | Loss: 7.0168e-04 | BC: 1.9150e-04 | PDE: 5.1019e+00 | Val: 1.5472e-04 | Test: 2.4632e-04 | LR=8.6e-04

>>> Alpha increased: 1e-04 → 1e-03 (BC=2.4495e-04) <<<
Epoch  27/100 | Steps:  27000 | α=1e-03 | Loss: 8.0697e-04 | BC: 2.4495e-04 | PDE: 5.6202e+00 | Val: 1.0977e-04 | Test: 2.1962e-04 | LR=8.4e-04 *
Epoch  28/100 | Steps:  28000 | α=1e-03 | Loss: 1.1771e-02 | BC: 5.5737e-03 | PDE: 6.1968e+00 | Val: 2.8281e-03 | Test: 1.5878e-03 | LR=8.3e-04
Epoch  29/100 | Steps:  29000 | α=1e-03 | Loss: 7.2725e-03 | BC: 2.9642e-03 | PDE: 4.3083e+00 | Val: 4.2004e-03 | Test: 2.3641e-03 | LR=8.2e-04
Epoch  30/100 | Steps:  30000 | α=1e-03 | Loss: 5.5494e-03 | BC: 2.1595e-03 | PDE: 3.3899e+00 | Val: 2.1448e-03 | Test: 1.3295e-03 | LR=8.1e-04
Epoch  31/100 | Steps:  31000 | α=1e-03 | Loss: 5.4393e-03 | BC: 2.0521e-03 | PDE: 3.3872e+00 | Val: 1.9108e-03 | Test: 1.1501e-03 | LR=8.0e-04
Epoch  32/100 | Steps:  32000 | α=1e-03 | Loss: 5.0913e-03 | BC: 1.8826e-03 | PDE: 3.2086e+00 | Val: 1.2651e-03 | Test: 8.6891e-04 | LR=7.8e-04
Epoch  33/100 | Steps:  33000 | α=1e-03 | Loss: 4.8755e-03 | BC: 1.7420e-03 | PDE: 3.1336e+00 | Val: 2.0188e-03 | Test: 1.2040e-03 | LR=7.7e-04
Epoch  34/100 | Steps:  34000 | α=1e-03 | Loss: 4.5370e-03 | BC: 1.6087e-03 | PDE: 2.9283e+00 | Val: 1.1817e-03 | Test: 7.8381e-04 | LR=7.6e-04
Epoch  35/100 | Steps:  35000 | α=1e-03 | Loss: 4.7093e-03 | BC: 1.6156e-03 | PDE: 3.0937e+00 | Val: 1.7600e-03 | Test: 1.0545e-03 | LR=7.4e-04
Epoch  36/100 | Steps:  36000 | α=1e-03 | Loss: 3.9620e-03 | BC: 1.3088e-03 | PDE: 2.6532e+00 | Val: 1.4861e-03 | Test: 9.8150e-04 | LR=7.3e-04
Epoch  37/100 | Steps:  37000 | α=1e-03 | Loss: 4.0038e-03 | BC: 1.3573e-03 | PDE: 2.6465e+00 | Val: 1.5866e-03 | Test: 9.7805e-04 | LR=7.2e-04
Epoch  38/100 | Steps:  38000 | α=1e-03 | Loss: 3.8545e-03 | BC: 1.3185e-03 | PDE: 2.5360e+00 | Val: 2.3052e-03 | Test: 1.3699e-03 | LR=7.0e-04
Epoch  39/100 | Steps:  39000 | α=1e-03 | Loss: 3.4719e-03 | BC: 1.0824e-03 | PDE: 2.3895e+00 | Val: 9.3649e-04 | Test: 6.7061e-04 | LR=6.9e-04
Epoch  40/100 | Steps:  40000 | α=1e-03 | Loss: 3.6451e-03 | BC: 1.1489e-03 | PDE: 2.4962e+00 | Val: 1.3003e-03 | Test: 8.1483e-04 | LR=6.7e-04
Epoch  41/100 | Steps:  41000 | α=1e-03 | Loss: 3.4645e-03 | BC: 1.0398e-03 | PDE: 2.4247e+00 | Val: 1.4877e-03 | Test: 9.2148e-04 | LR=6.6e-04
Epoch  42/100 | Steps:  42000 | α=1e-03 | Loss: 3.2250e-03 | BC: 1.0230e-03 | PDE: 2.2020e+00 | Val: 1.4022e-03 | Test: 9.3525e-04 | LR=6.4e-04
Epoch  43/100 | Steps:  43000 | α=1e-03 | Loss: 3.3553e-03 | BC: 1.0108e-03 | PDE: 2.3445e+00 | Val: 4.8720e-04 | Test: 3.9697e-04 | LR=6.3e-04
Epoch  44/100 | Steps:  44000 | α=1e-03 | Loss: 2.6860e-03 | BC: 7.7188e-04 | PDE: 1.9141e+00 | Val: 1.0563e-03 | Test: 7.7970e-04 | LR=6.1e-04
Epoch  45/100 | Steps:  45000 | α=1e-03 | Loss: 2.8689e-03 | BC: 8.5527e-04 | PDE: 2.0136e+00 | Val: 8.5991e-04 | Test: 6.1353e-04 | LR=6.0e-04
Epoch  46/100 | Steps:  46000 | α=1e-03 | Loss: 2.8051e-03 | BC: 8.0852e-04 | PDE: 1.9966e+00 | Val: 6.9454e-04 | Test: 5.3032e-04 | LR=5.8e-04
Epoch  47/100 | Steps:  47000 | α=1e-03 | Loss: 2.4649e-03 | BC: 6.7920e-04 | PDE: 1.7857e+00 | Val: 2.9843e-04 | Test: 2.9449e-04 | LR=5.7e-04
Epoch  48/100 | Steps:  48000 | α=1e-03 | Loss: 2.4915e-03 | BC: 6.6696e-04 | PDE: 1.8245e+00 | Val: 3.8696e-04 | Test: 3.5078e-04 | LR=5.5e-04
Epoch  49/100 | Steps:  49000 | α=1e-03 | Loss: 2.2567e-03 | BC: 5.5933e-04 | PDE: 1.6974e+00 | Val: 8.6130e-04 | Test: 6.4911e-04 | LR=5.4e-04
Epoch  50/100 | Steps:  50000 | α=1e-03 | Loss: 2.2754e-03 | BC: 5.9589e-04 | PDE: 1.6795e+00 | Val: 7.3589e-04 | Test: 5.4125e-04 | LR=5.2e-04
Epoch  51/100 | Steps:  51000 | α=1e-03 | Loss: 2.1243e-03 | BC: 5.4206e-04 | PDE: 1.5822e+00 | Val: 3.4078e-04 | Test: 3.3174e-04 | LR=5.1e-04
Epoch  52/100 | Steps:  52000 | α=1e-03 | Loss: 2.0356e-03 | BC: 4.8200e-04 | PDE: 1.5536e+00 | Val: 5.6213e-04 | Test: 4.7656e-04 | LR=4.9e-04
Epoch  53/100 | Steps:  53000 | α=1e-03 | Loss: 1.9744e-03 | BC: 4.7489e-04 | PDE: 1.4995e+00 | Val: 5.5537e-04 | Test: 4.5647e-04 | LR=4.7e-04
Epoch  54/100 | Steps:  54000 | α=1e-03 | Loss: 1.5511e-03 | BC: 3.4065e-04 | PDE: 1.2105e+00 | Val: 1.8190e-04 | Test: 2.4405e-04 | LR=4.6e-04
Epoch  55/100 | Steps:  55000 | α=1e-03 | Loss: 1.7117e-03 | BC: 3.9649e-04 | PDE: 1.3153e+00 | Val: 5.2574e-04 | Test: 4.4568e-04 | LR=4.4e-04
Epoch  56/100 | Steps:  56000 | α=1e-03 | Loss: 1.5129e-03 | BC: 3.3160e-04 | PDE: 1.1813e+00 | Val: 1.8797e-04 | Test: 2.4046e-04 | LR=4.3e-04
Epoch  57/100 | Steps:  57000 | α=1e-03 | Loss: 1.4211e-03 | BC: 3.0696e-04 | PDE: 1.1142e+00 | Val: 2.2461e-04 | Test: 2.6680e-04 | LR=4.1e-04
Epoch  58/100 | Steps:  58000 | α=1e-03 | Loss: 1.3891e-03 | BC: 2.8852e-04 | PDE: 1.1005e+00 | Val: 3.9693e-04 | Test: 3.6295e-04 | LR=4.0e-04
Epoch  59/100 | Steps:  59000 | α=1e-03 | Loss: 1.0991e-03 | BC: 2.1940e-04 | PDE: 8.7969e-01 | Val: 9.5856e-05 | Test: 1.7673e-04 | LR=3.8e-04 *
Epoch  60/100 | Steps:  60000 | α=1e-03 | Loss: 1.2493e-03 | BC: 2.5145e-04 | PDE: 9.9787e-01 | Val: 1.4810e-04 | Test: 2.3392e-04 | LR=3.7e-04
Epoch  61/100 | Steps:  61000 | α=1e-03 | Loss: 1.2904e-03 | BC: 2.6385e-04 | PDE: 1.0266e+00 | Val: 1.0206e-04 | Test: 1.7317e-04 | LR=3.5e-04
Epoch  62/100 | Steps:  62000 | α=1e-03 | Loss: 1.0317e-03 | BC: 2.0821e-04 | PDE: 8.2348e-01 | Val: 9.4896e-05 | Test: 1.7681e-04 | LR=3.4e-04 *
Epoch  63/100 | Steps:  63000 | α=1e-03 | Loss: 9.1476e-04 | BC: 1.6137e-04 | PDE: 7.5339e-01 | Val: 1.1203e-04 | Test: 1.9822e-04 | LR=3.2e-04
Epoch  64/100 | Steps:  64000 | α=1e-03 | Loss: 6.8018e-04 | BC: 1.2829e-04 | PDE: 5.5190e-01 | Val: 8.9721e-05 | Test: 1.8413e-04 | LR=3.1e-04 *
Epoch  65/100 | Steps:  65000 | α=1e-03 | Loss: 6.5462e-04 | BC: 1.1778e-04 | PDE: 5.3684e-01 | Val: 8.6394e-05 | Test: 1.8260e-04 | LR=2.9e-04 *
Epoch  66/100 | Steps:  66000 | α=1e-03 | Loss: 7.5828e-04 | BC: 1.3868e-04 | PDE: 6.1960e-01 | Val: 2.5402e-04 | Test: 3.1142e-04 | LR=2.8e-04
Epoch  67/100 | Steps:  67000 | α=1e-03 | Loss: 4.3333e-04 | BC: 8.7315e-05 | PDE: 3.4602e-01 | Val: 6.0764e-05 | Test: 1.6153e-04 | LR=2.7e-04 *
Epoch  68/100 | Steps:  68000 | α=1e-03 | Loss: 5.5174e-04 | BC: 9.2467e-05 | PDE: 4.5928e-01 | Val: 1.6865e-04 | Test: 2.7562e-04 | LR=2.5e-04
Epoch  69/100 | Steps:  69000 | α=1e-03 | Loss: 4.9862e-04 | BC: 9.2917e-05 | PDE: 4.0570e-01 | Val: 5.9200e-05 | Test: 1.5776e-04 | LR=2.4e-04 *
Epoch  70/100 | Steps:  70000 | α=1e-03 | Loss: 4.1520e-04 | BC: 7.5361e-05 | PDE: 3.3984e-01 | Val: 5.7130e-05 | Test: 1.5769e-04 | LR=2.3e-04 *
Epoch  71/100 | Steps:  71000 | α=1e-03 | Loss: 2.8736e-04 | BC: 5.6937e-05 | PDE: 2.3043e-01 | Val: 5.8211e-05 | Test: 1.6875e-04 | LR=2.1e-04
Epoch  72/100 | Steps:  72000 | α=1e-03 | Loss: 3.0875e-04 | BC: 5.8793e-05 | PDE: 2.4995e-01 | Val: 6.1170e-05 | Test: 1.7324e-04 | LR=2.0e-04
Epoch  73/100 | Steps:  73000 | α=1e-03 | Loss: 3.5874e-04 | BC: 6.9440e-05 | PDE: 2.8930e-01 | Val: 4.8236e-05 | Test: 1.5725e-04 | LR=1.9e-04 *
Epoch  74/100 | Steps:  74000 | α=1e-03 | Loss: 2.5855e-04 | BC: 5.2115e-05 | PDE: 2.0644e-01 | Val: 5.0623e-05 | Test: 1.6273e-04 | LR=1.8e-04
Epoch  75/100 | Steps:  75000 | α=1e-03 | Loss: 2.6712e-04 | BC: 5.5075e-05 | PDE: 2.1205e-01 | Val: 5.3129e-05 | Test: 1.6956e-04 | LR=1.7e-04
Epoch  76/100 | Steps:  76000 | α=1e-03 | Loss: 1.7957e-04 | BC: 4.4500e-05 | PDE: 1.3507e-01 | Val: 4.2579e-05 | Test: 1.5466e-04 | LR=1.5e-04 *
Epoch  77/100 | Steps:  77000 | α=1e-03 | Loss: 1.8112e-04 | BC: 4.3544e-05 | PDE: 1.3757e-01 | Val: 4.5189e-05 | Test: 1.5992e-04 | LR=1.4e-04
Epoch  78/100 | Steps:  78000 | α=1e-03 | Loss: 1.5561e-04 | BC: 4.1744e-05 | PDE: 1.1387e-01 | Val: 4.5204e-05 | Test: 1.6265e-04 | LR=1.3e-04
Epoch  79/100 | Steps:  79000 | α=1e-03 | Loss: 1.5003e-04 | BC: 4.1071e-05 | PDE: 1.0896e-01 | Val: 4.3250e-05 | Test: 1.6114e-04 | LR=1.2e-04
Epoch  80/100 | Steps:  80000 | α=1e-03 | Loss: 1.3492e-04 | BC: 3.9991e-05 | PDE: 9.4928e-02 | Val: 3.8861e-05 | Test: 1.5162e-04 | LR=1.1e-04 *

>>> Alpha increased: 1e-03 → 1e-02 (BC=3.8813e-05) <<<
Epoch  81/100 | Steps:  81000 | α=1e-02 | Loss: 1.2148e-04 | BC: 3.8813e-05 | PDE: 8.2668e-02 | Val: 4.1180e-05 | Test: 1.6123e-04 | LR=1.0e-04 *
Epoch  82/100 | Steps:  82000 | α=1e-02 | Loss: 2.7999e-03 | BC: 6.2303e-04 | PDE: 2.1769e-01 | Val: 4.0636e-04 | Test: 4.4480e-04 | LR=9.6e-05
Epoch  83/100 | Steps:  83000 | α=1e-02 | Loss: 1.4964e-03 | BC: 3.0929e-04 | PDE: 1.1872e-01 | Val: 2.5153e-04 | Test: 3.4116e-04 | LR=8.7e-05
Epoch  84/100 | Steps:  84000 | α=1e-02 | Loss: 1.2349e-03 | BC: 2.2527e-04 | PDE: 1.0096e-01 | Val: 2.2817e-04 | Test: 3.2660e-04 | LR=7.9e-05
Epoch  85/100 | Steps:  85000 | α=1e-02 | Loss: 1.0659e-03 | BC: 1.8242e-04 | PDE: 8.8348e-02 | Val: 1.8652e-04 | Test: 2.9766e-04 | LR=7.1e-05
Epoch  86/100 | Steps:  86000 | α=1e-02 | Loss: 8.7504e-04 | BC: 1.4639e-04 | PDE: 7.2865e-02 | Val: 1.3777e-04 | Test: 2.5887e-04 | LR=6.4e-05
Epoch  87/100 | Steps:  87000 | α=1e-02 | Loss: 8.2460e-04 | BC: 1.3052e-04 | PDE: 6.9408e-02 | Val: 1.1681e-04 | Test: 2.4348e-04 | LR=5.7e-05
Epoch  88/100 | Steps:  88000 | α=1e-02 | Loss: 7.3047e-04 | BC: 1.0906e-04 | PDE: 6.2141e-02 | Val: 1.2707e-04 | Test: 2.5267e-04 | LR=5.1e-05
Epoch  89/100 | Steps:  89000 | α=1e-02 | Loss: 6.1546e-04 | BC: 9.7628e-05 | PDE: 5.1783e-02 | Val: 9.1833e-05 | Test: 2.2258e-04 | LR=4.5e-05
Epoch  90/100 | Steps:  90000 | α=1e-02 | Loss: 5.6981e-04 | BC: 8.5722e-05 | PDE: 4.8408e-02 | Val: 8.4156e-05 | Test: 2.1619e-04 | LR=3.9e-05
Epoch  91/100 | Steps:  91000 | α=1e-02 | Loss: 5.2232e-04 | BC: 7.8871e-05 | PDE: 4.4345e-02 | Val: 7.7899e-05 | Test: 2.1112e-04 | LR=3.4e-05
Epoch  92/100 | Steps:  92000 | α=1e-02 | Loss: 4.6939e-04 | BC: 7.1528e-05 | PDE: 3.9787e-02 | Val: 7.0285e-05 | Test: 2.0349e-04 | LR=3.0e-05
Epoch  93/100 | Steps:  93000 | α=1e-02 | Loss: 4.1524e-04 | BC: 6.4503e-05 | PDE: 3.5074e-02 | Val: 6.3605e-05 | Test: 1.9677e-04 | LR=2.6e-05
Epoch  94/100 | Steps:  94000 | α=1e-02 | Loss: 3.8558e-04 | BC: 6.0296e-05 | PDE: 3.2528e-02 | Val: 6.1082e-05 | Test: 1.9500e-04 | LR=2.2e-05
Epoch  95/100 | Steps:  95000 | α=1e-02 | Loss: 3.6878e-04 | BC: 5.8577e-05 | PDE: 3.1020e-02 | Val: 5.7698e-05 | Test: 1.9130e-04 | LR=1.9e-05
Epoch  96/100 | Steps:  96000 | α=1e-02 | Loss: 3.5130e-04 | BC: 5.6255e-05 | PDE: 2.9505e-02 | Val: 5.6788e-05 | Test: 1.9056e-04 | LR=1.6e-05
Epoch  97/100 | Steps:  97000 | α=1e-02 | Loss: 3.4040e-04 | BC: 5.4965e-05 | PDE: 2.8544e-02 | Val: 5.6191e-05 | Test: 1.9057e-04 | LR=1.4e-05

>>> Alpha increased: 1e-02 → 1e-01 (BC=5.4087e-05) <<<
Epoch  98/100 | Steps:  98000 | α=1e-01 | Loss: 3.3160e-04 | BC: 5.4087e-05 | PDE: 2.7751e-02 | Val: 5.5143e-05 | Test: 1.8935e-04 | LR=1.2e-05 *
Epoch  99/100 | Steps:  99000 | α=1e-01 | Loss: 2.6274e-03 | BC: 1.6038e-04 | PDE: 2.4670e-02 | Val: 2.7118e-04 | Test: 3.7330e-04 | LR=1.1e-05
Epoch 100/100 | Steps: 100000 | α=1e-01 | Loss: 2.2142e-03 | BC: 3.4842e-04 | PDE: 1.8658e-02 | Val: 4.1446e-04 | Test: 4.6818e-04 | LR=1.0e-05

Restored best model from epoch 98 (val_loss: 5.5143e-05, test_loss: 1.8935e-04)
Best checkpoint saved to: outputs/expr_6_3_simple/p10_square/gradclip0_out0_eta0/checkpoints/best_model.pt
Final checkpoint saved to: outputs/expr_6_3_simple/p10_square/gradclip0_out0_eta0/checkpoints/final_model.pt
Training completed in 1116.46s (100,000 total steps)

Final Test MSE: 4.6818e-04
Inference (per point): 1.6367e-04s | (full domain): 1.6039e-04s
p-Lap (p=10) PDE test (raw):        3.1210e-02
p-Lap (p=10) PDE test (normalized): 2.5550e-02
Inf-Lap PDE test (raw):                    1.2000e-01
Inf-Lap PDE test (normalized):             1.1651e-01
Saved .npz files to outputs/expr_6_3_simple/p10_square/gradclip0_out0_eta0/npy/
Saved plot to outputs/expr_6_3_simple/p10_square/gradclip0_out0_eta0/plots/results.png
