
============================================================
Dist-to-Boundary  —  Ellipse 3 (a=½, b=1)  (2-D)
============================================================
Device: cuda
  Loaded p=5: 2277376 points, mse: 8.732839e-03
  Loaded p=10: 2277376 points, mse: 2.126375e-03
  Loaded p=15: 2277376 points, mse: 9.371430e-04
  Loaded p=20: 2277376 points, mse: 5.254909e-04
  Loaded p=25: 2277376 points, mse: 3.360214e-04
  Loaded p=30: 2277376 points, mse: 2.334157e-04
  Loaded p=35: 2277376 points, mse: 1.716531e-04
  Loaded p=40: 2277376 points, mse: 1.316030e-04
  Loaded p=45: 2277376 points, mse: 1.041557e-04
  Loaded p=50: 2277376 points, mse: 8.452380e-05
  Loaded p=55: 2277376 points, mse: 6.999555e-05
  Loaded p=60: 2277376 points, mse: 5.894143e-05
  Loaded p=65: 2277376 points, mse: 5.033429e-05
  Loaded p=70: 2277376 points, mse: 4.350045e-05
  Loaded p=75: 2277376 points, mse: 3.798336e-05
  Loaded p=80: 2277376 points, mse: 3.346449e-05
  Loaded p=85: 2277376 points, mse: 2.971623e-05
  Loaded p=90: 2277376 points, mse: 2.657237e-05
  Loaded p=95: 2277376 points, mse: 2.390924e-05
  Loaded p=100: 2277376 points, mse: 2.163336e-05
  Loaded p=105: 2277376 points, mse: 1.967286e-05
  Loaded p=110: 2277376 points, mse: 1.797186e-05
  Loaded p=115: 2277376 points, mse: 1.648636e-05
  Loaded p=120: 2277376 points, mse: 1.518127e-05
  Loaded p=125: 2277376 points, mse: 1.402842e-05
  Loaded p=130: 2277376 points, mse: 1.300491e-05
  Loaded p=135: 2277376 points, mse: 1.209202e-05
  Loaded p=140: 2277376 points, mse: 1.127429e-05
  Loaded p=145: 2277376 points, mse: 1.053887e-05
  Loaded p=150: 2277376 points, mse: 9.875017e-06
  Loaded p=155: 2277376 points, mse: 9.273698e-06
  Loaded p=160: 2277376 points, mse: 8.727255e-06
  Loaded p=165: 2277376 points, mse: 8.229167e-06
  Loaded p=170: 2277376 points, mse: 7.773860e-06
  Loaded p=175: 2277376 points, mse: 7.356547e-06
  Loaded p=180: 2277376 points, mse: 6.973084e-06
  Loaded p=185: 2277376 points, mse: 6.619885e-06
  Loaded p=190: 2277376 points, mse: 6.293833e-06
  Loaded p=195: 2277376 points, mse: 5.992187e-06
  Loaded p=200: 2277376 points, mse: 5.711370e-06
Training data: X=(91095040, 3)  Y=(91095040, 1)
Model: trunk=[2, 512, 512, 512, 128]  branch=[1, 128, 128, 128, 128]  params=642,433
Scheduler: CosineAnnealingLR  T_max=20  eta_min=1e-06
Epoch --- Train Loss --- LR --- p150 --- p200 --- p250 --- p500
    0 --- 5.222678e-04 --- 1.00e-04 --- 1.066427e-05 --- 9.471575e-06 --- 1.019309e-05 --- 1.365733e-04
    1 --- 2.973594e-06 --- 9.94e-05 --- 7.566288e-06 --- 5.075835e-06 --- 3.702800e-06 --- 3.085319e-05
    2 --- 1.660638e-06 --- 9.76e-05 --- 8.804916e-06 --- 6.164799e-06 --- 5.186841e-06 --- 2.003808e-05
    3 --- 1.140008e-06 --- 9.46e-05 --- 8.246518e-06 --- 5.589267e-06 --- 4.384788e-06 --- 1.125296e-05
    4 --- 7.633393e-07 --- 9.05e-05 --- 5.971965e-06 --- 3.655294e-06 --- 2.708555e-06 --- 9.104410e-06
    5 --- 5.564671e-07 --- 8.55e-05 --- 6.938516e-06 --- 4.248344e-06 --- 3.022695e-06 --- 7.245874e-06
    6 --- 4.114809e-07 --- 7.96e-05 --- 7.769367e-06 --- 4.908946e-06 --- 3.502616e-06 --- 6.538746e-06
    7 --- 3.266027e-07 --- 7.30e-05 --- 5.867544e-06 --- 3.476498e-06 --- 2.421009e-06 --- 5.358553e-06
    8 --- 2.656086e-07 --- 6.58e-05 --- 7.828410e-06 --- 4.952586e-06 --- 3.467118e-06 --- 4.857560e-06
    9 --- 2.193883e-07 --- 5.82e-05 --- 9.816114e-06 --- 6.692780e-06 --- 5.113063e-06 --- 5.654937e-06
   10 --- 1.833955e-07 --- 5.05e-05 --- 6.087131e-06 --- 3.597609e-06 --- 2.532181e-06 --- 4.468164e-06
   11 --- 1.556708e-07 --- 4.28e-05 --- 7.071666e-06 --- 4.291672e-06 --- 3.154534e-06 --- 5.063031e-06
   12 --- 1.350891e-07 --- 3.52e-05 --- 7.152121e-06 --- 4.433739e-06 --- 3.344127e-06 --- 5.701653e-06
   13 --- 1.194257e-07 --- 2.80e-05 --- 7.599206e-06 --- 4.648611e-06 --- 3.488690e-06 --- 6.115017e-06
   14 --- 1.078424e-07 --- 2.14e-05 --- 6.991585e-06 --- 4.226544e-06 --- 3.120542e-06 --- 6.143986e-06
   15 --- 9.959611e-08 --- 1.55e-05 --- 7.742878e-06 --- 4.748710e-06 --- 3.632797e-06 --- 8.454804e-06
   16 --- 9.285181e-08 --- 1.05e-05 --- 7.006683e-06 --- 4.207454e-06 --- 3.072853e-06 --- 7.524574e-06
   17 --- 8.808104e-08 --- 6.40e-06 --- 7.140934e-06 --- 4.407952e-06 --- 3.584719e-06 --- 1.253414e-05
   18 --- 8.515586e-08 --- 3.42e-06 --- 7.052649e-06 --- 4.334261e-06 --- 3.386217e-06 --- 1.157446e-05
   19 --- 8.359642e-08 --- 1.61e-06 --- 7.023061e-06 --- 4.280649e-06 --- 3.295568e-06 --- 1.036177e-05
Total training time: 21963.11s
Inference (per point): 1.5988e-04s | (full domain): 1.4910e-04s
  p=  5:  MSE=5.541625e-03
  p=105:  MSE=1.352697e-05
  p=205:  MSE=4.109626e-06
  p=305:  MSE=3.373429e-06
  p=405:  MSE=5.660906e-06
  Saved MSE curves → outputs/expr_6_4_2/ellipse3/no_inf/npy/mse.npz  (deeponet, fem, pred_train)

All experiments completed!
