
============================================================
Distance to Origin  —  Disc
============================================================
Device: cuda
  Loaded p=5: 327680 points, mse: 1.575294e-02
  Loaded p=10: 327680 points, mse: 2.022098e-03
  Loaded p=15: 327680 points, mse: 7.330784e-04
  Loaded p=20: 327680 points, mse: 3.682181e-04
  Loaded p=25: 327680 points, mse: 2.171692e-04
  Loaded p=30: 327680 points, mse: 1.409015e-04
  Loaded p=35: 327680 points, mse: 9.735988e-05
  Loaded p=40: 327680 points, mse: 7.033550e-05
  Loaded p=45: 327680 points, mse: 5.251724e-05
  Loaded p=50: 327680 points, mse: 4.022005e-05
  Loaded p=55: 327680 points, mse: 3.142572e-05
  Loaded p=60: 327680 points, mse: 2.495522e-05
  Loaded p=65: 327680 points, mse: 2.008330e-05
  Loaded p=70: 327680 points, mse: 1.634457e-05
  Loaded p=75: 327680 points, mse: 1.342968e-05
  Loaded p=80: 327680 points, mse: 1.112673e-05
  Loaded p=90: 327680 points, mse: 7.803019e-06
  Loaded p=95: 327680 points, mse: 6.596909e-06
  Loaded p=100: 327680 points, mse: 5.610109e-06
  Loaded p=105: 327680 points, mse: 4.798408e-06
  Loaded p=110: 327680 points, mse: 4.127900e-06
  Loaded p=115: 327680 points, mse: 3.572254e-06
  Loaded p=120: 327680 points, mse: 3.110788e-06
  Loaded p=125: 327680 points, mse: 2.727103e-06
  Loaded p=130: 327680 points, mse: 2.408067e-06
  Loaded p=135: 327680 points, mse: 2.143082e-06
  Loaded p=140: 327680 points, mse: 1.923525e-06
  Loaded p=145: 327680 points, mse: 1.742335e-06
  Loaded p=150: 327680 points, mse: 1.593687e-06
  Loaded p=155: 327680 points, mse: 1.472747e-06
  Loaded p=160: 327680 points, mse: 1.375487e-06
  Loaded p=165: 327680 points, mse: 1.298525e-06
  Loaded p=170: 327680 points, mse: 1.239014e-06
  Loaded p=175: 327680 points, mse: 1.194542e-06
  Loaded p=180: 327680 points, mse: 1.163061e-06
  Loaded p=185: 327680 points, mse: 1.142823e-06
  Loaded p=190: 327680 points, mse: 1.132329e-06
  Loaded p=195: 327680 points, mse: 1.130296e-06
  Loaded p=200: 327680 points, mse: 1.135611e-06
  PINNs architecture: input=2 hidden=[128, 128, 128, 128] output=1
  Cached PINNs prediction → outputs/expr_7_3_1/disc/pinns_inf/npy/pinns_inf_origin_disc.npy
  Added p=∞ point: 327680 pts, mse: 5.604512e-07
Training data: X=(13107200, 3)  Y=(13107200, 1)
Model: trunk=[2, 512, 512, 512, 128]  branch=[1, 128, 128, 128, 128]  params=642,433
Scheduler: CosineAnnealingLR  T_max=20  eta_min=1e-06
Epoch --- Train Loss --- LR --- p150 --- p200 --- p250 --- p500
    0 --- 1.100060e-02 --- 1.00e-04 --- 1.003605e-03 --- 1.044726e-03 --- 1.083330e-03 --- 1.212681e-03
    1 --- 8.584374e-04 --- 9.94e-05 --- 3.687888e-04 --- 1.811196e-04 --- 1.302037e-04 --- 5.662505e-04
    2 --- 2.480216e-04 --- 9.76e-05 --- 2.780904e-04 --- 1.536715e-04 --- 7.068649e-05 --- 2.530193e-04
    3 --- 1.486900e-04 --- 9.46e-05 --- 5.423081e-05 --- 6.219669e-05 --- 8.919973e-05 --- 5.464322e-05
    4 --- 9.144792e-05 --- 9.05e-05 --- 7.341037e-05 --- 5.548370e-05 --- 2.947611e-05 --- 8.963162e-05
    5 --- 5.349006e-05 --- 8.55e-05 --- 4.983721e-05 --- 6.832032e-05 --- 9.191437e-05 --- 7.938244e-05
    6 --- 3.806645e-05 --- 7.96e-05 --- 2.032647e-05 --- 2.300289e-05 --- 3.007703e-05 --- 2.288946e-05
    7 --- 2.652203e-05 --- 7.30e-05 --- 1.617100e-05 --- 1.631977e-05 --- 1.633299e-05 --- 1.514269e-05
    8 --- 1.816751e-05 --- 6.58e-05 --- 8.585309e-06 --- 1.025803e-05 --- 1.957123e-05 --- 7.540511e-06
    9 --- 1.377560e-05 --- 5.82e-05 --- 1.001824e-05 --- 1.490253e-05 --- 3.983174e-05 --- 8.260505e-06
   10 --- 1.106423e-05 --- 5.05e-05 --- 8.498914e-06 --- 1.450845e-05 --- 4.478256e-05 --- 1.151315e-05
   11 --- 8.949568e-06 --- 4.28e-05 --- 6.516772e-06 --- 5.669820e-06 --- 1.769017e-05 --- 9.713120e-06
   12 --- 7.369443e-06 --- 3.52e-05 --- 5.898667e-06 --- 6.701118e-06 --- 2.571211e-05 --- 4.238877e-06
   13 --- 6.119728e-06 --- 2.80e-05 --- 5.768585e-06 --- 7.811364e-06 --- 3.237617e-05 --- 5.306429e-06
   14 --- 5.150366e-06 --- 2.14e-05 --- 4.575180e-06 --- 8.251273e-06 --- 3.422648e-05 --- 5.181490e-06
   15 --- 4.453317e-06 --- 1.55e-05 --- 5.945871e-06 --- 3.988589e-06 --- 1.604253e-05 --- 3.931108e-06
   16 --- 3.977147e-06 --- 1.05e-05 --- 4.387883e-06 --- 4.487180e-06 --- 2.146388e-05 --- 2.544231e-06
   17 --- 3.656236e-06 --- 6.40e-06 --- 4.802143e-06 --- 3.997344e-06 --- 1.738859e-05 --- 2.599184e-06
   18 --- 3.453723e-06 --- 3.42e-06 --- 4.124972e-06 --- 4.491571e-06 --- 1.885650e-05 --- 2.702031e-06
   19 --- 3.344389e-06 --- 1.61e-06 --- 3.890798e-06 --- 5.655811e-06 --- 2.239072e-05 --- 2.872220e-06
Total training time: 1319.24s
Inference (per point): 1.4197e-04s | (full domain): 2.2638e-04s
  p=  5:  MSE=1.287674e-02
  p=105:  MSE=6.245082e-06
  p=205:  MSE=6.293520e-06
  p=305:  MSE=5.695005e-05
  p=405:  MSE=5.207154e-05
  Saved MSE curves → outputs/expr_7_3_1/disc/pinns_inf/npy/mse.npz  (deeponet, fem, pred_train)

All experiments completed!
