
============================================================
Dist-to-Boundary  —  Ellipse 1 (a=1, b=¼)  (2-D)
============================================================
Device: cuda
  Loaded p=5: 372736 points, mse: 2.419210e-03
  Loaded p=10: 372736 points, mse: 6.431420e-04
  Loaded p=15: 372736 points, mse: 2.912426e-04
  Loaded p=20: 372736 points, mse: 1.655515e-04
  Loaded p=25: 372736 points, mse: 1.067618e-04
  Loaded p=30: 372736 points, mse: 7.460592e-05
  Loaded p=35: 372736 points, mse: 5.511834e-05
  Loaded p=40: 372736 points, mse: 4.241850e-05
  Loaded p=45: 372736 points, mse: 3.368086e-05
  Loaded p=50: 372736 points, mse: 2.741241e-05
  Loaded p=55: 372736 points, mse: 2.276161e-05
  Loaded p=60: 372736 points, mse: 1.921522e-05
  Loaded p=65: 372736 points, mse: 1.644866e-05
  Loaded p=70: 372736 points, mse: 1.424846e-05
  Loaded p=75: 372736 points, mse: 1.246957e-05
  Loaded p=80: 372736 points, mse: 1.101060e-05
  Loaded p=85: 372736 points, mse: 9.798963e-06
  Loaded p=90: 372736 points, mse: 8.781572e-06
  Loaded p=95: 372736 points, mse: 8.196162e-06
  Loaded p=100: 372736 points, mse: 7.581719e-06
  Loaded p=105: 372736 points, mse: 7.239845e-06
  Loaded p=110: 372736 points, mse: 7.078998e-06
  PINNs architecture: input=2 hidden=[128, 128, 128, 128] output=1
  Cached PINNs prediction → outputs/expr_7_3_2/ellipse1/pinns_inf/npy/pinns_inf_boundary_ellipse1.npy
  Added p=∞ point: 372736 pts, mse: 2.798495e-06
Training data: X=(8572928, 3)  Y=(8572928, 1)
Model: trunk=[2, 512, 512, 512, 128]  branch=[1, 128, 128, 128, 128]  params=642,433
Scheduler: CosineAnnealingLR  T_max=20  eta_min=1e-06
Epoch --- Train Loss --- LR --- p150 --- p200 --- p250 --- p500
    0 --- 1.941283e-03 --- 1.00e-04 --- 1.808065e-04 --- 2.669781e-04 --- 3.219427e-04 --- 1.458901e-04
    1 --- 1.293572e-04 --- 9.94e-05 --- 2.690488e-04 --- 5.751719e-04 --- 7.753484e-04 --- 1.102345e-04
    2 --- 1.022772e-04 --- 9.76e-05 --- 1.195140e-04 --- 1.271921e-04 --- 1.157334e-04 --- 1.103597e-04
    3 --- 6.033024e-05 --- 9.46e-05 --- 4.981581e-05 --- 1.389111e-04 --- 2.069864e-04 --- 2.708805e-05
    4 --- 2.312301e-05 --- 9.05e-05 --- 6.578935e-05 --- 1.187199e-04 --- 1.565406e-04 --- 2.115235e-05
    5 --- 1.717867e-05 --- 8.55e-05 --- 3.558902e-05 --- 5.166254e-05 --- 5.972936e-05 --- 2.290997e-05
    6 --- 1.353380e-05 --- 7.96e-05 --- 1.924991e-05 --- 2.096019e-05 --- 2.067738e-05 --- 2.212669e-05
    7 --- 1.101167e-05 --- 7.30e-05 --- 1.933000e-05 --- 1.730875e-05 --- 1.561070e-05 --- 1.320148e-05
    8 --- 9.174607e-06 --- 6.58e-05 --- 2.249474e-05 --- 1.814323e-05 --- 1.546565e-05 --- 1.139110e-05
    9 --- 7.751521e-06 --- 5.82e-05 --- 1.235041e-05 --- 1.107364e-05 --- 1.175672e-05 --- 1.198706e-05
   10 --- 6.766320e-06 --- 5.05e-05 --- 1.548470e-05 --- 1.229089e-05 --- 1.079648e-05 --- 8.981139e-06
   11 --- 6.038653e-06 --- 4.28e-05 --- 1.658578e-05 --- 1.264193e-05 --- 1.064662e-05 --- 8.363253e-06
   12 --- 5.529636e-06 --- 3.52e-05 --- 1.008271e-05 --- 1.051907e-05 --- 1.249122e-05 --- 1.028527e-05
   13 --- 5.057714e-06 --- 2.80e-05 --- 1.080888e-05 --- 9.722207e-06 --- 1.018358e-05 --- 8.537928e-06
   14 --- 4.656990e-06 --- 2.14e-05 --- 1.129627e-05 --- 1.084702e-05 --- 1.196012e-05 --- 9.691505e-06
   15 --- 4.291962e-06 --- 1.55e-05 --- 1.414809e-05 --- 1.138223e-05 --- 1.009947e-05 --- 7.081978e-06
   16 --- 4.000460e-06 --- 1.05e-05 --- 1.460316e-05 --- 1.190984e-05 --- 1.046541e-05 --- 6.862722e-06
   17 --- 3.750257e-06 --- 6.40e-06 --- 1.002743e-05 --- 8.989638e-06 --- 9.394532e-06 --- 8.120633e-06
   18 --- 3.578775e-06 --- 3.42e-06 --- 1.045335e-05 --- 9.079235e-06 --- 9.086104e-06 --- 7.046526e-06
   19 --- 3.471886e-06 --- 1.61e-06 --- 1.065205e-05 --- 9.276880e-06 --- 9.157912e-06 --- 7.048682e-06
Total training time: 778.84s
Inference (per point): 1.4064e-04s | (full domain): 1.4142e-04s
  p=  5:  MSE=2.531626e-03
  p=105:  MSE=1.329370e-05
  p=205:  MSE=9.197358e-06
  p=305:  MSE=9.909741e-06
  p=405:  MSE=9.023511e-06
  Saved MSE curves → outputs/expr_7_3_2/ellipse1/pinns_inf/npy/mse.npz  (deeponet, fem, pred_train)

All experiments completed!
