
============================================================
Dist-to-Boundary  —  Unit Disc  (2-D)
============================================================
Device: cuda
  Loaded p=5: 1310720 points, mse: 1.525772e-02
  Loaded p=10: 1310720 points, mse: 3.583581e-03
  Loaded p=15: 1310720 points, mse: 1.558547e-03
  Loaded p=20: 1310720 points, mse: 8.671650e-04
  Loaded p=25: 1310720 points, mse: 5.513795e-04
  Loaded p=30: 1310720 points, mse: 3.812468e-04
  Loaded p=35: 1310720 points, mse: 2.792386e-04
  Loaded p=40: 1310720 points, mse: 2.133030e-04
  Loaded p=45: 1310720 points, mse: 1.682393e-04
  Loaded p=50: 1310720 points, mse: 1.360850e-04
  Loaded p=55: 1310720 points, mse: 1.123419e-04
  Loaded p=60: 1310720 points, mse: 9.431299e-05
  Loaded p=65: 1310720 points, mse: 8.030154e-05
  Loaded p=70: 1310720 points, mse: 6.919690e-05
  Loaded p=75: 1310720 points, mse: 6.024730e-05
  Loaded p=80: 1310720 points, mse: 5.292912e-05
  Loaded p=85: 1310720 points, mse: 4.686864e-05
  Loaded p=90: 1310720 points, mse: 4.179332e-05
  Loaded p=95: 1310720 points, mse: 3.750069e-05
  Loaded p=100: 1310720 points, mse: 3.383766e-05
  Loaded p=105: 1310720 points, mse: 3.068690e-05
  Loaded p=110: 1310720 points, mse: 2.795711e-05
  Loaded p=115: 1310720 points, mse: 2.557655e-05
  Loaded p=120: 1310720 points, mse: 2.348806e-05
  Loaded p=125: 1310720 points, mse: 2.164575e-05
  Loaded p=130: 1310720 points, mse: 2.001239e-05
  Loaded p=135: 1310720 points, mse: 1.855752e-05
  Loaded p=140: 1310720 points, mse: 1.725609e-05
  Loaded p=145: 1310720 points, mse: 1.608721e-05
  Loaded p=150: 1310720 points, mse: 1.503350e-05
  Loaded p=155: 1310720 points, mse: 1.408029e-05
  Loaded p=160: 1310720 points, mse: 1.321521e-05
  Loaded p=165: 1310720 points, mse: 1.242771e-05
  Loaded p=170: 1310720 points, mse: 1.170879e-05
  Loaded p=175: 1310720 points, mse: 1.105070e-05
  Loaded p=180: 1310720 points, mse: 1.044677e-05
  Loaded p=185: 1310720 points, mse: 9.891222e-06
  Loaded p=190: 1310720 points, mse: 9.379015e-06
  Loaded p=195: 1310720 points, mse: 8.905752e-06
  Loaded p=200: 1310720 points, mse: 8.467587e-06
  PINNs architecture: input=2 hidden=[128, 128, 128, 128] output=1
  Cached PINNs prediction → outputs/expr_6_4_2/disc/pinns_inf/npy/pinns_inf_boundary_disc.npy
  Added p=∞ point: 1310720 pts, mse: 1.004431e-06
Training data: X=(53739520, 3)  Y=(53739520, 1)
Model: trunk=[2, 512, 512, 512, 128]  branch=[1, 128, 128, 128, 128]  params=642,433
Scheduler: CosineAnnealingLR  T_max=20  eta_min=1e-06
Epoch --- Train Loss --- LR --- p150 --- p200 --- p250 --- p500
    0 --- 1.494489e-03 --- 1.00e-04 --- 4.951395e-05 --- 4.933340e-05 --- 4.507800e-05 --- 3.406193e-05
    1 --- 1.230746e-05 --- 9.94e-05 --- 1.330176e-05 --- 1.027615e-05 --- 9.769409e-06 --- 6.840869e-06
    2 --- 5.536311e-06 --- 9.76e-05 --- 1.614022e-05 --- 1.191584e-05 --- 9.415998e-06 --- 4.567740e-06
    3 --- 3.446482e-06 --- 9.46e-05 --- 1.236818e-05 --- 8.476739e-06 --- 6.765778e-06 --- 4.274082e-06
    4 --- 2.364014e-06 --- 9.05e-05 --- 6.284779e-06 --- 3.854429e-06 --- 2.947473e-06 --- 2.542021e-06
    5 --- 1.754998e-06 --- 8.55e-05 --- 1.026835e-05 --- 6.457245e-06 --- 4.668677e-06 --- 1.310867e-06
    6 --- 1.358091e-06 --- 7.96e-05 --- 7.234429e-06 --- 4.259650e-06 --- 2.986982e-06 --- 3.016902e-06
    7 --- 1.066064e-06 --- 7.30e-05 --- 1.074082e-05 --- 6.441451e-06 --- 4.299448e-06 --- 1.046306e-06
    8 --- 8.503596e-07 --- 6.58e-05 --- 1.337398e-05 --- 8.722363e-06 --- 6.263439e-06 --- 1.726226e-06
    9 --- 6.770930e-07 --- 5.82e-05 --- 1.074103e-05 --- 6.495901e-06 --- 4.143632e-06 --- 7.458163e-07
   10 --- 5.335167e-07 --- 5.05e-05 --- 8.771031e-06 --- 4.845363e-06 --- 2.800496e-06 --- 5.397700e-07
   11 --- 4.223680e-07 --- 4.28e-05 --- 9.226977e-06 --- 5.218567e-06 --- 3.078775e-06 --- 6.122907e-07
   12 --- 3.405024e-07 --- 3.52e-05 --- 8.156835e-06 --- 4.302471e-06 --- 2.379472e-06 --- 9.559778e-07
   13 --- 2.757665e-07 --- 2.80e-05 --- 9.641830e-06 --- 5.476590e-06 --- 3.202555e-06 --- 6.825759e-07
   14 --- 2.301620e-07 --- 2.14e-05 --- 9.985444e-06 --- 5.705753e-06 --- 3.350445e-06 --- 6.099145e-07
   15 --- 1.969087e-07 --- 1.55e-05 --- 8.679897e-06 --- 4.764524e-06 --- 2.717420e-06 --- 6.373816e-07
   16 --- 1.749489e-07 --- 1.05e-05 --- 9.096570e-06 --- 5.019375e-06 --- 2.840559e-06 --- 5.481498e-07
   17 --- 1.606318e-07 --- 6.40e-06 --- 1.017750e-05 --- 5.817436e-06 --- 3.400787e-06 --- 5.748228e-07
   18 --- 1.515052e-07 --- 3.42e-06 --- 9.512833e-06 --- 5.233778e-06 --- 3.058092e-06 --- 5.573772e-07
   19 --- 1.462527e-07 --- 1.61e-06 --- 9.760289e-06 --- 5.489351e-06 --- 3.292770e-06 --- 5.400116e-07
Total training time: 9126.89s
Inference (per point): 1.4745e-04s | (full domain): 2.2652e-04s
  p=  5:  MSE=9.723642e-03
  p=105:  MSE=1.950530e-05
  p=205:  MSE=5.209563e-06
  p=305:  MSE=1.864933e-06
  p=405:  MSE=7.304296e-07
  Saved MSE curves → outputs/expr_6_4_2/disc/pinns_inf/npy/mse.npz  (deeponet, fem, pred_train)

All experiments completed!
