
============================================================
Running Example: aronsson_disc
============================================================

Generated full disc domain data:
  Boundary points: 10,000
  Interior points: 783,764
  Test points: 7,668
Re-sampling enabled: ~783,764 interior points per epoch

Splitting data: 80% train, 20% validation
  BC: 8,000 train, 2,000 val
  Interior: 627,011 train, 156,753 val

Model: InfinityLaplacianPINN
  Hidden layers: [128, 128]
  Activation: tanh
  η: 1e-05 (normalized)
  Residual clipping: [-10.0, 10.0]
  Outlier removal: top 2.0%
  Parameters: 17,025

Training configuration:
  Boundary points (train): 8,000 -> 20 batches of 400
  Interior points (train): 783,764 -> 784 batches of 1000
  Interior sampling: RE-SAMPLE each epoch
  Boundary points (val): 2,000
  Validation loss: BC only
  Steps per epoch: 784
  Total steps: 78,400
  Epochs: 100
  Loss balancing: AlphaPlateauScheduler
  LR scheduler: cosine (LR: 1.0e-03 -> 1.0e-05)

/usr/local/lib/python3.12/dist-packages/torch/autograd/graph.py:824: UserWarning: Attempting to run cuBLAS, but there was no current CUDA context! Attempting to set the primary context... (Triggered internally at /opt/pytorch/pytorch/aten/src/ATen/cuda/CublasHandlePool.cpp:181.)
  return Variable._execution_engine.run_backward(  # Calls into the C++ engine to run the backward pass
Epoch   1/100 | Steps:    784 | α=1e-05 | Loss: 6.0521e-02 | BC: 6.0500e-02 | PDE: 2.1444e+00 | Val: 2.8509e-04 | Test: 2.1285e-02 | LR=1.0e-03 *
Epoch   2/100 | Steps:   1568 | α=1e-05 | Loss: 1.8061e-04 | BC: 1.5704e-04 | PDE: 2.3569e+00 | Val: 1.3102e-04 | Test: 1.6417e-02 | LR=1.0e-03 *
Epoch   3/100 | Steps:   2352 | α=1e-05 | Loss: 1.2550e-04 | BC: 1.0636e-04 | PDE: 1.9142e+00 | Val: 1.1461e-04 | Test: 1.2132e-02 | LR=1.0e-03 *
Epoch   4/100 | Steps:   3136 | α=1e-05 | Loss: 1.0711e-04 | BC: 9.2406e-05 | PDE: 1.4701e+00 | Val: 6.6244e-05 | Test: 1.0349e-02 | LR=1.0e-03 *
Epoch   5/100 | Steps:   3920 | α=1e-05 | Loss: 7.7346e-05 | BC: 6.6169e-05 | PDE: 1.1176e+00 | Val: 7.3388e-05 | Test: 1.0990e-02 | LR=1.0e-03
Epoch   6/100 | Steps:   4704 | α=1e-05 | Loss: 5.8209e-05 | BC: 4.9455e-05 | PDE: 8.7542e-01 | Val: 3.3014e-05 | Test: 8.5269e-03 | LR=9.9e-04 *
Epoch   7/100 | Steps:   5488 | α=1e-05 | Loss: 5.1900e-05 | BC: 4.4714e-05 | PDE: 7.1862e-01 | Val: 1.9135e-05 | Test: 7.2080e-03 | LR=9.9e-04 *
Epoch   8/100 | Steps:   6272 | α=1e-05 | Loss: 4.2209e-05 | BC: 3.6217e-05 | PDE: 5.9920e-01 | Val: 9.9429e-05 | Test: 5.1063e-03 | LR=9.9e-04
Epoch   9/100 | Steps:   7056 | α=1e-05 | Loss: 3.5044e-05 | BC: 2.9928e-05 | PDE: 5.1167e-01 | Val: 5.9633e-05 | Test: 4.4449e-03 | LR=9.8e-04
Epoch  10/100 | Steps:   7840 | α=1e-05 | Loss: 3.6883e-05 | BC: 3.2396e-05 | PDE: 4.4862e-01 | Val: 1.4652e-05 | Test: 3.0365e-03 | LR=9.8e-04 *
Epoch  11/100 | Steps:   8624 | α=1e-05 | Loss: 3.8454e-05 | BC: 3.4402e-05 | PDE: 4.0517e-01 | Val: 1.2635e-05 | Test: 2.2078e-03 | LR=9.8e-04 *
Epoch  12/100 | Steps:   9408 | α=1e-05 | Loss: 2.9410e-05 | BC: 2.5621e-05 | PDE: 3.7892e-01 | Val: 8.8555e-06 | Test: 1.6598e-03 | LR=9.7e-04 *
Epoch  13/100 | Steps:  10192 | α=1e-05 | Loss: 2.9328e-05 | BC: 2.5714e-05 | PDE: 3.6141e-01 | Val: 1.5652e-05 | Test: 1.1444e-03 | LR=9.7e-04
Epoch  14/100 | Steps:  10976 | α=1e-05 | Loss: 2.7493e-05 | BC: 2.4009e-05 | PDE: 3.4843e-01 | Val: 3.8108e-05 | Test: 9.5537e-04 | LR=9.6e-04
Epoch  15/100 | Steps:  11760 | α=1e-05 | Loss: 2.9873e-05 | BC: 2.6455e-05 | PDE: 3.4176e-01 | Val: 2.7726e-05 | Test: 8.0881e-04 | LR=9.5e-04
Epoch  16/100 | Steps:  12544 | α=1e-05 | Loss: 2.6271e-05 | BC: 2.2923e-05 | PDE: 3.3485e-01 | Val: 7.3376e-06 | Test: 6.6081e-04 | LR=9.5e-04 *

>>> Alpha increased: 1e-05 → 1e-04 (BC=2.2181e-05) <<<
Epoch  17/100 | Steps:  13328 | α=1e-04 | Loss: 2.5492e-05 | BC: 2.2181e-05 | PDE: 3.3103e-01 | Val: 8.7820e-06 | Test: 5.8462e-04 | LR=9.4e-04 *
Epoch  18/100 | Steps:  14112 | α=1e-04 | Loss: 4.6508e-05 | BC: 2.2158e-05 | PDE: 2.4350e-01 | Val: 1.6360e-05 | Test: 1.6334e-04 | LR=9.3e-04
Epoch  19/100 | Steps:  14896 | α=1e-04 | Loss: 4.1655e-05 | BC: 2.4823e-05 | PDE: 1.6832e-01 | Val: 1.7123e-05 | Test: 6.7699e-05 | LR=9.2e-04
Epoch  20/100 | Steps:  15680 | α=1e-04 | Loss: 3.6202e-05 | BC: 2.2318e-05 | PDE: 1.3883e-01 | Val: 1.4888e-05 | Test: 4.7721e-05 | LR=9.1e-04
Epoch  21/100 | Steps:  16464 | α=1e-04 | Loss: 3.5811e-05 | BC: 2.3422e-05 | PDE: 1.2389e-01 | Val: 2.8510e-05 | Test: 6.8246e-05 | LR=9.1e-04
Epoch  22/100 | Steps:  17248 | α=1e-04 | Loss: 3.1701e-05 | BC: 2.0087e-05 | PDE: 1.1614e-01 | Val: 1.5799e-05 | Test: 3.0334e-05 | LR=9.0e-04
Epoch  23/100 | Steps:  18032 | α=1e-04 | Loss: 2.9977e-05 | BC: 1.8863e-05 | PDE: 1.1114e-01 | Val: 1.5610e-05 | Test: 3.2527e-05 | LR=8.9e-04
Epoch  24/100 | Steps:  18816 | α=1e-04 | Loss: 3.0387e-05 | BC: 1.9563e-05 | PDE: 1.0824e-01 | Val: 3.5928e-05 | Test: 3.3935e-05 | LR=8.8e-04

>>> Alpha increased: 1e-04 → 1e-03 (BC=2.0577e-05) <<<
Epoch  25/100 | Steps:  19600 | α=1e-03 | Loss: 3.1066e-05 | BC: 2.0577e-05 | PDE: 1.0489e-01 | Val: 1.5159e-05 | Test: 2.3977e-05 | LR=8.7e-04 *
Epoch  26/100 | Steps:  20384 | α=1e-03 | Loss: 1.0828e-04 | BC: 2.6233e-05 | PDE: 8.2047e-02 | Val: 2.2150e-05 | Test: 3.4236e-05 | LR=8.6e-04
Epoch  27/100 | Steps:  21168 | α=1e-03 | Loss: 1.0007e-04 | BC: 2.5063e-05 | PDE: 7.5008e-02 | Val: 2.7439e-05 | Test: 5.0479e-05 | LR=8.4e-04
Epoch  28/100 | Steps:  21952 | α=1e-03 | Loss: 9.3529e-05 | BC: 2.3493e-05 | PDE: 7.0036e-02 | Val: 2.1989e-05 | Test: 2.8570e-05 | LR=8.3e-04
Epoch  29/100 | Steps:  22736 | α=1e-03 | Loss: 8.6639e-05 | BC: 2.0251e-05 | PDE: 6.6388e-02 | Val: 1.4870e-05 | Test: 2.4325e-05 | LR=8.2e-04 *
Epoch  30/100 | Steps:  23520 | α=1e-03 | Loss: 8.0248e-05 | BC: 1.9448e-05 | PDE: 6.0800e-02 | Val: 3.3822e-05 | Test: 4.2861e-05 | LR=8.1e-04
Epoch  31/100 | Steps:  24304 | α=1e-03 | Loss: 7.2211e-05 | BC: 1.7720e-05 | PDE: 5.4491e-02 | Val: 7.7381e-06 | Test: 2.0924e-05 | LR=8.0e-04 *
Epoch  32/100 | Steps:  25088 | α=1e-03 | Loss: 6.6151e-05 | BC: 1.7830e-05 | PDE: 4.8321e-02 | Val: 7.1874e-06 | Test: 2.2789e-05 | LR=7.8e-04 *
Epoch  33/100 | Steps:  25872 | α=1e-03 | Loss: 5.7287e-05 | BC: 1.1778e-05 | PDE: 4.5509e-02 | Val: 9.0367e-06 | Test: 2.0259e-05 | LR=7.7e-04
Epoch  34/100 | Steps:  26656 | α=1e-03 | Loss: 5.6102e-05 | BC: 1.3625e-05 | PDE: 4.2477e-02 | Val: 6.7166e-06 | Test: 1.6375e-05 | LR=7.6e-04 *
Epoch  35/100 | Steps:  27440 | α=1e-03 | Loss: 5.2276e-05 | BC: 1.1721e-05 | PDE: 4.0555e-02 | Val: 8.6057e-06 | Test: 1.4883e-05 | LR=7.4e-04
Epoch  36/100 | Steps:  28224 | α=1e-03 | Loss: 4.9866e-05 | BC: 1.0854e-05 | PDE: 3.9012e-02 | Val: 1.1431e-05 | Test: 1.5974e-05 | LR=7.3e-04
Epoch  37/100 | Steps:  29008 | α=1e-03 | Loss: 4.7957e-05 | BC: 1.0383e-05 | PDE: 3.7573e-02 | Val: 4.8508e-06 | Test: 1.4923e-05 | LR=7.2e-04 *

>>> Alpha increased: 1e-03 → 1e-02 (BC=9.9114e-06) <<<
Epoch  38/100 | Steps:  29792 | α=1e-02 | Loss: 4.6696e-05 | BC: 9.9114e-06 | PDE: 3.6785e-02 | Val: 1.6663e-05 | Test: 2.0592e-05 | LR=7.0e-04 *
Epoch  39/100 | Steps:  30576 | α=1e-02 | Loss: 3.5737e-04 | BC: 3.3463e-05 | PDE: 3.2391e-02 | Val: 8.1018e-06 | Test: 1.4068e-05 | LR=6.9e-04 *
Epoch  40/100 | Steps:  31360 | α=1e-02 | Loss: 2.7474e-04 | BC: 1.7451e-05 | PDE: 2.5729e-02 | Val: 7.6811e-05 | Test: 6.3221e-05 | LR=6.7e-04
Epoch  41/100 | Steps:  32144 | α=1e-02 | Loss: 2.3207e-04 | BC: 1.2425e-05 | PDE: 2.1964e-02 | Val: 5.6616e-06 | Test: 9.1456e-06 | LR=6.6e-04 *
Epoch  42/100 | Steps:  32928 | α=1e-02 | Loss: 2.0516e-04 | BC: 1.2534e-05 | PDE: 1.9262e-02 | Val: 1.8777e-05 | Test: 1.3213e-05 | LR=6.4e-04
Epoch  43/100 | Steps:  33712 | α=1e-02 | Loss: 1.8440e-04 | BC: 1.2017e-05 | PDE: 1.7239e-02 | Val: 4.9970e-06 | Test: 8.3827e-06 | LR=6.3e-04 *
Epoch  44/100 | Steps:  34496 | α=1e-02 | Loss: 1.7510e-04 | BC: 1.5520e-05 | PDE: 1.5958e-02 | Val: 1.4665e-05 | Test: 1.0513e-05 | LR=6.1e-04
Epoch  45/100 | Steps:  35280 | α=1e-02 | Loss: 1.5742e-04 | BC: 1.0544e-05 | PDE: 1.4688e-02 | Val: 8.0688e-06 | Test: 1.1677e-05 | LR=6.0e-04
Epoch  46/100 | Steps:  36064 | α=1e-02 | Loss: 1.4290e-04 | BC: 8.1576e-06 | PDE: 1.3474e-02 | Val: 2.1223e-05 | Test: 2.2664e-05 | LR=5.8e-04
Epoch  47/100 | Steps:  36848 | α=1e-02 | Loss: 1.3555e-04 | BC: 9.9025e-06 | PDE: 1.2564e-02 | Val: 9.5373e-06 | Test: 1.0442e-05 | LR=5.7e-04
Epoch  48/100 | Steps:  37632 | α=1e-02 | Loss: 1.2549e-04 | BC: 7.8656e-06 | PDE: 1.1762e-02 | Val: 7.4238e-06 | Test: 6.1249e-06 | LR=5.5e-04
Epoch  49/100 | Steps:  38416 | α=1e-02 | Loss: 1.2552e-04 | BC: 1.2344e-05 | PDE: 1.1317e-02 | Val: 1.1177e-05 | Test: 8.3895e-06 | LR=5.4e-04
Epoch  50/100 | Steps:  39200 | α=1e-02 | Loss: 1.1103e-04 | BC: 7.6124e-06 | PDE: 1.0342e-02 | Val: 6.4401e-06 | Test: 1.0933e-05 | LR=5.2e-04

>>> Alpha increased: 1e-02 → 1e-01 (BC=8.3218e-06) <<<
Epoch  51/100 | Steps:  39984 | α=1e-01 | Loss: 1.0811e-04 | BC: 8.3218e-06 | PDE: 9.9785e-03 | Val: 1.7184e-06 | Test: 5.0189e-06 | LR=5.1e-04 *
Epoch  52/100 | Steps:  40768 | α=1e-01 | Loss: 1.0629e-03 | BC: 6.7750e-05 | PDE: 9.9516e-03 | Val: 2.9978e-05 | Test: 3.3701e-05 | LR=4.9e-04
Epoch  53/100 | Steps:  41552 | α=1e-01 | Loss: 9.0654e-04 | BC: 5.0320e-05 | PDE: 8.5622e-03 | Val: 1.6246e-05 | Test: 1.4332e-05 | LR=4.7e-04
Epoch  54/100 | Steps:  42336 | α=1e-01 | Loss: 7.8496e-04 | BC: 2.6868e-05 | PDE: 7.5809e-03 | Val: 7.1034e-06 | Test: 6.9493e-06 | LR=4.6e-04
Epoch  55/100 | Steps:  43120 | α=1e-01 | Loss: 7.4214e-04 | BC: 3.3148e-05 | PDE: 7.0899e-03 | Val: 2.9251e-05 | Test: 2.5933e-05 | LR=4.4e-04
Epoch  56/100 | Steps:  43904 | α=1e-01 | Loss: 6.8734e-04 | BC: 2.6520e-05 | PDE: 6.6082e-03 | Val: 1.0691e-05 | Test: 1.6555e-05 | LR=4.3e-04
Epoch  57/100 | Steps:  44688 | α=1e-01 | Loss: 6.1091e-04 | BC: 2.3776e-05 | PDE: 5.8714e-03 | Val: 3.3574e-05 | Test: 2.8574e-05 | LR=4.1e-04
Epoch  58/100 | Steps:  45472 | α=1e-01 | Loss: 5.9679e-04 | BC: 2.6077e-05 | PDE: 5.7071e-03 | Val: 4.0882e-05 | Test: 3.0536e-05 | LR=4.0e-04
Epoch  59/100 | Steps:  46256 | α=1e-01 | Loss: 5.5196e-04 | BC: 2.1771e-05 | PDE: 5.3019e-03 | Val: 9.3562e-06 | Test: 5.5100e-06 | LR=3.8e-04
Epoch  60/100 | Steps:  47040 | α=1e-01 | Loss: 5.3088e-04 | BC: 2.4406e-05 | PDE: 5.0647e-03 | Val: 2.0342e-05 | Test: 9.7455e-06 | LR=3.7e-04
Epoch  61/100 | Steps:  47824 | α=1e-01 | Loss: 5.0859e-04 | BC: 2.5582e-05 | PDE: 4.8301e-03 | Val: 3.1773e-05 | Test: 2.0568e-05 | LR=3.5e-04
Epoch  62/100 | Steps:  48608 | α=1e-01 | Loss: 4.6733e-04 | BC: 1.8209e-05 | PDE: 4.4912e-03 | Val: 9.6830e-06 | Test: 8.6517e-06 | LR=3.4e-04
Epoch  63/100 | Steps:  49392 | α=1e-01 | Loss: 4.7243e-04 | BC: 2.1249e-05 | PDE: 4.5118e-03 | Val: 6.0803e-06 | Test: 1.3558e-05 | LR=3.2e-04
Epoch  64/100 | Steps:  50176 | α=1e-01 | Loss: 4.5746e-04 | BC: 1.9567e-05 | PDE: 4.3789e-03 | Val: 1.7705e-05 | Test: 1.9791e-05 | LR=3.1e-04
Epoch  65/100 | Steps:  50960 | α=1e-01 | Loss: 4.3754e-04 | BC: 1.6939e-05 | PDE: 4.2060e-03 | Val: 2.0869e-05 | Test: 2.0900e-05 | LR=2.9e-04
Epoch  66/100 | Steps:  51744 | α=1e-01 | Loss: 4.0203e-04 | BC: 1.4053e-05 | PDE: 3.8798e-03 | Val: 1.2852e-05 | Test: 8.6007e-06 | LR=2.8e-04
Epoch  67/100 | Steps:  52528 | α=1e-01 | Loss: 3.9773e-04 | BC: 1.5698e-05 | PDE: 3.8203e-03 | Val: 9.4621e-06 | Test: 8.6045e-06 | LR=2.7e-04
Epoch  68/100 | Steps:  53312 | α=1e-01 | Loss: 3.6145e-04 | BC: 1.3177e-05 | PDE: 3.4828e-03 | Val: 1.0603e-05 | Test: 9.7883e-06 | LR=2.5e-04
Epoch  69/100 | Steps:  54096 | α=1e-01 | Loss: 3.6649e-04 | BC: 1.2851e-05 | PDE: 3.5364e-03 | Val: 1.2875e-05 | Test: 9.0396e-06 | LR=2.4e-04
Epoch  70/100 | Steps:  54880 | α=1e-01 | Loss: 3.4331e-04 | BC: 1.2117e-05 | PDE: 3.3119e-03 | Val: 3.9739e-06 | Test: 4.4371e-06 | LR=2.3e-04
Epoch  71/100 | Steps:  55664 | α=1e-01 | Loss: 3.4257e-04 | BC: 1.2856e-05 | PDE: 3.2971e-03 | Val: 8.6754e-06 | Test: 5.7034e-06 | LR=2.1e-04
Epoch  72/100 | Steps:  56448 | α=1e-01 | Loss: 3.3586e-04 | BC: 1.1885e-05 | PDE: 3.2398e-03 | Val: 2.9944e-05 | Test: 2.4855e-05 | LR=2.0e-04
Epoch  73/100 | Steps:  57232 | α=1e-01 | Loss: 3.1294e-04 | BC: 1.1308e-05 | PDE: 3.0163e-03 | Val: 1.8204e-05 | Test: 1.0621e-05 | LR=1.9e-04
Epoch  74/100 | Steps:  58016 | α=1e-01 | Loss: 3.0811e-04 | BC: 9.3721e-06 | PDE: 2.9874e-03 | Val: 2.6304e-06 | Test: 4.2283e-06 | LR=1.8e-04
Epoch  75/100 | Steps:  58800 | α=1e-01 | Loss: 2.9018e-04 | BC: 7.9156e-06 | PDE: 2.8227e-03 | Val: 5.5350e-06 | Test: 3.9553e-06 | LR=1.7e-04
Epoch  76/100 | Steps:  59584 | α=1e-01 | Loss: 2.9143e-04 | BC: 1.0226e-05 | PDE: 2.8120e-03 | Val: 4.9366e-06 | Test: 6.8796e-06 | LR=1.5e-04
Epoch  77/100 | Steps:  60368 | α=1e-01 | Loss: 2.7335e-04 | BC: 7.6025e-06 | PDE: 2.6575e-03 | Val: 2.4050e-06 | Test: 4.9596e-06 | LR=1.4e-04
Epoch  78/100 | Steps:  61152 | α=1e-01 | Loss: 2.6669e-04 | BC: 6.5954e-06 | PDE: 2.6010e-03 | Val: 4.3220e-06 | Test: 3.8395e-06 | LR=1.3e-04
Epoch  79/100 | Steps:  61936 | α=1e-01 | Loss: 2.6778e-04 | BC: 6.6788e-06 | PDE: 2.6110e-03 | Val: 1.9292e-06 | Test: 1.8465e-06 | LR=1.2e-04
Epoch  80/100 | Steps:  62720 | α=1e-01 | Loss: 2.5886e-04 | BC: 6.1018e-06 | PDE: 2.5275e-03 | Val: 4.2311e-06 | Test: 5.4125e-06 | LR=1.1e-04
Epoch  81/100 | Steps:  63504 | α=1e-01 | Loss: 2.5584e-04 | BC: 5.8748e-06 | PDE: 2.4997e-03 | Val: 5.3615e-06 | Test: 4.0373e-06 | LR=1.0e-04
Epoch  82/100 | Steps:  64288 | α=1e-01 | Loss: 2.5055e-04 | BC: 4.6331e-06 | PDE: 2.4592e-03 | Val: 1.9796e-06 | Test: 1.8885e-06 | LR=9.6e-05
Epoch  83/100 | Steps:  65072 | α=1e-01 | Loss: 2.3572e-04 | BC: 4.1913e-06 | PDE: 2.3153e-03 | Val: 2.4894e-06 | Test: 3.1288e-06 | LR=8.7e-05
Epoch  84/100 | Steps:  65856 | α=1e-01 | Loss: 2.3502e-04 | BC: 5.4484e-06 | PDE: 2.2957e-03 | Val: 1.4472e-05 | Test: 1.1281e-05 | LR=7.9e-05
Epoch  85/100 | Steps:  66640 | α=1e-01 | Loss: 2.3657e-04 | BC: 3.5724e-06 | PDE: 2.3300e-03 | Val: 1.4645e-06 | Test: 1.6982e-06 | LR=7.1e-05 *
Epoch  86/100 | Steps:  67424 | α=1e-01 | Loss: 2.3202e-04 | BC: 4.0696e-06 | PDE: 2.2795e-03 | Val: 1.6606e-06 | Test: 1.8623e-06 | LR=6.4e-05
Epoch  87/100 | Steps:  68208 | α=1e-01 | Loss: 2.2123e-04 | BC: 3.1061e-06 | PDE: 2.1812e-03 | Val: 1.4977e-06 | Test: 1.6402e-06 | LR=5.7e-05
Epoch  88/100 | Steps:  68992 | α=1e-01 | Loss: 2.2335e-04 | BC: 3.1336e-06 | PDE: 2.2021e-03 | Val: 3.1193e-06 | Test: 2.0617e-06 | LR=5.1e-05
Epoch  89/100 | Steps:  69776 | α=1e-01 | Loss: 2.1801e-04 | BC: 3.2395e-06 | PDE: 2.1477e-03 | Val: 3.2241e-06 | Test: 2.2475e-06 | LR=4.5e-05
Epoch  90/100 | Steps:  70560 | α=1e-01 | Loss: 2.2226e-04 | BC: 2.3176e-06 | PDE: 2.1994e-03 | Val: 2.1585e-06 | Test: 2.1669e-06 | LR=3.9e-05
Epoch  91/100 | Steps:  71344 | α=1e-01 | Loss: 2.1323e-04 | BC: 2.1699e-06 | PDE: 2.1106e-03 | Val: 5.4280e-06 | Test: 4.0286e-06 | LR=3.4e-05
Epoch  92/100 | Steps:  72128 | α=1e-01 | Loss: 2.1700e-04 | BC: 2.2492e-06 | PDE: 2.1475e-03 | Val: 9.3052e-07 | Test: 1.1663e-06 | LR=3.0e-05 *
Epoch  93/100 | Steps:  72912 | α=1e-01 | Loss: 2.0876e-04 | BC: 1.7783e-06 | PDE: 2.0698e-03 | Val: 1.2903e-06 | Test: 1.3448e-06 | LR=2.6e-05
Epoch  94/100 | Steps:  73696 | α=1e-01 | Loss: 2.0805e-04 | BC: 1.9936e-06 | PDE: 2.0606e-03 | Val: 1.0966e-06 | Test: 2.0068e-06 | LR=2.2e-05
Epoch  95/100 | Steps:  74480 | α=1e-01 | Loss: 1.9979e-04 | BC: 1.3752e-06 | PDE: 1.9842e-03 | Val: 1.9651e-06 | Test: 2.4029e-06 | LR=1.9e-05
Epoch  96/100 | Steps:  75264 | α=1e-01 | Loss: 2.0373e-04 | BC: 1.3095e-06 | PDE: 2.0242e-03 | Val: 7.7794e-07 | Test: 1.4401e-06 | LR=1.6e-05 *
Epoch  97/100 | Steps:  76048 | α=1e-01 | Loss: 2.0482e-04 | BC: 1.2179e-06 | PDE: 2.0361e-03 | Val: 1.0846e-06 | Test: 1.3546e-06 | LR=1.4e-05
Epoch  98/100 | Steps:  76832 | α=1e-01 | Loss: 2.0233e-04 | BC: 1.1513e-06 | PDE: 2.0118e-03 | Val: 2.0850e-06 | Test: 1.8830e-06 | LR=1.2e-05
Epoch  99/100 | Steps:  77616 | α=1e-01 | Loss: 2.0352e-04 | BC: 1.1168e-06 | PDE: 2.0240e-03 | Val: 7.4268e-07 | Test: 1.3462e-06 | LR=1.1e-05 *
Epoch 100/100 | Steps:  78400 | α=1e-01 | Loss: 1.9942e-04 | BC: 1.0459e-06 | PDE: 1.9838e-03 | Val: 1.5547e-06 | Test: 1.5977e-06 | LR=1.0e-05

Restored best model from epoch 99 (val_loss: 7.4268e-07, test_loss: 1.3462e-06)
Best checkpoint saved to: outputs/expr_6_2/aronsson_disc/l2/checkpoints/best_model.pt
Final checkpoint saved to: outputs/expr_6_2/aronsson_disc/l2/checkpoints/final_model.pt
Training completed in 562.48s (78,400 total steps)

Final Test MSE: 1.5977e-06
Inference (per point): 4.9438e-05s | (full domain): 4.5805e-05s
Saved plot to outputs/expr_6_2/aronsson_disc/l2/plots/results.png
