
============================================================
Running Example: aronsson_disc
============================================================

Generated full disc domain data:
  Boundary points: 10,000
  Interior points: 783,764
  Test points: 7,668
Re-sampling enabled: ~783,764 interior points per epoch

Splitting data: 80% train, 20% validation
  BC: 8,000 train, 2,000 val
  Interior: 627,011 train, 156,753 val

Model: InfinityLaplacianPINN
  Hidden layers: [128, 128, 128, 128]
  Activation: tanh
  η: 1e-05 (normalized)
  Residual clipping: [-10.0, 10.0]
  Outlier removal: top 2.0%
  Parameters: 50,049

Training configuration:
  Boundary points (train): 8,000 -> 20 batches of 400
  Interior points (train): 783,764 -> 784 batches of 1000
  Interior sampling: RE-SAMPLE each epoch
  Boundary points (val): 2,000
  Validation loss: BC only
  Steps per epoch: 784
  Total steps: 78,400
  Epochs: 100
  Loss balancing: AlphaPlateauScheduler
  LR scheduler: cosine (LR: 1.0e-03 -> 1.0e-05)

/usr/local/lib/python3.12/dist-packages/torch/autograd/graph.py:824: UserWarning: Attempting to run cuBLAS, but there was no current CUDA context! Attempting to set the primary context... (Triggered internally at /opt/pytorch/pytorch/aten/src/ATen/cuda/CublasHandlePool.cpp:181.)
  return Variable._execution_engine.run_backward(  # Calls into the C++ engine to run the backward pass
Epoch   1/100 | Steps:    784 | α=1e-05 | Loss: 2.6147e-02 | BC: 2.6102e-02 | PDE: 4.5455e+00 | Val: 5.9306e-04 | Test: 6.0736e-02 | LR=1.0e-03 *
Epoch   2/100 | Steps:   1568 | α=1e-05 | Loss: 2.5032e-04 | BC: 2.2746e-04 | PDE: 2.2857e+00 | Val: 8.7579e-05 | Test: 2.6353e-02 | LR=1.0e-03 *
Epoch   3/100 | Steps:   2352 | α=1e-05 | Loss: 2.2751e-04 | BC: 2.1124e-04 | PDE: 1.6271e+00 | Val: 1.4042e-04 | Test: 1.2991e-02 | LR=1.0e-03
Epoch   4/100 | Steps:   3136 | α=1e-05 | Loss: 1.9732e-04 | BC: 1.8320e-04 | PDE: 1.4118e+00 | Val: 2.5073e-04 | Test: 7.8814e-03 | LR=1.0e-03
Epoch   5/100 | Steps:   3920 | α=1e-05 | Loss: 1.6938e-04 | BC: 1.5687e-04 | PDE: 1.2514e+00 | Val: 5.1399e-05 | Test: 4.7471e-03 | LR=1.0e-03 *
Epoch   6/100 | Steps:   4704 | α=1e-05 | Loss: 1.5429e-04 | BC: 1.4333e-04 | PDE: 1.0961e+00 | Val: 6.4273e-05 | Test: 3.0793e-03 | LR=9.9e-04
Epoch   7/100 | Steps:   5488 | α=1e-05 | Loss: 1.3116e-04 | BC: 1.2180e-04 | PDE: 9.3627e-01 | Val: 2.9174e-05 | Test: 3.1120e-03 | LR=9.9e-04 *
Epoch   8/100 | Steps:   6272 | α=1e-05 | Loss: 1.3297e-04 | BC: 1.2444e-04 | PDE: 8.5345e-01 | Val: 1.4448e-04 | Test: 2.4892e-03 | LR=9.9e-04
Epoch   9/100 | Steps:   7056 | α=1e-05 | Loss: 1.0731e-04 | BC: 9.8781e-05 | PDE: 8.5244e-01 | Val: 3.6297e-05 | Test: 2.9170e-03 | LR=9.8e-04
Epoch  10/100 | Steps:   7840 | α=1e-05 | Loss: 1.5648e-04 | BC: 1.4773e-04 | PDE: 8.7485e-01 | Val: 1.0044e-05 | Test: 2.7820e-03 | LR=9.8e-04 *
Epoch  11/100 | Steps:   8624 | α=1e-05 | Loss: 5.7178e-05 | BC: 4.8777e-05 | PDE: 8.4011e-01 | Val: 4.5980e-05 | Test: 2.3286e-03 | LR=9.8e-04
Epoch  12/100 | Steps:   9408 | α=1e-05 | Loss: 1.3477e-04 | BC: 1.2661e-04 | PDE: 8.1572e-01 | Val: 1.3957e-04 | Test: 2.8067e-03 | LR=9.7e-04
Epoch  13/100 | Steps:  10192 | α=1e-05 | Loss: 5.1788e-05 | BC: 4.3809e-05 | PDE: 7.9787e-01 | Val: 1.9961e-05 | Test: 2.4176e-03 | LR=9.7e-04
Epoch  14/100 | Steps:  10976 | α=1e-05 | Loss: 8.6497e-05 | BC: 7.8805e-05 | PDE: 7.6920e-01 | Val: 2.0055e-04 | Test: 1.4964e-03 | LR=9.6e-04
Epoch  15/100 | Steps:  11760 | α=1e-05 | Loss: 7.4998e-05 | BC: 6.7433e-05 | PDE: 7.5655e-01 | Val: 4.2083e-05 | Test: 1.9003e-03 | LR=9.5e-04

>>> Alpha increased: 1e-05 → 1e-04 (BC=7.1390e-05) <<<
Epoch  16/100 | Steps:  12544 | α=1e-04 | Loss: 7.8744e-05 | BC: 7.1390e-05 | PDE: 7.3538e-01 | Val: 1.9302e-05 | Test: 1.7592e-03 | LR=9.5e-04 *
Epoch  17/100 | Steps:  13328 | α=1e-04 | Loss: 1.3396e-04 | BC: 1.0574e-04 | PDE: 2.8228e-01 | Val: 1.1397e-05 | Test: 2.9390e-04 | LR=9.4e-04 *
Epoch  18/100 | Steps:  14112 | α=1e-04 | Loss: 8.3591e-05 | BC: 6.8980e-05 | PDE: 1.4610e-01 | Val: 1.9136e-05 | Test: 2.1911e-04 | LR=9.3e-04
Epoch  19/100 | Steps:  14896 | α=1e-04 | Loss: 8.2261e-05 | BC: 7.0080e-05 | PDE: 1.2181e-01 | Val: 1.3725e-05 | Test: 1.1837e-04 | LR=9.2e-04
Epoch  20/100 | Steps:  15680 | α=1e-04 | Loss: 6.9288e-05 | BC: 5.8970e-05 | PDE: 1.0317e-01 | Val: 5.6088e-05 | Test: 4.3460e-05 | LR=9.1e-04
Epoch  21/100 | Steps:  16464 | α=1e-04 | Loss: 7.2895e-05 | BC: 6.3740e-05 | PDE: 9.1550e-02 | Val: 6.5432e-06 | Test: 4.1189e-05 | LR=9.1e-04 *
Epoch  22/100 | Steps:  17248 | α=1e-04 | Loss: 5.4325e-05 | BC: 4.6337e-05 | PDE: 7.9887e-02 | Val: 1.2127e-04 | Test: 9.6708e-05 | LR=9.0e-04
Epoch  23/100 | Steps:  18032 | α=1e-04 | Loss: 6.2547e-05 | BC: 5.5394e-05 | PDE: 7.1520e-02 | Val: 5.2073e-06 | Test: 3.6233e-05 | LR=8.9e-04 *
Epoch  24/100 | Steps:  18816 | α=1e-04 | Loss: 5.5867e-05 | BC: 4.9559e-05 | PDE: 6.3080e-02 | Val: 8.7922e-05 | Test: 1.3700e-04 | LR=8.8e-04
Epoch  25/100 | Steps:  19600 | α=1e-04 | Loss: 5.3661e-05 | BC: 4.8278e-05 | PDE: 5.3826e-02 | Val: 2.7291e-06 | Test: 3.4219e-05 | LR=8.7e-04 *
Epoch  26/100 | Steps:  20384 | α=1e-04 | Loss: 4.9629e-05 | BC: 4.4905e-05 | PDE: 4.7243e-02 | Val: 2.0292e-05 | Test: 4.2232e-05 | LR=8.6e-04

>>> Alpha increased: 1e-04 → 1e-03 (BC=4.1940e-05) <<<
Epoch  27/100 | Steps:  21168 | α=1e-03 | Loss: 4.6108e-05 | BC: 4.1940e-05 | PDE: 4.1679e-02 | Val: 1.7219e-05 | Test: 4.1963e-05 | LR=8.4e-04 *
Epoch  28/100 | Steps:  21952 | α=1e-03 | Loss: 7.5000e-05 | BC: 5.1356e-05 | PDE: 2.3644e-02 | Val: 4.2707e-05 | Test: 3.1388e-05 | LR=8.3e-04
Epoch  29/100 | Steps:  22736 | α=1e-03 | Loss: 5.1712e-05 | BC: 3.3650e-05 | PDE: 1.8062e-02 | Val: 6.8782e-05 | Test: 4.1544e-05 | LR=8.2e-04
Epoch  30/100 | Steps:  23520 | α=1e-03 | Loss: 5.8693e-05 | BC: 4.3447e-05 | PDE: 1.5246e-02 | Val: 2.0629e-06 | Test: 6.6679e-06 | LR=8.1e-04 *
Epoch  31/100 | Steps:  24304 | α=1e-03 | Loss: 5.4605e-05 | BC: 4.1577e-05 | PDE: 1.3028e-02 | Val: 3.7983e-06 | Test: 4.6428e-06 | LR=8.0e-04
Epoch  32/100 | Steps:  25088 | α=1e-03 | Loss: 3.9792e-05 | BC: 2.8938e-05 | PDE: 1.0854e-02 | Val: 4.5789e-06 | Test: 6.2378e-06 | LR=7.8e-04
Epoch  33/100 | Steps:  25872 | α=1e-03 | Loss: 3.8020e-05 | BC: 2.8627e-05 | PDE: 9.3930e-03 | Val: 3.1604e-06 | Test: 4.0311e-06 | LR=7.7e-04
Epoch  34/100 | Steps:  26656 | α=1e-03 | Loss: 3.4959e-05 | BC: 2.6963e-05 | PDE: 7.9958e-03 | Val: 4.6144e-06 | Test: 4.2795e-06 | LR=7.6e-04
Epoch  35/100 | Steps:  27440 | α=1e-03 | Loss: 3.3867e-05 | BC: 2.6818e-05 | PDE: 7.0487e-03 | Val: 8.2569e-06 | Test: 9.8598e-06 | LR=7.4e-04
Epoch  36/100 | Steps:  28224 | α=1e-03 | Loss: 3.7131e-05 | BC: 3.0759e-05 | PDE: 6.3718e-03 | Val: 1.7500e-05 | Test: 1.1732e-05 | LR=7.3e-04

>>> Alpha increased: 1e-03 → 1e-02 (BC=2.4365e-05) <<<
Epoch  37/100 | Steps:  29008 | α=1e-02 | Loss: 3.0004e-05 | BC: 2.4365e-05 | PDE: 5.6392e-03 | Val: 9.8451e-06 | Test: 9.9530e-06 | LR=7.2e-04 *
Epoch  38/100 | Steps:  29792 | α=1e-02 | Loss: 1.0626e-04 | BC: 4.6040e-05 | PDE: 6.0223e-03 | Val: 3.8833e-05 | Test: 2.4397e-05 | LR=7.0e-04
Epoch  39/100 | Steps:  30576 | α=1e-02 | Loss: 6.9678e-05 | BC: 2.5522e-05 | PDE: 4.4157e-03 | Val: 2.0291e-05 | Test: 3.4779e-05 | LR=6.9e-04
Epoch  40/100 | Steps:  31360 | α=1e-02 | Loss: 7.7339e-05 | BC: 3.6249e-05 | PDE: 4.1090e-03 | Val: 1.8537e-05 | Test: 1.3041e-05 | LR=6.7e-04
Epoch  41/100 | Steps:  32144 | α=1e-02 | Loss: 5.3943e-05 | BC: 2.2426e-05 | PDE: 3.1517e-03 | Val: 1.4257e-05 | Test: 1.1500e-05 | LR=6.6e-04
Epoch  42/100 | Steps:  32928 | α=1e-02 | Loss: 5.6763e-05 | BC: 2.5497e-05 | PDE: 3.1266e-03 | Val: 5.4847e-06 | Test: 1.2847e-05 | LR=6.4e-04 *
Epoch  43/100 | Steps:  33712 | α=1e-02 | Loss: 5.7159e-05 | BC: 2.8315e-05 | PDE: 2.8845e-03 | Val: 1.3148e-05 | Test: 2.6538e-05 | LR=6.3e-04
Epoch  44/100 | Steps:  34496 | α=1e-02 | Loss: 3.8372e-05 | BC: 1.7663e-05 | PDE: 2.0708e-03 | Val: 3.1423e-06 | Test: 3.6696e-06 | LR=6.1e-04 *
Epoch  45/100 | Steps:  35280 | α=1e-02 | Loss: 3.9729e-05 | BC: 1.9148e-05 | PDE: 2.0581e-03 | Val: 2.3626e-05 | Test: 1.8163e-05 | LR=6.0e-04
Epoch  46/100 | Steps:  36064 | α=1e-02 | Loss: 3.9816e-05 | BC: 2.0516e-05 | PDE: 1.9300e-03 | Val: 1.4192e-05 | Test: 2.4987e-05 | LR=5.8e-04
Epoch  47/100 | Steps:  36848 | α=1e-02 | Loss: 3.3272e-05 | BC: 1.6833e-05 | PDE: 1.6439e-03 | Val: 1.1091e-05 | Test: 9.2197e-06 | LR=5.7e-04
Epoch  48/100 | Steps:  37632 | α=1e-02 | Loss: 3.8579e-05 | BC: 2.1755e-05 | PDE: 1.6824e-03 | Val: 1.0268e-05 | Test: 9.6194e-06 | LR=5.5e-04
Epoch  49/100 | Steps:  38416 | α=1e-02 | Loss: 2.7012e-05 | BC: 1.2532e-05 | PDE: 1.4480e-03 | Val: 1.1663e-05 | Test: 7.6235e-06 | LR=5.4e-04
Epoch  50/100 | Steps:  39200 | α=1e-02 | Loss: 2.9591e-05 | BC: 1.5716e-05 | PDE: 1.3875e-03 | Val: 8.8693e-06 | Test: 1.0989e-05 | LR=5.2e-04
Epoch  51/100 | Steps:  39984 | α=1e-02 | Loss: 2.7642e-05 | BC: 1.3987e-05 | PDE: 1.3656e-03 | Val: 1.1293e-05 | Test: 6.8083e-06 | LR=5.1e-04
Epoch  52/100 | Steps:  40768 | α=1e-02 | Loss: 2.5658e-05 | BC: 1.3484e-05 | PDE: 1.2174e-03 | Val: 1.2675e-05 | Test: 9.4377e-06 | LR=4.9e-04
Epoch  53/100 | Steps:  41552 | α=1e-02 | Loss: 2.5797e-05 | BC: 1.2963e-05 | PDE: 1.2834e-03 | Val: 4.4578e-06 | Test: 3.7220e-06 | LR=4.7e-04

>>> Alpha increased: 1e-02 → 1e-01 (BC=1.1285e-05) <<<
Epoch  54/100 | Steps:  42336 | α=1e-01 | Loss: 2.2014e-05 | BC: 1.1285e-05 | PDE: 1.0729e-03 | Val: 9.6352e-06 | Test: 9.3675e-06 | LR=4.6e-04 *
Epoch  55/100 | Steps:  43120 | α=1e-01 | Loss: 1.5456e-03 | BC: 3.6573e-04 | PDE: 1.1799e-02 | Val: 1.4343e-05 | Test: 1.3194e-05 | LR=4.4e-04
Epoch  56/100 | Steps:  43904 | α=1e-01 | Loss: 1.4073e-04 | BC: 1.7659e-05 | PDE: 1.2307e-03 | Val: 1.0475e-05 | Test: 1.8210e-05 | LR=4.3e-04
Epoch  57/100 | Steps:  44688 | α=1e-01 | Loss: 1.8924e-04 | BC: 2.8399e-05 | PDE: 1.6084e-03 | Val: 1.9552e-05 | Test: 1.8340e-05 | LR=4.1e-04
Epoch  58/100 | Steps:  45472 | α=1e-01 | Loss: 2.5533e-04 | BC: 4.6626e-05 | PDE: 2.0871e-03 | Val: 1.6235e-05 | Test: 2.6179e-05 | LR=4.0e-04
Epoch  59/100 | Steps:  46256 | α=1e-01 | Loss: 1.6265e-04 | BC: 2.8827e-05 | PDE: 1.3382e-03 | Val: 2.0285e-05 | Test: 2.7392e-05 | LR=3.8e-04
Epoch  60/100 | Steps:  47040 | α=1e-01 | Loss: 1.8978e-04 | BC: 2.8617e-05 | PDE: 1.6116e-03 | Val: 1.2991e-05 | Test: 1.1456e-05 | LR=3.7e-04
Epoch  61/100 | Steps:  47824 | α=1e-01 | Loss: 1.3089e-04 | BC: 2.2016e-05 | PDE: 1.0887e-03 | Val: 7.0780e-06 | Test: 3.2184e-06 | LR=3.5e-04 *
Epoch  62/100 | Steps:  48608 | α=1e-01 | Loss: 1.2379e-04 | BC: 2.0066e-05 | PDE: 1.0373e-03 | Val: 4.1533e-06 | Test: 4.8418e-06 | LR=3.4e-04 *
Epoch  63/100 | Steps:  49392 | α=1e-01 | Loss: 1.1928e-04 | BC: 1.9901e-05 | PDE: 9.9376e-04 | Val: 1.0894e-05 | Test: 6.7549e-06 | LR=3.2e-04
Epoch  64/100 | Steps:  50176 | α=1e-01 | Loss: 1.2622e-04 | BC: 2.2692e-05 | PDE: 1.0353e-03 | Val: 2.1995e-05 | Test: 1.2185e-05 | LR=3.1e-04
Epoch  65/100 | Steps:  50960 | α=1e-01 | Loss: 1.5272e-04 | BC: 2.2956e-05 | PDE: 1.2976e-03 | Val: 8.5088e-06 | Test: 1.5936e-05 | LR=2.9e-04
Epoch  66/100 | Steps:  51744 | α=1e-01 | Loss: 1.2056e-04 | BC: 1.9446e-05 | PDE: 1.0111e-03 | Val: 2.0728e-05 | Test: 9.3111e-06 | LR=2.8e-04
Epoch  67/100 | Steps:  52528 | α=1e-01 | Loss: 2.4422e-04 | BC: 4.8981e-05 | PDE: 1.9524e-03 | Val: 4.3613e-06 | Test: 3.4027e-06 | LR=2.7e-04
Epoch  68/100 | Steps:  53312 | α=1e-01 | Loss: 9.9007e-05 | BC: 1.4041e-05 | PDE: 8.4966e-04 | Val: 3.4060e-06 | Test: 4.7912e-06 | LR=2.5e-04 *
Epoch  69/100 | Steps:  54096 | α=1e-01 | Loss: 8.0567e-05 | BC: 1.0679e-05 | PDE: 6.9887e-04 | Val: 1.5003e-05 | Test: 1.1623e-05 | LR=2.4e-04
Epoch  70/100 | Steps:  54880 | α=1e-01 | Loss: 7.0593e-05 | BC: 9.4769e-06 | PDE: 6.1116e-04 | Val: 6.1270e-06 | Test: 6.5090e-06 | LR=2.3e-04
Epoch  71/100 | Steps:  55664 | α=1e-01 | Loss: 7.5678e-05 | BC: 1.1577e-05 | PDE: 6.4100e-04 | Val: 2.0918e-05 | Test: 3.6245e-05 | LR=2.1e-04
Epoch  72/100 | Steps:  56448 | α=1e-01 | Loss: 6.2923e-05 | BC: 9.3469e-06 | PDE: 5.3576e-04 | Val: 5.8894e-06 | Test: 4.8633e-06 | LR=2.0e-04
Epoch  73/100 | Steps:  57232 | α=1e-01 | Loss: 7.5872e-05 | BC: 1.1789e-05 | PDE: 6.4082e-04 | Val: 1.8479e-05 | Test: 9.0788e-06 | LR=1.9e-04
Epoch  74/100 | Steps:  58016 | α=1e-01 | Loss: 6.7610e-05 | BC: 1.0564e-05 | PDE: 5.7046e-04 | Val: 3.1540e-06 | Test: 3.7831e-06 | LR=1.8e-04 *
Epoch  75/100 | Steps:  58800 | α=1e-01 | Loss: 4.9237e-05 | BC: 7.5332e-06 | PDE: 4.1704e-04 | Val: 1.8401e-06 | Test: 1.9141e-06 | LR=1.7e-04 *
Epoch  76/100 | Steps:  59584 | α=1e-01 | Loss: 5.4742e-05 | BC: 7.8870e-06 | PDE: 4.6855e-04 | Val: 6.8045e-06 | Test: 2.3278e-05 | LR=1.5e-04
Epoch  77/100 | Steps:  60368 | α=1e-01 | Loss: 4.4658e-05 | BC: 6.6890e-06 | PDE: 3.7969e-04 | Val: 1.9976e-06 | Test: 1.9358e-06 | LR=1.4e-04
Epoch  78/100 | Steps:  61152 | α=1e-01 | Loss: 4.0598e-05 | BC: 5.9282e-06 | PDE: 3.4670e-04 | Val: 4.7971e-06 | Test: 2.8321e-06 | LR=1.3e-04
Epoch  79/100 | Steps:  61936 | α=1e-01 | Loss: 3.8729e-05 | BC: 5.2691e-06 | PDE: 3.3460e-04 | Val: 1.4177e-06 | Test: 8.3129e-07 | LR=1.2e-04 *
Epoch  80/100 | Steps:  62720 | α=1e-01 | Loss: 3.5078e-05 | BC: 4.7077e-06 | PDE: 3.0370e-04 | Val: 5.5730e-06 | Test: 3.5984e-06 | LR=1.1e-04
Epoch  81/100 | Steps:  63504 | α=1e-01 | Loss: 3.0107e-05 | BC: 3.7240e-06 | PDE: 2.6383e-04 | Val: 3.1706e-06 | Test: 4.0185e-06 | LR=1.0e-04
Epoch  82/100 | Steps:  64288 | α=1e-01 | Loss: 2.9082e-05 | BC: 3.7906e-06 | PDE: 2.5291e-04 | Val: 5.1923e-06 | Test: 2.9023e-06 | LR=9.6e-05
Epoch  83/100 | Steps:  65072 | α=1e-01 | Loss: 2.6117e-05 | BC: 3.0838e-06 | PDE: 2.3033e-04 | Val: 1.1008e-06 | Test: 1.2539e-06 | LR=8.7e-05 *
Epoch  84/100 | Steps:  65856 | α=1e-01 | Loss: 2.3819e-05 | BC: 2.9481e-06 | PDE: 2.0871e-04 | Val: 1.3348e-06 | Test: 8.1467e-07 | LR=7.9e-05
Epoch  85/100 | Steps:  66640 | α=1e-01 | Loss: 3.8230e-05 | BC: 6.0527e-06 | PDE: 3.2177e-04 | Val: 1.2220e-06 | Test: 1.7127e-06 | LR=7.1e-05
Epoch  86/100 | Steps:  67424 | α=1e-01 | Loss: 2.0885e-05 | BC: 2.2478e-06 | PDE: 1.8637e-04 | Val: 2.3508e-06 | Test: 3.4709e-06 | LR=6.4e-05
Epoch  87/100 | Steps:  68208 | α=1e-01 | Loss: 2.1848e-05 | BC: 2.3594e-06 | PDE: 1.9488e-04 | Val: 5.1207e-07 | Test: 4.6331e-07 | LR=5.7e-05 *
Epoch  88/100 | Steps:  68992 | α=1e-01 | Loss: 1.8661e-05 | BC: 1.7669e-06 | PDE: 1.6894e-04 | Val: 1.4694e-06 | Test: 1.4840e-06 | LR=5.1e-05
Epoch  89/100 | Steps:  69776 | α=1e-01 | Loss: 1.5750e-05 | BC: 1.4057e-06 | PDE: 1.4344e-04 | Val: 1.5439e-06 | Test: 1.4334e-06 | LR=4.5e-05
Epoch  90/100 | Steps:  70560 | α=1e-01 | Loss: 1.7547e-05 | BC: 1.6432e-06 | PDE: 1.5904e-04 | Val: 4.3956e-07 | Test: 8.1990e-07 | LR=3.9e-05 *
Epoch  91/100 | Steps:  71344 | α=1e-01 | Loss: 1.4942e-05 | BC: 1.3413e-06 | PDE: 1.3601e-04 | Val: 9.2552e-07 | Test: 1.2416e-06 | LR=3.4e-05
Epoch  92/100 | Steps:  72128 | α=1e-01 | Loss: 1.4794e-05 | BC: 1.2362e-06 | PDE: 1.3558e-04 | Val: 4.6179e-07 | Test: 6.4976e-07 | LR=3.0e-05
Epoch  93/100 | Steps:  72912 | α=1e-01 | Loss: 1.9173e-05 | BC: 2.1851e-06 | PDE: 1.6988e-04 | Val: 6.4389e-07 | Test: 8.8032e-07 | LR=2.6e-05
Epoch  94/100 | Steps:  73696 | α=1e-01 | Loss: 1.1207e-05 | BC: 6.7661e-07 | PDE: 1.0530e-04 | Val: 3.9236e-07 | Test: 5.4165e-07 | LR=2.2e-05 *
Epoch  95/100 | Steps:  74480 | α=1e-01 | Loss: 1.0425e-05 | BC: 5.8831e-07 | PDE: 9.8370e-05 | Val: 7.6327e-07 | Test: 7.1967e-07 | LR=1.9e-05
Epoch  96/100 | Steps:  75264 | α=1e-01 | Loss: 1.0174e-05 | BC: 5.0203e-07 | PDE: 9.6715e-05 | Val: 5.3327e-07 | Test: 5.9267e-07 | LR=1.6e-05
Epoch  97/100 | Steps:  76048 | α=1e-01 | Loss: 1.1075e-05 | BC: 5.9497e-07 | PDE: 1.0480e-04 | Val: 8.5640e-07 | Test: 1.0440e-06 | LR=1.4e-05
Epoch  98/100 | Steps:  76832 | α=1e-01 | Loss: 9.3806e-06 | BC: 4.1500e-07 | PDE: 8.9656e-05 | Val: 2.6848e-07 | Test: 4.7700e-07 | LR=1.2e-05 *
Epoch  99/100 | Steps:  77616 | α=1e-01 | Loss: 1.0102e-05 | BC: 5.1468e-07 | PDE: 9.5874e-05 | Val: 5.4738e-07 | Test: 6.3373e-07 | LR=1.1e-05
Epoch 100/100 | Steps:  78400 | α=1e-01 | Loss: 9.7008e-06 | BC: 5.0807e-07 | PDE: 9.1927e-05 | Val: 4.7802e-07 | Test: 6.2632e-07 | LR=1.0e-05

Restored best model from epoch 98 (val_loss: 2.6848e-07, test_loss: 4.7700e-07)
Best checkpoint saved to: outputs/expr_7_1/aronsson_disc/normal/checkpoints/best_model.pt
Final checkpoint saved to: outputs/expr_7_1/aronsson_disc/normal/checkpoints/final_model.pt
Training completed in 904.98s (78,400 total steps)

Final Test MSE: 6.2632e-07
Inference (per point): 7.8554e-05s | (full domain): 7.6082e-05s
Saved .npz files to outputs/expr_7_1/aronsson_disc/normal/npy/
Saved plot to outputs/expr_7_1/aronsson_disc/normal/plots/results.png
