
============================================================
p-Laplacian Aronsson Example
============================================================

Generated full domain data:
  Boundary points: 40,000
  Interior points: 1,000,000
  Test points: 10,000
Re-sampling enabled: ~1,000,000 interior points per epoch

Splitting data: 80% train, 20% validation
  BC: 32,000 train, 8,000 val
  Interior: 800,000 train, 200,000 val

Loading checkpoint: outputs/expr_7_2_iter/p150to500_square/fix_alpha_band1_1e-5/checkpoints/best_model_p500.pt

Model: PLaplacianPINN on Square [-1,1]²
  Hidden layers: [128, 128, 128, 128], activation: tanh
  η=1e-05, clip_residual=100.0, clip_grad_norm=1.0
  Outlier removal: top 2.0%
  Parameters: 50,049

Iterative Training Schedule:
  p values: [600, 700, 800, 900, 1000]
  Epochs per p: 20


============================================================
Stage 1/5: Training with p=600
============================================================

Training configuration:
  Boundary points (train): 32,000 -> 80 batches of 400
  Interior points (train): 1,000,000 -> 1000 batches of 1000
  Interior sampling: RE-SAMPLE each epoch
  Boundary points (val): 8,000
  Validation loss: BC only
  Steps per epoch: 1,000
  Total steps: 20,000
  Epochs: 20
  Loss balancing: FixedAlphaSchedule
  LR scheduler: None (constant LR=1.0e-05)

/usr/local/lib/python3.12/dist-packages/torch/autograd/graph.py:824: UserWarning: Attempting to run cuBLAS, but there was no current CUDA context! Attempting to set the primary context... (Triggered internally at /opt/pytorch/pytorch/aten/src/ATen/cuda/CublasHandlePool.cpp:181.)
  return Variable._execution_engine.run_backward(  # Calls into the C++ engine to run the backward pass
Epoch   1/20 | Steps:   1000 | α=1e-05 | Loss: 1.6927e-04 | BC: 5.8502e-06 | PDE: 1.6342e+01 | Val: 4.3331e-06 | Test: 6.1847e-06 |  *
Epoch   2/20 | Steps:   2000 | α=1e-05 | Loss: 1.4673e-04 | BC: 4.4254e-06 | PDE: 1.4230e+01 | Val: 5.2522e-06 | Test: 6.7503e-06 | 
Epoch   3/20 | Steps:   3000 | α=1e-05 | Loss: 1.5991e-04 | BC: 4.0326e-06 | PDE: 1.5588e+01 | Val: 4.2455e-06 | Test: 5.7248e-06 |  *
Epoch   4/20 | Steps:   4000 | α=1e-05 | Loss: 1.5121e-04 | BC: 3.8673e-06 | PDE: 1.4734e+01 | Val: 3.1313e-06 | Test: 4.9129e-06 |  *
Epoch   5/20 | Steps:   5000 | α=1e-05 | Loss: 1.4572e-04 | BC: 3.8641e-06 | PDE: 1.4186e+01 | Val: 3.6305e-06 | Test: 5.1066e-06 | 
Epoch   6/20 | Steps:   6000 | α=1e-05 | Loss: 1.5879e-04 | BC: 4.2101e-06 | PDE: 1.5458e+01 | Val: 4.3399e-06 | Test: 5.9751e-06 | 
Epoch   7/20 | Steps:   7000 | α=1e-05 | Loss: 1.6450e-04 | BC: 3.6395e-06 | PDE: 1.6086e+01 | Val: 3.9571e-06 | Test: 5.6704e-06 | 
Epoch   8/20 | Steps:   8000 | α=1e-05 | Loss: 1.8365e-04 | BC: 3.6904e-06 | PDE: 1.7996e+01 | Val: 5.0415e-06 | Test: 6.4656e-06 | 
Epoch   9/20 | Steps:   9000 | α=1e-05 | Loss: 1.5354e-04 | BC: 3.3936e-06 | PDE: 1.5014e+01 | Val: 2.7055e-06 | Test: 4.4835e-06 |  *
Epoch  10/20 | Steps:  10000 | α=1e-05 | Loss: 1.6151e-04 | BC: 3.1440e-06 | PDE: 1.5837e+01 | Val: 3.2423e-06 | Test: 5.0466e-06 | 
Epoch  11/20 | Steps:  11000 | α=1e-05 | Loss: 1.6402e-04 | BC: 3.2344e-06 | PDE: 1.6079e+01 | Val: 2.8122e-06 | Test: 4.6994e-06 | 
Epoch  12/20 | Steps:  12000 | α=1e-05 | Loss: 1.6783e-04 | BC: 3.3006e-06 | PDE: 1.6453e+01 | Val: 2.8620e-06 | Test: 4.4489e-06 | 
Epoch  13/20 | Steps:  13000 | α=1e-05 | Loss: 1.3965e-04 | BC: 3.4005e-06 | PDE: 1.3625e+01 | Val: 3.0272e-06 | Test: 4.7738e-06 | 
Epoch  14/20 | Steps:  14000 | α=1e-05 | Loss: 1.7146e-04 | BC: 3.1721e-06 | PDE: 1.6829e+01 | Val: 3.8079e-06 | Test: 4.8971e-06 | 
Epoch  15/20 | Steps:  15000 | α=1e-05 | Loss: 1.4656e-04 | BC: 3.7235e-06 | PDE: 1.4284e+01 | Val: 2.4671e-06 | Test: 4.4479e-06 |  *
Epoch  16/20 | Steps:  16000 | α=1e-05 | Loss: 1.7016e-04 | BC: 3.1632e-06 | PDE: 1.6699e+01 | Val: 3.9488e-06 | Test: 5.6136e-06 | 
Epoch  17/20 | Steps:  17000 | α=1e-05 | Loss: 1.5280e-04 | BC: 3.2425e-06 | PDE: 1.4955e+01 | Val: 2.7998e-06 | Test: 4.5629e-06 | 
Epoch  18/20 | Steps:  18000 | α=1e-05 | Loss: 1.3957e-04 | BC: 2.6365e-06 | PDE: 1.3694e+01 | Val: 2.6153e-06 | Test: 4.2594e-06 | 
Epoch  19/20 | Steps:  19000 | α=1e-05 | Loss: 1.5360e-04 | BC: 3.2473e-06 | PDE: 1.5035e+01 | Val: 2.8345e-06 | Test: 4.4180e-06 | 
Epoch  20/20 | Steps:  20000 | α=1e-05 | Loss: 1.6873e-04 | BC: 3.3017e-06 | PDE: 1.6543e+01 | Val: 2.1320e-06 | Test: 3.9219e-06 |  *

Restored best model from epoch 20 (val_loss: 2.1320e-06, test_loss: 3.9219e-06)
Best checkpoint saved to: outputs/expr_7_2_iter/p600to1000_square/fix_alpha_band1_1e-5/checkpoints/best_model.pt
Final checkpoint saved to: outputs/expr_7_2_iter/p600to1000_square/fix_alpha_band1_1e-5/checkpoints/final_model.pt
Training completed in 188.69s (20,000 total steps)
  Stage 1 (p=600) PDE diagnostics:
    p-Lap (p=600) raw:        inf
    p-Lap (p=600) normalized: 1.4028e-02
    Inf-Lap raw:              4.0503e-03
    Inf-Lap normalized:       1.4796e-02

============================================================
Stage 2/5: Training with p=700
============================================================

Training configuration:
  Boundary points (train): 32,000 -> 80 batches of 400
  Interior points (train): 1,000,000 -> 1000 batches of 1000
  Interior sampling: RE-SAMPLE each epoch
  Boundary points (val): 8,000
  Validation loss: BC only
  Steps per epoch: 1,000
  Total steps: 20,000
  Epochs: 20
  Loss balancing: FixedAlphaSchedule
  LR scheduler: None (constant LR=1.0e-05)

Epoch   1/20 | Steps:   1000 | α=1e-05 | Loss: 2.0922e-04 | BC: 3.3931e-06 | PDE: 2.0582e+01 | Val: 3.8080e-06 | Test: 5.3819e-06 |  *
Epoch   2/20 | Steps:   2000 | α=1e-05 | Loss: 2.0525e-04 | BC: 3.0397e-06 | PDE: 2.0221e+01 | Val: 2.7640e-06 | Test: 4.1666e-06 |  *
Epoch   3/20 | Steps:   3000 | α=1e-05 | Loss: 2.0055e-04 | BC: 3.1898e-06 | PDE: 1.9736e+01 | Val: 2.7818e-06 | Test: 4.3864e-06 | 
Epoch   4/20 | Steps:   4000 | α=1e-05 | Loss: 2.3099e-04 | BC: 3.0238e-06 | PDE: 2.2797e+01 | Val: 3.5272e-06 | Test: 5.0127e-06 | 
Epoch   5/20 | Steps:   5000 | α=1e-05 | Loss: 2.1135e-04 | BC: 3.3916e-06 | PDE: 2.0796e+01 | Val: 5.0332e-06 | Test: 5.9238e-06 | 
Epoch   6/20 | Steps:   6000 | α=1e-05 | Loss: 1.9722e-04 | BC: 3.9096e-06 | PDE: 1.9331e+01 | Val: 3.0133e-06 | Test: 4.6031e-06 | 
Epoch   7/20 | Steps:   7000 | α=1e-05 | Loss: 2.2115e-04 | BC: 3.8118e-06 | PDE: 2.1734e+01 | Val: 3.7845e-06 | Test: 5.5261e-06 | 
Epoch   8/20 | Steps:   8000 | α=1e-05 | Loss: 1.9131e-04 | BC: 3.3143e-06 | PDE: 1.8800e+01 | Val: 3.2373e-06 | Test: 4.5545e-06 | 
Epoch   9/20 | Steps:   9000 | α=1e-05 | Loss: 2.0791e-04 | BC: 4.1060e-06 | PDE: 2.0380e+01 | Val: 3.2138e-06 | Test: 4.8186e-06 | 
Epoch  10/20 | Steps:  10000 | α=1e-05 | Loss: 2.0524e-04 | BC: 3.5465e-06 | PDE: 2.0169e+01 | Val: 2.4843e-06 | Test: 4.1159e-06 |  *
Epoch  11/20 | Steps:  11000 | α=1e-05 | Loss: 2.0229e-04 | BC: 2.9592e-06 | PDE: 1.9934e+01 | Val: 2.7926e-06 | Test: 4.4658e-06 | 
Epoch  12/20 | Steps:  12000 | α=1e-05 | Loss: 2.1653e-04 | BC: 3.8994e-06 | PDE: 2.1263e+01 | Val: 6.2836e-06 | Test: 6.9932e-06 | 
Epoch  13/20 | Steps:  13000 | α=1e-05 | Loss: 1.8511e-04 | BC: 3.1251e-06 | PDE: 1.8198e+01 | Val: 2.6716e-06 | Test: 4.0726e-06 | 
Epoch  14/20 | Steps:  14000 | α=1e-05 | Loss: 1.9033e-04 | BC: 3.4570e-06 | PDE: 1.8687e+01 | Val: 3.2562e-06 | Test: 4.7866e-06 | 
Epoch  15/20 | Steps:  15000 | α=1e-05 | Loss: 2.1601e-04 | BC: 3.5624e-06 | PDE: 2.1245e+01 | Val: 3.2314e-06 | Test: 4.6885e-06 | 
Epoch  16/20 | Steps:  16000 | α=1e-05 | Loss: 2.2425e-04 | BC: 3.0246e-06 | PDE: 2.2122e+01 | Val: 2.4095e-06 | Test: 4.0068e-06 |  *
Epoch  17/20 | Steps:  17000 | α=1e-05 | Loss: 1.9850e-04 | BC: 3.5103e-06 | PDE: 1.9499e+01 | Val: 3.0775e-06 | Test: 4.6792e-06 | 
Epoch  18/20 | Steps:  18000 | α=1e-05 | Loss: 2.1901e-04 | BC: 3.7392e-06 | PDE: 2.1528e+01 | Val: 2.8519e-06 | Test: 4.3748e-06 | 
Epoch  19/20 | Steps:  19000 | α=1e-05 | Loss: 2.1866e-04 | BC: 3.0101e-06 | PDE: 2.1565e+01 | Val: 2.4093e-06 | Test: 3.7894e-06 |  *
Epoch  20/20 | Steps:  20000 | α=1e-05 | Loss: 2.1585e-04 | BC: 3.2151e-06 | PDE: 2.1264e+01 | Val: 2.3208e-06 | Test: 3.9291e-06 |  *

Restored best model from epoch 20 (val_loss: 2.3208e-06, test_loss: 3.9291e-06)
Best checkpoint saved to: outputs/expr_7_2_iter/p600to1000_square/fix_alpha_band1_1e-5/checkpoints/best_model.pt
Final checkpoint saved to: outputs/expr_7_2_iter/p600to1000_square/fix_alpha_band1_1e-5/checkpoints/final_model.pt
Training completed in 229.22s (20,000 total steps)
  Stage 2 (p=700) PDE diagnostics:
    p-Lap (p=700) raw:        inf
    p-Lap (p=700) normalized: 1.4512e-02
    Inf-Lap raw:              3.9728e-03
    Inf-Lap normalized:       1.5172e-02

============================================================
Stage 3/5: Training with p=800
============================================================

Training configuration:
  Boundary points (train): 32,000 -> 80 batches of 400
  Interior points (train): 1,000,000 -> 1000 batches of 1000
  Interior sampling: RE-SAMPLE each epoch
  Boundary points (val): 8,000
  Validation loss: BC only
  Steps per epoch: 1,000
  Total steps: 20,000
  Epochs: 20
  Loss balancing: FixedAlphaSchedule
  LR scheduler: None (constant LR=1.0e-05)

Epoch   1/20 | Steps:   1000 | α=1e-05 | Loss: 2.6861e-04 | BC: 3.8413e-06 | PDE: 2.6477e+01 | Val: 5.0791e-06 | Test: 5.9421e-06 |  *
Epoch   2/20 | Steps:   2000 | α=1e-05 | Loss: 2.6729e-04 | BC: 3.9576e-06 | PDE: 2.6334e+01 | Val: 4.2496e-06 | Test: 5.4354e-06 |  *
Epoch   3/20 | Steps:   3000 | α=1e-05 | Loss: 2.7468e-04 | BC: 4.0717e-06 | PDE: 2.7061e+01 | Val: 4.6751e-06 | Test: 5.7025e-06 | 
Epoch   4/20 | Steps:   4000 | α=1e-05 | Loss: 2.9370e-04 | BC: 4.5994e-06 | PDE: 2.8910e+01 | Val: 5.7279e-06 | Test: 6.6998e-06 | 
Epoch   5/20 | Steps:   5000 | α=1e-05 | Loss: 2.5597e-04 | BC: 3.5126e-06 | PDE: 2.5246e+01 | Val: 2.6092e-06 | Test: 4.0255e-06 |  *
Epoch   6/20 | Steps:   6000 | α=1e-05 | Loss: 2.9311e-04 | BC: 3.8683e-06 | PDE: 2.8924e+01 | Val: 5.9770e-06 | Test: 6.8237e-06 | 
Epoch   7/20 | Steps:   7000 | α=1e-05 | Loss: 2.8732e-04 | BC: 6.1913e-06 | PDE: 2.8113e+01 | Val: 3.0352e-06 | Test: 4.7363e-06 | 
Epoch   8/20 | Steps:   8000 | α=1e-05 | Loss: 2.6849e-04 | BC: 4.2239e-06 | PDE: 2.6427e+01 | Val: 4.8899e-06 | Test: 6.1412e-06 | 
Epoch   9/20 | Steps:   9000 | α=1e-05 | Loss: 2.6579e-04 | BC: 4.3164e-06 | PDE: 2.6147e+01 | Val: 4.2319e-06 | Test: 5.6031e-06 | 
Epoch  10/20 | Steps:  10000 | α=1e-05 | Loss: 2.7676e-04 | BC: 4.7326e-06 | PDE: 2.7203e+01 | Val: 4.6184e-06 | Test: 5.6668e-06 | 
Epoch  11/20 | Steps:  11000 | α=1e-05 | Loss: 2.6294e-04 | BC: 4.2786e-06 | PDE: 2.5866e+01 | Val: 3.8173e-06 | Test: 5.1838e-06 | 
Epoch  12/20 | Steps:  12000 | α=1e-05 | Loss: 2.6640e-04 | BC: 4.0122e-06 | PDE: 2.6239e+01 | Val: 3.4030e-06 | Test: 4.9349e-06 | 
Epoch  13/20 | Steps:  13000 | α=1e-05 | Loss: 2.3428e-04 | BC: 3.6354e-06 | PDE: 2.3065e+01 | Val: 6.3206e-06 | Test: 7.1042e-06 | 
Epoch  14/20 | Steps:  14000 | α=1e-05 | Loss: 2.6813e-04 | BC: 5.0156e-06 | PDE: 2.6312e+01 | Val: 4.4491e-06 | Test: 5.8709e-06 | 
Epoch  15/20 | Steps:  15000 | α=1e-05 | Loss: 2.5011e-04 | BC: 3.9780e-06 | PDE: 2.4613e+01 | Val: 3.7611e-06 | Test: 5.0897e-06 | 
Epoch  16/20 | Steps:  16000 | α=1e-05 | Loss: 2.7838e-04 | BC: 3.5626e-06 | PDE: 2.7481e+01 | Val: 4.1407e-06 | Test: 5.2213e-06 | 
Epoch  17/20 | Steps:  17000 | α=1e-05 | Loss: 2.3059e-04 | BC: 4.1985e-06 | PDE: 2.2639e+01 | Val: 4.8930e-06 | Test: 5.8827e-06 | 
Epoch  18/20 | Steps:  18000 | α=1e-05 | Loss: 2.4059e-04 | BC: 4.0449e-06 | PDE: 2.3655e+01 | Val: 3.7621e-06 | Test: 5.0255e-06 | 
Epoch  19/20 | Steps:  19000 | α=1e-05 | Loss: 2.1585e-04 | BC: 4.7408e-06 | PDE: 2.1111e+01 | Val: 4.7087e-06 | Test: 5.8904e-06 | 
Epoch  20/20 | Steps:  20000 | α=1e-05 | Loss: 2.5482e-04 | BC: 4.4890e-06 | PDE: 2.5033e+01 | Val: 3.9412e-06 | Test: 5.2541e-06 | 

Restored best model from epoch 5 (val_loss: 2.6092e-06, test_loss: 4.0255e-06)
Best checkpoint saved to: outputs/expr_7_2_iter/p600to1000_square/fix_alpha_band1_1e-5/checkpoints/best_model.pt
Final checkpoint saved to: outputs/expr_7_2_iter/p600to1000_square/fix_alpha_band1_1e-5/checkpoints/final_model.pt
Training completed in 165.11s (20,000 total steps)
  Stage 3 (p=800) PDE diagnostics:
    p-Lap (p=800) raw:        inf
    p-Lap (p=800) normalized: 1.4889e-02
    Inf-Lap raw:              3.9947e-03
    Inf-Lap normalized:       1.5472e-02

============================================================
Stage 4/5: Training with p=900
============================================================

Training configuration:
  Boundary points (train): 32,000 -> 80 batches of 400
  Interior points (train): 1,000,000 -> 1000 batches of 1000
  Interior sampling: RE-SAMPLE each epoch
  Boundary points (val): 8,000
  Validation loss: BC only
  Steps per epoch: 1,000
  Total steps: 20,000
  Epochs: 20
  Loss balancing: FixedAlphaSchedule
  LR scheduler: None (constant LR=1.0e-05)

Epoch   1/20 | Steps:   1000 | α=1e-05 | Loss: 3.5475e-04 | BC: 4.6093e-06 | PDE: 3.5014e+01 | Val: 5.4754e-06 | Test: 5.8991e-06 |  *
Epoch   2/20 | Steps:   2000 | α=1e-05 | Loss: 2.9862e-04 | BC: 4.6814e-06 | PDE: 2.9394e+01 | Val: 4.9723e-06 | Test: 5.8008e-06 |  *
Epoch   3/20 | Steps:   3000 | α=1e-05 | Loss: 3.3620e-04 | BC: 4.5268e-06 | PDE: 3.3167e+01 | Val: 5.8768e-06 | Test: 6.8528e-06 | 
Epoch   4/20 | Steps:   4000 | α=1e-05 | Loss: 3.1654e-04 | BC: 4.4007e-06 | PDE: 3.1214e+01 | Val: 3.9441e-06 | Test: 5.5393e-06 |  *
Epoch   5/20 | Steps:   5000 | α=1e-05 | Loss: 3.4375e-04 | BC: 5.4561e-06 | PDE: 3.3829e+01 | Val: 6.4280e-06 | Test: 6.9437e-06 | 
Epoch   6/20 | Steps:   6000 | α=1e-05 | Loss: 3.4202e-04 | BC: 5.0822e-06 | PDE: 3.3694e+01 | Val: 3.8314e-06 | Test: 5.2130e-06 |  *
Epoch   7/20 | Steps:   7000 | α=1e-05 | Loss: 3.5182e-04 | BC: 4.5398e-06 | PDE: 3.4728e+01 | Val: 5.4755e-06 | Test: 6.4423e-06 | 
Epoch   8/20 | Steps:   8000 | α=1e-05 | Loss: 3.2754e-04 | BC: 4.1707e-06 | PDE: 3.2337e+01 | Val: 4.2857e-06 | Test: 5.2372e-06 | 
Epoch   9/20 | Steps:   9000 | α=1e-05 | Loss: 3.4703e-04 | BC: 5.0187e-06 | PDE: 3.4201e+01 | Val: 5.1665e-06 | Test: 6.2293e-06 | 
Epoch  10/20 | Steps:  10000 | α=1e-05 | Loss: 3.0788e-04 | BC: 4.0881e-06 | PDE: 3.0379e+01 | Val: 5.0301e-06 | Test: 6.2997e-06 | 
Epoch  11/20 | Steps:  11000 | α=1e-05 | Loss: 3.4187e-04 | BC: 5.2463e-06 | PDE: 3.3662e+01 | Val: 5.4570e-06 | Test: 6.2116e-06 | 
Epoch  12/20 | Steps:  12000 | α=1e-05 | Loss: 3.3506e-04 | BC: 4.3995e-06 | PDE: 3.3066e+01 | Val: 3.5424e-06 | Test: 5.0821e-06 |  *
Epoch  13/20 | Steps:  13000 | α=1e-05 | Loss: 3.0286e-04 | BC: 3.7887e-06 | PDE: 2.9908e+01 | Val: 4.4575e-06 | Test: 5.6597e-06 | 
Epoch  14/20 | Steps:  14000 | α=1e-05 | Loss: 3.5505e-04 | BC: 5.2485e-06 | PDE: 3.4980e+01 | Val: 3.5149e-06 | Test: 5.0408e-06 |  *
Epoch  15/20 | Steps:  15000 | α=1e-05 | Loss: 3.2843e-04 | BC: 4.1505e-06 | PDE: 3.2427e+01 | Val: 3.4374e-06 | Test: 4.7744e-06 |  *
Epoch  16/20 | Steps:  16000 | α=1e-05 | Loss: 3.2446e-04 | BC: 3.5630e-06 | PDE: 3.2089e+01 | Val: 3.7073e-06 | Test: 5.1186e-06 | 
Epoch  17/20 | Steps:  17000 | α=1e-05 | Loss: 3.0920e-04 | BC: 4.5918e-06 | PDE: 3.0461e+01 | Val: 3.1839e-06 | Test: 4.6835e-06 |  *
Epoch  18/20 | Steps:  18000 | α=1e-05 | Loss: 3.1267e-04 | BC: 4.7324e-06 | PDE: 3.0794e+01 | Val: 4.1495e-06 | Test: 5.4063e-06 | 
Epoch  19/20 | Steps:  19000 | α=1e-05 | Loss: 3.2499e-04 | BC: 4.3219e-06 | PDE: 3.2066e+01 | Val: 3.8092e-06 | Test: 5.1615e-06 | 
Epoch  20/20 | Steps:  20000 | α=1e-05 | Loss: 3.2626e-04 | BC: 4.2532e-06 | PDE: 3.2201e+01 | Val: 4.1804e-06 | Test: 5.3151e-06 | 

Restored best model from epoch 17 (val_loss: 3.1839e-06, test_loss: 4.6835e-06)
Best checkpoint saved to: outputs/expr_7_2_iter/p600to1000_square/fix_alpha_band1_1e-5/checkpoints/best_model.pt
Final checkpoint saved to: outputs/expr_7_2_iter/p600to1000_square/fix_alpha_band1_1e-5/checkpoints/final_model.pt
Training completed in 165.64s (20,000 total steps)
  Stage 4 (p=900) PDE diagnostics:
    p-Lap (p=900) raw:        inf
    p-Lap (p=900) normalized: 1.4704e-02
    Inf-Lap raw:              4.0047e-03
    Inf-Lap normalized:       1.5224e-02

============================================================
Stage 5/5: Training with p=1000
============================================================

Training configuration:
  Boundary points (train): 32,000 -> 80 batches of 400
  Interior points (train): 1,000,000 -> 1000 batches of 1000
  Interior sampling: RE-SAMPLE each epoch
  Boundary points (val): 8,000
  Validation loss: BC only
  Steps per epoch: 1,000
  Total steps: 20,000
  Epochs: 20
  Loss balancing: FixedAlphaSchedule
  LR scheduler: None (constant LR=1.0e-05)

Epoch   1/20 | Steps:   1000 | α=1e-05 | Loss: 3.9117e-04 | BC: 5.9305e-06 | PDE: 3.8524e+01 | Val: 6.9106e-06 | Test: 7.3604e-06 |  *
Epoch   2/20 | Steps:   2000 | α=1e-05 | Loss: 4.1297e-04 | BC: 6.5859e-06 | PDE: 4.0638e+01 | Val: 5.5287e-06 | Test: 6.5174e-06 |  *
Epoch   3/20 | Steps:   3000 | α=1e-05 | Loss: 3.5489e-04 | BC: 5.7297e-06 | PDE: 3.4916e+01 | Val: 7.8315e-06 | Test: 7.9360e-06 | 
Epoch   4/20 | Steps:   4000 | α=1e-05 | Loss: 3.6559e-04 | BC: 5.2783e-06 | PDE: 3.6031e+01 | Val: 5.0199e-06 | Test: 5.8911e-06 |  *
Epoch   5/20 | Steps:   5000 | α=1e-05 | Loss: 3.9320e-04 | BC: 5.2581e-06 | PDE: 3.8794e+01 | Val: 4.1302e-06 | Test: 5.2268e-06 |  *
Epoch   6/20 | Steps:   6000 | α=1e-05 | Loss: 3.8669e-04 | BC: 4.7781e-06 | PDE: 3.8192e+01 | Val: 3.9567e-06 | Test: 5.1536e-06 |  *
Epoch   7/20 | Steps:   7000 | α=1e-05 | Loss: 3.7374e-04 | BC: 5.2719e-06 | PDE: 3.6846e+01 | Val: 5.6130e-06 | Test: 6.8466e-06 | 
Epoch   8/20 | Steps:   8000 | α=1e-05 | Loss: 4.1346e-04 | BC: 4.9665e-06 | PDE: 4.0850e+01 | Val: 6.9464e-06 | Test: 7.4535e-06 | 
Epoch   9/20 | Steps:   9000 | α=1e-05 | Loss: 3.6216e-04 | BC: 5.5326e-06 | PDE: 3.5663e+01 | Val: 6.1691e-06 | Test: 6.7128e-06 | 
Epoch  10/20 | Steps:  10000 | α=1e-05 | Loss: 4.0171e-04 | BC: 6.6028e-06 | PDE: 3.9511e+01 | Val: 4.5495e-06 | Test: 5.4591e-06 | 
Epoch  11/20 | Steps:  11000 | α=1e-05 | Loss: 4.0474e-04 | BC: 6.2758e-06 | PDE: 3.9847e+01 | Val: 7.0791e-06 | Test: 7.7172e-06 | 
Epoch  12/20 | Steps:  12000 | α=1e-05 | Loss: 4.0075e-04 | BC: 5.2865e-06 | PDE: 3.9547e+01 | Val: 4.4222e-06 | Test: 5.6871e-06 | 
Epoch  13/20 | Steps:  13000 | α=1e-05 | Loss: 3.6724e-04 | BC: 5.9511e-06 | PDE: 3.6129e+01 | Val: 5.0925e-06 | Test: 6.3145e-06 | 
Epoch  14/20 | Steps:  14000 | α=1e-05 | Loss: 3.8706e-04 | BC: 5.2109e-06 | PDE: 3.8185e+01 | Val: 5.7150e-06 | Test: 6.6832e-06 | 
Epoch  15/20 | Steps:  15000 | α=1e-05 | Loss: 3.7341e-04 | BC: 5.5113e-06 | PDE: 3.6790e+01 | Val: 6.2651e-06 | Test: 6.8066e-06 | 
Epoch  16/20 | Steps:  16000 | α=1e-05 | Loss: 4.2161e-04 | BC: 5.0338e-06 | PDE: 4.1657e+01 | Val: 5.1806e-06 | Test: 6.2984e-06 | 
Epoch  17/20 | Steps:  17000 | α=1e-05 | Loss: 3.5644e-04 | BC: 5.1771e-06 | PDE: 3.5126e+01 | Val: 4.3327e-06 | Test: 5.4873e-06 | 
Epoch  18/20 | Steps:  18000 | α=1e-05 | Loss: 3.5892e-04 | BC: 4.9773e-06 | PDE: 3.5395e+01 | Val: 5.6565e-06 | Test: 6.4807e-06 | 
Epoch  19/20 | Steps:  19000 | α=1e-05 | Loss: 3.7048e-04 | BC: 6.7775e-06 | PDE: 3.6370e+01 | Val: 7.5768e-06 | Test: 8.0565e-06 | 
Epoch  20/20 | Steps:  20000 | α=1e-05 | Loss: 4.0489e-04 | BC: 5.8513e-06 | PDE: 3.9904e+01 | Val: 7.6822e-06 | Test: 7.6616e-06 | 

Restored best model from epoch 6 (val_loss: 3.9567e-06, test_loss: 5.1536e-06)
Best checkpoint saved to: outputs/expr_7_2_iter/p600to1000_square/fix_alpha_band1_1e-5/checkpoints/best_model.pt
Final checkpoint saved to: outputs/expr_7_2_iter/p600to1000_square/fix_alpha_band1_1e-5/checkpoints/final_model.pt
Training completed in 166.50s (20,000 total steps)
  Stage 5 (p=1000) PDE diagnostics:
    p-Lap (p=1000) raw:        inf
    p-Lap (p=1000) normalized: 1.4890e-02
    Inf-Lap raw:              4.0261e-03
    Inf-Lap normalized:       1.5364e-02

Iterative training completed in 915.16s
Total epochs: 100

Final Test MSE: 7.6616e-06
Inference (per point): 7.7035e-05s | (full domain): 7.6785e-05s
p-Lap (p=1000) PDE test (raw):        inf
p-Lap (p=1000) PDE test (normalized): 1.4890e-02
Inf-Lap PDE test (raw):                    4.0261e-03
Inf-Lap PDE test (normalized):             1.5364e-02
Saved .npz files to outputs/expr_7_2_iter/p600to1000_square/fix_alpha_band1_1e-5/npy/
Saved plot to outputs/expr_7_2_iter/p600to1000_square/fix_alpha_band1_1e-5/plots/results.png
