
============================================================
Dist-to-Boundary  —  Ellipse 2 (rotated −π/4)  (2-D)
============================================================
Device: cuda
  Loaded p=5: 372736 points, mse: 2.419213e-03
  Loaded p=10: 372736 points, mse: 6.431422e-04
  Loaded p=15: 372736 points, mse: 2.912427e-04
  Loaded p=20: 372736 points, mse: 1.655515e-04
  Loaded p=25: 372736 points, mse: 1.067618e-04
  Loaded p=30: 372736 points, mse: 7.460598e-05
  Loaded p=35: 372736 points, mse: 5.511838e-05
  Loaded p=40: 372736 points, mse: 4.241853e-05
  Loaded p=45: 372736 points, mse: 3.368090e-05
  Loaded p=50: 372736 points, mse: 2.741244e-05
  Loaded p=55: 372736 points, mse: 2.276163e-05
  Loaded p=60: 372736 points, mse: 1.921524e-05
  Loaded p=65: 372736 points, mse: 1.644868e-05
  Loaded p=70: 372736 points, mse: 1.424848e-05
  Loaded p=75: 372736 points, mse: 1.246959e-05
  Loaded p=80: 372736 points, mse: 1.101062e-05
  Loaded p=85: 372736 points, mse: 9.798981e-06
  Loaded p=90: 372736 points, mse: 8.781587e-06
  Loaded p=95: 372736 points, mse: 8.196179e-06
  Loaded p=100: 372736 points, mse: 7.581733e-06
  Loaded p=105: 372736 points, mse: 7.239859e-06
  Loaded p=110: 372736 points, mse: 7.079013e-06
  Added p=∞ point: 372736 pts, mse: 5.936185e-07
Training data: X=(8572928, 3)  Y=(8572928, 1)
Model: trunk=[2, 512, 512, 512, 128]  branch=[1, 128, 128, 128, 128]  params=642,433
Scheduler: CosineAnnealingLR  T_max=20  eta_min=1e-06
Epoch --- Train Loss --- LR --- p150 --- p200 --- p250 --- p500
    0 --- 1.548400e-03 --- 1.00e-04 --- 2.102899e-04 --- 3.561150e-04 --- 4.627553e-04 --- 1.207294e-04
    1 --- 1.044923e-04 --- 9.94e-05 --- 3.354090e-04 --- 8.583398e-04 --- 1.315601e-03 --- 5.844337e-05
    2 --- 4.927293e-05 --- 9.76e-05 --- 9.667441e-05 --- 2.201221e-04 --- 2.838254e-04 --- 1.685261e-05
    3 --- 3.153874e-05 --- 9.46e-05 --- 6.245127e-05 --- 2.285314e-04 --- 3.438713e-04 --- 1.272266e-05
    4 --- 1.783659e-05 --- 9.05e-05 --- 1.774164e-05 --- 1.929677e-05 --- 2.444134e-05 --- 1.508345e-05
    5 --- 1.102547e-05 --- 8.55e-05 --- 3.109037e-05 --- 1.257874e-04 --- 2.104229e-04 --- 1.055874e-05
    6 --- 8.056987e-06 --- 7.96e-05 --- 1.531638e-05 --- 5.213478e-05 --- 8.040179e-05 --- 1.107257e-05
    7 --- 6.236463e-06 --- 7.30e-05 --- 1.474239e-05 --- 2.644581e-05 --- 3.362451e-05 --- 5.234986e-06
    8 --- 5.115826e-06 --- 6.58e-05 --- 6.883145e-06 --- 9.242327e-06 --- 1.147315e-05 --- 6.475576e-06
    9 --- 4.306502e-06 --- 5.82e-05 --- 1.706833e-05 --- 1.552774e-05 --- 1.416495e-05 --- 6.016699e-06
   10 --- 3.564741e-06 --- 5.05e-05 --- 6.580419e-06 --- 6.586855e-06 --- 7.106424e-06 --- 3.660771e-06
   11 --- 2.988842e-06 --- 4.28e-05 --- 8.877302e-06 --- 7.644006e-06 --- 7.630441e-06 --- 3.409003e-06
   12 --- 2.616211e-06 --- 3.52e-05 --- 1.281390e-05 --- 1.102943e-05 --- 1.052510e-05 --- 6.296837e-06
   13 --- 2.301108e-06 --- 2.80e-05 --- 8.698050e-06 --- 7.208056e-06 --- 7.161264e-06 --- 3.474502e-06
   14 --- 2.070280e-06 --- 2.14e-05 --- 6.096067e-06 --- 5.383415e-06 --- 5.938448e-06 --- 2.651029e-06
   15 --- 1.890594e-06 --- 1.55e-05 --- 7.586275e-06 --- 6.646118e-06 --- 6.895133e-06 --- 2.914653e-06
   16 --- 1.757878e-06 --- 1.05e-05 --- 5.157153e-06 --- 4.769863e-06 --- 5.440043e-06 --- 2.642595e-06
   17 --- 1.664728e-06 --- 6.40e-06 --- 6.102691e-06 --- 5.294024e-06 --- 5.809999e-06 --- 2.512382e-06
   18 --- 1.606201e-06 --- 3.42e-06 --- 6.740108e-06 --- 5.983032e-06 --- 6.617726e-06 --- 2.434547e-06
   19 --- 1.573287e-06 --- 1.61e-06 --- 6.134528e-06 --- 5.596193e-06 --- 6.254260e-06 --- 2.408799e-06
Total training time: 800.12s
Inference (per point): 1.4218e-04s | (full domain): 1.4432e-04s
  p=  5:  MSE=2.528738e-03
  p=105:  MSE=9.666809e-06
  p=205:  MSE=5.578657e-06
  p=305:  MSE=6.195210e-06
  p=405:  MSE=3.823175e-06
  Saved MSE curves → outputs/expr_7_3_2/ellipse2/exact_inf/npy/mse.npz  (deeponet, fem, pred_train)

All experiments completed!
