
============================================================
Running Example: aronsson_square
============================================================

Generated full domain data:
  Boundary points: 40,000
  Interior points: 1,000,000
  Test points: 10,000
Re-sampling enabled: ~1,000,000 interior points per epoch

Splitting data: 80% train, 20% validation
  BC: 32,000 train, 8,000 val
  Interior: 800,000 train, 200,000 val

Model: InfinityLaplacianPINN
  Hidden layers: [128, 128, 128, 128]
  Activation: tanh
  η: 1e-05 (normalized)
  Residual clipping: [-10.0, 10.0]
  Outlier removal: top 2.0%
  Parameters: 50,049

Training configuration:
  Boundary points (train): 32,000 -> 80 batches of 400
  Interior points (train): 1,000,000 -> 1000 batches of 1000
  Interior sampling: RE-SAMPLE each epoch
  Boundary points (val): 8,000
  Validation loss: BC only
  Steps per epoch: 1,000
  Total steps: 100,000
  Epochs: 100
  Loss balancing: AlphaPlateauScheduler
  LR scheduler: None (constant LR=1.0e-03)

/usr/local/lib/python3.12/dist-packages/torch/autograd/graph.py:824: UserWarning: Attempting to run cuBLAS, but there was no current CUDA context! Attempting to set the primary context... (Triggered internally at /opt/pytorch/pytorch/aten/src/ATen/cuda/CublasHandlePool.cpp:181.)
  return Variable._execution_engine.run_backward(  # Calls into the C++ engine to run the backward pass
Epoch   1/100 | Steps:   1000 | α=1e-05 | Loss: 2.2387e-02 | BC: 2.2371e-02 | PDE: 1.5257e+00 | Val: 2.5113e-04 | Test: 1.0030e-02 |  *
Epoch   2/100 | Steps:   2000 | α=1e-05 | Loss: 3.8327e-04 | BC: 3.7182e-04 | PDE: 1.1446e+00 | Val: 2.2519e-04 | Test: 6.3947e-03 |  *
Epoch   3/100 | Steps:   3000 | α=1e-05 | Loss: 2.6449e-04 | BC: 2.5501e-04 | PDE: 9.4734e-01 | Val: 2.8035e-04 | Test: 2.3625e-03 | 
Epoch   4/100 | Steps:   4000 | α=1e-05 | Loss: 1.8610e-04 | BC: 1.7753e-04 | PDE: 8.5676e-01 | Val: 2.2757e-04 | Test: 1.2388e-03 | 
Epoch   5/100 | Steps:   5000 | α=1e-05 | Loss: 1.8350e-04 | BC: 1.7428e-04 | PDE: 9.2151e-01 | Val: 3.9905e-05 | Test: 1.1665e-03 |  *
Epoch   6/100 | Steps:   6000 | α=1e-05 | Loss: 1.4643e-04 | BC: 1.3616e-04 | PDE: 1.0268e+00 | Val: 3.7730e-05 | Test: 1.1413e-03 |  *
Epoch   7/100 | Steps:   7000 | α=1e-05 | Loss: 1.7738e-04 | BC: 1.6653e-04 | PDE: 1.0851e+00 | Val: 1.7581e-04 | Test: 1.3010e-03 | 
Epoch   8/100 | Steps:   8000 | α=1e-05 | Loss: 1.2479e-04 | BC: 1.1435e-04 | PDE: 1.0437e+00 | Val: 3.3606e-04 | Test: 1.3698e-03 | 
Epoch   9/100 | Steps:   9000 | α=1e-05 | Loss: 1.1707e-04 | BC: 1.0713e-04 | PDE: 9.9399e-01 | Val: 8.1753e-05 | Test: 1.0828e-03 | 
Epoch  10/100 | Steps:  10000 | α=1e-05 | Loss: 1.2140e-04 | BC: 1.1180e-04 | PDE: 9.5979e-01 | Val: 1.5806e-05 | Test: 8.8343e-04 |  *
Epoch  11/100 | Steps:  11000 | α=1e-05 | Loss: 1.0589e-04 | BC: 9.7593e-05 | PDE: 8.2995e-01 | Val: 2.6224e-04 | Test: 9.1949e-04 | 
Epoch  12/100 | Steps:  12000 | α=1e-05 | Loss: 1.0822e-04 | BC: 1.0061e-04 | PDE: 7.6068e-01 | Val: 1.6336e-05 | Test: 8.4701e-04 | 
Epoch  13/100 | Steps:  13000 | α=1e-05 | Loss: 8.2641e-05 | BC: 7.5778e-05 | PDE: 6.8624e-01 | Val: 2.4488e-05 | Test: 5.2290e-04 | 
Epoch  14/100 | Steps:  14000 | α=1e-05 | Loss: 8.0040e-05 | BC: 7.3654e-05 | PDE: 6.3857e-01 | Val: 3.0549e-04 | Test: 7.6165e-04 | 
Epoch  15/100 | Steps:  15000 | α=1e-05 | Loss: 7.9094e-05 | BC: 7.2826e-05 | PDE: 6.2688e-01 | Val: 9.9515e-06 | Test: 4.6470e-04 |  *
Epoch  16/100 | Steps:  16000 | α=1e-05 | Loss: 7.8775e-05 | BC: 7.2874e-05 | PDE: 5.9011e-01 | Val: 2.3888e-05 | Test: 4.7987e-04 | 
Epoch  17/100 | Steps:  17000 | α=1e-05 | Loss: 7.1351e-05 | BC: 6.5518e-05 | PDE: 5.8334e-01 | Val: 5.0745e-06 | Test: 3.6423e-04 |  *

>>> Alpha increased: 1e-05 → 1e-04 (BC=6.3653e-05) <<<
Epoch  18/100 | Steps:  18000 | α=1e-04 | Loss: 6.9110e-05 | BC: 6.3653e-05 | PDE: 5.4564e-01 | Val: 1.5812e-05 | Test: 3.9342e-04 |  *
Epoch  19/100 | Steps:  19000 | α=1e-04 | Loss: 1.1064e-04 | BC: 9.0203e-05 | PDE: 2.0440e-01 | Val: 7.5028e-05 | Test: 1.0001e-04 | 
Epoch  20/100 | Steps:  20000 | α=1e-04 | Loss: 8.1415e-05 | BC: 6.9657e-05 | PDE: 1.1758e-01 | Val: 1.9138e-05 | Test: 6.6627e-05 | 
Epoch  21/100 | Steps:  21000 | α=1e-04 | Loss: 7.1556e-05 | BC: 6.2908e-05 | PDE: 8.6481e-02 | Val: 1.6015e-05 | Test: 5.0623e-05 | 
Epoch  22/100 | Steps:  22000 | α=1e-04 | Loss: 6.3706e-05 | BC: 5.7173e-05 | PDE: 6.5334e-02 | Val: 1.1190e-04 | Test: 8.3276e-05 | 
Epoch  23/100 | Steps:  23000 | α=1e-04 | Loss: 6.3355e-05 | BC: 5.8391e-05 | PDE: 4.9642e-02 | Val: 9.3738e-05 | Test: 6.4287e-05 | 
Epoch  24/100 | Steps:  24000 | α=1e-04 | Loss: 5.6812e-05 | BC: 5.2986e-05 | PDE: 3.8255e-02 | Val: 1.3678e-05 | Test: 4.1393e-05 |  *
Epoch  25/100 | Steps:  25000 | α=1e-04 | Loss: 5.8655e-05 | BC: 5.5413e-05 | PDE: 3.2416e-02 | Val: 2.5869e-06 | Test: 2.1677e-05 |  *

>>> Alpha increased: 1e-04 → 1e-03 (BC=7.8760e-05) <<<
Epoch  26/100 | Steps:  26000 | α=1e-03 | Loss: 8.1964e-05 | BC: 7.8760e-05 | PDE: 3.2044e-02 | Val: 1.3665e-06 | Test: 1.6410e-05 |  *
Epoch  27/100 | Steps:  27000 | α=1e-03 | Loss: 5.3434e-05 | BC: 3.6179e-05 | PDE: 1.7255e-02 | Val: 2.9249e-05 | Test: 2.2699e-05 | 
Epoch  28/100 | Steps:  28000 | α=1e-03 | Loss: 6.3280e-05 | BC: 4.8929e-05 | PDE: 1.4350e-02 | Val: 3.6442e-05 | Test: 2.0219e-05 | 
Epoch  29/100 | Steps:  29000 | α=1e-03 | Loss: 6.0754e-05 | BC: 4.8546e-05 | PDE: 1.2209e-02 | Val: 1.6973e-05 | Test: 1.5701e-05 | 
Epoch  30/100 | Steps:  30000 | α=1e-03 | Loss: 6.8614e-05 | BC: 5.7295e-05 | PDE: 1.1319e-02 | Val: 1.8314e-05 | Test: 1.3988e-05 | 
Epoch  31/100 | Steps:  31000 | α=1e-03 | Loss: 4.5206e-05 | BC: 3.6235e-05 | PDE: 8.9710e-03 | Val: 4.2147e-06 | Test: 7.0255e-06 | 
Epoch  32/100 | Steps:  32000 | α=1e-03 | Loss: 6.6360e-05 | BC: 5.7762e-05 | PDE: 8.5975e-03 | Val: 6.7864e-07 | Test: 2.5826e-06 |  *
Epoch  33/100 | Steps:  33000 | α=1e-03 | Loss: 3.8211e-05 | BC: 3.0527e-05 | PDE: 7.6842e-03 | Val: 9.8031e-06 | Test: 7.5115e-06 | 
Epoch  34/100 | Steps:  34000 | α=1e-03 | Loss: 5.2090e-05 | BC: 4.4921e-05 | PDE: 7.1681e-03 | Val: 1.8454e-05 | Test: 1.6460e-05 | 
Epoch  35/100 | Steps:  35000 | α=1e-03 | Loss: 3.9538e-05 | BC: 3.3186e-05 | PDE: 6.3521e-03 | Val: 3.6796e-06 | Test: 3.7549e-06 | 

>>> Alpha increased: 1e-03 → 1e-02 (BC=3.8336e-05) <<<
Epoch  36/100 | Steps:  36000 | α=1e-02 | Loss: 4.4339e-05 | BC: 3.8336e-05 | PDE: 6.0028e-03 | Val: 1.2702e-04 | Test: 1.0452e-04 |  *
Epoch  37/100 | Steps:  37000 | α=1e-02 | Loss: 1.4539e-04 | BC: 7.7998e-05 | PDE: 6.7396e-03 | Val: 5.4793e-06 | Test: 7.6133e-06 |  *
Epoch  38/100 | Steps:  38000 | α=1e-02 | Loss: 6.7567e-05 | BC: 3.1185e-05 | PDE: 3.6382e-03 | Val: 8.1674e-05 | Test: 6.5741e-05 | 
Epoch  39/100 | Steps:  39000 | α=1e-02 | Loss: 7.0283e-05 | BC: 3.6688e-05 | PDE: 3.3595e-03 | Val: 1.5685e-05 | Test: 1.0473e-05 | 
Epoch  40/100 | Steps:  40000 | α=1e-02 | Loss: 7.7037e-05 | BC: 4.7468e-05 | PDE: 2.9569e-03 | Val: 1.1201e-05 | Test: 1.3603e-05 | 
Epoch  41/100 | Steps:  41000 | α=1e-02 | Loss: 6.2300e-05 | BC: 3.5944e-05 | PDE: 2.6356e-03 | Val: 7.5546e-06 | Test: 1.6757e-05 | 
Epoch  42/100 | Steps:  42000 | α=1e-02 | Loss: 5.4771e-05 | BC: 3.0994e-05 | PDE: 2.3776e-03 | Val: 7.6294e-05 | Test: 5.2829e-05 | 
Epoch  43/100 | Steps:  43000 | α=1e-02 | Loss: 5.8501e-05 | BC: 3.7666e-05 | PDE: 2.0835e-03 | Val: 6.7512e-05 | Test: 3.9613e-05 | 

>>> Alpha increased: 1e-02 → 1e-01 (BC=3.8440e-05) <<<
Epoch  44/100 | Steps:  44000 | α=1e-01 | Loss: 5.6372e-05 | BC: 3.8440e-05 | PDE: 1.7933e-03 | Val: 7.2528e-06 | Test: 1.1876e-05 |  *
Epoch  45/100 | Steps:  45000 | α=1e-01 | Loss: 9.7002e-04 | BC: 2.5870e-04 | PDE: 7.1132e-03 | Val: 5.3783e-05 | Test: 3.0795e-05 | 
Epoch  46/100 | Steps:  46000 | α=1e-01 | Loss: 4.2129e-04 | BC: 9.8472e-05 | PDE: 3.2281e-03 | Val: 3.5894e-05 | Test: 4.1402e-05 | 
Epoch  47/100 | Steps:  47000 | α=1e-01 | Loss: 2.6922e-04 | BC: 6.2897e-05 | PDE: 2.0632e-03 | Val: 1.4086e-04 | Test: 9.4622e-05 | 
Epoch  48/100 | Steps:  48000 | α=1e-01 | Loss: 2.6648e-04 | BC: 6.8831e-05 | PDE: 1.9765e-03 | Val: 4.7434e-05 | Test: 2.8241e-05 | 
Epoch  49/100 | Steps:  49000 | α=1e-01 | Loss: 7.8448e-04 | BC: 2.4959e-04 | PDE: 5.3490e-03 | Val: 1.6594e-04 | Test: 1.6255e-04 | 
Epoch  50/100 | Steps:  50000 | α=1e-01 | Loss: 3.0636e-04 | BC: 9.7121e-05 | PDE: 2.0924e-03 | Val: 4.7729e-03 | Test: 3.1906e-03 | 
Epoch  51/100 | Steps:  51000 | α=1e-01 | Loss: 2.3429e-03 | BC: 6.9680e-04 | PDE: 1.6461e-02 | Val: 2.2587e-05 | Test: 9.9573e-06 | 
Epoch  52/100 | Steps:  52000 | α=1e-01 | Loss: 5.2893e-04 | BC: 1.4501e-04 | PDE: 3.8392e-03 | Val: 1.8662e-03 | Test: 2.4183e-03 | 
Epoch  53/100 | Steps:  53000 | α=1e-01 | Loss: 2.0582e-04 | BC: 4.6141e-05 | PDE: 1.5968e-03 | Val: 2.6968e-05 | Test: 4.3180e-05 | 
Epoch  54/100 | Steps:  54000 | α=1e-01 | Loss: 1.3309e-04 | BC: 4.0707e-05 | PDE: 9.2382e-04 | Val: 1.8762e-05 | Test: 1.4707e-05 | 
Epoch  55/100 | Steps:  55000 | α=1e-01 | Loss: 1.3109e-04 | BC: 4.3301e-05 | PDE: 8.7786e-04 | Val: 3.5812e-05 | Test: 5.0755e-05 | 
Epoch  56/100 | Steps:  56000 | α=1e-01 | Loss: 1.2595e-04 | BC: 4.3596e-05 | PDE: 8.2354e-04 | Val: 7.7528e-05 | Test: 5.5965e-05 | 
Epoch  57/100 | Steps:  57000 | α=1e-01 | Loss: 1.2873e-04 | BC: 4.5490e-05 | PDE: 8.3242e-04 | Val: 6.7874e-05 | Test: 5.3210e-05 | 
Epoch  58/100 | Steps:  58000 | α=1e-01 | Loss: 1.4104e-04 | BC: 4.9574e-05 | PDE: 9.1466e-04 | Val: 5.7738e-06 | Test: 5.0665e-06 |  *
Epoch  59/100 | Steps:  59000 | α=1e-01 | Loss: 1.5756e-04 | BC: 6.2821e-05 | PDE: 9.4736e-04 | Val: 1.1739e-04 | Test: 1.0440e-04 | 
Epoch  60/100 | Steps:  60000 | α=1e-01 | Loss: 7.8241e-05 | BC: 2.6006e-05 | PDE: 5.2235e-04 | Val: 3.2030e-05 | Test: 2.1430e-05 | 
Epoch  61/100 | Steps:  61000 | α=1e-01 | Loss: 1.0897e-04 | BC: 4.1468e-05 | PDE: 6.7498e-04 | Val: 6.4057e-05 | Test: 5.6541e-05 | 
Epoch  62/100 | Steps:  62000 | α=1e-01 | Loss: 1.0733e-04 | BC: 4.0772e-05 | PDE: 6.6555e-04 | Val: 6.1301e-06 | Test: 7.5737e-06 | 
Epoch  63/100 | Steps:  63000 | α=1e-01 | Loss: 7.1221e-05 | BC: 2.7976e-05 | PDE: 4.3245e-04 | Val: 1.1766e-05 | Test: 1.0203e-05 | 
Epoch  64/100 | Steps:  64000 | α=1e-01 | Loss: 5.5229e-03 | BC: 1.8683e-03 | PDE: 3.6546e-02 | Val: 8.8250e-05 | Test: 1.0735e-04 | 
Epoch  65/100 | Steps:  65000 | α=1e-01 | Loss: 2.1657e-04 | BC: 7.2625e-05 | PDE: 1.4394e-03 | Val: 2.3008e-05 | Test: 2.5191e-05 | 
Epoch  66/100 | Steps:  66000 | α=1e-01 | Loss: 2.2534e-04 | BC: 8.5221e-05 | PDE: 1.4012e-03 | Val: 6.4050e-05 | Test: 5.5789e-05 | 
Epoch  67/100 | Steps:  67000 | α=1e-01 | Loss: 2.1726e-04 | BC: 1.0072e-04 | PDE: 1.1654e-03 | Val: 4.3097e-05 | Test: 6.7317e-05 | 
Epoch  68/100 | Steps:  68000 | α=1e-01 | Loss: 1.6649e-04 | BC: 5.8180e-05 | PDE: 1.0831e-03 | Val: 2.0867e-05 | Test: 2.4044e-05 | 
Epoch  69/100 | Steps:  69000 | α=1e-01 | Loss: 1.5796e-04 | BC: 6.3911e-05 | PDE: 9.4044e-04 | Val: 1.3206e-04 | Test: 9.7983e-05 | 
Epoch  70/100 | Steps:  70000 | α=1e-01 | Loss: 2.6696e-04 | BC: 1.1327e-04 | PDE: 1.5369e-03 | Val: 7.3243e-04 | Test: 4.0649e-04 | 
Epoch  71/100 | Steps:  71000 | α=1e-01 | Loss: 9.8373e-05 | BC: 3.9602e-05 | PDE: 5.8771e-04 | Val: 6.2437e-05 | Test: 4.1837e-05 | 
Epoch  72/100 | Steps:  72000 | α=1e-01 | Loss: 1.6761e-04 | BC: 7.1919e-05 | PDE: 9.5690e-04 | Val: 1.3150e-04 | Test: 8.2383e-05 | 
Epoch  73/100 | Steps:  73000 | α=1e-01 | Loss: 1.2824e-04 | BC: 5.5517e-05 | PDE: 7.2727e-04 | Val: 2.4082e-04 | Test: 1.4217e-04 | 
Epoch  74/100 | Steps:  74000 | α=1e-01 | Loss: 7.4554e-03 | BC: 3.4046e-03 | PDE: 4.0508e-02 | Val: 9.5319e-05 | Test: 7.5238e-05 | 
Epoch  75/100 | Steps:  75000 | α=1e-01 | Loss: 3.9606e-04 | BC: 8.2749e-05 | PDE: 3.1331e-03 | Val: 1.1279e-04 | Test: 7.5641e-05 | 
Epoch  76/100 | Steps:  76000 | α=1e-01 | Loss: 3.0534e-04 | BC: 9.4131e-05 | PDE: 2.1121e-03 | Val: 4.9195e-05 | Test: 1.8612e-05 | 
Epoch  77/100 | Steps:  77000 | α=1e-01 | Loss: 2.4797e-04 | BC: 9.3663e-05 | PDE: 1.5430e-03 | Val: 4.7701e-05 | Test: 4.8945e-05 | 
Epoch  78/100 | Steps:  78000 | α=1e-01 | Loss: 2.5030e-04 | BC: 1.0095e-04 | PDE: 1.4935e-03 | Val: 6.2741e-05 | Test: 2.3432e-05 | 
Epoch  79/100 | Steps:  79000 | α=1e-01 | Loss: 1.7106e-04 | BC: 7.0762e-05 | PDE: 1.0029e-03 | Val: 2.1232e-05 | Test: 1.3634e-05 | 
Epoch  80/100 | Steps:  80000 | α=1e-01 | Loss: 1.8011e-04 | BC: 8.0420e-05 | PDE: 9.9692e-04 | Val: 1.5640e-05 | Test: 8.9014e-06 | 
Epoch  81/100 | Steps:  81000 | α=1e-01 | Loss: 1.5599e-04 | BC: 7.0375e-05 | PDE: 8.5610e-04 | Val: 3.7854e-05 | Test: 3.0613e-05 | 
Epoch  82/100 | Steps:  82000 | α=1e-01 | Loss: 4.5293e-04 | BC: 1.5415e-04 | PDE: 2.9878e-03 | Val: 1.7862e-05 | Test: 1.2254e-05 | 
Epoch  83/100 | Steps:  83000 | α=1e-01 | Loss: 9.7904e-05 | BC: 5.7604e-05 | PDE: 4.0300e-04 | Val: 1.7029e-05 | Test: 1.9551e-05 | 
Epoch  84/100 | Steps:  84000 | α=1e-01 | Loss: 1.3353e-04 | BC: 6.7005e-05 | PDE: 6.6520e-04 | Val: 6.5501e-05 | Test: 7.4410e-05 | 
Epoch  85/100 | Steps:  85000 | α=1e-01 | Loss: 1.2453e-04 | BC: 5.6966e-05 | PDE: 6.7565e-04 | Val: 1.3799e-04 | Test: 1.0310e-04 | 
Epoch  86/100 | Steps:  86000 | α=1e-01 | Loss: 2.2107e-04 | BC: 8.7269e-05 | PDE: 1.3380e-03 | Val: 9.6529e-07 | Test: 1.1354e-06 |  *
Epoch  87/100 | Steps:  87000 | α=1e-01 | Loss: 7.5163e-04 | BC: 3.4564e-04 | PDE: 4.0599e-03 | Val: 4.9369e-06 | Test: 4.8784e-06 | 
Epoch  88/100 | Steps:  88000 | α=1e-01 | Loss: 1.9584e-05 | BC: 7.5626e-06 | PDE: 1.2021e-04 | Val: 2.9910e-05 | Test: 2.1795e-05 | 
Epoch  89/100 | Steps:  89000 | α=1e-01 | Loss: 7.5205e-05 | BC: 4.3436e-05 | PDE: 3.1768e-04 | Val: 9.1479e-06 | Test: 5.4818e-06 | 
Epoch  90/100 | Steps:  90000 | α=1e-01 | Loss: 2.2567e-04 | BC: 8.3099e-05 | PDE: 1.4258e-03 | Val: 2.5072e-06 | Test: 1.8619e-06 | 
Epoch  91/100 | Steps:  91000 | α=1e-01 | Loss: 7.8025e-05 | BC: 4.6883e-05 | PDE: 3.1142e-04 | Val: 2.0539e-05 | Test: 1.2834e-05 | 
Epoch  92/100 | Steps:  92000 | α=1e-01 | Loss: 2.2803e-03 | BC: 7.8453e-04 | PDE: 1.4958e-02 | Val: 8.2499e-06 | Test: 6.9707e-06 | 
Epoch  93/100 | Steps:  93000 | α=1e-01 | Loss: 5.5715e-05 | BC: 3.3207e-05 | PDE: 2.2508e-04 | Val: 4.0225e-05 | Test: 3.1686e-05 | 
Epoch  94/100 | Steps:  94000 | α=1e-01 | Loss: 8.2325e-05 | BC: 4.8395e-05 | PDE: 3.3930e-04 | Val: 7.3810e-05 | Test: 4.8760e-05 | 
Epoch  95/100 | Steps:  95000 | α=1e-01 | Loss: 2.2610e-04 | BC: 9.8485e-05 | PDE: 1.2762e-03 | Val: 2.7077e-06 | Test: 2.0841e-06 | 
Epoch  96/100 | Steps:  96000 | α=1e-01 | Loss: 4.7750e-05 | BC: 3.2137e-05 | PDE: 1.5613e-04 | Val: 1.0786e-05 | Test: 7.2443e-06 | 
Epoch  97/100 | Steps:  97000 | α=1e-01 | Loss: 9.7928e-05 | BC: 5.3752e-05 | PDE: 4.4176e-04 | Val: 1.3959e-04 | Test: 7.8700e-05 | 
Epoch  98/100 | Steps:  98000 | α=1e-01 | Loss: 4.2115e-04 | BC: 1.5176e-04 | PDE: 2.6939e-03 | Val: 5.5500e-04 | Test: 6.5059e-04 | 
Epoch  99/100 | Steps:  99000 | α=1e-01 | Loss: 1.9608e-03 | BC: 7.0610e-04 | PDE: 1.2547e-02 | Val: 9.7145e-04 | Test: 5.8512e-03 | 
Epoch 100/100 | Steps: 100000 | α=1e-01 | Loss: 1.0685e-03 | BC: 4.5358e-04 | PDE: 6.1489e-03 | Val: 3.6182e-04 | Test: 3.7590e-03 | 

Restored best model from epoch 86 (val_loss: 9.6529e-07, test_loss: 1.1354e-06)
Best checkpoint saved to: outputs/expr_6_2/aronsson_square/nosched/checkpoints/best_model.pt
Final checkpoint saved to: outputs/expr_6_2/aronsson_square/nosched/checkpoints/final_model.pt
Training completed in 999.02s (100,000 total steps)

Final Test MSE: 3.7590e-03
Inference (per point): 7.9296e-05s | (full domain): 7.7295e-05s
Saved plot to outputs/expr_6_2/aronsson_square/nosched/plots/results.png
