
============================================================
p-Laplacian Aronsson Example
============================================================

Generated full domain data:
  Boundary points: 40,000
  Interior points: 1,000,000
  Test points: 10,000
Re-sampling enabled: ~1,000,000 interior points per epoch

Splitting data: 80% train, 20% validation
  BC: 32,000 train, 8,000 val
  Interior: 800,000 train, 200,000 val

Loading checkpoint: outputs/expr_6_3_iter/p2to20_square/checkpoints/best_model_p20.pt

Model: PLaplacianPINN on Square [-1,1]²
  Hidden layers: [128, 128, 128, 128], activation: tanh
  η=1e-05, clip_residual=100.0, clip_grad_norm=1.0
  Parameters: 50,049

Iterative Training Schedule:
  p values: [25, 30, 40, 50]
  Epochs per p: 20


============================================================
Stage 1/4: Training with p=25
============================================================

Training configuration:
  Boundary points (train): 32,000 -> 80 batches of 400
  Interior points (train): 1,000,000 -> 1000 batches of 1000
  Interior sampling: RE-SAMPLE each epoch
  Boundary points (val): 8,000
  Validation loss: BC only
  Steps per epoch: 1,000
  Total steps: 20,000
  Epochs: 20
  Loss balancing: FixedAlphaSchedule
  LR scheduler: None (constant LR=1.0e-05)

/usr/local/lib/python3.12/dist-packages/torch/autograd/graph.py:824: UserWarning: Attempting to run cuBLAS, but there was no current CUDA context! Attempting to set the primary context... (Triggered internally at /opt/pytorch/pytorch/aten/src/ATen/cuda/CublasHandlePool.cpp:181.)
  return Variable._execution_engine.run_backward(  # Calls into the C++ engine to run the backward pass
Epoch   1/20 | Steps:   1000 | α=1e-02 | Loss: 1.4818e-03 | BC: 1.0798e-04 | PDE: 1.3738e-01 | Val: 1.1839e-04 | Test: 1.0086e-04 |  *
Epoch   2/20 | Steps:   2000 | α=1e-02 | Loss: 1.1132e-03 | BC: 1.0437e-04 | PDE: 1.0089e-01 | Val: 8.4041e-05 | Test: 8.0623e-05 |  *
Epoch   3/20 | Steps:   3000 | α=1e-02 | Loss: 9.7544e-04 | BC: 8.2636e-05 | PDE: 8.9280e-02 | Val: 6.7711e-05 | Test: 7.0087e-05 |  *
Epoch   4/20 | Steps:   4000 | α=1e-02 | Loss: 8.5482e-04 | BC: 6.6043e-05 | PDE: 7.8878e-02 | Val: 5.9228e-05 | Test: 6.5273e-05 |  *
Epoch   5/20 | Steps:   5000 | α=1e-02 | Loss: 7.7385e-04 | BC: 5.5616e-05 | PDE: 7.1823e-02 | Val: 4.6662e-05 | Test: 5.6017e-05 |  *
Epoch   6/20 | Steps:   6000 | α=1e-02 | Loss: 7.0805e-04 | BC: 4.7280e-05 | PDE: 6.6077e-02 | Val: 4.2979e-05 | Test: 5.3631e-05 |  *
Epoch   7/20 | Steps:   7000 | α=1e-02 | Loss: 6.5561e-04 | BC: 4.1092e-05 | PDE: 6.1452e-02 | Val: 4.3158e-05 | Test: 5.3399e-05 | 
Epoch   8/20 | Steps:   8000 | α=1e-02 | Loss: 6.1595e-04 | BC: 3.7039e-05 | PDE: 5.7891e-02 | Val: 3.3918e-05 | Test: 4.6356e-05 |  *
Epoch   9/20 | Steps:   9000 | α=1e-02 | Loss: 5.7283e-04 | BC: 3.2160e-05 | PDE: 5.4067e-02 | Val: 3.4291e-05 | Test: 4.6769e-05 | 
Epoch  10/20 | Steps:  10000 | α=1e-02 | Loss: 5.4954e-04 | BC: 3.0010e-05 | PDE: 5.1953e-02 | Val: 2.8995e-05 | Test: 4.2598e-05 |  *
Epoch  11/20 | Steps:  11000 | α=1e-02 | Loss: 5.1774e-04 | BC: 2.8430e-05 | PDE: 4.8931e-02 | Val: 2.7807e-05 | Test: 4.1897e-05 |  *
Epoch  12/20 | Steps:  12000 | α=1e-02 | Loss: 4.8787e-04 | BC: 2.5582e-05 | PDE: 4.6229e-02 | Val: 2.5979e-05 | Test: 3.9537e-05 |  *
Epoch  13/20 | Steps:  13000 | α=1e-02 | Loss: 4.6811e-04 | BC: 2.4567e-05 | PDE: 4.4354e-02 | Val: 2.2739e-05 | Test: 3.7394e-05 |  *
Epoch  14/20 | Steps:  14000 | α=1e-02 | Loss: 4.4683e-04 | BC: 2.2626e-05 | PDE: 4.2421e-02 | Val: 2.0513e-05 | Test: 3.6334e-05 |  *
Epoch  15/20 | Steps:  15000 | α=1e-02 | Loss: 4.3068e-04 | BC: 2.1719e-05 | PDE: 4.0897e-02 | Val: 1.9734e-05 | Test: 3.6184e-05 |  *
Epoch  16/20 | Steps:  16000 | α=1e-02 | Loss: 4.1179e-04 | BC: 2.0628e-05 | PDE: 3.9117e-02 | Val: 1.7771e-05 | Test: 3.4214e-05 |  *
Epoch  17/20 | Steps:  17000 | α=1e-02 | Loss: 3.9083e-04 | BC: 1.8930e-05 | PDE: 3.7190e-02 | Val: 1.9819e-05 | Test: 3.5000e-05 | 
Epoch  18/20 | Steps:  18000 | α=1e-02 | Loss: 3.6821e-04 | BC: 1.7807e-05 | PDE: 3.5040e-02 | Val: 1.8918e-05 | Test: 3.5526e-05 | 
Epoch  19/20 | Steps:  19000 | α=1e-02 | Loss: 3.5508e-04 | BC: 1.7379e-05 | PDE: 3.3770e-02 | Val: 1.8838e-05 | Test: 3.5966e-05 | 
Epoch  20/20 | Steps:  20000 | α=1e-02 | Loss: 3.4066e-04 | BC: 1.5624e-05 | PDE: 3.2504e-02 | Val: 1.4948e-05 | Test: 3.2667e-05 |  *

Restored best model from epoch 20 (val_loss: 1.4948e-05, test_loss: 3.2667e-05)
Best checkpoint saved to: outputs/expr_6_3_iter/p25to50_square/out0/checkpoints/best_model.pt
Final checkpoint saved to: outputs/expr_6_3_iter/p25to50_square/out0/checkpoints/final_model.pt
Training completed in 206.44s (20,000 total steps)
  Stage 1 (p=25) PDE diagnostics:
    p-Lap (p=25) raw:        1.2398e+07
    p-Lap (p=25) normalized: 3.4774e-03
    Inf-Lap raw:              2.3156e-02
    Inf-Lap normalized:       2.1453e-02

============================================================
Stage 2/4: Training with p=30
============================================================

Training configuration:
  Boundary points (train): 32,000 -> 80 batches of 400
  Interior points (train): 1,000,000 -> 1000 batches of 1000
  Interior sampling: RE-SAMPLE each epoch
  Boundary points (val): 8,000
  Validation loss: BC only
  Steps per epoch: 1,000
  Total steps: 20,000
  Epochs: 20
  Loss balancing: FixedAlphaSchedule
  LR scheduler: None (constant LR=1.0e-05)

Epoch   1/20 | Steps:   1000 | α=1e-02 | Loss: 1.0922e-03 | BC: 7.9635e-05 | PDE: 1.0126e-01 | Val: 7.8560e-05 | Test: 6.0221e-05 |  *
Epoch   2/20 | Steps:   2000 | α=1e-02 | Loss: 9.2828e-04 | BC: 7.5853e-05 | PDE: 8.5242e-02 | Val: 6.5906e-05 | Test: 5.4756e-05 |  *
Epoch   3/20 | Steps:   3000 | α=1e-02 | Loss: 8.8295e-04 | BC: 6.5303e-05 | PDE: 8.1764e-02 | Val: 6.1019e-05 | Test: 5.2148e-05 |  *
Epoch   4/20 | Steps:   4000 | α=1e-02 | Loss: 8.3547e-04 | BC: 5.8627e-05 | PDE: 7.7684e-02 | Val: 5.8409e-05 | Test: 5.1138e-05 |  *
Epoch   5/20 | Steps:   5000 | α=1e-02 | Loss: 7.6235e-04 | BC: 4.7742e-05 | PDE: 7.1461e-02 | Val: 4.2993e-05 | Test: 4.2329e-05 |  *
Epoch   6/20 | Steps:   6000 | α=1e-02 | Loss: 7.3047e-04 | BC: 4.5892e-05 | PDE: 6.8458e-02 | Val: 5.0073e-05 | Test: 4.7367e-05 | 
Epoch   7/20 | Steps:   7000 | α=1e-02 | Loss: 7.0534e-04 | BC: 4.2614e-05 | PDE: 6.6273e-02 | Val: 3.9799e-05 | Test: 4.1514e-05 |  *
Epoch   8/20 | Steps:   8000 | α=1e-02 | Loss: 6.5986e-04 | BC: 3.8196e-05 | PDE: 6.2166e-02 | Val: 4.0320e-05 | Test: 4.1674e-05 | 
Epoch   9/20 | Steps:   9000 | α=1e-02 | Loss: 6.4489e-04 | BC: 3.6745e-05 | PDE: 6.0815e-02 | Val: 3.6671e-05 | Test: 3.9856e-05 |  *
Epoch  10/20 | Steps:  10000 | α=1e-02 | Loss: 6.1088e-04 | BC: 3.1683e-05 | PDE: 5.7919e-02 | Val: 3.0165e-05 | Test: 3.6560e-05 |  *
Epoch  11/20 | Steps:  11000 | α=1e-02 | Loss: 5.7560e-04 | BC: 2.9846e-05 | PDE: 5.4575e-02 | Val: 2.8211e-05 | Test: 3.5413e-05 |  *
Epoch  12/20 | Steps:  12000 | α=1e-02 | Loss: 5.6414e-04 | BC: 3.1561e-05 | PDE: 5.3258e-02 | Val: 2.3950e-05 | Test: 3.3112e-05 |  *
Epoch  13/20 | Steps:  13000 | α=1e-02 | Loss: 5.4887e-04 | BC: 2.7902e-05 | PDE: 5.2097e-02 | Val: 2.5775e-05 | Test: 3.4474e-05 | 
Epoch  14/20 | Steps:  14000 | α=1e-02 | Loss: 5.1877e-04 | BC: 2.4488e-05 | PDE: 4.9428e-02 | Val: 2.4129e-05 | Test: 3.3898e-05 | 
Epoch  15/20 | Steps:  15000 | α=1e-02 | Loss: 5.0121e-04 | BC: 2.3822e-05 | PDE: 4.7739e-02 | Val: 2.0610e-05 | Test: 3.1273e-05 |  *
Epoch  16/20 | Steps:  16000 | α=1e-02 | Loss: 4.9455e-04 | BC: 2.3675e-05 | PDE: 4.7088e-02 | Val: 2.6191e-05 | Test: 3.6924e-05 | 
Epoch  17/20 | Steps:  17000 | α=1e-02 | Loss: 4.6683e-04 | BC: 2.2168e-05 | PDE: 4.4466e-02 | Val: 2.3869e-05 | Test: 3.4527e-05 | 
Epoch  18/20 | Steps:  18000 | α=1e-02 | Loss: 4.7003e-04 | BC: 2.3315e-05 | PDE: 4.4671e-02 | Val: 2.6191e-05 | Test: 3.5810e-05 | 
Epoch  19/20 | Steps:  19000 | α=1e-02 | Loss: 4.4648e-04 | BC: 2.1454e-05 | PDE: 4.2503e-02 | Val: 1.8028e-05 | Test: 3.0438e-05 |  *
Epoch  20/20 | Steps:  20000 | α=1e-02 | Loss: 4.3512e-04 | BC: 1.9618e-05 | PDE: 4.1550e-02 | Val: 2.1246e-05 | Test: 3.3111e-05 | 

Restored best model from epoch 19 (val_loss: 1.8028e-05, test_loss: 3.0438e-05)
Best checkpoint saved to: outputs/expr_6_3_iter/p25to50_square/out0/checkpoints/best_model.pt
Final checkpoint saved to: outputs/expr_6_3_iter/p25to50_square/out0/checkpoints/final_model.pt
Training completed in 173.12s (20,000 total steps)
  Stage 2 (p=30) PDE diagnostics:
    p-Lap (p=30) raw:        1.2644e+10
    p-Lap (p=30) normalized: 1.9794e-03
    Inf-Lap raw:              1.5360e-02
    Inf-Lap normalized:       1.2844e-02

============================================================
Stage 3/4: Training with p=40
============================================================

Training configuration:
  Boundary points (train): 32,000 -> 80 batches of 400
  Interior points (train): 1,000,000 -> 1000 batches of 1000
  Interior sampling: RE-SAMPLE each epoch
  Boundary points (val): 8,000
  Validation loss: BC only
  Steps per epoch: 1,000
  Total steps: 20,000
  Epochs: 20
  Loss balancing: FixedAlphaSchedule
  LR scheduler: None (constant LR=1.0e-05)

Epoch   1/20 | Steps:   1000 | α=1e-02 | Loss: 2.5373e-03 | BC: 3.0505e-04 | PDE: 2.2322e-01 | Val: 3.9592e-04 | Test: 2.2553e-04 |  *
Epoch   2/20 | Steps:   2000 | α=1e-02 | Loss: 2.0707e-03 | BC: 2.9459e-04 | PDE: 1.7761e-01 | Val: 2.3391e-04 | Test: 1.3207e-04 |  *
Epoch   3/20 | Steps:   3000 | α=1e-02 | Loss: 1.8999e-03 | BC: 2.3918e-04 | PDE: 1.6607e-01 | Val: 2.1462e-04 | Test: 1.2454e-04 |  *
Epoch   4/20 | Steps:   4000 | α=1e-02 | Loss: 1.8016e-03 | BC: 2.0604e-04 | PDE: 1.5955e-01 | Val: 1.7108e-04 | Test: 1.0540e-04 |  *
Epoch   5/20 | Steps:   5000 | α=1e-02 | Loss: 1.6929e-03 | BC: 1.6767e-04 | PDE: 1.5252e-01 | Val: 1.6213e-04 | Test: 9.8471e-05 |  *
Epoch   6/20 | Steps:   6000 | α=1e-02 | Loss: 1.6376e-03 | BC: 1.7093e-04 | PDE: 1.4666e-01 | Val: 1.8235e-04 | Test: 1.1275e-04 | 
Epoch   7/20 | Steps:   7000 | α=1e-02 | Loss: 1.5592e-03 | BC: 1.5726e-04 | PDE: 1.4019e-01 | Val: 1.5891e-04 | Test: 1.0035e-04 |  *
Epoch   8/20 | Steps:   8000 | α=1e-02 | Loss: 1.4916e-03 | BC: 1.4387e-04 | PDE: 1.3477e-01 | Val: 1.3053e-04 | Test: 8.4754e-05 |  *
Epoch   9/20 | Steps:   9000 | α=1e-02 | Loss: 1.4525e-03 | BC: 1.4159e-04 | PDE: 1.3109e-01 | Val: 1.1203e-04 | Test: 7.3998e-05 |  *
Epoch  10/20 | Steps:  10000 | α=1e-02 | Loss: 1.3865e-03 | BC: 1.1315e-04 | PDE: 1.2734e-01 | Val: 1.0093e-04 | Test: 7.0217e-05 |  *
Epoch  11/20 | Steps:  11000 | α=1e-02 | Loss: 1.3518e-03 | BC: 1.1950e-04 | PDE: 1.2323e-01 | Val: 1.0934e-04 | Test: 7.7101e-05 | 
Epoch  12/20 | Steps:  12000 | α=1e-02 | Loss: 1.3008e-03 | BC: 1.0489e-04 | PDE: 1.1959e-01 | Val: 1.1713e-04 | Test: 7.7781e-05 | 
Epoch  13/20 | Steps:  13000 | α=1e-02 | Loss: 1.2736e-03 | BC: 1.0735e-04 | PDE: 1.1663e-01 | Val: 1.1202e-04 | Test: 7.8713e-05 | 
Epoch  14/20 | Steps:  14000 | α=1e-02 | Loss: 1.2386e-03 | BC: 1.0049e-04 | PDE: 1.1381e-01 | Val: 9.2373e-05 | Test: 6.9206e-05 |  *
Epoch  15/20 | Steps:  15000 | α=1e-02 | Loss: 1.1838e-03 | BC: 8.5621e-05 | PDE: 1.0982e-01 | Val: 9.4269e-05 | Test: 7.0634e-05 | 
Epoch  16/20 | Steps:  16000 | α=1e-02 | Loss: 1.1735e-03 | BC: 8.7180e-05 | PDE: 1.0863e-01 | Val: 9.2397e-05 | Test: 6.9909e-05 | 
Epoch  17/20 | Steps:  17000 | α=1e-02 | Loss: 1.1409e-03 | BC: 8.7346e-05 | PDE: 1.0535e-01 | Val: 7.5784e-05 | Test: 5.7728e-05 |  *
Epoch  18/20 | Steps:  18000 | α=1e-02 | Loss: 1.1006e-03 | BC: 8.2679e-05 | PDE: 1.0180e-01 | Val: 8.0930e-05 | Test: 6.2286e-05 | 
Epoch  19/20 | Steps:  19000 | α=1e-02 | Loss: 1.0827e-03 | BC: 7.3765e-05 | PDE: 1.0089e-01 | Val: 6.4603e-05 | Test: 5.1206e-05 |  *
Epoch  20/20 | Steps:  20000 | α=1e-02 | Loss: 1.0506e-03 | BC: 7.1770e-05 | PDE: 9.7885e-02 | Val: 7.9691e-05 | Test: 6.0884e-05 | 

Restored best model from epoch 19 (val_loss: 6.4603e-05, test_loss: 5.1206e-05)
Best checkpoint saved to: outputs/expr_6_3_iter/p25to50_square/out0/checkpoints/best_model.pt
Final checkpoint saved to: outputs/expr_6_3_iter/p25to50_square/out0/checkpoints/final_model.pt
Training completed in 171.42s (20,000 total steps)
  Stage 3 (p=40) PDE diagnostics:
    p-Lap (p=40) raw:        4.2807e+15
    p-Lap (p=40) normalized: 2.8771e-03
    Inf-Lap raw:              7.6388e-03
    Inf-Lap normalized:       7.7054e-03

============================================================
Stage 4/4: Training with p=50
============================================================

Training configuration:
  Boundary points (train): 32,000 -> 80 batches of 400
  Interior points (train): 1,000,000 -> 1000 batches of 1000
  Interior sampling: RE-SAMPLE each epoch
  Boundary points (val): 8,000
  Validation loss: BC only
  Steps per epoch: 1,000
  Total steps: 20,000
  Epochs: 20
  Loss balancing: FixedAlphaSchedule
  LR scheduler: None (constant LR=1.0e-05)

Epoch   1/20 | Steps:   1000 | α=1e-02 | Loss: 3.3927e-03 | BC: 3.8719e-04 | PDE: 3.0055e-01 | Val: 5.5947e-04 | Test: 2.8613e-04 |  *
Epoch   2/20 | Steps:   2000 | α=1e-02 | Loss: 2.9950e-03 | BC: 4.8209e-04 | PDE: 2.5129e-01 | Val: 4.7589e-04 | Test: 2.4805e-04 |  *
Epoch   3/20 | Steps:   3000 | α=1e-02 | Loss: 2.9497e-03 | BC: 4.1890e-04 | PDE: 2.5308e-01 | Val: 4.0177e-04 | Test: 2.1467e-04 |  *
Epoch   4/20 | Steps:   4000 | α=1e-02 | Loss: 2.8566e-03 | BC: 4.1565e-04 | PDE: 2.4409e-01 | Val: 4.8056e-04 | Test: 2.5868e-04 | 
Epoch   5/20 | Steps:   5000 | α=1e-02 | Loss: 2.7416e-03 | BC: 4.0429e-04 | PDE: 2.3373e-01 | Val: 3.9690e-04 | Test: 2.2129e-04 |  *
Epoch   6/20 | Steps:   6000 | α=1e-02 | Loss: 2.6478e-03 | BC: 3.6826e-04 | PDE: 2.2795e-01 | Val: 3.3913e-04 | Test: 1.9411e-04 |  *
Epoch   7/20 | Steps:   7000 | α=1e-02 | Loss: 2.5772e-03 | BC: 3.4888e-04 | PDE: 2.2283e-01 | Val: 3.2301e-04 | Test: 1.7937e-04 |  *
Epoch   8/20 | Steps:   8000 | α=1e-02 | Loss: 2.5043e-03 | BC: 3.3475e-04 | PDE: 2.1695e-01 | Val: 3.1763e-04 | Test: 1.8584e-04 |  *
Epoch   9/20 | Steps:   9000 | α=1e-02 | Loss: 2.5085e-03 | BC: 3.2252e-04 | PDE: 2.1860e-01 | Val: 3.2006e-04 | Test: 2.0107e-04 | 
Epoch  10/20 | Steps:  10000 | α=1e-02 | Loss: 2.4034e-03 | BC: 3.1723e-04 | PDE: 2.0862e-01 | Val: 3.2080e-04 | Test: 1.9315e-04 | 
Epoch  11/20 | Steps:  11000 | α=1e-02 | Loss: 2.3799e-03 | BC: 3.2906e-04 | PDE: 2.0508e-01 | Val: 3.2541e-04 | Test: 1.9650e-04 | 
Epoch  12/20 | Steps:  12000 | α=1e-02 | Loss: 2.2743e-03 | BC: 2.8755e-04 | PDE: 1.9867e-01 | Val: 2.6195e-04 | Test: 1.5889e-04 |  *
Epoch  13/20 | Steps:  13000 | α=1e-02 | Loss: 2.2228e-03 | BC: 2.7375e-04 | PDE: 1.9491e-01 | Val: 2.7188e-04 | Test: 1.6260e-04 | 
Epoch  14/20 | Steps:  14000 | α=1e-02 | Loss: 2.2243e-03 | BC: 2.6040e-04 | PDE: 1.9639e-01 | Val: 2.6573e-04 | Test: 1.6689e-04 | 
Epoch  15/20 | Steps:  15000 | α=1e-02 | Loss: 2.1705e-03 | BC: 2.5048e-04 | PDE: 1.9200e-01 | Val: 2.9522e-04 | Test: 1.8993e-04 | 
Epoch  16/20 | Steps:  16000 | α=1e-02 | Loss: 2.1044e-03 | BC: 2.4322e-04 | PDE: 1.8612e-01 | Val: 2.3532e-04 | Test: 1.4475e-04 |  *
Epoch  17/20 | Steps:  17000 | α=1e-02 | Loss: 2.0776e-03 | BC: 2.2318e-04 | PDE: 1.8544e-01 | Val: 2.1229e-04 | Test: 1.3191e-04 |  *
Epoch  18/20 | Steps:  18000 | α=1e-02 | Loss: 2.0412e-03 | BC: 2.2497e-04 | PDE: 1.8163e-01 | Val: 2.4265e-04 | Test: 1.4753e-04 | 
Epoch  19/20 | Steps:  19000 | α=1e-02 | Loss: 2.0461e-03 | BC: 2.3997e-04 | PDE: 1.8061e-01 | Val: 2.3034e-04 | Test: 1.4407e-04 | 
Epoch  20/20 | Steps:  20000 | α=1e-02 | Loss: 2.0202e-03 | BC: 2.2625e-04 | PDE: 1.7939e-01 | Val: 2.3605e-04 | Test: 1.3849e-04 | 

Restored best model from epoch 17 (val_loss: 2.1229e-04, test_loss: 1.3191e-04)
Best checkpoint saved to: outputs/expr_6_3_iter/p25to50_square/out0/checkpoints/best_model.pt
Final checkpoint saved to: outputs/expr_6_3_iter/p25to50_square/out0/checkpoints/final_model.pt
Training completed in 205.73s (20,000 total steps)
  Stage 4 (p=50) PDE diagnostics:
    p-Lap (p=50) raw:        1.2446e+21
    p-Lap (p=50) normalized: 2.9346e-03
    Inf-Lap raw:              5.0194e-03
    Inf-Lap normalized:       6.8847e-03

Iterative training completed in 756.71s
Total epochs: 80

Final Test MSE: 1.3849e-04
Inference (per point): 7.8230e-05s | (full domain): 7.8018e-05s
p-Lap (p=50) PDE test (raw):        1.2446e+21
p-Lap (p=50) PDE test (normalized): 2.9346e-03
Inf-Lap PDE test (raw):                    5.0194e-03
Inf-Lap PDE test (normalized):             6.8847e-03
Saved .npz files to outputs/expr_6_3_iter/p25to50_square/out0/npy/
Saved plot to outputs/expr_6_3_iter/p25to50_square/out0/plots/results.png
