
============================================================
Running Example: aronsson_square
============================================================

Generated full domain data:
  Boundary points: 40,000
  Interior points: 1,000,000
  Test points: 10,000
Re-sampling enabled: ~1,000,000 interior points per epoch

Splitting data: 80% train, 20% validation
  BC: 32,000 train, 8,000 val
  Interior: 800,000 train, 200,000 val

Model: InfinityLaplacianPINN
  Hidden layers: [128, 128, 128, 128]
  Activation: tanh
  Residual clipping: [-10.0, 10.0]
  Outlier removal: top 2.0%
  Parameters: 50,049

Training configuration:
  Boundary points (train): 32,000 -> 80 batches of 400
  Interior points (train): 1,000,000 -> 1000 batches of 1000
  Interior sampling: RE-SAMPLE each epoch
  Boundary points (val): 8,000
  Validation loss: BC only
  Steps per epoch: 1,000
  Total steps: 100,000
  Epochs: 100
  Loss balancing: AlphaPlateauScheduler
  LR scheduler: cosine (LR: 1.0e-03 -> 1.0e-05)

/usr/local/lib/python3.12/dist-packages/torch/autograd/graph.py:824: UserWarning: Attempting to run cuBLAS, but there was no current CUDA context! Attempting to set the primary context... (Triggered internally at /opt/pytorch/pytorch/aten/src/ATen/cuda/CublasHandlePool.cpp:181.)
  return Variable._execution_engine.run_backward(  # Calls into the C++ engine to run the backward pass
Epoch   1/100 | Steps:   1000 | α=1e-05 | Loss: 2.2408e-02 | BC: 2.2362e-02 | PDE: 4.6041e+00 | Val: 2.6852e-04 | Test: 3.2447e-03 | LR=1.0e-03 *
Epoch   2/100 | Steps:   2000 | α=1e-05 | Loss: 3.8066e-04 | BC: 3.6098e-04 | PDE: 1.9679e+00 | Val: 1.2641e-04 | Test: 6.0999e-04 | LR=1.0e-03 *
Epoch   3/100 | Steps:   3000 | α=1e-05 | Loss: 2.5278e-04 | BC: 2.3884e-04 | PDE: 1.3941e+00 | Val: 7.3244e-05 | Test: 3.9204e-04 | LR=1.0e-03 *
Epoch   4/100 | Steps:   4000 | α=1e-05 | Loss: 2.2292e-04 | BC: 2.0774e-04 | PDE: 1.5179e+00 | Val: 1.2361e-04 | Test: 5.1739e-04 | LR=1.0e-03
Epoch   5/100 | Steps:   5000 | α=1e-05 | Loss: 1.9356e-04 | BC: 1.7722e-04 | PDE: 1.6345e+00 | Val: 2.3904e-04 | Test: 5.2418e-04 | LR=1.0e-03
Epoch   6/100 | Steps:   6000 | α=1e-05 | Loss: 1.8913e-04 | BC: 1.7272e-04 | PDE: 1.6418e+00 | Val: 5.4051e-05 | Test: 3.3747e-04 | LR=9.9e-04 *
Epoch   7/100 | Steps:   7000 | α=1e-05 | Loss: 1.5631e-04 | BC: 1.4098e-04 | PDE: 1.5334e+00 | Val: 2.3403e-04 | Test: 3.6842e-04 | LR=9.9e-04
Epoch   8/100 | Steps:   8000 | α=1e-05 | Loss: 1.6417e-04 | BC: 1.5027e-04 | PDE: 1.3897e+00 | Val: 3.8950e-04 | Test: 5.1206e-04 | LR=9.9e-04
Epoch   9/100 | Steps:   9000 | α=1e-05 | Loss: 1.4228e-04 | BC: 1.3055e-04 | PDE: 1.1728e+00 | Val: 6.9908e-05 | Test: 2.6786e-04 | LR=9.8e-04
Epoch  10/100 | Steps:  10000 | α=1e-05 | Loss: 1.0727e-04 | BC: 9.7604e-05 | PDE: 9.6682e-01 | Val: 5.3400e-05 | Test: 1.9895e-04 | LR=9.8e-04 *
Epoch  11/100 | Steps:  11000 | α=1e-05 | Loss: 1.0993e-04 | BC: 1.0166e-04 | PDE: 8.2773e-01 | Val: 1.2037e-04 | Test: 2.4364e-04 | LR=9.8e-04
Epoch  12/100 | Steps:  12000 | α=1e-05 | Loss: 1.0535e-04 | BC: 9.8042e-05 | PDE: 7.3098e-01 | Val: 2.4907e-05 | Test: 1.1320e-04 | LR=9.7e-04 *
Epoch  13/100 | Steps:  13000 | α=1e-05 | Loss: 1.0671e-04 | BC: 9.9934e-05 | PDE: 6.7788e-01 | Val: 4.3095e-05 | Test: 1.0410e-04 | LR=9.7e-04
Epoch  14/100 | Steps:  14000 | α=1e-05 | Loss: 8.9331e-05 | BC: 8.3171e-05 | PDE: 6.1597e-01 | Val: 6.2072e-05 | Test: 1.0575e-04 | LR=9.6e-04

>>> Alpha increased: 1e-05 → 1e-04 (BC=8.6293e-05) <<<
Epoch  15/100 | Steps:  15000 | α=1e-04 | Loss: 9.2362e-05 | BC: 8.6293e-05 | PDE: 6.0690e-01 | Val: 7.5846e-06 | Test: 5.3529e-05 | LR=9.5e-04 *
Epoch  16/100 | Steps:  16000 | α=1e-04 | Loss: 1.0833e-04 | BC: 8.6084e-05 | PDE: 2.2243e-01 | Val: 5.3414e-05 | Test: 6.2132e-05 | LR=9.5e-04
Epoch  17/100 | Steps:  17000 | α=1e-04 | Loss: 8.7278e-05 | BC: 7.5712e-05 | PDE: 1.1567e-01 | Val: 4.0518e-04 | Test: 3.2362e-04 | LR=9.4e-04
Epoch  18/100 | Steps:  18000 | α=1e-04 | Loss: 7.5052e-05 | BC: 6.7886e-05 | PDE: 7.1653e-02 | Val: 7.5295e-06 | Test: 1.8288e-05 | LR=9.3e-04 *
Epoch  19/100 | Steps:  19000 | α=1e-04 | Loss: 6.9274e-05 | BC: 6.4019e-05 | PDE: 5.2548e-02 | Val: 6.0561e-05 | Test: 5.0838e-05 | LR=9.2e-04
Epoch  20/100 | Steps:  20000 | α=1e-04 | Loss: 6.6613e-05 | BC: 6.2129e-05 | PDE: 4.4842e-02 | Val: 7.6776e-06 | Test: 1.3309e-05 | LR=9.1e-04
Epoch  21/100 | Steps:  21000 | α=1e-04 | Loss: 6.8732e-05 | BC: 6.4509e-05 | PDE: 4.2233e-02 | Val: 8.0308e-05 | Test: 6.6739e-05 | LR=9.1e-04
Epoch  22/100 | Steps:  22000 | α=1e-04 | Loss: 5.0933e-05 | BC: 4.7167e-05 | PDE: 3.7668e-02 | Val: 2.1625e-05 | Test: 2.3659e-05 | LR=9.0e-04
Epoch  23/100 | Steps:  23000 | α=1e-04 | Loss: 5.5212e-05 | BC: 5.1657e-05 | PDE: 3.5551e-02 | Val: 1.5203e-05 | Test: 1.8574e-05 | LR=8.9e-04
Epoch  24/100 | Steps:  24000 | α=1e-04 | Loss: 5.7800e-05 | BC: 5.4346e-05 | PDE: 3.4537e-02 | Val: 5.3989e-05 | Test: 3.5959e-05 | LR=8.8e-04
Epoch  25/100 | Steps:  25000 | α=1e-04 | Loss: 4.4790e-05 | BC: 4.1607e-05 | PDE: 3.1836e-02 | Val: 1.1026e-05 | Test: 1.4480e-05 | LR=8.7e-04
Epoch  26/100 | Steps:  26000 | α=1e-04 | Loss: 4.3979e-05 | BC: 4.0892e-05 | PDE: 3.0870e-02 | Val: 1.3206e-05 | Test: 1.8033e-05 | LR=8.6e-04
Epoch  27/100 | Steps:  27000 | α=1e-04 | Loss: 3.6654e-05 | BC: 3.3701e-05 | PDE: 2.9534e-02 | Val: 6.8214e-06 | Test: 1.3658e-05 | LR=8.4e-04 *
Epoch  28/100 | Steps:  28000 | α=1e-04 | Loss: 4.6164e-05 | BC: 4.3256e-05 | PDE: 2.9078e-02 | Val: 2.0867e-06 | Test: 6.2468e-06 | LR=8.3e-04 *
Epoch  29/100 | Steps:  29000 | α=1e-04 | Loss: 3.3006e-05 | BC: 3.0297e-05 | PDE: 2.7087e-02 | Val: 9.7014e-05 | Test: 6.2793e-05 | LR=8.2e-04
Epoch  30/100 | Steps:  30000 | α=1e-04 | Loss: 3.6510e-05 | BC: 3.3887e-05 | PDE: 2.6234e-02 | Val: 8.6450e-06 | Test: 1.0874e-05 | LR=8.1e-04
Epoch  31/100 | Steps:  31000 | α=1e-04 | Loss: 3.5388e-05 | BC: 3.2905e-05 | PDE: 2.4824e-02 | Val: 3.9451e-05 | Test: 4.0727e-05 | LR=8.0e-04

>>> Alpha increased: 1e-04 → 1e-03 (BC=3.0853e-05) <<<
Epoch  32/100 | Steps:  32000 | α=1e-03 | Loss: 3.3236e-05 | BC: 3.0853e-05 | PDE: 2.3834e-02 | Val: 9.5148e-06 | Test: 9.5924e-06 | LR=7.8e-04 *
Epoch  33/100 | Steps:  33000 | α=1e-03 | Loss: 4.2435e-05 | BC: 2.6567e-05 | PDE: 1.5868e-02 | Val: 3.7317e-05 | Test: 2.3734e-05 | LR=7.7e-04
Epoch  34/100 | Steps:  34000 | α=1e-03 | Loss: 3.8426e-05 | BC: 2.6693e-05 | PDE: 1.1733e-02 | Val: 1.2891e-05 | Test: 1.7908e-05 | LR=7.6e-04
Epoch  35/100 | Steps:  35000 | α=1e-03 | Loss: 3.2251e-05 | BC: 2.2734e-05 | PDE: 9.5177e-03 | Val: 4.8093e-05 | Test: 3.7294e-05 | LR=7.4e-04
Epoch  36/100 | Steps:  36000 | α=1e-03 | Loss: 3.2858e-05 | BC: 2.4814e-05 | PDE: 8.0436e-03 | Val: 2.9814e-06 | Test: 4.2016e-06 | LR=7.3e-04 *
Epoch  37/100 | Steps:  37000 | α=1e-03 | Loss: 2.5911e-05 | BC: 1.9121e-05 | PDE: 6.7904e-03 | Val: 7.5068e-07 | Test: 2.5798e-06 | LR=7.2e-04 *
Epoch  38/100 | Steps:  38000 | α=1e-03 | Loss: 3.0408e-05 | BC: 2.4243e-05 | PDE: 6.1647e-03 | Val: 2.0168e-06 | Test: 2.6796e-06 | LR=7.0e-04
Epoch  39/100 | Steps:  39000 | α=1e-03 | Loss: 2.2961e-05 | BC: 1.7612e-05 | PDE: 5.3484e-03 | Val: 5.2305e-06 | Test: 5.5082e-06 | LR=6.9e-04
Epoch  40/100 | Steps:  40000 | α=1e-03 | Loss: 2.2192e-05 | BC: 1.7298e-05 | PDE: 4.8939e-03 | Val: 6.1212e-06 | Test: 5.2470e-06 | LR=6.7e-04
Epoch  41/100 | Steps:  41000 | α=1e-03 | Loss: 2.3804e-05 | BC: 1.9302e-05 | PDE: 4.5018e-03 | Val: 4.3914e-07 | Test: 2.0139e-06 | LR=6.6e-04 *
Epoch  42/100 | Steps:  42000 | α=1e-03 | Loss: 1.9573e-05 | BC: 1.5553e-05 | PDE: 4.0200e-03 | Val: 1.4104e-06 | Test: 1.9312e-06 | LR=6.4e-04
Epoch  43/100 | Steps:  43000 | α=1e-03 | Loss: 1.9071e-05 | BC: 1.5516e-05 | PDE: 3.5555e-03 | Val: 6.9473e-07 | Test: 1.4473e-06 | LR=6.3e-04

>>> Alpha increased: 1e-03 → 1e-02 (BC=1.5562e-05) <<<
Epoch  44/100 | Steps:  44000 | α=1e-02 | Loss: 1.8880e-05 | BC: 1.5562e-05 | PDE: 3.3173e-03 | Val: 8.6907e-07 | Test: 1.3780e-06 | LR=6.1e-04 *
Epoch  45/100 | Steps:  45000 | α=1e-02 | Loss: 5.0448e-05 | BC: 1.5120e-05 | PDE: 3.5328e-03 | Val: 1.1294e-05 | Test: 1.4620e-05 | LR=6.0e-04
Epoch  46/100 | Steps:  46000 | α=1e-02 | Loss: 3.7121e-05 | BC: 1.4068e-05 | PDE: 2.3053e-03 | Val: 2.5031e-06 | Test: 4.1208e-06 | LR=5.8e-04
Epoch  47/100 | Steps:  47000 | α=1e-02 | Loss: 3.0142e-05 | BC: 1.1956e-05 | PDE: 1.8185e-03 | Val: 6.3741e-06 | Test: 7.7150e-06 | LR=5.7e-04
Epoch  48/100 | Steps:  48000 | α=1e-02 | Loss: 2.8966e-05 | BC: 1.2666e-05 | PDE: 1.6300e-03 | Val: 1.0304e-05 | Test: 5.4104e-06 | LR=5.5e-04
Epoch  49/100 | Steps:  49000 | α=1e-02 | Loss: 2.5076e-05 | BC: 1.0279e-05 | PDE: 1.4797e-03 | Val: 8.8895e-06 | Test: 7.9875e-06 | LR=5.4e-04
Epoch  50/100 | Steps:  50000 | α=1e-02 | Loss: 2.5532e-05 | BC: 1.2263e-05 | PDE: 1.3270e-03 | Val: 1.3636e-05 | Test: 8.1511e-06 | LR=5.2e-04
Epoch  51/100 | Steps:  51000 | α=1e-02 | Loss: 2.0397e-05 | BC: 9.1935e-06 | PDE: 1.1204e-03 | Val: 3.3843e-06 | Test: 2.7065e-06 | LR=5.1e-04
Epoch  52/100 | Steps:  52000 | α=1e-02 | Loss: 1.9341e-05 | BC: 9.1972e-06 | PDE: 1.0143e-03 | Val: 1.4514e-05 | Test: 8.6942e-06 | LR=4.9e-04
Epoch  53/100 | Steps:  53000 | α=1e-02 | Loss: 1.7515e-05 | BC: 8.5507e-06 | PDE: 8.9647e-04 | Val: 2.2628e-06 | Test: 2.7792e-06 | LR=4.7e-04
Epoch  54/100 | Steps:  54000 | α=1e-02 | Loss: 1.7353e-05 | BC: 8.0839e-06 | PDE: 9.2690e-04 | Val: 4.6574e-06 | Test: 2.9450e-06 | LR=4.6e-04
Epoch  55/100 | Steps:  55000 | α=1e-02 | Loss: 1.5940e-05 | BC: 7.9881e-06 | PDE: 7.9514e-04 | Val: 3.2473e-06 | Test: 5.0366e-06 | LR=4.4e-04
Epoch  56/100 | Steps:  56000 | α=1e-02 | Loss: 1.3155e-05 | BC: 6.1643e-06 | PDE: 6.9906e-04 | Val: 8.6155e-06 | Test: 5.5623e-06 | LR=4.3e-04
Epoch  57/100 | Steps:  57000 | α=1e-02 | Loss: 1.2761e-05 | BC: 6.3362e-06 | PDE: 6.4248e-04 | Val: 5.9991e-06 | Test: 5.6881e-06 | LR=4.1e-04
Epoch  58/100 | Steps:  58000 | α=1e-02 | Loss: 1.2576e-05 | BC: 6.5931e-06 | PDE: 5.9825e-04 | Val: 1.4113e-06 | Test: 1.0930e-06 | LR=4.0e-04
Epoch  59/100 | Steps:  59000 | α=1e-02 | Loss: 1.1315e-05 | BC: 5.4693e-06 | PDE: 5.8458e-04 | Val: 1.7655e-06 | Test: 2.0576e-06 | LR=3.8e-04
Epoch  60/100 | Steps:  60000 | α=1e-02 | Loss: 1.0286e-05 | BC: 5.1691e-06 | PDE: 5.1164e-04 | Val: 2.0630e-06 | Test: 1.4143e-06 | LR=3.7e-04

>>> Alpha increased: 1e-02 → 1e-01 (BC=5.1226e-06) <<<
Epoch  61/100 | Steps:  61000 | α=1e-01 | Loss: 1.0140e-05 | BC: 5.1226e-06 | PDE: 5.0175e-04 | Val: 1.6218e-06 | Test: 2.4720e-06 | LR=3.5e-04 *
Epoch  62/100 | Steps:  62000 | α=1e-01 | Loss: 3.6772e-04 | BC: 7.8285e-05 | PDE: 2.8943e-03 | Val: 1.2284e-05 | Test: 1.0971e-05 | LR=3.4e-04
Epoch  63/100 | Steps:  63000 | α=1e-01 | Loss: 7.3659e-05 | BC: 9.2829e-06 | PDE: 6.4376e-04 | Val: 1.9815e-05 | Test: 1.0432e-05 | LR=3.2e-04
Epoch  64/100 | Steps:  64000 | α=1e-01 | Loss: 6.9907e-05 | BC: 8.9667e-06 | PDE: 6.0940e-04 | Val: 1.1992e-05 | Test: 8.4591e-06 | LR=3.1e-04
Epoch  65/100 | Steps:  65000 | α=1e-01 | Loss: 7.2544e-05 | BC: 1.0139e-05 | PDE: 6.2405e-04 | Val: 2.2674e-05 | Test: 1.2900e-05 | LR=2.9e-04
Epoch  66/100 | Steps:  66000 | α=1e-01 | Loss: 7.0682e-05 | BC: 9.6464e-06 | PDE: 6.1036e-04 | Val: 1.0742e-05 | Test: 8.5771e-06 | LR=2.8e-04
Epoch  67/100 | Steps:  67000 | α=1e-01 | Loss: 6.5749e-05 | BC: 9.0867e-06 | PDE: 5.6662e-04 | Val: 1.6723e-05 | Test: 1.3269e-05 | LR=2.7e-04
Epoch  68/100 | Steps:  68000 | α=1e-01 | Loss: 4.9226e-05 | BC: 6.2812e-06 | PDE: 4.2945e-04 | Val: 3.9204e-06 | Test: 5.5298e-06 | LR=2.5e-04
Epoch  69/100 | Steps:  69000 | α=1e-01 | Loss: 5.3781e-05 | BC: 7.2617e-06 | PDE: 4.6519e-04 | Val: 1.8228e-05 | Test: 1.1501e-05 | LR=2.4e-04
Epoch  70/100 | Steps:  70000 | α=1e-01 | Loss: 4.7533e-05 | BC: 5.8364e-06 | PDE: 4.1697e-04 | Val: 1.5149e-05 | Test: 1.4743e-05 | LR=2.3e-04
Epoch  71/100 | Steps:  71000 | α=1e-01 | Loss: 4.7885e-05 | BC: 6.4505e-06 | PDE: 4.1435e-04 | Val: 8.0928e-07 | Test: 1.1259e-06 | LR=2.1e-04 *
Epoch  72/100 | Steps:  72000 | α=1e-01 | Loss: 3.4663e-05 | BC: 4.4133e-06 | PDE: 3.0249e-04 | Val: 3.2296e-06 | Test: 4.2683e-06 | LR=2.0e-04
Epoch  73/100 | Steps:  73000 | α=1e-01 | Loss: 3.6641e-05 | BC: 4.6432e-06 | PDE: 3.1998e-04 | Val: 4.5228e-06 | Test: 4.6623e-06 | LR=1.9e-04
Epoch  74/100 | Steps:  74000 | α=1e-01 | Loss: 3.8794e-05 | BC: 5.2635e-06 | PDE: 3.3531e-04 | Val: 9.6141e-07 | Test: 1.1053e-06 | LR=1.8e-04
Epoch  75/100 | Steps:  75000 | α=1e-01 | Loss: 2.4963e-05 | BC: 2.8988e-06 | PDE: 2.2064e-04 | Val: 3.7012e-06 | Test: 3.9380e-06 | LR=1.7e-04
Epoch  76/100 | Steps:  76000 | α=1e-01 | Loss: 2.9659e-05 | BC: 3.5716e-06 | PDE: 2.6088e-04 | Val: 2.1592e-06 | Test: 2.9339e-06 | LR=1.5e-04
Epoch  77/100 | Steps:  77000 | α=1e-01 | Loss: 2.1980e-05 | BC: 2.5019e-06 | PDE: 1.9478e-04 | Val: 2.1068e-06 | Test: 1.7810e-06 | LR=1.4e-04
Epoch  78/100 | Steps:  78000 | α=1e-01 | Loss: 2.2666e-05 | BC: 2.8525e-06 | PDE: 1.9813e-04 | Val: 1.1487e-06 | Test: 1.3378e-06 | LR=1.3e-04
Epoch  79/100 | Steps:  79000 | α=1e-01 | Loss: 2.2492e-05 | BC: 2.7278e-06 | PDE: 1.9764e-04 | Val: 1.6845e-06 | Test: 1.8039e-06 | LR=1.2e-04
Epoch  80/100 | Steps:  80000 | α=1e-01 | Loss: 2.0730e-05 | BC: 2.4805e-06 | PDE: 1.8250e-04 | Val: 6.8945e-07 | Test: 1.3432e-06 | LR=1.1e-04 *
Epoch  81/100 | Steps:  81000 | α=1e-01 | Loss: 1.8169e-05 | BC: 2.0557e-06 | PDE: 1.6113e-04 | Val: 3.5677e-06 | Test: 3.9496e-06 | LR=1.0e-04
Epoch  82/100 | Steps:  82000 | α=1e-01 | Loss: 1.6584e-05 | BC: 1.8117e-06 | PDE: 1.4773e-04 | Val: 3.0613e-06 | Test: 2.5117e-06 | LR=9.6e-05
Epoch  83/100 | Steps:  83000 | α=1e-01 | Loss: 1.4770e-05 | BC: 1.5280e-06 | PDE: 1.3242e-04 | Val: 8.5838e-07 | Test: 8.3151e-07 | LR=8.7e-05
Epoch  84/100 | Steps:  84000 | α=1e-01 | Loss: 1.2150e-05 | BC: 1.2083e-06 | PDE: 1.0941e-04 | Val: 3.7303e-07 | Test: 5.9883e-07 | LR=7.9e-05 *
Epoch  85/100 | Steps:  85000 | α=1e-01 | Loss: 1.4889e-05 | BC: 1.6865e-06 | PDE: 1.3202e-04 | Val: 2.6598e-06 | Test: 2.3021e-06 | LR=7.1e-05
Epoch  86/100 | Steps:  86000 | α=1e-01 | Loss: 1.3145e-05 | BC: 1.4072e-06 | PDE: 1.1738e-04 | Val: 2.6057e-07 | Test: 4.9128e-07 | LR=6.4e-05 *
Epoch  87/100 | Steps:  87000 | α=1e-01 | Loss: 9.8139e-06 | BC: 9.4376e-07 | PDE: 8.8702e-05 | Val: 4.1938e-07 | Test: 6.2691e-07 | LR=5.7e-05
Epoch  88/100 | Steps:  88000 | α=1e-01 | Loss: 1.0795e-05 | BC: 9.6360e-07 | PDE: 9.8311e-05 | Val: 7.3854e-07 | Test: 1.0402e-06 | LR=5.1e-05
Epoch  89/100 | Steps:  89000 | α=1e-01 | Loss: 9.8447e-06 | BC: 8.4578e-07 | PDE: 8.9990e-05 | Val: 3.1812e-07 | Test: 5.7080e-07 | LR=4.5e-05
Epoch  90/100 | Steps:  90000 | α=1e-01 | Loss: 9.0950e-06 | BC: 7.4662e-07 | PDE: 8.3484e-05 | Val: 2.5736e-07 | Test: 4.5420e-07 | LR=3.9e-05 *
Epoch  91/100 | Steps:  91000 | α=1e-01 | Loss: 7.1789e-06 | BC: 5.4621e-07 | PDE: 6.6327e-05 | Val: 8.3381e-07 | Test: 1.1693e-06 | LR=3.4e-05
Epoch  92/100 | Steps:  92000 | α=1e-01 | Loss: 8.1534e-06 | BC: 6.6286e-07 | PDE: 7.4905e-05 | Val: 1.7721e-06 | Test: 2.2002e-06 | LR=3.0e-05
Epoch  93/100 | Steps:  93000 | α=1e-01 | Loss: 7.0595e-06 | BC: 5.1004e-07 | PDE: 6.5495e-05 | Val: 4.7410e-07 | Test: 6.5091e-07 | LR=2.6e-05
Epoch  94/100 | Steps:  94000 | α=1e-01 | Loss: 6.2527e-06 | BC: 4.1394e-07 | PDE: 5.8388e-05 | Val: 5.2791e-07 | Test: 6.7592e-07 | LR=2.2e-05
Epoch  95/100 | Steps:  95000 | α=1e-01 | Loss: 5.5644e-06 | BC: 3.3419e-07 | PDE: 5.2302e-05 | Val: 1.8518e-07 | Test: 3.9699e-07 | LR=1.9e-05 *
Epoch  96/100 | Steps:  96000 | α=1e-01 | Loss: 5.5828e-06 | BC: 2.9917e-07 | PDE: 5.2836e-05 | Val: 2.5859e-07 | Test: 4.1688e-07 | LR=1.6e-05
Epoch  97/100 | Steps:  97000 | α=1e-01 | Loss: 6.2886e-06 | BC: 3.8997e-07 | PDE: 5.8986e-05 | Val: 3.3302e-07 | Test: 3.9008e-07 | LR=1.4e-05
Epoch  98/100 | Steps:  98000 | α=1e-01 | Loss: 5.4860e-06 | BC: 2.5290e-07 | PDE: 5.2331e-05 | Val: 2.5410e-07 | Test: 5.1934e-07 | LR=1.2e-05
Epoch  99/100 | Steps:  99000 | α=1e-01 | Loss: 5.1914e-06 | BC: 2.3567e-07 | PDE: 4.9558e-05 | Val: 1.8148e-07 | Test: 4.0091e-07 | LR=1.1e-05 *
Epoch 100/100 | Steps: 100000 | α=1e-01 | Loss: 5.1010e-06 | BC: 2.2444e-07 | PDE: 4.8765e-05 | Val: 3.1696e-07 | Test: 4.6353e-07 | LR=1.0e-05

Restored best model from epoch 99 (val_loss: 1.8148e-07, test_loss: 4.0091e-07)
Best checkpoint saved to: outputs/expr_7_1/aronsson_square/eta0/checkpoints/best_model.pt
Final checkpoint saved to: outputs/expr_7_1/aronsson_square/eta0/checkpoints/final_model.pt
Training completed in 913.59s (100,000 total steps)

Final Test MSE: 4.6353e-07
Inference (per point): 7.7386e-05s | (full domain): 7.5855e-05s
Saved plot to outputs/expr_7_1/aronsson_square/eta0/plots/results.png
