
============================================================
Running Example: arctan
============================================================

Generated full domain data:
  Boundary points: 40,000
  Interior points: 1,000,000
  Test points: 10,000
Re-sampling enabled: ~1,000,000 interior points per epoch

Splitting data: 80% train, 20% validation
  BC: 32,000 train, 8,000 val
  Interior: 800,000 train, 200,000 val

Model: InfinityLaplacianPINN
  Hidden layers: [128, 128, 128, 128]
  Activation: tanh
  η: 1e-05 (normalized)
  Residual clipping: [-10.0, 10.0]
  Outlier removal: top 2.0%
  Parameters: 50,049

Training configuration:
  Boundary points (train): 32,000 -> 80 batches of 400
  Interior points (train): 1,000,000 -> 1000 batches of 1000
  Interior sampling: RE-SAMPLE each epoch
  Boundary points (val): 8,000
  Validation loss: BC only
  Steps per epoch: 1,000
  Total steps: 100,000
  Epochs: 100
  Loss balancing: FixedAlphaSchedule
  LR scheduler: cosine (LR: 1.0e-03 -> 1.0e-05)

/usr/local/lib/python3.12/dist-packages/torch/autograd/graph.py:824: UserWarning: Attempting to run cuBLAS, but there was no current CUDA context! Attempting to set the primary context... (Triggered internally at /opt/pytorch/pytorch/aten/src/ATen/cuda/CublasHandlePool.cpp:181.)
  return Variable._execution_engine.run_backward(  # Calls into the C++ engine to run the backward pass
Epoch   1/100 | Steps:   1000 | α=0e+00 | Loss: 1.2380e-02 | BC: 1.2380e-02 | PDE: 1.0533e+01 | Val: 3.3095e-04 | Test: 3.8921e-03 | LR=1.0e-03 *
Epoch   2/100 | Steps:   2000 | α=0e+00 | Loss: 3.0765e-04 | BC: 3.0765e-04 | PDE: 1.0501e+01 | Val: 2.9082e-04 | Test: 1.2879e-03 | LR=1.0e-03 *
Epoch   3/100 | Steps:   3000 | α=0e+00 | Loss: 1.4239e-04 | BC: 1.4239e-04 | PDE: 1.0288e+01 | Val: 2.5966e-05 | Test: 1.0834e-03 | LR=1.0e-03 *
Epoch   4/100 | Steps:   4000 | α=0e+00 | Loss: 8.6942e-05 | BC: 8.6942e-05 | PDE: 9.1983e+00 | Val: 1.7443e-05 | Test: 5.8629e-04 | LR=1.0e-03 *
Epoch   5/100 | Steps:   5000 | α=0e+00 | Loss: 7.2292e-05 | BC: 7.2292e-05 | PDE: 8.0859e+00 | Val: 7.2336e-05 | Test: 3.0409e-04 | LR=1.0e-03
Epoch   6/100 | Steps:   6000 | α=0e+00 | Loss: 5.8788e-05 | BC: 5.8788e-05 | PDE: 7.0049e+00 | Val: 7.2276e-05 | Test: 2.2040e-04 | LR=9.9e-04
Epoch   7/100 | Steps:   7000 | α=0e+00 | Loss: 4.9112e-05 | BC: 4.9112e-05 | PDE: 6.0257e+00 | Val: 3.2334e-06 | Test: 1.0466e-04 | LR=9.9e-04 *
Epoch   8/100 | Steps:   8000 | α=0e+00 | Loss: 5.0132e-05 | BC: 5.0132e-05 | PDE: 5.4447e+00 | Val: 4.0568e-06 | Test: 6.9272e-05 | LR=9.9e-04
Epoch   9/100 | Steps:   9000 | α=0e+00 | Loss: 3.4775e-05 | BC: 3.4775e-05 | PDE: 5.5742e+00 | Val: 2.6061e-05 | Test: 8.4566e-05 | LR=9.8e-04
Epoch  10/100 | Steps:  10000 | α=0e+00 | Loss: 3.9968e-05 | BC: 3.9968e-05 | PDE: 6.2499e+00 | Val: 2.4627e-04 | Test: 2.9085e-04 | LR=9.8e-04
Epoch  11/100 | Steps:  11000 | α=0e+00 | Loss: 4.5845e-05 | BC: 4.5845e-05 | PDE: 8.1163e+00 | Val: 1.2298e-06 | Test: 2.4650e-04 | LR=9.8e-04 *
Epoch  12/100 | Steps:  12000 | α=0e+00 | Loss: 1.8103e-05 | BC: 1.8103e-05 | PDE: 9.5222e+00 | Val: 2.5208e-05 | Test: 3.6470e-04 | LR=9.7e-04
Epoch  13/100 | Steps:  13000 | α=0e+00 | Loss: 2.8499e-05 | BC: 2.8499e-05 | PDE: 1.1419e+01 | Val: 2.9586e-06 | Test: 4.5080e-04 | LR=9.7e-04
Epoch  14/100 | Steps:  14000 | α=0e+00 | Loss: 2.3063e-05 | BC: 2.3063e-05 | PDE: 1.2406e+01 | Val: 2.5967e-06 | Test: 6.1959e-04 | LR=9.6e-04
Epoch  15/100 | Steps:  15000 | α=0e+00 | Loss: 2.2776e-05 | BC: 2.2776e-05 | PDE: 1.3259e+01 | Val: 3.7097e-06 | Test: 7.2220e-04 | LR=9.5e-04
Epoch  16/100 | Steps:  16000 | α=0e+00 | Loss: 1.9183e-05 | BC: 1.9183e-05 | PDE: 1.4264e+01 | Val: 3.2967e-05 | Test: 8.8156e-04 | LR=9.5e-04
Epoch  17/100 | Steps:  17000 | α=0e+00 | Loss: 2.8776e-05 | BC: 2.8776e-05 | PDE: 1.5672e+01 | Val: 2.8043e-06 | Test: 8.8955e-04 | LR=9.4e-04
Epoch  18/100 | Steps:  18000 | α=0e+00 | Loss: 2.0447e-05 | BC: 2.0447e-05 | PDE: 1.6299e+01 | Val: 2.7483e-05 | Test: 7.9885e-04 | LR=9.3e-04
Epoch  19/100 | Steps:  19000 | α=0e+00 | Loss: 1.1476e-05 | BC: 1.1476e-05 | PDE: 1.7156e+01 | Val: 2.4956e-05 | Test: 8.9055e-04 | LR=9.2e-04
Epoch  20/100 | Steps:  20000 | α=0e+00 | Loss: 2.6913e-05 | BC: 2.6913e-05 | PDE: 1.8232e+01 | Val: 1.0357e-05 | Test: 9.7606e-04 | LR=9.1e-04
Epoch  21/100 | Steps:  21000 | α=0e+00 | Loss: 7.7290e-06 | BC: 7.7290e-06 | PDE: 1.8553e+01 | Val: 8.3074e-07 | Test: 1.0202e-03 | LR=9.1e-04 *
Epoch  22/100 | Steps:  22000 | α=0e+00 | Loss: 1.7731e-05 | BC: 1.7731e-05 | PDE: 1.9178e+01 | Val: 5.6628e-06 | Test: 1.0030e-03 | LR=9.0e-04
Epoch  23/100 | Steps:  23000 | α=0e+00 | Loss: 1.6446e-05 | BC: 1.6446e-05 | PDE: 1.9576e+01 | Val: 4.5111e-05 | Test: 9.1135e-04 | LR=8.9e-04
Epoch  24/100 | Steps:  24000 | α=0e+00 | Loss: 1.7712e-05 | BC: 1.7712e-05 | PDE: 2.0443e+01 | Val: 3.2092e-06 | Test: 8.5561e-04 | LR=8.8e-04
Epoch  25/100 | Steps:  25000 | α=0e+00 | Loss: 1.9423e-05 | BC: 1.9423e-05 | PDE: 2.0595e+01 | Val: 3.8542e-05 | Test: 5.6475e-04 | LR=8.7e-04
Epoch  26/100 | Steps:  26000 | α=0e+00 | Loss: 1.1079e-05 | BC: 1.1079e-05 | PDE: 2.0766e+01 | Val: 3.1337e-05 | Test: 5.2611e-04 | LR=8.6e-04
Epoch  27/100 | Steps:  27000 | α=0e+00 | Loss: 4.2781e-05 | BC: 4.2781e-05 | PDE: 2.1518e+01 | Val: 2.2736e-06 | Test: 1.9927e-04 | LR=8.4e-04
Epoch  28/100 | Steps:  28000 | α=0e+00 | Loss: 3.0191e-06 | BC: 3.0191e-06 | PDE: 2.1640e+01 | Val: 5.9422e-07 | Test: 1.8975e-04 | LR=8.3e-04 *
Epoch  29/100 | Steps:  29000 | α=0e+00 | Loss: 7.4979e-06 | BC: 7.4979e-06 | PDE: 2.1795e+01 | Val: 6.3217e-07 | Test: 1.9469e-04 | LR=8.2e-04
Epoch  30/100 | Steps:  30000 | α=0e+00 | Loss: 9.2245e-06 | BC: 9.2245e-06 | PDE: 2.2469e+01 | Val: 2.4298e-06 | Test: 2.1380e-04 | LR=8.1e-04
Epoch  31/100 | Steps:  31000 | α=0e+00 | Loss: 1.3512e-05 | BC: 1.3512e-05 | PDE: 2.2982e+01 | Val: 4.9679e-06 | Test: 2.8416e-04 | LR=8.0e-04
Epoch  32/100 | Steps:  32000 | α=0e+00 | Loss: 6.7554e-06 | BC: 6.7554e-06 | PDE: 2.3315e+01 | Val: 1.4366e-06 | Test: 2.8531e-04 | LR=7.8e-04
Epoch  33/100 | Steps:  33000 | α=0e+00 | Loss: 9.4398e-06 | BC: 9.4398e-06 | PDE: 2.3835e+01 | Val: 3.5152e-05 | Test: 3.5160e-04 | LR=7.7e-04
Epoch  34/100 | Steps:  34000 | α=0e+00 | Loss: 9.6149e-06 | BC: 9.6149e-06 | PDE: 2.3996e+01 | Val: 9.0104e-07 | Test: 4.1346e-04 | LR=7.6e-04
Epoch  35/100 | Steps:  35000 | α=0e+00 | Loss: 7.7973e-06 | BC: 7.7973e-06 | PDE: 2.4430e+01 | Val: 7.9766e-06 | Test: 4.7287e-04 | LR=7.4e-04
Epoch  36/100 | Steps:  36000 | α=0e+00 | Loss: 1.0050e-05 | BC: 1.0050e-05 | PDE: 2.4821e+01 | Val: 1.8965e-05 | Test: 6.7396e-04 | LR=7.3e-04
Epoch  37/100 | Steps:  37000 | α=0e+00 | Loss: 7.0176e-06 | BC: 7.0176e-06 | PDE: 2.4780e+01 | Val: 7.7577e-06 | Test: 5.3467e-04 | LR=7.2e-04
Epoch  38/100 | Steps:  38000 | α=0e+00 | Loss: 6.6988e-06 | BC: 6.6988e-06 | PDE: 2.4967e+01 | Val: 5.9395e-05 | Test: 6.1063e-04 | LR=7.0e-04
Epoch  39/100 | Steps:  39000 | α=0e+00 | Loss: 9.5540e-06 | BC: 9.5540e-06 | PDE: 2.4617e+01 | Val: 1.1317e-05 | Test: 4.4048e-04 | LR=6.9e-04
Epoch  40/100 | Steps:  40000 | α=0e+00 | Loss: 1.3141e-05 | BC: 1.3141e-05 | PDE: 2.4304e+01 | Val: 2.7723e-07 | Test: 2.4416e-04 | LR=6.7e-04 *
Epoch  41/100 | Steps:  41000 | α=0e+00 | Loss: 2.0615e-06 | BC: 2.0615e-06 | PDE: 2.3665e+01 | Val: 4.8584e-06 | Test: 3.2016e-04 | LR=6.6e-04
Epoch  42/100 | Steps:  42000 | α=0e+00 | Loss: 7.8048e-06 | BC: 7.8048e-06 | PDE: 2.4350e+01 | Val: 5.1349e-07 | Test: 3.0768e-04 | LR=6.4e-04
Epoch  43/100 | Steps:  43000 | α=0e+00 | Loss: 7.1129e-06 | BC: 7.1129e-06 | PDE: 2.4304e+01 | Val: 8.3962e-06 | Test: 2.9486e-04 | LR=6.3e-04
Epoch  44/100 | Steps:  44000 | α=0e+00 | Loss: 7.6868e-06 | BC: 7.6868e-06 | PDE: 2.3944e+01 | Val: 1.7856e-06 | Test: 1.4634e-04 | LR=6.1e-04
Epoch  45/100 | Steps:  45000 | α=0e+00 | Loss: 3.7627e-06 | BC: 3.7627e-06 | PDE: 2.2904e+01 | Val: 1.5321e-06 | Test: 2.0395e-04 | LR=6.0e-04
Epoch  46/100 | Steps:  46000 | α=0e+00 | Loss: 3.3624e-06 | BC: 3.3624e-06 | PDE: 2.3638e+01 | Val: 2.0373e-06 | Test: 2.9724e-04 | LR=5.8e-04
Epoch  47/100 | Steps:  47000 | α=0e+00 | Loss: 4.5568e-06 | BC: 4.5568e-06 | PDE: 2.4395e+01 | Val: 4.3744e-06 | Test: 3.1877e-04 | LR=5.7e-04
Epoch  48/100 | Steps:  48000 | α=0e+00 | Loss: 4.6205e-06 | BC: 4.6205e-06 | PDE: 2.4251e+01 | Val: 4.8661e-05 | Test: 2.9115e-04 | LR=5.5e-04
Epoch  49/100 | Steps:  49000 | α=0e+00 | Loss: 6.5711e-06 | BC: 6.5711e-06 | PDE: 2.3875e+01 | Val: 1.0547e-06 | Test: 2.6418e-04 | LR=5.4e-04
Epoch  50/100 | Steps:  50000 | α=0e+00 | Loss: 1.9772e-05 | BC: 1.9772e-05 | PDE: 2.4139e+01 | Val: 3.5542e-06 | Test: 5.0562e-04 | LR=5.2e-04
Epoch  51/100 | Steps:  51000 | α=0e+00 | Loss: 1.6997e-06 | BC: 1.6997e-06 | PDE: 2.4162e+01 | Val: 8.9562e-07 | Test: 4.3747e-04 | LR=5.1e-04
Epoch  52/100 | Steps:  52000 | α=0e+00 | Loss: 2.6559e-06 | BC: 2.6559e-06 | PDE: 2.4295e+01 | Val: 5.4187e-07 | Test: 4.4773e-04 | LR=4.9e-04
Epoch  53/100 | Steps:  53000 | α=0e+00 | Loss: 3.0338e-06 | BC: 3.0338e-06 | PDE: 2.4485e+01 | Val: 1.0604e-06 | Test: 4.2337e-04 | LR=4.7e-04
Epoch  54/100 | Steps:  54000 | α=0e+00 | Loss: 2.3394e-06 | BC: 2.3394e-06 | PDE: 2.4641e+01 | Val: 3.2694e-06 | Test: 4.2939e-04 | LR=4.6e-04
Epoch  55/100 | Steps:  55000 | α=0e+00 | Loss: 2.7669e-06 | BC: 2.7669e-06 | PDE: 2.4877e+01 | Val: 1.7018e-06 | Test: 3.9211e-04 | LR=4.4e-04
Epoch  56/100 | Steps:  56000 | α=0e+00 | Loss: 2.6633e-06 | BC: 2.6633e-06 | PDE: 2.5087e+01 | Val: 2.0900e-06 | Test: 3.9881e-04 | LR=4.3e-04
Epoch  57/100 | Steps:  57000 | α=0e+00 | Loss: 2.3448e-06 | BC: 2.3448e-06 | PDE: 2.5237e+01 | Val: 2.0203e-06 | Test: 3.9235e-04 | LR=4.1e-04
Epoch  58/100 | Steps:  58000 | α=0e+00 | Loss: 1.8434e-06 | BC: 1.8434e-06 | PDE: 2.5329e+01 | Val: 5.5672e-07 | Test: 3.7309e-04 | LR=4.0e-04
Epoch  59/100 | Steps:  59000 | α=0e+00 | Loss: 2.1951e-06 | BC: 2.1951e-06 | PDE: 2.5378e+01 | Val: 4.5625e-06 | Test: 3.9384e-04 | LR=3.8e-04
Epoch  60/100 | Steps:  60000 | α=0e+00 | Loss: 1.7754e-06 | BC: 1.7754e-06 | PDE: 2.5523e+01 | Val: 4.5699e-07 | Test: 3.6687e-04 | LR=3.7e-04
Epoch  61/100 | Steps:  61000 | α=0e+00 | Loss: 1.8221e-06 | BC: 1.8221e-06 | PDE: 2.5673e+01 | Val: 5.0536e-06 | Test: 3.5132e-04 | LR=3.5e-04
Epoch  62/100 | Steps:  62000 | α=0e+00 | Loss: 1.7427e-06 | BC: 1.7427e-06 | PDE: 2.5621e+01 | Val: 3.4325e-07 | Test: 3.5582e-04 | LR=3.4e-04
Epoch  63/100 | Steps:  63000 | α=0e+00 | Loss: 1.2523e-06 | BC: 1.2523e-06 | PDE: 2.5725e+01 | Val: 4.4768e-07 | Test: 3.4792e-04 | LR=3.2e-04
Epoch  64/100 | Steps:  64000 | α=0e+00 | Loss: 1.4735e-06 | BC: 1.4735e-06 | PDE: 2.5725e+01 | Val: 6.9064e-07 | Test: 3.5556e-04 | LR=3.1e-04
Epoch  65/100 | Steps:  65000 | α=0e+00 | Loss: 1.0979e-06 | BC: 1.0979e-06 | PDE: 2.5778e+01 | Val: 4.8895e-07 | Test: 3.4450e-04 | LR=2.9e-04
Epoch  66/100 | Steps:  66000 | α=0e+00 | Loss: 9.8673e-07 | BC: 9.8673e-07 | PDE: 2.5869e+01 | Val: 4.0639e-07 | Test: 3.3541e-04 | LR=2.8e-04
Epoch  67/100 | Steps:  67000 | α=0e+00 | Loss: 1.0783e-06 | BC: 1.0783e-06 | PDE: 2.5862e+01 | Val: 1.0683e-07 | Test: 3.3510e-04 | LR=2.7e-04 *
Epoch  68/100 | Steps:  68000 | α=0e+00 | Loss: 7.9347e-07 | BC: 7.9347e-07 | PDE: 2.5944e+01 | Val: 6.1607e-07 | Test: 3.3724e-04 | LR=2.5e-04
Epoch  69/100 | Steps:  69000 | α=0e+00 | Loss: 6.6163e-07 | BC: 6.6163e-07 | PDE: 2.5873e+01 | Val: 1.8834e-07 | Test: 3.3480e-04 | LR=2.4e-04
Epoch  70/100 | Steps:  70000 | α=0e+00 | Loss: 8.7947e-07 | BC: 8.7947e-07 | PDE: 2.5850e+01 | Val: 7.4238e-07 | Test: 3.3766e-04 | LR=2.3e-04
Epoch  71/100 | Steps:  71000 | α=0e+00 | Loss: 5.8117e-07 | BC: 5.8117e-07 | PDE: 2.5842e+01 | Val: 1.4955e-07 | Test: 3.3305e-04 | LR=2.1e-04
Epoch  72/100 | Steps:  72000 | α=0e+00 | Loss: 5.0350e-07 | BC: 5.0350e-07 | PDE: 2.5744e+01 | Val: 1.2441e-07 | Test: 3.2548e-04 | LR=2.0e-04
Epoch  73/100 | Steps:  73000 | α=0e+00 | Loss: 4.3424e-07 | BC: 4.3424e-07 | PDE: 2.5698e+01 | Val: 2.4329e-07 | Test: 3.3017e-04 | LR=1.9e-04
Epoch  74/100 | Steps:  74000 | α=0e+00 | Loss: 4.2768e-07 | BC: 4.2768e-07 | PDE: 2.5652e+01 | Val: 1.1312e-07 | Test: 3.2918e-04 | LR=1.8e-04
Epoch  75/100 | Steps:  75000 | α=0e+00 | Loss: 4.0016e-07 | BC: 4.0016e-07 | PDE: 2.5636e+01 | Val: 7.0397e-08 | Test: 3.2503e-04 | LR=1.7e-04 *
Epoch  76/100 | Steps:  76000 | α=0e+00 | Loss: 3.2533e-07 | BC: 3.2533e-07 | PDE: 2.5647e+01 | Val: 1.5689e-06 | Test: 3.3019e-04 | LR=1.5e-04
Epoch  77/100 | Steps:  77000 | α=0e+00 | Loss: 2.6759e-07 | BC: 2.6759e-07 | PDE: 2.5656e+01 | Val: 2.9144e-07 | Test: 3.2180e-04 | LR=1.4e-04
Epoch  78/100 | Steps:  78000 | α=0e+00 | Loss: 2.3631e-07 | BC: 2.3631e-07 | PDE: 2.5582e+01 | Val: 2.5931e-07 | Test: 3.2555e-04 | LR=1.3e-04
Epoch  79/100 | Steps:  79000 | α=0e+00 | Loss: 3.1856e-07 | BC: 3.1856e-07 | PDE: 2.5568e+01 | Val: 4.0050e-08 | Test: 3.1710e-04 | LR=1.2e-04 *
Epoch  80/100 | Steps:  80000 | α=0e+00 | Loss: 2.0002e-07 | BC: 2.0002e-07 | PDE: 2.5523e+01 | Val: 2.5615e-08 | Test: 3.1898e-04 | LR=1.1e-04 *
Epoch  81/100 | Steps:  81000 | α=0e+00 | Loss: 1.3823e-07 | BC: 1.3823e-07 | PDE: 2.5417e+01 | Val: 1.2641e-07 | Test: 3.1863e-04 | LR=1.0e-04
Epoch  82/100 | Steps:  82000 | α=0e+00 | Loss: 1.3289e-07 | BC: 1.3289e-07 | PDE: 2.5408e+01 | Val: 2.3264e-07 | Test: 3.1660e-04 | LR=9.6e-05
Epoch  83/100 | Steps:  83000 | α=0e+00 | Loss: 1.3836e-07 | BC: 1.3836e-07 | PDE: 2.5449e+01 | Val: 7.6789e-07 | Test: 3.1525e-04 | LR=8.7e-05
Epoch  84/100 | Steps:  84000 | α=0e+00 | Loss: 1.7469e-07 | BC: 1.7469e-07 | PDE: 2.5375e+01 | Val: 6.4576e-08 | Test: 3.1570e-04 | LR=7.9e-05
Epoch  85/100 | Steps:  85000 | α=0e+00 | Loss: 5.3466e-08 | BC: 5.3466e-08 | PDE: 2.5333e+01 | Val: 3.5961e-07 | Test: 3.1448e-04 | LR=7.1e-05
Epoch  86/100 | Steps:  86000 | α=0e+00 | Loss: 7.4653e-08 | BC: 7.4653e-08 | PDE: 2.5359e+01 | Val: 2.7700e-08 | Test: 3.1443e-04 | LR=6.4e-05
Epoch  87/100 | Steps:  87000 | α=0e+00 | Loss: 7.5307e-08 | BC: 7.5307e-08 | PDE: 2.5354e+01 | Val: 8.3635e-08 | Test: 3.1354e-04 | LR=5.7e-05
Epoch  88/100 | Steps:  88000 | α=0e+00 | Loss: 5.4347e-08 | BC: 5.4347e-08 | PDE: 2.5306e+01 | Val: 2.9218e-08 | Test: 3.1173e-04 | LR=5.1e-05
Epoch  89/100 | Steps:  89000 | α=0e+00 | Loss: 6.3109e-08 | BC: 6.3109e-08 | PDE: 2.5267e+01 | Val: 3.4139e-08 | Test: 3.1169e-04 | LR=4.5e-05
Epoch  90/100 | Steps:  90000 | α=0e+00 | Loss: 3.2916e-08 | BC: 3.2916e-08 | PDE: 2.5196e+01 | Val: 1.9495e-08 | Test: 3.1124e-04 | LR=3.9e-05 *
Epoch  91/100 | Steps:  91000 | α=0e+00 | Loss: 3.5642e-08 | BC: 3.5642e-08 | PDE: 2.5308e+01 | Val: 3.2229e-08 | Test: 3.1148e-04 | LR=3.4e-05
Epoch  92/100 | Steps:  92000 | α=0e+00 | Loss: 3.1417e-08 | BC: 3.1417e-08 | PDE: 2.5142e+01 | Val: 2.9348e-08 | Test: 3.0982e-04 | LR=3.0e-05
Epoch  93/100 | Steps:  93000 | α=0e+00 | Loss: 3.0530e-08 | BC: 3.0530e-08 | PDE: 2.5190e+01 | Val: 5.0850e-08 | Test: 3.0955e-04 | LR=2.6e-05
Epoch  94/100 | Steps:  94000 | α=0e+00 | Loss: 2.5172e-08 | BC: 2.5172e-08 | PDE: 2.5160e+01 | Val: 1.7114e-08 | Test: 3.0832e-04 | LR=2.2e-05 *
Epoch  95/100 | Steps:  95000 | α=0e+00 | Loss: 2.3391e-08 | BC: 2.3391e-08 | PDE: 2.5087e+01 | Val: 5.4467e-08 | Test: 3.0867e-04 | LR=1.9e-05
Epoch  96/100 | Steps:  96000 | α=0e+00 | Loss: 2.0527e-08 | BC: 2.0527e-08 | PDE: 2.5137e+01 | Val: 1.7547e-08 | Test: 3.0804e-04 | LR=1.6e-05
Epoch  97/100 | Steps:  97000 | α=0e+00 | Loss: 2.0159e-08 | BC: 2.0159e-08 | PDE: 2.5151e+01 | Val: 1.8357e-08 | Test: 3.0610e-04 | LR=1.4e-05
Epoch  98/100 | Steps:  98000 | α=0e+00 | Loss: 1.7456e-08 | BC: 1.7456e-08 | PDE: 2.5132e+01 | Val: 2.3200e-08 | Test: 3.0629e-04 | LR=1.2e-05
Epoch  99/100 | Steps:  99000 | α=0e+00 | Loss: 1.7212e-08 | BC: 1.7212e-08 | PDE: 2.5107e+01 | Val: 1.4134e-08 | Test: 3.0584e-04 | LR=1.1e-05 *
Epoch 100/100 | Steps: 100000 | α=0e+00 | Loss: 1.6131e-08 | BC: 1.6131e-08 | PDE: 2.5072e+01 | Val: 1.4470e-08 | Test: 3.0575e-04 | LR=1.0e-05

Restored best model from epoch 99 (val_loss: 1.4134e-08, test_loss: 3.0584e-04)
Best checkpoint saved to: outputs/expr_7_1/arctan/alpha0/checkpoints/best_model.pt
Final checkpoint saved to: outputs/expr_7_1/arctan/alpha0/checkpoints/final_model.pt
Training completed in 1141.05s (100,000 total steps)

Final Test MSE: 3.0575e-04
Inference (per point): 8.4412e-05s | (full domain): 8.2340e-05s
Saved plot to outputs/expr_7_1/arctan/alpha0/plots/results.png
