
============================================================
Running Example: absolute
============================================================

Generated full domain data:
  Boundary points: 40,000
  Interior points: 1,000,000
  Test points: 10,000
Re-sampling enabled: ~1,000,000 interior points per epoch

Splitting data: 80% train, 20% validation
  BC: 32,000 train, 8,000 val
  Interior: 800,000 train, 200,000 val

Model: DomainDecompositionPINN
  Hidden layers: [32, 32]
  Activation: tanh
  η: 1e-05 (normalized)
  Residual clipping: [-10.0, 10.0]
  Outlier removal: top 2.0%
  Parameters: 4,740

Training configuration:
  Boundary points (train): 32,000 -> 80 batches of 400
  Interior points (train): 1,000,000 -> 1000 batches of 1000
  Interior sampling: RE-SAMPLE each epoch
  Boundary points (val): 8,000
  Validation loss: BC only
  Steps per epoch: 1,000
  Total steps: 100,000
  Epochs: 100
  Loss balancing: AlphaPlateauScheduler
  LR scheduler: cosine (LR: 1.0e-03 -> 1.0e-05)

/usr/local/lib/python3.12/dist-packages/torch/autograd/graph.py:824: UserWarning: Attempting to run cuBLAS, but there was no current CUDA context! Attempting to set the primary context... (Triggered internally at /opt/pytorch/pytorch/aten/src/ATen/cuda/CublasHandlePool.cpp:181.)
  return Variable._execution_engine.run_backward(  # Calls into the C++ engine to run the backward pass
Epoch   1/100 | Steps:   1000 | α=1e-05 | Loss: 7.9728e-03 | BC: 7.7735e-03 | PDE: 6.6782e-02 | Intf: 1.9862e-04 | Val: 7.9513e-06 | Test: 2.2530e-04 | LR=1.0e-03 *
Epoch   2/100 | Steps:   2000 | α=1e-05 | Loss: 1.7553e-05 | BC: 1.3537e-05 | PDE: 7.0071e-02 | Intf: 3.3150e-06 | Val: 1.0056e-04 | Test: 2.6401e-04 | LR=1.0e-03
Epoch   3/100 | Steps:   3000 | α=1e-05 | Loss: 5.5487e-05 | BC: 3.9110e-05 | PDE: 7.1559e-02 | Intf: 1.5661e-05 | Val: 6.5218e-05 | Test: 2.2721e-04 | LR=1.0e-03
Epoch   4/100 | Steps:   4000 | α=1e-05 | Loss: 8.7594e-05 | BC: 6.3491e-05 | PDE: 7.2086e-02 | Intf: 2.3382e-05 | Val: 9.0208e-05 | Test: 2.4512e-04 | LR=1.0e-03
Epoch   5/100 | Steps:   5000 | α=1e-05 | Loss: 8.9995e-05 | BC: 6.0960e-05 | PDE: 7.1097e-02 | Intf: 2.8324e-05 | Val: 2.2012e-05 | Test: 2.0361e-04 | LR=1.0e-03
Epoch   6/100 | Steps:   6000 | α=1e-05 | Loss: 7.6908e-05 | BC: 5.2898e-05 | PDE: 6.9585e-02 | Intf: 2.3314e-05 | Val: 1.2287e-04 | Test: 3.0979e-04 | LR=9.9e-04

>>> Alpha increased: 1e-05 → 1e-04 (BC=4.7674e-05) <<<
Epoch   7/100 | Steps:   7000 | α=1e-04 | Loss: 7.4013e-05 | BC: 4.7674e-05 | PDE: 6.8193e-02 | Intf: 2.5658e-05 | Val: 2.4573e-05 | Test: 2.0258e-04 | LR=9.9e-04 *
Epoch   8/100 | Steps:   8000 | α=1e-04 | Loss: 6.5000e-05 | BC: 3.7915e-05 | PDE: 6.4885e-02 | Intf: 2.0597e-05 | Val: 6.3152e-05 | Test: 1.9175e-04 | LR=9.9e-04
Epoch   9/100 | Steps:   9000 | α=1e-04 | Loss: 7.6067e-05 | BC: 4.5394e-05 | PDE: 6.0818e-02 | Intf: 2.4592e-05 | Val: 7.1183e-05 | Test: 2.0732e-04 | LR=9.8e-04
Epoch  10/100 | Steps:  10000 | α=1e-04 | Loss: 6.3428e-05 | BC: 3.7113e-05 | PDE: 5.7833e-02 | Intf: 2.0532e-05 | Val: 3.1034e-05 | Test: 1.5909e-04 | LR=9.8e-04
Epoch  11/100 | Steps:  11000 | α=1e-04 | Loss: 6.6220e-05 | BC: 4.5314e-05 | PDE: 5.5587e-02 | Intf: 1.5348e-05 | Val: 1.4584e-05 | Test: 1.4638e-04 | LR=9.8e-04 *
Epoch  12/100 | Steps:  12000 | α=1e-04 | Loss: 6.3307e-05 | BC: 4.1370e-05 | PDE: 5.3633e-02 | Intf: 1.6574e-05 | Val: 7.6619e-06 | Test: 1.3370e-04 | LR=9.7e-04 *
Epoch  13/100 | Steps:  13000 | α=1e-04 | Loss: 5.8833e-05 | BC: 3.5343e-05 | PDE: 5.2218e-02 | Intf: 1.8269e-05 | Val: 1.3688e-05 | Test: 1.2632e-04 | LR=9.7e-04
Epoch  14/100 | Steps:  14000 | α=1e-04 | Loss: 4.9699e-05 | BC: 2.9496e-05 | PDE: 5.0914e-02 | Intf: 1.5112e-05 | Val: 4.7812e-05 | Test: 1.5884e-04 | LR=9.6e-04
Epoch  15/100 | Steps:  15000 | α=1e-04 | Loss: 4.9469e-05 | BC: 2.9911e-05 | PDE: 4.9840e-02 | Intf: 1.4574e-05 | Val: 9.8759e-06 | Test: 1.3013e-04 | LR=9.5e-04
Epoch  16/100 | Steps:  16000 | α=1e-04 | Loss: 4.4454e-05 | BC: 2.6162e-05 | PDE: 4.8865e-02 | Intf: 1.3406e-05 | Val: 2.0175e-05 | Test: 1.2011e-04 | LR=9.5e-04
Epoch  17/100 | Steps:  17000 | α=1e-04 | Loss: 4.0628e-05 | BC: 2.3620e-05 | PDE: 4.8045e-02 | Intf: 1.2204e-05 | Val: 5.1136e-05 | Test: 1.5076e-04 | LR=9.4e-04
Epoch  18/100 | Steps:  18000 | α=1e-04 | Loss: 4.8307e-05 | BC: 2.7077e-05 | PDE: 4.7276e-02 | Intf: 1.6502e-05 | Val: 1.3732e-05 | Test: 1.2229e-04 | LR=9.3e-04

>>> Alpha increased: 1e-04 → 1e-03 (BC=2.4104e-05) <<<
Epoch  19/100 | Steps:  19000 | α=1e-03 | Loss: 3.8199e-05 | BC: 2.4104e-05 | PDE: 4.6818e-02 | Intf: 9.4130e-06 | Val: 3.4748e-06 | Test: 1.1751e-04 | LR=9.2e-04 *
Epoch  20/100 | Steps:  20000 | α=1e-03 | Loss: 8.1449e-05 | BC: 2.6183e-05 | PDE: 4.0200e-02 | Intf: 1.5066e-05 | Val: 2.6142e-05 | Test: 1.1726e-04 | LR=9.1e-04
Epoch  21/100 | Steps:  21000 | α=1e-03 | Loss: 6.8434e-05 | BC: 2.2620e-05 | PDE: 3.3656e-02 | Intf: 1.2158e-05 | Val: 5.0034e-05 | Test: 1.1247e-04 | LR=9.1e-04
Epoch  22/100 | Steps:  22000 | α=1e-03 | Loss: 6.6175e-05 | BC: 2.2446e-05 | PDE: 3.0025e-02 | Intf: 1.3704e-05 | Val: 1.6160e-05 | Test: 8.5785e-05 | LR=9.0e-04
Epoch  23/100 | Steps:  23000 | α=1e-03 | Loss: 6.1291e-05 | BC: 2.2727e-05 | PDE: 2.7194e-02 | Intf: 1.1371e-05 | Val: 5.9591e-05 | Test: 1.0693e-04 | LR=8.9e-04
Epoch  24/100 | Steps:  24000 | α=1e-03 | Loss: 6.2951e-05 | BC: 2.5255e-05 | PDE: 2.5327e-02 | Intf: 1.2369e-05 | Val: 3.5508e-05 | Test: 9.2850e-05 | LR=8.8e-04
Epoch  25/100 | Steps:  25000 | α=1e-03 | Loss: 5.8473e-05 | BC: 2.4133e-05 | PDE: 2.3815e-02 | Intf: 1.0524e-05 | Val: 6.2441e-05 | Test: 1.0590e-04 | LR=8.7e-04
Epoch  26/100 | Steps:  26000 | α=1e-03 | Loss: 5.3593e-05 | BC: 2.1828e-05 | PDE: 2.2493e-02 | Intf: 9.2726e-06 | Val: 3.6882e-05 | Test: 8.6552e-05 | LR=8.6e-04

>>> Alpha increased: 1e-03 → 1e-02 (BC=2.1223e-05) <<<
Epoch  27/100 | Steps:  27000 | α=1e-02 | Loss: 5.3571e-05 | BC: 2.1223e-05 | PDE: 2.1299e-02 | Intf: 1.1049e-05 | Val: 1.4861e-05 | Test: 6.9862e-05 | LR=8.4e-04 *
Epoch  28/100 | Steps:  28000 | α=1e-02 | Loss: 2.0759e-04 | BC: 3.7932e-05 | PDE: 1.5201e-02 | Intf: 1.7645e-05 | Val: 2.3074e-05 | Test: 5.1214e-05 | LR=8.3e-04
Epoch  29/100 | Steps:  29000 | α=1e-02 | Loss: 1.4324e-04 | BC: 3.2383e-05 | PDE: 9.8227e-03 | Intf: 1.2631e-05 | Val: 3.5745e-05 | Test: 5.2344e-05 | LR=8.2e-04
Epoch  30/100 | Steps:  30000 | α=1e-02 | Loss: 1.2208e-04 | BC: 3.2620e-05 | PDE: 7.5629e-03 | Intf: 1.3836e-05 | Val: 6.6764e-05 | Test: 5.7946e-05 | LR=8.1e-04
Epoch  31/100 | Steps:  31000 | α=1e-02 | Loss: 1.0886e-04 | BC: 3.3289e-05 | PDE: 6.2695e-03 | Intf: 1.2880e-05 | Val: 9.5634e-06 | Test: 2.7080e-05 | LR=8.0e-04 *
Epoch  32/100 | Steps:  32000 | α=1e-02 | Loss: 9.2112e-05 | BC: 2.6716e-05 | PDE: 5.4037e-03 | Intf: 1.1359e-05 | Val: 3.0413e-05 | Test: 3.7467e-05 | LR=7.8e-04
Epoch  33/100 | Steps:  33000 | α=1e-02 | Loss: 9.2403e-05 | BC: 3.0905e-05 | PDE: 4.7645e-03 | Intf: 1.3853e-05 | Val: 4.4165e-05 | Test: 4.9693e-05 | LR=7.7e-04
Epoch  34/100 | Steps:  34000 | α=1e-02 | Loss: 7.8786e-05 | BC: 2.5008e-05 | PDE: 4.3065e-03 | Intf: 1.0714e-05 | Val: 5.8441e-06 | Test: 1.6367e-05 | LR=7.6e-04 *
Epoch  35/100 | Steps:  35000 | α=1e-02 | Loss: 8.4738e-05 | BC: 3.2921e-05 | PDE: 3.9195e-03 | Intf: 1.2622e-05 | Val: 3.9563e-05 | Test: 4.2580e-05 | LR=7.4e-04
Epoch  36/100 | Steps:  36000 | α=1e-02 | Loss: 7.7662e-05 | BC: 3.0495e-05 | PDE: 3.6252e-03 | Intf: 1.0915e-05 | Val: 3.6098e-05 | Test: 3.3390e-05 | LR=7.3e-04
Epoch  37/100 | Steps:  37000 | α=1e-02 | Loss: 7.2301e-05 | BC: 2.7975e-05 | PDE: 3.3655e-03 | Intf: 1.0671e-05 | Val: 2.7619e-05 | Test: 2.6738e-05 | LR=7.2e-04
Epoch  38/100 | Steps:  38000 | α=1e-02 | Loss: 7.4133e-05 | BC: 3.2347e-05 | PDE: 3.1331e-03 | Intf: 1.0456e-05 | Val: 4.5436e-05 | Test: 3.8080e-05 | LR=7.0e-04

>>> Alpha increased: 1e-02 → 1e-01 (BC=2.6366e-05) <<<
Epoch  39/100 | Steps:  39000 | α=1e-01 | Loss: 6.5061e-05 | BC: 2.6366e-05 | PDE: 2.9344e-03 | Intf: 9.3505e-06 | Val: 4.1172e-06 | Test: 9.7797e-06 | LR=6.9e-04 *
Epoch  40/100 | Steps:  40000 | α=1e-01 | Loss: 2.1488e-04 | BC: 4.3803e-05 | PDE: 1.5129e-03 | Intf: 1.9784e-05 | Val: 1.2269e-05 | Test: 1.1870e-05 | LR=6.7e-04
Epoch  41/100 | Steps:  41000 | α=1e-01 | Loss: 1.0681e-04 | BC: 3.4974e-05 | PDE: 5.7166e-04 | Intf: 1.4669e-05 | Val: 1.7425e-05 | Test: 1.1853e-05 | LR=6.6e-04
Epoch  42/100 | Steps:  42000 | α=1e-01 | Loss: 7.8152e-05 | BC: 3.2948e-05 | PDE: 3.2232e-04 | Intf: 1.2972e-05 | Val: 4.3726e-05 | Test: 2.4386e-05 | LR=6.4e-04
Epoch  43/100 | Steps:  43000 | α=1e-01 | Loss: 6.7408e-05 | BC: 3.0275e-05 | PDE: 2.5287e-04 | Intf: 1.1847e-05 | Val: 5.5590e-05 | Test: 4.3980e-05 | LR=6.3e-04
Epoch  44/100 | Steps:  44000 | α=1e-01 | Loss: 6.7621e-05 | BC: 3.3541e-05 | PDE: 2.1313e-04 | Intf: 1.2767e-05 | Val: 8.6632e-06 | Test: 6.9127e-06 | LR=6.1e-04
Epoch  45/100 | Steps:  45000 | α=1e-01 | Loss: 5.4920e-05 | BC: 2.5098e-05 | PDE: 1.8518e-04 | Intf: 1.1304e-05 | Val: 6.9046e-06 | Test: 6.5419e-06 | LR=6.0e-04
Epoch  46/100 | Steps:  46000 | α=1e-01 | Loss: 5.4335e-05 | BC: 2.6875e-05 | PDE: 1.6473e-04 | Intf: 1.0987e-05 | Val: 5.6519e-06 | Test: 4.1267e-06 | LR=5.8e-04
Epoch  47/100 | Steps:  47000 | α=1e-01 | Loss: 4.5391e-05 | BC: 2.1511e-05 | PDE: 1.4777e-04 | Intf: 9.1024e-06 | Val: 1.7877e-05 | Test: 1.3744e-05 | LR=5.7e-04
Epoch  48/100 | Steps:  48000 | α=1e-01 | Loss: 4.1533e-05 | BC: 1.7873e-05 | PDE: 1.3455e-04 | Intf: 1.0206e-05 | Val: 5.2439e-06 | Test: 3.7520e-06 | LR=5.5e-04
Epoch  49/100 | Steps:  49000 | α=1e-01 | Loss: 4.1350e-05 | BC: 1.9752e-05 | PDE: 1.2440e-04 | Intf: 9.1585e-06 | Val: 1.1578e-05 | Test: 7.8576e-06 | LR=5.4e-04
Epoch  50/100 | Steps:  50000 | α=1e-01 | Loss: 3.6633e-05 | BC: 1.6490e-05 | PDE: 1.1494e-04 | Intf: 8.6484e-06 | Val: 3.2651e-06 | Test: 4.4724e-06 | LR=5.2e-04 *
Epoch  51/100 | Steps:  51000 | α=1e-01 | Loss: 3.6216e-05 | BC: 1.5834e-05 | PDE: 1.0785e-04 | Intf: 9.5961e-06 | Val: 1.7412e-06 | Test: 1.5847e-06 | LR=5.1e-04 *
Epoch  52/100 | Steps:  52000 | α=1e-01 | Loss: 3.1102e-05 | BC: 1.3998e-05 | PDE: 1.0145e-04 | Intf: 6.9583e-06 | Val: 8.6218e-06 | Test: 9.5831e-06 | LR=4.9e-04
Epoch  53/100 | Steps:  53000 | α=1e-01 | Loss: 3.3010e-05 | BC: 1.4926e-05 | PDE: 9.5769e-05 | Intf: 8.5067e-06 | Val: 2.7420e-05 | Test: 3.4245e-05 | LR=4.7e-04
Epoch  54/100 | Steps:  54000 | α=1e-01 | Loss: 2.9689e-05 | BC: 1.2853e-05 | PDE: 9.1141e-05 | Intf: 7.7221e-06 | Val: 6.6231e-05 | Test: 3.4296e-05 | LR=4.6e-04
Epoch  55/100 | Steps:  55000 | α=1e-01 | Loss: 2.8282e-05 | BC: 1.2808e-05 | PDE: 8.7019e-05 | Intf: 6.7718e-06 | Val: 9.5548e-07 | Test: 1.0110e-06 | LR=4.4e-04 *
Epoch  56/100 | Steps:  56000 | α=1e-01 | Loss: 2.4759e-05 | BC: 1.0367e-05 | PDE: 8.2891e-05 | Intf: 6.1028e-06 | Val: 5.1059e-06 | Test: 3.5549e-06 | LR=4.3e-04
Epoch  57/100 | Steps:  57000 | α=1e-01 | Loss: 2.5471e-05 | BC: 1.1293e-05 | PDE: 7.9107e-05 | Intf: 6.2666e-06 | Val: 1.5349e-05 | Test: 9.3787e-06 | LR=4.1e-04
Epoch  58/100 | Steps:  58000 | α=1e-01 | Loss: 2.1604e-05 | BC: 8.8373e-06 | PDE: 7.6220e-05 | Intf: 5.1448e-06 | Val: 3.2892e-06 | Test: 2.9427e-06 | LR=4.0e-04
Epoch  59/100 | Steps:  59000 | α=1e-01 | Loss: 2.2906e-05 | BC: 1.0273e-05 | PDE: 7.3604e-05 | Intf: 5.2722e-06 | Val: 7.9802e-07 | Test: 8.1249e-07 | LR=3.8e-04 *
Epoch  60/100 | Steps:  60000 | α=1e-01 | Loss: 1.7533e-05 | BC: 6.4726e-06 | PDE: 7.0289e-05 | Intf: 4.0315e-06 | Val: 3.1241e-06 | Test: 3.3513e-06 | LR=3.7e-04
Epoch  61/100 | Steps:  61000 | α=1e-01 | Loss: 2.1104e-05 | BC: 9.0166e-06 | PDE: 6.8220e-05 | Intf: 5.2658e-06 | Val: 1.3689e-06 | Test: 1.3836e-06 | LR=3.5e-04
Epoch  62/100 | Steps:  62000 | α=1e-01 | Loss: 1.6073e-05 | BC: 5.6488e-06 | PDE: 6.5476e-05 | Intf: 3.8762e-06 | Val: 3.2695e-06 | Test: 1.8724e-06 | LR=3.4e-04
Epoch  63/100 | Steps:  63000 | α=1e-01 | Loss: 1.8995e-05 | BC: 8.4432e-06 | PDE: 6.3446e-05 | Intf: 4.2074e-06 | Val: 2.3957e-06 | Test: 2.0894e-06 | LR=3.2e-04
Epoch  64/100 | Steps:  64000 | α=1e-01 | Loss: 1.2834e-05 | BC: 4.2460e-06 | PDE: 6.1615e-05 | Intf: 2.4264e-06 | Val: 1.1981e-06 | Test: 2.3746e-06 | LR=3.1e-04
Epoch  65/100 | Steps:  65000 | α=1e-01 | Loss: 1.4891e-05 | BC: 5.6686e-06 | PDE: 5.9086e-05 | Intf: 3.3140e-06 | Val: 1.2145e-05 | Test: 2.3024e-05 | LR=2.9e-04
Epoch  66/100 | Steps:  66000 | α=1e-01 | Loss: 1.3960e-05 | BC: 5.1216e-06 | PDE: 5.7837e-05 | Intf: 3.0547e-06 | Val: 5.9585e-07 | Test: 5.7180e-07 | LR=2.8e-04 *
Epoch  67/100 | Steps:  67000 | α=1e-01 | Loss: 1.2395e-05 | BC: 4.6436e-06 | PDE: 5.5667e-05 | Intf: 2.1851e-06 | Val: 1.8476e-05 | Test: 1.8277e-05 | LR=2.7e-04
Epoch  68/100 | Steps:  68000 | α=1e-01 | Loss: 1.1480e-05 | BC: 3.8621e-06 | PDE: 5.4247e-05 | Intf: 2.1935e-06 | Val: 2.0663e-06 | Test: 1.1692e-06 | LR=2.5e-04
Epoch  69/100 | Steps:  69000 | α=1e-01 | Loss: 1.1297e-05 | BC: 3.8904e-06 | PDE: 5.2840e-05 | Intf: 2.1223e-06 | Val: 5.9120e-06 | Test: 3.6101e-06 | LR=2.4e-04
Epoch  70/100 | Steps:  70000 | α=1e-01 | Loss: 1.1405e-05 | BC: 4.3287e-06 | PDE: 5.0731e-05 | Intf: 2.0027e-06 | Val: 1.1694e-06 | Test: 9.4737e-07 | LR=2.3e-04
Epoch  71/100 | Steps:  71000 | α=1e-01 | Loss: 9.1760e-06 | BC: 2.6333e-06 | PDE: 4.9581e-05 | Intf: 1.5846e-06 | Val: 7.0783e-07 | Test: 6.9363e-07 | LR=2.1e-04
Epoch  72/100 | Steps:  72000 | α=1e-01 | Loss: 9.1325e-06 | BC: 2.7361e-06 | PDE: 4.8097e-05 | Intf: 1.5868e-06 | Val: 5.8967e-06 | Test: 6.8718e-06 | LR=2.0e-04
Epoch  73/100 | Steps:  73000 | α=1e-01 | Loss: 8.1139e-06 | BC: 2.2777e-06 | PDE: 4.7129e-05 | Intf: 1.1233e-06 | Val: 1.2325e-06 | Test: 1.5914e-06 | LR=1.9e-04
Epoch  74/100 | Steps:  74000 | α=1e-01 | Loss: 7.6994e-06 | BC: 2.1694e-06 | PDE: 4.5601e-05 | Intf: 9.6984e-07 | Val: 1.0154e-06 | Test: 1.5934e-06 | LR=1.8e-04
Epoch  75/100 | Steps:  75000 | α=1e-01 | Loss: 7.8466e-06 | BC: 2.2997e-06 | PDE: 4.4501e-05 | Intf: 1.0968e-06 | Val: 1.0020e-06 | Test: 7.2432e-07 | LR=1.7e-04
Epoch  76/100 | Steps:  76000 | α=1e-01 | Loss: 6.5406e-06 | BC: 1.5194e-06 | PDE: 4.3209e-05 | Intf: 7.0037e-07 | Val: 1.1967e-06 | Test: 7.1672e-07 | LR=1.5e-04
Epoch  77/100 | Steps:  77000 | α=1e-01 | Loss: 7.0002e-06 | BC: 1.9144e-06 | PDE: 4.1894e-05 | Intf: 8.9636e-07 | Val: 8.8548e-07 | Test: 7.5905e-07 | LR=1.4e-04
Epoch  78/100 | Steps:  78000 | α=1e-01 | Loss: 6.2414e-06 | BC: 1.5586e-06 | PDE: 4.1008e-05 | Intf: 5.8206e-07 | Val: 1.4187e-06 | Test: 1.1090e-06 | LR=1.3e-04
Epoch  79/100 | Steps:  79000 | α=1e-01 | Loss: 5.7442e-06 | BC: 1.1498e-06 | PDE: 3.9929e-05 | Intf: 6.0145e-07 | Val: 9.0148e-07 | Test: 9.1471e-07 | LR=1.2e-04
Epoch  80/100 | Steps:  80000 | α=1e-01 | Loss: 5.3779e-06 | BC: 1.0662e-06 | PDE: 3.8900e-05 | Intf: 4.2170e-07 | Val: 9.0915e-07 | Test: 7.7466e-07 | LR=1.1e-04
Epoch  81/100 | Steps:  81000 | α=1e-01 | Loss: 5.0438e-06 | BC: 9.0277e-07 | PDE: 3.8125e-05 | Intf: 3.2861e-07 | Val: 1.0926e-06 | Test: 1.6262e-06 | LR=1.0e-04
Epoch  82/100 | Steps:  82000 | α=1e-01 | Loss: 4.8625e-06 | BC: 7.6954e-07 | PDE: 3.7122e-05 | Intf: 3.8081e-07 | Val: 3.6712e-07 | Test: 3.4891e-07 | LR=9.6e-05 *
Epoch  83/100 | Steps:  83000 | α=1e-01 | Loss: 4.6931e-06 | BC: 8.1703e-07 | PDE: 3.6161e-05 | Intf: 2.5996e-07 | Val: 3.5599e-07 | Test: 3.8553e-07 | LR=8.7e-05 *
Epoch  84/100 | Steps:  84000 | α=1e-01 | Loss: 4.4004e-06 | BC: 6.2721e-07 | PDE: 3.5189e-05 | Intf: 2.5430e-07 | Val: 2.8765e-07 | Test: 2.7739e-07 | LR=7.9e-05 *
Epoch  85/100 | Steps:  85000 | α=1e-01 | Loss: 4.1136e-06 | BC: 4.9116e-07 | PDE: 3.4464e-05 | Intf: 1.7601e-07 | Val: 2.5980e-07 | Test: 2.7514e-07 | LR=7.1e-05 *
Epoch  86/100 | Steps:  86000 | α=1e-01 | Loss: 4.0584e-06 | BC: 5.3754e-07 | PDE: 3.3572e-05 | Intf: 1.6365e-07 | Val: 2.7843e-07 | Test: 3.1905e-07 | LR=6.4e-05
Epoch  87/100 | Steps:  87000 | α=1e-01 | Loss: 3.8073e-06 | BC: 3.7747e-07 | PDE: 3.3097e-05 | Intf: 1.2006e-07 | Val: 3.0448e-07 | Test: 2.7100e-07 | LR=5.7e-05
Epoch  88/100 | Steps:  88000 | α=1e-01 | Loss: 3.7729e-06 | BC: 4.2689e-07 | PDE: 3.2256e-05 | Intf: 1.2048e-07 | Val: 3.0650e-07 | Test: 2.8154e-07 | LR=5.1e-05
Epoch  89/100 | Steps:  89000 | α=1e-01 | Loss: 3.5515e-06 | BC: 3.0772e-07 | PDE: 3.1595e-05 | Intf: 8.4239e-08 | Val: 2.8233e-07 | Test: 2.5617e-07 | LR=4.5e-05
Epoch  90/100 | Steps:  90000 | α=1e-01 | Loss: 3.4565e-06 | BC: 2.7924e-07 | PDE: 3.1053e-05 | Intf: 7.2022e-08 | Val: 5.6736e-07 | Test: 5.8867e-07 | LR=3.9e-05
Epoch  91/100 | Steps:  91000 | α=1e-01 | Loss: 3.5411e-06 | BC: 3.7441e-07 | PDE: 3.0564e-05 | Intf: 1.1030e-07 | Val: 2.6918e-07 | Test: 2.7765e-07 | LR=3.4e-05
Epoch  92/100 | Steps:  92000 | α=1e-01 | Loss: 3.3000e-06 | BC: 2.4638e-07 | PDE: 2.9921e-05 | Intf: 6.1505e-08 | Val: 3.6801e-07 | Test: 3.4490e-07 | LR=3.0e-05
Epoch  93/100 | Steps:  93000 | α=1e-01 | Loss: 3.1973e-06 | BC: 2.1018e-07 | PDE: 2.9399e-05 | Intf: 4.7263e-08 | Val: 1.9524e-07 | Test: 1.9142e-07 | LR=2.6e-05 *
Epoch  94/100 | Steps:  94000 | α=1e-01 | Loss: 3.1389e-06 | BC: 1.8938e-07 | PDE: 2.9085e-05 | Intf: 4.0936e-08 | Val: 2.0820e-07 | Test: 2.3029e-07 | LR=2.2e-05
Epoch  95/100 | Steps:  95000 | α=1e-01 | Loss: 3.0674e-06 | BC: 1.8105e-07 | PDE: 2.8501e-05 | Intf: 3.6269e-08 | Val: 2.1212e-07 | Test: 2.2904e-07 | LR=1.9e-05
Epoch  96/100 | Steps:  96000 | α=1e-01 | Loss: 2.9899e-06 | BC: 1.5729e-07 | PDE: 2.8051e-05 | Intf: 2.7492e-08 | Val: 2.4790e-07 | Test: 2.5386e-07 | LR=1.6e-05
Epoch  97/100 | Steps:  97000 | α=1e-01 | Loss: 2.9355e-06 | BC: 1.5397e-07 | PDE: 2.7551e-05 | Intf: 2.6437e-08 | Val: 1.9431e-07 | Test: 2.0113e-07 | LR=1.4e-05 *
Epoch  98/100 | Steps:  98000 | α=1e-01 | Loss: 2.8998e-06 | BC: 1.4314e-07 | PDE: 2.7341e-05 | Intf: 2.2574e-08 | Val: 1.9335e-07 | Test: 2.1294e-07 | LR=1.2e-05 *
Epoch  99/100 | Steps:  99000 | α=1e-01 | Loss: 2.8490e-06 | BC: 1.4348e-07 | PDE: 2.6821e-05 | Intf: 2.3392e-08 | Val: 1.4708e-07 | Test: 1.8067e-07 | LR=1.1e-05 *
Epoch 100/100 | Steps: 100000 | α=1e-01 | Loss: 2.7954e-06 | BC: 1.3359e-07 | PDE: 2.6412e-05 | Intf: 2.0692e-08 | Val: 1.3516e-07 | Test: 1.7659e-07 | LR=1.0e-05 *

Restored best model from epoch 100 (val_loss: 1.3516e-07, test_loss: 1.7659e-07)
Best checkpoint saved to: outputs/expr_6_2/absolute_dd/l2/checkpoints/best_model.pt
Final checkpoint saved to: outputs/expr_6_2/absolute_dd/l2/checkpoints/final_model.pt
Training completed in 2627.44s (100,000 total steps)

Final Test MSE: 1.7659e-07
Inference (per point): 4.5194e-04s | (full domain): 1.0469e-03s
Saved plot to outputs/expr_6_2/absolute_dd/l2/plots/results.png
