
============================================================
Running Example: aronsson_square
============================================================

Generated full domain data:
  Boundary points: 40,000
  Interior points: 1,000,000
  Test points: 10,000
Re-sampling enabled: ~1,000,000 interior points per epoch

Splitting data: 80% train, 20% validation
  BC: 32,000 train, 8,000 val
  Interior: 800,000 train, 200,000 val

Model: InfinityLaplacianPINN
  Hidden layers: [128, 128, 128, 128]
  Activation: tanh
  η: 1e-05 (normalized)
  Residual clipping: [-10.0, 10.0]
  Parameters: 50,049

Training configuration:
  Boundary points (train): 32,000 -> 80 batches of 400
  Interior points (train): 1,000,000 -> 1000 batches of 1000
  Interior sampling: RE-SAMPLE each epoch
  Boundary points (val): 8,000
  Validation loss: BC only
  Steps per epoch: 1,000
  Total steps: 100,000
  Epochs: 100
  Loss balancing: AlphaPlateauScheduler
  LR scheduler: cosine (LR: 1.0e-03 -> 1.0e-05)

/usr/local/lib/python3.12/dist-packages/torch/autograd/graph.py:824: UserWarning: Attempting to run cuBLAS, but there was no current CUDA context! Attempting to set the primary context... (Triggered internally at /opt/pytorch/pytorch/aten/src/ATen/cuda/CublasHandlePool.cpp:181.)
  return Variable._execution_engine.run_backward(  # Calls into the C++ engine to run the backward pass
Epoch   1/100 | Steps:   1000 | α=1e-05 | Loss: 2.2386e-02 | BC: 2.2369e-02 | PDE: 1.6750e+00 | Val: 2.3281e-04 | Test: 9.5573e-03 | LR=1.0e-03 *
Epoch   2/100 | Steps:   2000 | α=1e-05 | Loss: 3.6849e-04 | BC: 3.5553e-04 | PDE: 1.2968e+00 | Val: 1.6083e-04 | Test: 6.4931e-03 | LR=1.0e-03 *
Epoch   3/100 | Steps:   3000 | α=1e-05 | Loss: 2.6808e-04 | BC: 2.5721e-04 | PDE: 1.0876e+00 | Val: 1.8096e-04 | Test: 2.1879e-03 | LR=1.0e-03
Epoch   4/100 | Steps:   4000 | α=1e-05 | Loss: 1.8651e-04 | BC: 1.7601e-04 | PDE: 1.0497e+00 | Val: 3.8074e-05 | Test: 1.3045e-03 | LR=1.0e-03 *
Epoch   5/100 | Steps:   5000 | α=1e-05 | Loss: 1.8729e-04 | BC: 1.7548e-04 | PDE: 1.1806e+00 | Val: 1.2838e-04 | Test: 1.0140e-03 | LR=1.0e-03
Epoch   6/100 | Steps:   6000 | α=1e-05 | Loss: 1.5938e-04 | BC: 1.4697e-04 | PDE: 1.2410e+00 | Val: 1.1047e-04 | Test: 1.1862e-03 | LR=9.9e-04
Epoch   7/100 | Steps:   7000 | α=1e-05 | Loss: 1.5821e-04 | BC: 1.4530e-04 | PDE: 1.2912e+00 | Val: 1.7240e-04 | Test: 1.2021e-03 | LR=9.9e-04
Epoch   8/100 | Steps:   8000 | α=1e-05 | Loss: 1.3865e-04 | BC: 1.2642e-04 | PDE: 1.2224e+00 | Val: 1.0004e-04 | Test: 1.1366e-03 | LR=9.9e-04
Epoch   9/100 | Steps:   9000 | α=1e-05 | Loss: 1.1623e-04 | BC: 1.0476e-04 | PDE: 1.1473e+00 | Val: 5.8238e-05 | Test: 8.8941e-04 | LR=9.8e-04
Epoch  10/100 | Steps:  10000 | α=1e-05 | Loss: 1.1744e-04 | BC: 1.0675e-04 | PDE: 1.0690e+00 | Val: 2.6581e-05 | Test: 7.7906e-04 | LR=9.8e-04 *
Epoch  11/100 | Steps:  11000 | α=1e-05 | Loss: 1.0988e-04 | BC: 1.0005e-04 | PDE: 9.8272e-01 | Val: 4.2762e-05 | Test: 5.7925e-04 | LR=9.8e-04
Epoch  12/100 | Steps:  12000 | α=1e-05 | Loss: 9.8873e-05 | BC: 9.0009e-05 | PDE: 8.8647e-01 | Val: 5.3333e-05 | Test: 5.6936e-04 | LR=9.7e-04
Epoch  13/100 | Steps:  13000 | α=1e-05 | Loss: 8.6694e-05 | BC: 7.8711e-05 | PDE: 7.9826e-01 | Val: 2.2396e-05 | Test: 4.4488e-04 | LR=9.7e-04 *
Epoch  14/100 | Steps:  14000 | α=1e-05 | Loss: 8.3680e-05 | BC: 7.6001e-05 | PDE: 7.6791e-01 | Val: 3.9000e-05 | Test: 3.9373e-04 | LR=9.6e-04
Epoch  15/100 | Steps:  15000 | α=1e-05 | Loss: 8.1634e-05 | BC: 7.4384e-05 | PDE: 7.2495e-01 | Val: 6.7153e-06 | Test: 4.0288e-04 | LR=9.5e-04 *
Epoch  16/100 | Steps:  16000 | α=1e-05 | Loss: 6.6333e-05 | BC: 5.9594e-05 | PDE: 6.7397e-01 | Val: 3.3052e-05 | Test: 3.5316e-04 | LR=9.5e-04
Epoch  17/100 | Steps:  17000 | α=1e-05 | Loss: 7.7135e-05 | BC: 7.0506e-05 | PDE: 6.6286e-01 | Val: 7.9972e-06 | Test: 3.8679e-04 | LR=9.4e-04
Epoch  18/100 | Steps:  18000 | α=1e-05 | Loss: 6.2524e-05 | BC: 5.6233e-05 | PDE: 6.2913e-01 | Val: 9.6526e-05 | Test: 4.0581e-04 | LR=9.3e-04
Epoch  19/100 | Steps:  19000 | α=1e-05 | Loss: 5.7822e-05 | BC: 5.1671e-05 | PDE: 6.1512e-01 | Val: 1.0721e-04 | Test: 4.1644e-04 | LR=9.2e-04
Epoch  20/100 | Steps:  20000 | α=1e-05 | Loss: 6.0665e-05 | BC: 5.4616e-05 | PDE: 6.0486e-01 | Val: 7.6491e-06 | Test: 3.1739e-04 | LR=9.1e-04

>>> Alpha increased: 1e-05 → 1e-04 (BC=4.9423e-05) <<<
Epoch  21/100 | Steps:  21000 | α=1e-04 | Loss: 5.5063e-05 | BC: 4.9423e-05 | PDE: 5.6397e-01 | Val: 3.9852e-06 | Test: 2.1573e-04 | LR=9.1e-04 *
Epoch  22/100 | Steps:  22000 | α=1e-04 | Loss: 1.0749e-04 | BC: 7.8309e-05 | PDE: 2.9184e-01 | Val: 4.0077e-05 | Test: 1.6765e-04 | LR=9.0e-04
Epoch  23/100 | Steps:  23000 | α=1e-04 | Loss: 9.0228e-05 | BC: 6.8688e-05 | PDE: 2.1540e-01 | Val: 8.1599e-06 | Test: 7.1523e-05 | LR=8.9e-04
Epoch  24/100 | Steps:  24000 | α=1e-04 | Loss: 6.4498e-05 | BC: 4.7716e-05 | PDE: 1.6783e-01 | Val: 5.0016e-06 | Test: 3.5951e-05 | LR=8.8e-04
Epoch  25/100 | Steps:  25000 | α=1e-04 | Loss: 5.5661e-05 | BC: 4.0977e-05 | PDE: 1.4684e-01 | Val: 9.9466e-06 | Test: 6.7518e-05 | LR=8.7e-04
Epoch  26/100 | Steps:  26000 | α=1e-04 | Loss: 7.0096e-05 | BC: 5.6594e-05 | PDE: 1.3503e-01 | Val: 5.4297e-05 | Test: 5.9150e-05 | LR=8.6e-04
Epoch  27/100 | Steps:  27000 | α=1e-04 | Loss: 4.3762e-05 | BC: 3.1368e-05 | PDE: 1.2395e-01 | Val: 9.4049e-06 | Test: 2.7985e-05 | LR=8.4e-04
Epoch  28/100 | Steps:  28000 | α=1e-04 | Loss: 6.5270e-05 | BC: 5.2919e-05 | PDE: 1.2351e-01 | Val: 1.3532e-05 | Test: 6.2328e-05 | LR=8.3e-04
Epoch  29/100 | Steps:  29000 | α=1e-04 | Loss: 4.3936e-05 | BC: 3.2551e-05 | PDE: 1.1385e-01 | Val: 1.4718e-05 | Test: 5.6944e-05 | LR=8.2e-04
Epoch  30/100 | Steps:  30000 | α=1e-04 | Loss: 4.6077e-05 | BC: 3.5083e-05 | PDE: 1.0994e-01 | Val: 3.8622e-06 | Test: 2.0992e-05 | LR=8.1e-04 *
Epoch  31/100 | Steps:  31000 | α=1e-04 | Loss: 4.2539e-05 | BC: 3.1176e-05 | PDE: 1.1363e-01 | Val: 1.3274e-05 | Test: 2.4913e-05 | LR=8.0e-04

>>> Alpha increased: 1e-04 → 1e-03 (BC=2.9935e-05) <<<
Epoch  32/100 | Steps:  32000 | α=1e-03 | Loss: 4.0534e-05 | BC: 2.9935e-05 | PDE: 1.0599e-01 | Val: 2.6802e-05 | Test: 6.1508e-05 | LR=7.8e-04 *
Epoch  33/100 | Steps:  33000 | α=1e-03 | Loss: 4.7671e-04 | BC: 2.7764e-04 | PDE: 1.9907e-01 | Val: 4.4211e-05 | Test: 4.3121e-04 | LR=7.7e-04
Epoch  34/100 | Steps:  34000 | α=1e-03 | Loss: 1.7944e-04 | BC: 5.9828e-05 | PDE: 1.1961e-01 | Val: 8.2381e-05 | Test: 5.8954e-04 | LR=7.6e-04
Epoch  35/100 | Steps:  35000 | α=1e-03 | Loss: 1.8240e-04 | BC: 7.3252e-05 | PDE: 1.0915e-01 | Val: 6.8966e-05 | Test: 2.8470e-04 | LR=7.4e-04
Epoch  36/100 | Steps:  36000 | α=1e-03 | Loss: 2.1150e-04 | BC: 9.6048e-05 | PDE: 1.1545e-01 | Val: 1.4741e-04 | Test: 2.0407e-04 | LR=7.3e-04
Epoch  37/100 | Steps:  37000 | α=1e-03 | Loss: 2.5770e-04 | BC: 1.2405e-04 | PDE: 1.3365e-01 | Val: 4.2385e-04 | Test: 1.0173e-03 | LR=7.2e-04
Epoch  38/100 | Steps:  38000 | α=1e-03 | Loss: 2.1072e-04 | BC: 8.6770e-05 | PDE: 1.2395e-01 | Val: 2.4571e-05 | Test: 5.3914e-05 | LR=7.0e-04 *
Epoch  39/100 | Steps:  39000 | α=1e-03 | Loss: 1.7700e-04 | BC: 7.1112e-05 | PDE: 1.0589e-01 | Val: 1.3065e-05 | Test: 6.3420e-05 | LR=6.9e-04 *

>>> Alpha increased: 1e-03 → 1e-02 (BC=6.2516e-05) <<<
Epoch  40/100 | Steps:  40000 | α=1e-02 | Loss: 1.6410e-04 | BC: 6.2516e-05 | PDE: 1.0159e-01 | Val: 1.7746e-05 | Test: 6.1669e-05 | LR=6.7e-04 *
Epoch  41/100 | Steps:  41000 | α=1e-02 | Loss: 1.9465e-03 | BC: 6.5511e-04 | PDE: 1.2914e-01 | Val: 4.8101e-04 | Test: 6.8194e-04 | LR=6.6e-04
Epoch  42/100 | Steps:  42000 | α=1e-02 | Loss: 1.6274e-03 | BC: 4.0707e-04 | PDE: 1.2204e-01 | Val: 1.0254e-04 | Test: 1.4635e-04 | LR=6.4e-04
Epoch  43/100 | Steps:  43000 | α=1e-02 | Loss: 1.3470e-03 | BC: 3.0291e-04 | PDE: 1.0441e-01 | Val: 1.6496e-04 | Test: 1.7492e-04 | LR=6.3e-04
Epoch  44/100 | Steps:  44000 | α=1e-02 | Loss: 1.6151e-03 | BC: 4.1459e-04 | PDE: 1.2005e-01 | Val: 7.9652e-05 | Test: 1.3304e-04 | LR=6.1e-04
Epoch  45/100 | Steps:  45000 | α=1e-02 | Loss: 1.3589e-03 | BC: 2.9605e-04 | PDE: 1.0628e-01 | Val: 2.2505e-04 | Test: 4.3469e-04 | LR=6.0e-04
Epoch  46/100 | Steps:  46000 | α=1e-02 | Loss: 1.1623e-03 | BC: 2.6887e-04 | PDE: 8.9339e-02 | Val: 2.3954e-04 | Test: 8.8492e-04 | LR=5.8e-04
Epoch  47/100 | Steps:  47000 | α=1e-02 | Loss: 1.1461e-03 | BC: 2.5076e-04 | PDE: 8.9535e-02 | Val: 2.0838e-04 | Test: 1.9662e-04 | LR=5.7e-04
Epoch  48/100 | Steps:  48000 | α=1e-02 | Loss: 1.0462e-03 | BC: 2.0360e-04 | PDE: 8.4264e-02 | Val: 1.4561e-04 | Test: 2.8779e-04 | LR=5.5e-04
Epoch  49/100 | Steps:  49000 | α=1e-02 | Loss: 1.1839e-03 | BC: 2.4844e-04 | PDE: 9.3542e-02 | Val: 6.4228e-05 | Test: 6.5966e-05 | LR=5.4e-04
Epoch  50/100 | Steps:  50000 | α=1e-02 | Loss: 1.0569e-03 | BC: 2.2507e-04 | PDE: 8.3185e-02 | Val: 8.0429e-05 | Test: 3.2458e-04 | LR=5.2e-04
Epoch  51/100 | Steps:  51000 | α=1e-02 | Loss: 9.2126e-04 | BC: 1.7756e-04 | PDE: 7.4370e-02 | Val: 1.3480e-04 | Test: 1.8850e-04 | LR=5.1e-04
Epoch  52/100 | Steps:  52000 | α=1e-02 | Loss: 9.4671e-04 | BC: 1.7446e-04 | PDE: 7.7225e-02 | Val: 7.5753e-05 | Test: 3.6983e-04 | LR=4.9e-04

>>> Alpha increased: 1e-02 → 1e-01 (BC=1.6714e-04) <<<
Epoch  53/100 | Steps:  53000 | α=1e-01 | Loss: 8.1840e-04 | BC: 1.6714e-04 | PDE: 6.5126e-02 | Val: 8.9075e-05 | Test: 4.5389e-05 | LR=4.7e-04 *
Epoch  54/100 | Steps:  54000 | α=1e-01 | Loss: 6.3574e-03 | BC: 6.3166e-04 | PDE: 5.7257e-02 | Val: 3.4927e-04 | Test: 8.1637e-04 | LR=4.6e-04
Epoch  55/100 | Steps:  55000 | α=1e-01 | Loss: 4.8198e-03 | BC: 3.7029e-04 | PDE: 4.4496e-02 | Val: 1.2318e-04 | Test: 1.7416e-04 | LR=4.4e-04
Epoch  56/100 | Steps:  56000 | α=1e-01 | Loss: 4.2606e-03 | BC: 4.3841e-04 | PDE: 3.8222e-02 | Val: 4.3269e-04 | Test: 8.4722e-04 | LR=4.3e-04
Epoch  57/100 | Steps:  57000 | α=1e-01 | Loss: 4.1588e-03 | BC: 2.8340e-04 | PDE: 3.8754e-02 | Val: 2.2901e-04 | Test: 2.5078e-04 | LR=4.1e-04
Epoch  58/100 | Steps:  58000 | α=1e-01 | Loss: 3.8397e-03 | BC: 2.9411e-04 | PDE: 3.5456e-02 | Val: 2.0060e-04 | Test: 4.5665e-04 | LR=4.0e-04
Epoch  59/100 | Steps:  59000 | α=1e-01 | Loss: 3.6361e-03 | BC: 2.3357e-04 | PDE: 3.4026e-02 | Val: 1.9933e-04 | Test: 3.2406e-04 | LR=3.8e-04
Epoch  60/100 | Steps:  60000 | α=1e-01 | Loss: 3.3423e-03 | BC: 2.5888e-04 | PDE: 3.0834e-02 | Val: 1.5116e-04 | Test: 3.2543e-04 | LR=3.7e-04
Epoch  61/100 | Steps:  61000 | α=1e-01 | Loss: 3.1198e-03 | BC: 1.6895e-04 | PDE: 2.9509e-02 | Val: 3.0240e-04 | Test: 4.9759e-04 | LR=3.5e-04
Epoch  62/100 | Steps:  62000 | α=1e-01 | Loss: 2.9070e-03 | BC: 1.8619e-04 | PDE: 2.7208e-02 | Val: 9.8040e-05 | Test: 2.1252e-04 | LR=3.4e-04
Epoch  63/100 | Steps:  63000 | α=1e-01 | Loss: 2.8497e-03 | BC: 2.2483e-04 | PDE: 2.6249e-02 | Val: 2.3051e-04 | Test: 4.4352e-04 | LR=3.2e-04
Epoch  64/100 | Steps:  64000 | α=1e-01 | Loss: 2.7283e-03 | BC: 1.8703e-04 | PDE: 2.5413e-02 | Val: 2.4406e-04 | Test: 2.1278e-04 | LR=3.1e-04
Epoch  65/100 | Steps:  65000 | α=1e-01 | Loss: 2.8865e-03 | BC: 2.5903e-04 | PDE: 2.6275e-02 | Val: 5.5136e-04 | Test: 9.6132e-04 | LR=2.9e-04
Epoch  66/100 | Steps:  66000 | α=1e-01 | Loss: 2.7414e-03 | BC: 2.7065e-04 | PDE: 2.4707e-02 | Val: 3.2584e-04 | Test: 4.3444e-04 | LR=2.8e-04
Epoch  67/100 | Steps:  67000 | α=1e-01 | Loss: 2.4864e-03 | BC: 2.3826e-04 | PDE: 2.2481e-02 | Val: 1.4186e-04 | Test: 2.5254e-04 | LR=2.7e-04
Epoch  68/100 | Steps:  68000 | α=1e-01 | Loss: 2.1592e-03 | BC: 1.0090e-04 | PDE: 2.0583e-02 | Val: 1.0161e-04 | Test: 6.7950e-05 | LR=2.5e-04
Epoch  69/100 | Steps:  69000 | α=1e-01 | Loss: 2.3573e-03 | BC: 1.1768e-04 | PDE: 2.2396e-02 | Val: 6.5077e-05 | Test: 4.5468e-05 | LR=2.4e-04 *
Epoch  70/100 | Steps:  70000 | α=1e-01 | Loss: 2.1929e-03 | BC: 9.0750e-05 | PDE: 2.1021e-02 | Val: 1.3311e-04 | Test: 1.1672e-04 | LR=2.3e-04
Epoch  71/100 | Steps:  71000 | α=1e-01 | Loss: 2.3195e-03 | BC: 9.2289e-05 | PDE: 2.2272e-02 | Val: 6.1002e-05 | Test: 8.9042e-05 | LR=2.1e-04 *
Epoch  72/100 | Steps:  72000 | α=1e-01 | Loss: 1.9687e-03 | BC: 6.7892e-05 | PDE: 1.9008e-02 | Val: 4.7145e-05 | Test: 4.8766e-05 | LR=2.0e-04 *
Epoch  73/100 | Steps:  73000 | α=1e-01 | Loss: 1.7797e-03 | BC: 7.7222e-05 | PDE: 1.7025e-02 | Val: 1.6298e-04 | Test: 2.9627e-04 | LR=1.9e-04
Epoch  74/100 | Steps:  74000 | α=1e-01 | Loss: 1.9576e-03 | BC: 9.0935e-05 | PDE: 1.8666e-02 | Val: 3.3148e-05 | Test: 4.2599e-05 | LR=1.8e-04 *
Epoch  75/100 | Steps:  75000 | α=1e-01 | Loss: 1.7466e-03 | BC: 5.2518e-05 | PDE: 1.6941e-02 | Val: 7.2816e-05 | Test: 5.2457e-05 | LR=1.7e-04
Epoch  76/100 | Steps:  76000 | α=1e-01 | Loss: 1.5246e-03 | BC: 4.7958e-05 | PDE: 1.4766e-02 | Val: 3.8795e-05 | Test: 6.8868e-05 | LR=1.5e-04
Epoch  77/100 | Steps:  77000 | α=1e-01 | Loss: 1.6511e-03 | BC: 5.1386e-05 | PDE: 1.5997e-02 | Val: 6.4196e-05 | Test: 1.1227e-04 | LR=1.4e-04
Epoch  78/100 | Steps:  78000 | α=1e-01 | Loss: 1.5652e-03 | BC: 4.8915e-05 | PDE: 1.5162e-02 | Val: 4.9482e-05 | Test: 5.1008e-05 | LR=1.3e-04
Epoch  79/100 | Steps:  79000 | α=1e-01 | Loss: 1.4297e-03 | BC: 3.4039e-05 | PDE: 1.3957e-02 | Val: 7.4523e-05 | Test: 9.9510e-05 | LR=1.2e-04
Epoch  80/100 | Steps:  80000 | α=1e-01 | Loss: 1.6113e-03 | BC: 3.3983e-05 | PDE: 1.5774e-02 | Val: 3.5390e-05 | Test: 3.4285e-05 | LR=1.1e-04
Epoch  81/100 | Steps:  81000 | α=1e-01 | Loss: 1.4151e-03 | BC: 3.0111e-05 | PDE: 1.3850e-02 | Val: 2.9018e-05 | Test: 2.0811e-05 | LR=1.0e-04 *
Epoch  82/100 | Steps:  82000 | α=1e-01 | Loss: 1.3633e-03 | BC: 3.5497e-05 | PDE: 1.3278e-02 | Val: 6.4341e-05 | Test: 6.7981e-05 | LR=9.6e-05
Epoch  83/100 | Steps:  83000 | α=1e-01 | Loss: 1.2184e-03 | BC: 3.0311e-05 | PDE: 1.1881e-02 | Val: 2.4278e-05 | Test: 4.5208e-05 | LR=8.7e-05 *
Epoch  84/100 | Steps:  84000 | α=1e-01 | Loss: 1.3081e-03 | BC: 2.2221e-05 | PDE: 1.2859e-02 | Val: 1.5705e-05 | Test: 1.6742e-05 | LR=7.9e-05 *
Epoch  85/100 | Steps:  85000 | α=1e-01 | Loss: 1.3260e-03 | BC: 2.5934e-05 | PDE: 1.3000e-02 | Val: 4.7728e-05 | Test: 5.6762e-05 | LR=7.1e-05
Epoch  86/100 | Steps:  86000 | α=1e-01 | Loss: 1.2892e-03 | BC: 4.1625e-05 | PDE: 1.2476e-02 | Val: 2.6768e-05 | Test: 5.8397e-05 | LR=6.4e-05
Epoch  87/100 | Steps:  87000 | α=1e-01 | Loss: 1.2251e-03 | BC: 3.5804e-05 | PDE: 1.1893e-02 | Val: 2.0711e-05 | Test: 3.9106e-05 | LR=5.7e-05
Epoch  88/100 | Steps:  88000 | α=1e-01 | Loss: 1.1933e-03 | BC: 1.9184e-05 | PDE: 1.1742e-02 | Val: 1.0609e-05 | Test: 1.2024e-05 | LR=5.1e-05 *
Epoch  89/100 | Steps:  89000 | α=1e-01 | Loss: 1.1542e-03 | BC: 1.8035e-05 | PDE: 1.1362e-02 | Val: 4.0095e-05 | Test: 5.7224e-05 | LR=4.5e-05
Epoch  90/100 | Steps:  90000 | α=1e-01 | Loss: 1.2450e-03 | BC: 2.3612e-05 | PDE: 1.2214e-02 | Val: 1.5448e-05 | Test: 2.9654e-05 | LR=3.9e-05
Epoch  91/100 | Steps:  91000 | α=1e-01 | Loss: 1.0977e-03 | BC: 1.7214e-05 | PDE: 1.0805e-02 | Val: 1.5083e-05 | Test: 2.6775e-05 | LR=3.4e-05
Epoch  92/100 | Steps:  92000 | α=1e-01 | Loss: 1.1006e-03 | BC: 1.5569e-05 | PDE: 1.0850e-02 | Val: 1.9378e-05 | Test: 3.2819e-05 | LR=3.0e-05
Epoch  93/100 | Steps:  93000 | α=1e-01 | Loss: 1.1628e-03 | BC: 1.6030e-05 | PDE: 1.1468e-02 | Val: 1.4525e-05 | Test: 2.4074e-05 | LR=2.6e-05
Epoch  94/100 | Steps:  94000 | α=1e-01 | Loss: 1.0184e-03 | BC: 1.3789e-05 | PDE: 1.0046e-02 | Val: 1.3372e-05 | Test: 1.7498e-05 | LR=2.2e-05
Epoch  95/100 | Steps:  95000 | α=1e-01 | Loss: 1.0631e-03 | BC: 1.2535e-05 | PDE: 1.0506e-02 | Val: 1.7585e-05 | Test: 2.5866e-05 | LR=1.9e-05
Epoch  96/100 | Steps:  96000 | α=1e-01 | Loss: 1.0835e-03 | BC: 9.8636e-06 | PDE: 1.0737e-02 | Val: 8.0655e-06 | Test: 1.2127e-05 | LR=1.6e-05 *
Epoch  97/100 | Steps:  97000 | α=1e-01 | Loss: 9.9283e-04 | BC: 7.1848e-06 | PDE: 9.8565e-03 | Val: 4.9834e-06 | Test: 6.1654e-06 | LR=1.4e-05 *
Epoch  98/100 | Steps:  98000 | α=1e-01 | Loss: 1.0113e-03 | BC: 7.0172e-06 | PDE: 1.0043e-02 | Val: 7.4516e-06 | Test: 1.3643e-05 | LR=1.2e-05
Epoch  99/100 | Steps:  99000 | α=1e-01 | Loss: 1.0083e-03 | BC: 8.2600e-06 | PDE: 1.0000e-02 | Val: 6.2027e-06 | Test: 1.0245e-05 | LR=1.1e-05
Epoch 100/100 | Steps: 100000 | α=1e-01 | Loss: 8.2227e-04 | BC: 7.8128e-06 | PDE: 8.1446e-03 | Val: 6.6937e-06 | Test: 1.1980e-05 | LR=1.0e-05

Restored best model from epoch 97 (val_loss: 4.9834e-06, test_loss: 6.1654e-06)
Best checkpoint saved to: outputs/expr_6_2/aronsson_square/out0/checkpoints/best_model.pt
Final checkpoint saved to: outputs/expr_6_2/aronsson_square/out0/checkpoints/final_model.pt
Training completed in 1036.50s (100,000 total steps)

Final Test MSE: 1.1980e-05
Inference (per point): 7.8192e-05s | (full domain): 7.6787e-05s
Saved plot to outputs/expr_6_2/aronsson_square/out0/plots/results.png
