
============================================================
Running Example: arctan
============================================================

Generated full domain data:
  Boundary points: 40,000
  Interior points: 1,000,000
  Test points: 10,000
Re-sampling enabled: ~1,000,000 interior points per epoch

Splitting data: 80% train, 20% validation
  BC: 32,000 train, 8,000 val
  Interior: 800,000 train, 200,000 val

Model: InfinityLaplacianPINN
  Hidden layers: [128, 128, 128, 128]
  Activation: tanh
  η: 1e-05 (normalized)
  Residual clipping: [-10.0, 10.0]
  Outlier removal: top 2.0%
  Parameters: 50,049

Training configuration:
  Boundary points (train): 32,000 -> 80 batches of 400
  Interior points (train): 1,000,000 -> 1000 batches of 1000
  Interior sampling: RE-SAMPLE each epoch
  Boundary points (val): 8,000
  Validation loss: BC only
  Steps per epoch: 1,000
  Total steps: 100,000
  Epochs: 100
  Loss balancing: ReLoBRaLo
  LR scheduler: cosine (LR: 1.0e-03 -> 1.0e-05)

/usr/local/lib/python3.12/dist-packages/torch/autograd/graph.py:824: UserWarning: Attempting to run cuBLAS, but there was no current CUDA context! Attempting to set the primary context... (Triggered internally at /opt/pytorch/pytorch/aten/src/ATen/cuda/CublasHandlePool.cpp:181.)
  return Variable._execution_engine.run_backward(  # Calls into the C++ engine to run the backward pass
Epoch   1/100 | Steps:   1000 | w_bc=0.89 w_pde=1.11 | Loss: 4.6610e-02 | BC: 3.6852e-02 | PDE: 1.0608e-02 | Val: 2.0837e-02 | Test: 3.6193e-03 | LR=1.0e-03 *
Epoch   2/100 | Steps:   2000 | w_bc=0.85 w_pde=1.15 | Loss: 2.0884e-02 | BC: 1.4247e-02 | PDE: 7.5043e-03 | Val: 1.3244e-02 | Test: 1.8734e-03 | LR=1.0e-03 *
Epoch   3/100 | Steps:   3000 | w_bc=0.86 w_pde=1.14 | Loss: 1.8818e-02 | BC: 1.2164e-02 | PDE: 7.3513e-03 | Val: 1.0327e-02 | Test: 1.4753e-03 | LR=1.0e-03 *
Epoch   4/100 | Steps:   4000 | w_bc=0.86 w_pde=1.14 | Loss: 1.8398e-02 | BC: 1.0783e-02 | PDE: 8.0069e-03 | Val: 9.3638e-03 | Test: 1.2310e-03 | LR=1.0e-03 *
Epoch   5/100 | Steps:   5000 | w_bc=0.87 w_pde=1.13 | Loss: 1.7093e-02 | BC: 9.8987e-03 | PDE: 7.5238e-03 | Val: 9.1534e-03 | Test: 1.2666e-03 | LR=1.0e-03 *
Epoch   6/100 | Steps:   6000 | w_bc=0.87 w_pde=1.13 | Loss: 1.8437e-02 | BC: 9.3068e-03 | PDE: 9.1523e-03 | Val: 8.1129e-03 | Test: 1.1527e-03 | LR=9.9e-04 *
Epoch   7/100 | Steps:   7000 | w_bc=0.86 w_pde=1.14 | Loss: 1.5943e-02 | BC: 7.9569e-03 | PDE: 7.9813e-03 | Val: 8.2485e-03 | Test: 8.8730e-04 | LR=9.9e-04
Epoch   8/100 | Steps:   8000 | w_bc=0.85 w_pde=1.15 | Loss: 1.5797e-02 | BC: 7.7571e-03 | PDE: 8.0019e-03 | Val: 7.9961e-03 | Test: 8.9295e-04 | LR=9.9e-04 *
Epoch   9/100 | Steps:   9000 | w_bc=0.86 w_pde=1.14 | Loss: 1.6543e-02 | BC: 7.3996e-03 | PDE: 8.9192e-03 | Val: 8.5778e-03 | Test: 1.0290e-03 | LR=9.8e-04
Epoch  10/100 | Steps:  10000 | w_bc=0.86 w_pde=1.14 | Loss: 1.4721e-02 | BC: 6.8119e-03 | PDE: 7.7694e-03 | Val: 5.4815e-03 | Test: 7.0816e-04 | LR=9.8e-04 *
Epoch  11/100 | Steps:  11000 | w_bc=0.87 w_pde=1.13 | Loss: 1.2394e-02 | BC: 5.8009e-03 | PDE: 6.5010e-03 | Val: 5.6284e-03 | Test: 6.9843e-04 | LR=9.8e-04
Epoch  12/100 | Steps:  12000 | w_bc=0.84 w_pde=1.16 | Loss: 1.2557e-02 | BC: 5.5346e-03 | PDE: 6.8315e-03 | Val: 5.0051e-03 | Test: 4.7763e-04 | LR=9.7e-04 *
Epoch  13/100 | Steps:  13000 | w_bc=0.83 w_pde=1.17 | Loss: 1.2811e-02 | BC: 5.4948e-03 | PDE: 7.0624e-03 | Val: 6.7307e-03 | Test: 7.2029e-04 | LR=9.7e-04
Epoch  14/100 | Steps:  14000 | w_bc=0.84 w_pde=1.16 | Loss: 1.0815e-02 | BC: 4.9307e-03 | PDE: 5.7578e-03 | Val: 4.3770e-03 | Test: 4.4945e-04 | LR=9.6e-04 *
Epoch  15/100 | Steps:  15000 | w_bc=0.84 w_pde=1.16 | Loss: 1.0633e-02 | BC: 4.6139e-03 | PDE: 5.8138e-03 | Val: 4.3632e-03 | Test: 3.8137e-04 | LR=9.5e-04 *
Epoch  16/100 | Steps:  16000 | w_bc=0.84 w_pde=1.16 | Loss: 9.5144e-03 | BC: 4.1405e-03 | PDE: 5.1964e-03 | Val: 3.3949e-03 | Test: 3.7047e-04 | LR=9.5e-04 *
Epoch  17/100 | Steps:  17000 | w_bc=0.84 w_pde=1.16 | Loss: 1.0214e-02 | BC: 4.1433e-03 | PDE: 5.8029e-03 | Val: 3.3557e-03 | Test: 4.7808e-04 | LR=9.4e-04 *
Epoch  18/100 | Steps:  18000 | w_bc=0.83 w_pde=1.17 | Loss: 9.7848e-03 | BC: 3.8710e-03 | PDE: 5.6246e-03 | Val: 3.5019e-03 | Test: 4.5502e-04 | LR=9.3e-04
Epoch  19/100 | Steps:  19000 | w_bc=0.84 w_pde=1.16 | Loss: 8.0561e-03 | BC: 3.4503e-03 | PDE: 4.4461e-03 | Val: 2.6093e-03 | Test: 2.4870e-04 | LR=9.2e-04 *
Epoch  20/100 | Steps:  20000 | w_bc=0.82 w_pde=1.18 | Loss: 9.5023e-03 | BC: 3.4888e-03 | PDE: 5.6498e-03 | Val: 4.0313e-03 | Test: 3.7852e-04 | LR=9.1e-04
Epoch  21/100 | Steps:  21000 | w_bc=0.83 w_pde=1.17 | Loss: 8.4076e-03 | BC: 3.2259e-03 | PDE: 4.8988e-03 | Val: 3.1926e-03 | Test: 3.4582e-04 | LR=9.1e-04
Epoch  22/100 | Steps:  22000 | w_bc=0.83 w_pde=1.17 | Loss: 7.2876e-03 | BC: 2.8469e-03 | PDE: 4.2117e-03 | Val: 2.2718e-03 | Test: 3.5168e-04 | LR=9.0e-04 *
Epoch  23/100 | Steps:  23000 | w_bc=0.82 w_pde=1.18 | Loss: 8.1365e-03 | BC: 2.8804e-03 | PDE: 4.8956e-03 | Val: 2.4513e-03 | Test: 1.9798e-04 | LR=8.9e-04
Epoch  24/100 | Steps:  24000 | w_bc=0.83 w_pde=1.17 | Loss: 7.1451e-03 | BC: 2.6296e-03 | PDE: 4.2254e-03 | Val: 2.0741e-03 | Test: 1.6596e-04 | LR=8.8e-04 *
Epoch  25/100 | Steps:  25000 | w_bc=0.81 w_pde=1.19 | Loss: 7.0789e-03 | BC: 2.4444e-03 | PDE: 4.3007e-03 | Val: 2.0339e-03 | Test: 4.0234e-04 | LR=8.7e-04 *
Epoch  26/100 | Steps:  26000 | w_bc=0.82 w_pde=1.18 | Loss: 7.3656e-03 | BC: 2.4689e-03 | PDE: 4.5047e-03 | Val: 2.1582e-03 | Test: 1.8701e-04 | LR=8.6e-04
Epoch  27/100 | Steps:  27000 | w_bc=0.83 w_pde=1.17 | Loss: 6.2278e-03 | BC: 2.2468e-03 | PDE: 3.7221e-03 | Val: 1.8682e-03 | Test: 1.5388e-04 | LR=8.4e-04 *
Epoch  28/100 | Steps:  28000 | w_bc=0.81 w_pde=1.19 | Loss: 7.3057e-03 | BC: 2.3199e-03 | PDE: 4.5750e-03 | Val: 2.1100e-03 | Test: 1.6007e-04 | LR=8.3e-04
Epoch  29/100 | Steps:  29000 | w_bc=0.82 w_pde=1.18 | Loss: 5.5109e-03 | BC: 1.9061e-03 | PDE: 3.3396e-03 | Val: 2.1730e-03 | Test: 3.9120e-04 | LR=8.2e-04
Epoch  30/100 | Steps:  30000 | w_bc=0.80 w_pde=1.20 | Loss: 5.4732e-03 | BC: 1.7171e-03 | PDE: 3.4234e-03 | Val: 1.2881e-03 | Test: 1.1977e-04 | LR=8.1e-04 *
Epoch  31/100 | Steps:  31000 | w_bc=0.79 w_pde=1.21 | Loss: 5.2976e-03 | BC: 1.6560e-03 | PDE: 3.3002e-03 | Val: 1.7403e-03 | Test: 1.3737e-04 | LR=8.0e-04
Epoch  32/100 | Steps:  32000 | w_bc=0.79 w_pde=1.21 | Loss: 5.3627e-03 | BC: 1.7175e-03 | PDE: 3.3065e-03 | Val: 1.5632e-03 | Test: 1.9912e-04 | LR=7.8e-04
Epoch  33/100 | Steps:  33000 | w_bc=0.79 w_pde=1.21 | Loss: 4.9778e-03 | BC: 1.5843e-03 | PDE: 3.0764e-03 | Val: 1.3750e-03 | Test: 2.1860e-04 | LR=7.7e-04
Epoch  34/100 | Steps:  34000 | w_bc=0.79 w_pde=1.21 | Loss: 4.5947e-03 | BC: 1.4408e-03 | PDE: 2.8591e-03 | Val: 1.8909e-03 | Test: 4.3967e-04 | LR=7.6e-04
Epoch  35/100 | Steps:  35000 | w_bc=0.76 w_pde=1.24 | Loss: 4.3232e-03 | BC: 1.1743e-03 | PDE: 2.7885e-03 | Val: 1.8824e-03 | Test: 1.9811e-04 | LR=7.4e-04
Epoch  36/100 | Steps:  36000 | w_bc=0.74 w_pde=1.26 | Loss: 4.7010e-03 | BC: 1.1994e-03 | PDE: 3.0434e-03 | Val: 6.8652e-04 | Test: 1.1372e-04 | LR=7.3e-04 *
Epoch  37/100 | Steps:  37000 | w_bc=0.72 w_pde=1.28 | Loss: 4.5121e-03 | BC: 1.0997e-03 | PDE: 2.9186e-03 | Val: 9.9184e-04 | Test: 1.0550e-04 | LR=7.2e-04
Epoch  38/100 | Steps:  38000 | w_bc=0.70 w_pde=1.30 | Loss: 3.6600e-03 | BC: 8.7859e-04 | PDE: 2.3549e-03 | Val: 1.6502e-03 | Test: 2.4830e-04 | LR=7.0e-04
Epoch  39/100 | Steps:  39000 | w_bc=0.70 w_pde=1.30 | Loss: 3.6694e-03 | BC: 1.0410e-03 | PDE: 2.2593e-03 | Val: 9.7401e-04 | Test: 1.8220e-04 | LR=6.9e-04
Epoch  40/100 | Steps:  40000 | w_bc=0.65 w_pde=1.35 | Loss: 3.3057e-03 | BC: 5.7521e-04 | PDE: 2.1972e-03 | Val: 3.9269e-04 | Test: 3.9580e-05 | LR=6.7e-04 *
Epoch  41/100 | Steps:  41000 | w_bc=0.64 w_pde=1.36 | Loss: 3.2047e-03 | BC: 7.3386e-04 | PDE: 2.0182e-03 | Val: 3.3774e-04 | Test: 1.1790e-04 | LR=6.6e-04 *
Epoch  42/100 | Steps:  42000 | w_bc=0.62 w_pde=1.38 | Loss: 2.6016e-03 | BC: 3.8232e-04 | PDE: 1.7207e-03 | Val: 9.9772e-04 | Test: 6.3622e-04 | LR=6.4e-04
Epoch  43/100 | Steps:  43000 | w_bc=0.62 w_pde=1.38 | Loss: 2.9805e-03 | BC: 4.7918e-04 | PDE: 1.9450e-03 | Val: 2.4502e-04 | Test: 4.0339e-05 | LR=6.3e-04 *
Epoch  44/100 | Steps:  44000 | w_bc=0.62 w_pde=1.38 | Loss: 2.7166e-03 | BC: 5.0527e-04 | PDE: 1.7397e-03 | Val: 2.4690e-04 | Test: 3.7312e-05 | LR=6.1e-04
Epoch  45/100 | Steps:  45000 | w_bc=0.63 w_pde=1.37 | Loss: 2.4437e-03 | BC: 4.6321e-04 | PDE: 1.5691e-03 | Val: 2.3140e-04 | Test: 6.5894e-05 | LR=6.0e-04 *
Epoch  46/100 | Steps:  46000 | w_bc=0.65 w_pde=1.35 | Loss: 2.0429e-03 | BC: 3.9501e-04 | PDE: 1.3132e-03 | Val: 8.1656e-04 | Test: 1.6161e-04 | LR=5.8e-04
Epoch  47/100 | Steps:  47000 | w_bc=0.67 w_pde=1.33 | Loss: 2.1345e-03 | BC: 4.6141e-04 | PDE: 1.3696e-03 | Val: 5.4084e-04 | Test: 2.4212e-04 | LR=5.7e-04
Epoch  48/100 | Steps:  48000 | w_bc=0.69 w_pde=1.31 | Loss: 1.7505e-03 | BC: 3.4361e-04 | PDE: 1.1489e-03 | Val: 3.8506e-04 | Test: 5.5473e-05 | LR=5.5e-04
Epoch  49/100 | Steps:  49000 | w_bc=0.71 w_pde=1.29 | Loss: 1.4514e-03 | BC: 3.5268e-04 | PDE: 9.2618e-04 | Val: 4.1396e-04 | Test: 5.5298e-05 | LR=5.4e-04
Epoch  50/100 | Steps:  50000 | w_bc=0.70 w_pde=1.30 | Loss: 1.7071e-03 | BC: 2.7120e-04 | PDE: 1.1686e-03 | Val: 3.7424e-04 | Test: 1.0761e-04 | LR=5.2e-04
Epoch  51/100 | Steps:  51000 | w_bc=0.71 w_pde=1.29 | Loss: 1.6295e-03 | BC: 3.7055e-04 | PDE: 1.0634e-03 | Val: 3.0728e-04 | Test: 5.1952e-05 | LR=5.1e-04
Epoch  52/100 | Steps:  52000 | w_bc=0.71 w_pde=1.29 | Loss: 1.3960e-03 | BC: 2.5117e-04 | PDE: 9.4468e-04 | Val: 1.2822e-04 | Test: 2.2693e-05 | LR=4.9e-04 *
Epoch  53/100 | Steps:  53000 | w_bc=0.70 w_pde=1.30 | Loss: 1.2183e-03 | BC: 2.1563e-04 | PDE: 8.1968e-04 | Val: 1.1910e-04 | Test: 2.5098e-05 | LR=4.7e-04 *
Epoch  54/100 | Steps:  54000 | w_bc=0.71 w_pde=1.29 | Loss: 1.1844e-03 | BC: 1.8160e-04 | PDE: 8.1772e-04 | Val: 2.3728e-04 | Test: 3.7764e-05 | LR=4.6e-04
Epoch  55/100 | Steps:  55000 | w_bc=0.72 w_pde=1.28 | Loss: 9.2006e-04 | BC: 1.7478e-04 | PDE: 6.2005e-04 | Val: 9.6003e-05 | Test: 1.7438e-05 | LR=4.4e-04 *
Epoch  56/100 | Steps:  56000 | w_bc=0.73 w_pde=1.27 | Loss: 1.0716e-03 | BC: 1.6973e-04 | PDE: 7.4201e-04 | Val: 1.0875e-04 | Test: 2.1827e-05 | LR=4.3e-04
Epoch  57/100 | Steps:  57000 | w_bc=0.76 w_pde=1.24 | Loss: 9.2879e-04 | BC: 2.3901e-04 | PDE: 6.0095e-04 | Val: 1.6119e-04 | Test: 2.2118e-05 | LR=4.1e-04
Epoch  58/100 | Steps:  58000 | w_bc=0.76 w_pde=1.24 | Loss: 7.9664e-04 | BC: 1.5623e-04 | PDE: 5.4433e-04 | Val: 1.7956e-04 | Test: 1.1336e-04 | LR=4.0e-04
Epoch  59/100 | Steps:  59000 | w_bc=0.76 w_pde=1.24 | Loss: 6.8925e-04 | BC: 1.3591e-04 | PDE: 4.7304e-04 | Val: 8.1404e-05 | Test: 1.6667e-05 | LR=3.8e-04 *
Epoch  60/100 | Steps:  60000 | w_bc=0.76 w_pde=1.24 | Loss: 6.5904e-04 | BC: 1.1073e-04 | PDE: 4.6775e-04 | Val: 7.2842e-05 | Test: 1.5507e-05 | LR=3.7e-04 *
Epoch  61/100 | Steps:  61000 | w_bc=0.75 w_pde=1.25 | Loss: 8.5097e-04 | BC: 1.9357e-04 | PDE: 5.6852e-04 | Val: 1.5982e-04 | Test: 3.3350e-05 | LR=3.5e-04
Epoch  62/100 | Steps:  62000 | w_bc=0.76 w_pde=1.24 | Loss: 6.5742e-04 | BC: 1.2818e-04 | PDE: 4.4925e-04 | Val: 7.1330e-05 | Test: 1.9582e-05 | LR=3.4e-04 *
Epoch  63/100 | Steps:  63000 | w_bc=0.79 w_pde=1.21 | Loss: 5.8874e-04 | BC: 1.1692e-04 | PDE: 4.0670e-04 | Val: 7.4072e-05 | Test: 1.2157e-05 | LR=3.2e-04
Epoch  64/100 | Steps:  64000 | w_bc=0.79 w_pde=1.21 | Loss: 4.6472e-04 | BC: 9.5881e-05 | PDE: 3.2119e-04 | Val: 1.2988e-04 | Test: 3.2400e-05 | LR=3.1e-04
Epoch  65/100 | Steps:  65000 | w_bc=0.78 w_pde=1.22 | Loss: 4.9261e-04 | BC: 9.6824e-05 | PDE: 3.4236e-04 | Val: 6.3872e-05 | Test: 1.7483e-05 | LR=2.9e-04 *
Epoch  66/100 | Steps:  66000 | w_bc=0.78 w_pde=1.22 | Loss: 3.7637e-04 | BC: 7.0021e-05 | PDE: 2.6478e-04 | Val: 7.0400e-05 | Test: 2.6668e-05 | LR=2.8e-04
Epoch  67/100 | Steps:  67000 | w_bc=0.78 w_pde=1.22 | Loss: 4.4203e-04 | BC: 9.5605e-05 | PDE: 3.0239e-04 | Val: 5.9086e-05 | Test: 1.3699e-05 | LR=2.7e-04 *
Epoch  68/100 | Steps:  68000 | w_bc=0.79 w_pde=1.21 | Loss: 3.4355e-04 | BC: 6.4434e-05 | PDE: 2.4296e-04 | Val: 2.4449e-04 | Test: 2.1185e-04 | LR=2.5e-04
Epoch  69/100 | Steps:  69000 | w_bc=0.81 w_pde=1.19 | Loss: 3.3354e-04 | BC: 7.4955e-05 | PDE: 2.2867e-04 | Val: 4.7813e-05 | Test: 1.3022e-05 | LR=2.4e-04 *
Epoch  70/100 | Steps:  70000 | w_bc=0.83 w_pde=1.17 | Loss: 3.2364e-04 | BC: 6.3719e-05 | PDE: 2.3004e-04 | Val: 1.1826e-04 | Test: 2.4266e-05 | LR=2.3e-04
Epoch  71/100 | Steps:  71000 | w_bc=0.84 w_pde=1.16 | Loss: 2.8844e-04 | BC: 5.2550e-05 | PDE: 2.0980e-04 | Val: 3.3693e-05 | Test: 6.8237e-06 | LR=2.1e-04 *
Epoch  72/100 | Steps:  72000 | w_bc=0.83 w_pde=1.17 | Loss: 2.5920e-04 | BC: 4.7400e-05 | PDE: 1.9010e-04 | Val: 4.6696e-05 | Test: 1.5737e-05 | LR=2.0e-04
Epoch  73/100 | Steps:  73000 | w_bc=0.87 w_pde=1.13 | Loss: 1.8194e-04 | BC: 4.8028e-05 | PDE: 1.2270e-04 | Val: 3.0765e-05 | Test: 7.5603e-06 | LR=1.9e-04 *
Epoch  74/100 | Steps:  74000 | w_bc=0.85 w_pde=1.15 | Loss: 2.3017e-04 | BC: 3.8775e-05 | PDE: 1.7241e-04 | Val: 2.8536e-05 | Test: 6.3038e-06 | LR=1.8e-04 *
Epoch  75/100 | Steps:  75000 | w_bc=0.83 w_pde=1.17 | Loss: 2.1960e-04 | BC: 3.4856e-05 | PDE: 1.6427e-04 | Val: 2.7216e-05 | Test: 5.6457e-06 | LR=1.7e-04 *
Epoch  76/100 | Steps:  76000 | w_bc=0.87 w_pde=1.13 | Loss: 1.7609e-04 | BC: 3.9578e-05 | PDE: 1.2515e-04 | Val: 3.6404e-05 | Test: 1.7847e-05 | LR=1.5e-04
Epoch  77/100 | Steps:  77000 | w_bc=0.85 w_pde=1.15 | Loss: 1.3902e-04 | BC: 3.0400e-05 | PDE: 9.9226e-05 | Val: 3.3136e-05 | Test: 1.3984e-05 | LR=1.4e-04
Epoch  78/100 | Steps:  78000 | w_bc=0.89 w_pde=1.11 | Loss: 1.3479e-04 | BC: 3.1924e-05 | PDE: 9.4572e-05 | Val: 2.3824e-05 | Test: 5.3476e-06 | LR=1.3e-04 *
Epoch  79/100 | Steps:  79000 | w_bc=0.89 w_pde=1.11 | Loss: 1.4427e-04 | BC: 3.2893e-05 | PDE: 1.0344e-04 | Val: 3.7126e-05 | Test: 8.8490e-06 | LR=1.2e-04
Epoch  80/100 | Steps:  80000 | w_bc=0.92 w_pde=1.08 | Loss: 1.2370e-04 | BC: 2.9287e-05 | PDE: 8.8327e-05 | Val: 2.2918e-05 | Test: 5.7184e-06 | LR=1.1e-04 *
Epoch  81/100 | Steps:  81000 | w_bc=0.94 w_pde=1.06 | Loss: 1.1380e-04 | BC: 2.5813e-05 | PDE: 8.3915e-05 | Val: 1.9437e-05 | Test: 4.4616e-06 | LR=1.0e-04 *
Epoch  82/100 | Steps:  82000 | w_bc=0.95 w_pde=1.05 | Loss: 9.9375e-05 | BC: 2.4794e-05 | PDE: 7.2830e-05 | Val: 2.0097e-05 | Test: 5.1172e-06 | LR=9.6e-05
Epoch  83/100 | Steps:  83000 | w_bc=0.98 w_pde=1.02 | Loss: 7.4145e-05 | BC: 2.1087e-05 | PDE: 5.2343e-05 | Val: 1.8063e-05 | Test: 4.6486e-06 | LR=8.7e-05 *
Epoch  84/100 | Steps:  84000 | w_bc=0.95 w_pde=1.05 | Loss: 9.9393e-05 | BC: 2.2583e-05 | PDE: 7.4807e-05 | Val: 1.9795e-05 | Test: 5.6303e-06 | LR=7.9e-05
Epoch  85/100 | Steps:  85000 | w_bc=0.96 w_pde=1.04 | Loss: 8.9566e-05 | BC: 2.2742e-05 | PDE: 6.5219e-05 | Val: 1.8799e-05 | Test: 5.4012e-06 | LR=7.1e-05
Epoch  86/100 | Steps:  86000 | w_bc=1.00 w_pde=1.00 | Loss: 5.4461e-05 | BC: 1.8546e-05 | PDE: 3.5573e-05 | Val: 1.6291e-05 | Test: 4.4829e-06 | LR=6.4e-05 *
Epoch  87/100 | Steps:  87000 | w_bc=1.02 w_pde=0.98 | Loss: 5.1978e-05 | BC: 1.7249e-05 | PDE: 3.4864e-05 | Val: 1.4909e-05 | Test: 4.0888e-06 | LR=5.7e-05 *
Epoch  88/100 | Steps:  88000 | w_bc=1.01 w_pde=0.99 | Loss: 5.6117e-05 | BC: 1.9049e-05 | PDE: 3.7442e-05 | Val: 1.4331e-05 | Test: 3.5644e-06 | LR=5.1e-05 *
Epoch  89/100 | Steps:  89000 | w_bc=1.02 w_pde=0.98 | Loss: 6.0773e-05 | BC: 1.7128e-05 | PDE: 4.4018e-05 | Val: 1.4391e-05 | Test: 3.5013e-06 | LR=4.5e-05
Epoch  90/100 | Steps:  90000 | w_bc=1.01 w_pde=0.99 | Loss: 6.2945e-05 | BC: 1.7076e-05 | PDE: 4.6690e-05 | Val: 1.3739e-05 | Test: 3.4811e-06 | LR=3.9e-05 *
Epoch  91/100 | Steps:  91000 | w_bc=1.06 w_pde=0.94 | Loss: 3.3137e-05 | BC: 1.4389e-05 | PDE: 1.8932e-05 | Val: 1.2671e-05 | Test: 3.4603e-06 | LR=3.4e-05 *
Epoch  92/100 | Steps:  92000 | w_bc=1.06 w_pde=0.94 | Loss: 3.4822e-05 | BC: 1.3476e-05 | PDE: 2.1925e-05 | Val: 1.1630e-05 | Test: 3.2024e-06 | LR=3.0e-05 *
Epoch  93/100 | Steps:  93000 | w_bc=1.06 w_pde=0.94 | Loss: 4.1190e-05 | BC: 1.3600e-05 | PDE: 2.8431e-05 | Val: 1.1461e-05 | Test: 3.0554e-06 | LR=2.6e-05 *
Epoch  94/100 | Steps:  94000 | w_bc=1.07 w_pde=0.93 | Loss: 3.2204e-05 | BC: 1.2492e-05 | PDE: 2.0191e-05 | Val: 1.1578e-05 | Test: 3.6483e-06 | LR=2.2e-05
Epoch  95/100 | Steps:  95000 | w_bc=1.07 w_pde=0.93 | Loss: 4.4501e-05 | BC: 1.3730e-05 | PDE: 3.1867e-05 | Val: 1.1362e-05 | Test: 3.0338e-06 | LR=1.9e-05 *
Epoch  96/100 | Steps:  96000 | w_bc=1.08 w_pde=0.92 | Loss: 2.7367e-05 | BC: 1.1703e-05 | PDE: 1.6020e-05 | Val: 1.0988e-05 | Test: 3.5793e-06 | LR=1.6e-05 *
Epoch  97/100 | Steps:  97000 | w_bc=1.08 w_pde=0.92 | Loss: 3.5419e-05 | BC: 1.2755e-05 | PDE: 2.3612e-05 | Val: 1.1441e-05 | Test: 3.4053e-06 | LR=1.4e-05
Epoch  98/100 | Steps:  98000 | w_bc=1.09 w_pde=0.91 | Loss: 2.7017e-05 | BC: 1.1224e-05 | PDE: 1.6228e-05 | Val: 1.0058e-05 | Test: 2.9215e-06 | LR=1.2e-05 *
Epoch  99/100 | Steps:  99000 | w_bc=1.10 w_pde=0.90 | Loss: 2.7575e-05 | BC: 1.1061e-05 | PDE: 1.7090e-05 | Val: 9.8823e-06 | Test: 2.9604e-06 | LR=1.1e-05 *
Epoch 100/100 | Steps: 100000 | w_bc=1.09 w_pde=0.91 | Loss: 2.8527e-05 | BC: 1.0887e-05 | PDE: 1.8345e-05 | Val: 9.7529e-06 | Test: 2.9308e-06 | LR=1.0e-05 *

Restored best model from epoch 100 (val_loss: 9.7529e-06, test_loss: 2.9308e-06)
Best checkpoint saved to: outputs/expr_6_2/arctan/relobralo/checkpoints/best_model.pt
Final checkpoint saved to: outputs/expr_6_2/arctan/relobralo/checkpoints/final_model.pt
Training completed in 1011.96s (100,000 total steps)

Final Test MSE: 2.9308e-06
Inference (per point): 7.7488e-05s | (full domain): 7.6678e-05s
Saved plot to outputs/expr_6_2/arctan/relobralo/plots/results.png
