
============================================================
Running Example: aronsson_disc
============================================================

Generated full disc domain data:
  Boundary points: 10,000
  Interior points: 783,764
  Test points: 7,668
Re-sampling enabled: ~783,764 interior points per epoch

Splitting data: 80% train, 20% validation
  BC: 8,000 train, 2,000 val
  Interior: 627,011 train, 156,753 val

Model: InfinityLaplacianPINN
  Hidden layers: [32, 32, 32, 32]
  Activation: tanh
  η: 1e-05 (normalized)
  Residual clipping: [-10.0, 10.0]
  Outlier removal: top 2.0%
  Parameters: 3,297

Training configuration:
  Boundary points (train): 8,000 -> 20 batches of 400
  Interior points (train): 783,764 -> 784 batches of 1000
  Interior sampling: RE-SAMPLE each epoch
  Boundary points (val): 2,000
  Validation loss: BC only
  Steps per epoch: 784
  Total steps: 78,400
  Epochs: 100
  Loss balancing: AlphaPlateauScheduler
  LR scheduler: cosine (LR: 1.0e-03 -> 1.0e-05)

/usr/local/lib/python3.12/dist-packages/torch/autograd/graph.py:824: UserWarning: Attempting to run cuBLAS, but there was no current CUDA context! Attempting to set the primary context... (Triggered internally at /opt/pytorch/pytorch/aten/src/ATen/cuda/CublasHandlePool.cpp:181.)
  return Variable._execution_engine.run_backward(  # Calls into the C++ engine to run the backward pass
Epoch   1/100 | Steps:    784 | α=1e-05 | Loss: 3.1378e-02 | BC: 3.1335e-02 | PDE: 4.3348e+00 | Val: 2.9444e-04 | Test: 9.9179e-03 | LR=1.0e-03 *
Epoch   2/100 | Steps:   1568 | α=1e-05 | Loss: 2.2239e-04 | BC: 1.7651e-04 | PDE: 4.5874e+00 | Val: 1.1973e-04 | Test: 1.1575e-02 | LR=1.0e-03 *
Epoch   3/100 | Steps:   2352 | α=1e-05 | Loss: 1.3758e-04 | BC: 9.4172e-05 | PDE: 4.3405e+00 | Val: 1.0031e-04 | Test: 9.9877e-03 | LR=1.0e-03 *
Epoch   4/100 | Steps:   3136 | α=1e-05 | Loss: 1.2612e-04 | BC: 9.1447e-05 | PDE: 3.4676e+00 | Val: 1.0149e-04 | Test: 9.0817e-03 | LR=1.0e-03
Epoch   5/100 | Steps:   3920 | α=1e-05 | Loss: 1.1046e-04 | BC: 8.1864e-05 | PDE: 2.8593e+00 | Val: 9.4069e-05 | Test: 7.9369e-03 | LR=1.0e-03 *
Epoch   6/100 | Steps:   4704 | α=1e-05 | Loss: 1.0074e-04 | BC: 7.6064e-05 | PDE: 2.4679e+00 | Val: 5.4279e-05 | Test: 6.8653e-03 | LR=9.9e-04 *
Epoch   7/100 | Steps:   5488 | α=1e-05 | Loss: 8.6437e-05 | BC: 6.4866e-05 | PDE: 2.1571e+00 | Val: 4.5639e-05 | Test: 5.7554e-03 | LR=9.9e-04 *
Epoch   8/100 | Steps:   6272 | α=1e-05 | Loss: 6.8435e-05 | BC: 5.0035e-05 | PDE: 1.8400e+00 | Val: 4.2985e-05 | Test: 4.3721e-03 | LR=9.9e-04 *
Epoch   9/100 | Steps:   7056 | α=1e-05 | Loss: 5.0704e-05 | BC: 3.5780e-05 | PDE: 1.4924e+00 | Val: 3.0728e-05 | Test: 3.8010e-03 | LR=9.8e-04 *
Epoch  10/100 | Steps:   7840 | α=1e-05 | Loss: 4.0106e-05 | BC: 2.7473e-05 | PDE: 1.2633e+00 | Val: 2.3697e-05 | Test: 3.3119e-03 | LR=9.8e-04 *
Epoch  11/100 | Steps:   8624 | α=1e-05 | Loss: 3.3130e-05 | BC: 2.2381e-05 | PDE: 1.0748e+00 | Val: 1.2777e-05 | Test: 2.5005e-03 | LR=9.8e-04 *
Epoch  12/100 | Steps:   9408 | α=1e-05 | Loss: 3.0951e-05 | BC: 2.1729e-05 | PDE: 9.2223e-01 | Val: 1.1218e-05 | Test: 2.1724e-03 | LR=9.7e-04 *
Epoch  13/100 | Steps:  10192 | α=1e-05 | Loss: 3.2716e-05 | BC: 2.4620e-05 | PDE: 8.0960e-01 | Val: 1.5858e-05 | Test: 1.7389e-03 | LR=9.7e-04
Epoch  14/100 | Steps:  10976 | α=1e-05 | Loss: 2.4570e-05 | BC: 1.7362e-05 | PDE: 7.2087e-01 | Val: 6.6273e-06 | Test: 1.5422e-03 | LR=9.6e-04 *
Epoch  15/100 | Steps:  11760 | α=1e-05 | Loss: 2.7022e-05 | BC: 2.0602e-05 | PDE: 6.4194e-01 | Val: 2.4379e-05 | Test: 1.2252e-03 | LR=9.5e-04
Epoch  16/100 | Steps:  12544 | α=1e-05 | Loss: 2.2018e-05 | BC: 1.6239e-05 | PDE: 5.7794e-01 | Val: 7.8752e-06 | Test: 1.1726e-03 | LR=9.5e-04
Epoch  17/100 | Steps:  13328 | α=1e-05 | Loss: 2.4745e-05 | BC: 1.9471e-05 | PDE: 5.2737e-01 | Val: 7.5577e-06 | Test: 1.0508e-03 | LR=9.4e-04
Epoch  18/100 | Steps:  14112 | α=1e-05 | Loss: 2.3045e-05 | BC: 1.8207e-05 | PDE: 4.8382e-01 | Val: 9.6216e-06 | Test: 8.6659e-04 | LR=9.3e-04

>>> Alpha increased: 1e-05 → 1e-04 (BC=1.6423e-05) <<<
Epoch  19/100 | Steps:  14896 | α=1e-04 | Loss: 2.0885e-05 | BC: 1.6423e-05 | PDE: 4.4620e-01 | Val: 9.3256e-06 | Test: 7.8032e-04 | LR=9.2e-04 *
Epoch  20/100 | Steps:  15680 | α=1e-04 | Loss: 4.8514e-05 | BC: 2.3199e-05 | PDE: 2.5315e-01 | Val: 1.5185e-05 | Test: 2.9331e-04 | LR=9.1e-04
Epoch  21/100 | Steps:  16464 | α=1e-04 | Loss: 3.5286e-05 | BC: 1.9858e-05 | PDE: 1.5427e-01 | Val: 1.2629e-05 | Test: 1.2456e-04 | LR=9.1e-04
Epoch  22/100 | Steps:  17248 | α=1e-04 | Loss: 3.1887e-05 | BC: 1.9382e-05 | PDE: 1.2505e-01 | Val: 2.0713e-05 | Test: 7.8816e-05 | LR=9.0e-04
Epoch  23/100 | Steps:  18032 | α=1e-04 | Loss: 2.9323e-05 | BC: 1.8252e-05 | PDE: 1.1071e-01 | Val: 1.8325e-05 | Test: 1.0390e-04 | LR=8.9e-04
Epoch  24/100 | Steps:  18816 | α=1e-04 | Loss: 2.6684e-05 | BC: 1.6552e-05 | PDE: 1.0132e-01 | Val: 2.5655e-05 | Test: 5.4470e-05 | LR=8.8e-04
Epoch  25/100 | Steps:  19600 | α=1e-04 | Loss: 2.7334e-05 | BC: 1.7986e-05 | PDE: 9.3477e-02 | Val: 6.9607e-06 | Test: 5.5729e-05 | LR=8.7e-04 *
Epoch  26/100 | Steps:  20384 | α=1e-04 | Loss: 2.3515e-05 | BC: 1.4803e-05 | PDE: 8.7118e-02 | Val: 5.6782e-05 | Test: 1.1430e-04 | LR=8.6e-04
Epoch  27/100 | Steps:  21168 | α=1e-04 | Loss: 2.4677e-05 | BC: 1.6513e-05 | PDE: 8.1646e-02 | Val: 7.2102e-06 | Test: 4.0866e-05 | LR=8.4e-04
Epoch  28/100 | Steps:  21952 | α=1e-04 | Loss: 2.1244e-05 | BC: 1.3628e-05 | PDE: 7.6155e-02 | Val: 1.4024e-05 | Test: 3.5184e-05 | LR=8.3e-04
Epoch  29/100 | Steps:  22736 | α=1e-04 | Loss: 2.0255e-05 | BC: 1.3275e-05 | PDE: 6.9807e-02 | Val: 6.6221e-06 | Test: 2.9265e-05 | LR=8.2e-04 *
Epoch  30/100 | Steps:  23520 | α=1e-04 | Loss: 2.0457e-05 | BC: 1.4259e-05 | PDE: 6.1979e-02 | Val: 5.1911e-06 | Test: 2.5963e-05 | LR=8.1e-04 *

>>> Alpha increased: 1e-04 → 1e-03 (BC=1.1931e-05) <<<
Epoch  31/100 | Steps:  24304 | α=1e-03 | Loss: 1.7495e-05 | BC: 1.1931e-05 | PDE: 5.5638e-02 | Val: 7.4314e-06 | Test: 2.3544e-05 | LR=8.0e-04 *
Epoch  32/100 | Steps:  25088 | α=1e-03 | Loss: 5.6845e-05 | BC: 1.6012e-05 | PDE: 4.0833e-02 | Val: 9.3598e-06 | Test: 1.5697e-05 | LR=7.8e-04
Epoch  33/100 | Steps:  25872 | α=1e-03 | Loss: 4.5349e-05 | BC: 1.1336e-05 | PDE: 3.4014e-02 | Val: 3.2177e-06 | Test: 8.6504e-06 | LR=7.7e-04 *
Epoch  34/100 | Steps:  26656 | α=1e-03 | Loss: 4.2780e-05 | BC: 1.2930e-05 | PDE: 2.9849e-02 | Val: 1.5982e-05 | Test: 1.6590e-05 | LR=7.6e-04
Epoch  35/100 | Steps:  27440 | α=1e-03 | Loss: 3.7088e-05 | BC: 1.0312e-05 | PDE: 2.6775e-02 | Val: 2.7467e-06 | Test: 9.6248e-06 | LR=7.4e-04 *
Epoch  36/100 | Steps:  28224 | α=1e-03 | Loss: 3.6028e-05 | BC: 1.1825e-05 | PDE: 2.4203e-02 | Val: 2.1680e-05 | Test: 3.0229e-05 | LR=7.3e-04
Epoch  37/100 | Steps:  29008 | α=1e-03 | Loss: 3.0842e-05 | BC: 8.7336e-06 | PDE: 2.2109e-02 | Val: 3.9252e-06 | Test: 8.6218e-06 | LR=7.2e-04
Epoch  38/100 | Steps:  29792 | α=1e-03 | Loss: 3.1152e-05 | BC: 1.0570e-05 | PDE: 2.0582e-02 | Val: 6.6492e-06 | Test: 1.0705e-05 | LR=7.0e-04
Epoch  39/100 | Steps:  30576 | α=1e-03 | Loss: 3.1080e-05 | BC: 1.1744e-05 | PDE: 1.9336e-02 | Val: 1.2930e-05 | Test: 1.6565e-05 | LR=6.9e-04
Epoch  40/100 | Steps:  31360 | α=1e-03 | Loss: 2.5232e-05 | BC: 7.4830e-06 | PDE: 1.7749e-02 | Val: 3.2810e-06 | Test: 5.2867e-06 | LR=6.7e-04
Epoch  41/100 | Steps:  32144 | α=1e-03 | Loss: 2.5850e-05 | BC: 8.8073e-06 | PDE: 1.7043e-02 | Val: 1.6640e-06 | Test: 5.3256e-06 | LR=6.6e-04 *
Epoch  42/100 | Steps:  32928 | α=1e-03 | Loss: 2.3991e-05 | BC: 7.8754e-06 | PDE: 1.6116e-02 | Val: 7.4225e-06 | Test: 1.2500e-05 | LR=6.4e-04
Epoch  43/100 | Steps:  33712 | α=1e-03 | Loss: 2.1833e-05 | BC: 6.5900e-06 | PDE: 1.5243e-02 | Val: 2.9299e-06 | Test: 8.0759e-06 | LR=6.3e-04
Epoch  44/100 | Steps:  34496 | α=1e-03 | Loss: 2.3410e-05 | BC: 8.5596e-06 | PDE: 1.4850e-02 | Val: 3.0284e-06 | Test: 5.2981e-06 | LR=6.1e-04
Epoch  45/100 | Steps:  35280 | α=1e-03 | Loss: 1.9607e-05 | BC: 5.5915e-06 | PDE: 1.4015e-02 | Val: 1.1147e-06 | Test: 4.4968e-06 | LR=6.0e-04 *
Epoch  46/100 | Steps:  36064 | α=1e-03 | Loss: 1.9674e-05 | BC: 6.1750e-06 | PDE: 1.3499e-02 | Val: 1.5341e-06 | Test: 6.3502e-06 | LR=5.8e-04
Epoch  47/100 | Steps:  36848 | α=1e-03 | Loss: 1.9223e-05 | BC: 6.3312e-06 | PDE: 1.2892e-02 | Val: 3.5455e-06 | Test: 6.3596e-06 | LR=5.7e-04
Epoch  48/100 | Steps:  37632 | α=1e-03 | Loss: 1.7652e-05 | BC: 5.1022e-06 | PDE: 1.2550e-02 | Val: 4.1295e-05 | Test: 3.7145e-05 | LR=5.5e-04
Epoch  49/100 | Steps:  38416 | α=1e-03 | Loss: 1.8532e-05 | BC: 6.5026e-06 | PDE: 1.2030e-02 | Val: 1.4527e-06 | Test: 3.4120e-06 | LR=5.4e-04
Epoch  50/100 | Steps:  39200 | α=1e-03 | Loss: 1.5704e-05 | BC: 4.2284e-06 | PDE: 1.1475e-02 | Val: 1.8976e-06 | Test: 4.1139e-06 | LR=5.2e-04
Epoch  51/100 | Steps:  39984 | α=1e-03 | Loss: 1.5825e-05 | BC: 4.7201e-06 | PDE: 1.1105e-02 | Val: 1.9558e-06 | Test: 3.7540e-06 | LR=5.1e-04
Epoch  52/100 | Steps:  40768 | α=1e-03 | Loss: 1.5509e-05 | BC: 4.7969e-06 | PDE: 1.0712e-02 | Val: 8.3868e-06 | Test: 7.1229e-06 | LR=4.9e-04
Epoch  53/100 | Steps:  41552 | α=1e-03 | Loss: 1.4130e-05 | BC: 3.9982e-06 | PDE: 1.0132e-02 | Val: 6.0167e-06 | Test: 8.1985e-06 | LR=4.7e-04
Epoch  54/100 | Steps:  42336 | α=1e-03 | Loss: 1.3450e-05 | BC: 3.5945e-06 | PDE: 9.8557e-03 | Val: 1.0025e-06 | Test: 4.9211e-06 | LR=4.6e-04 *

>>> Alpha increased: 1e-03 → 1e-02 (BC=4.3203e-06) <<<
Epoch  55/100 | Steps:  43120 | α=1e-02 | Loss: 1.3751e-05 | BC: 4.3203e-06 | PDE: 9.4307e-03 | Val: 2.0523e-06 | Test: 5.0683e-06 | LR=4.4e-04 *
Epoch  56/100 | Steps:  43904 | α=1e-02 | Loss: 9.7220e-05 | BC: 1.1195e-05 | PDE: 8.6025e-03 | Val: 4.8286e-06 | Test: 9.5629e-06 | LR=4.3e-04
Epoch  57/100 | Steps:  44688 | α=1e-02 | Loss: 7.7814e-05 | BC: 7.1524e-06 | PDE: 7.0661e-03 | Val: 2.5982e-06 | Test: 5.8425e-06 | LR=4.1e-04
Epoch  58/100 | Steps:  45472 | α=1e-02 | Loss: 6.8004e-05 | BC: 6.7188e-06 | PDE: 6.1285e-03 | Val: 7.5637e-06 | Test: 9.7380e-06 | LR=4.0e-04
Epoch  59/100 | Steps:  46256 | α=1e-02 | Loss: 6.2069e-05 | BC: 6.8015e-06 | PDE: 5.5268e-03 | Val: 1.3739e-05 | Test: 9.0902e-06 | LR=3.8e-04
Epoch  60/100 | Steps:  47040 | α=1e-02 | Loss: 5.3811e-05 | BC: 6.4270e-06 | PDE: 4.7384e-03 | Val: 3.3903e-06 | Test: 3.0879e-06 | LR=3.7e-04
Epoch  61/100 | Steps:  47824 | α=1e-02 | Loss: 5.0036e-05 | BC: 5.8494e-06 | PDE: 4.4187e-03 | Val: 5.5572e-06 | Test: 1.0792e-05 | LR=3.5e-04
Epoch  62/100 | Steps:  48608 | α=1e-02 | Loss: 4.5276e-05 | BC: 5.5672e-06 | PDE: 3.9709e-03 | Val: 8.3917e-06 | Test: 1.1340e-05 | LR=3.4e-04

>>> Alpha increased: 1e-02 → 1e-01 (BC=5.5059e-06) <<<
Epoch  63/100 | Steps:  49392 | α=1e-01 | Loss: 4.2471e-05 | BC: 5.5059e-06 | PDE: 3.6965e-03 | Val: 3.8973e-06 | Test: 4.2128e-06 | LR=3.2e-04 *
Epoch  64/100 | Steps:  50176 | α=1e-01 | Loss: 4.5039e-04 | BC: 4.4492e-05 | PDE: 4.0590e-03 | Val: 2.2041e-05 | Test: 1.3533e-05 | LR=3.1e-04
Epoch  65/100 | Steps:  50960 | α=1e-01 | Loss: 3.6865e-04 | BC: 2.8649e-05 | PDE: 3.4000e-03 | Val: 2.0237e-05 | Test: 4.0792e-05 | LR=2.9e-04
Epoch  66/100 | Steps:  51744 | α=1e-01 | Loss: 3.4246e-04 | BC: 2.8152e-05 | PDE: 3.1430e-03 | Val: 1.1380e-05 | Test: 2.3199e-05 | LR=2.8e-04
Epoch  67/100 | Steps:  52528 | α=1e-01 | Loss: 3.8789e-04 | BC: 3.6208e-05 | PDE: 3.5168e-03 | Val: 3.5398e-05 | Test: 1.9216e-05 | LR=2.7e-04
Epoch  68/100 | Steps:  53312 | α=1e-01 | Loss: 3.2165e-04 | BC: 2.1500e-05 | PDE: 3.0015e-03 | Val: 3.1760e-05 | Test: 5.2895e-05 | LR=2.5e-04
Epoch  69/100 | Steps:  54096 | α=1e-01 | Loss: 3.0008e-04 | BC: 2.0357e-05 | PDE: 2.7972e-03 | Val: 7.0973e-06 | Test: 6.7648e-06 | LR=2.4e-04
Epoch  70/100 | Steps:  54880 | α=1e-01 | Loss: 2.8192e-04 | BC: 2.1117e-05 | PDE: 2.6080e-03 | Val: 1.0340e-05 | Test: 6.5886e-06 | LR=2.3e-04
Epoch  71/100 | Steps:  55664 | α=1e-01 | Loss: 2.5849e-04 | BC: 1.5343e-05 | PDE: 2.4315e-03 | Val: 1.2135e-05 | Test: 6.3025e-06 | LR=2.1e-04
Epoch  72/100 | Steps:  56448 | α=1e-01 | Loss: 2.3179e-04 | BC: 1.3259e-05 | PDE: 2.1853e-03 | Val: 7.0335e-06 | Test: 7.6506e-06 | LR=2.0e-04
Epoch  73/100 | Steps:  57232 | α=1e-01 | Loss: 2.2614e-04 | BC: 1.4446e-05 | PDE: 2.1169e-03 | Val: 3.7232e-06 | Test: 3.5154e-06 | LR=1.9e-04 *
Epoch  74/100 | Steps:  58016 | α=1e-01 | Loss: 2.1964e-04 | BC: 1.4406e-05 | PDE: 2.0524e-03 | Val: 4.0500e-05 | Test: 2.8357e-05 | LR=1.8e-04
Epoch  75/100 | Steps:  58800 | α=1e-01 | Loss: 2.0257e-04 | BC: 1.1674e-05 | PDE: 1.9090e-03 | Val: 3.3177e-06 | Test: 2.7020e-06 | LR=1.7e-04 *
Epoch  76/100 | Steps:  59584 | α=1e-01 | Loss: 1.9539e-04 | BC: 1.1522e-05 | PDE: 1.8387e-03 | Val: 1.4615e-05 | Test: 1.3121e-05 | LR=1.5e-04
Epoch  77/100 | Steps:  60368 | α=1e-01 | Loss: 1.7499e-04 | BC: 9.4908e-06 | PDE: 1.6550e-03 | Val: 4.8471e-06 | Test: 3.5067e-06 | LR=1.4e-04
Epoch  78/100 | Steps:  61152 | α=1e-01 | Loss: 1.7146e-04 | BC: 8.2169e-06 | PDE: 1.6324e-03 | Val: 4.9354e-06 | Test: 8.4713e-06 | LR=1.3e-04
Epoch  79/100 | Steps:  61936 | α=1e-01 | Loss: 1.6833e-04 | BC: 8.9156e-06 | PDE: 1.5941e-03 | Val: 8.2052e-06 | Test: 5.5734e-06 | LR=1.2e-04
Epoch  80/100 | Steps:  62720 | α=1e-01 | Loss: 1.5972e-04 | BC: 6.8190e-06 | PDE: 1.5290e-03 | Val: 3.4665e-06 | Test: 3.9152e-06 | LR=1.1e-04
Epoch  81/100 | Steps:  63504 | α=1e-01 | Loss: 1.6018e-04 | BC: 7.0216e-06 | PDE: 1.5316e-03 | Val: 2.5916e-06 | Test: 2.5264e-06 | LR=1.0e-04 *
Epoch  82/100 | Steps:  64288 | α=1e-01 | Loss: 1.5326e-04 | BC: 6.3983e-06 | PDE: 1.4686e-03 | Val: 2.9958e-05 | Test: 2.3702e-05 | LR=9.6e-05
Epoch  83/100 | Steps:  65072 | α=1e-01 | Loss: 1.4625e-04 | BC: 6.3370e-06 | PDE: 1.3991e-03 | Val: 2.5907e-06 | Test: 5.9694e-06 | LR=8.7e-05 *
Epoch  84/100 | Steps:  65856 | α=1e-01 | Loss: 1.3533e-04 | BC: 4.5753e-06 | PDE: 1.3076e-03 | Val: 5.2113e-06 | Test: 7.4439e-06 | LR=7.9e-05
Epoch  85/100 | Steps:  66640 | α=1e-01 | Loss: 1.4070e-04 | BC: 5.3742e-06 | PDE: 1.3533e-03 | Val: 2.6416e-06 | Test: 2.4204e-06 | LR=7.1e-05
Epoch  86/100 | Steps:  67424 | α=1e-01 | Loss: 1.3677e-04 | BC: 5.2333e-06 | PDE: 1.3154e-03 | Val: 2.8459e-06 | Test: 3.5656e-06 | LR=6.4e-05
Epoch  87/100 | Steps:  68208 | α=1e-01 | Loss: 1.3165e-04 | BC: 5.1954e-06 | PDE: 1.2645e-03 | Val: 6.9658e-06 | Test: 1.1302e-05 | LR=5.7e-05
Epoch  88/100 | Steps:  68992 | α=1e-01 | Loss: 1.2781e-04 | BC: 4.3750e-06 | PDE: 1.2344e-03 | Val: 2.0485e-06 | Test: 2.5648e-06 | LR=5.1e-05 *
Epoch  89/100 | Steps:  69776 | α=1e-01 | Loss: 1.3035e-04 | BC: 4.2017e-06 | PDE: 1.2615e-03 | Val: 2.5097e-06 | Test: 4.4531e-06 | LR=4.5e-05
Epoch  90/100 | Steps:  70560 | α=1e-01 | Loss: 1.2528e-04 | BC: 3.0292e-06 | PDE: 1.2226e-03 | Val: 3.1154e-06 | Test: 1.7644e-06 | LR=3.9e-05
Epoch  91/100 | Steps:  71344 | α=1e-01 | Loss: 1.2108e-04 | BC: 2.9191e-06 | PDE: 1.1816e-03 | Val: 2.4389e-06 | Test: 1.8325e-06 | LR=3.4e-05
Epoch  92/100 | Steps:  72128 | α=1e-01 | Loss: 1.2077e-04 | BC: 2.7048e-06 | PDE: 1.1807e-03 | Val: 2.6082e-06 | Test: 2.5901e-06 | LR=3.0e-05
Epoch  93/100 | Steps:  72912 | α=1e-01 | Loss: 1.1468e-04 | BC: 2.1869e-06 | PDE: 1.1250e-03 | Val: 2.8060e-06 | Test: 1.7533e-06 | LR=2.6e-05
Epoch  94/100 | Steps:  73696 | α=1e-01 | Loss: 1.1233e-04 | BC: 2.0209e-06 | PDE: 1.1031e-03 | Val: 1.9397e-06 | Test: 1.8967e-06 | LR=2.2e-05 *
Epoch  95/100 | Steps:  74480 | α=1e-01 | Loss: 1.0911e-04 | BC: 2.0314e-06 | PDE: 1.0708e-03 | Val: 1.7146e-06 | Test: 1.5722e-06 | LR=1.9e-05 *
Epoch  96/100 | Steps:  75264 | α=1e-01 | Loss: 1.1276e-04 | BC: 2.4908e-06 | PDE: 1.1027e-03 | Val: 4.8996e-06 | Test: 7.3287e-06 | LR=1.6e-05
Epoch  97/100 | Steps:  76048 | α=1e-01 | Loss: 1.1187e-04 | BC: 2.5836e-06 | PDE: 1.0928e-03 | Val: 1.7611e-06 | Test: 1.7834e-06 | LR=1.4e-05
Epoch  98/100 | Steps:  76832 | α=1e-01 | Loss: 1.1082e-04 | BC: 2.0575e-06 | PDE: 1.0877e-03 | Val: 2.0490e-06 | Test: 2.6764e-06 | LR=1.2e-05
Epoch  99/100 | Steps:  77616 | α=1e-01 | Loss: 1.0914e-04 | BC: 1.6499e-06 | PDE: 1.0749e-03 | Val: 1.8795e-06 | Test: 2.0253e-06 | LR=1.1e-05
Epoch 100/100 | Steps:  78400 | α=1e-01 | Loss: 1.0513e-04 | BC: 1.3835e-06 | PDE: 1.0375e-03 | Val: 1.1112e-06 | Test: 1.4395e-06 | LR=1.0e-05 *

Restored best model from epoch 100 (val_loss: 1.1112e-06, test_loss: 1.4395e-06)
Best checkpoint saved to: outputs/expr_6_2/aronsson_disc/h32/checkpoints/best_model.pt
Final checkpoint saved to: outputs/expr_6_2/aronsson_disc/h32/checkpoints/final_model.pt
Training completed in 747.20s (78,400 total steps)

Final Test MSE: 1.4395e-06
Inference (per point): 1.4873e-04s | (full domain): 1.5034e-04s
Saved plot to outputs/expr_6_2/aronsson_disc/h32/plots/results.png
