
============================================================
Running Example: arctan
============================================================

Generated full domain data:
  Boundary points: 40,000
  Interior points: 1,000,000
  Test points: 10,000
Re-sampling enabled: ~1,000,000 interior points per epoch

Splitting data: 80% train, 20% validation
  BC: 32,000 train, 8,000 val
  Interior: 800,000 train, 200,000 val

Model: InfinityLaplacianPINN
  Hidden layers: [128, 128, 128, 128]
  Activation: tanh
  η: 1e-05 (normalized)
  Residual clipping: [-10.0, 10.0]
  Parameters: 50,049

Training configuration:
  Boundary points (train): 32,000 -> 80 batches of 400
  Interior points (train): 1,000,000 -> 1000 batches of 1000
  Interior sampling: RE-SAMPLE each epoch
  Boundary points (val): 8,000
  Validation loss: BC only
  Steps per epoch: 1,000
  Total steps: 100,000
  Epochs: 100
  Loss balancing: AlphaPlateauScheduler
  LR scheduler: cosine (LR: 1.0e-03 -> 1.0e-05)

/usr/local/lib/python3.12/dist-packages/torch/autograd/graph.py:824: UserWarning: Attempting to run cuBLAS, but there was no current CUDA context! Attempting to set the primary context... (Triggered internally at /opt/pytorch/pytorch/aten/src/ATen/cuda/CublasHandlePool.cpp:181.)
  return Variable._execution_engine.run_backward(  # Calls into the C++ engine to run the backward pass
Epoch   1/100 | Steps:   1000 | α=1e-05 | Loss: 1.2471e-02 | BC: 1.2372e-02 | PDE: 9.9352e+00 | Val: 3.1326e-04 | Test: 4.2209e-03 | LR=1.0e-03 *
Epoch   2/100 | Steps:   2000 | α=1e-05 | Loss: 3.7269e-04 | BC: 3.1596e-04 | PDE: 5.6725e+00 | Val: 5.7072e-04 | Test: 6.4365e-04 | LR=1.0e-03
Epoch   3/100 | Steps:   3000 | α=1e-05 | Loss: 1.6426e-04 | BC: 1.3469e-04 | PDE: 2.9564e+00 | Val: 9.4718e-05 | Test: 1.5261e-04 | LR=1.0e-03 *
Epoch   4/100 | Steps:   4000 | α=1e-05 | Loss: 1.1741e-04 | BC: 9.6742e-05 | PDE: 2.0668e+00 | Val: 3.5644e-04 | Test: 2.7905e-04 | LR=1.0e-03
Epoch   5/100 | Steps:   5000 | α=1e-05 | Loss: 9.0068e-05 | BC: 7.4745e-05 | PDE: 1.5322e+00 | Val: 6.5260e-05 | Test: 1.0058e-04 | LR=1.0e-03 *
Epoch   6/100 | Steps:   6000 | α=1e-05 | Loss: 6.0646e-05 | BC: 4.8955e-05 | PDE: 1.1691e+00 | Val: 1.2492e-05 | Test: 1.1886e-05 | LR=9.9e-04 *
Epoch   7/100 | Steps:   7000 | α=1e-05 | Loss: 6.0897e-05 | BC: 5.1639e-05 | PDE: 9.2580e-01 | Val: 6.5141e-06 | Test: 1.4968e-05 | LR=9.9e-04 *
Epoch   8/100 | Steps:   8000 | α=1e-05 | Loss: 5.2223e-05 | BC: 4.4963e-05 | PDE: 7.2599e-01 | Val: 1.7175e-06 | Test: 7.4740e-06 | LR=9.9e-04 *
Epoch   9/100 | Steps:   9000 | α=1e-05 | Loss: 4.0796e-05 | BC: 3.5169e-05 | PDE: 5.6273e-01 | Val: 1.8396e-05 | Test: 7.9300e-06 | LR=9.8e-04
Epoch  10/100 | Steps:  10000 | α=1e-05 | Loss: 3.9221e-05 | BC: 3.4661e-05 | PDE: 4.5602e-01 | Val: 5.2519e-04 | Test: 4.3240e-04 | LR=9.8e-04
Epoch  11/100 | Steps:  11000 | α=1e-05 | Loss: 3.8921e-05 | BC: 3.4938e-05 | PDE: 3.9834e-01 | Val: 8.5855e-07 | Test: 4.0854e-06 | LR=9.8e-04 *
Epoch  12/100 | Steps:  12000 | α=1e-05 | Loss: 2.9357e-05 | BC: 2.6281e-05 | PDE: 3.0759e-01 | Val: 8.5529e-05 | Test: 5.6494e-05 | LR=9.7e-04
Epoch  13/100 | Steps:  13000 | α=1e-05 | Loss: 2.9951e-05 | BC: 2.7096e-05 | PDE: 2.8554e-01 | Val: 2.6954e-06 | Test: 2.7448e-06 | LR=9.7e-04
Epoch  14/100 | Steps:  14000 | α=1e-05 | Loss: 2.7790e-05 | BC: 2.5190e-05 | PDE: 2.5998e-01 | Val: 6.4084e-07 | Test: 1.8414e-06 | LR=9.6e-04 *
Epoch  15/100 | Steps:  15000 | α=1e-05 | Loss: 2.2586e-05 | BC: 2.0448e-05 | PDE: 2.1372e-01 | Val: 9.2468e-06 | Test: 3.8613e-06 | LR=9.5e-04
Epoch  16/100 | Steps:  16000 | α=1e-05 | Loss: 2.3414e-05 | BC: 2.1285e-05 | PDE: 2.1286e-01 | Val: 1.8760e-06 | Test: 4.2124e-06 | LR=9.5e-04
Epoch  17/100 | Steps:  17000 | α=1e-05 | Loss: 2.2360e-05 | BC: 2.0130e-05 | PDE: 2.2299e-01 | Val: 9.5819e-05 | Test: 6.4898e-05 | LR=9.4e-04
Epoch  18/100 | Steps:  18000 | α=1e-05 | Loss: 2.4350e-05 | BC: 2.2283e-05 | PDE: 2.0668e-01 | Val: 3.1238e-05 | Test: 4.2761e-05 | LR=9.3e-04
Epoch  19/100 | Steps:  19000 | α=1e-05 | Loss: 1.8564e-05 | BC: 1.6474e-05 | PDE: 2.0899e-01 | Val: 7.9058e-05 | Test: 5.9355e-05 | LR=9.2e-04

>>> Alpha increased: 1e-05 → 1e-04 (BC=1.8637e-05) <<<
Epoch  20/100 | Steps:  20000 | α=1e-04 | Loss: 2.0857e-05 | BC: 1.8637e-05 | PDE: 2.2195e-01 | Val: 9.6254e-05 | Test: 1.0737e-04 | LR=9.1e-04 *
Epoch  21/100 | Steps:  21000 | α=1e-04 | Loss: 9.2488e-05 | BC: 4.6962e-05 | PDE: 4.5526e-01 | Val: 2.5438e-05 | Test: 2.6782e-05 | LR=9.1e-04 *
Epoch  22/100 | Steps:  22000 | α=1e-04 | Loss: 6.0039e-05 | BC: 2.8036e-05 | PDE: 3.2004e-01 | Val: 3.1774e-05 | Test: 4.0474e-05 | LR=9.0e-04
Epoch  23/100 | Steps:  23000 | α=1e-04 | Loss: 6.2971e-05 | BC: 3.1546e-05 | PDE: 3.1425e-01 | Val: 2.0930e-05 | Test: 1.3245e-05 | LR=8.9e-04 *
Epoch  24/100 | Steps:  24000 | α=1e-04 | Loss: 6.6326e-05 | BC: 3.6577e-05 | PDE: 2.9748e-01 | Val: 8.9219e-06 | Test: 3.0957e-06 | LR=8.8e-04 *
Epoch  25/100 | Steps:  25000 | α=1e-04 | Loss: 5.2406e-05 | BC: 2.5398e-05 | PDE: 2.7008e-01 | Val: 9.1921e-06 | Test: 6.9587e-06 | LR=8.7e-04
Epoch  26/100 | Steps:  26000 | α=1e-04 | Loss: 5.5875e-05 | BC: 2.8037e-05 | PDE: 2.7838e-01 | Val: 5.2321e-06 | Test: 4.6982e-06 | LR=8.6e-04 *
Epoch  27/100 | Steps:  27000 | α=1e-04 | Loss: 5.3363e-05 | BC: 2.8493e-05 | PDE: 2.4870e-01 | Val: 8.7070e-06 | Test: 7.2860e-06 | LR=8.4e-04

>>> Alpha increased: 1e-04 → 1e-03 (BC=4.5305e-05) <<<
Epoch  28/100 | Steps:  28000 | α=1e-03 | Loss: 7.0913e-05 | BC: 4.5305e-05 | PDE: 2.5608e-01 | Val: 3.4573e-05 | Test: 4.2403e-05 | LR=8.3e-04 *
Epoch  29/100 | Steps:  29000 | α=1e-03 | Loss: 7.5592e-04 | BC: 2.2871e-04 | PDE: 5.2721e-01 | Val: 4.2338e-05 | Test: 1.8531e-05 | LR=8.2e-04
Epoch  30/100 | Steps:  30000 | α=1e-03 | Loss: 4.6396e-04 | BC: 1.4026e-04 | PDE: 3.2371e-01 | Val: 1.1830e-04 | Test: 4.7941e-05 | LR=8.1e-04
Epoch  31/100 | Steps:  31000 | α=1e-03 | Loss: 3.8681e-04 | BC: 1.1780e-04 | PDE: 2.6902e-01 | Val: 7.4255e-05 | Test: 4.0452e-05 | LR=8.0e-04
Epoch  32/100 | Steps:  32000 | α=1e-03 | Loss: 3.9877e-04 | BC: 1.3503e-04 | PDE: 2.6374e-01 | Val: 1.3375e-05 | Test: 3.6821e-06 | LR=7.8e-04 *
Epoch  33/100 | Steps:  33000 | α=1e-03 | Loss: 3.6844e-04 | BC: 1.2453e-04 | PDE: 2.4391e-01 | Val: 7.5744e-05 | Test: 7.0914e-05 | LR=7.7e-04
Epoch  34/100 | Steps:  34000 | α=1e-03 | Loss: 3.6411e-04 | BC: 1.2456e-04 | PDE: 2.3956e-01 | Val: 2.4764e-05 | Test: 1.7799e-05 | LR=7.6e-04
Epoch  35/100 | Steps:  35000 | α=1e-03 | Loss: 3.8047e-04 | BC: 1.2772e-04 | PDE: 2.5275e-01 | Val: 4.2452e-04 | Test: 4.1062e-04 | LR=7.4e-04

>>> Alpha increased: 1e-03 → 1e-02 (BC=1.1517e-04) <<<
Epoch  36/100 | Steps:  36000 | α=1e-02 | Loss: 3.6533e-04 | BC: 1.1517e-04 | PDE: 2.5016e-01 | Val: 1.9371e-04 | Test: 1.6623e-04 | LR=7.3e-04 *
Epoch  37/100 | Steps:  37000 | α=1e-02 | Loss: 3.6884e-03 | BC: 1.2424e-03 | PDE: 2.4460e-01 | Val: 5.4320e-04 | Test: 9.7452e-05 | LR=7.2e-04
Epoch  38/100 | Steps:  38000 | α=1e-02 | Loss: 2.4911e-03 | BC: 8.6360e-04 | PDE: 1.6275e-01 | Val: 6.5125e-04 | Test: 1.3573e-04 | LR=7.0e-04
Epoch  39/100 | Steps:  39000 | α=1e-02 | Loss: 2.1069e-03 | BC: 7.4496e-04 | PDE: 1.3620e-01 | Val: 2.7858e-04 | Test: 3.0079e-05 | LR=6.9e-04
Epoch  40/100 | Steps:  40000 | α=1e-02 | Loss: 1.9397e-03 | BC: 6.5000e-04 | PDE: 1.2897e-01 | Val: 3.2946e-04 | Test: 2.4654e-05 | LR=6.7e-04
Epoch  41/100 | Steps:  41000 | α=1e-02 | Loss: 1.6360e-03 | BC: 5.6215e-04 | PDE: 1.0739e-01 | Val: 6.3653e-04 | Test: 2.1283e-04 | LR=6.6e-04
Epoch  42/100 | Steps:  42000 | α=1e-02 | Loss: 1.7750e-03 | BC: 6.1375e-04 | PDE: 1.1612e-01 | Val: 5.7741e-04 | Test: 5.5156e-05 | LR=6.4e-04
Epoch  43/100 | Steps:  43000 | α=1e-02 | Loss: 2.0473e-03 | BC: 7.0117e-04 | PDE: 1.3461e-01 | Val: 5.7462e-04 | Test: 1.1297e-04 | LR=6.3e-04
Epoch  44/100 | Steps:  44000 | α=1e-02 | Loss: 1.7743e-03 | BC: 6.2570e-04 | PDE: 1.1486e-01 | Val: 4.7388e-04 | Test: 2.0646e-04 | LR=6.1e-04
Epoch  45/100 | Steps:  45000 | α=1e-02 | Loss: 1.4905e-03 | BC: 5.1547e-04 | PDE: 9.7508e-02 | Val: 7.9935e-04 | Test: 4.6468e-04 | LR=6.0e-04

>>> Alpha increased: 1e-02 → 1e-01 (BC=5.1715e-04) <<<
Epoch  46/100 | Steps:  46000 | α=1e-01 | Loss: 1.4757e-03 | BC: 5.1715e-04 | PDE: 9.5856e-02 | Val: 5.6900e-04 | Test: 2.5503e-04 | LR=5.8e-04 *
Epoch  47/100 | Steps:  47000 | α=1e-01 | Loss: 7.2075e-03 | BC: 1.6449e-03 | PDE: 5.5626e-02 | Val: 1.1146e-03 | Test: 1.7587e-04 | LR=5.7e-04
Epoch  48/100 | Steps:  48000 | α=1e-01 | Loss: 5.1769e-03 | BC: 1.3417e-03 | PDE: 3.8352e-02 | Val: 1.2493e-03 | Test: 1.0613e-04 | LR=5.5e-04
Epoch  49/100 | Steps:  49000 | α=1e-01 | Loss: 4.7122e-03 | BC: 1.2845e-03 | PDE: 3.4277e-02 | Val: 1.3099e-03 | Test: 3.0660e-04 | LR=5.4e-04
Epoch  50/100 | Steps:  50000 | α=1e-01 | Loss: 4.2630e-03 | BC: 1.2134e-03 | PDE: 3.0496e-02 | Val: 1.3009e-03 | Test: 1.2883e-04 | LR=5.2e-04
Epoch  51/100 | Steps:  51000 | α=1e-01 | Loss: 4.1622e-03 | BC: 1.1793e-03 | PDE: 2.9829e-02 | Val: 1.5044e-03 | Test: 1.1520e-04 | LR=5.1e-04
Epoch  52/100 | Steps:  52000 | α=1e-01 | Loss: 3.7949e-03 | BC: 1.1333e-03 | PDE: 2.6615e-02 | Val: 1.0771e-03 | Test: 2.2622e-04 | LR=4.9e-04
Epoch  53/100 | Steps:  53000 | α=1e-01 | Loss: 3.8460e-03 | BC: 1.1112e-03 | PDE: 2.7348e-02 | Val: 8.7008e-04 | Test: 6.8268e-05 | LR=4.7e-04
Epoch  54/100 | Steps:  54000 | α=1e-01 | Loss: 3.4797e-03 | BC: 9.9592e-04 | PDE: 2.4838e-02 | Val: 7.6551e-04 | Test: 6.1108e-05 | LR=4.6e-04
Epoch  55/100 | Steps:  55000 | α=1e-01 | Loss: 3.4923e-03 | BC: 1.0063e-03 | PDE: 2.4860e-02 | Val: 9.1234e-04 | Test: 1.1670e-04 | LR=4.4e-04
Epoch  56/100 | Steps:  56000 | α=1e-01 | Loss: 3.2871e-03 | BC: 9.6760e-04 | PDE: 2.3195e-02 | Val: 9.5692e-04 | Test: 1.6731e-04 | LR=4.3e-04
Epoch  57/100 | Steps:  57000 | α=1e-01 | Loss: 3.0689e-03 | BC: 8.9782e-04 | PDE: 2.1711e-02 | Val: 8.5145e-04 | Test: 2.0613e-04 | LR=4.1e-04
Epoch  58/100 | Steps:  58000 | α=1e-01 | Loss: 3.3684e-03 | BC: 9.3636e-04 | PDE: 2.4320e-02 | Val: 9.5355e-04 | Test: 7.4696e-05 | LR=4.0e-04
Epoch  59/100 | Steps:  59000 | α=1e-01 | Loss: 2.9523e-03 | BC: 8.6330e-04 | PDE: 2.0890e-02 | Val: 6.4776e-04 | Test: 1.0929e-04 | LR=3.8e-04
Epoch  60/100 | Steps:  60000 | α=1e-01 | Loss: 2.5484e-03 | BC: 7.7275e-04 | PDE: 1.7756e-02 | Val: 8.9277e-04 | Test: 1.8936e-04 | LR=3.7e-04
Epoch  61/100 | Steps:  61000 | α=1e-01 | Loss: 2.6435e-03 | BC: 7.9748e-04 | PDE: 1.8461e-02 | Val: 4.8287e-04 | Test: 6.6590e-05 | LR=3.5e-04 *
Epoch  62/100 | Steps:  62000 | α=1e-01 | Loss: 2.4484e-03 | BC: 7.3747e-04 | PDE: 1.7109e-02 | Val: 6.1124e-04 | Test: 5.9390e-05 | LR=3.4e-04
Epoch  63/100 | Steps:  63000 | α=1e-01 | Loss: 2.2618e-03 | BC: 6.9947e-04 | PDE: 1.5623e-02 | Val: 5.0156e-04 | Test: 4.5692e-05 | LR=3.2e-04
Epoch  64/100 | Steps:  64000 | α=1e-01 | Loss: 2.1624e-03 | BC: 6.6003e-04 | PDE: 1.5023e-02 | Val: 5.6200e-04 | Test: 1.3759e-04 | LR=3.1e-04
Epoch  65/100 | Steps:  65000 | α=1e-01 | Loss: 2.1325e-03 | BC: 6.4758e-04 | PDE: 1.4849e-02 | Val: 5.0442e-04 | Test: 5.3445e-05 | LR=2.9e-04
Epoch  66/100 | Steps:  66000 | α=1e-01 | Loss: 1.9118e-03 | BC: 5.9024e-04 | PDE: 1.3216e-02 | Val: 4.9121e-04 | Test: 4.3228e-05 | LR=2.8e-04
Epoch  67/100 | Steps:  67000 | α=1e-01 | Loss: 1.8604e-03 | BC: 5.7134e-04 | PDE: 1.2891e-02 | Val: 5.2044e-04 | Test: 1.0582e-04 | LR=2.7e-04
Epoch  68/100 | Steps:  68000 | α=1e-01 | Loss: 2.1700e-03 | BC: 6.0590e-04 | PDE: 1.5641e-02 | Val: 5.2069e-04 | Test: 4.6272e-05 | LR=2.5e-04
Epoch  69/100 | Steps:  69000 | α=1e-01 | Loss: 1.6828e-03 | BC: 5.3746e-04 | PDE: 1.1454e-02 | Val: 5.0867e-04 | Test: 3.3848e-05 | LR=2.4e-04
Epoch  70/100 | Steps:  70000 | α=1e-01 | Loss: 1.3781e-03 | BC: 4.7134e-04 | PDE: 9.0677e-03 | Val: 4.1462e-04 | Test: 3.1701e-05 | LR=2.3e-04 *
Epoch  71/100 | Steps:  71000 | α=1e-01 | Loss: 1.5315e-03 | BC: 4.8375e-04 | PDE: 1.0478e-02 | Val: 4.1931e-04 | Test: 3.7351e-05 | LR=2.1e-04
Epoch  72/100 | Steps:  72000 | α=1e-01 | Loss: 1.3993e-03 | BC: 4.5353e-04 | PDE: 9.4573e-03 | Val: 4.0586e-04 | Test: 3.0057e-05 | LR=2.0e-04 *
Epoch  73/100 | Steps:  73000 | α=1e-01 | Loss: 1.3092e-03 | BC: 4.3148e-04 | PDE: 8.7774e-03 | Val: 3.9280e-04 | Test: 3.8869e-05 | LR=1.9e-04 *
Epoch  74/100 | Steps:  74000 | α=1e-01 | Loss: 1.2926e-03 | BC: 4.2145e-04 | PDE: 8.7111e-03 | Val: 3.4145e-04 | Test: 2.9262e-05 | LR=1.8e-04 *
Epoch  75/100 | Steps:  75000 | α=1e-01 | Loss: 1.0616e-03 | BC: 3.8536e-04 | PDE: 6.7620e-03 | Val: 3.3689e-04 | Test: 2.7487e-05 | LR=1.7e-04 *
Epoch  76/100 | Steps:  76000 | α=1e-01 | Loss: 1.1625e-03 | BC: 3.9177e-04 | PDE: 7.7073e-03 | Val: 3.4806e-04 | Test: 2.7176e-05 | LR=1.5e-04
Epoch  77/100 | Steps:  77000 | α=1e-01 | Loss: 1.0411e-03 | BC: 3.6994e-04 | PDE: 6.7113e-03 | Val: 3.3150e-04 | Test: 2.8234e-05 | LR=1.4e-04 *
Epoch  78/100 | Steps:  78000 | α=1e-01 | Loss: 9.8285e-04 | BC: 3.5578e-04 | PDE: 6.2707e-03 | Val: 4.2609e-04 | Test: 7.6114e-05 | LR=1.3e-04
Epoch  79/100 | Steps:  79000 | α=1e-01 | Loss: 8.4558e-04 | BC: 3.3051e-04 | PDE: 5.1507e-03 | Val: 2.8635e-04 | Test: 2.8489e-05 | LR=1.2e-04 *
Epoch  80/100 | Steps:  80000 | α=1e-01 | Loss: 7.6182e-04 | BC: 3.1279e-04 | PDE: 4.4903e-03 | Val: 2.7134e-04 | Test: 2.5927e-05 | LR=1.1e-04 *
Epoch  81/100 | Steps:  81000 | α=1e-01 | Loss: 8.0761e-04 | BC: 3.0595e-04 | PDE: 5.0166e-03 | Val: 2.8172e-04 | Test: 2.5250e-05 | LR=1.0e-04
Epoch  82/100 | Steps:  82000 | α=1e-01 | Loss: 7.9222e-04 | BC: 2.9566e-04 | PDE: 4.9655e-03 | Val: 3.1328e-04 | Test: 4.2153e-05 | LR=9.6e-05
Epoch  83/100 | Steps:  83000 | α=1e-01 | Loss: 7.1529e-04 | BC: 2.8695e-04 | PDE: 4.2833e-03 | Val: 2.8976e-04 | Test: 6.0986e-05 | LR=8.7e-05
Epoch  84/100 | Steps:  84000 | α=1e-01 | Loss: 6.7274e-04 | BC: 2.7709e-04 | PDE: 3.9565e-03 | Val: 2.6221e-04 | Test: 3.2672e-05 | LR=7.9e-05 *
Epoch  85/100 | Steps:  85000 | α=1e-01 | Loss: 5.6838e-04 | BC: 2.6110e-04 | PDE: 3.0729e-03 | Val: 2.4447e-04 | Test: 3.1481e-05 | LR=7.1e-05 *
Epoch  86/100 | Steps:  86000 | α=1e-01 | Loss: 5.1277e-04 | BC: 2.5023e-04 | PDE: 2.6254e-03 | Val: 2.3111e-04 | Test: 2.7720e-05 | LR=6.4e-05 *
Epoch  87/100 | Steps:  87000 | α=1e-01 | Loss: 4.7938e-04 | BC: 2.3635e-04 | PDE: 2.4303e-03 | Val: 2.2440e-04 | Test: 2.3866e-05 | LR=5.7e-05 *
Epoch  88/100 | Steps:  88000 | α=1e-01 | Loss: 4.5241e-04 | BC: 2.2962e-04 | PDE: 2.2279e-03 | Val: 2.3628e-04 | Test: 3.1588e-05 | LR=5.1e-05
Epoch  89/100 | Steps:  89000 | α=1e-01 | Loss: 4.3695e-04 | BC: 2.2532e-04 | PDE: 2.1162e-03 | Val: 2.0110e-04 | Test: 2.4295e-05 | LR=4.5e-05 *
Epoch  90/100 | Steps:  90000 | α=1e-01 | Loss: 4.0850e-04 | BC: 2.1392e-04 | PDE: 1.9458e-03 | Val: 1.9993e-04 | Test: 2.0406e-05 | LR=3.9e-05 *
Epoch  91/100 | Steps:  91000 | α=1e-01 | Loss: 3.6018e-04 | BC: 2.0640e-04 | PDE: 1.5379e-03 | Val: 1.8263e-04 | Test: 2.3996e-05 | LR=3.4e-05 *
Epoch  92/100 | Steps:  92000 | α=1e-01 | Loss: 3.4543e-04 | BC: 1.9756e-04 | PDE: 1.4787e-03 | Val: 1.8544e-04 | Test: 1.9758e-05 | LR=3.0e-05
Epoch  93/100 | Steps:  93000 | α=1e-01 | Loss: 3.2667e-04 | BC: 1.9233e-04 | PDE: 1.3433e-03 | Val: 1.7934e-04 | Test: 2.0380e-05 | LR=2.6e-05 *
Epoch  94/100 | Steps:  94000 | α=1e-01 | Loss: 2.8814e-04 | BC: 1.8427e-04 | PDE: 1.0388e-03 | Val: 1.6821e-04 | Test: 2.0706e-05 | LR=2.2e-05 *
Epoch  95/100 | Steps:  95000 | α=1e-01 | Loss: 2.8582e-04 | BC: 1.8043e-04 | PDE: 1.0540e-03 | Val: 1.6662e-04 | Test: 1.7886e-05 | LR=1.9e-05 *
Epoch  96/100 | Steps:  96000 | α=1e-01 | Loss: 2.5791e-04 | BC: 1.7390e-04 | PDE: 8.4009e-04 | Val: 1.6003e-04 | Test: 1.8928e-05 | LR=1.6e-05 *
Epoch  97/100 | Steps:  97000 | α=1e-01 | Loss: 2.6733e-04 | BC: 1.6925e-04 | PDE: 9.8083e-04 | Val: 1.5598e-04 | Test: 1.7895e-05 | LR=1.4e-05 *
Epoch  98/100 | Steps:  98000 | α=1e-01 | Loss: 2.4003e-04 | BC: 1.6561e-04 | PDE: 7.4412e-04 | Val: 1.5375e-04 | Test: 1.7543e-05 | LR=1.2e-05 *
Epoch  99/100 | Steps:  99000 | α=1e-01 | Loss: 2.3353e-04 | BC: 1.6167e-04 | PDE: 7.1858e-04 | Val: 1.4754e-04 | Test: 1.6773e-05 | LR=1.1e-05 *
Epoch 100/100 | Steps: 100000 | α=1e-01 | Loss: 2.3037e-04 | BC: 1.5806e-04 | PDE: 7.2310e-04 | Val: 1.4547e-04 | Test: 1.8048e-05 | LR=1.0e-05 *

Restored best model from epoch 100 (val_loss: 1.4547e-04, test_loss: 1.8048e-05)
Best checkpoint saved to: outputs/expr_7_1/arctan/out0/checkpoints/best_model.pt
Final checkpoint saved to: outputs/expr_7_1/arctan/out0/checkpoints/final_model.pt
Training completed in 1034.47s (100,000 total steps)

Final Test MSE: 1.8048e-05
Inference (per point): 7.8797e-05s | (full domain): 7.6213e-05s
Saved plot to outputs/expr_7_1/arctan/out0/plots/results.png
