
============================================================
Running Example: absolute
============================================================

Generated full domain data:
  Boundary points: 40,000
  Interior points: 1,000,000
  Test points: 10,000
Re-sampling enabled: ~1,000,000 interior points per epoch

Splitting data: 80% train, 20% validation
  BC: 32,000 train, 8,000 val
  Interior: 800,000 train, 200,000 val

Model: DomainDecompositionPINN
  Hidden layers: [32, 32, 32, 32]
  Activation: tanh
  η: 1e-05 (normalized)
  Residual clipping: [-10.0, 10.0]
  Outlier removal: top 2.0%
  Parameters: 13,188

Training configuration:
  Boundary points (train): 32,000 -> 80 batches of 400
  Interior points (train): 1,000,000 -> 1000 batches of 1000
  Interior sampling: RE-SAMPLE each epoch
  Boundary points (val): 8,000
  Validation loss: BC only
  Steps per epoch: 1,000
  Total steps: 100,000
  Epochs: 100
  Loss balancing: AlphaPlateauScheduler
  LR scheduler: cosine (LR: 1.0e-03 -> 1.0e-05)

/usr/local/lib/python3.12/dist-packages/torch/autograd/graph.py:824: UserWarning: Attempting to run cuBLAS, but there was no current CUDA context! Attempting to set the primary context... (Triggered internally at /opt/pytorch/pytorch/aten/src/ATen/cuda/CublasHandlePool.cpp:181.)
  return Variable._execution_engine.run_backward(  # Calls into the C++ engine to run the backward pass
Epoch   1/100 | Steps:   1000 | α=1e-05 | Loss: 3.6279e-03 | BC: 3.4175e-03 | PDE: 2.3243e-01 | Intf: 2.0801e-04 | Val: 9.9135e-04 | Test: 1.7139e-03 | LR=1.0e-03 *
Epoch   2/100 | Steps:   2000 | α=1e-05 | Loss: 2.7632e-04 | BC: 1.7357e-04 | PDE: 2.4302e-01 | Intf: 1.0032e-04 | Val: 2.0390e-05 | Test: 7.5039e-04 | LR=1.0e-03 *
Epoch   3/100 | Steps:   3000 | α=1e-05 | Loss: 2.4676e-04 | BC: 1.2403e-04 | PDE: 2.3684e-01 | Intf: 1.2036e-04 | Val: 4.4063e-04 | Test: 9.5679e-04 | LR=1.0e-03
Epoch   4/100 | Steps:   4000 | α=1e-05 | Loss: 2.4468e-04 | BC: 1.4335e-04 | PDE: 2.3739e-01 | Intf: 9.8957e-05 | Val: 2.7115e-04 | Test: 7.6265e-04 | LR=1.0e-03
Epoch   5/100 | Steps:   5000 | α=1e-05 | Loss: 2.0134e-04 | BC: 1.0947e-04 | PDE: 2.3717e-01 | Intf: 8.9501e-05 | Val: 4.5104e-05 | Test: 6.7140e-04 | LR=1.0e-03
Epoch   6/100 | Steps:   6000 | α=1e-05 | Loss: 2.0107e-04 | BC: 1.1004e-04 | PDE: 2.3540e-01 | Intf: 8.8683e-05 | Val: 8.1415e-05 | Test: 6.4091e-04 | LR=9.9e-04
Epoch   7/100 | Steps:   7000 | α=1e-05 | Loss: 1.8847e-04 | BC: 1.0537e-04 | PDE: 2.3869e-01 | Intf: 8.0716e-05 | Val: 1.2889e-04 | Test: 7.4596e-04 | LR=9.9e-04

>>> Alpha increased: 1e-05 → 1e-04 (BC=1.1820e-04) <<<
Epoch   8/100 | Steps:   8000 | α=1e-04 | Loss: 1.7384e-04 | BC: 1.1820e-04 | PDE: 2.4334e-01 | Intf: 5.3201e-05 | Val: 1.6899e-04 | Test: 7.2055e-04 | LR=9.9e-04 *
Epoch   9/100 | Steps:   9000 | α=1e-04 | Loss: 2.7210e-04 | BC: 1.2922e-04 | PDE: 2.3369e-01 | Intf: 1.1951e-04 | Val: 2.7565e-05 | Test: 6.1199e-04 | LR=9.8e-04 *
Epoch  10/100 | Steps:  10000 | α=1e-04 | Loss: 1.2634e-04 | BC: 6.8716e-05 | PDE: 2.1401e-01 | Intf: 3.6219e-05 | Val: 7.7715e-05 | Test: 5.8153e-04 | LR=9.8e-04
Epoch  11/100 | Steps:  11000 | α=1e-04 | Loss: 1.8218e-04 | BC: 1.0079e-04 | PDE: 2.1028e-01 | Intf: 6.0364e-05 | Val: 4.3121e-05 | Test: 5.3310e-04 | LR=9.8e-04
Epoch  12/100 | Steps:  12000 | α=1e-04 | Loss: 1.6101e-04 | BC: 8.6294e-05 | PDE: 2.0161e-01 | Intf: 5.4551e-05 | Val: 1.5303e-04 | Test: 5.2307e-04 | LR=9.7e-04
Epoch  13/100 | Steps:  13000 | α=1e-04 | Loss: 1.8218e-04 | BC: 8.8261e-05 | PDE: 1.9762e-01 | Intf: 7.4161e-05 | Val: 3.4850e-05 | Test: 5.0900e-04 | LR=9.7e-04
Epoch  14/100 | Steps:  14000 | α=1e-04 | Loss: 1.3792e-04 | BC: 7.8698e-05 | PDE: 1.9049e-01 | Intf: 4.0177e-05 | Val: 3.3697e-05 | Test: 4.9843e-04 | LR=9.6e-04
Epoch  15/100 | Steps:  15000 | α=1e-04 | Loss: 1.5853e-04 | BC: 8.1657e-05 | PDE: 1.8699e-01 | Intf: 5.8175e-05 | Val: 3.1265e-05 | Test: 4.9161e-04 | LR=9.5e-04
Epoch  16/100 | Steps:  16000 | α=1e-04 | Loss: 1.3635e-04 | BC: 7.1836e-05 | PDE: 1.8264e-01 | Intf: 4.6245e-05 | Val: 9.7404e-05 | Test: 4.8391e-04 | LR=9.5e-04
Epoch  17/100 | Steps:  17000 | α=1e-04 | Loss: 2.2772e-04 | BC: 1.0572e-04 | PDE: 1.8608e-01 | Intf: 1.0339e-04 | Val: 1.1840e-05 | Test: 4.7852e-04 | LR=9.4e-04 *
Epoch  18/100 | Steps:  18000 | α=1e-04 | Loss: 1.0690e-04 | BC: 6.7538e-05 | PDE: 1.7553e-01 | Intf: 2.1811e-05 | Val: 3.8598e-05 | Test: 4.7305e-04 | LR=9.3e-04
Epoch  19/100 | Steps:  19000 | α=1e-04 | Loss: 1.1335e-04 | BC: 5.9976e-05 | PDE: 1.7478e-01 | Intf: 3.5900e-05 | Val: 3.6942e-05 | Test: 4.6577e-04 | LR=9.2e-04
Epoch  20/100 | Steps:  20000 | α=1e-04 | Loss: 1.3386e-04 | BC: 6.9400e-05 | PDE: 1.7152e-01 | Intf: 4.7306e-05 | Val: 4.1571e-05 | Test: 4.6822e-04 | LR=9.1e-04
Epoch  21/100 | Steps:  21000 | α=1e-04 | Loss: 1.1132e-04 | BC: 6.1543e-05 | PDE: 1.6757e-01 | Intf: 3.3020e-05 | Val: 6.5245e-05 | Test: 4.4809e-04 | LR=9.1e-04
Epoch  22/100 | Steps:  22000 | α=1e-04 | Loss: 2.8845e-04 | BC: 1.7122e-04 | PDE: 1.7909e-01 | Intf: 9.9325e-05 | Val: 4.9840e-05 | Test: 4.4871e-04 | LR=9.0e-04
Epoch  23/100 | Steps:  23000 | α=1e-04 | Loss: 1.3195e-04 | BC: 7.4778e-05 | PDE: 1.7309e-01 | Intf: 3.9864e-05 | Val: 1.6032e-04 | Test: 5.2461e-04 | LR=8.9e-04

>>> Alpha increased: 1e-04 → 1e-03 (BC=8.9237e-05) <<<
Epoch  24/100 | Steps:  24000 | α=1e-03 | Loss: 1.5725e-04 | BC: 8.9237e-05 | PDE: 1.7566e-01 | Intf: 5.0443e-05 | Val: 1.5020e-04 | Test: 5.2271e-04 | LR=8.8e-04 *
Epoch  25/100 | Steps:  25000 | α=1e-03 | Loss: 3.0540e-04 | BC: 9.7830e-05 | PDE: 1.4295e-01 | Intf: 6.4627e-05 | Val: 5.3391e-05 | Test: 3.6811e-04 | LR=8.7e-04 *
Epoch  26/100 | Steps:  26000 | α=1e-03 | Loss: 2.6328e-04 | BC: 9.3319e-05 | PDE: 1.1476e-01 | Intf: 5.5203e-05 | Val: 7.1035e-05 | Test: 2.9179e-04 | LR=8.6e-04
Epoch  27/100 | Steps:  27000 | α=1e-03 | Loss: 2.7367e-04 | BC: 1.0250e-04 | PDE: 9.9872e-02 | Intf: 7.1297e-05 | Val: 7.1184e-05 | Test: 2.9139e-04 | LR=8.4e-04
Epoch  28/100 | Steps:  28000 | α=1e-03 | Loss: 2.0697e-04 | BC: 7.3746e-05 | PDE: 8.9433e-02 | Intf: 4.3791e-05 | Val: 1.7290e-04 | Test: 3.4305e-04 | LR=8.3e-04
Epoch  29/100 | Steps:  29000 | α=1e-03 | Loss: 2.0644e-04 | BC: 7.9050e-05 | PDE: 8.1694e-02 | Intf: 4.5699e-05 | Val: 1.0021e-05 | Test: 2.0874e-04 | LR=8.2e-04 *
Epoch  30/100 | Steps:  30000 | α=1e-03 | Loss: 2.3297e-04 | BC: 9.6373e-05 | PDE: 7.6045e-02 | Intf: 6.0549e-05 | Val: 1.2381e-04 | Test: 2.6314e-04 | LR=8.1e-04
Epoch  31/100 | Steps:  31000 | α=1e-03 | Loss: 1.7531e-04 | BC: 6.1326e-05 | PDE: 7.1497e-02 | Intf: 4.2486e-05 | Val: 1.9447e-04 | Test: 2.9880e-04 | LR=8.0e-04
Epoch  32/100 | Steps:  32000 | α=1e-03 | Loss: 1.8541e-04 | BC: 6.9029e-05 | PDE: 6.7053e-02 | Intf: 4.9329e-05 | Val: 5.7039e-04 | Test: 5.3428e-04 | LR=7.8e-04

>>> Alpha increased: 1e-03 → 1e-02 (BC=8.6423e-05) <<<
Epoch  33/100 | Steps:  33000 | α=1e-02 | Loss: 2.0153e-04 | BC: 8.6423e-05 | PDE: 6.4162e-02 | Intf: 5.0945e-05 | Val: 3.4731e-05 | Test: 1.7920e-04 | LR=7.7e-04 *
Epoch  34/100 | Steps:  34000 | α=1e-02 | Loss: 6.2930e-04 | BC: 1.3028e-04 | PDE: 4.1786e-02 | Intf: 8.1164e-05 | Val: 1.8317e-04 | Test: 2.1277e-04 | LR=7.6e-04
Epoch  35/100 | Steps:  35000 | α=1e-02 | Loss: 4.6615e-04 | BC: 1.2590e-04 | PDE: 2.6534e-02 | Intf: 7.4907e-05 | Val: 2.1233e-04 | Test: 2.7057e-04 | LR=7.4e-04
Epoch  36/100 | Steps:  36000 | α=1e-02 | Loss: 3.8024e-04 | BC: 1.1024e-04 | PDE: 2.0705e-02 | Intf: 6.2942e-05 | Val: 1.4205e-04 | Test: 1.6293e-04 | LR=7.3e-04
Epoch  37/100 | Steps:  37000 | α=1e-02 | Loss: 3.7296e-04 | BC: 1.3243e-04 | PDE: 1.7381e-02 | Intf: 6.6721e-05 | Val: 1.2956e-04 | Test: 1.7293e-04 | LR=7.2e-04
Epoch  38/100 | Steps:  38000 | α=1e-02 | Loss: 3.2862e-04 | BC: 1.0793e-04 | PDE: 1.5197e-02 | Intf: 6.8716e-05 | Val: 5.8453e-05 | Test: 9.1956e-05 | LR=7.0e-04
Epoch  39/100 | Steps:  39000 | α=1e-02 | Loss: 3.2024e-04 | BC: 1.1513e-04 | PDE: 1.3626e-02 | Intf: 6.8846e-05 | Val: 4.7194e-04 | Test: 4.0703e-04 | LR=6.9e-04
Epoch  40/100 | Steps:  40000 | α=1e-02 | Loss: 2.8264e-04 | BC: 9.9046e-05 | PDE: 1.2418e-02 | Intf: 5.9411e-05 | Val: 7.3705e-05 | Test: 1.0726e-04 | LR=6.7e-04

>>> Alpha increased: 1e-02 → 1e-01 (BC=1.0673e-04) <<<
Epoch  41/100 | Steps:  41000 | α=1e-01 | Loss: 2.9006e-04 | BC: 1.0673e-04 | PDE: 1.1139e-02 | Intf: 7.1939e-05 | Val: 7.5501e-05 | Test: 8.8141e-05 | LR=6.6e-04 *
Epoch  42/100 | Steps:  42000 | α=1e-01 | Loss: 9.8955e-04 | BC: 3.8418e-04 | PDE: 4.0504e-03 | Intf: 2.0033e-04 | Val: 3.3217e-04 | Test: 3.4264e-04 | LR=6.4e-04
Epoch  43/100 | Steps:  43000 | α=1e-01 | Loss: 5.1769e-04 | BC: 1.7578e-04 | PDE: 1.7500e-03 | Intf: 1.6691e-04 | Val: 2.5138e-04 | Test: 2.0948e-04 | LR=6.3e-04
Epoch  44/100 | Steps:  44000 | α=1e-01 | Loss: 3.5551e-04 | BC: 1.2937e-04 | PDE: 9.1583e-04 | Intf: 1.3455e-04 | Val: 2.3028e-04 | Test: 1.8262e-04 | LR=6.1e-04
Epoch  45/100 | Steps:  45000 | α=1e-01 | Loss: 3.0903e-04 | BC: 1.1981e-04 | PDE: 6.8729e-04 | Intf: 1.2050e-04 | Val: 4.7496e-04 | Test: 3.8195e-04 | LR=6.0e-04
Epoch  46/100 | Steps:  46000 | α=1e-01 | Loss: 2.8980e-04 | BC: 1.1732e-04 | PDE: 5.4765e-04 | Intf: 1.1771e-04 | Val: 1.8348e-04 | Test: 1.5126e-04 | LR=5.8e-04
Epoch  47/100 | Steps:  47000 | α=1e-01 | Loss: 2.6016e-04 | BC: 1.0875e-04 | PDE: 4.4151e-04 | Intf: 1.0726e-04 | Val: 1.2267e-04 | Test: 1.0301e-04 | LR=5.7e-04
Epoch  48/100 | Steps:  48000 | α=1e-01 | Loss: 2.3248e-04 | BC: 9.7707e-05 | PDE: 3.6012e-04 | Intf: 9.8762e-05 | Val: 2.4658e-04 | Test: 2.1045e-04 | LR=5.5e-04
Epoch  49/100 | Steps:  49000 | α=1e-01 | Loss: 2.0963e-04 | BC: 8.8928e-05 | PDE: 3.0772e-04 | Intf: 8.9925e-05 | Val: 9.7639e-05 | Test: 7.5815e-05 | LR=5.4e-04
Epoch  50/100 | Steps:  50000 | α=1e-01 | Loss: 2.0158e-04 | BC: 8.9357e-05 | PDE: 2.7173e-04 | Intf: 8.5044e-05 | Val: 6.4793e-05 | Test: 5.6800e-05 | LR=5.2e-04 *
Epoch  51/100 | Steps:  51000 | α=1e-01 | Loss: 1.8282e-04 | BC: 7.7506e-05 | PDE: 2.4355e-04 | Intf: 8.0963e-05 | Val: 1.2534e-04 | Test: 1.0693e-04 | LR=5.1e-04
Epoch  52/100 | Steps:  52000 | α=1e-01 | Loss: 1.6273e-04 | BC: 6.8637e-05 | PDE: 2.2441e-04 | Intf: 7.1654e-05 | Val: 1.0596e-04 | Test: 8.3049e-05 | LR=4.9e-04
Epoch  53/100 | Steps:  53000 | α=1e-01 | Loss: 1.7340e-04 | BC: 7.6193e-05 | PDE: 2.1234e-04 | Intf: 7.5974e-05 | Val: 2.0047e-05 | Test: 1.9204e-05 | LR=4.7e-04 *
Epoch  54/100 | Steps:  54000 | α=1e-01 | Loss: 1.2466e-04 | BC: 5.1446e-05 | PDE: 1.9232e-04 | Intf: 5.3984e-05 | Val: 1.4384e-04 | Test: 1.1597e-04 | LR=4.6e-04
Epoch  55/100 | Steps:  55000 | α=1e-01 | Loss: 1.2870e-04 | BC: 5.4307e-05 | PDE: 1.7781e-04 | Intf: 5.6607e-05 | Val: 7.7845e-05 | Test: 7.2265e-05 | LR=4.4e-04
Epoch  56/100 | Steps:  56000 | α=1e-01 | Loss: 1.0950e-04 | BC: 4.5747e-05 | PDE: 1.5624e-04 | Intf: 4.8130e-05 | Val: 5.1629e-05 | Test: 3.7451e-05 | LR=4.3e-04
Epoch  57/100 | Steps:  57000 | α=1e-01 | Loss: 1.1182e-04 | BC: 4.8730e-05 | PDE: 1.4182e-04 | Intf: 4.8908e-05 | Val: 2.8179e-05 | Test: 2.8096e-05 | LR=4.1e-04
Epoch  58/100 | Steps:  58000 | α=1e-01 | Loss: 1.0007e-04 | BC: 4.2508e-05 | PDE: 1.2822e-04 | Intf: 4.4743e-05 | Val: 5.3921e-05 | Test: 4.8626e-05 | LR=4.0e-04
Epoch  59/100 | Steps:  59000 | α=1e-01 | Loss: 9.8640e-05 | BC: 4.3332e-05 | PDE: 1.1924e-04 | Intf: 4.3384e-05 | Val: 1.7628e-05 | Test: 1.5574e-05 | LR=3.8e-04 *
Epoch  60/100 | Steps:  60000 | α=1e-01 | Loss: 8.1190e-05 | BC: 3.4644e-05 | PDE: 1.0699e-04 | Intf: 3.5846e-05 | Val: 1.3935e-05 | Test: 1.3862e-05 | LR=3.7e-04 *
Epoch  61/100 | Steps:  61000 | α=1e-01 | Loss: 7.7141e-05 | BC: 3.2587e-05 | PDE: 9.7852e-05 | Intf: 3.4768e-05 | Val: 9.9512e-05 | Test: 8.6712e-05 | LR=3.5e-04
Epoch  62/100 | Steps:  62000 | α=1e-01 | Loss: 8.1865e-05 | BC: 3.5824e-05 | PDE: 9.1100e-05 | Intf: 3.6931e-05 | Val: 2.5153e-06 | Test: 3.4281e-06 | LR=3.4e-04 *
Epoch  63/100 | Steps:  63000 | α=1e-01 | Loss: 5.8717e-05 | BC: 2.4529e-05 | PDE: 8.0506e-05 | Intf: 2.6137e-05 | Val: 2.3815e-05 | Test: 1.9357e-05 | LR=3.2e-04
Epoch  64/100 | Steps:  64000 | α=1e-01 | Loss: 5.7268e-05 | BC: 2.3955e-05 | PDE: 7.3354e-05 | Intf: 2.5977e-05 | Val: 4.0104e-05 | Test: 3.3968e-05 | LR=3.1e-04
Epoch  65/100 | Steps:  65000 | α=1e-01 | Loss: 5.4048e-05 | BC: 2.2874e-05 | PDE: 6.5819e-05 | Intf: 2.4592e-05 | Val: 6.3826e-06 | Test: 5.5985e-06 | LR=2.9e-04
Epoch  66/100 | Steps:  66000 | α=1e-01 | Loss: 4.7771e-05 | BC: 2.0405e-05 | PDE: 5.8898e-05 | Intf: 2.1476e-05 | Val: 2.9989e-05 | Test: 2.3220e-05 | LR=2.8e-04
Epoch  67/100 | Steps:  67000 | α=1e-01 | Loss: 4.4504e-05 | BC: 1.8910e-05 | PDE: 5.1784e-05 | Intf: 2.0416e-05 | Val: 5.9717e-06 | Test: 4.5966e-06 | LR=2.7e-04
Epoch  68/100 | Steps:  68000 | α=1e-01 | Loss: 4.1043e-05 | BC: 1.7562e-05 | PDE: 4.4389e-05 | Intf: 1.9042e-05 | Val: 5.0229e-06 | Test: 4.2600e-06 | LR=2.5e-04
Epoch  69/100 | Steps:  69000 | α=1e-01 | Loss: 3.4125e-05 | BC: 1.4466e-05 | PDE: 3.6176e-05 | Intf: 1.6042e-05 | Val: 1.2465e-05 | Test: 1.0516e-05 | LR=2.4e-04
Epoch  70/100 | Steps:  70000 | α=1e-01 | Loss: 3.0624e-05 | BC: 1.3286e-05 | PDE: 3.0087e-05 | Intf: 1.4330e-05 | Val: 1.4227e-05 | Test: 1.1184e-05 | LR=2.3e-04
Epoch  71/100 | Steps:  71000 | α=1e-01 | Loss: 3.1717e-05 | BC: 1.3775e-05 | PDE: 2.7720e-05 | Intf: 1.5170e-05 | Val: 1.2908e-05 | Test: 1.0435e-05 | LR=2.1e-04
Epoch  72/100 | Steps:  72000 | α=1e-01 | Loss: 2.3278e-05 | BC: 9.9784e-06 | PDE: 2.4169e-05 | Intf: 1.0883e-05 | Val: 1.9904e-05 | Test: 1.7947e-05 | LR=2.0e-04
Epoch  73/100 | Steps:  73000 | α=1e-01 | Loss: 2.1837e-05 | BC: 9.3995e-06 | PDE: 2.2332e-05 | Intf: 1.0205e-05 | Val: 8.0254e-05 | Test: 7.3015e-05 | LR=1.9e-04
Epoch  74/100 | Steps:  74000 | α=1e-01 | Loss: 1.9150e-05 | BC: 8.1665e-06 | PDE: 2.0097e-05 | Intf: 8.9736e-06 | Val: 6.2176e-06 | Test: 5.6278e-06 | LR=1.8e-04
Epoch  75/100 | Steps:  75000 | α=1e-01 | Loss: 1.7790e-05 | BC: 7.5025e-06 | PDE: 1.8371e-05 | Intf: 8.4501e-06 | Val: 3.3364e-06 | Test: 3.1140e-06 | LR=1.7e-04
Epoch  76/100 | Steps:  76000 | α=1e-01 | Loss: 1.4847e-05 | BC: 6.2566e-06 | PDE: 1.6960e-05 | Intf: 6.8941e-06 | Val: 3.6853e-05 | Test: 3.3625e-05 | LR=1.5e-04
Epoch  77/100 | Steps:  77000 | α=1e-01 | Loss: 1.2761e-05 | BC: 5.4507e-06 | PDE: 1.5531e-05 | Intf: 5.7571e-06 | Val: 3.5724e-06 | Test: 3.9021e-06 | LR=1.4e-04
Epoch  78/100 | Steps:  78000 | α=1e-01 | Loss: 1.2797e-05 | BC: 5.3979e-06 | PDE: 1.4297e-05 | Intf: 5.9696e-06 | Val: 8.5556e-07 | Test: 1.6163e-06 | LR=1.3e-04 *
Epoch  79/100 | Steps:  79000 | α=1e-01 | Loss: 8.5624e-06 | BC: 3.4732e-06 | PDE: 1.3133e-05 | Intf: 3.7759e-06 | Val: 8.3671e-06 | Test: 7.3902e-06 | LR=1.2e-04
Epoch  80/100 | Steps:  80000 | α=1e-01 | Loss: 8.9691e-06 | BC: 3.6606e-06 | PDE: 1.2180e-05 | Intf: 4.0904e-06 | Val: 2.1847e-06 | Test: 3.2119e-06 | LR=1.1e-04
Epoch  81/100 | Steps:  81000 | α=1e-01 | Loss: 6.8625e-06 | BC: 2.7618e-06 | PDE: 1.1228e-05 | Intf: 2.9780e-06 | Val: 1.0197e-06 | Test: 2.5253e-06 | LR=1.0e-04
Epoch  82/100 | Steps:  82000 | α=1e-01 | Loss: 6.7647e-06 | BC: 2.7550e-06 | PDE: 1.0392e-05 | Intf: 2.9705e-06 | Val: 5.7866e-07 | Test: 2.0577e-06 | LR=9.6e-05 *
Epoch  83/100 | Steps:  83000 | α=1e-01 | Loss: 5.9716e-06 | BC: 2.4031e-06 | PDE: 9.6025e-06 | Intf: 2.6082e-06 | Val: 3.6240e-07 | Test: 1.8296e-06 | LR=8.7e-05 *
Epoch  84/100 | Steps:  84000 | α=1e-01 | Loss: 4.3362e-06 | BC: 1.7146e-06 | PDE: 8.7906e-06 | Intf: 1.7425e-06 | Val: 6.7472e-06 | Test: 7.2591e-06 | LR=7.9e-05
Epoch  85/100 | Steps:  85000 | α=1e-01 | Loss: 3.5255e-06 | BC: 1.3414e-06 | PDE: 8.2668e-06 | Intf: 1.3574e-06 | Val: 2.3785e-06 | Test: 4.1030e-06 | LR=7.1e-05
Epoch  86/100 | Steps:  86000 | α=1e-01 | Loss: 3.3979e-06 | BC: 1.3033e-06 | PDE: 7.6817e-06 | Intf: 1.3265e-06 | Val: 2.6159e-07 | Test: 2.1050e-06 | LR=6.4e-05 *
Epoch  87/100 | Steps:  87000 | α=1e-01 | Loss: 2.3813e-06 | BC: 8.7498e-07 | PDE: 7.1520e-06 | Intf: 7.9108e-07 | Val: 6.2059e-06 | Test: 8.0156e-06 | LR=5.7e-05
Epoch  88/100 | Steps:  88000 | α=1e-01 | Loss: 2.3454e-06 | BC: 8.4761e-07 | PDE: 6.6776e-06 | Intf: 8.3007e-07 | Val: 6.2771e-07 | Test: 2.4607e-06 | LR=5.1e-05
Epoch  89/100 | Steps:  89000 | α=1e-01 | Loss: 1.8858e-06 | BC: 6.7936e-07 | PDE: 6.2551e-06 | Intf: 5.8095e-07 | Val: 5.1979e-07 | Test: 2.3774e-06 | LR=4.5e-05
Epoch  90/100 | Steps:  90000 | α=1e-01 | Loss: 1.8749e-06 | BC: 6.9294e-07 | PDE: 5.9039e-06 | Intf: 5.9153e-07 | Val: 1.4275e-06 | Test: 3.3043e-06 | LR=3.9e-05
Epoch  91/100 | Steps:  91000 | α=1e-01 | Loss: 1.2572e-06 | BC: 4.0966e-07 | PDE: 5.6187e-06 | Intf: 2.8567e-07 | Val: 7.0537e-07 | Test: 2.6532e-06 | LR=3.4e-05
Epoch  92/100 | Steps:  92000 | α=1e-01 | Loss: 1.1975e-06 | BC: 3.8424e-07 | PDE: 5.2845e-06 | Intf: 2.8483e-07 | Val: 6.2630e-07 | Test: 2.6908e-06 | LR=3.0e-05
Epoch  93/100 | Steps:  93000 | α=1e-01 | Loss: 9.5122e-07 | BC: 2.9141e-07 | PDE: 5.0319e-06 | Intf: 1.5661e-07 | Val: 8.7842e-07 | Test: 2.7558e-06 | LR=2.6e-05
Epoch  94/100 | Steps:  94000 | α=1e-01 | Loss: 8.7359e-07 | BC: 2.6420e-07 | PDE: 4.8151e-06 | Intf: 1.2789e-07 | Val: 1.1489e-06 | Test: 2.7742e-06 | LR=2.2e-05
Epoch  95/100 | Steps:  95000 | α=1e-01 | Loss: 8.3866e-07 | BC: 2.5466e-07 | PDE: 4.5609e-06 | Intf: 1.2791e-07 | Val: 3.6725e-07 | Test: 2.2357e-06 | LR=1.9e-05
Epoch  96/100 | Steps:  96000 | α=1e-01 | Loss: 7.3457e-07 | BC: 2.1144e-07 | PDE: 4.3996e-06 | Intf: 8.3173e-08 | Val: 6.5880e-07 | Test: 2.5255e-06 | LR=1.6e-05
Epoch  97/100 | Steps:  97000 | α=1e-01 | Loss: 7.0968e-07 | BC: 2.0759e-07 | PDE: 4.2258e-06 | Intf: 7.9506e-08 | Val: 1.5415e-07 | Test: 1.9077e-06 | LR=1.4e-05 *
Epoch  98/100 | Steps:  98000 | α=1e-01 | Loss: 6.2763e-07 | BC: 1.7299e-07 | PDE: 4.1235e-06 | Intf: 4.2290e-08 | Val: 2.9172e-07 | Test: 2.0811e-06 | LR=1.2e-05
Epoch  99/100 | Steps:  99000 | α=1e-01 | Loss: 6.4412e-07 | BC: 1.8762e-07 | PDE: 3.9738e-06 | Intf: 5.9116e-08 | Val: 1.7219e-07 | Test: 1.9412e-06 | LR=1.1e-05
Epoch 100/100 | Steps: 100000 | α=1e-01 | Loss: 5.9633e-07 | BC: 1.6939e-07 | PDE: 3.8164e-06 | Intf: 4.5308e-08 | Val: 3.5507e-07 | Test: 1.9972e-06 | LR=1.0e-05

Restored best model from epoch 97 (val_loss: 1.5415e-07, test_loss: 1.9077e-06)
Best checkpoint saved to: outputs/expr_7_1/absolute_dd/normal/checkpoints/best_model.pt
Final checkpoint saved to: outputs/expr_7_1/absolute_dd/normal/checkpoints/final_model.pt
Training completed in 4801.99s (100,000 total steps)

Final Test MSE: 1.9972e-06
Inference (per point): 5.8096e-04s | (full domain): 1.4576e-03s
Saved .npz files to outputs/expr_7_1/absolute_dd/normal/npy/
Saved plot to outputs/expr_7_1/absolute_dd/normal/plots/results.png
