
============================================================
Running Example: absolute
============================================================

Generated full domain data:
  Boundary points: 40,000
  Interior points: 1,000,000
  Test points: 10,000
Re-sampling enabled: ~1,000,000 interior points per epoch

Splitting data: 80% train, 20% validation
  BC: 32,000 train, 8,000 val
  Interior: 800,000 train, 200,000 val

Model: InfinityLaplacianPINN
  Hidden layers: [128, 128, 128, 128]
  Activation: tanh
  η: 1e-05 (normalized)
  Residual clipping: [-10.0, 10.0]
  Outlier removal: top 2.0%
  Parameters: 50,049

Training configuration:
  Boundary points (train): 32,000 -> 80 batches of 400
  Interior points (train): 1,000,000 -> 1000 batches of 1000
  Interior sampling: RE-SAMPLE each epoch
  Boundary points (val): 8,000
  Validation loss: BC only
  Steps per epoch: 1,000
  Total steps: 100,000
  Epochs: 100
  Loss balancing: FixedAlphaSchedule
  LR scheduler: cosine (LR: 1.0e-03 -> 1.0e-05)

/usr/local/lib/python3.12/dist-packages/torch/autograd/graph.py:824: UserWarning: Attempting to run cuBLAS, but there was no current CUDA context! Attempting to set the primary context... (Triggered internally at /opt/pytorch/pytorch/aten/src/ATen/cuda/CublasHandlePool.cpp:181.)
  return Variable._execution_engine.run_backward(  # Calls into the C++ engine to run the backward pass
Epoch   1/100 | Steps:   1000 | α=1e-01 | Loss: 2.9414e-02 | BC: 2.2443e-02 | PDE: 6.9709e-02 | Val: 1.0504e-03 | Test: 2.3376e-03 | LR=1.0e-03 *
Epoch   2/100 | Steps:   2000 | α=1e-01 | Loss: 1.9830e-03 | BC: 7.3373e-04 | PDE: 1.2492e-02 | Val: 8.9931e-04 | Test: 1.8144e-03 | LR=1.0e-03 *
Epoch   3/100 | Steps:   3000 | α=1e-01 | Loss: 1.3383e-03 | BC: 5.1532e-04 | PDE: 8.2302e-03 | Val: 3.6695e-04 | Test: 1.5242e-03 | LR=1.0e-03 *
Epoch   4/100 | Steps:   4000 | α=1e-01 | Loss: 1.1050e-03 | BC: 4.3581e-04 | PDE: 6.6919e-03 | Val: 3.6712e-04 | Test: 1.5338e-03 | LR=1.0e-03
Epoch   5/100 | Steps:   5000 | α=1e-01 | Loss: 9.1922e-04 | BC: 3.8195e-04 | PDE: 5.3727e-03 | Val: 4.1592e-04 | Test: 1.4826e-03 | LR=1.0e-03
Epoch   6/100 | Steps:   6000 | α=1e-01 | Loss: 7.5118e-04 | BC: 3.1204e-04 | PDE: 4.3914e-03 | Val: 2.4873e-04 | Test: 1.2488e-03 | LR=9.9e-04 *
Epoch   7/100 | Steps:   7000 | α=1e-01 | Loss: 6.3792e-04 | BC: 2.7505e-04 | PDE: 3.6287e-03 | Val: 1.3779e-04 | Test: 1.2070e-03 | LR=9.9e-04 *
Epoch   8/100 | Steps:   8000 | α=1e-01 | Loss: 5.2767e-04 | BC: 2.3653e-04 | PDE: 2.9113e-03 | Val: 2.3806e-04 | Test: 1.2549e-03 | LR=9.9e-04
Epoch   9/100 | Steps:   9000 | α=1e-01 | Loss: 5.0537e-04 | BC: 2.1994e-04 | PDE: 2.8543e-03 | Val: 1.6055e-04 | Test: 1.2411e-03 | LR=9.8e-04
Epoch  10/100 | Steps:  10000 | α=1e-01 | Loss: 4.4517e-04 | BC: 2.0141e-04 | PDE: 2.4377e-03 | Val: 1.5643e-04 | Test: 1.1411e-03 | LR=9.8e-04
Epoch  11/100 | Steps:  11000 | α=1e-01 | Loss: 1.3051e-03 | BC: 5.6395e-04 | PDE: 7.4113e-03 | Val: 3.7766e-04 | Test: 1.7029e-03 | LR=9.8e-04
Epoch  12/100 | Steps:  12000 | α=1e-01 | Loss: 2.8782e-04 | BC: 1.1699e-04 | PDE: 1.7082e-03 | Val: 9.3100e-05 | Test: 1.1255e-03 | LR=9.7e-04 *
Epoch  13/100 | Steps:  13000 | α=1e-01 | Loss: 2.1472e-04 | BC: 1.0246e-04 | PDE: 1.1226e-03 | Val: 9.9423e-05 | Test: 1.0515e-03 | LR=9.7e-04
Epoch  14/100 | Steps:  14000 | α=1e-01 | Loss: 7.1867e-04 | BC: 3.0539e-04 | PDE: 4.1328e-03 | Val: 7.6593e-05 | Test: 1.0601e-03 | LR=9.6e-04 *
Epoch  15/100 | Steps:  15000 | α=1e-01 | Loss: 2.4110e-04 | BC: 1.0460e-04 | PDE: 1.3651e-03 | Val: 5.8663e-05 | Test: 1.0496e-03 | LR=9.5e-04 *
Epoch  16/100 | Steps:  16000 | α=1e-01 | Loss: 2.2544e-04 | BC: 1.0352e-04 | PDE: 1.2192e-03 | Val: 2.0044e-04 | Test: 1.0872e-03 | LR=9.5e-04
Epoch  17/100 | Steps:  17000 | α=1e-01 | Loss: 2.4106e-04 | BC: 1.0562e-04 | PDE: 1.3545e-03 | Val: 6.0305e-05 | Test: 1.0130e-03 | LR=9.4e-04
Epoch  18/100 | Steps:  18000 | α=1e-01 | Loss: 2.2503e-04 | BC: 9.7271e-05 | PDE: 1.2776e-03 | Val: 2.2273e-04 | Test: 1.1626e-03 | LR=9.3e-04
Epoch  19/100 | Steps:  19000 | α=1e-01 | Loss: 2.3475e-04 | BC: 9.9801e-05 | PDE: 1.3494e-03 | Val: 5.7295e-05 | Test: 9.6505e-04 | LR=9.2e-04 *
Epoch  20/100 | Steps:  20000 | α=1e-01 | Loss: 9.4824e-04 | BC: 3.3655e-04 | PDE: 6.1170e-03 | Val: 4.4946e-05 | Test: 9.7218e-04 | LR=9.1e-04 *
Epoch  21/100 | Steps:  21000 | α=1e-01 | Loss: 1.0131e-04 | BC: 4.3294e-05 | PDE: 5.8011e-04 | Val: 3.5853e-05 | Test: 9.7290e-04 | LR=9.1e-04 *
Epoch  22/100 | Steps:  22000 | α=1e-01 | Loss: 1.2835e-04 | BC: 5.9820e-05 | PDE: 6.8531e-04 | Val: 5.3935e-05 | Test: 9.5012e-04 | LR=9.0e-04
Epoch  23/100 | Steps:  23000 | α=1e-01 | Loss: 1.4051e-04 | BC: 6.2870e-05 | PDE: 7.7641e-04 | Val: 1.1736e-04 | Test: 1.0106e-03 | LR=8.9e-04
Epoch  24/100 | Steps:  24000 | α=1e-01 | Loss: 1.4209e-04 | BC: 6.3593e-05 | PDE: 7.8501e-04 | Val: 2.3151e-05 | Test: 8.9821e-04 | LR=8.8e-04 *
Epoch  25/100 | Steps:  25000 | α=1e-01 | Loss: 1.4980e-04 | BC: 6.5276e-05 | PDE: 8.4521e-04 | Val: 5.1465e-05 | Test: 9.4381e-04 | LR=8.7e-04
Epoch  26/100 | Steps:  26000 | α=1e-01 | Loss: 1.7213e-04 | BC: 7.4913e-05 | PDE: 9.7219e-04 | Val: 2.3287e-05 | Test: 8.9030e-04 | LR=8.6e-04
Epoch  27/100 | Steps:  27000 | α=1e-01 | Loss: 1.3486e-04 | BC: 5.4986e-05 | PDE: 7.9877e-04 | Val: 3.5079e-05 | Test: 9.5878e-04 | LR=8.4e-04
Epoch  28/100 | Steps:  28000 | α=1e-01 | Loss: 1.0939e-04 | BC: 4.5276e-05 | PDE: 6.4115e-04 | Val: 3.4573e-05 | Test: 9.0345e-04 | LR=8.3e-04
Epoch  29/100 | Steps:  29000 | α=1e-01 | Loss: 1.6173e-04 | BC: 6.7407e-05 | PDE: 9.4324e-04 | Val: 8.7761e-05 | Test: 1.0880e-03 | LR=8.2e-04
Epoch  30/100 | Steps:  30000 | α=1e-01 | Loss: 1.2701e-04 | BC: 5.4209e-05 | PDE: 7.2805e-04 | Val: 7.4412e-05 | Test: 9.1825e-04 | LR=8.1e-04
Epoch  31/100 | Steps:  31000 | α=1e-01 | Loss: 1.2621e-04 | BC: 5.2538e-05 | PDE: 7.3671e-04 | Val: 4.7227e-05 | Test: 9.5875e-04 | LR=8.0e-04
Epoch  32/100 | Steps:  32000 | α=1e-01 | Loss: 9.0446e-05 | BC: 3.8185e-05 | PDE: 5.2261e-04 | Val: 1.9266e-05 | Test: 8.8175e-04 | LR=7.8e-04 *
Epoch  33/100 | Steps:  33000 | α=1e-01 | Loss: 6.1116e-04 | BC: 2.3779e-04 | PDE: 3.7337e-03 | Val: 3.9877e-03 | Test: 8.4380e-03 | LR=7.7e-04
Epoch  34/100 | Steps:  34000 | α=1e-01 | Loss: 2.4970e-04 | BC: 9.7580e-05 | PDE: 1.5212e-03 | Val: 1.4774e-05 | Test: 8.9023e-04 | LR=7.6e-04 *
Epoch  35/100 | Steps:  35000 | α=1e-01 | Loss: 4.5847e-05 | BC: 1.7916e-05 | PDE: 2.7931e-04 | Val: 1.6334e-05 | Test: 8.0044e-04 | LR=7.4e-04
Epoch  36/100 | Steps:  36000 | α=1e-01 | Loss: 6.6341e-05 | BC: 2.8284e-05 | PDE: 3.8057e-04 | Val: 8.1066e-06 | Test: 8.2629e-04 | LR=7.3e-04 *
Epoch  37/100 | Steps:  37000 | α=1e-01 | Loss: 8.6602e-05 | BC: 3.6309e-05 | PDE: 5.0293e-04 | Val: 1.2462e-05 | Test: 8.2541e-04 | LR=7.2e-04
Epoch  38/100 | Steps:  38000 | α=1e-01 | Loss: 7.6213e-05 | BC: 3.0856e-05 | PDE: 4.5358e-04 | Val: 4.4103e-05 | Test: 8.7939e-04 | LR=7.0e-04
Epoch  39/100 | Steps:  39000 | α=1e-01 | Loss: 2.5474e-03 | BC: 9.7335e-04 | PDE: 1.5740e-02 | Val: 2.2327e-04 | Test: 1.5680e-03 | LR=6.9e-04
Epoch  40/100 | Steps:  40000 | α=1e-01 | Loss: 2.6878e-04 | BC: 1.2171e-04 | PDE: 1.4708e-03 | Val: 1.4377e-04 | Test: 1.6402e-03 | LR=6.7e-04
Epoch  41/100 | Steps:  41000 | α=1e-01 | Loss: 4.8415e-04 | BC: 1.8196e-04 | PDE: 3.0219e-03 | Val: 1.3028e-04 | Test: 1.1410e-03 | LR=6.6e-04
Epoch  42/100 | Steps:  42000 | α=1e-01 | Loss: 9.2312e-04 | BC: 3.4350e-04 | PDE: 5.7962e-03 | Val: 7.2218e-05 | Test: 1.3661e-03 | LR=6.4e-04
Epoch  43/100 | Steps:  43000 | α=1e-01 | Loss: 1.9134e-04 | BC: 7.3817e-05 | PDE: 1.1752e-03 | Val: 9.2584e-05 | Test: 1.1155e-03 | LR=6.3e-04
Epoch  44/100 | Steps:  44000 | α=1e-01 | Loss: 1.6090e-04 | BC: 6.0448e-05 | PDE: 1.0045e-03 | Val: 3.2662e-05 | Test: 9.4727e-04 | LR=6.1e-04
Epoch  45/100 | Steps:  45000 | α=1e-01 | Loss: 4.0437e-04 | BC: 1.4606e-04 | PDE: 2.5831e-03 | Val: 7.8918e-05 | Test: 1.1819e-03 | LR=6.0e-04
Epoch  46/100 | Steps:  46000 | α=1e-01 | Loss: 8.2850e-05 | BC: 3.1273e-05 | PDE: 5.1576e-04 | Val: 4.1837e-05 | Test: 9.1600e-04 | LR=5.8e-04
Epoch  47/100 | Steps:  47000 | α=1e-01 | Loss: 9.7440e-05 | BC: 3.5548e-05 | PDE: 6.1892e-04 | Val: 2.7225e-05 | Test: 8.6731e-04 | LR=5.7e-04
Epoch  48/100 | Steps:  48000 | α=1e-01 | Loss: 1.5622e-04 | BC: 5.5993e-05 | PDE: 1.0023e-03 | Val: 1.9570e-04 | Test: 1.4992e-03 | LR=5.5e-04
Epoch  49/100 | Steps:  49000 | α=1e-01 | Loss: 1.2702e-04 | BC: 4.5787e-05 | PDE: 8.1232e-04 | Val: 1.2577e-05 | Test: 8.4320e-04 | LR=5.4e-04
Epoch  50/100 | Steps:  50000 | α=1e-01 | Loss: 7.2447e-05 | BC: 2.6838e-05 | PDE: 4.5609e-04 | Val: 5.4618e-05 | Test: 8.6143e-04 | LR=5.2e-04
Epoch  51/100 | Steps:  51000 | α=1e-01 | Loss: 2.4807e-04 | BC: 9.6391e-05 | PDE: 1.5167e-03 | Val: 5.6288e-05 | Test: 9.7357e-04 | LR=5.1e-04
Epoch  52/100 | Steps:  52000 | α=1e-01 | Loss: 1.7613e-04 | BC: 6.7405e-05 | PDE: 1.0872e-03 | Val: 2.5094e-05 | Test: 8.5830e-04 | LR=4.9e-04
Epoch  53/100 | Steps:  53000 | α=1e-01 | Loss: 6.3995e-05 | BC: 2.1953e-05 | PDE: 4.2043e-04 | Val: 1.3620e-05 | Test: 7.9381e-04 | LR=4.7e-04
Epoch  54/100 | Steps:  54000 | α=1e-01 | Loss: 3.6820e-04 | BC: 1.4130e-04 | PDE: 2.2690e-03 | Val: 7.0069e-05 | Test: 1.1828e-03 | LR=4.6e-04
Epoch  55/100 | Steps:  55000 | α=1e-01 | Loss: 1.0017e-04 | BC: 3.8488e-05 | PDE: 6.1686e-04 | Val: 3.9435e-05 | Test: 9.2806e-04 | LR=4.4e-04
Epoch  56/100 | Steps:  56000 | α=1e-01 | Loss: 1.9321e-04 | BC: 7.2430e-05 | PDE: 1.2078e-03 | Val: 1.2466e-04 | Test: 1.4302e-03 | LR=4.3e-04
Epoch  57/100 | Steps:  57000 | α=1e-01 | Loss: 2.0046e-04 | BC: 7.1495e-05 | PDE: 1.2896e-03 | Val: 6.3466e-05 | Test: 1.0731e-03 | LR=4.1e-04
Epoch  58/100 | Steps:  58000 | α=1e-01 | Loss: 7.8719e-05 | BC: 3.0580e-05 | PDE: 4.8139e-04 | Val: 5.4040e-05 | Test: 9.7468e-04 | LR=4.0e-04
Epoch  59/100 | Steps:  59000 | α=1e-01 | Loss: 9.0295e-05 | BC: 3.3574e-05 | PDE: 5.6721e-04 | Val: 1.4149e-05 | Test: 8.2466e-04 | LR=3.8e-04
Epoch  60/100 | Steps:  60000 | α=1e-01 | Loss: 1.1673e-04 | BC: 4.3103e-05 | PDE: 7.3625e-04 | Val: 2.3643e-05 | Test: 9.0098e-04 | LR=3.7e-04
Epoch  61/100 | Steps:  61000 | α=1e-01 | Loss: 4.0579e-05 | BC: 1.4068e-05 | PDE: 2.6511e-04 | Val: 9.1016e-06 | Test: 8.1566e-04 | LR=3.5e-04
Epoch  62/100 | Steps:  62000 | α=1e-01 | Loss: 3.3398e-05 | BC: 1.2056e-05 | PDE: 2.1342e-04 | Val: 1.1157e-05 | Test: 8.0152e-04 | LR=3.4e-04
Epoch  63/100 | Steps:  63000 | α=1e-01 | Loss: 3.5198e-05 | BC: 1.2651e-05 | PDE: 2.2546e-04 | Val: 1.0239e-05 | Test: 7.8476e-04 | LR=3.2e-04
Epoch  64/100 | Steps:  64000 | α=1e-01 | Loss: 4.7191e-05 | BC: 1.6666e-05 | PDE: 3.0525e-04 | Val: 1.5517e-05 | Test: 8.5364e-04 | LR=3.1e-04
Epoch  65/100 | Steps:  65000 | α=1e-01 | Loss: 4.2080e-05 | BC: 1.4432e-05 | PDE: 2.7648e-04 | Val: 1.0847e-04 | Test: 1.1241e-03 | LR=2.9e-04
Epoch  66/100 | Steps:  66000 | α=1e-01 | Loss: 1.2734e-04 | BC: 4.7436e-05 | PDE: 7.9909e-04 | Val: 3.4674e-05 | Test: 9.7354e-04 | LR=2.8e-04
Epoch  67/100 | Steps:  67000 | α=1e-01 | Loss: 5.8590e-05 | BC: 2.3203e-05 | PDE: 3.5387e-04 | Val: 2.2135e-05 | Test: 8.4706e-04 | LR=2.7e-04
Epoch  68/100 | Steps:  68000 | α=1e-01 | Loss: 5.0988e-05 | BC: 2.0971e-05 | PDE: 3.0017e-04 | Val: 4.2667e-05 | Test: 9.4961e-04 | LR=2.5e-04
Epoch  69/100 | Steps:  69000 | α=1e-01 | Loss: 5.9092e-05 | BC: 2.0803e-05 | PDE: 3.8289e-04 | Val: 1.0802e-05 | Test: 7.9611e-04 | LR=2.4e-04
Epoch  70/100 | Steps:  70000 | α=1e-01 | Loss: 2.2803e-05 | BC: 8.5105e-06 | PDE: 1.4292e-04 | Val: 7.3378e-06 | Test: 7.7774e-04 | LR=2.3e-04 *
Epoch  71/100 | Steps:  71000 | α=1e-01 | Loss: 6.4324e-05 | BC: 2.4102e-05 | PDE: 4.0222e-04 | Val: 1.7269e-05 | Test: 8.4947e-04 | LR=2.1e-04
Epoch  72/100 | Steps:  72000 | α=1e-01 | Loss: 4.8058e-05 | BC: 1.9444e-05 | PDE: 2.8613e-04 | Val: 1.4642e-05 | Test: 8.3028e-04 | LR=2.0e-04
Epoch  73/100 | Steps:  73000 | α=1e-01 | Loss: 3.0145e-05 | BC: 1.0820e-05 | PDE: 1.9325e-04 | Val: 8.2071e-06 | Test: 7.9647e-04 | LR=1.9e-04
Epoch  74/100 | Steps:  74000 | α=1e-01 | Loss: 2.9176e-05 | BC: 1.0866e-05 | PDE: 1.8310e-04 | Val: 1.5884e-05 | Test: 8.2630e-04 | LR=1.8e-04
Epoch  75/100 | Steps:  75000 | α=1e-01 | Loss: 2.1181e-05 | BC: 7.6858e-06 | PDE: 1.3495e-04 | Val: 8.0777e-06 | Test: 7.7009e-04 | LR=1.7e-04
Epoch  76/100 | Steps:  76000 | α=1e-01 | Loss: 2.3447e-05 | BC: 8.1669e-06 | PDE: 1.5280e-04 | Val: 1.9682e-05 | Test: 7.7570e-04 | LR=1.5e-04
Epoch  77/100 | Steps:  77000 | α=1e-01 | Loss: 5.3209e-05 | BC: 2.0853e-05 | PDE: 3.2355e-04 | Val: 1.8119e-05 | Test: 8.0567e-04 | LR=1.4e-04
Epoch  78/100 | Steps:  78000 | α=1e-01 | Loss: 2.4901e-05 | BC: 9.6052e-06 | PDE: 1.5296e-04 | Val: 9.4356e-06 | Test: 7.8331e-04 | LR=1.3e-04
Epoch  79/100 | Steps:  79000 | α=1e-01 | Loss: 1.9348e-05 | BC: 7.3254e-06 | PDE: 1.2023e-04 | Val: 3.7713e-05 | Test: 7.2405e-04 | LR=1.2e-04
Epoch  80/100 | Steps:  80000 | α=1e-01 | Loss: 1.6240e-05 | BC: 5.0212e-06 | PDE: 1.1219e-04 | Val: 4.3391e-06 | Test: 7.4913e-04 | LR=1.1e-04 *
Epoch  81/100 | Steps:  81000 | α=1e-01 | Loss: 1.1966e-05 | BC: 3.8706e-06 | PDE: 8.0950e-05 | Val: 3.8726e-06 | Test: 7.4630e-04 | LR=1.0e-04 *
Epoch  82/100 | Steps:  82000 | α=1e-01 | Loss: 1.0600e-05 | BC: 3.5509e-06 | PDE: 7.0488e-05 | Val: 3.0333e-06 | Test: 7.4848e-04 | LR=9.6e-05 *
Epoch  83/100 | Steps:  83000 | α=1e-01 | Loss: 1.9408e-05 | BC: 6.9852e-06 | PDE: 1.2423e-04 | Val: 4.1373e-06 | Test: 7.4472e-04 | LR=8.7e-05
Epoch  84/100 | Steps:  84000 | α=1e-01 | Loss: 1.0090e-05 | BC: 4.2784e-06 | PDE: 5.8119e-05 | Val: 4.0653e-06 | Test: 7.3097e-04 | LR=7.9e-05
Epoch  85/100 | Steps:  85000 | α=1e-01 | Loss: 9.1027e-06 | BC: 3.5795e-06 | PDE: 5.5232e-05 | Val: 3.4613e-06 | Test: 7.3452e-04 | LR=7.1e-05
Epoch  86/100 | Steps:  86000 | α=1e-01 | Loss: 8.3139e-06 | BC: 3.2104e-06 | PDE: 5.1035e-05 | Val: 3.6058e-06 | Test: 7.4104e-04 | LR=6.4e-05
Epoch  87/100 | Steps:  87000 | α=1e-01 | Loss: 7.3728e-06 | BC: 2.7503e-06 | PDE: 4.6225e-05 | Val: 2.3922e-06 | Test: 7.2945e-04 | LR=5.7e-05 *
Epoch  88/100 | Steps:  88000 | α=1e-01 | Loss: 7.3558e-06 | BC: 2.7675e-06 | PDE: 4.5883e-05 | Val: 2.7785e-06 | Test: 7.3010e-04 | LR=5.1e-05
Epoch  89/100 | Steps:  89000 | α=1e-01 | Loss: 8.7242e-06 | BC: 3.1408e-06 | PDE: 5.5834e-05 | Val: 2.8558e-06 | Test: 7.3306e-04 | LR=4.5e-05
Epoch  90/100 | Steps:  90000 | α=1e-01 | Loss: 5.9555e-06 | BC: 2.2026e-06 | PDE: 3.7530e-05 | Val: 2.2698e-06 | Test: 7.2860e-04 | LR=3.9e-05 *
Epoch  91/100 | Steps:  91000 | α=1e-01 | Loss: 5.7251e-06 | BC: 2.0183e-06 | PDE: 3.7069e-05 | Val: 1.9561e-06 | Test: 7.1803e-04 | LR=3.4e-05 *
Epoch  92/100 | Steps:  92000 | α=1e-01 | Loss: 5.8492e-06 | BC: 1.9711e-06 | PDE: 3.8781e-05 | Val: 1.8289e-06 | Test: 7.2359e-04 | LR=3.0e-05 *
Epoch  93/100 | Steps:  93000 | α=1e-01 | Loss: 4.9224e-06 | BC: 1.6429e-06 | PDE: 3.2795e-05 | Val: 1.6939e-06 | Test: 7.2303e-04 | LR=2.6e-05 *
Epoch  94/100 | Steps:  94000 | α=1e-01 | Loss: 4.4064e-06 | BC: 1.5112e-06 | PDE: 2.8952e-05 | Val: 1.6240e-06 | Test: 7.1789e-04 | LR=2.2e-05 *
Epoch  95/100 | Steps:  95000 | α=1e-01 | Loss: 4.4299e-06 | BC: 1.5968e-06 | PDE: 2.8331e-05 | Val: 1.7992e-06 | Test: 7.1990e-04 | LR=1.9e-05
Epoch  96/100 | Steps:  96000 | α=1e-01 | Loss: 4.4295e-06 | BC: 1.6883e-06 | PDE: 2.7412e-05 | Val: 1.9496e-06 | Test: 7.2547e-04 | LR=1.6e-05
Epoch  97/100 | Steps:  97000 | α=1e-01 | Loss: 4.0817e-06 | BC: 1.6107e-06 | PDE: 2.4710e-05 | Val: 1.7631e-06 | Test: 7.1575e-04 | LR=1.4e-05
Epoch  98/100 | Steps:  98000 | α=1e-01 | Loss: 4.0526e-06 | BC: 1.6126e-06 | PDE: 2.4399e-05 | Val: 2.0964e-06 | Test: 7.1072e-04 | LR=1.2e-05
Epoch  99/100 | Steps:  99000 | α=1e-01 | Loss: 4.1309e-06 | BC: 1.6198e-06 | PDE: 2.5110e-05 | Val: 1.9799e-06 | Test: 7.1778e-04 | LR=1.1e-05
Epoch 100/100 | Steps: 100000 | α=1e-01 | Loss: 3.9277e-06 | BC: 1.5511e-06 | PDE: 2.3766e-05 | Val: 1.8293e-06 | Test: 7.1166e-04 | LR=1.0e-05

Restored best model from epoch 94 (val_loss: 1.6240e-06, test_loss: 7.1789e-04)
Best checkpoint saved to: outputs/expr_6_2/absolute/alpha1e-1/checkpoints/best_model.pt
Final checkpoint saved to: outputs/expr_6_2/absolute/alpha1e-1/checkpoints/final_model.pt
Training completed in 885.40s (100,000 total steps)

Final Test MSE: 7.1166e-04
Inference (per point): 7.7493e-05s | (full domain): 7.5645e-05s
Saved plot to outputs/expr_6_2/absolute/alpha1e-1/plots/results.png
