
============================================================
Running Example: aronsson_square
============================================================

Generated full domain data:
  Boundary points: 40,000
  Interior points: 1,000,000
  Test points: 10,000
Re-sampling enabled: ~1,000,000 interior points per epoch

Splitting data: 80% train, 20% validation
  BC: 32,000 train, 8,000 val
  Interior: 800,000 train, 200,000 val

Model: InfinityLaplacianPINN
  Hidden layers: [128, 128]
  Activation: tanh
  η: 1e-05 (normalized)
  Residual clipping: [-10.0, 10.0]
  Outlier removal: top 2.0%
  Parameters: 17,025

Training configuration:
  Boundary points (train): 32,000 -> 80 batches of 400
  Interior points (train): 1,000,000 -> 1000 batches of 1000
  Interior sampling: RE-SAMPLE each epoch
  Boundary points (val): 8,000
  Validation loss: BC only
  Steps per epoch: 1,000
  Total steps: 100,000
  Epochs: 100
  Loss balancing: AlphaPlateauScheduler
  LR scheduler: cosine (LR: 1.0e-03 -> 1.0e-05)

/usr/local/lib/python3.12/dist-packages/torch/autograd/graph.py:824: UserWarning: Attempting to run cuBLAS, but there was no current CUDA context! Attempting to set the primary context... (Triggered internally at /opt/pytorch/pytorch/aten/src/ATen/cuda/CublasHandlePool.cpp:181.)
  return Variable._execution_engine.run_backward(  # Calls into the C++ engine to run the backward pass
Epoch   1/100 | Steps:   1000 | α=1e-05 | Loss: 5.3205e-02 | BC: 5.3194e-02 | PDE: 1.1442e+00 | Val: 4.4678e-04 | Test: 1.2238e-03 | LR=1.0e-03 *
Epoch   2/100 | Steps:   2000 | α=1e-05 | Loss: 3.7382e-04 | BC: 3.6513e-04 | PDE: 8.6830e-01 | Val: 3.7468e-04 | Test: 1.6774e-03 | LR=1.0e-03 *
Epoch   3/100 | Steps:   3000 | α=1e-05 | Loss: 2.5021e-04 | BC: 2.4376e-04 | PDE: 6.4575e-01 | Val: 2.0591e-04 | Test: 2.5796e-03 | LR=1.0e-03 *
Epoch   4/100 | Steps:   4000 | α=1e-05 | Loss: 1.2886e-04 | BC: 1.2463e-04 | PDE: 4.2249e-01 | Val: 7.4719e-05 | Test: 2.1421e-03 | LR=1.0e-03 *
Epoch   5/100 | Steps:   5000 | α=1e-05 | Loss: 7.1471e-05 | BC: 6.8393e-05 | PDE: 3.0775e-01 | Val: 7.8211e-05 | Test: 1.2102e-03 | LR=1.0e-03
Epoch   6/100 | Steps:   6000 | α=1e-05 | Loss: 6.2094e-05 | BC: 5.9280e-05 | PDE: 2.8141e-01 | Val: 6.6763e-05 | Test: 8.5741e-04 | LR=9.9e-04 *
Epoch   7/100 | Steps:   7000 | α=1e-05 | Loss: 5.2837e-05 | BC: 5.0095e-05 | PDE: 2.7420e-01 | Val: 4.2384e-05 | Test: 1.1043e-03 | LR=9.9e-04 *
Epoch   8/100 | Steps:   8000 | α=1e-05 | Loss: 4.3876e-05 | BC: 4.1238e-05 | PDE: 2.6381e-01 | Val: 3.1174e-05 | Test: 1.1462e-03 | LR=9.9e-04 *
Epoch   9/100 | Steps:   9000 | α=1e-05 | Loss: 4.8709e-05 | BC: 4.6172e-05 | PDE: 2.5363e-01 | Val: 3.6374e-05 | Test: 1.1462e-03 | LR=9.8e-04
Epoch  10/100 | Steps:  10000 | α=1e-05 | Loss: 3.6472e-05 | BC: 3.4057e-05 | PDE: 2.4154e-01 | Val: 3.2601e-05 | Test: 1.2209e-03 | LR=9.8e-04
Epoch  11/100 | Steps:  11000 | α=1e-05 | Loss: 3.6499e-05 | BC: 3.4214e-05 | PDE: 2.2856e-01 | Val: 6.8245e-05 | Test: 1.5806e-03 | LR=9.8e-04
Epoch  12/100 | Steps:  12000 | α=1e-05 | Loss: 3.3811e-05 | BC: 3.1635e-05 | PDE: 2.1765e-01 | Val: 8.6685e-06 | Test: 1.4692e-03 | LR=9.7e-04 *
Epoch  13/100 | Steps:  13000 | α=1e-05 | Loss: 3.5331e-05 | BC: 3.3245e-05 | PDE: 2.0863e-01 | Val: 9.5000e-06 | Test: 1.3616e-03 | LR=9.7e-04
Epoch  14/100 | Steps:  14000 | α=1e-05 | Loss: 2.9749e-05 | BC: 2.7766e-05 | PDE: 1.9824e-01 | Val: 1.6603e-05 | Test: 1.3868e-03 | LR=9.6e-04
Epoch  15/100 | Steps:  15000 | α=1e-05 | Loss: 2.7926e-05 | BC: 2.6023e-05 | PDE: 1.9034e-01 | Val: 1.1343e-05 | Test: 1.1998e-03 | LR=9.5e-04
Epoch  16/100 | Steps:  16000 | α=1e-05 | Loss: 2.7491e-05 | BC: 2.5665e-05 | PDE: 1.8257e-01 | Val: 1.0748e-05 | Test: 1.1443e-03 | LR=9.5e-04
Epoch  17/100 | Steps:  17000 | α=1e-05 | Loss: 2.7168e-05 | BC: 2.5413e-05 | PDE: 1.7554e-01 | Val: 2.2533e-05 | Test: 1.1277e-03 | LR=9.4e-04
Epoch  18/100 | Steps:  18000 | α=1e-05 | Loss: 2.5712e-05 | BC: 2.4021e-05 | PDE: 1.6908e-01 | Val: 8.4618e-06 | Test: 9.4265e-04 | LR=9.3e-04 *
Epoch  19/100 | Steps:  19000 | α=1e-05 | Loss: 2.3697e-05 | BC: 2.2062e-05 | PDE: 1.6350e-01 | Val: 4.6210e-05 | Test: 8.9079e-04 | LR=9.2e-04

>>> Alpha increased: 1e-05 → 1e-04 (BC=2.2389e-05) <<<
Epoch  20/100 | Steps:  20000 | α=1e-04 | Loss: 2.3966e-05 | BC: 2.2389e-05 | PDE: 1.5772e-01 | Val: 1.1642e-05 | Test: 8.7536e-04 | LR=9.1e-04 *
Epoch  21/100 | Steps:  21000 | α=1e-04 | Loss: 3.2582e-05 | BC: 2.0757e-05 | PDE: 1.1824e-01 | Val: 8.5146e-06 | Test: 1.2186e-04 | LR=9.1e-04 *
Epoch  22/100 | Steps:  22000 | α=1e-04 | Loss: 3.1242e-05 | BC: 2.1764e-05 | PDE: 9.4783e-02 | Val: 1.6285e-05 | Test: 3.9755e-05 | LR=9.0e-04
Epoch  23/100 | Steps:  23000 | α=1e-04 | Loss: 2.9396e-05 | BC: 2.0607e-05 | PDE: 8.7892e-02 | Val: 1.3168e-05 | Test: 3.5571e-05 | LR=8.9e-04
Epoch  24/100 | Steps:  24000 | α=1e-04 | Loss: 2.7961e-05 | BC: 1.9591e-05 | PDE: 8.3701e-02 | Val: 1.3088e-05 | Test: 4.1771e-05 | LR=8.8e-04
Epoch  25/100 | Steps:  25000 | α=1e-04 | Loss: 2.7211e-05 | BC: 1.9180e-05 | PDE: 8.0313e-02 | Val: 2.2233e-05 | Test: 2.8398e-05 | LR=8.7e-04
Epoch  26/100 | Steps:  26000 | α=1e-04 | Loss: 2.5367e-05 | BC: 1.7608e-05 | PDE: 7.7581e-02 | Val: 1.2179e-05 | Test: 2.1632e-05 | LR=8.6e-04
Epoch  27/100 | Steps:  27000 | α=1e-04 | Loss: 2.5590e-05 | BC: 1.8117e-05 | PDE: 7.4732e-02 | Val: 9.4206e-06 | Test: 2.1415e-05 | LR=8.4e-04
Epoch  28/100 | Steps:  28000 | α=1e-04 | Loss: 2.3638e-05 | BC: 1.6465e-05 | PDE: 7.1733e-02 | Val: 6.5943e-06 | Test: 1.2156e-05 | LR=8.3e-04 *
Epoch  29/100 | Steps:  29000 | α=1e-04 | Loss: 2.2056e-05 | BC: 1.5148e-05 | PDE: 6.9083e-02 | Val: 7.7438e-06 | Test: 1.2613e-05 | LR=8.2e-04
Epoch  30/100 | Steps:  30000 | α=1e-04 | Loss: 2.0752e-05 | BC: 1.4105e-05 | PDE: 6.6473e-02 | Val: 4.6524e-06 | Test: 1.0742e-05 | LR=8.1e-04 *
Epoch  31/100 | Steps:  31000 | α=1e-04 | Loss: 2.1842e-05 | BC: 1.5432e-05 | PDE: 6.4101e-02 | Val: 5.3597e-06 | Test: 1.0287e-05 | LR=8.0e-04
Epoch  32/100 | Steps:  32000 | α=1e-04 | Loss: 1.9357e-05 | BC: 1.3145e-05 | PDE: 6.2125e-02 | Val: 8.8615e-05 | Test: 8.4014e-05 | LR=7.8e-04
Epoch  33/100 | Steps:  33000 | α=1e-04 | Loss: 1.8896e-05 | BC: 1.2841e-05 | PDE: 6.0557e-02 | Val: 6.5705e-06 | Test: 1.5801e-05 | LR=7.7e-04
Epoch  34/100 | Steps:  34000 | α=1e-04 | Loss: 1.8762e-05 | BC: 1.2854e-05 | PDE: 5.9077e-02 | Val: 6.7646e-06 | Test: 1.6095e-05 | LR=7.6e-04
Epoch  35/100 | Steps:  35000 | α=1e-04 | Loss: 1.7780e-05 | BC: 1.1995e-05 | PDE: 5.7857e-02 | Val: 2.2236e-05 | Test: 1.3322e-05 | LR=7.4e-04
Epoch  36/100 | Steps:  36000 | α=1e-04 | Loss: 1.7947e-05 | BC: 1.2250e-05 | PDE: 5.6972e-02 | Val: 8.2470e-06 | Test: 2.0904e-05 | LR=7.3e-04
Epoch  37/100 | Steps:  37000 | α=1e-04 | Loss: 1.5917e-05 | BC: 1.0311e-05 | PDE: 5.6062e-02 | Val: 7.4932e-06 | Test: 1.7594e-05 | LR=7.2e-04
Epoch  38/100 | Steps:  38000 | α=1e-04 | Loss: 1.5529e-05 | BC: 9.9732e-06 | PDE: 5.5561e-02 | Val: 8.4575e-06 | Test: 1.4344e-05 | LR=7.0e-04
Epoch  39/100 | Steps:  39000 | α=1e-04 | Loss: 1.5961e-05 | BC: 1.0523e-05 | PDE: 5.4374e-02 | Val: 4.0400e-06 | Test: 1.1517e-05 | LR=6.9e-04 *
Epoch  40/100 | Steps:  40000 | α=1e-04 | Loss: 1.4653e-05 | BC: 9.2874e-06 | PDE: 5.3660e-02 | Val: 7.7940e-06 | Test: 1.6792e-05 | LR=6.7e-04
Epoch  41/100 | Steps:  41000 | α=1e-04 | Loss: 1.4145e-05 | BC: 8.8427e-06 | PDE: 5.3025e-02 | Val: 8.8142e-06 | Test: 2.1961e-05 | LR=6.6e-04

>>> Alpha increased: 1e-04 → 1e-03 (BC=8.5042e-06) <<<
Epoch  42/100 | Steps:  42000 | α=1e-03 | Loss: 1.3739e-05 | BC: 8.5042e-06 | PDE: 5.2344e-02 | Val: 4.5498e-06 | Test: 1.0327e-05 | LR=6.4e-04 *
Epoch  43/100 | Steps:  43000 | α=1e-03 | Loss: 5.4535e-05 | BC: 1.1028e-05 | PDE: 4.3507e-02 | Val: 1.4930e-05 | Test: 1.7983e-05 | LR=6.3e-04
Epoch  44/100 | Steps:  44000 | α=1e-03 | Loss: 5.1053e-05 | BC: 1.0545e-05 | PDE: 4.0508e-02 | Val: 1.5720e-05 | Test: 2.1440e-05 | LR=6.1e-04
Epoch  45/100 | Steps:  45000 | α=1e-03 | Loss: 5.1588e-05 | BC: 1.3114e-05 | PDE: 3.8474e-02 | Val: 5.4339e-06 | Test: 1.5136e-05 | LR=6.0e-04
Epoch  46/100 | Steps:  46000 | α=1e-03 | Loss: 4.3935e-05 | BC: 8.0301e-06 | PDE: 3.5905e-02 | Val: 1.3054e-05 | Test: 1.8515e-05 | LR=5.8e-04
Epoch  47/100 | Steps:  47000 | α=1e-03 | Loss: 4.1584e-05 | BC: 8.1811e-06 | PDE: 3.3403e-02 | Val: 4.7444e-06 | Test: 1.5127e-05 | LR=5.7e-04
Epoch  48/100 | Steps:  48000 | α=1e-03 | Loss: 3.9281e-05 | BC: 8.2378e-06 | PDE: 3.1043e-02 | Val: 4.1753e-06 | Test: 1.2057e-05 | LR=5.5e-04 *
Epoch  49/100 | Steps:  49000 | α=1e-03 | Loss: 3.6040e-05 | BC: 7.0077e-06 | PDE: 2.9032e-02 | Val: 3.0633e-06 | Test: 1.0467e-05 | LR=5.4e-04 *
Epoch  50/100 | Steps:  50000 | α=1e-03 | Loss: 3.3220e-05 | BC: 6.9790e-06 | PDE: 2.6241e-02 | Val: 1.8673e-05 | Test: 2.1673e-05 | LR=5.2e-04
Epoch  51/100 | Steps:  51000 | α=1e-03 | Loss: 3.0391e-05 | BC: 6.0503e-06 | PDE: 2.4341e-02 | Val: 5.8427e-06 | Test: 1.0940e-05 | LR=5.1e-04
Epoch  52/100 | Steps:  52000 | α=1e-03 | Loss: 2.8048e-05 | BC: 5.7701e-06 | PDE: 2.2278e-02 | Val: 5.6305e-06 | Test: 1.0412e-05 | LR=4.9e-04
Epoch  53/100 | Steps:  53000 | α=1e-03 | Loss: 2.5997e-05 | BC: 5.2417e-06 | PDE: 2.0756e-02 | Val: 7.5838e-06 | Test: 1.3903e-05 | LR=4.7e-04
Epoch  54/100 | Steps:  54000 | α=1e-03 | Loss: 2.4187e-05 | BC: 4.4989e-06 | PDE: 1.9688e-02 | Val: 4.6874e-06 | Test: 8.3723e-06 | LR=4.6e-04
Epoch  55/100 | Steps:  55000 | α=1e-03 | Loss: 2.2629e-05 | BC: 4.3179e-06 | PDE: 1.8311e-02 | Val: 2.2928e-06 | Test: 6.8928e-06 | LR=4.4e-04 *
Epoch  56/100 | Steps:  56000 | α=1e-03 | Loss: 2.1298e-05 | BC: 3.8419e-06 | PDE: 1.7456e-02 | Val: 4.9550e-06 | Test: 8.4244e-06 | LR=4.3e-04
Epoch  57/100 | Steps:  57000 | α=1e-03 | Loss: 2.0003e-05 | BC: 3.6165e-06 | PDE: 1.6387e-02 | Val: 4.0438e-06 | Test: 7.3914e-06 | LR=4.1e-04
Epoch  58/100 | Steps:  58000 | α=1e-03 | Loss: 1.9148e-05 | BC: 3.4930e-06 | PDE: 1.5655e-02 | Val: 1.9935e-06 | Test: 5.4669e-06 | LR=4.0e-04 *
Epoch  59/100 | Steps:  59000 | α=1e-03 | Loss: 1.7869e-05 | BC: 2.8840e-06 | PDE: 1.4985e-02 | Val: 1.2938e-06 | Test: 4.5520e-06 | LR=3.8e-04 *
Epoch  60/100 | Steps:  60000 | α=1e-03 | Loss: 1.6932e-05 | BC: 2.6764e-06 | PDE: 1.4255e-02 | Val: 1.7295e-06 | Test: 5.0995e-06 | LR=3.7e-04
Epoch  61/100 | Steps:  61000 | α=1e-03 | Loss: 1.6403e-05 | BC: 2.6432e-06 | PDE: 1.3760e-02 | Val: 8.1303e-07 | Test: 4.2564e-06 | LR=3.5e-04 *
Epoch  62/100 | Steps:  62000 | α=1e-03 | Loss: 1.5345e-05 | BC: 2.1506e-06 | PDE: 1.3194e-02 | Val: 1.6193e-06 | Test: 5.6781e-06 | LR=3.4e-04
Epoch  63/100 | Steps:  63000 | α=1e-03 | Loss: 1.5192e-05 | BC: 2.4333e-06 | PDE: 1.2758e-02 | Val: 1.9675e-06 | Test: 4.2755e-06 | LR=3.2e-04
Epoch  64/100 | Steps:  64000 | α=1e-03 | Loss: 1.4217e-05 | BC: 1.7542e-06 | PDE: 1.2463e-02 | Val: 1.4234e-06 | Test: 4.8255e-06 | LR=3.1e-04
Epoch  65/100 | Steps:  65000 | α=1e-03 | Loss: 1.3748e-05 | BC: 1.7605e-06 | PDE: 1.1987e-02 | Val: 1.5305e-06 | Test: 3.7134e-06 | LR=2.9e-04
Epoch  66/100 | Steps:  66000 | α=1e-03 | Loss: 1.3868e-05 | BC: 2.2286e-06 | PDE: 1.1640e-02 | Val: 1.2626e-06 | Test: 3.7577e-06 | LR=2.8e-04
Epoch  67/100 | Steps:  67000 | α=1e-03 | Loss: 1.2887e-05 | BC: 1.4819e-06 | PDE: 1.1405e-02 | Val: 9.5374e-07 | Test: 3.7149e-06 | LR=2.7e-04
Epoch  68/100 | Steps:  68000 | α=1e-03 | Loss: 1.2264e-05 | BC: 1.3561e-06 | PDE: 1.0908e-02 | Val: 9.1745e-07 | Test: 4.8946e-06 | LR=2.5e-04
Epoch  69/100 | Steps:  69000 | α=1e-03 | Loss: 1.2068e-05 | BC: 1.2728e-06 | PDE: 1.0796e-02 | Val: 2.3173e-06 | Test: 4.4748e-06 | LR=2.4e-04
Epoch  70/100 | Steps:  70000 | α=1e-03 | Loss: 1.1834e-05 | BC: 1.3131e-06 | PDE: 1.0521e-02 | Val: 5.6516e-07 | Test: 2.8310e-06 | LR=2.3e-04 *
Epoch  71/100 | Steps:  71000 | α=1e-03 | Loss: 1.1550e-05 | BC: 1.1218e-06 | PDE: 1.0429e-02 | Val: 9.8837e-07 | Test: 3.0340e-06 | LR=2.1e-04
Epoch  72/100 | Steps:  72000 | α=1e-03 | Loss: 1.1305e-05 | BC: 1.1244e-06 | PDE: 1.0181e-02 | Val: 5.5915e-07 | Test: 2.8688e-06 | LR=2.0e-04 *
Epoch  73/100 | Steps:  73000 | α=1e-03 | Loss: 1.0759e-05 | BC: 8.9456e-07 | PDE: 9.8640e-03 | Val: 2.4853e-06 | Test: 3.8997e-06 | LR=1.9e-04
Epoch  74/100 | Steps:  74000 | α=1e-03 | Loss: 1.0786e-05 | BC: 9.3027e-07 | PDE: 9.8554e-03 | Val: 1.5225e-06 | Test: 3.2603e-06 | LR=1.8e-04
Epoch  75/100 | Steps:  75000 | α=1e-03 | Loss: 1.0476e-05 | BC: 8.6810e-07 | PDE: 9.6078e-03 | Val: 8.7429e-07 | Test: 2.6339e-06 | LR=1.7e-04
Epoch  76/100 | Steps:  76000 | α=1e-03 | Loss: 1.0157e-05 | BC: 7.2355e-07 | PDE: 9.4338e-03 | Val: 6.2058e-07 | Test: 2.8902e-06 | LR=1.5e-04
Epoch  77/100 | Steps:  77000 | α=1e-03 | Loss: 1.0067e-05 | BC: 7.7545e-07 | PDE: 9.2916e-03 | Val: 4.9896e-07 | Test: 2.4063e-06 | LR=1.4e-04 *
Epoch  78/100 | Steps:  78000 | α=1e-03 | Loss: 9.8218e-06 | BC: 6.5285e-07 | PDE: 9.1690e-03 | Val: 7.9216e-07 | Test: 3.3639e-06 | LR=1.3e-04
Epoch  79/100 | Steps:  79000 | α=1e-03 | Loss: 9.8068e-06 | BC: 6.3549e-07 | PDE: 9.1713e-03 | Val: 7.3709e-07 | Test: 3.1555e-06 | LR=1.2e-04
Epoch  80/100 | Steps:  80000 | α=1e-03 | Loss: 9.6488e-06 | BC: 6.1060e-07 | PDE: 9.0382e-03 | Val: 8.3493e-07 | Test: 3.2124e-06 | LR=1.1e-04
Epoch  81/100 | Steps:  81000 | α=1e-03 | Loss: 9.5593e-06 | BC: 5.3486e-07 | PDE: 9.0245e-03 | Val: 4.8899e-07 | Test: 2.5394e-06 | LR=1.0e-04 *
Epoch  82/100 | Steps:  82000 | α=1e-03 | Loss: 9.3917e-06 | BC: 5.0765e-07 | PDE: 8.8841e-03 | Val: 5.3492e-07 | Test: 2.3785e-06 | LR=9.6e-05
Epoch  83/100 | Steps:  83000 | α=1e-03 | Loss: 9.2659e-06 | BC: 5.2880e-07 | PDE: 8.7371e-03 | Val: 4.3096e-07 | Test: 2.5647e-06 | LR=8.7e-05 *
Epoch  84/100 | Steps:  84000 | α=1e-03 | Loss: 9.2974e-06 | BC: 6.3081e-07 | PDE: 8.6666e-03 | Val: 5.1392e-07 | Test: 2.4077e-06 | LR=7.9e-05
Epoch  85/100 | Steps:  85000 | α=1e-03 | Loss: 9.0138e-06 | BC: 4.1544e-07 | PDE: 8.5984e-03 | Val: 3.9665e-07 | Test: 2.3665e-06 | LR=7.1e-05 *
Epoch  86/100 | Steps:  86000 | α=1e-03 | Loss: 9.0373e-06 | BC: 4.0054e-07 | PDE: 8.6367e-03 | Val: 3.6444e-07 | Test: 2.2149e-06 | LR=6.4e-05 *
Epoch  87/100 | Steps:  87000 | α=1e-03 | Loss: 8.8396e-06 | BC: 3.8208e-07 | PDE: 8.4575e-03 | Val: 4.2436e-07 | Test: 2.4924e-06 | LR=5.7e-05
Epoch  88/100 | Steps:  88000 | α=1e-03 | Loss: 8.9076e-06 | BC: 4.0220e-07 | PDE: 8.5054e-03 | Val: 5.0627e-07 | Test: 2.8462e-06 | LR=5.1e-05
Epoch  89/100 | Steps:  89000 | α=1e-03 | Loss: 8.6544e-06 | BC: 3.4163e-07 | PDE: 8.3128e-03 | Val: 3.1781e-07 | Test: 2.0666e-06 | LR=4.5e-05 *
Epoch  90/100 | Steps:  90000 | α=1e-03 | Loss: 8.8031e-06 | BC: 3.3910e-07 | PDE: 8.4640e-03 | Val: 5.5088e-07 | Test: 2.7312e-06 | LR=3.9e-05

>>> Alpha increased: 1e-03 → 1e-02 (BC=3.2517e-07) <<<
Epoch  91/100 | Steps:  91000 | α=1e-02 | Loss: 8.5529e-06 | BC: 3.2517e-07 | PDE: 8.2277e-03 | Val: 3.0287e-07 | Test: 2.1190e-06 | LR=3.4e-05 *
Epoch  92/100 | Steps:  92000 | α=1e-02 | Loss: 8.3783e-05 | BC: 8.6672e-07 | PDE: 8.2916e-03 | Val: 7.0672e-07 | Test: 3.1357e-06 | LR=3.0e-05
Epoch  93/100 | Steps:  93000 | α=1e-02 | Loss: 8.1643e-05 | BC: 6.1218e-07 | PDE: 8.1031e-03 | Val: 7.6642e-07 | Test: 2.4597e-06 | LR=2.6e-05
Epoch  94/100 | Steps:  94000 | α=1e-02 | Loss: 8.0680e-05 | BC: 6.3041e-07 | PDE: 8.0049e-03 | Val: 7.0159e-07 | Test: 2.8979e-06 | LR=2.2e-05
Epoch  95/100 | Steps:  95000 | α=1e-02 | Loss: 7.8713e-05 | BC: 5.4601e-07 | PDE: 7.8167e-03 | Val: 7.4170e-07 | Test: 2.8391e-06 | LR=1.9e-05
Epoch  96/100 | Steps:  96000 | α=1e-02 | Loss: 7.8944e-05 | BC: 5.7474e-07 | PDE: 7.8369e-03 | Val: 6.1655e-07 | Test: 2.6004e-06 | LR=1.6e-05
Epoch  97/100 | Steps:  97000 | α=1e-02 | Loss: 7.8342e-05 | BC: 6.5578e-07 | PDE: 7.7686e-03 | Val: 5.2358e-07 | Test: 2.8151e-06 | LR=1.4e-05
Epoch  98/100 | Steps:  98000 | α=1e-02 | Loss: 7.7811e-05 | BC: 4.6524e-07 | PDE: 7.7346e-03 | Val: 6.2138e-07 | Test: 2.5690e-06 | LR=1.2e-05
Epoch  99/100 | Steps:  99000 | α=1e-02 | Loss: 7.7720e-05 | BC: 5.3150e-07 | PDE: 7.7188e-03 | Val: 5.2486e-07 | Test: 2.5905e-06 | LR=1.1e-05
Epoch 100/100 | Steps: 100000 | α=1e-02 | Loss: 7.7299e-05 | BC: 4.8003e-07 | PDE: 7.6819e-03 | Val: 4.4588e-07 | Test: 2.3236e-06 | LR=1.0e-05

Restored best model from epoch 91 (val_loss: 3.0287e-07, test_loss: 2.1190e-06)
Best checkpoint saved to: outputs/expr_6_2/aronsson_square/l2/checkpoints/best_model.pt
Final checkpoint saved to: outputs/expr_6_2/aronsson_square/l2/checkpoints/final_model.pt
Training completed in 707.41s (100,000 total steps)

Final Test MSE: 2.3236e-06
Inference (per point): 4.8544e-05s | (full domain): 4.5707e-05s
Saved plot to outputs/expr_6_2/aronsson_square/l2/plots/results.png
