
============================================================
Dist-to-Boundary  —  Cylinder  (3-D)
============================================================
Device: cuda
  Loaded p=5: 2621440 points, mse: 9.802090e-03
  Loaded p=10: 2621440 points, mse: 2.208259e-03
  Loaded p=15: 2621440 points, mse: 9.494493e-04
  Loaded p=20: 2621440 points, mse: 5.260684e-04
  Loaded p=25: 2621440 points, mse: 3.340335e-04
  Loaded p=30: 2621440 points, mse: 2.309825e-04
  Loaded p=35: 2621440 points, mse: 1.693412e-04
  Loaded p=40: 2621440 points, mse: 1.295543e-04
  Loaded p=45: 2621440 points, mse: 1.077709e-04
  Loaded p=50: 2621440 points, mse: 9.127410e-05
  Loaded p=55: 2621440 points, mse: 7.692332e-05
  Loaded p=60: 2621440 points, mse: 7.104091e-05
  Loaded p=65: 2621440 points, mse: 6.832363e-05
  Loaded p=70: 2621440 points, mse: 6.740571e-05
  Loaded p=75: 2621440 points, mse: 6.740571e-05
  Loaded p=80: 2621440 points, mse: 6.740571e-05
  Loaded p=85: 2621440 points, mse: 6.740571e-05
  Loaded p=90: 2621440 points, mse: 6.740571e-05
  Loaded p=95: 2621440 points, mse: 6.740571e-05
  Loaded p=100: 2621440 points, mse: 6.740571e-05
  Loaded p=105: 2621440 points, mse: 6.740571e-05
  Added p=∞ point: 2621440 pts, mse: 0.000000e+00
Training data: X=(57671680, 4)  Y=(57671680, 1)
Model: trunk=[3, 512, 512, 512, 128]  branch=[1, 128, 128, 128, 128]  params=642,945
Scheduler: CosineAnnealingLR  T_max=20  eta_min=1e-06
Epoch --- Train Loss --- LR --- p150 --- p200 --- p250 --- p500
    0 --- 1.324320e-03 --- 1.00e-04 --- 1.668714e-04 --- 2.891693e-04 --- 3.805759e-04 --- 7.928875e-05
    1 --- 3.205804e-05 --- 9.94e-05 --- 1.245211e-04 --- 1.299106e-04 --- 1.300146e-04 --- 3.477587e-05
    2 --- 1.229503e-05 --- 9.76e-05 --- 4.304518e-05 --- 4.989607e-05 --- 5.631102e-05 --- 1.850162e-05
    3 --- 7.255540e-06 --- 9.46e-05 --- 5.824406e-05 --- 5.624362e-05 --- 5.194508e-05 --- 7.735315e-06
    4 --- 4.815639e-06 --- 9.05e-05 --- 8.016643e-05 --- 7.450816e-05 --- 6.543221e-05 --- 1.060960e-05
    5 --- 3.435900e-06 --- 8.55e-05 --- 3.757050e-05 --- 3.403196e-05 --- 2.900426e-05 --- 7.850919e-06
    6 --- 2.572722e-06 --- 7.96e-05 --- 5.541663e-05 --- 4.723817e-05 --- 3.735931e-05 --- 3.293830e-06
    7 --- 1.999995e-06 --- 7.30e-05 --- 4.360962e-05 --- 3.633633e-05 --- 2.796813e-05 --- 3.975749e-06
    8 --- 1.598845e-06 --- 6.58e-05 --- 4.228593e-05 --- 3.359735e-05 --- 2.448277e-05 --- 3.368059e-06
    9 --- 1.301857e-06 --- 5.82e-05 --- 5.571538e-05 --- 4.401315e-05 --- 3.216216e-05 --- 2.371136e-06
   10 --- 1.076919e-06 --- 5.05e-05 --- 4.832064e-05 --- 3.648137e-05 --- 2.487687e-05 --- 2.057876e-06
   11 --- 9.083113e-07 --- 4.28e-05 --- 4.520991e-05 --- 3.266795e-05 --- 2.154667e-05 --- 1.438936e-06
   12 --- 7.752258e-07 --- 3.52e-05 --- 5.155075e-05 --- 3.764403e-05 --- 2.493854e-05 --- 1.508712e-06
   13 --- 6.722343e-07 --- 2.80e-05 --- 4.536453e-05 --- 3.112821e-05 --- 1.925817e-05 --- 1.339546e-06
   14 --- 5.964731e-07 --- 2.14e-05 --- 4.533374e-05 --- 2.991702e-05 --- 1.743097e-05 --- 1.175371e-06
   15 --- 5.385647e-07 --- 1.55e-05 --- 4.131504e-05 --- 2.465744e-05 --- 1.300515e-05 --- 1.160389e-06
   16 --- 4.954142e-07 --- 1.05e-05 --- 4.410248e-05 --- 2.626844e-05 --- 1.356534e-05 --- 1.054583e-06
   17 --- 4.645597e-07 --- 6.40e-06 --- 4.133315e-05 --- 2.234774e-05 --- 1.031442e-05 --- 1.004179e-06
   18 --- 4.441832e-07 --- 3.42e-06 --- 3.986885e-05 --- 1.895087e-05 --- 7.967867e-06 --- 9.682266e-07
   19 --- 4.323850e-07 --- 1.61e-06 --- 3.817852e-05 --- 1.666357e-05 --- 7.108251e-06 --- 9.550629e-07
Total training time: 10218.45s
Inference (per point): 1.6340e-04s | (full domain): 4.5711e-03s
  p=  5:  MSE=6.862988e-03
  p=105:  MSE=5.051669e-05
  p=205:  MSE=1.487729e-05
  p=305:  MSE=7.078472e-06
  p=405:  MSE=5.505134e-06
  Saved MSE curves → outputs/expr_7_3_2/cylinder/exact_inf/npy/mse.npz  (deeponet, fem, pred_train)

All experiments completed!
