
============================================================
Running Example: absolute
============================================================

Generated full domain data:
  Boundary points: 40,000
  Interior points: 1,000,000
  Test points: 10,000
Re-sampling enabled: ~1,000,000 interior points per epoch

Splitting data: 80% train, 20% validation
  BC: 32,000 train, 8,000 val
  Interior: 800,000 train, 200,000 val

Model: DomainDecompositionPINN
  Hidden layers: [32, 32, 32, 32]
  Activation: tanh
  Parameters: 13,188

Training configuration:
  Boundary points (train): 32,000 -> 80 batches of 400
  Interior points (train): 1,000,000 -> 1000 batches of 1000
  Interior sampling: RE-SAMPLE each epoch
  Boundary points (val): 8,000
  Validation loss: BC only
  Steps per epoch: 1,000
  Total steps: 100,000
  Epochs: 100
  Loss balancing: AlphaPlateauScheduler
  LR scheduler: cosine (LR: 1.0e-03 -> 1.0e-05)

/usr/local/lib/python3.12/dist-packages/torch/autograd/graph.py:824: UserWarning: Attempting to run cuBLAS, but there was no current CUDA context! Attempting to set the primary context... (Triggered internally at /opt/pytorch/pytorch/aten/src/ATen/cuda/CublasHandlePool.cpp:181.)
  return Variable._execution_engine.run_backward(  # Calls into the C++ engine to run the backward pass
Epoch   1/100 | Steps:   1000 | α=1e-05 | Loss: 3.6514e-03 | BC: 3.4246e-03 | PDE: 9.6758e-01 | Intf: 2.1710e-04 | Val: 4.5217e-05 | Test: 7.9125e-04 | LR=1.0e-03 *
Epoch   2/100 | Steps:   2000 | α=1e-05 | Loss: 2.7294e-04 | BC: 1.4482e-04 | PDE: 9.5053e-01 | Intf: 1.1861e-04 | Val: 9.3640e-05 | Test: 7.1885e-04 | LR=1.0e-03
Epoch   3/100 | Steps:   3000 | α=1e-05 | Loss: 2.4910e-04 | BC: 1.4522e-04 | PDE: 9.2376e-01 | Intf: 9.4645e-05 | Val: 1.0212e-04 | Test: 7.1787e-04 | LR=1.0e-03
Epoch   4/100 | Steps:   4000 | α=1e-05 | Loss: 2.4055e-04 | BC: 1.3327e-04 | PDE: 8.9251e-01 | Intf: 9.8350e-05 | Val: 2.8234e-05 | Test: 5.9263e-04 | LR=1.0e-03 *
Epoch   5/100 | Steps:   5000 | α=1e-05 | Loss: 2.1948e-04 | BC: 1.1661e-04 | PDE: 8.7434e-01 | Intf: 9.4129e-05 | Val: 1.4762e-04 | Test: 6.6087e-04 | LR=1.0e-03
Epoch   6/100 | Steps:   6000 | α=1e-05 | Loss: 1.9963e-04 | BC: 1.1572e-04 | PDE: 8.6199e-01 | Intf: 7.5286e-05 | Val: 4.3637e-04 | Test: 7.6923e-04 | LR=9.9e-04
Epoch   7/100 | Steps:   7000 | α=1e-05 | Loss: 2.0394e-04 | BC: 1.0943e-04 | PDE: 8.6188e-01 | Intf: 8.5893e-05 | Val: 3.5434e-04 | Test: 7.5343e-04 | LR=9.9e-04
Epoch   8/100 | Steps:   8000 | α=1e-05 | Loss: 2.0465e-04 | BC: 1.3266e-04 | PDE: 8.7558e-01 | Intf: 6.3234e-05 | Val: 9.9259e-05 | Test: 6.0043e-04 | LR=9.9e-04
Epoch   9/100 | Steps:   9000 | α=1e-05 | Loss: 1.6648e-04 | BC: 8.5940e-05 | PDE: 8.7298e-01 | Intf: 7.1806e-05 | Val: 4.0767e-05 | Test: 5.7074e-04 | LR=9.8e-04
Epoch  10/100 | Steps:  10000 | α=1e-05 | Loss: 1.8961e-04 | BC: 1.1947e-04 | PDE: 8.7404e-01 | Intf: 6.1392e-05 | Val: 1.8631e-04 | Test: 6.5360e-04 | LR=9.8e-04
Epoch  11/100 | Steps:  11000 | α=1e-05 | Loss: 1.5373e-04 | BC: 8.5504e-05 | PDE: 8.7195e-01 | Intf: 5.9504e-05 | Val: 2.7201e-04 | Test: 7.2593e-04 | LR=9.8e-04
Epoch  12/100 | Steps:  12000 | α=1e-05 | Loss: 1.4596e-04 | BC: 8.2603e-05 | PDE: 8.6554e-01 | Intf: 5.4700e-05 | Val: 3.3832e-05 | Test: 5.4418e-04 | LR=9.7e-04
Epoch  13/100 | Steps:  13000 | α=1e-05 | Loss: 2.0980e-04 | BC: 1.0193e-04 | PDE: 8.7572e-01 | Intf: 9.9121e-05 | Val: 1.3955e-05 | Test: 5.3377e-04 | LR=9.7e-04 *

>>> Alpha increased: 1e-05 → 1e-04 (BC=7.3224e-05) <<<
Epoch  14/100 | Steps:  14000 | α=1e-04 | Loss: 1.1493e-04 | BC: 7.3224e-05 | PDE: 8.4703e-01 | Intf: 3.3239e-05 | Val: 6.9586e-05 | Test: 5.8592e-04 | LR=9.6e-04 *
Epoch  15/100 | Steps:  15000 | α=1e-04 | Loss: 2.2562e-04 | BC: 8.9466e-05 | PDE: 7.3671e-01 | Intf: 6.2479e-05 | Val: 2.0219e-04 | Test: 5.6305e-04 | LR=9.5e-04
Epoch  16/100 | Steps:  16000 | α=1e-04 | Loss: 1.8782e-04 | BC: 7.3461e-05 | PDE: 6.2517e-01 | Intf: 5.1841e-05 | Val: 1.7534e-04 | Test: 4.3960e-04 | LR=9.5e-04
Epoch  17/100 | Steps:  17000 | α=1e-04 | Loss: 2.0255e-04 | BC: 8.8884e-05 | PDE: 5.5967e-01 | Intf: 5.7703e-05 | Val: 1.6777e-03 | Test: 1.2068e-03 | LR=9.4e-04
Epoch  18/100 | Steps:  18000 | α=1e-04 | Loss: 2.2830e-04 | BC: 9.1849e-05 | PDE: 5.3221e-01 | Intf: 8.3231e-05 | Val: 1.8842e-05 | Test: 3.2369e-04 | LR=9.3e-04 *
Epoch  19/100 | Steps:  19000 | α=1e-04 | Loss: 1.6275e-04 | BC: 7.9378e-05 | PDE: 4.8422e-01 | Intf: 3.4949e-05 | Val: 4.2631e-05 | Test: 3.2093e-04 | LR=9.2e-04
Epoch  20/100 | Steps:  20000 | α=1e-04 | Loss: 1.6941e-04 | BC: 7.6298e-05 | PDE: 4.5973e-01 | Intf: 4.7142e-05 | Val: 1.3535e-04 | Test: 3.4379e-04 | LR=9.1e-04
Epoch  21/100 | Steps:  21000 | α=1e-04 | Loss: 1.5280e-04 | BC: 6.6982e-05 | PDE: 4.3533e-01 | Intf: 4.2285e-05 | Val: 1.0511e-04 | Test: 3.7223e-04 | LR=9.1e-04
Epoch  22/100 | Steps:  22000 | α=1e-04 | Loss: 1.5393e-04 | BC: 6.5908e-05 | PDE: 4.1285e-01 | Intf: 4.6738e-05 | Val: 3.0684e-04 | Test: 4.1682e-04 | LR=9.0e-04
Epoch  23/100 | Steps:  23000 | α=1e-04 | Loss: 1.5302e-04 | BC: 7.2506e-05 | PDE: 3.9120e-01 | Intf: 4.1394e-05 | Val: 1.3226e-05 | Test: 2.3314e-04 | LR=8.9e-04 *
Epoch  24/100 | Steps:  24000 | α=1e-04 | Loss: 1.3420e-04 | BC: 5.8046e-05 | PDE: 3.7721e-01 | Intf: 3.8433e-05 | Val: 7.3490e-05 | Test: 2.6316e-04 | LR=8.8e-04
Epoch  25/100 | Steps:  25000 | α=1e-04 | Loss: 2.6019e-04 | BC: 1.3926e-04 | PDE: 3.6607e-01 | Intf: 8.4322e-05 | Val: 7.1632e-04 | Test: 7.3429e-04 | LR=8.7e-04
Epoch  26/100 | Steps:  26000 | α=1e-04 | Loss: 1.0236e-04 | BC: 4.3049e-05 | PDE: 3.6688e-01 | Intf: 2.2628e-05 | Val: 1.0351e-05 | Test: 2.0402e-04 | LR=8.6e-04 *
Epoch  27/100 | Steps:  27000 | α=1e-04 | Loss: 1.5864e-04 | BC: 7.5295e-05 | PDE: 3.5687e-01 | Intf: 4.7662e-05 | Val: 2.1531e-05 | Test: 2.0482e-04 | LR=8.4e-04
Epoch  28/100 | Steps:  28000 | α=1e-04 | Loss: 1.5076e-04 | BC: 7.0005e-05 | PDE: 3.4852e-01 | Intf: 4.5904e-05 | Val: 4.6348e-05 | Test: 2.2924e-04 | LR=8.3e-04
Epoch  29/100 | Steps:  29000 | α=1e-04 | Loss: 1.6941e-04 | BC: 7.8897e-05 | PDE: 3.4323e-01 | Intf: 5.6191e-05 | Val: 6.8043e-06 | Test: 1.9482e-04 | LR=8.2e-04 *
Epoch  30/100 | Steps:  30000 | α=1e-04 | Loss: 1.2110e-04 | BC: 5.3948e-05 | PDE: 3.3204e-01 | Intf: 3.3945e-05 | Val: 1.2334e-04 | Test: 2.6688e-04 | LR=8.1e-04

>>> Alpha increased: 1e-04 → 1e-03 (BC=6.9882e-05) <<<
Epoch  31/100 | Steps:  31000 | α=1e-03 | Loss: 1.4586e-04 | BC: 6.9882e-05 | PDE: 3.2526e-01 | Intf: 4.3451e-05 | Val: 1.9377e-04 | Test: 3.2952e-04 | LR=8.0e-04 *
Epoch  32/100 | Steps:  32000 | α=1e-03 | Loss: 3.8025e-04 | BC: 8.2298e-05 | PDE: 2.4520e-01 | Intf: 5.2745e-05 | Val: 9.2581e-05 | Test: 1.8619e-04 | LR=7.8e-04 *
Epoch  33/100 | Steps:  33000 | α=1e-03 | Loss: 3.1769e-04 | BC: 8.7511e-05 | PDE: 1.8002e-01 | Intf: 5.0162e-05 | Val: 5.7939e-05 | Test: 1.2675e-04 | LR=7.7e-04 *
Epoch  34/100 | Steps:  34000 | α=1e-03 | Loss: 2.6971e-04 | BC: 7.5582e-05 | PDE: 1.4722e-01 | Intf: 4.6909e-05 | Val: 4.6233e-05 | Test: 1.2714e-04 | LR=7.6e-04 *
Epoch  35/100 | Steps:  35000 | α=1e-03 | Loss: 2.6369e-04 | BC: 8.0267e-05 | PDE: 1.2780e-01 | Intf: 5.5621e-05 | Val: 1.5720e-04 | Test: 1.9412e-04 | LR=7.4e-04
Epoch  36/100 | Steps:  36000 | α=1e-03 | Loss: 2.2927e-04 | BC: 7.1856e-05 | PDE: 1.1376e-01 | Intf: 4.3656e-05 | Val: 6.6147e-05 | Test: 1.1668e-04 | LR=7.3e-04
Epoch  37/100 | Steps:  37000 | α=1e-03 | Loss: 2.5399e-04 | BC: 8.9620e-05 | PDE: 1.0339e-01 | Intf: 6.0987e-05 | Val: 1.1862e-04 | Test: 1.6314e-04 | LR=7.2e-04
Epoch  38/100 | Steps:  38000 | α=1e-03 | Loss: 1.7683e-04 | BC: 5.0754e-05 | PDE: 9.5547e-02 | Intf: 3.0526e-05 | Val: 1.0752e-04 | Test: 1.2567e-04 | LR=7.0e-04
Epoch  39/100 | Steps:  39000 | α=1e-03 | Loss: 1.9426e-04 | BC: 6.3331e-05 | PDE: 8.8771e-02 | Intf: 4.2156e-05 | Val: 7.4118e-05 | Test: 9.7798e-05 | LR=6.9e-04
Epoch  40/100 | Steps:  40000 | α=1e-03 | Loss: 2.0265e-04 | BC: 7.5961e-05 | PDE: 8.3839e-02 | Intf: 4.2848e-05 | Val: 1.0441e-04 | Test: 1.3230e-04 | LR=6.7e-04
Epoch  41/100 | Steps:  41000 | α=1e-03 | Loss: 1.8042e-04 | BC: 6.1431e-05 | PDE: 7.8882e-02 | Intf: 4.0109e-05 | Val: 6.3163e-06 | Test: 5.2240e-05 | LR=6.6e-04 *
Epoch  42/100 | Steps:  42000 | α=1e-03 | Loss: 1.6315e-04 | BC: 5.3231e-05 | PDE: 7.4782e-02 | Intf: 3.5134e-05 | Val: 3.1918e-05 | Test: 6.7124e-05 | LR=6.4e-04

>>> Alpha increased: 1e-03 → 1e-02 (BC=5.4788e-05) <<<
Epoch  43/100 | Steps:  43000 | α=1e-02 | Loss: 1.6176e-04 | BC: 5.4788e-05 | PDE: 7.0827e-02 | Intf: 3.6146e-05 | Val: 6.3126e-05 | Test: 8.1425e-05 | LR=6.3e-04 *
Epoch  44/100 | Steps:  44000 | α=1e-02 | Loss: 6.8207e-04 | BC: 1.6154e-04 | PDE: 4.4315e-02 | Intf: 7.7380e-05 | Val: 1.1737e-04 | Test: 1.1138e-04 | LR=6.1e-04
Epoch  45/100 | Steps:  45000 | α=1e-02 | Loss: 4.5450e-04 | BC: 1.3658e-04 | PDE: 2.4472e-02 | Intf: 7.3208e-05 | Val: 4.7732e-05 | Test: 4.7507e-05 | LR=6.0e-04 *
Epoch  46/100 | Steps:  46000 | α=1e-02 | Loss: 3.4561e-04 | BC: 1.0412e-04 | PDE: 1.7564e-02 | Intf: 6.5854e-05 | Val: 1.2520e-04 | Test: 1.2514e-04 | LR=5.8e-04
Epoch  47/100 | Steps:  47000 | α=1e-02 | Loss: 5.4254e-04 | BC: 2.7099e-04 | PDE: 1.3964e-02 | Intf: 1.3192e-04 | Val: 2.4108e-05 | Test: 2.7527e-05 | LR=5.7e-04 *
Epoch  48/100 | Steps:  48000 | α=1e-02 | Loss: 2.9741e-04 | BC: 9.4781e-05 | PDE: 1.1352e-02 | Intf: 8.9105e-05 | Val: 2.9216e-04 | Test: 2.3739e-04 | LR=5.5e-04
Epoch  49/100 | Steps:  49000 | α=1e-02 | Loss: 2.7850e-04 | BC: 9.9531e-05 | PDE: 8.1221e-03 | Intf: 9.7745e-05 | Val: 1.5440e-04 | Test: 1.2263e-04 | LR=5.4e-04
Epoch  50/100 | Steps:  50000 | α=1e-02 | Loss: 2.4923e-04 | BC: 9.4374e-05 | PDE: 6.3999e-03 | Intf: 9.0859e-05 | Val: 1.3271e-04 | Test: 9.8533e-05 | LR=5.2e-04

>>> Alpha increased: 1e-02 → 1e-01 (BC=8.5807e-05) <<<
Epoch  51/100 | Steps:  51000 | α=1e-01 | Loss: 2.2126e-04 | BC: 8.5807e-05 | PDE: 5.4719e-03 | Intf: 8.0730e-05 | Val: 1.7322e-04 | Test: 1.3944e-04 | LR=5.1e-04 *
Epoch  52/100 | Steps:  52000 | α=1e-01 | Loss: 5.6082e-04 | BC: 1.6376e-04 | PDE: 2.6384e-03 | Intf: 1.3321e-04 | Val: 1.3677e-05 | Test: 1.0494e-05 | LR=4.9e-04 *
Epoch  53/100 | Steps:  53000 | α=1e-01 | Loss: 3.5366e-04 | BC: 1.0862e-04 | PDE: 1.5281e-03 | Intf: 9.2228e-05 | Val: 1.6343e-04 | Test: 1.4070e-04 | LR=4.7e-04
Epoch  54/100 | Steps:  54000 | α=1e-01 | Loss: 3.4470e-04 | BC: 1.2191e-04 | PDE: 1.1818e-03 | Intf: 1.0461e-04 | Val: 3.1668e-04 | Test: 2.5770e-04 | LR=4.6e-04
Epoch  55/100 | Steps:  55000 | α=1e-01 | Loss: 2.8211e-04 | BC: 9.7638e-05 | PDE: 9.8110e-04 | Intf: 8.6357e-05 | Val: 2.3613e-05 | Test: 2.1390e-05 | LR=4.4e-04
Epoch  56/100 | Steps:  56000 | α=1e-01 | Loss: 2.5617e-04 | BC: 9.1763e-05 | PDE: 8.4689e-04 | Intf: 7.9721e-05 | Val: 1.2952e-04 | Test: 1.0287e-04 | LR=4.3e-04
Epoch  57/100 | Steps:  57000 | α=1e-01 | Loss: 2.1930e-04 | BC: 7.8468e-05 | PDE: 7.3820e-04 | Intf: 6.7012e-05 | Val: 5.2315e-04 | Test: 4.3806e-04 | LR=4.1e-04
Epoch  58/100 | Steps:  58000 | α=1e-01 | Loss: 2.0312e-04 | BC: 7.2431e-05 | PDE: 6.6650e-04 | Intf: 6.4035e-05 | Val: 1.6647e-04 | Test: 1.3521e-04 | LR=4.0e-04
Epoch  59/100 | Steps:  59000 | α=1e-01 | Loss: 1.9975e-04 | BC: 7.3983e-05 | PDE: 6.0661e-04 | Intf: 6.5108e-05 | Val: 1.5600e-05 | Test: 1.4251e-05 | LR=3.8e-04
Epoch  60/100 | Steps:  60000 | α=1e-01 | Loss: 1.8085e-04 | BC: 6.6792e-05 | PDE: 5.4971e-04 | Intf: 5.9092e-05 | Val: 8.2687e-05 | Test: 6.6515e-05 | LR=3.7e-04
Epoch  61/100 | Steps:  61000 | α=1e-01 | Loss: 1.7494e-04 | BC: 6.5729e-05 | PDE: 5.0926e-04 | Intf: 5.8282e-05 | Val: 1.3187e-05 | Test: 1.0437e-05 | LR=3.5e-04 *
Epoch  62/100 | Steps:  62000 | α=1e-01 | Loss: 1.4501e-04 | BC: 5.2955e-05 | PDE: 4.6581e-04 | Intf: 4.5476e-05 | Val: 2.4436e-05 | Test: 2.2043e-05 | LR=3.4e-04
Epoch  63/100 | Steps:  63000 | α=1e-01 | Loss: 1.7244e-04 | BC: 7.1418e-05 | PDE: 4.3092e-04 | Intf: 5.7926e-05 | Val: 4.3993e-05 | Test: 3.5980e-05 | LR=3.2e-04
Epoch  64/100 | Steps:  64000 | α=1e-01 | Loss: 6.4351e-05 | BC: 1.6366e-05 | PDE: 3.5443e-04 | Intf: 1.2542e-05 | Val: 2.8942e-05 | Test: 2.3966e-05 | LR=3.1e-04
Epoch  65/100 | Steps:  65000 | α=1e-01 | Loss: 1.0871e-04 | BC: 5.1386e-05 | PDE: 2.5702e-04 | Intf: 3.1625e-05 | Val: 8.2196e-05 | Test: 6.4784e-05 | LR=2.9e-04
Epoch  66/100 | Steps:  66000 | α=1e-01 | Loss: 7.8881e-05 | BC: 4.0139e-05 | PDE: 1.4868e-04 | Intf: 2.3874e-05 | Val: 5.0689e-05 | Test: 3.5519e-05 | LR=2.8e-04
Epoch  67/100 | Steps:  67000 | α=1e-01 | Loss: 7.1695e-05 | BC: 3.8564e-05 | PDE: 8.3056e-05 | Intf: 2.4826e-05 | Val: 1.4192e-05 | Test: 1.3308e-05 | LR=2.7e-04
Epoch  68/100 | Steps:  68000 | α=1e-01 | Loss: 4.7901e-05 | BC: 2.8125e-05 | PDE: 5.0492e-05 | Intf: 1.4727e-05 | Val: 1.6451e-05 | Test: 1.1071e-05 | LR=2.5e-04
Epoch  69/100 | Steps:  69000 | α=1e-01 | Loss: 6.9662e-05 | BC: 4.0952e-05 | PDE: 5.0115e-05 | Intf: 2.3698e-05 | Val: 6.2129e-06 | Test: 4.3520e-06 | LR=2.4e-04 *
Epoch  70/100 | Steps:  70000 | α=1e-01 | Loss: 4.1149e-05 | BC: 2.3620e-05 | PDE: 3.6913e-05 | Intf: 1.3838e-05 | Val: 1.5137e-05 | Test: 1.3699e-05 | LR=2.3e-04
Epoch  71/100 | Steps:  71000 | α=1e-01 | Loss: 4.0890e-05 | BC: 2.3240e-05 | PDE: 3.3215e-05 | Intf: 1.4328e-05 | Val: 4.5724e-06 | Test: 4.3216e-06 | LR=2.1e-04 *
Epoch  72/100 | Steps:  72000 | α=1e-01 | Loss: 3.9346e-05 | BC: 2.1914e-05 | PDE: 2.8481e-05 | Intf: 1.4583e-05 | Val: 1.3769e-04 | Test: 1.1681e-04 | LR=2.0e-04
Epoch  73/100 | Steps:  73000 | α=1e-01 | Loss: 2.9361e-05 | BC: 1.7006e-05 | PDE: 2.6067e-05 | Intf: 9.7489e-06 | Val: 2.9143e-05 | Test: 2.1735e-05 | LR=1.9e-04
Epoch  74/100 | Steps:  74000 | α=1e-01 | Loss: 2.7854e-05 | BC: 1.5844e-05 | PDE: 2.2280e-05 | Intf: 9.7821e-06 | Val: 1.9697e-05 | Test: 1.7923e-05 | LR=1.8e-04
Epoch  75/100 | Steps:  75000 | α=1e-01 | Loss: 2.3766e-05 | BC: 1.2914e-05 | PDE: 1.9856e-05 | Intf: 8.8661e-06 | Val: 4.5533e-06 | Test: 6.4345e-06 | LR=1.7e-04 *
Epoch  76/100 | Steps:  76000 | α=1e-01 | Loss: 2.3356e-05 | BC: 1.3279e-05 | PDE: 1.8165e-05 | Intf: 8.2600e-06 | Val: 1.2878e-05 | Test: 1.2665e-05 | LR=1.5e-04
Epoch  77/100 | Steps:  77000 | α=1e-01 | Loss: 1.6676e-05 | BC: 9.9320e-06 | PDE: 1.5700e-05 | Intf: 5.1739e-06 | Val: 1.8435e-05 | Test: 1.3820e-05 | LR=1.4e-04
Epoch  78/100 | Steps:  78000 | α=1e-01 | Loss: 1.7671e-05 | BC: 9.7239e-06 | PDE: 1.4688e-05 | Intf: 6.4785e-06 | Val: 2.4151e-06 | Test: 2.4885e-06 | LR=1.3e-04 *
Epoch  79/100 | Steps:  79000 | α=1e-01 | Loss: 1.2493e-05 | BC: 7.0336e-06 | PDE: 1.2495e-05 | Intf: 4.2103e-06 | Val: 1.3371e-06 | Test: 1.4029e-06 | LR=1.2e-04 *
Epoch  80/100 | Steps:  80000 | α=1e-01 | Loss: 1.2386e-05 | BC: 6.9179e-06 | PDE: 1.1686e-05 | Intf: 4.2999e-06 | Val: 2.2048e-06 | Test: 1.5597e-06 | LR=1.1e-04
Epoch  81/100 | Steps:  81000 | α=1e-01 | Loss: 1.0076e-05 | BC: 5.6352e-06 | PDE: 1.0284e-05 | Intf: 3.4128e-06 | Val: 7.3356e-06 | Test: 6.2775e-06 | LR=1.0e-04
Epoch  82/100 | Steps:  82000 | α=1e-01 | Loss: 8.8472e-06 | BC: 5.2670e-06 | PDE: 9.2471e-06 | Intf: 2.6555e-06 | Val: 1.0886e-05 | Test: 1.0554e-05 | LR=9.6e-05
Epoch  83/100 | Steps:  83000 | α=1e-01 | Loss: 7.5291e-06 | BC: 4.2577e-06 | PDE: 8.4741e-06 | Intf: 2.4240e-06 | Val: 1.0381e-05 | Test: 8.6195e-06 | LR=8.7e-05
Epoch  84/100 | Steps:  84000 | α=1e-01 | Loss: 5.9281e-06 | BC: 3.3137e-06 | PDE: 7.4848e-06 | Intf: 1.8660e-06 | Val: 3.9129e-06 | Test: 4.8246e-06 | LR=7.9e-05
Epoch  85/100 | Steps:  85000 | α=1e-01 | Loss: 5.6101e-06 | BC: 3.0401e-06 | PDE: 6.9848e-06 | Intf: 1.8715e-06 | Val: 5.6478e-06 | Test: 4.8645e-06 | LR=7.1e-05
Epoch  86/100 | Steps:  86000 | α=1e-01 | Loss: 4.1801e-06 | BC: 2.3988e-06 | PDE: 6.4613e-06 | Intf: 1.1352e-06 | Val: 4.9993e-06 | Test: 4.0256e-06 | LR=6.4e-05
Epoch  87/100 | Steps:  87000 | α=1e-01 | Loss: 4.1515e-06 | BC: 2.3548e-06 | PDE: 5.7803e-06 | Intf: 1.2186e-06 | Val: 1.3143e-06 | Test: 1.8406e-06 | LR=5.7e-05 *
Epoch  88/100 | Steps:  88000 | α=1e-01 | Loss: 3.2766e-06 | BC: 1.8145e-06 | PDE: 5.2818e-06 | Intf: 9.3391e-07 | Val: 1.0794e-06 | Test: 1.4910e-06 | LR=5.1e-05 *
Epoch  89/100 | Steps:  89000 | α=1e-01 | Loss: 2.6871e-06 | BC: 1.4772e-06 | PDE: 4.9348e-06 | Intf: 7.1639e-07 | Val: 2.5544e-06 | Test: 2.4614e-06 | LR=4.5e-05
Epoch  90/100 | Steps:  90000 | α=1e-01 | Loss: 2.0341e-06 | BC: 1.0989e-06 | PDE: 4.5005e-06 | Intf: 4.8517e-07 | Val: 3.9531e-06 | Test: 3.9182e-06 | LR=3.9e-05
Epoch  91/100 | Steps:  91000 | α=1e-01 | Loss: 1.8494e-06 | BC: 1.0137e-06 | PDE: 4.2419e-06 | Intf: 4.1153e-07 | Val: 3.7103e-07 | Test: 6.8166e-07 | LR=3.4e-05 *
Epoch  92/100 | Steps:  92000 | α=1e-01 | Loss: 1.1804e-06 | BC: 5.2997e-07 | PDE: 3.9378e-06 | Intf: 2.5668e-07 | Val: 8.2385e-07 | Test: 1.0334e-06 | LR=3.0e-05
Epoch  93/100 | Steps:  93000 | α=1e-01 | Loss: 1.1084e-06 | BC: 5.6239e-07 | PDE: 3.6595e-06 | Intf: 1.8002e-07 | Val: 2.0683e-06 | Test: 2.2554e-06 | LR=2.6e-05
Epoch  94/100 | Steps:  94000 | α=1e-01 | Loss: 1.0962e-06 | BC: 5.4988e-07 | PDE: 3.4559e-06 | Intf: 2.0077e-07 | Val: 4.0795e-07 | Test: 6.3709e-07 | LR=2.2e-05
Epoch  95/100 | Steps:  95000 | α=1e-01 | Loss: 1.4631e-06 | BC: 7.0689e-07 | PDE: 3.3026e-06 | Intf: 4.2592e-07 | Val: 1.7782e-07 | Test: 5.2001e-07 | LR=1.9e-05 *
Epoch  96/100 | Steps:  96000 | α=1e-01 | Loss: 7.4015e-07 | BC: 2.8618e-07 | PDE: 3.1115e-06 | Intf: 1.4282e-07 | Val: 1.7261e-07 | Test: 5.0119e-07 | LR=1.6e-05 *
Epoch  97/100 | Steps:  97000 | α=1e-01 | Loss: 7.4957e-07 | BC: 2.9655e-07 | PDE: 2.9644e-06 | Intf: 1.5659e-07 | Val: 3.5152e-07 | Test: 6.6583e-07 | LR=1.4e-05
Epoch  98/100 | Steps:  98000 | α=1e-01 | Loss: 6.4403e-07 | BC: 2.4203e-07 | PDE: 2.8292e-06 | Intf: 1.1908e-07 | Val: 1.0057e-06 | Test: 1.0017e-06 | LR=1.2e-05
Epoch  99/100 | Steps:  99000 | α=1e-01 | Loss: 5.5239e-07 | BC: 2.0092e-07 | PDE: 2.7250e-06 | Intf: 7.8970e-08 | Val: 4.3530e-07 | Test: 6.3993e-07 | LR=1.1e-05
Epoch 100/100 | Steps: 100000 | α=1e-01 | Loss: 5.4335e-07 | BC: 1.9818e-07 | PDE: 2.6239e-06 | Intf: 8.2776e-08 | Val: 2.4619e-07 | Test: 6.0559e-07 | LR=1.0e-05

Restored best model from epoch 96 (val_loss: 1.7261e-07, test_loss: 5.0119e-07)
Best checkpoint saved to: outputs/expr_7_1/absolute_dd/clip0_out0_eta0/checkpoints/best_model.pt
Final checkpoint saved to: outputs/expr_7_1/absolute_dd/clip0_out0_eta0/checkpoints/final_model.pt
Training completed in 3750.91s (100,000 total steps)

Final Test MSE: 6.0559e-07
Inference (per point): 2.8663e-04s | (full domain): 7.1642e-04s
Saved plot to outputs/expr_7_1/absolute_dd/clip0_out0_eta0/plots/results.png
