
============================================================
Dist-to-Boundary  —  Ellipse 1 (a=1, b=¼)  (2-D)
============================================================
Device: cuda
  Loaded p=5: 372736 points, mse: 2.419210e-03
  Loaded p=10: 372736 points, mse: 6.431420e-04
  Loaded p=15: 372736 points, mse: 2.912426e-04
  Loaded p=20: 372736 points, mse: 1.655515e-04
  Loaded p=25: 372736 points, mse: 1.067618e-04
  Loaded p=30: 372736 points, mse: 7.460592e-05
  Loaded p=35: 372736 points, mse: 5.511834e-05
  Loaded p=40: 372736 points, mse: 4.241850e-05
  Loaded p=45: 372736 points, mse: 3.368086e-05
  Loaded p=50: 372736 points, mse: 2.741241e-05
  Loaded p=55: 372736 points, mse: 2.276161e-05
  Loaded p=60: 372736 points, mse: 1.921522e-05
  Loaded p=65: 372736 points, mse: 1.644866e-05
  Loaded p=70: 372736 points, mse: 1.424846e-05
  Loaded p=75: 372736 points, mse: 1.246957e-05
  Loaded p=80: 372736 points, mse: 1.101060e-05
  Loaded p=85: 372736 points, mse: 9.798963e-06
  Loaded p=90: 372736 points, mse: 8.781572e-06
  Loaded p=95: 372736 points, mse: 8.196162e-06
  Loaded p=100: 372736 points, mse: 7.581719e-06
  Loaded p=105: 372736 points, mse: 7.239845e-06
  Loaded p=110: 372736 points, mse: 7.078998e-06
Training data: X=(8200192, 3)  Y=(8200192, 1)
Model: trunk=[2, 512, 512, 512, 128]  branch=[1, 128, 128, 128, 128]  params=642,433
Scheduler: CosineAnnealingLR  T_max=20  eta_min=1e-06
Epoch --- Train Loss --- LR --- p150 --- p200 --- p250 --- p500
    0 --- 2.196557e-03 --- 1.00e-04 --- 2.686012e-04 --- 6.431717e-04 --- 1.246248e-03 --- 7.057539e-03
    1 --- 1.441521e-04 --- 9.94e-05 --- 1.829527e-04 --- 4.146832e-04 --- 7.519596e-04 --- 2.908364e-03
    2 --- 1.182469e-04 --- 9.76e-05 --- 3.218037e-04 --- 9.832806e-04 --- 2.059554e-03 --- 9.609247e-03
    3 --- 1.003577e-04 --- 9.46e-05 --- 1.179542e-04 --- 6.021917e-04 --- 1.942652e-03 --- 1.822340e-02
    4 --- 6.356601e-05 --- 9.05e-05 --- 8.921340e-05 --- 2.077120e-04 --- 4.116034e-04 --- 1.876370e-03
    5 --- 3.567829e-05 --- 8.55e-05 --- 9.085961e-05 --- 3.094835e-04 --- 7.303266e-04 --- 3.393501e-03
    6 --- 2.296616e-05 --- 7.96e-05 --- 6.494590e-05 --- 1.289187e-04 --- 2.287576e-04 --- 7.539304e-04
    7 --- 1.480783e-05 --- 7.30e-05 --- 2.104743e-05 --- 4.643114e-05 --- 1.018649e-04 --- 6.572167e-04
    8 --- 1.104565e-05 --- 6.58e-05 --- 3.433534e-05 --- 3.710264e-05 --- 5.619283e-05 --- 3.651879e-04
    9 --- 8.885001e-06 --- 5.82e-05 --- 1.798870e-05 --- 1.516646e-05 --- 2.190347e-05 --- 2.175023e-04
   10 --- 7.275938e-06 --- 5.05e-05 --- 1.436822e-05 --- 1.250136e-05 --- 1.540578e-05 --- 1.271759e-04
   11 --- 6.268987e-06 --- 4.28e-05 --- 1.508687e-05 --- 1.329504e-05 --- 1.374312e-05 --- 7.223108e-05
   12 --- 5.524950e-06 --- 3.52e-05 --- 1.016879e-05 --- 9.320695e-06 --- 9.044679e-06 --- 6.708373e-05
   13 --- 4.942769e-06 --- 2.80e-05 --- 1.252802e-05 --- 1.254663e-05 --- 1.471701e-05 --- 7.490536e-05
   14 --- 4.447755e-06 --- 2.14e-05 --- 9.373442e-06 --- 1.032275e-05 --- 1.416888e-05 --- 9.534401e-05
   15 --- 4.022012e-06 --- 1.55e-05 --- 9.116705e-06 --- 1.138120e-05 --- 1.922199e-05 --- 1.374890e-04
   16 --- 3.676530e-06 --- 1.05e-05 --- 1.075627e-05 --- 1.598237e-05 --- 3.003529e-05 --- 1.921291e-04
   17 --- 3.394756e-06 --- 6.40e-06 --- 1.161446e-05 --- 1.861753e-05 --- 3.724026e-05 --- 2.403096e-04
   18 --- 3.205692e-06 --- 3.42e-06 --- 1.473255e-05 --- 2.697576e-05 --- 5.476116e-05 --- 3.193738e-04
   19 --- 3.089704e-06 --- 1.61e-06 --- 1.322934e-05 --- 2.407530e-05 --- 5.121810e-05 --- 3.213012e-04
Total training time: 741.95s
Inference (per point): 1.3945e-04s | (full domain): 1.3912e-04s
  p=  5:  MSE=2.536829e-03
  p=105:  MSE=1.285401e-05
  p=205:  MSE=2.605947e-05
  p=305:  MSE=9.955966e-05
  p=405:  MSE=2.129751e-04
  Saved MSE curves → outputs/expr_7_3_2/ellipse1/no_inf/npy/mse.npz  (deeponet, fem, pred_train)

All experiments completed!
