
============================================================
Running Example: absolute
============================================================

Generated full domain data:
  Boundary points: 40,000
  Interior points: 1,000,000
  Test points: 10,000
Re-sampling enabled: ~1,000,000 interior points per epoch

Splitting data: 80% train, 20% validation
  BC: 32,000 train, 8,000 val
  Interior: 800,000 train, 200,000 val

Model: InfinityLaplacianPINN
  Hidden layers: [128, 128, 128, 128]
  Activation: tanh
  η: 1e-05 (normalized)
  Residual clipping: [-10.0, 10.0]
  Outlier removal: top 2.0%
  Parameters: 50,049

Training configuration:
  Boundary points (train): 32,000 -> 80 batches of 400
  Interior points (train): 1,000,000 -> 1000 batches of 1000
  Interior sampling: RE-SAMPLE each epoch
  Boundary points (val): 8,000
  Validation loss: BC only
  Steps per epoch: 1,000
  Total steps: 100,000
  Epochs: 100
  Loss balancing: AlphaPlateauScheduler
  LR scheduler: None (constant LR=1.0e-03)

/usr/local/lib/python3.12/dist-packages/torch/autograd/graph.py:824: UserWarning: Attempting to run cuBLAS, but there was no current CUDA context! Attempting to set the primary context... (Triggered internally at /opt/pytorch/pytorch/aten/src/ATen/cuda/CublasHandlePool.cpp:181.)
  return Variable._execution_engine.run_backward(  # Calls into the C++ engine to run the backward pass
Epoch   1/100 | Steps:   1000 | α=1e-05 | Loss: 1.8933e-02 | BC: 1.8893e-02 | PDE: 3.9733e+00 | Val: 4.6704e-04 | Test: 5.9557e-02 |  *
Epoch   2/100 | Steps:   2000 | α=1e-05 | Loss: 3.7524e-04 | BC: 3.2616e-04 | PDE: 4.9079e+00 | Val: 1.5041e-04 | Test: 2.5290e-02 |  *
Epoch   3/100 | Steps:   3000 | α=1e-05 | Loss: 2.4188e-04 | BC: 2.1459e-04 | PDE: 2.7294e+00 | Val: 2.5980e-04 | Test: 4.6669e-03 | 
Epoch   4/100 | Steps:   4000 | α=1e-05 | Loss: 1.9530e-04 | BC: 1.7477e-04 | PDE: 2.0527e+00 | Val: 1.4700e-04 | Test: 2.9350e-03 |  *
Epoch   5/100 | Steps:   5000 | α=1e-05 | Loss: 1.7872e-04 | BC: 1.6159e-04 | PDE: 1.7126e+00 | Val: 1.5227e-04 | Test: 3.0727e-03 | 
Epoch   6/100 | Steps:   6000 | α=1e-05 | Loss: 1.6117e-04 | BC: 1.4586e-04 | PDE: 1.5307e+00 | Val: 8.4730e-05 | Test: 3.0269e-03 |  *
Epoch   7/100 | Steps:   7000 | α=1e-05 | Loss: 1.3628e-04 | BC: 1.2253e-04 | PDE: 1.3749e+00 | Val: 1.6627e-04 | Test: 3.0121e-03 | 
Epoch   8/100 | Steps:   8000 | α=1e-05 | Loss: 1.2759e-04 | BC: 1.1469e-04 | PDE: 1.2900e+00 | Val: 1.1626e-04 | Test: 2.4337e-03 | 
Epoch   9/100 | Steps:   9000 | α=1e-05 | Loss: 1.1924e-04 | BC: 1.0762e-04 | PDE: 1.1619e+00 | Val: 1.4081e-04 | Test: 3.3373e-03 | 
Epoch  10/100 | Steps:  10000 | α=1e-05 | Loss: 1.1621e-04 | BC: 1.0498e-04 | PDE: 1.1234e+00 | Val: 1.4239e-05 | Test: 2.0106e-03 |  *
Epoch  11/100 | Steps:  11000 | α=1e-05 | Loss: 9.0530e-05 | BC: 8.0832e-05 | PDE: 9.6980e-01 | Val: 4.3844e-05 | Test: 2.1032e-03 | 
Epoch  12/100 | Steps:  12000 | α=1e-05 | Loss: 9.6467e-05 | BC: 8.7533e-05 | PDE: 8.9339e-01 | Val: 1.6452e-05 | Test: 1.3537e-03 | 
Epoch  13/100 | Steps:  13000 | α=1e-05 | Loss: 8.7925e-05 | BC: 7.9936e-05 | PDE: 7.9892e-01 | Val: 2.2523e-04 | Test: 1.5019e-03 | 
Epoch  14/100 | Steps:  14000 | α=1e-05 | Loss: 7.7528e-05 | BC: 7.0647e-05 | PDE: 6.8817e-01 | Val: 1.7959e-05 | Test: 1.4811e-03 | 
Epoch  15/100 | Steps:  15000 | α=1e-05 | Loss: 6.2738e-05 | BC: 5.6283e-05 | PDE: 6.4550e-01 | Val: 2.7270e-05 | Test: 9.4769e-04 | 
Epoch  16/100 | Steps:  16000 | α=1e-05 | Loss: 7.3260e-05 | BC: 6.7391e-05 | PDE: 5.8686e-01 | Val: 1.3787e-05 | Test: 8.3631e-04 |  *
Epoch  17/100 | Steps:  17000 | α=1e-05 | Loss: 7.5359e-05 | BC: 7.0058e-05 | PDE: 5.3007e-01 | Val: 1.0123e-05 | Test: 6.3627e-04 |  *
Epoch  18/100 | Steps:  18000 | α=1e-05 | Loss: 4.8385e-05 | BC: 4.3470e-05 | PDE: 4.9145e-01 | Val: 1.6770e-04 | Test: 1.0402e-03 | 
Epoch  19/100 | Steps:  19000 | α=1e-05 | Loss: 6.8701e-05 | BC: 6.3572e-05 | PDE: 5.1294e-01 | Val: 8.1884e-06 | Test: 7.6455e-04 |  *
Epoch  20/100 | Steps:  20000 | α=1e-05 | Loss: 5.3133e-05 | BC: 4.8524e-05 | PDE: 4.6091e-01 | Val: 6.3031e-05 | Test: 8.3015e-04 | 
Epoch  21/100 | Steps:  21000 | α=1e-05 | Loss: 4.6439e-05 | BC: 4.2118e-05 | PDE: 4.3211e-01 | Val: 3.0537e-06 | Test: 7.2435e-04 |  *
Epoch  22/100 | Steps:  22000 | α=1e-05 | Loss: 4.7725e-05 | BC: 4.3630e-05 | PDE: 4.0951e-01 | Val: 1.6245e-04 | Test: 6.2301e-04 | 

>>> Alpha increased: 1e-05 → 1e-04 (BC=5.2178e-05) <<<
Epoch  23/100 | Steps:  23000 | α=1e-04 | Loss: 5.6247e-05 | BC: 5.2178e-05 | PDE: 4.0682e-01 | Val: 3.2942e-05 | Test: 6.7057e-04 |  *
Epoch  24/100 | Steps:  24000 | α=1e-04 | Loss: 6.7120e-05 | BC: 5.2380e-05 | PDE: 1.4740e-01 | Val: 1.6581e-05 | Test: 7.0351e-04 |  *
Epoch  25/100 | Steps:  25000 | α=1e-04 | Loss: 5.7834e-05 | BC: 4.8463e-05 | PDE: 9.3714e-02 | Val: 8.5232e-06 | Test: 6.9858e-04 |  *
Epoch  26/100 | Steps:  26000 | α=1e-04 | Loss: 5.2564e-05 | BC: 4.5218e-05 | PDE: 7.3459e-02 | Val: 8.1677e-06 | Test: 5.8510e-04 |  *
Epoch  27/100 | Steps:  27000 | α=1e-04 | Loss: 4.8063e-05 | BC: 4.1752e-05 | PDE: 6.3105e-02 | Val: 1.0446e-04 | Test: 6.7110e-04 | 
Epoch  28/100 | Steps:  28000 | α=1e-04 | Loss: 4.9127e-05 | BC: 4.3597e-05 | PDE: 5.5300e-02 | Val: 1.8050e-05 | Test: 6.6440e-04 | 
Epoch  29/100 | Steps:  29000 | α=1e-04 | Loss: 4.0986e-05 | BC: 3.6265e-05 | PDE: 4.7212e-02 | Val: 6.0736e-06 | Test: 6.2593e-04 |  *
Epoch  30/100 | Steps:  30000 | α=1e-04 | Loss: 4.4517e-05 | BC: 4.0306e-05 | PDE: 4.2101e-02 | Val: 9.0711e-06 | Test: 6.5480e-04 | 

>>> Alpha increased: 1e-04 → 1e-03 (BC=4.4997e-05) <<<
Epoch  31/100 | Steps:  31000 | α=1e-03 | Loss: 4.8945e-05 | BC: 4.4997e-05 | PDE: 3.9481e-02 | Val: 3.5788e-06 | Test: 6.0377e-04 |  *
Epoch  32/100 | Steps:  32000 | α=1e-03 | Loss: 6.1193e-05 | BC: 4.2908e-05 | PDE: 1.8285e-02 | Val: 2.0289e-05 | Test: 7.2832e-04 | 
Epoch  33/100 | Steps:  33000 | α=1e-03 | Loss: 5.3319e-05 | BC: 4.0141e-05 | PDE: 1.3178e-02 | Val: 2.0880e-05 | Test: 7.3747e-04 | 
Epoch  34/100 | Steps:  34000 | α=1e-03 | Loss: 8.5730e-05 | BC: 7.2605e-05 | PDE: 1.3125e-02 | Val: 3.6357e-06 | Test: 6.8805e-04 | 
Epoch  35/100 | Steps:  35000 | α=1e-03 | Loss: 3.3950e-05 | BC: 2.4597e-05 | PDE: 9.3532e-03 | Val: 5.3035e-06 | Test: 6.8204e-04 | 
Epoch  36/100 | Steps:  36000 | α=1e-03 | Loss: 4.0853e-05 | BC: 3.1998e-05 | PDE: 8.8552e-03 | Val: 1.8039e-05 | Test: 7.0958e-04 | 
Epoch  37/100 | Steps:  37000 | α=1e-03 | Loss: 3.8778e-05 | BC: 3.0274e-05 | PDE: 8.5040e-03 | Val: 4.0488e-05 | Test: 7.3311e-04 | 
Epoch  38/100 | Steps:  38000 | α=1e-03 | Loss: 5.0051e-05 | BC: 4.1481e-05 | PDE: 8.5692e-03 | Val: 8.0842e-06 | Test: 7.1946e-04 | 
Epoch  39/100 | Steps:  39000 | α=1e-03 | Loss: 3.3899e-05 | BC: 2.6684e-05 | PDE: 7.2149e-03 | Val: 1.0150e-05 | Test: 7.2189e-04 | 

>>> Alpha increased: 1e-03 → 1e-02 (BC=2.9976e-05) <<<
Epoch  40/100 | Steps:  40000 | α=1e-02 | Loss: 3.6787e-05 | BC: 2.9976e-05 | PDE: 6.8117e-03 | Val: 8.5816e-06 | Test: 7.0344e-04 |  *
Epoch  41/100 | Steps:  41000 | α=1e-02 | Loss: 5.0415e-04 | BC: 2.3056e-04 | PDE: 2.7359e-02 | Val: 1.7359e-05 | Test: 8.3151e-04 | 
Epoch  42/100 | Steps:  42000 | α=1e-02 | Loss: 7.3300e-05 | BC: 3.3287e-05 | PDE: 4.0013e-03 | Val: 2.8592e-05 | Test: 8.6711e-04 | 
Epoch  43/100 | Steps:  43000 | α=1e-02 | Loss: 8.0586e-05 | BC: 4.1548e-05 | PDE: 3.9038e-03 | Val: 3.0050e-05 | Test: 8.3355e-04 | 
Epoch  44/100 | Steps:  44000 | α=1e-02 | Loss: 8.1613e-05 | BC: 4.3393e-05 | PDE: 3.8220e-03 | Val: 3.9386e-05 | Test: 8.3723e-04 | 
Epoch  45/100 | Steps:  45000 | α=1e-02 | Loss: 7.9978e-05 | BC: 4.1817e-05 | PDE: 3.8161e-03 | Val: 3.5391e-05 | Test: 8.8474e-04 | 
Epoch  46/100 | Steps:  46000 | α=1e-02 | Loss: 7.2693e-05 | BC: 3.9976e-05 | PDE: 3.2718e-03 | Val: 2.2621e-05 | Test: 7.7457e-04 | 
Epoch  47/100 | Steps:  47000 | α=1e-02 | Loss: 1.0382e-04 | BC: 5.8673e-05 | PDE: 4.5150e-03 | Val: 1.6196e-05 | Test: 8.3026e-04 | 
Epoch  48/100 | Steps:  48000 | α=1e-02 | Loss: 5.3591e-05 | BC: 2.9182e-05 | PDE: 2.4410e-03 | Val: 3.1714e-05 | Test: 7.9188e-04 | 
Epoch  49/100 | Steps:  49000 | α=1e-02 | Loss: 6.6461e-05 | BC: 4.0067e-05 | PDE: 2.6395e-03 | Val: 2.0236e-05 | Test: 8.0575e-04 | 
Epoch  50/100 | Steps:  50000 | α=1e-02 | Loss: 6.0202e-05 | BC: 3.4571e-05 | PDE: 2.5631e-03 | Val: 2.0193e-05 | Test: 8.1800e-04 | 
Epoch  51/100 | Steps:  51000 | α=1e-02 | Loss: 8.1653e-05 | BC: 5.0882e-05 | PDE: 3.0771e-03 | Val: 2.4452e-05 | Test: 8.1357e-04 | 
Epoch  52/100 | Steps:  52000 | α=1e-02 | Loss: 5.0321e-05 | BC: 3.0282e-05 | PDE: 2.0040e-03 | Val: 1.0465e-05 | Test: 7.9724e-04 | 

>>> Alpha increased: 1e-02 → 1e-01 (BC=3.3043e-05) <<<
Epoch  53/100 | Steps:  53000 | α=1e-01 | Loss: 5.3579e-05 | BC: 3.3043e-05 | PDE: 2.0536e-03 | Val: 1.5583e-05 | Test: 7.6371e-04 |  *
Epoch  54/100 | Steps:  54000 | α=1e-01 | Loss: 1.7638e-03 | BC: 5.8827e-04 | PDE: 1.1755e-02 | Val: 1.2363e-04 | Test: 1.1335e-03 | 
Epoch  55/100 | Steps:  55000 | α=1e-01 | Loss: 2.1633e-04 | BC: 8.6895e-05 | PDE: 1.2943e-03 | Val: 7.2106e-05 | Test: 1.0383e-03 | 
Epoch  56/100 | Steps:  56000 | α=1e-01 | Loss: 8.7029e-04 | BC: 3.3826e-04 | PDE: 5.3203e-03 | Val: 5.5212e-05 | Test: 1.0465e-03 | 
Epoch  57/100 | Steps:  57000 | α=1e-01 | Loss: 1.6199e-04 | BC: 6.4748e-05 | PDE: 9.7246e-04 | Val: 4.4038e-05 | Test: 1.0068e-03 | 
Epoch  58/100 | Steps:  58000 | α=1e-01 | Loss: 1.7506e-04 | BC: 6.6063e-05 | PDE: 1.0899e-03 | Val: 5.0063e-05 | Test: 9.5128e-04 | 
Epoch  59/100 | Steps:  59000 | α=1e-01 | Loss: 2.6728e-04 | BC: 9.7392e-05 | PDE: 1.6988e-03 | Val: 7.5139e-05 | Test: 9.5507e-04 | 
Epoch  60/100 | Steps:  60000 | α=1e-01 | Loss: 1.8728e-04 | BC: 6.8374e-05 | PDE: 1.1891e-03 | Val: 8.5380e-05 | Test: 9.7703e-04 | 
Epoch  61/100 | Steps:  61000 | α=1e-01 | Loss: 2.5550e-04 | BC: 9.4755e-05 | PDE: 1.6074e-03 | Val: 3.2100e-05 | Test: 9.4622e-04 | 
Epoch  62/100 | Steps:  62000 | α=1e-01 | Loss: 1.5133e-04 | BC: 5.8230e-05 | PDE: 9.3096e-04 | Val: 4.0354e-05 | Test: 9.4906e-04 | 
Epoch  63/100 | Steps:  63000 | α=1e-01 | Loss: 1.6069e-04 | BC: 5.9240e-05 | PDE: 1.0145e-03 | Val: 2.5041e-05 | Test: 9.0944e-04 | 
Epoch  64/100 | Steps:  64000 | α=1e-01 | Loss: 1.9827e-04 | BC: 7.2280e-05 | PDE: 1.2599e-03 | Val: 1.4042e-04 | Test: 1.1260e-03 | 
Epoch  65/100 | Steps:  65000 | α=1e-01 | Loss: 8.2274e-04 | BC: 3.1027e-04 | PDE: 5.1246e-03 | Val: 5.3412e-05 | Test: 1.0282e-03 | 
Epoch  66/100 | Steps:  66000 | α=1e-01 | Loss: 7.8276e-05 | BC: 3.2324e-05 | PDE: 4.5952e-04 | Val: 2.2219e-05 | Test: 8.7074e-04 | 
Epoch  67/100 | Steps:  67000 | α=1e-01 | Loss: 8.5726e-05 | BC: 3.2386e-05 | PDE: 5.3341e-04 | Val: 3.5314e-05 | Test: 8.5689e-04 | 
Epoch  68/100 | Steps:  68000 | α=1e-01 | Loss: 1.1186e-04 | BC: 4.3947e-05 | PDE: 6.7909e-04 | Val: 1.9170e-05 | Test: 8.4993e-04 | 
Epoch  69/100 | Steps:  69000 | α=1e-01 | Loss: 1.3052e-03 | BC: 5.2482e-04 | PDE: 7.8037e-03 | Val: 3.2143e-05 | Test: 9.3124e-04 | 
Epoch  70/100 | Steps:  70000 | α=1e-01 | Loss: 6.7797e-05 | BC: 2.7188e-05 | PDE: 4.0609e-04 | Val: 3.1990e-05 | Test: 8.7441e-04 | 
Epoch  71/100 | Steps:  71000 | α=1e-01 | Loss: 6.6200e-05 | BC: 2.6687e-05 | PDE: 3.9513e-04 | Val: 3.9468e-05 | Test: 8.7681e-04 | 
Epoch  72/100 | Steps:  72000 | α=1e-01 | Loss: 8.0709e-05 | BC: 3.3148e-05 | PDE: 4.7561e-04 | Val: 3.8543e-05 | Test: 8.8607e-04 | 
Epoch  73/100 | Steps:  73000 | α=1e-01 | Loss: 1.0814e-04 | BC: 4.1709e-05 | PDE: 6.6426e-04 | Val: 7.0273e-05 | Test: 9.1826e-04 | 
Epoch  74/100 | Steps:  74000 | α=1e-01 | Loss: 1.0463e-04 | BC: 4.0207e-05 | PDE: 6.4421e-04 | Val: 2.9730e-05 | Test: 8.3109e-04 | 
Epoch  75/100 | Steps:  75000 | α=1e-01 | Loss: 1.5386e-04 | BC: 5.9571e-05 | PDE: 9.4287e-04 | Val: 4.0011e-05 | Test: 8.7329e-04 | 
Epoch  76/100 | Steps:  76000 | α=1e-01 | Loss: 1.5331e-04 | BC: 5.8018e-05 | PDE: 9.5288e-04 | Val: 3.8287e-05 | Test: 9.0335e-04 | 
Epoch  77/100 | Steps:  77000 | α=1e-01 | Loss: 7.4161e-05 | BC: 3.0060e-05 | PDE: 4.4100e-04 | Val: 2.0073e-04 | Test: 1.1454e-03 | 
Epoch  78/100 | Steps:  78000 | α=1e-01 | Loss: 1.1471e-04 | BC: 4.3565e-05 | PDE: 7.1141e-04 | Val: 3.6827e-05 | Test: 8.6669e-04 | 
Epoch  79/100 | Steps:  79000 | α=1e-01 | Loss: 8.4711e-04 | BC: 3.3552e-04 | PDE: 5.1158e-03 | Val: 4.5808e-04 | Test: 1.9623e-03 | 
Epoch  80/100 | Steps:  80000 | α=1e-01 | Loss: 1.6475e-04 | BC: 7.1536e-05 | PDE: 9.3213e-04 | Val: 2.4580e-05 | Test: 8.5686e-04 | 
Epoch  81/100 | Steps:  81000 | α=1e-01 | Loss: 4.7573e-05 | BC: 1.8888e-05 | PDE: 2.8685e-04 | Val: 4.6431e-05 | Test: 8.7521e-04 | 
Epoch  82/100 | Steps:  82000 | α=1e-01 | Loss: 4.6691e-05 | BC: 1.9835e-05 | PDE: 2.6856e-04 | Val: 2.5906e-05 | Test: 8.5903e-04 | 
Epoch  83/100 | Steps:  83000 | α=1e-01 | Loss: 6.8938e-05 | BC: 2.6805e-05 | PDE: 4.2133e-04 | Val: 2.3897e-05 | Test: 8.1552e-04 | 
Epoch  84/100 | Steps:  84000 | α=1e-01 | Loss: 2.3746e-03 | BC: 9.7381e-04 | PDE: 1.4008e-02 | Val: 2.1913e-04 | Test: 1.5562e-03 | 
Epoch  85/100 | Steps:  85000 | α=1e-01 | Loss: 1.5768e-04 | BC: 6.9902e-05 | PDE: 8.7782e-04 | Val: 3.5361e-05 | Test: 9.1584e-04 | 
Epoch  86/100 | Steps:  86000 | α=1e-01 | Loss: 6.2359e-05 | BC: 2.4563e-05 | PDE: 3.7796e-04 | Val: 2.0113e-05 | Test: 8.1171e-04 | 
Epoch  87/100 | Steps:  87000 | α=1e-01 | Loss: 4.9332e-05 | BC: 2.1194e-05 | PDE: 2.8138e-04 | Val: 6.0882e-06 | Test: 7.7405e-04 |  *
Epoch  88/100 | Steps:  88000 | α=1e-01 | Loss: 6.3149e-05 | BC: 2.7844e-05 | PDE: 3.5305e-04 | Val: 2.0160e-05 | Test: 8.2544e-04 | 
Epoch  89/100 | Steps:  89000 | α=1e-01 | Loss: 6.9997e-05 | BC: 2.9178e-05 | PDE: 4.0819e-04 | Val: 5.6446e-05 | Test: 9.0243e-04 | 
Epoch  90/100 | Steps:  90000 | α=1e-01 | Loss: 4.9240e-04 | BC: 1.8114e-04 | PDE: 3.1126e-03 | Val: 1.3383e-04 | Test: 1.1953e-03 | 
Epoch  91/100 | Steps:  91000 | α=1e-01 | Loss: 9.7063e-05 | BC: 4.0154e-05 | PDE: 5.6909e-04 | Val: 1.5588e-05 | Test: 7.9795e-04 | 
Epoch  92/100 | Steps:  92000 | α=1e-01 | Loss: 3.4111e-05 | BC: 1.4094e-05 | PDE: 2.0017e-04 | Val: 9.5623e-06 | Test: 7.7111e-04 | 
Epoch  93/100 | Steps:  93000 | α=1e-01 | Loss: 5.7943e-05 | BC: 2.3487e-05 | PDE: 3.4456e-04 | Val: 6.3912e-06 | Test: 8.0065e-04 | 
Epoch  94/100 | Steps:  94000 | α=1e-01 | Loss: 5.2038e-05 | BC: 2.1413e-05 | PDE: 3.0625e-04 | Val: 5.5836e-06 | Test: 7.7361e-04 |  *
Epoch  95/100 | Steps:  95000 | α=1e-01 | Loss: 6.5397e-05 | BC: 2.6943e-05 | PDE: 3.8454e-04 | Val: 1.1065e-05 | Test: 7.9543e-04 | 
Epoch  96/100 | Steps:  96000 | α=1e-01 | Loss: 4.0895e-03 | BC: 1.3181e-03 | PDE: 2.7714e-02 | Val: 1.1382e-04 | Test: 1.2637e-03 | 
Epoch  97/100 | Steps:  97000 | α=1e-01 | Loss: 2.9506e-04 | BC: 8.3919e-05 | PDE: 2.1114e-03 | Val: 5.1408e-05 | Test: 1.0519e-03 | 
Epoch  98/100 | Steps:  98000 | α=1e-01 | Loss: 2.3268e-04 | BC: 7.0931e-05 | PDE: 1.6175e-03 | Val: 5.7431e-05 | Test: 1.0613e-03 | 
Epoch  99/100 | Steps:  99000 | α=1e-01 | Loss: 1.1195e-04 | BC: 4.0517e-05 | PDE: 7.1435e-04 | Val: 3.6900e-05 | Test: 8.8114e-04 | 
Epoch 100/100 | Steps: 100000 | α=1e-01 | Loss: 4.9462e-05 | BC: 2.3189e-05 | PDE: 2.6274e-04 | Val: 1.3116e-05 | Test: 8.2946e-04 | 

Restored best model from epoch 94 (val_loss: 5.5836e-06, test_loss: 7.7361e-04)
Best checkpoint saved to: outputs/expr_6_2/absolute/nosched/checkpoints/best_model.pt
Final checkpoint saved to: outputs/expr_6_2/absolute/nosched/checkpoints/final_model.pt
Training completed in 939.47s (100,000 total steps)

Final Test MSE: 8.2946e-04
Inference (per point): 7.8778e-05s | (full domain): 7.7393e-05s
Saved plot to outputs/expr_6_2/absolute/nosched/plots/results.png
