
============================================================
p-Laplacian Aronsson Example
============================================================

Generated full domain data:
  Boundary points: 40,000
  Interior points: 1,000,000
  Test points: 10,000
Re-sampling enabled: ~1,000,000 interior points per epoch

Splitting data: 80% train, 20% validation
  BC: 32,000 train, 8,000 val
  Interior: 800,000 train, 200,000 val

Loading checkpoint: outputs/expr_6_3_iter/p2to20_square/fix_alpha_band1_1e-5/checkpoints/best_model_p20.pt

Model: PLaplacianPINN on Square [-1,1]²
  Hidden layers: [128, 128, 128, 128], activation: tanh
  η=1e-05, clip_residual=100.0, clip_grad_norm=1.0
  Outlier removal: top 2.0%
  Parameters: 50,049

Iterative Training Schedule:
  p values: [25, 30, 40, 50]
  Epochs per p: 20


============================================================
Stage 1/4: Training with p=25
============================================================

Training configuration:
  Boundary points (train): 32,000 -> 80 batches of 400
  Interior points (train): 1,000,000 -> 1000 batches of 1000
  Interior sampling: RE-SAMPLE each epoch
  Boundary points (val): 8,000
  Validation loss: BC only
  Steps per epoch: 1,000
  Total steps: 20,000
  Epochs: 20
  Loss balancing: FixedAlphaSchedule
  LR scheduler: None (constant LR=1.0e-05)

/usr/local/lib/python3.12/dist-packages/torch/autograd/graph.py:824: UserWarning: Attempting to run cuBLAS, but there was no current CUDA context! Attempting to set the primary context... (Triggered internally at /opt/pytorch/pytorch/aten/src/ATen/cuda/CublasHandlePool.cpp:181.)
  return Variable._execution_engine.run_backward(  # Calls into the C++ engine to run the backward pass
Epoch   1/20 | Steps:   1000 | α=1e-02 | Loss: 2.0405e-04 | BC: 2.7311e-06 | PDE: 2.0132e-02 | Val: 2.8616e-06 | Test: 1.7347e-05 |  *
Epoch   2/20 | Steps:   2000 | α=1e-02 | Loss: 1.1944e-04 | BC: 2.2478e-06 | PDE: 1.1719e-02 | Val: 1.7367e-06 | Test: 1.6236e-05 |  *
Epoch   3/20 | Steps:   3000 | α=1e-02 | Loss: 1.1526e-04 | BC: 1.8392e-06 | PDE: 1.1342e-02 | Val: 1.9467e-06 | Test: 1.6899e-05 | 
Epoch   4/20 | Steps:   4000 | α=1e-02 | Loss: 1.1026e-04 | BC: 1.7031e-06 | PDE: 1.0856e-02 | Val: 1.7002e-06 | Test: 1.7232e-05 |  *
Epoch   5/20 | Steps:   5000 | α=1e-02 | Loss: 1.0722e-04 | BC: 1.5516e-06 | PDE: 1.0567e-02 | Val: 1.5936e-06 | Test: 1.7439e-05 |  *
Epoch   6/20 | Steps:   6000 | α=1e-02 | Loss: 1.0414e-04 | BC: 1.4715e-06 | PDE: 1.0267e-02 | Val: 1.4695e-06 | Test: 1.7707e-05 |  *
Epoch   7/20 | Steps:   7000 | α=1e-02 | Loss: 1.0068e-04 | BC: 1.3437e-06 | PDE: 9.9340e-03 | Val: 1.2911e-06 | Test: 1.7502e-05 |  *
Epoch   8/20 | Steps:   8000 | α=1e-02 | Loss: 1.0083e-04 | BC: 1.2225e-06 | PDE: 9.9603e-03 | Val: 1.3415e-06 | Test: 1.7489e-05 | 
Epoch   9/20 | Steps:   9000 | α=1e-02 | Loss: 9.6267e-05 | BC: 1.2255e-06 | PDE: 9.5042e-03 | Val: 1.2014e-06 | Test: 1.7676e-05 |  *
Epoch  10/20 | Steps:  10000 | α=1e-02 | Loss: 9.4456e-05 | BC: 1.1490e-06 | PDE: 9.3307e-03 | Val: 1.2686e-06 | Test: 1.8277e-05 | 
Epoch  11/20 | Steps:  11000 | α=1e-02 | Loss: 9.4263e-05 | BC: 1.1850e-06 | PDE: 9.3078e-03 | Val: 1.1622e-06 | Test: 1.7973e-05 |  *
Epoch  12/20 | Steps:  12000 | α=1e-02 | Loss: 9.2437e-05 | BC: 1.2006e-06 | PDE: 9.1236e-03 | Val: 1.2894e-06 | Test: 1.8288e-05 | 
Epoch  13/20 | Steps:  13000 | α=1e-02 | Loss: 9.3799e-05 | BC: 1.2133e-06 | PDE: 9.2586e-03 | Val: 1.1797e-06 | Test: 1.8417e-05 | 
Epoch  14/20 | Steps:  14000 | α=1e-02 | Loss: 9.0479e-05 | BC: 1.1537e-06 | PDE: 8.9325e-03 | Val: 1.1729e-06 | Test: 1.8530e-05 | 
Epoch  15/20 | Steps:  15000 | α=1e-02 | Loss: 8.9880e-05 | BC: 1.1502e-06 | PDE: 8.8729e-03 | Val: 1.1288e-06 | Test: 1.8815e-05 |  *
Epoch  16/20 | Steps:  16000 | α=1e-02 | Loss: 8.8616e-05 | BC: 1.1594e-06 | PDE: 8.7457e-03 | Val: 1.1996e-06 | Test: 1.8678e-05 | 
Epoch  17/20 | Steps:  17000 | α=1e-02 | Loss: 8.7662e-05 | BC: 1.1267e-06 | PDE: 8.6535e-03 | Val: 1.1660e-06 | Test: 1.8877e-05 | 
Epoch  18/20 | Steps:  18000 | α=1e-02 | Loss: 8.7000e-05 | BC: 1.1760e-06 | PDE: 8.5824e-03 | Val: 1.2320e-06 | Test: 1.9093e-05 | 
Epoch  19/20 | Steps:  19000 | α=1e-02 | Loss: 8.4055e-05 | BC: 1.1301e-06 | PDE: 8.2925e-03 | Val: 1.1031e-06 | Test: 1.8649e-05 |  *
Epoch  20/20 | Steps:  20000 | α=1e-02 | Loss: 8.5560e-05 | BC: 1.1732e-06 | PDE: 8.4387e-03 | Val: 1.2271e-06 | Test: 1.8999e-05 | 

Restored best model from epoch 19 (val_loss: 1.1031e-06, test_loss: 1.8649e-05)
Best checkpoint saved to: outputs/expr_6_3_iter/p25to50_square/fix_alpha_band1_1e-5/checkpoints/best_model.pt
Final checkpoint saved to: outputs/expr_6_3_iter/p25to50_square/fix_alpha_band1_1e-5/checkpoints/final_model.pt
Training completed in 308.68s (20,000 total steps)
  Stage 1 (p=25) PDE diagnostics:
    p-Lap (p=25) raw:        5.5660e+07
    p-Lap (p=25) normalized: 1.2385e-02
    Inf-Lap raw:              3.0227e-02
    Inf-Lap normalized:       3.7044e-02

============================================================
Stage 2/4: Training with p=30
============================================================

Training configuration:
  Boundary points (train): 32,000 -> 80 batches of 400
  Interior points (train): 1,000,000 -> 1000 batches of 1000
  Interior sampling: RE-SAMPLE each epoch
  Boundary points (val): 8,000
  Validation loss: BC only
  Steps per epoch: 1,000
  Total steps: 20,000
  Epochs: 20
  Loss balancing: FixedAlphaSchedule
  LR scheduler: None (constant LR=1.0e-05)

Epoch   1/20 | Steps:   1000 | α=1e-02 | Loss: 2.0119e-04 | BC: 3.4119e-06 | PDE: 1.9778e-02 | Val: 3.6696e-06 | Test: 1.6401e-05 |  *
Epoch   2/20 | Steps:   2000 | α=1e-02 | Loss: 1.6337e-04 | BC: 3.4879e-06 | PDE: 1.5988e-02 | Val: 3.0712e-06 | Test: 1.5998e-05 |  *
Epoch   3/20 | Steps:   3000 | α=1e-02 | Loss: 1.6236e-04 | BC: 3.2855e-06 | PDE: 1.5907e-02 | Val: 2.9517e-06 | Test: 1.5986e-05 |  *
Epoch   4/20 | Steps:   4000 | α=1e-02 | Loss: 1.6368e-04 | BC: 3.2670e-06 | PDE: 1.6041e-02 | Val: 2.9682e-06 | Test: 1.6320e-05 | 
Epoch   5/20 | Steps:   5000 | α=1e-02 | Loss: 1.5718e-04 | BC: 3.1822e-06 | PDE: 1.5400e-02 | Val: 2.7255e-06 | Test: 1.5883e-05 |  *
Epoch   6/20 | Steps:   6000 | α=1e-02 | Loss: 1.4880e-04 | BC: 2.8830e-06 | PDE: 1.4592e-02 | Val: 2.5101e-06 | Test: 1.5693e-05 |  *
Epoch   7/20 | Steps:   7000 | α=1e-02 | Loss: 1.5049e-04 | BC: 2.8543e-06 | PDE: 1.4763e-02 | Val: 2.6458e-06 | Test: 1.6313e-05 | 
Epoch   8/20 | Steps:   8000 | α=1e-02 | Loss: 1.4808e-04 | BC: 2.7266e-06 | PDE: 1.4536e-02 | Val: 2.8427e-06 | Test: 1.6729e-05 | 
Epoch   9/20 | Steps:   9000 | α=1e-02 | Loss: 1.4921e-04 | BC: 2.8979e-06 | PDE: 1.4631e-02 | Val: 2.6865e-06 | Test: 1.6294e-05 | 
Epoch  10/20 | Steps:  10000 | α=1e-02 | Loss: 1.4579e-04 | BC: 2.7558e-06 | PDE: 1.4304e-02 | Val: 2.5297e-06 | Test: 1.6603e-05 | 
Epoch  11/20 | Steps:  11000 | α=1e-02 | Loss: 1.4606e-04 | BC: 2.5961e-06 | PDE: 1.4346e-02 | Val: 2.5174e-06 | Test: 1.6527e-05 | 
Epoch  12/20 | Steps:  12000 | α=1e-02 | Loss: 1.4643e-04 | BC: 2.7782e-06 | PDE: 1.4365e-02 | Val: 2.5137e-06 | Test: 1.6693e-05 | 
Epoch  13/20 | Steps:  13000 | α=1e-02 | Loss: 1.4272e-04 | BC: 2.6420e-06 | PDE: 1.4008e-02 | Val: 2.5603e-06 | Test: 1.6638e-05 | 
Epoch  14/20 | Steps:  14000 | α=1e-02 | Loss: 1.4125e-04 | BC: 2.6364e-06 | PDE: 1.3862e-02 | Val: 2.4941e-06 | Test: 1.6643e-05 |  *
Epoch  15/20 | Steps:  15000 | α=1e-02 | Loss: 1.4230e-04 | BC: 2.7123e-06 | PDE: 1.3959e-02 | Val: 2.5803e-06 | Test: 1.6682e-05 | 
Epoch  16/20 | Steps:  16000 | α=1e-02 | Loss: 1.4108e-04 | BC: 2.6560e-06 | PDE: 1.3843e-02 | Val: 2.2357e-06 | Test: 1.6543e-05 |  *
Epoch  17/20 | Steps:  17000 | α=1e-02 | Loss: 1.3862e-04 | BC: 2.5106e-06 | PDE: 1.3611e-02 | Val: 2.4866e-06 | Test: 1.6590e-05 | 
Epoch  18/20 | Steps:  18000 | α=1e-02 | Loss: 1.4044e-04 | BC: 2.5845e-06 | PDE: 1.3786e-02 | Val: 2.5629e-06 | Test: 1.6937e-05 | 
Epoch  19/20 | Steps:  19000 | α=1e-02 | Loss: 1.3621e-04 | BC: 2.5381e-06 | PDE: 1.3367e-02 | Val: 2.6058e-06 | Test: 1.6984e-05 | 
Epoch  20/20 | Steps:  20000 | α=1e-02 | Loss: 1.3361e-04 | BC: 2.5017e-06 | PDE: 1.3111e-02 | Val: 2.4844e-06 | Test: 1.6736e-05 | 

Restored best model from epoch 16 (val_loss: 2.2357e-06, test_loss: 1.6543e-05)
Best checkpoint saved to: outputs/expr_6_3_iter/p25to50_square/fix_alpha_band1_1e-5/checkpoints/best_model.pt
Final checkpoint saved to: outputs/expr_6_3_iter/p25to50_square/fix_alpha_band1_1e-5/checkpoints/final_model.pt
Training completed in 289.62s (20,000 total steps)
  Stage 2 (p=30) PDE diagnostics:
    p-Lap (p=30) raw:        3.6666e+10
    p-Lap (p=30) normalized: 1.2916e-02
    Inf-Lap raw:              2.2685e-02
    Inf-Lap normalized:       3.2687e-02

============================================================
Stage 3/4: Training with p=40
============================================================

Training configuration:
  Boundary points (train): 32,000 -> 80 batches of 400
  Interior points (train): 1,000,000 -> 1000 batches of 1000
  Interior sampling: RE-SAMPLE each epoch
  Boundary points (val): 8,000
  Validation loss: BC only
  Steps per epoch: 1,000
  Total steps: 20,000
  Epochs: 20
  Loss balancing: FixedAlphaSchedule
  LR scheduler: None (constant LR=1.0e-05)

Epoch   1/20 | Steps:   1000 | α=1e-02 | Loss: 4.5416e-04 | BC: 1.0523e-05 | PDE: 4.4364e-02 | Val: 1.2613e-05 | Test: 1.9257e-05 |  *
Epoch   2/20 | Steps:   2000 | α=1e-02 | Loss: 3.4891e-04 | BC: 1.2861e-05 | PDE: 3.3605e-02 | Val: 1.2977e-05 | Test: 1.9907e-05 | 
Epoch   3/20 | Steps:   3000 | α=1e-02 | Loss: 3.3859e-04 | BC: 1.1994e-05 | PDE: 3.2660e-02 | Val: 1.1217e-05 | Test: 1.7967e-05 |  *
Epoch   4/20 | Steps:   4000 | α=1e-02 | Loss: 3.4572e-04 | BC: 1.2259e-05 | PDE: 3.3346e-02 | Val: 1.2487e-05 | Test: 1.9650e-05 | 
Epoch   5/20 | Steps:   5000 | α=1e-02 | Loss: 3.1659e-04 | BC: 1.1435e-05 | PDE: 3.0516e-02 | Val: 9.9717e-06 | Test: 1.7592e-05 |  *
Epoch   6/20 | Steps:   6000 | α=1e-02 | Loss: 3.3116e-04 | BC: 1.1097e-05 | PDE: 3.2006e-02 | Val: 1.1093e-05 | Test: 1.8841e-05 | 
Epoch   7/20 | Steps:   7000 | α=1e-02 | Loss: 3.2888e-04 | BC: 1.1103e-05 | PDE: 3.1777e-02 | Val: 1.0549e-05 | Test: 1.8885e-05 | 
Epoch   8/20 | Steps:   8000 | α=1e-02 | Loss: 3.3588e-04 | BC: 1.1718e-05 | PDE: 3.2416e-02 | Val: 1.0178e-05 | Test: 1.8307e-05 | 
Epoch   9/20 | Steps:   9000 | α=1e-02 | Loss: 3.2206e-04 | BC: 1.0515e-05 | PDE: 3.1154e-02 | Val: 1.0648e-05 | Test: 1.8779e-05 | 
Epoch  10/20 | Steps:  10000 | α=1e-02 | Loss: 3.2178e-04 | BC: 1.1287e-05 | PDE: 3.1049e-02 | Val: 9.5525e-06 | Test: 1.8171e-05 |  *
Epoch  11/20 | Steps:  11000 | α=1e-02 | Loss: 3.1549e-04 | BC: 1.0396e-05 | PDE: 3.0509e-02 | Val: 1.0200e-05 | Test: 1.9054e-05 | 
Epoch  12/20 | Steps:  12000 | α=1e-02 | Loss: 3.1513e-04 | BC: 1.0440e-05 | PDE: 3.0468e-02 | Val: 1.0425e-05 | Test: 1.9239e-05 | 
Epoch  13/20 | Steps:  13000 | α=1e-02 | Loss: 3.0336e-04 | BC: 1.0271e-05 | PDE: 2.9308e-02 | Val: 1.1087e-05 | Test: 1.9255e-05 | 
Epoch  14/20 | Steps:  14000 | α=1e-02 | Loss: 3.0732e-04 | BC: 1.0004e-05 | PDE: 2.9731e-02 | Val: 9.3118e-06 | Test: 1.8578e-05 |  *
Epoch  15/20 | Steps:  15000 | α=1e-02 | Loss: 2.9864e-04 | BC: 9.9663e-06 | PDE: 2.8868e-02 | Val: 8.9527e-06 | Test: 1.8300e-05 |  *
Epoch  16/20 | Steps:  16000 | α=1e-02 | Loss: 2.9530e-04 | BC: 9.6917e-06 | PDE: 2.8561e-02 | Val: 9.7242e-06 | Test: 1.8713e-05 | 
Epoch  17/20 | Steps:  17000 | α=1e-02 | Loss: 2.8649e-04 | BC: 9.9959e-06 | PDE: 2.7649e-02 | Val: 1.0589e-05 | Test: 1.9439e-05 | 
Epoch  18/20 | Steps:  18000 | α=1e-02 | Loss: 2.8700e-04 | BC: 9.5320e-06 | PDE: 2.7746e-02 | Val: 8.9309e-06 | Test: 1.8506e-05 |  *
Epoch  19/20 | Steps:  19000 | α=1e-02 | Loss: 2.8861e-04 | BC: 9.1842e-06 | PDE: 2.7942e-02 | Val: 8.7286e-06 | Test: 1.8570e-05 |  *
Epoch  20/20 | Steps:  20000 | α=1e-02 | Loss: 2.9117e-04 | BC: 9.6049e-06 | PDE: 2.8157e-02 | Val: 1.0367e-05 | Test: 1.9791e-05 | 

Restored best model from epoch 19 (val_loss: 8.7286e-06, test_loss: 1.8570e-05)
Best checkpoint saved to: outputs/expr_6_3_iter/p25to50_square/fix_alpha_band1_1e-5/checkpoints/best_model.pt
Final checkpoint saved to: outputs/expr_6_3_iter/p25to50_square/fix_alpha_band1_1e-5/checkpoints/final_model.pt
Training completed in 266.37s (20,000 total steps)
  Stage 3 (p=40) PDE diagnostics:
    p-Lap (p=40) raw:        1.6953e+16
    p-Lap (p=40) normalized: 1.3771e-02
    Inf-Lap raw:              1.5631e-02
    Inf-Lap normalized:       2.7992e-02

============================================================
Stage 4/4: Training with p=50
============================================================

Training configuration:
  Boundary points (train): 32,000 -> 80 batches of 400
  Interior points (train): 1,000,000 -> 1000 batches of 1000
  Interior sampling: RE-SAMPLE each epoch
  Boundary points (val): 8,000
  Validation loss: BC only
  Steps per epoch: 1,000
  Total steps: 20,000
  Epochs: 20
  Loss balancing: FixedAlphaSchedule
  LR scheduler: None (constant LR=1.0e-05)

Epoch   1/20 | Steps:   1000 | α=1e-02 | Loss: 6.1077e-04 | BC: 1.8337e-05 | PDE: 5.9243e-02 | Val: 2.5492e-05 | Test: 2.6232e-05 |  *
Epoch   2/20 | Steps:   2000 | α=1e-02 | Loss: 5.1862e-04 | BC: 2.3651e-05 | PDE: 4.9497e-02 | Val: 2.5592e-05 | Test: 2.6893e-05 | 
Epoch   3/20 | Steps:   3000 | α=1e-02 | Loss: 5.3310e-04 | BC: 2.3865e-05 | PDE: 5.0923e-02 | Val: 2.3055e-05 | Test: 2.4686e-05 |  *
Epoch   4/20 | Steps:   4000 | α=1e-02 | Loss: 5.2855e-04 | BC: 2.4337e-05 | PDE: 5.0422e-02 | Val: 2.5949e-05 | Test: 2.7451e-05 | 
Epoch   5/20 | Steps:   5000 | α=1e-02 | Loss: 5.3154e-04 | BC: 2.4593e-05 | PDE: 5.0695e-02 | Val: 2.4501e-05 | Test: 2.5792e-05 | 
Epoch   6/20 | Steps:   6000 | α=1e-02 | Loss: 5.2989e-04 | BC: 2.3989e-05 | PDE: 5.0591e-02 | Val: 2.3164e-05 | Test: 2.5298e-05 | 
Epoch   7/20 | Steps:   7000 | α=1e-02 | Loss: 5.3133e-04 | BC: 2.3423e-05 | PDE: 5.0791e-02 | Val: 2.2572e-05 | Test: 2.4999e-05 |  *
Epoch   8/20 | Steps:   8000 | α=1e-02 | Loss: 5.2990e-04 | BC: 2.3098e-05 | PDE: 5.0680e-02 | Val: 2.3145e-05 | Test: 2.5332e-05 | 
Epoch   9/20 | Steps:   9000 | α=1e-02 | Loss: 5.2970e-04 | BC: 2.2967e-05 | PDE: 5.0673e-02 | Val: 2.2595e-05 | Test: 2.5598e-05 | 
Epoch  10/20 | Steps:  10000 | α=1e-02 | Loss: 5.1415e-04 | BC: 2.1751e-05 | PDE: 4.9240e-02 | Val: 2.1127e-05 | Test: 2.4973e-05 |  *
Epoch  11/20 | Steps:  11000 | α=1e-02 | Loss: 5.2646e-04 | BC: 2.2458e-05 | PDE: 5.0400e-02 | Val: 2.2957e-05 | Test: 2.5497e-05 | 
Epoch  12/20 | Steps:  12000 | α=1e-02 | Loss: 5.1890e-04 | BC: 2.2925e-05 | PDE: 4.9598e-02 | Val: 2.1291e-05 | Test: 2.4654e-05 | 
Epoch  13/20 | Steps:  13000 | α=1e-02 | Loss: 4.8822e-04 | BC: 2.2070e-05 | PDE: 4.6615e-02 | Val: 2.2597e-05 | Test: 2.5886e-05 | 
Epoch  14/20 | Steps:  14000 | α=1e-02 | Loss: 5.2968e-04 | BC: 2.3050e-05 | PDE: 5.0663e-02 | Val: 2.1797e-05 | Test: 2.5575e-05 | 
Epoch  15/20 | Steps:  15000 | α=1e-02 | Loss: 5.1183e-04 | BC: 2.3507e-05 | PDE: 4.8833e-02 | Val: 2.2171e-05 | Test: 2.5944e-05 | 
Epoch  16/20 | Steps:  16000 | α=1e-02 | Loss: 4.8185e-04 | BC: 2.0945e-05 | PDE: 4.6091e-02 | Val: 1.8609e-05 | Test: 2.3586e-05 |  *
Epoch  17/20 | Steps:  17000 | α=1e-02 | Loss: 4.8261e-04 | BC: 1.9724e-05 | PDE: 4.6288e-02 | Val: 1.8423e-05 | Test: 2.3790e-05 |  *
Epoch  18/20 | Steps:  18000 | α=1e-02 | Loss: 4.9087e-04 | BC: 1.9480e-05 | PDE: 4.7139e-02 | Val: 1.9781e-05 | Test: 2.5014e-05 | 
Epoch  19/20 | Steps:  19000 | α=1e-02 | Loss: 4.9463e-04 | BC: 2.0343e-05 | PDE: 4.7429e-02 | Val: 2.0454e-05 | Test: 2.4621e-05 | 
Epoch  20/20 | Steps:  20000 | α=1e-02 | Loss: 4.7993e-04 | BC: 2.0972e-05 | PDE: 4.5896e-02 | Val: 2.0879e-05 | Test: 2.5277e-05 | 

Restored best model from epoch 17 (val_loss: 1.8423e-05, test_loss: 2.3790e-05)
Best checkpoint saved to: outputs/expr_6_3_iter/p25to50_square/fix_alpha_band1_1e-5/checkpoints/best_model.pt
Final checkpoint saved to: outputs/expr_6_3_iter/p25to50_square/fix_alpha_band1_1e-5/checkpoints/final_model.pt
Training completed in 337.97s (20,000 total steps)
  Stage 4 (p=50) PDE diagnostics:
    p-Lap (p=50) raw:        5.6072e+21
    p-Lap (p=50) normalized: 1.4570e-02
    Inf-Lap raw:              1.2388e-02
    Inf-Lap normalized:       2.5737e-02

Iterative training completed in 1202.65s
Total epochs: 80

Final Test MSE: 2.5277e-05
Inference (per point): 1.6381e-04s | (full domain): 1.5837e-04s
p-Lap (p=50) PDE test (raw):        5.6072e+21
p-Lap (p=50) PDE test (normalized): 1.4570e-02
Inf-Lap PDE test (raw):                    1.2388e-02
Inf-Lap PDE test (normalized):             2.5737e-02
Saved .npz files to outputs/expr_6_3_iter/p25to50_square/fix_alpha_band1_1e-5/npy/
Saved plot to outputs/expr_6_3_iter/p25to50_square/fix_alpha_band1_1e-5/plots/results.png
