
============================================================
p-Laplacian Aronsson Example
============================================================

Generated full domain data:
  Boundary points: 40,000
  Interior points: 1,000,000
  Test points: 10,000
Re-sampling enabled: ~1,000,000 interior points per epoch

Splitting data: 80% train, 20% validation
  BC: 32,000 train, 8,000 val
  Interior: 800,000 train, 200,000 val

Loading checkpoint: outputs/expr_7_2_iter/p60to100_square/fix_alpha_band1_1e-2/checkpoints/best_model_p100.pt

Model: PLaplacianPINN on Square [-1,1]²
  Hidden layers: [128, 128, 128, 128], activation: tanh
  η=1e-05, clip_residual=100.0, clip_grad_norm=1.0
  Outlier removal: top 2.0%
  Parameters: 50,049

Iterative Training Schedule:
  p values: [150, 200, 300, 400, 500]
  Epochs per p: 20


============================================================
Stage 1/5: Training with p=150
============================================================

Training configuration:
  Boundary points (train): 32,000 -> 80 batches of 400
  Interior points (train): 1,000,000 -> 1000 batches of 1000
  Interior sampling: RE-SAMPLE each epoch
  Boundary points (val): 8,000
  Validation loss: BC only
  Steps per epoch: 1,000
  Total steps: 20,000
  Epochs: 20
  Loss balancing: FixedAlphaSchedule
  LR scheduler: None (constant LR=1.0e-05)

/usr/local/lib/python3.12/dist-packages/torch/autograd/graph.py:824: UserWarning: Attempting to run cuBLAS, but there was no current CUDA context! Attempting to set the primary context... (Triggered internally at /opt/pytorch/pytorch/aten/src/ATen/cuda/CublasHandlePool.cpp:181.)
  return Variable._execution_engine.run_backward(  # Calls into the C++ engine to run the backward pass
Epoch   1/20 | Steps:   1000 | α=1e-04 | Loss: 1.9664e-05 | BC: 1.5987e-06 | PDE: 1.8065e-01 | Val: 1.2508e-06 | Test: 2.1775e-06 |  *
Epoch   2/20 | Steps:   2000 | α=1e-04 | Loss: 1.7168e-05 | BC: 1.3889e-06 | PDE: 1.5779e-01 | Val: 1.1461e-06 | Test: 2.2222e-06 |  *
Epoch   3/20 | Steps:   3000 | α=1e-04 | Loss: 1.8405e-05 | BC: 1.5214e-06 | PDE: 1.6884e-01 | Val: 8.8448e-07 | Test: 2.0865e-06 |  *
Epoch   4/20 | Steps:   4000 | α=1e-04 | Loss: 1.7242e-05 | BC: 1.3971e-06 | PDE: 1.5845e-01 | Val: 1.1045e-06 | Test: 2.2500e-06 | 
Epoch   5/20 | Steps:   5000 | α=1e-04 | Loss: 1.7228e-05 | BC: 1.3700e-06 | PDE: 1.5858e-01 | Val: 1.1808e-06 | Test: 2.3983e-06 | 
Epoch   6/20 | Steps:   6000 | α=1e-04 | Loss: 1.6524e-05 | BC: 1.2548e-06 | PDE: 1.5269e-01 | Val: 1.3772e-06 | Test: 2.6137e-06 | 
Epoch   7/20 | Steps:   7000 | α=1e-04 | Loss: 1.7590e-05 | BC: 1.3416e-06 | PDE: 1.6249e-01 | Val: 3.3080e-06 | Test: 3.9535e-06 | 
Epoch   8/20 | Steps:   8000 | α=1e-04 | Loss: 2.0518e-05 | BC: 1.5151e-06 | PDE: 1.9003e-01 | Val: 1.8673e-06 | Test: 3.0009e-06 | 
Epoch   9/20 | Steps:   9000 | α=1e-04 | Loss: 1.5588e-05 | BC: 1.1168e-06 | PDE: 1.4471e-01 | Val: 1.0071e-06 | Test: 2.3456e-06 | 
Epoch  10/20 | Steps:  10000 | α=1e-04 | Loss: 1.5645e-05 | BC: 1.1583e-06 | PDE: 1.4487e-01 | Val: 2.2068e-06 | Test: 3.6077e-06 | 
Epoch  11/20 | Steps:  11000 | α=1e-04 | Loss: 1.6304e-05 | BC: 1.2792e-06 | PDE: 1.5025e-01 | Val: 7.2209e-07 | Test: 2.0417e-06 |  *
Epoch  12/20 | Steps:  12000 | α=1e-04 | Loss: 1.7672e-05 | BC: 1.4258e-06 | PDE: 1.6246e-01 | Val: 1.0024e-06 | Test: 2.4955e-06 | 
Epoch  13/20 | Steps:  13000 | α=1e-04 | Loss: 1.4808e-05 | BC: 1.0613e-06 | PDE: 1.3747e-01 | Val: 1.8265e-06 | Test: 2.8797e-06 | 
Epoch  14/20 | Steps:  14000 | α=1e-04 | Loss: 1.7401e-05 | BC: 1.2664e-06 | PDE: 1.6135e-01 | Val: 1.3312e-06 | Test: 2.5694e-06 | 
Epoch  15/20 | Steps:  15000 | α=1e-04 | Loss: 1.5960e-05 | BC: 1.2260e-06 | PDE: 1.4734e-01 | Val: 6.8761e-07 | Test: 2.1230e-06 |  *
Epoch  16/20 | Steps:  16000 | α=1e-04 | Loss: 1.5334e-05 | BC: 1.0067e-06 | PDE: 1.4327e-01 | Val: 8.3171e-07 | Test: 2.2695e-06 | 
Epoch  17/20 | Steps:  17000 | α=1e-04 | Loss: 1.4329e-05 | BC: 1.0371e-06 | PDE: 1.3292e-01 | Val: 7.5580e-07 | Test: 2.0305e-06 | 
Epoch  18/20 | Steps:  18000 | α=1e-04 | Loss: 1.6072e-05 | BC: 1.2043e-06 | PDE: 1.4868e-01 | Val: 3.6364e-06 | Test: 4.2042e-06 | 
Epoch  19/20 | Steps:  19000 | α=1e-04 | Loss: 1.4579e-05 | BC: 1.0600e-06 | PDE: 1.3519e-01 | Val: 1.7875e-06 | Test: 3.0419e-06 | 
Epoch  20/20 | Steps:  20000 | α=1e-04 | Loss: 1.5577e-05 | BC: 1.0870e-06 | PDE: 1.4490e-01 | Val: 7.7647e-07 | Test: 2.2363e-06 | 

Restored best model from epoch 15 (val_loss: 6.8761e-07, test_loss: 2.1230e-06)
Best checkpoint saved to: outputs/expr_7_2_iter/p150to500_square/fix_alpha_band1_1e-2/checkpoints/best_model.pt
Final checkpoint saved to: outputs/expr_7_2_iter/p150to500_square/fix_alpha_band1_1e-2/checkpoints/final_model.pt
Training completed in 180.49s (20,000 total steps)
  Stage 1 (p=150) PDE diagnostics:
    p-Lap (p=150) raw:        inf
    p-Lap (p=150) normalized: 5.0021e-03
    Inf-Lap raw:              2.8863e-03
    Inf-Lap normalized:       6.8371e-03

============================================================
Stage 2/5: Training with p=200
============================================================

Training configuration:
  Boundary points (train): 32,000 -> 80 batches of 400
  Interior points (train): 1,000,000 -> 1000 batches of 1000
  Interior sampling: RE-SAMPLE each epoch
  Boundary points (val): 8,000
  Validation loss: BC only
  Steps per epoch: 1,000
  Total steps: 20,000
  Epochs: 20
  Loss balancing: FixedAlphaSchedule
  LR scheduler: None (constant LR=1.0e-05)

Epoch   1/20 | Steps:   1000 | α=1e-04 | Loss: 3.0997e-05 | BC: 1.6380e-06 | PDE: 2.9359e-01 | Val: 1.0002e-06 | Test: 1.9199e-06 |  *
Epoch   2/20 | Steps:   2000 | α=1e-04 | Loss: 2.9467e-05 | BC: 1.9276e-06 | PDE: 2.7539e-01 | Val: 8.7635e-07 | Test: 1.7768e-06 |  *
Epoch   3/20 | Steps:   3000 | α=1e-04 | Loss: 3.2792e-05 | BC: 1.6340e-06 | PDE: 3.1158e-01 | Val: 1.5857e-06 | Test: 2.2572e-06 | 
Epoch   4/20 | Steps:   4000 | α=1e-04 | Loss: 3.1777e-05 | BC: 1.5477e-06 | PDE: 3.0229e-01 | Val: 1.7690e-06 | Test: 2.5114e-06 | 
Epoch   5/20 | Steps:   5000 | α=1e-04 | Loss: 3.1492e-05 | BC: 1.7024e-06 | PDE: 2.9790e-01 | Val: 1.0910e-06 | Test: 1.9244e-06 | 
Epoch   6/20 | Steps:   6000 | α=1e-04 | Loss: 2.6198e-05 | BC: 1.2945e-06 | PDE: 2.4904e-01 | Val: 1.3853e-06 | Test: 2.2623e-06 | 
Epoch   7/20 | Steps:   7000 | α=1e-04 | Loss: 2.9070e-05 | BC: 1.4976e-06 | PDE: 2.7573e-01 | Val: 8.2041e-07 | Test: 1.8847e-06 |  *
Epoch   8/20 | Steps:   8000 | α=1e-04 | Loss: 3.0224e-05 | BC: 1.5598e-06 | PDE: 2.8664e-01 | Val: 9.7990e-06 | Test: 9.4254e-06 | 
Epoch   9/20 | Steps:   9000 | α=1e-04 | Loss: 3.1536e-05 | BC: 1.8329e-06 | PDE: 2.9703e-01 | Val: 9.1096e-07 | Test: 1.8895e-06 | 
Epoch  10/20 | Steps:  10000 | α=1e-04 | Loss: 2.5550e-05 | BC: 1.3394e-06 | PDE: 2.4210e-01 | Val: 8.0986e-07 | Test: 1.8470e-06 |  *
Epoch  11/20 | Steps:  11000 | α=1e-04 | Loss: 3.2694e-05 | BC: 1.6981e-06 | PDE: 3.0996e-01 | Val: 7.5656e-07 | Test: 1.8254e-06 |  *
Epoch  12/20 | Steps:  12000 | α=1e-04 | Loss: 3.2093e-05 | BC: 1.9914e-06 | PDE: 3.0102e-01 | Val: 2.4944e-06 | Test: 3.2282e-06 | 
Epoch  13/20 | Steps:  13000 | α=1e-04 | Loss: 2.6525e-05 | BC: 1.4143e-06 | PDE: 2.5110e-01 | Val: 1.2191e-06 | Test: 1.9249e-06 | 
Epoch  14/20 | Steps:  14000 | α=1e-04 | Loss: 2.6774e-05 | BC: 1.6035e-06 | PDE: 2.5170e-01 | Val: 1.0584e-06 | Test: 2.1747e-06 | 
Epoch  15/20 | Steps:  15000 | α=1e-04 | Loss: 3.0958e-05 | BC: 2.1985e-06 | PDE: 2.8759e-01 | Val: 1.4484e-06 | Test: 2.6042e-06 | 
Epoch  16/20 | Steps:  16000 | α=1e-04 | Loss: 2.6501e-05 | BC: 1.4059e-06 | PDE: 2.5095e-01 | Val: 6.5771e-07 | Test: 1.7576e-06 |  *
Epoch  17/20 | Steps:  17000 | α=1e-04 | Loss: 2.9956e-05 | BC: 1.6888e-06 | PDE: 2.8267e-01 | Val: 8.1537e-06 | Test: 8.0175e-06 | 
Epoch  18/20 | Steps:  18000 | α=1e-04 | Loss: 2.8847e-05 | BC: 1.6424e-06 | PDE: 2.7204e-01 | Val: 2.0488e-06 | Test: 2.6401e-06 | 
Epoch  19/20 | Steps:  19000 | α=1e-04 | Loss: 2.9197e-05 | BC: 1.7239e-06 | PDE: 2.7473e-01 | Val: 1.1588e-06 | Test: 1.9454e-06 | 
Epoch  20/20 | Steps:  20000 | α=1e-04 | Loss: 2.7706e-05 | BC: 1.5686e-06 | PDE: 2.6137e-01 | Val: 5.0532e-06 | Test: 4.4316e-06 | 

Restored best model from epoch 16 (val_loss: 6.5771e-07, test_loss: 1.7576e-06)
Best checkpoint saved to: outputs/expr_7_2_iter/p150to500_square/fix_alpha_band1_1e-2/checkpoints/best_model.pt
Final checkpoint saved to: outputs/expr_7_2_iter/p150to500_square/fix_alpha_band1_1e-2/checkpoints/final_model.pt
Training completed in 165.78s (20,000 total steps)
  Stage 2 (p=200) PDE diagnostics:
    p-Lap (p=200) raw:        inf
    p-Lap (p=200) normalized: 4.2165e-03
    Inf-Lap raw:              2.1611e-03
    Inf-Lap normalized:       5.4422e-03

============================================================
Stage 3/5: Training with p=300
============================================================

Training configuration:
  Boundary points (train): 32,000 -> 80 batches of 400
  Interior points (train): 1,000,000 -> 1000 batches of 1000
  Interior sampling: RE-SAMPLE each epoch
  Boundary points (val): 8,000
  Validation loss: BC only
  Steps per epoch: 1,000
  Total steps: 20,000
  Epochs: 20
  Loss balancing: FixedAlphaSchedule
  LR scheduler: None (constant LR=1.0e-05)

Epoch   1/20 | Steps:   1000 | α=1e-04 | Loss: 8.2950e-05 | BC: 2.2810e-06 | PDE: 8.0669e-01 | Val: 1.5080e-06 | Test: 2.0955e-06 |  *
Epoch   2/20 | Steps:   2000 | α=1e-04 | Loss: 7.2134e-05 | BC: 2.9416e-06 | PDE: 6.9193e-01 | Val: 6.3911e-06 | Test: 6.2299e-06 | 
Epoch   3/20 | Steps:   3000 | α=1e-04 | Loss: 8.8289e-05 | BC: 2.4889e-06 | PDE: 8.5800e-01 | Val: 1.7140e-06 | Test: 2.1131e-06 | 
Epoch   4/20 | Steps:   4000 | α=1e-04 | Loss: 7.2620e-05 | BC: 4.0437e-06 | PDE: 6.8576e-01 | Val: 1.2071e-06 | Test: 1.7562e-06 |  *
Epoch   5/20 | Steps:   5000 | α=1e-04 | Loss: 5.4237e-05 | BC: 1.9307e-06 | PDE: 5.2306e-01 | Val: 1.2701e-06 | Test: 1.8810e-06 | 
Epoch   6/20 | Steps:   6000 | α=1e-04 | Loss: 8.9081e-05 | BC: 2.8573e-06 | PDE: 8.6224e-01 | Val: 8.8610e-06 | Test: 6.2237e-06 | 
Epoch   7/20 | Steps:   7000 | α=1e-04 | Loss: 6.9530e-05 | BC: 3.3256e-06 | PDE: 6.6204e-01 | Val: 9.0984e-07 | Test: 1.6367e-06 |  *
Epoch   8/20 | Steps:   8000 | α=1e-04 | Loss: 9.0638e-05 | BC: 4.1827e-06 | PDE: 8.6455e-01 | Val: 2.4544e-06 | Test: 3.3565e-06 | 
Epoch   9/20 | Steps:   9000 | α=1e-04 | Loss: 6.8779e-05 | BC: 3.1978e-06 | PDE: 6.5581e-01 | Val: 9.5664e-06 | Test: 6.9460e-06 | 
Epoch  10/20 | Steps:  10000 | α=1e-04 | Loss: 6.6060e-05 | BC: 2.5780e-06 | PDE: 6.3482e-01 | Val: 1.6007e-06 | Test: 2.1392e-06 | 
Epoch  11/20 | Steps:  11000 | α=1e-04 | Loss: 6.8354e-05 | BC: 3.1324e-06 | PDE: 6.5222e-01 | Val: 2.5121e-06 | Test: 2.8503e-06 | 
Epoch  12/20 | Steps:  12000 | α=1e-04 | Loss: 6.0686e-05 | BC: 2.2954e-06 | PDE: 5.8390e-01 | Val: 2.0393e-06 | Test: 2.3529e-06 | 
Epoch  13/20 | Steps:  13000 | α=1e-04 | Loss: 5.9671e-05 | BC: 3.1006e-06 | PDE: 5.6570e-01 | Val: 6.8491e-06 | Test: 6.7594e-06 | 
Epoch  14/20 | Steps:  14000 | α=1e-04 | Loss: 6.5324e-05 | BC: 3.4189e-06 | PDE: 6.1906e-01 | Val: 2.9334e-06 | Test: 3.5426e-06 | 
Epoch  15/20 | Steps:  15000 | α=1e-04 | Loss: 5.7689e-05 | BC: 2.2238e-06 | PDE: 5.5465e-01 | Val: 2.7852e-06 | Test: 3.3900e-06 | 
Epoch  16/20 | Steps:  16000 | α=1e-04 | Loss: 5.4708e-05 | BC: 2.2645e-06 | PDE: 5.2443e-01 | Val: 1.2580e-06 | Test: 1.7611e-06 | 
Epoch  17/20 | Steps:  17000 | α=1e-04 | Loss: 5.4782e-05 | BC: 2.7156e-06 | PDE: 5.2066e-01 | Val: 1.7179e-06 | Test: 2.0882e-06 | 
Epoch  18/20 | Steps:  18000 | α=1e-04 | Loss: 5.5352e-05 | BC: 2.6651e-06 | PDE: 5.2687e-01 | Val: 1.2958e-06 | Test: 1.6861e-06 | 
Epoch  19/20 | Steps:  19000 | α=1e-04 | Loss: 5.6146e-05 | BC: 2.4259e-06 | PDE: 5.3720e-01 | Val: 3.1010e-06 | Test: 3.8804e-06 | 
Epoch  20/20 | Steps:  20000 | α=1e-04 | Loss: 5.5337e-05 | BC: 2.2977e-06 | PDE: 5.3039e-01 | Val: 2.0727e-06 | Test: 2.2514e-06 | 

Restored best model from epoch 7 (val_loss: 9.0984e-07, test_loss: 1.6367e-06)
Best checkpoint saved to: outputs/expr_7_2_iter/p150to500_square/fix_alpha_band1_1e-2/checkpoints/best_model.pt
Final checkpoint saved to: outputs/expr_7_2_iter/p150to500_square/fix_alpha_band1_1e-2/checkpoints/final_model.pt
Training completed in 168.35s (20,000 total steps)
  Stage 3 (p=300) PDE diagnostics:
    p-Lap (p=300) raw:        inf
    p-Lap (p=300) normalized: 3.7254e-03
    Inf-Lap raw:              1.7466e-03
    Inf-Lap normalized:       4.4842e-03

============================================================
Stage 4/5: Training with p=400
============================================================

Training configuration:
  Boundary points (train): 32,000 -> 80 batches of 400
  Interior points (train): 1,000,000 -> 1000 batches of 1000
  Interior sampling: RE-SAMPLE each epoch
  Boundary points (val): 8,000
  Validation loss: BC only
  Steps per epoch: 1,000
  Total steps: 20,000
  Epochs: 20
  Loss balancing: FixedAlphaSchedule
  LR scheduler: None (constant LR=1.0e-05)

Epoch   1/20 | Steps:   1000 | α=1e-04 | Loss: 1.5872e-04 | BC: 3.7416e-06 | PDE: 1.5498e+00 | Val: 3.1139e-06 | Test: 3.5540e-06 |  *
Epoch   2/20 | Steps:   2000 | α=1e-04 | Loss: 1.2285e-04 | BC: 4.0870e-06 | PDE: 1.1876e+00 | Val: 5.0865e-06 | Test: 3.7782e-06 | 
Epoch   3/20 | Steps:   3000 | α=1e-04 | Loss: 1.0373e-04 | BC: 4.4033e-06 | PDE: 9.9331e-01 | Val: 4.1083e-06 | Test: 3.7147e-06 | 
Epoch   4/20 | Steps:   4000 | α=1e-04 | Loss: 1.0970e-04 | BC: 4.3282e-06 | PDE: 1.0537e+00 | Val: 3.4925e-06 | Test: 3.4456e-06 | 
Epoch   5/20 | Steps:   5000 | α=1e-04 | Loss: 1.2753e-04 | BC: 4.4313e-06 | PDE: 1.2310e+00 | Val: 1.6905e-06 | Test: 2.3781e-06 |  *
Epoch   6/20 | Steps:   6000 | α=1e-04 | Loss: 1.4278e-04 | BC: 4.0807e-06 | PDE: 1.3870e+00 | Val: 2.1203e-06 | Test: 2.5221e-06 | 
Epoch   7/20 | Steps:   7000 | α=1e-04 | Loss: 1.6013e-04 | BC: 4.0631e-06 | PDE: 1.5607e+00 | Val: 3.5229e-06 | Test: 3.1907e-06 | 
Epoch   8/20 | Steps:   8000 | α=1e-04 | Loss: 1.2184e-04 | BC: 3.1939e-06 | PDE: 1.1865e+00 | Val: 4.1195e-06 | Test: 3.7670e-06 | 
Epoch   9/20 | Steps:   9000 | α=1e-04 | Loss: 1.1113e-04 | BC: 3.7565e-06 | PDE: 1.0737e+00 | Val: 3.7340e-06 | Test: 3.5271e-06 | 
Epoch  10/20 | Steps:  10000 | α=1e-04 | Loss: 2.0298e-04 | BC: 4.3472e-06 | PDE: 1.9863e+00 | Val: 2.5489e-06 | Test: 2.7042e-06 | 
Epoch  11/20 | Steps:  11000 | α=1e-04 | Loss: 1.0358e-04 | BC: 2.9621e-06 | PDE: 1.0062e+00 | Val: 5.1109e-06 | Test: 4.3241e-06 | 
Epoch  12/20 | Steps:  12000 | α=1e-04 | Loss: 1.3180e-04 | BC: 3.1914e-06 | PDE: 1.2861e+00 | Val: 2.2458e-06 | Test: 2.5204e-06 | 
Epoch  13/20 | Steps:  13000 | α=1e-04 | Loss: 9.2622e-05 | BC: 3.2562e-06 | PDE: 8.9366e-01 | Val: 5.2619e-06 | Test: 3.7144e-06 | 
Epoch  14/20 | Steps:  14000 | α=1e-04 | Loss: 1.3558e-04 | BC: 4.4258e-06 | PDE: 1.3115e+00 | Val: 3.8426e-06 | Test: 3.3257e-06 | 
Epoch  15/20 | Steps:  15000 | α=1e-04 | Loss: 1.4483e-04 | BC: 4.0872e-06 | PDE: 1.4074e+00 | Val: 2.7862e-06 | Test: 2.7075e-06 | 
Epoch  16/20 | Steps:  16000 | α=1e-04 | Loss: 1.0743e-04 | BC: 4.0677e-06 | PDE: 1.0336e+00 | Val: 3.7854e-06 | Test: 2.8909e-06 | 
Epoch  17/20 | Steps:  17000 | α=1e-04 | Loss: 1.0264e-04 | BC: 4.7738e-06 | PDE: 9.7870e-01 | Val: 5.2161e-06 | Test: 4.3711e-06 | 
Epoch  18/20 | Steps:  18000 | α=1e-04 | Loss: 1.2287e-04 | BC: 4.2666e-06 | PDE: 1.1860e+00 | Val: 8.5993e-06 | Test: 7.9246e-06 | 
Epoch  19/20 | Steps:  19000 | α=1e-04 | Loss: 1.1487e-04 | BC: 3.4004e-06 | PDE: 1.1147e+00 | Val: 7.1410e-06 | Test: 5.9226e-06 | 
Epoch  20/20 | Steps:  20000 | α=1e-04 | Loss: 9.8418e-05 | BC: 4.3331e-06 | PDE: 9.4085e-01 | Val: 3.5989e-06 | Test: 3.4690e-06 | 

Restored best model from epoch 5 (val_loss: 1.6905e-06, test_loss: 2.3781e-06)
Best checkpoint saved to: outputs/expr_7_2_iter/p150to500_square/fix_alpha_band1_1e-2/checkpoints/best_model.pt
Final checkpoint saved to: outputs/expr_7_2_iter/p150to500_square/fix_alpha_band1_1e-2/checkpoints/final_model.pt
Training completed in 169.52s (20,000 total steps)
  Stage 4 (p=400) PDE diagnostics:
    p-Lap (p=400) raw:        inf
    p-Lap (p=400) normalized: 5.1044e-03
    Inf-Lap raw:              1.6279e-03
    Inf-Lap normalized:       5.6964e-03

============================================================
Stage 5/5: Training with p=500
============================================================

Training configuration:
  Boundary points (train): 32,000 -> 80 batches of 400
  Interior points (train): 1,000,000 -> 1000 batches of 1000
  Interior sampling: RE-SAMPLE each epoch
  Boundary points (val): 8,000
  Validation loss: BC only
  Steps per epoch: 1,000
  Total steps: 20,000
  Epochs: 20
  Loss balancing: FixedAlphaSchedule
  LR scheduler: None (constant LR=1.0e-05)

Epoch   1/20 | Steps:   1000 | α=1e-04 | Loss: 2.2468e-04 | BC: 5.6261e-06 | PDE: 2.1905e+00 | Val: 6.6164e-06 | Test: 4.4023e-06 |  *
Epoch   2/20 | Steps:   2000 | α=1e-04 | Loss: 3.4494e-04 | BC: 6.7581e-06 | PDE: 3.3818e+00 | Val: 9.3024e-06 | Test: 5.9865e-06 | 
Epoch   3/20 | Steps:   3000 | α=1e-04 | Loss: 2.6195e-04 | BC: 4.2987e-06 | PDE: 2.5765e+00 | Val: 3.7573e-06 | Test: 2.9246e-06 |  *
Epoch   4/20 | Steps:   4000 | α=1e-04 | Loss: 2.0509e-04 | BC: 4.9982e-06 | PDE: 2.0010e+00 | Val: 3.4379e-06 | Test: 3.2491e-06 |  *
Epoch   5/20 | Steps:   5000 | α=1e-04 | Loss: 3.5667e-04 | BC: 5.4549e-06 | PDE: 3.5121e+00 | Val: 4.9883e-06 | Test: 3.8430e-06 | 
Epoch   6/20 | Steps:   6000 | α=1e-04 | Loss: 1.9030e-04 | BC: 3.6718e-06 | PDE: 1.8663e+00 | Val: 1.8103e-06 | Test: 2.0400e-06 |  *
Epoch   7/20 | Steps:   7000 | α=1e-04 | Loss: 2.0194e-04 | BC: 4.3623e-06 | PDE: 1.9758e+00 | Val: 1.0442e-05 | Test: 8.0468e-06 | 
Epoch   8/20 | Steps:   8000 | α=1e-04 | Loss: 1.7850e-04 | BC: 6.7062e-06 | PDE: 1.7180e+00 | Val: 4.1814e-06 | Test: 4.3831e-06 | 
Epoch   9/20 | Steps:   9000 | α=1e-04 | Loss: 2.3301e-04 | BC: 5.1605e-06 | PDE: 2.2785e+00 | Val: 3.5262e-06 | Test: 3.0362e-06 | 
Epoch  10/20 | Steps:  10000 | α=1e-04 | Loss: 2.7080e-04 | BC: 4.9595e-06 | PDE: 2.6584e+00 | Val: 1.3415e-05 | Test: 8.6533e-06 | 
Epoch  11/20 | Steps:  11000 | α=1e-04 | Loss: 2.2473e-04 | BC: 6.8143e-06 | PDE: 2.1791e+00 | Val: 8.6209e-06 | Test: 5.7775e-06 | 
Epoch  12/20 | Steps:  12000 | α=1e-04 | Loss: 1.9534e-04 | BC: 4.9852e-06 | PDE: 1.9035e+00 | Val: 7.6947e-06 | Test: 5.4612e-06 | 
Epoch  13/20 | Steps:  13000 | α=1e-04 | Loss: 2.3159e-04 | BC: 5.3534e-06 | PDE: 2.2624e+00 | Val: 6.8498e-06 | Test: 5.6295e-06 | 
Epoch  14/20 | Steps:  14000 | α=1e-04 | Loss: 2.0942e-04 | BC: 3.8230e-06 | PDE: 2.0560e+00 | Val: 4.5059e-06 | Test: 3.4123e-06 | 
Epoch  15/20 | Steps:  15000 | α=1e-04 | Loss: 2.8235e-04 | BC: 5.8002e-06 | PDE: 2.7655e+00 | Val: 4.7675e-06 | Test: 4.3471e-06 | 
Epoch  16/20 | Steps:  16000 | α=1e-04 | Loss: 2.0212e-04 | BC: 4.4019e-06 | PDE: 1.9772e+00 | Val: 2.8805e-06 | Test: 2.4980e-06 | 
Epoch  17/20 | Steps:  17000 | α=1e-04 | Loss: 2.1418e-04 | BC: 5.2640e-06 | PDE: 2.0892e+00 | Val: 5.0707e-06 | Test: 4.1180e-06 | 
Epoch  18/20 | Steps:  18000 | α=1e-04 | Loss: 2.2517e-04 | BC: 4.0896e-06 | PDE: 2.2108e+00 | Val: 5.0426e-06 | Test: 4.5927e-06 | 
Epoch  19/20 | Steps:  19000 | α=1e-04 | Loss: 2.1620e-04 | BC: 5.0240e-06 | PDE: 2.1117e+00 | Val: 3.7207e-06 | Test: 3.0120e-06 | 
Epoch  20/20 | Steps:  20000 | α=1e-04 | Loss: 2.8925e-04 | BC: 5.1353e-06 | PDE: 2.8411e+00 | Val: 3.1187e-06 | Test: 2.7007e-06 | 

Restored best model from epoch 6 (val_loss: 1.8103e-06, test_loss: 2.0400e-06)
Best checkpoint saved to: outputs/expr_7_2_iter/p150to500_square/fix_alpha_band1_1e-2/checkpoints/best_model.pt
Final checkpoint saved to: outputs/expr_7_2_iter/p150to500_square/fix_alpha_band1_1e-2/checkpoints/final_model.pt
Training completed in 192.14s (20,000 total steps)
  Stage 5 (p=500) PDE diagnostics:
    p-Lap (p=500) raw:        inf
    p-Lap (p=500) normalized: 4.9964e-03
    Inf-Lap raw:              1.5186e-03
    Inf-Lap normalized:       5.4551e-03

Iterative training completed in 876.28s
Total epochs: 100

Final Test MSE: 2.7007e-06
Inference (per point): 7.8042e-05s | (full domain): 7.7248e-05s
p-Lap (p=500) PDE test (raw):        inf
p-Lap (p=500) PDE test (normalized): 4.9964e-03
Inf-Lap PDE test (raw):                    1.5186e-03
Inf-Lap PDE test (normalized):             5.4551e-03
Saved .npz files to outputs/expr_7_2_iter/p150to500_square/fix_alpha_band1_1e-2/npy/
Saved plot to outputs/expr_7_2_iter/p150to500_square/fix_alpha_band1_1e-2/plots/results.png
