
============================================================
p-Laplacian Aronsson Example
============================================================

Generated full domain data:
  Boundary points: 40,000
  Interior points: 1,000,000
  Test points: 10,000
Re-sampling enabled: ~1,000,000 interior points per epoch

Splitting data: 80% train, 20% validation
  BC: 32,000 train, 8,000 val
  Interior: 800,000 train, 200,000 val

Model: PLaplacianPINN on Square [-1,1]²
  Hidden layers: [128, 128, 128, 128], activation: tanh
  η=1e-05, clip_residual=0.0, clip_grad_norm=0.0
  Outlier removal: top 2.0%
  Parameters: 50,049

Training configuration:
  Boundary points (train): 32,000 -> 80 batches of 400
  Interior points (train): 1,000,000 -> 1000 batches of 1000
  Interior sampling: RE-SAMPLE each epoch
  Boundary points (val): 8,000
  Validation loss: BC only
  Steps per epoch: 1,000
  Total steps: 100,000
  Epochs: 100
  Loss balancing: AlphaPlateauScheduler
  LR scheduler: cosine (LR: 1.0e-03 -> 1.0e-05)

/usr/local/lib/python3.12/dist-packages/torch/autograd/graph.py:824: UserWarning: Attempting to run cuBLAS, but there was no current CUDA context! Attempting to set the primary context... (Triggered internally at /opt/pytorch/pytorch/aten/src/ATen/cuda/CublasHandlePool.cpp:181.)
  return Variable._execution_engine.run_backward(  # Calls into the C++ engine to run the backward pass
Epoch   1/100 | Steps:   1000 | α=1e-05 | Loss: 2.9504e-02 | BC: 2.6846e-02 | PDE: 2.6579e+02 | Val: 5.7805e-04 | Test: 1.2485e-03 | LR=1.0e-03 *
Epoch   2/100 | Steps:   2000 | α=1e-05 | Loss: 9.6629e-04 | BC: 3.9075e-04 | PDE: 5.7553e+01 | Val: 3.6757e-04 | Test: 6.3030e-04 | LR=1.0e-03 *
Epoch   3/100 | Steps:   3000 | α=1e-05 | Loss: 6.3654e-04 | BC: 2.8237e-04 | PDE: 3.5417e+01 | Val: 9.5046e-05 | Test: 3.1123e-04 | LR=1.0e-03 *
Epoch   4/100 | Steps:   4000 | α=1e-05 | Loss: 5.1657e-04 | BC: 2.4941e-04 | PDE: 2.6716e+01 | Val: 6.7535e-05 | Test: 2.2519e-04 | LR=1.0e-03 *
Epoch   5/100 | Steps:   5000 | α=1e-05 | Loss: 5.0425e-04 | BC: 2.4134e-04 | PDE: 2.6291e+01 | Val: 9.0471e-04 | Test: 9.3090e-04 | LR=1.0e-03
Epoch   6/100 | Steps:   6000 | α=1e-05 | Loss: 4.7878e-04 | BC: 2.3673e-04 | PDE: 2.4205e+01 | Val: 9.5401e-05 | Test: 2.6887e-04 | LR=9.9e-04
Epoch   7/100 | Steps:   7000 | α=1e-05 | Loss: 4.2972e-04 | BC: 2.1544e-04 | PDE: 2.1428e+01 | Val: 1.2172e-04 | Test: 2.3917e-04 | LR=9.9e-04
Epoch   8/100 | Steps:   8000 | α=1e-05 | Loss: 3.7241e-04 | BC: 1.8853e-04 | PDE: 1.8388e+01 | Val: 3.9525e-04 | Test: 3.7750e-04 | LR=9.9e-04
Epoch   9/100 | Steps:   9000 | α=1e-05 | Loss: 3.7308e-04 | BC: 1.9463e-04 | PDE: 1.7844e+01 | Val: 7.4455e-05 | Test: 2.1211e-04 | LR=9.8e-04
Epoch  10/100 | Steps:  10000 | α=1e-05 | Loss: 3.4902e-04 | BC: 1.8704e-04 | PDE: 1.6198e+01 | Val: 3.4164e-04 | Test: 4.1853e-04 | LR=9.8e-04
Epoch  11/100 | Steps:  11000 | α=1e-05 | Loss: 3.3451e-04 | BC: 1.7574e-04 | PDE: 1.5877e+01 | Val: 6.9373e-05 | Test: 2.0297e-04 | LR=9.8e-04
Epoch  12/100 | Steps:  12000 | α=1e-05 | Loss: 3.0751e-04 | BC: 1.6229e-04 | PDE: 1.4522e+01 | Val: 2.3289e-04 | Test: 3.2149e-04 | LR=9.7e-04
Epoch  13/100 | Steps:  13000 | α=1e-05 | Loss: 2.9041e-04 | BC: 1.5437e-04 | PDE: 1.3604e+01 | Val: 7.0499e-05 | Test: 1.8159e-04 | LR=9.7e-04
Epoch  14/100 | Steps:  14000 | α=1e-05 | Loss: 3.0086e-04 | BC: 1.5978e-04 | PDE: 1.4108e+01 | Val: 5.4833e-05 | Test: 1.6458e-04 | LR=9.6e-04 *
Epoch  15/100 | Steps:  15000 | α=1e-05 | Loss: 2.5330e-04 | BC: 1.2952e-04 | PDE: 1.2378e+01 | Val: 9.0572e-05 | Test: 1.9051e-04 | LR=9.5e-04
Epoch  16/100 | Steps:  16000 | α=1e-05 | Loss: 2.7149e-04 | BC: 1.4234e-04 | PDE: 1.2916e+01 | Val: 4.0788e-04 | Test: 5.1951e-04 | LR=9.5e-04
Epoch  17/100 | Steps:  17000 | α=1e-05 | Loss: 2.4626e-04 | BC: 1.3150e-04 | PDE: 1.1476e+01 | Val: 8.7689e-05 | Test: 1.8889e-04 | LR=9.4e-04
Epoch  18/100 | Steps:  18000 | α=1e-05 | Loss: 2.3647e-04 | BC: 1.2375e-04 | PDE: 1.1272e+01 | Val: 7.5383e-05 | Test: 1.6634e-04 | LR=9.3e-04
Epoch  19/100 | Steps:  19000 | α=1e-05 | Loss: 2.0951e-04 | BC: 1.1622e-04 | PDE: 9.3298e+00 | Val: 1.6647e-04 | Test: 3.2440e-04 | LR=9.2e-04

>>> Alpha increased: 1e-05 → 1e-04 (BC=1.2916e-04) <<<
Epoch  20/100 | Steps:  20000 | α=1e-04 | Loss: 2.4365e-04 | BC: 1.2916e-04 | PDE: 1.1448e+01 | Val: 1.0227e-04 | Test: 2.0646e-04 | LR=9.1e-04 *
Epoch  21/100 | Steps:  21000 | α=1e-04 | Loss: 5.2424e-03 | BC: 2.7082e-03 | PDE: 2.5342e+01 | Val: 8.9135e-05 | Test: 2.1223e-04 | LR=9.1e-04 *
Epoch  22/100 | Steps:  22000 | α=1e-04 | Loss: 1.2025e-03 | BC: 3.5509e-04 | PDE: 8.4739e+00 | Val: 6.8817e-05 | Test: 1.7101e-04 | LR=9.0e-04 *
Epoch  23/100 | Steps:  23000 | α=1e-04 | Loss: 1.1475e-03 | BC: 3.3333e-04 | PDE: 8.1422e+00 | Val: 2.0095e-04 | Test: 2.6821e-04 | LR=8.9e-04
Epoch  24/100 | Steps:  24000 | α=1e-04 | Loss: 9.5182e-04 | BC: 2.6538e-04 | PDE: 6.8644e+00 | Val: 2.0207e-04 | Test: 2.9328e-04 | LR=8.8e-04
Epoch  25/100 | Steps:  25000 | α=1e-04 | Loss: 8.4694e-04 | BC: 2.2426e-04 | PDE: 6.2268e+00 | Val: 1.5133e-04 | Test: 2.1257e-04 | LR=8.7e-04
Epoch  26/100 | Steps:  26000 | α=1e-04 | Loss: 8.6355e-04 | BC: 2.3901e-04 | PDE: 6.2454e+00 | Val: 8.4408e-05 | Test: 1.7921e-04 | LR=8.6e-04
Epoch  27/100 | Steps:  27000 | α=1e-04 | Loss: 7.8309e-04 | BC: 2.1230e-04 | PDE: 5.7079e+00 | Val: 8.3974e-05 | Test: 1.9673e-04 | LR=8.4e-04
Epoch  28/100 | Steps:  28000 | α=1e-04 | Loss: 8.0650e-04 | BC: 2.2002e-04 | PDE: 5.8648e+00 | Val: 9.1172e-05 | Test: 1.7196e-04 | LR=8.3e-04
Epoch  29/100 | Steps:  29000 | α=1e-04 | Loss: 7.8698e-04 | BC: 2.2286e-04 | PDE: 5.6412e+00 | Val: 1.3942e-03 | Test: 1.0480e-03 | LR=8.2e-04
Epoch  30/100 | Steps:  30000 | α=1e-04 | Loss: 7.2304e-04 | BC: 2.1187e-04 | PDE: 5.1116e+00 | Val: 8.6264e-05 | Test: 1.6940e-04 | LR=8.1e-04
Epoch  31/100 | Steps:  31000 | α=1e-04 | Loss: 6.4466e-04 | BC: 1.7216e-04 | PDE: 4.7250e+00 | Val: 1.1889e-04 | Test: 2.0410e-04 | LR=8.0e-04
Epoch  32/100 | Steps:  32000 | α=1e-04 | Loss: 6.0070e-04 | BC: 1.6139e-04 | PDE: 4.3931e+00 | Val: 1.0325e-04 | Test: 2.1176e-04 | LR=7.8e-04
Epoch  33/100 | Steps:  33000 | α=1e-04 | Loss: 6.1066e-04 | BC: 1.6051e-04 | PDE: 4.5014e+00 | Val: 6.9335e-05 | Test: 1.6129e-04 | LR=7.7e-04
Epoch  34/100 | Steps:  34000 | α=1e-04 | Loss: 5.4378e-04 | BC: 1.4604e-04 | PDE: 3.9775e+00 | Val: 1.2013e-04 | Test: 2.1467e-04 | LR=7.6e-04
Epoch  35/100 | Steps:  35000 | α=1e-04 | Loss: 5.4788e-04 | BC: 1.4854e-04 | PDE: 3.9934e+00 | Val: 5.1313e-05 | Test: 1.4645e-04 | LR=7.4e-04 *
Epoch  36/100 | Steps:  36000 | α=1e-04 | Loss: 4.7905e-04 | BC: 1.2640e-04 | PDE: 3.5265e+00 | Val: 8.2824e-05 | Test: 1.8594e-04 | LR=7.3e-04
Epoch  37/100 | Steps:  37000 | α=1e-04 | Loss: 5.1282e-04 | BC: 1.3316e-04 | PDE: 3.7966e+00 | Val: 9.9042e-05 | Test: 1.7022e-04 | LR=7.2e-04
Epoch  38/100 | Steps:  38000 | α=1e-04 | Loss: 4.4069e-04 | BC: 1.1625e-04 | PDE: 3.2445e+00 | Val: 7.6889e-05 | Test: 1.8911e-04 | LR=7.0e-04
Epoch  39/100 | Steps:  39000 | α=1e-04 | Loss: 4.2898e-04 | BC: 1.1291e-04 | PDE: 3.1608e+00 | Val: 1.0286e-04 | Test: 2.1592e-04 | LR=6.9e-04
Epoch  40/100 | Steps:  40000 | α=1e-04 | Loss: 4.0378e-04 | BC: 1.0685e-04 | PDE: 2.9693e+00 | Val: 5.7784e-05 | Test: 1.7639e-04 | LR=6.7e-04
Epoch  41/100 | Steps:  41000 | α=1e-04 | Loss: 3.2532e-04 | BC: 8.2270e-05 | PDE: 2.4305e+00 | Val: 1.0647e-04 | Test: 2.2290e-04 | LR=6.6e-04
Epoch  42/100 | Steps:  42000 | α=1e-04 | Loss: 3.6931e-04 | BC: 9.4459e-05 | PDE: 2.7485e+00 | Val: 1.0677e-04 | Test: 2.2081e-04 | LR=6.4e-04
Epoch  43/100 | Steps:  43000 | α=1e-04 | Loss: 3.6254e-04 | BC: 9.4211e-05 | PDE: 2.6833e+00 | Val: 1.3751e-04 | Test: 2.3198e-04 | LR=6.3e-04
Epoch  44/100 | Steps:  44000 | α=1e-04 | Loss: 3.3071e-04 | BC: 8.3553e-05 | PDE: 2.4715e+00 | Val: 5.6410e-05 | Test: 1.6484e-04 | LR=6.1e-04
Epoch  45/100 | Steps:  45000 | α=1e-04 | Loss: 3.2953e-04 | BC: 9.0422e-05 | PDE: 2.3910e+00 | Val: 4.3562e-05 | Test: 1.4313e-04 | LR=6.0e-04 *

>>> Alpha increased: 1e-04 → 1e-03 (BC=6.7698e-05) <<<
Epoch  46/100 | Steps:  46000 | α=1e-03 | Loss: 2.7233e-04 | BC: 6.7698e-05 | PDE: 2.0463e+00 | Val: 1.1603e-04 | Test: 2.3223e-04 | LR=5.8e-04 *
Epoch  47/100 | Steps:  47000 | α=1e-03 | Loss: 7.2053e-03 | BC: 2.8270e-03 | PDE: 4.3783e+00 | Val: 5.6020e-04 | Test: 5.2305e-04 | LR=5.7e-04
Epoch  48/100 | Steps:  48000 | α=1e-03 | Loss: 3.6257e-03 | BC: 1.0963e-03 | PDE: 2.5294e+00 | Val: 1.0455e-03 | Test: 7.7031e-04 | LR=5.5e-04
Epoch  49/100 | Steps:  49000 | α=1e-03 | Loss: 2.5932e-03 | BC: 7.0262e-04 | PDE: 1.8906e+00 | Val: 3.5281e-04 | Test: 3.4653e-04 | LR=5.4e-04
Epoch  50/100 | Steps:  50000 | α=1e-03 | Loss: 2.6970e-03 | BC: 7.2128e-04 | PDE: 1.9757e+00 | Val: 8.7167e-04 | Test: 6.4061e-04 | LR=5.2e-04
Epoch  51/100 | Steps:  51000 | α=1e-03 | Loss: 2.1752e-03 | BC: 5.6080e-04 | PDE: 1.6144e+00 | Val: 2.3767e-04 | Test: 2.6911e-04 | LR=5.1e-04
Epoch  52/100 | Steps:  52000 | α=1e-03 | Loss: 2.3096e-03 | BC: 5.9516e-04 | PDE: 1.7144e+00 | Val: 6.0362e-04 | Test: 4.8206e-04 | LR=4.9e-04
Epoch  53/100 | Steps:  53000 | α=1e-03 | Loss: 2.0864e-03 | BC: 4.9779e-04 | PDE: 1.5886e+00 | Val: 7.4646e-04 | Test: 6.0508e-04 | LR=4.7e-04
Epoch  54/100 | Steps:  54000 | α=1e-03 | Loss: 1.9214e-03 | BC: 4.7730e-04 | PDE: 1.4441e+00 | Val: 1.7671e-04 | Test: 2.2900e-04 | LR=4.6e-04
Epoch  55/100 | Steps:  55000 | α=1e-03 | Loss: 1.6659e-03 | BC: 3.7062e-04 | PDE: 1.2953e+00 | Val: 4.2045e-04 | Test: 4.0023e-04 | LR=4.4e-04
Epoch  56/100 | Steps:  56000 | α=1e-03 | Loss: 1.6890e-03 | BC: 3.8315e-04 | PDE: 1.3059e+00 | Val: 3.7615e-04 | Test: 3.6623e-04 | LR=4.3e-04
Epoch  57/100 | Steps:  57000 | α=1e-03 | Loss: 1.6026e-03 | BC: 3.4864e-04 | PDE: 1.2540e+00 | Val: 1.3426e-04 | Test: 2.0347e-04 | LR=4.1e-04
Epoch  58/100 | Steps:  58000 | α=1e-03 | Loss: 1.4743e-03 | BC: 3.1298e-04 | PDE: 1.1613e+00 | Val: 1.3327e-04 | Test: 2.0807e-04 | LR=4.0e-04
Epoch  59/100 | Steps:  59000 | α=1e-03 | Loss: 1.3898e-03 | BC: 2.7958e-04 | PDE: 1.1102e+00 | Val: 1.3074e-04 | Test: 2.0450e-04 | LR=3.8e-04
Epoch  60/100 | Steps:  60000 | α=1e-03 | Loss: 1.1397e-03 | BC: 2.1417e-04 | PDE: 9.2554e-01 | Val: 5.0089e-04 | Test: 4.6774e-04 | LR=3.7e-04
Epoch  61/100 | Steps:  61000 | α=1e-03 | Loss: 1.1488e-03 | BC: 2.2877e-04 | PDE: 9.2006e-01 | Val: 1.0685e-04 | Test: 1.9143e-04 | LR=3.5e-04 *
Epoch  62/100 | Steps:  62000 | α=1e-03 | Loss: 1.1154e-03 | BC: 2.0952e-04 | PDE: 9.0584e-01 | Val: 4.2965e-04 | Test: 4.2788e-04 | LR=3.4e-04
Epoch  63/100 | Steps:  63000 | α=1e-03 | Loss: 1.0798e-03 | BC: 2.1642e-04 | PDE: 8.6334e-01 | Val: 7.1996e-05 | Test: 1.5652e-04 | LR=3.2e-04 *
Epoch  64/100 | Steps:  64000 | α=1e-03 | Loss: 6.2425e-04 | BC: 1.1143e-04 | PDE: 5.1281e-01 | Val: 9.2002e-05 | Test: 1.8551e-04 | LR=3.1e-04
Epoch  65/100 | Steps:  65000 | α=1e-03 | Loss: 7.5932e-04 | BC: 1.3545e-04 | PDE: 6.2387e-01 | Val: 6.8377e-05 | Test: 1.6282e-04 | LR=2.9e-04 *
Epoch  66/100 | Steps:  66000 | α=1e-03 | Loss: 7.0735e-04 | BC: 1.2807e-04 | PDE: 5.7927e-01 | Val: 6.9473e-05 | Test: 1.6604e-04 | LR=2.8e-04
Epoch  67/100 | Steps:  67000 | α=1e-03 | Loss: 6.2696e-04 | BC: 1.0474e-04 | PDE: 5.2222e-01 | Val: 8.3537e-05 | Test: 1.8246e-04 | LR=2.7e-04
Epoch  68/100 | Steps:  68000 | α=1e-03 | Loss: 5.3305e-04 | BC: 8.3896e-05 | PDE: 4.4916e-01 | Val: 7.1504e-05 | Test: 1.7633e-04 | LR=2.5e-04
Epoch  69/100 | Steps:  69000 | α=1e-03 | Loss: 4.8068e-04 | BC: 7.9224e-05 | PDE: 4.0145e-01 | Val: 1.3734e-04 | Test: 2.4535e-04 | LR=2.4e-04
Epoch  70/100 | Steps:  70000 | α=1e-03 | Loss: 3.7866e-04 | BC: 7.0053e-05 | PDE: 3.0861e-01 | Val: 5.7433e-05 | Test: 1.6102e-04 | LR=2.3e-04 *
Epoch  71/100 | Steps:  71000 | α=1e-03 | Loss: 5.1821e-04 | BC: 8.7017e-05 | PDE: 4.3120e-01 | Val: 4.7742e-05 | Test: 1.4621e-04 | LR=2.1e-04 *
Epoch  72/100 | Steps:  72000 | α=1e-03 | Loss: 3.5249e-04 | BC: 6.2503e-05 | PDE: 2.8998e-01 | Val: 1.7996e-04 | Test: 2.7408e-04 | LR=2.0e-04
Epoch  73/100 | Steps:  73000 | α=1e-03 | Loss: 3.0902e-04 | BC: 5.6853e-05 | PDE: 2.5217e-01 | Val: 4.8900e-05 | Test: 1.5750e-04 | LR=1.9e-04
Epoch  74/100 | Steps:  74000 | α=1e-03 | Loss: 2.3677e-04 | BC: 4.6504e-05 | PDE: 1.9026e-01 | Val: 4.6493e-05 | Test: 1.5829e-04 | LR=1.8e-04 *
Epoch  75/100 | Steps:  75000 | α=1e-03 | Loss: 2.2036e-04 | BC: 4.4689e-05 | PDE: 1.7567e-01 | Val: 4.9963e-05 | Test: 1.6654e-04 | LR=1.7e-04
Epoch  76/100 | Steps:  76000 | α=1e-03 | Loss: 1.9612e-04 | BC: 4.1433e-05 | PDE: 1.5469e-01 | Val: 4.8989e-05 | Test: 1.6530e-04 | LR=1.5e-04
Epoch  77/100 | Steps:  77000 | α=1e-03 | Loss: 1.8289e-04 | BC: 4.0646e-05 | PDE: 1.4224e-01 | Val: 4.0238e-05 | Test: 1.5129e-04 | LR=1.4e-04 *
Epoch  78/100 | Steps:  78000 | α=1e-03 | Loss: 1.6260e-04 | BC: 3.8251e-05 | PDE: 1.2435e-01 | Val: 3.5101e-05 | Test: 1.4277e-04 | LR=1.3e-04 *
Epoch  79/100 | Steps:  79000 | α=1e-03 | Loss: 1.4192e-04 | BC: 3.6483e-05 | PDE: 1.0544e-01 | Val: 3.4013e-05 | Test: 1.4056e-04 | LR=1.2e-04 *
Epoch  80/100 | Steps:  80000 | α=1e-03 | Loss: 1.2768e-04 | BC: 3.5046e-05 | PDE: 9.2633e-02 | Val: 3.7804e-05 | Test: 1.5466e-04 | LR=1.1e-04
Epoch  81/100 | Steps:  81000 | α=1e-03 | Loss: 1.2054e-04 | BC: 3.4625e-05 | PDE: 8.5916e-02 | Val: 3.3481e-05 | Test: 1.4458e-04 | LR=1.0e-04 *
Epoch  82/100 | Steps:  82000 | α=1e-03 | Loss: 1.1557e-04 | BC: 3.4127e-05 | PDE: 8.1439e-02 | Val: 3.2700e-05 | Test: 1.4257e-04 | LR=9.6e-05 *
Epoch  83/100 | Steps:  83000 | α=1e-03 | Loss: 9.6433e-05 | BC: 3.2712e-05 | PDE: 6.3721e-02 | Val: 3.4900e-05 | Test: 1.5306e-04 | LR=8.7e-05

>>> Alpha increased: 1e-03 → 1e-02 (BC=3.2248e-05) <<<
Epoch  84/100 | Steps:  84000 | α=1e-02 | Loss: 9.3303e-05 | BC: 3.2248e-05 | PDE: 6.1056e-02 | Val: 3.9993e-05 | Test: 1.6447e-04 | LR=7.9e-05 *
Epoch  85/100 | Steps:  85000 | α=1e-02 | Loss: 2.1502e-03 | BC: 4.3719e-04 | PDE: 1.7130e-01 | Val: 2.2953e-04 | Test: 3.3005e-04 | LR=7.1e-05
Epoch  86/100 | Steps:  86000 | α=1e-02 | Loss: 1.1193e-03 | BC: 1.7772e-04 | PDE: 9.4160e-02 | Val: 1.4071e-04 | Test: 2.6401e-04 | LR=6.4e-05
Epoch  87/100 | Steps:  87000 | α=1e-02 | Loss: 7.7349e-04 | BC: 1.1802e-04 | PDE: 6.5547e-02 | Val: 1.1581e-04 | Test: 2.4276e-04 | LR=5.7e-05
Epoch  88/100 | Steps:  88000 | α=1e-02 | Loss: 6.6881e-04 | BC: 9.7053e-05 | PDE: 5.7176e-02 | Val: 1.1302e-04 | Test: 2.4054e-04 | LR=5.1e-05
Epoch  89/100 | Steps:  89000 | α=1e-02 | Loss: 5.9596e-04 | BC: 8.5409e-05 | PDE: 5.1055e-02 | Val: 8.3976e-05 | Test: 2.1562e-04 | LR=4.5e-05
Epoch  90/100 | Steps:  90000 | α=1e-02 | Loss: 5.2348e-04 | BC: 7.3130e-05 | PDE: 4.5035e-02 | Val: 7.0373e-05 | Test: 2.0233e-04 | LR=3.9e-05
Epoch  91/100 | Steps:  91000 | α=1e-02 | Loss: 4.3982e-04 | BC: 6.3117e-05 | PDE: 3.7670e-02 | Val: 6.3376e-05 | Test: 1.9568e-04 | LR=3.4e-05
Epoch  92/100 | Steps:  92000 | α=1e-02 | Loss: 3.9828e-04 | BC: 5.7469e-05 | PDE: 3.4082e-02 | Val: 5.5401e-05 | Test: 1.8748e-04 | LR=3.0e-05
Epoch  93/100 | Steps:  93000 | α=1e-02 | Loss: 3.6281e-04 | BC: 5.2919e-05 | PDE: 3.0989e-02 | Val: 5.1241e-05 | Test: 1.8314e-04 | LR=2.6e-05
Epoch  94/100 | Steps:  94000 | α=1e-02 | Loss: 3.3118e-04 | BC: 4.8651e-05 | PDE: 2.8252e-02 | Val: 4.9921e-05 | Test: 1.8231e-04 | LR=2.2e-05
Epoch  95/100 | Steps:  95000 | α=1e-02 | Loss: 3.1469e-04 | BC: 4.7225e-05 | PDE: 2.6747e-02 | Val: 4.8953e-05 | Test: 1.8194e-04 | LR=1.9e-05
Epoch  96/100 | Steps:  96000 | α=1e-02 | Loss: 2.8530e-04 | BC: 4.5545e-05 | PDE: 2.3976e-02 | Val: 4.5964e-05 | Test: 1.7832e-04 | LR=1.6e-05
Epoch  97/100 | Steps:  97000 | α=1e-02 | Loss: 2.6882e-04 | BC: 4.3752e-05 | PDE: 2.2507e-02 | Val: 4.4781e-05 | Test: 1.7727e-04 | LR=1.4e-05
Epoch  98/100 | Steps:  98000 | α=1e-02 | Loss: 2.5949e-04 | BC: 4.2908e-05 | PDE: 2.1658e-02 | Val: 4.4079e-05 | Test: 1.7667e-04 | LR=1.2e-05

>>> Alpha increased: 1e-02 → 1e-01 (BC=4.2349e-05) <<<
Epoch  99/100 | Steps:  99000 | α=1e-01 | Loss: 2.5227e-04 | BC: 4.2349e-05 | PDE: 2.0992e-02 | Val: 4.3348e-05 | Test: 1.7573e-04 | LR=1.1e-05 *
Epoch 100/100 | Steps: 100000 | α=1e-01 | Loss: 2.1371e-03 | BC: 1.0756e-04 | PDE: 2.0295e-02 | Val: 1.8122e-04 | Test: 3.0754e-04 | LR=1.0e-05

Restored best model from epoch 99 (val_loss: 4.3348e-05, test_loss: 1.7573e-04)
Best checkpoint saved to: outputs/expr_6_3_simple/p10_square/clip0_gradclip0/checkpoints/best_model.pt
Final checkpoint saved to: outputs/expr_6_3_simple/p10_square/clip0_gradclip0/checkpoints/final_model.pt
Training completed in 1053.06s (100,000 total steps)

Final Test MSE: 3.0754e-04
Inference (per point): 1.6085e-04s | (full domain): 1.5968e-04s
p-Lap (p=10) PDE test (raw):        1.3512e-01
p-Lap (p=10) PDE test (normalized): 2.8474e-02
Inf-Lap PDE test (raw):                    1.2186e-01
Inf-Lap PDE test (normalized):             1.2212e-01
Saved .npz files to outputs/expr_6_3_simple/p10_square/clip0_gradclip0/npy/
Saved plot to outputs/expr_6_3_simple/p10_square/clip0_gradclip0/plots/results.png
