
============================================================
Running Example: absolute
============================================================

Generated full domain data:
  Boundary points: 40,000
  Interior points: 1,000,000
  Test points: 10,000
Re-sampling enabled: ~1,000,000 interior points per epoch

Splitting data: 80% train, 20% validation
  BC: 32,000 train, 8,000 val
  Interior: 800,000 train, 200,000 val

Model: InfinityLaplacianPINN
  Hidden layers: [128, 128, 128, 128]
  Activation: tanh
  η: 1e-05 (normalized)
  Residual clipping: [-10.0, 10.0]
  Outlier removal: top 2.0%
  Parameters: 50,049

Training configuration:
  Boundary points (train): 32,000 -> 80 batches of 400
  Interior points (train): 1,000,000 -> 1000 batches of 1000
  Interior sampling: RE-SAMPLE each epoch
  Boundary points (val): 8,000
  Validation loss: BC only
  Steps per epoch: 1,000
  Total steps: 100,000
  Epochs: 100
  Loss balancing: ReLoBRaLo
  LR scheduler: cosine (LR: 1.0e-03 -> 1.0e-05)

/usr/local/lib/python3.12/dist-packages/torch/autograd/graph.py:824: UserWarning: Attempting to run cuBLAS, but there was no current CUDA context! Attempting to set the primary context... (Triggered internally at /opt/pytorch/pytorch/aten/src/ATen/cuda/CublasHandlePool.cpp:181.)
  return Variable._execution_engine.run_backward(  # Calls into the C++ engine to run the backward pass
Epoch   1/100 | Steps:   1000 | w_bc=0.97 w_pde=1.03 | Loss: 1.7214e-01 | BC: 1.5894e-01 | PDE: 1.7626e-02 | Val: 1.3436e-01 | Test: 1.1307e-01 | LR=1.0e-03 *
Epoch   2/100 | Steps:   2000 | w_bc=0.86 w_pde=1.14 | Loss: 1.2579e-01 | BC: 1.0295e-01 | PDE: 2.6669e-02 | Val: 2.4488e-02 | Test: 4.4246e-01 | LR=1.0e-03 *
Epoch   3/100 | Steps:   3000 | w_bc=0.66 w_pde=1.34 | Loss: 3.4676e-02 | BC: 1.0689e-02 | PDE: 2.1331e-02 | Val: 8.1208e-03 | Test: 6.1684e-01 | LR=1.0e-03 *
Epoch   4/100 | Steps:   4000 | w_bc=0.62 w_pde=1.38 | Loss: 2.4113e-02 | BC: 6.9255e-03 | PDE: 1.4422e-02 | Val: 5.9256e-03 | Test: 6.1516e-01 | LR=1.0e-03 *
Epoch   5/100 | Steps:   5000 | w_bc=0.61 w_pde=1.39 | Loss: 2.1335e-02 | BC: 5.8805e-03 | PDE: 1.2790e-02 | Val: 3.7764e-03 | Test: 6.3014e-01 | LR=1.0e-03 *
Epoch   6/100 | Steps:   6000 | w_bc=0.63 w_pde=1.37 | Loss: 1.8678e-02 | BC: 5.0779e-03 | PDE: 1.1261e-02 | Val: 3.4310e-03 | Test: 6.2897e-01 | LR=9.9e-04 *
Epoch   7/100 | Steps:   7000 | w_bc=0.66 w_pde=1.34 | Loss: 1.6265e-02 | BC: 4.0175e-03 | PDE: 1.0082e-02 | Val: 2.1017e-03 | Test: 6.3201e-01 | LR=9.9e-04 *
Epoch   8/100 | Steps:   8000 | w_bc=0.67 w_pde=1.33 | Loss: 1.3422e-02 | BC: 2.9958e-03 | PDE: 8.5689e-03 | Val: 2.0882e-03 | Test: 6.5255e-01 | LR=9.9e-04 *
Epoch   9/100 | Steps:   9000 | w_bc=0.69 w_pde=1.31 | Loss: 1.4876e-02 | BC: 3.4707e-03 | PDE: 9.4978e-03 | Val: 3.4337e-03 | Test: 6.0887e-01 | LR=9.8e-04
Epoch  10/100 | Steps:  10000 | w_bc=0.71 w_pde=1.29 | Loss: 1.0483e-02 | BC: 2.2377e-03 | PDE: 6.8711e-03 | Val: 1.3907e-03 | Test: 6.4291e-01 | LR=9.8e-04 *
Epoch  11/100 | Steps:  11000 | w_bc=0.72 w_pde=1.28 | Loss: 1.1243e-02 | BC: 2.2948e-03 | PDE: 7.4913e-03 | Val: 1.2583e-03 | Test: 6.1148e-01 | LR=9.8e-04 *
Epoch  12/100 | Steps:  12000 | w_bc=0.73 w_pde=1.27 | Loss: 1.2430e-02 | BC: 2.7665e-03 | PDE: 8.1950e-03 | Val: 5.1673e-03 | Test: 5.9987e-01 | LR=9.7e-04
Epoch  13/100 | Steps:  13000 | w_bc=0.76 w_pde=1.24 | Loss: 1.3053e-02 | BC: 2.8537e-03 | PDE: 8.7221e-03 | Val: 1.8055e-03 | Test: 6.1947e-01 | LR=9.7e-04
Epoch  14/100 | Steps:  14000 | w_bc=0.78 w_pde=1.22 | Loss: 1.0714e-02 | BC: 2.3056e-03 | PDE: 7.2485e-03 | Val: 1.2280e-03 | Test: 6.3531e-01 | LR=9.6e-04 *
Epoch  15/100 | Steps:  15000 | w_bc=0.79 w_pde=1.21 | Loss: 8.7241e-03 | BC: 1.7876e-03 | PDE: 6.0067e-03 | Val: 1.1723e-03 | Test: 6.2800e-01 | LR=9.5e-04 *
Epoch  16/100 | Steps:  16000 | w_bc=0.80 w_pde=1.20 | Loss: 9.0917e-03 | BC: 1.8668e-03 | PDE: 6.2923e-03 | Val: 1.4547e-03 | Test: 6.1020e-01 | LR=9.5e-04
Epoch  17/100 | Steps:  17000 | w_bc=0.82 w_pde=1.18 | Loss: 8.2318e-03 | BC: 1.7155e-03 | PDE: 5.7356e-03 | Val: 1.0045e-03 | Test: 6.2589e-01 | LR=9.4e-04 *
Epoch  18/100 | Steps:  18000 | w_bc=0.84 w_pde=1.16 | Loss: 8.0742e-03 | BC: 1.6561e-03 | PDE: 5.6739e-03 | Val: 3.3380e-03 | Test: 6.3606e-01 | LR=9.3e-04
Epoch  19/100 | Steps:  19000 | w_bc=0.82 w_pde=1.18 | Loss: 1.1693e-02 | BC: 2.2389e-03 | PDE: 8.4209e-03 | Val: 3.2559e-03 | Test: 6.2338e-01 | LR=9.2e-04
Epoch  20/100 | Steps:  20000 | w_bc=0.82 w_pde=1.18 | Loss: 8.7808e-03 | BC: 1.7695e-03 | PDE: 6.2258e-03 | Val: 1.6023e-03 | Test: 6.4410e-01 | LR=9.1e-04
Epoch  21/100 | Steps:  21000 | w_bc=0.81 w_pde=1.19 | Loss: 9.2244e-03 | BC: 1.7445e-03 | PDE: 6.5840e-03 | Val: 1.5943e-03 | Test: 5.9228e-01 | LR=9.1e-04
Epoch  22/100 | Steps:  22000 | w_bc=0.82 w_pde=1.18 | Loss: 9.8204e-03 | BC: 1.8871e-03 | PDE: 6.9574e-03 | Val: 1.0451e-03 | Test: 6.3123e-01 | LR=9.0e-04
Epoch  23/100 | Steps:  23000 | w_bc=0.83 w_pde=1.17 | Loss: 9.6762e-03 | BC: 1.9334e-03 | PDE: 6.8947e-03 | Val: 1.1970e-03 | Test: 6.1635e-01 | LR=8.9e-04
Epoch  24/100 | Steps:  24000 | w_bc=0.84 w_pde=1.16 | Loss: 7.2711e-03 | BC: 1.4527e-03 | PDE: 5.1873e-03 | Val: 1.3058e-03 | Test: 6.3513e-01 | LR=8.8e-04
Epoch  25/100 | Steps:  25000 | w_bc=0.84 w_pde=1.16 | Loss: 8.5271e-03 | BC: 1.6136e-03 | PDE: 6.1985e-03 | Val: 9.9446e-04 | Test: 6.1905e-01 | LR=8.7e-04 *
Epoch  26/100 | Steps:  26000 | w_bc=0.85 w_pde=1.15 | Loss: 6.1633e-03 | BC: 1.2117e-03 | PDE: 4.4374e-03 | Val: 8.7383e-04 | Test: 6.3863e-01 | LR=8.6e-04 *
Epoch  27/100 | Steps:  27000 | w_bc=0.88 w_pde=1.12 | Loss: 4.8088e-03 | BC: 1.0411e-03 | PDE: 3.4502e-03 | Val: 9.5131e-04 | Test: 6.2887e-01 | LR=8.4e-04
Epoch  28/100 | Steps:  28000 | w_bc=0.93 w_pde=1.07 | Loss: 5.6336e-03 | BC: 1.2429e-03 | PDE: 4.1592e-03 | Val: 2.8373e-03 | Test: 5.7026e-01 | LR=8.3e-04
Epoch  29/100 | Steps:  29000 | w_bc=0.96 w_pde=1.04 | Loss: 4.5465e-03 | BC: 1.0687e-03 | PDE: 3.3308e-03 | Val: 7.8323e-04 | Test: 6.2942e-01 | LR=8.2e-04 *
Epoch  30/100 | Steps:  30000 | w_bc=0.94 w_pde=1.06 | Loss: 4.6462e-03 | BC: 1.0225e-03 | PDE: 3.5153e-03 | Val: 7.9248e-04 | Test: 6.0471e-01 | LR=8.1e-04
Epoch  31/100 | Steps:  31000 | w_bc=0.98 w_pde=1.02 | Loss: 4.0236e-03 | BC: 9.4682e-04 | PDE: 2.9489e-03 | Val: 8.6131e-04 | Test: 6.4693e-01 | LR=8.0e-04
Epoch  32/100 | Steps:  32000 | w_bc=0.99 w_pde=1.01 | Loss: 3.3721e-03 | BC: 8.7587e-04 | PDE: 2.4775e-03 | Val: 7.6859e-04 | Test: 6.3831e-01 | LR=7.8e-04 *
Epoch  33/100 | Steps:  33000 | w_bc=1.00 w_pde=1.00 | Loss: 3.9677e-03 | BC: 9.5749e-04 | PDE: 3.0314e-03 | Val: 1.0470e-03 | Test: 5.9826e-01 | LR=7.7e-04
Epoch  34/100 | Steps:  34000 | w_bc=1.04 w_pde=0.96 | Loss: 3.1555e-03 | BC: 8.5989e-04 | PDE: 2.2988e-03 | Val: 6.8023e-04 | Test: 6.2199e-01 | LR=7.6e-04 *
Epoch  35/100 | Steps:  35000 | w_bc=1.02 w_pde=0.98 | Loss: 3.2838e-03 | BC: 8.7726e-04 | PDE: 2.4543e-03 | Val: 1.3080e-03 | Test: 6.3644e-01 | LR=7.4e-04
Epoch  36/100 | Steps:  36000 | w_bc=1.04 w_pde=0.96 | Loss: 3.0868e-03 | BC: 8.7130e-04 | PDE: 2.2542e-03 | Val: 9.3633e-04 | Test: 6.2322e-01 | LR=7.3e-04
Epoch  37/100 | Steps:  37000 | w_bc=1.02 w_pde=0.98 | Loss: 3.5858e-03 | BC: 8.7947e-04 | PDE: 2.7462e-03 | Val: 8.0714e-04 | Test: 6.2057e-01 | LR=7.2e-04
Epoch  38/100 | Steps:  38000 | w_bc=1.03 w_pde=0.97 | Loss: 2.7512e-03 | BC: 8.0485e-04 | PDE: 1.9786e-03 | Val: 6.9773e-04 | Test: 6.2532e-01 | LR=7.0e-04
Epoch  39/100 | Steps:  39000 | w_bc=1.07 w_pde=0.93 | Loss: 2.9650e-03 | BC: 8.1878e-04 | PDE: 2.1840e-03 | Val: 6.2935e-04 | Test: 6.4166e-01 | LR=6.9e-04 *
Epoch  40/100 | Steps:  40000 | w_bc=1.13 w_pde=0.87 | Loss: 1.9958e-03 | BC: 7.0766e-04 | PDE: 1.3709e-03 | Val: 5.9659e-04 | Test: 6.3229e-01 | LR=6.7e-04 *
Epoch  41/100 | Steps:  41000 | w_bc=1.10 w_pde=0.90 | Loss: 2.5368e-03 | BC: 7.3550e-04 | PDE: 1.9434e-03 | Val: 7.3866e-04 | Test: 6.3685e-01 | LR=6.6e-04
Epoch  42/100 | Steps:  42000 | w_bc=1.14 w_pde=0.86 | Loss: 2.0669e-03 | BC: 6.9841e-04 | PDE: 1.4306e-03 | Val: 5.9270e-04 | Test: 6.4246e-01 | LR=6.4e-04 *
Epoch  43/100 | Steps:  43000 | w_bc=1.18 w_pde=0.82 | Loss: 1.6828e-03 | BC: 6.6230e-04 | PDE: 1.0788e-03 | Val: 7.9114e-04 | Test: 6.4698e-01 | LR=6.3e-04
Epoch  44/100 | Steps:  44000 | w_bc=1.13 w_pde=0.87 | Loss: 2.4224e-03 | BC: 7.1373e-04 | PDE: 1.8794e-03 | Val: 8.2378e-04 | Test: 6.4015e-01 | LR=6.1e-04
Epoch  45/100 | Steps:  45000 | w_bc=1.09 w_pde=0.91 | Loss: 2.5278e-03 | BC: 7.2910e-04 | PDE: 1.9233e-03 | Val: 8.0111e-04 | Test: 6.1492e-01 | LR=6.0e-04
Epoch  46/100 | Steps:  46000 | w_bc=1.08 w_pde=0.92 | Loss: 2.8526e-03 | BC: 8.1592e-04 | PDE: 2.1358e-03 | Val: 7.9902e-04 | Test: 6.2641e-01 | LR=5.8e-04
Epoch  47/100 | Steps:  47000 | w_bc=1.16 w_pde=0.84 | Loss: 1.6704e-03 | BC: 6.7185e-04 | PDE: 1.0479e-03 | Val: 6.3762e-04 | Test: 6.3403e-01 | LR=5.7e-04
Epoch  48/100 | Steps:  48000 | w_bc=1.19 w_pde=0.81 | Loss: 1.5310e-03 | BC: 6.3172e-04 | PDE: 9.5253e-04 | Val: 5.8738e-04 | Test: 6.3895e-01 | LR=5.5e-04 *
Epoch  49/100 | Steps:  49000 | w_bc=1.22 w_pde=0.78 | Loss: 1.6887e-03 | BC: 6.5519e-04 | PDE: 1.1205e-03 | Val: 6.0557e-04 | Test: 6.3357e-01 | LR=5.4e-04
Epoch  50/100 | Steps:  50000 | w_bc=1.23 w_pde=0.77 | Loss: 1.6699e-03 | BC: 6.2816e-04 | PDE: 1.1395e-03 | Val: 5.7546e-04 | Test: 6.3501e-01 | LR=5.2e-04 *
Epoch  51/100 | Steps:  51000 | w_bc=1.18 w_pde=0.82 | Loss: 1.8549e-03 | BC: 6.2921e-04 | PDE: 1.3818e-03 | Val: 5.6057e-04 | Test: 6.4716e-01 | LR=5.1e-04 *
Epoch  52/100 | Steps:  52000 | w_bc=1.28 w_pde=0.72 | Loss: 1.0107e-03 | BC: 5.6242e-04 | PDE: 4.1307e-04 | Val: 5.5902e-04 | Test: 6.3385e-01 | LR=4.9e-04 *
Epoch  53/100 | Steps:  53000 | w_bc=1.27 w_pde=0.73 | Loss: 1.7370e-03 | BC: 6.5429e-04 | PDE: 1.2252e-03 | Val: 5.5249e-04 | Test: 6.3684e-01 | LR=4.7e-04 *
Epoch  54/100 | Steps:  54000 | w_bc=1.17 w_pde=0.83 | Loss: 2.1441e-03 | BC: 6.7630e-04 | PDE: 1.6812e-03 | Val: 6.2749e-04 | Test: 6.1810e-01 | LR=4.6e-04
Epoch  55/100 | Steps:  55000 | w_bc=1.22 w_pde=0.78 | Loss: 1.4821e-03 | BC: 6.3737e-04 | PDE: 8.8988e-04 | Val: 5.7277e-04 | Test: 6.3045e-01 | LR=4.4e-04
Epoch  56/100 | Steps:  56000 | w_bc=1.34 w_pde=0.66 | Loss: 9.2940e-04 | BC: 5.6144e-04 | PDE: 2.8960e-04 | Val: 5.4226e-04 | Test: 6.3568e-01 | LR=4.3e-04 *
Epoch  57/100 | Steps:  57000 | w_bc=1.36 w_pde=0.64 | Loss: 1.0242e-03 | BC: 5.4489e-04 | PDE: 4.4310e-04 | Val: 5.4385e-04 | Test: 6.4301e-01 | LR=4.1e-04
Epoch  58/100 | Steps:  58000 | w_bc=1.34 w_pde=0.66 | Loss: 1.1527e-03 | BC: 5.4724e-04 | PDE: 6.3618e-04 | Val: 5.4514e-04 | Test: 6.3629e-01 | LR=4.0e-04
Epoch  59/100 | Steps:  59000 | w_bc=1.33 w_pde=0.67 | Loss: 1.2286e-03 | BC: 5.5489e-04 | PDE: 7.3039e-04 | Val: 5.2603e-04 | Test: 6.3587e-01 | LR=3.8e-04 *
Epoch  60/100 | Steps:  60000 | w_bc=1.35 w_pde=0.65 | Loss: 9.6728e-04 | BC: 5.2275e-04 | PDE: 4.0086e-04 | Val: 5.7194e-04 | Test: 6.3947e-01 | LR=3.7e-04
Epoch  61/100 | Steps:  61000 | w_bc=1.26 w_pde=0.74 | Loss: 1.5821e-03 | BC: 5.9080e-04 | PDE: 1.1583e-03 | Val: 5.2878e-04 | Test: 6.4104e-01 | LR=3.5e-04
Epoch  62/100 | Steps:  62000 | w_bc=1.36 w_pde=0.64 | Loss: 8.8216e-04 | BC: 5.2719e-04 | PDE: 2.7622e-04 | Val: 5.4746e-04 | Test: 6.4749e-01 | LR=3.4e-04
Epoch  63/100 | Steps:  63000 | w_bc=1.41 w_pde=0.59 | Loss: 8.7823e-04 | BC: 5.1731e-04 | PDE: 2.5878e-04 | Val: 5.0916e-04 | Test: 6.4206e-01 | LR=3.2e-04 *
Epoch  64/100 | Steps:  64000 | w_bc=1.39 w_pde=0.61 | Loss: 9.5726e-04 | BC: 5.1831e-04 | PDE: 3.8386e-04 | Val: 5.4811e-04 | Test: 6.4965e-01 | LR=3.1e-04
Epoch  65/100 | Steps:  65000 | w_bc=1.34 w_pde=0.66 | Loss: 1.1798e-03 | BC: 5.4250e-04 | PDE: 6.9249e-04 | Val: 5.0871e-04 | Test: 6.3852e-01 | LR=2.9e-04 *
Epoch  66/100 | Steps:  66000 | w_bc=1.37 w_pde=0.63 | Loss: 9.5655e-04 | BC: 5.2179e-04 | PDE: 3.8702e-04 | Val: 5.0996e-04 | Test: 6.3810e-01 | LR=2.8e-04
Epoch  67/100 | Steps:  67000 | w_bc=1.41 w_pde=0.59 | Loss: 8.6903e-04 | BC: 5.0080e-04 | PDE: 2.8213e-04 | Val: 4.8843e-04 | Test: 6.4066e-01 | LR=2.7e-04 *
Epoch  68/100 | Steps:  68000 | w_bc=1.43 w_pde=0.57 | Loss: 8.4494e-04 | BC: 4.9067e-04 | PDE: 2.5258e-04 | Val: 4.9665e-04 | Test: 6.4794e-01 | LR=2.5e-04
Epoch  69/100 | Steps:  69000 | w_bc=1.44 w_pde=0.56 | Loss: 8.5301e-04 | BC: 4.9044e-04 | PDE: 2.6650e-04 | Val: 4.9931e-04 | Test: 6.3542e-01 | LR=2.4e-04
Epoch  70/100 | Steps:  70000 | w_bc=1.43 w_pde=0.57 | Loss: 9.1052e-04 | BC: 4.9361e-04 | PDE: 3.5679e-04 | Val: 4.8644e-04 | Test: 6.4005e-01 | LR=2.3e-04 *
Epoch  71/100 | Steps:  71000 | w_bc=1.45 w_pde=0.55 | Loss: 8.3106e-04 | BC: 4.8110e-04 | PDE: 2.4553e-04 | Val: 5.1800e-04 | Test: 6.4688e-01 | LR=2.1e-04
Epoch  72/100 | Steps:  72000 | w_bc=1.44 w_pde=0.56 | Loss: 8.4414e-04 | BC: 4.7896e-04 | PDE: 2.7831e-04 | Val: 4.7198e-04 | Test: 6.4425e-01 | LR=2.0e-04 *
Epoch  73/100 | Steps:  73000 | w_bc=1.46 w_pde=0.54 | Loss: 7.9298e-04 | BC: 4.6907e-04 | PDE: 2.0446e-04 | Val: 4.6591e-04 | Test: 6.4119e-01 | LR=1.9e-04 *
Epoch  74/100 | Steps:  74000 | w_bc=1.44 w_pde=0.56 | Loss: 8.1009e-04 | BC: 4.7050e-04 | PDE: 2.2918e-04 | Val: 4.7615e-04 | Test: 6.4084e-01 | LR=1.8e-04
Epoch  75/100 | Steps:  75000 | w_bc=1.43 w_pde=0.57 | Loss: 8.2011e-04 | BC: 4.7392e-04 | PDE: 2.4114e-04 | Val: 5.6270e-04 | Test: 6.3567e-01 | LR=1.7e-04
Epoch  76/100 | Steps:  76000 | w_bc=1.44 w_pde=0.56 | Loss: 8.1518e-04 | BC: 4.7763e-04 | PDE: 2.2873e-04 | Val: 4.7847e-04 | Test: 6.3934e-01 | LR=1.5e-04
Epoch  77/100 | Steps:  77000 | w_bc=1.47 w_pde=0.53 | Loss: 7.6791e-04 | BC: 4.6599e-04 | PDE: 1.6481e-04 | Val: 4.6398e-04 | Test: 6.4381e-01 | LR=1.4e-04 *
Epoch  78/100 | Steps:  78000 | w_bc=1.48 w_pde=0.52 | Loss: 7.6643e-04 | BC: 4.5977e-04 | PDE: 1.6538e-04 | Val: 4.7432e-04 | Test: 6.4533e-01 | LR=1.3e-04
Epoch  79/100 | Steps:  79000 | w_bc=1.49 w_pde=0.51 | Loss: 7.6333e-04 | BC: 4.5847e-04 | PDE: 1.5944e-04 | Val: 4.5843e-04 | Test: 6.4233e-01 | LR=1.2e-04 *
Epoch  80/100 | Steps:  80000 | w_bc=1.49 w_pde=0.51 | Loss: 7.6032e-04 | BC: 4.5517e-04 | PDE: 1.5861e-04 | Val: 4.6368e-04 | Test: 6.4689e-01 | LR=1.1e-04
Epoch  81/100 | Steps:  81000 | w_bc=1.50 w_pde=0.50 | Loss: 7.5153e-04 | BC: 4.5164e-04 | PDE: 1.4849e-04 | Val: 4.6055e-04 | Test: 6.4534e-01 | LR=1.0e-04
Epoch  82/100 | Steps:  82000 | w_bc=1.50 w_pde=0.50 | Loss: 7.4856e-04 | BC: 4.5148e-04 | PDE: 1.4153e-04 | Val: 4.5242e-04 | Test: 6.4311e-01 | LR=9.6e-05 *
Epoch  83/100 | Steps:  83000 | w_bc=1.52 w_pde=0.48 | Loss: 7.4279e-04 | BC: 4.4854e-04 | PDE: 1.3207e-04 | Val: 4.5012e-04 | Test: 6.3928e-01 | LR=8.7e-05 *
Epoch  84/100 | Steps:  84000 | w_bc=1.51 w_pde=0.49 | Loss: 7.4304e-04 | BC: 4.4617e-04 | PDE: 1.3875e-04 | Val: 4.4829e-04 | Test: 6.4071e-01 | LR=7.9e-05 *
Epoch  85/100 | Steps:  85000 | w_bc=1.52 w_pde=0.48 | Loss: 7.3078e-04 | BC: 4.4367e-04 | PDE: 1.1948e-04 | Val: 4.4975e-04 | Test: 6.4407e-01 | LR=7.1e-05
Epoch  86/100 | Steps:  86000 | w_bc=1.52 w_pde=0.48 | Loss: 7.2798e-04 | BC: 4.4286e-04 | PDE: 1.1503e-04 | Val: 4.4754e-04 | Test: 6.4334e-01 | LR=6.4e-05 *
Epoch  87/100 | Steps:  87000 | w_bc=1.53 w_pde=0.47 | Loss: 7.2712e-04 | BC: 4.4157e-04 | PDE: 1.1330e-04 | Val: 4.4281e-04 | Test: 6.4050e-01 | LR=5.7e-05 *
Epoch  88/100 | Steps:  88000 | w_bc=1.54 w_pde=0.46 | Loss: 7.2382e-04 | BC: 4.3939e-04 | PDE: 1.0790e-04 | Val: 4.4592e-04 | Test: 6.4283e-01 | LR=5.1e-05
Epoch  89/100 | Steps:  89000 | w_bc=1.54 w_pde=0.46 | Loss: 7.2614e-04 | BC: 4.3886e-04 | PDE: 1.1037e-04 | Val: 4.4312e-04 | Test: 6.4119e-01 | LR=4.5e-05
Epoch  90/100 | Steps:  90000 | w_bc=1.54 w_pde=0.46 | Loss: 7.2194e-04 | BC: 4.3814e-04 | PDE: 1.0079e-04 | Val: 4.3961e-04 | Test: 6.4364e-01 | LR=3.9e-05 *
Epoch  91/100 | Steps:  91000 | w_bc=1.54 w_pde=0.46 | Loss: 7.2043e-04 | BC: 4.3743e-04 | PDE: 1.0025e-04 | Val: 4.4073e-04 | Test: 6.4306e-01 | LR=3.4e-05
Epoch  92/100 | Steps:  92000 | w_bc=1.55 w_pde=0.45 | Loss: 7.1891e-04 | BC: 4.3644e-04 | PDE: 9.7021e-05 | Val: 4.3960e-04 | Test: 6.4151e-01 | LR=3.0e-05 *
Epoch  93/100 | Steps:  93000 | w_bc=1.55 w_pde=0.45 | Loss: 7.1678e-04 | BC: 4.3555e-04 | PDE: 9.3344e-05 | Val: 4.3634e-04 | Test: 6.4368e-01 | LR=2.6e-05 *
Epoch  94/100 | Steps:  94000 | w_bc=1.56 w_pde=0.44 | Loss: 7.1321e-04 | BC: 4.3404e-04 | PDE: 8.7092e-05 | Val: 4.3761e-04 | Test: 6.4307e-01 | LR=2.2e-05
Epoch  95/100 | Steps:  95000 | w_bc=1.55 w_pde=0.45 | Loss: 7.1344e-04 | BC: 4.3397e-04 | PDE: 8.8710e-05 | Val: 4.3782e-04 | Test: 6.4306e-01 | LR=1.9e-05
Epoch  96/100 | Steps:  96000 | w_bc=1.55 w_pde=0.45 | Loss: 7.1253e-04 | BC: 4.3412e-04 | PDE: 8.7098e-05 | Val: 4.3685e-04 | Test: 6.4299e-01 | LR=1.6e-05
Epoch  97/100 | Steps:  97000 | w_bc=1.55 w_pde=0.45 | Loss: 7.1288e-04 | BC: 4.3361e-04 | PDE: 8.8632e-05 | Val: 4.3655e-04 | Test: 6.4253e-01 | LR=1.4e-05
Epoch  98/100 | Steps:  98000 | w_bc=1.55 w_pde=0.45 | Loss: 7.0995e-04 | BC: 4.3303e-04 | PDE: 8.4525e-05 | Val: 4.3501e-04 | Test: 6.4285e-01 | LR=1.2e-05 *
Epoch  99/100 | Steps:  99000 | w_bc=1.56 w_pde=0.44 | Loss: 7.0846e-04 | BC: 4.3255e-04 | PDE: 8.1190e-05 | Val: 4.3496e-04 | Test: 6.4186e-01 | LR=1.1e-05 *
Epoch 100/100 | Steps: 100000 | w_bc=1.56 w_pde=0.44 | Loss: 7.0919e-04 | BC: 4.3227e-04 | PDE: 8.0451e-05 | Val: 4.3715e-04 | Test: 6.4301e-01 | LR=1.0e-05

Restored best model from epoch 99 (val_loss: 4.3496e-04, test_loss: 6.4186e-01)
Best checkpoint saved to: outputs/expr_7_1/absolute/relobralo/checkpoints/best_model.pt
Final checkpoint saved to: outputs/expr_7_1/absolute/relobralo/checkpoints/final_model.pt
Training completed in 1026.23s (100,000 total steps)

Final Test MSE: 6.4301e-01
Inference (per point): 1.4704e-04s | (full domain): 1.4476e-04s
Saved plot to outputs/expr_7_1/absolute/relobralo/plots/results.png
