
============================================================
Dist-to-Boundary  —  Ellipse 3 (a=½, b=1)  (2-D)
============================================================
Device: cuda
  Loaded p=5: 2277376 points, mse: 8.732839e-03
  Loaded p=10: 2277376 points, mse: 2.126375e-03
  Loaded p=15: 2277376 points, mse: 9.371430e-04
  Loaded p=20: 2277376 points, mse: 5.254909e-04
  Loaded p=25: 2277376 points, mse: 3.360214e-04
  Loaded p=30: 2277376 points, mse: 2.334157e-04
  Loaded p=35: 2277376 points, mse: 1.716531e-04
  Loaded p=40: 2277376 points, mse: 1.316030e-04
  Loaded p=45: 2277376 points, mse: 1.041557e-04
  Loaded p=50: 2277376 points, mse: 8.452380e-05
  Loaded p=55: 2277376 points, mse: 6.999555e-05
  Loaded p=60: 2277376 points, mse: 5.894143e-05
  Loaded p=65: 2277376 points, mse: 5.033429e-05
  Loaded p=70: 2277376 points, mse: 4.350045e-05
  Loaded p=75: 2277376 points, mse: 3.798336e-05
  Loaded p=80: 2277376 points, mse: 3.346449e-05
  Loaded p=85: 2277376 points, mse: 2.971623e-05
  Loaded p=90: 2277376 points, mse: 2.657237e-05
  Loaded p=95: 2277376 points, mse: 2.390924e-05
  Loaded p=100: 2277376 points, mse: 2.163336e-05
  Loaded p=105: 2277376 points, mse: 1.967286e-05
  Loaded p=110: 2277376 points, mse: 1.797186e-05
  Loaded p=115: 2277376 points, mse: 1.648636e-05
  Loaded p=120: 2277376 points, mse: 1.518127e-05
  Loaded p=125: 2277376 points, mse: 1.402842e-05
  Loaded p=130: 2277376 points, mse: 1.300491e-05
  Loaded p=135: 2277376 points, mse: 1.209202e-05
  Loaded p=140: 2277376 points, mse: 1.127429e-05
  Loaded p=145: 2277376 points, mse: 1.053887e-05
  Loaded p=150: 2277376 points, mse: 9.875017e-06
  Loaded p=155: 2277376 points, mse: 9.273698e-06
  Loaded p=160: 2277376 points, mse: 8.727255e-06
  Loaded p=165: 2277376 points, mse: 8.229167e-06
  Loaded p=170: 2277376 points, mse: 7.773860e-06
  Loaded p=175: 2277376 points, mse: 7.356547e-06
  Loaded p=180: 2277376 points, mse: 6.973084e-06
  Loaded p=185: 2277376 points, mse: 6.619885e-06
  Loaded p=190: 2277376 points, mse: 6.293833e-06
  Loaded p=195: 2277376 points, mse: 5.992187e-06
  Loaded p=200: 2277376 points, mse: 5.711370e-06
  Added p=∞ point: 2277376 pts, mse: 7.974483e-06
Training data: X=(93372416, 3)  Y=(93372416, 1)
Model: trunk=[2, 512, 512, 512, 128]  branch=[1, 128, 128, 128, 128]  params=642,433
Scheduler: CosineAnnealingLR  T_max=20  eta_min=1e-06
Epoch --- Train Loss --- LR --- p150 --- p200 --- p250 --- p500
    0 --- 4.828394e-04 --- 1.00e-04 --- 2.564225e-05 --- 1.944864e-05 --- 1.520227e-05 --- 1.376800e-05
    1 --- 2.917396e-06 --- 9.94e-05 --- 9.218626e-06 --- 5.999635e-06 --- 4.113995e-06 --- 6.117351e-06
    2 --- 1.503545e-06 --- 9.76e-05 --- 1.079403e-05 --- 7.511045e-06 --- 5.204500e-06 --- 8.173548e-06
    3 --- 9.785176e-07 --- 9.46e-05 --- 7.982188e-06 --- 5.054355e-06 --- 3.025863e-06 --- 6.586129e-06
    4 --- 7.555399e-07 --- 9.05e-05 --- 9.393968e-06 --- 6.224792e-06 --- 3.958728e-06 --- 6.155766e-06
    5 --- 5.528066e-07 --- 8.55e-05 --- 5.718391e-06 --- 3.370087e-06 --- 2.014143e-06 --- 1.047944e-05
    6 --- 4.155078e-07 --- 7.96e-05 --- 8.380892e-06 --- 5.225279e-06 --- 3.144247e-06 --- 6.767827e-06
    7 --- 3.178799e-07 --- 7.30e-05 --- 9.265760e-06 --- 5.868021e-06 --- 3.597524e-06 --- 4.922493e-06
    8 --- 2.579859e-07 --- 6.58e-05 --- 6.476019e-06 --- 3.647679e-06 --- 1.941308e-06 --- 7.782637e-06
    9 --- 2.161456e-07 --- 5.82e-05 --- 7.536354e-06 --- 4.526153e-06 --- 2.550138e-06 --- 5.216874e-06
   10 --- 1.838710e-07 --- 5.05e-05 --- 9.513809e-06 --- 6.199473e-06 --- 3.961129e-06 --- 5.314896e-06
   11 --- 1.607419e-07 --- 4.28e-05 --- 1.006192e-05 --- 6.508530e-06 --- 4.197215e-06 --- 5.293514e-06
   12 --- 1.416512e-07 --- 3.52e-05 --- 6.742011e-06 --- 3.849522e-06 --- 2.123832e-06 --- 6.693749e-06
   13 --- 1.274360e-07 --- 2.80e-05 --- 7.624553e-06 --- 4.620429e-06 --- 2.746138e-06 --- 5.980599e-06
   14 --- 1.172263e-07 --- 2.14e-05 --- 8.143285e-06 --- 4.963319e-06 --- 3.089561e-06 --- 5.502249e-06
   15 --- 1.097754e-07 --- 1.55e-05 --- 7.504000e-06 --- 4.522404e-06 --- 2.689357e-06 --- 5.836833e-06
   16 --- 1.037737e-07 --- 1.05e-05 --- 7.524389e-06 --- 4.554466e-06 --- 2.845023e-06 --- 5.686169e-06
   17 --- 9.991296e-08 --- 6.40e-06 --- 6.909274e-06 --- 4.090023e-06 --- 2.523249e-06 --- 5.915371e-06
   18 --- 9.750569e-08 --- 3.42e-06 --- 6.989391e-06 --- 4.128167e-06 --- 2.628402e-06 --- 5.782870e-06
   19 --- 9.587609e-08 --- 1.61e-06 --- 7.085635e-06 --- 4.249717e-06 --- 2.753880e-06 --- 6.089865e-06
Total training time: 22873.79s
Inference (per point): 1.5389e-04s | (full domain): 1.4184e-04s
  p=  5:  MSE=5.544664e-03
  p=105:  MSE=1.345156e-05
  p=205:  MSE=4.120875e-06
  p=305:  MSE=1.601046e-06
  p=405:  MSE=1.489026e-06
  Saved MSE curves → outputs/expr_7_3_2/ellipse3/exact_inf/npy/mse.npz  (deeponet, fem, pred_train)

All experiments completed!
