
============================================================
p-Laplacian Aronsson Example
============================================================

Generated full domain data:
  Boundary points: 40,000
  Interior points: 1,000,000
  Test points: 10,000
Re-sampling enabled: ~1,000,000 interior points per epoch

Splitting data: 80% train, 20% validation
  BC: 32,000 train, 8,000 val
  Interior: 800,000 train, 200,000 val

Loading checkpoint: outputs/expr_7_2_iter/p60to100_square/fix_alpha_1e-2/checkpoints/best_model_p100.pt

Model: PLaplacianPINN on Square [-1,1]²
  Hidden layers: [128, 128, 128, 128], activation: tanh
  η=1e-05, clip_residual=100.0, clip_grad_norm=1.0
  Outlier removal: top 2.0%
  Parameters: 50,049

Iterative Training Schedule:
  p values: [150, 200, 300, 400, 500]
  Epochs per p: 20


============================================================
Stage 1/5: Training with p=150
============================================================

Training configuration:
  Boundary points (train): 32,000 -> 80 batches of 400
  Interior points (train): 1,000,000 -> 1000 batches of 1000
  Interior sampling: RE-SAMPLE each epoch
  Boundary points (val): 8,000
  Validation loss: BC only
  Steps per epoch: 1,000
  Total steps: 20,000
  Epochs: 20
  Loss balancing: FixedAlphaSchedule
  LR scheduler: None (constant LR=1.0e-05)

/usr/local/lib/python3.12/dist-packages/torch/autograd/graph.py:824: UserWarning: Attempting to run cuBLAS, but there was no current CUDA context! Attempting to set the primary context... (Triggered internally at /opt/pytorch/pytorch/aten/src/ATen/cuda/CublasHandlePool.cpp:181.)
  return Variable._execution_engine.run_backward(  # Calls into the C++ engine to run the backward pass
Epoch   1/20 | Steps:   1000 | α=1e-02 | Loss: 1.8210e-03 | BC: 6.3401e-05 | PDE: 1.7576e-01 | Val: 8.5606e-05 | Test: 4.0362e-05 |  *
Epoch   2/20 | Steps:   2000 | α=1e-02 | Loss: 1.4889e-03 | BC: 9.2335e-05 | PDE: 1.3966e-01 | Val: 1.0383e-04 | Test: 5.1130e-05 | 
Epoch   3/20 | Steps:   3000 | α=1e-02 | Loss: 1.5729e-03 | BC: 9.2517e-05 | PDE: 1.4804e-01 | Val: 9.4711e-05 | Test: 4.6186e-05 | 
Epoch   4/20 | Steps:   4000 | α=1e-02 | Loss: 1.5155e-03 | BC: 8.8648e-05 | PDE: 1.4268e-01 | Val: 9.5762e-05 | Test: 4.5719e-05 | 
Epoch   5/20 | Steps:   5000 | α=1e-02 | Loss: 1.5135e-03 | BC: 9.2419e-05 | PDE: 1.4211e-01 | Val: 9.3320e-05 | Test: 4.5035e-05 | 
Epoch   6/20 | Steps:   6000 | α=1e-02 | Loss: 1.5020e-03 | BC: 9.3757e-05 | PDE: 1.4083e-01 | Val: 1.0393e-04 | Test: 5.7135e-05 | 
Epoch   7/20 | Steps:   7000 | α=1e-02 | Loss: 1.5992e-03 | BC: 1.0226e-04 | PDE: 1.4969e-01 | Val: 9.7206e-05 | Test: 4.3491e-05 | 
Epoch   8/20 | Steps:   8000 | α=1e-02 | Loss: 1.7722e-03 | BC: 9.4334e-05 | PDE: 1.6779e-01 | Val: 1.1396e-04 | Test: 6.1206e-05 | 
Epoch   9/20 | Steps:   9000 | α=1e-02 | Loss: 1.4738e-03 | BC: 1.0121e-04 | PDE: 1.3726e-01 | Val: 8.4563e-05 | Test: 4.0373e-05 |  *
Epoch  10/20 | Steps:  10000 | α=1e-02 | Loss: 1.4533e-03 | BC: 8.6390e-05 | PDE: 1.3669e-01 | Val: 8.3915e-05 | Test: 4.0806e-05 |  *
Epoch  11/20 | Steps:  11000 | α=1e-02 | Loss: 1.4228e-03 | BC: 8.7786e-05 | PDE: 1.3350e-01 | Val: 8.4487e-05 | Test: 4.1647e-05 | 
Epoch  12/20 | Steps:  12000 | α=1e-02 | Loss: 1.5926e-03 | BC: 9.0180e-05 | PDE: 1.5024e-01 | Val: 8.5294e-05 | Test: 4.2614e-05 | 
Epoch  13/20 | Steps:  13000 | α=1e-02 | Loss: 1.3943e-03 | BC: 8.2033e-05 | PDE: 1.3123e-01 | Val: 8.0921e-05 | Test: 4.3877e-05 |  *
Epoch  14/20 | Steps:  14000 | α=1e-02 | Loss: 1.6223e-03 | BC: 8.2168e-05 | PDE: 1.5401e-01 | Val: 8.5384e-05 | Test: 4.0130e-05 | 
Epoch  15/20 | Steps:  15000 | α=1e-02 | Loss: 1.5292e-03 | BC: 8.7329e-05 | PDE: 1.4419e-01 | Val: 7.9165e-05 | Test: 3.6480e-05 |  *
Epoch  16/20 | Steps:  16000 | α=1e-02 | Loss: 1.4156e-03 | BC: 9.5515e-05 | PDE: 1.3201e-01 | Val: 8.0326e-05 | Test: 4.0490e-05 | 
Epoch  17/20 | Steps:  17000 | α=1e-02 | Loss: 1.3263e-03 | BC: 9.2352e-05 | PDE: 1.2339e-01 | Val: 8.5282e-05 | Test: 3.9890e-05 | 
Epoch  18/20 | Steps:  18000 | α=1e-02 | Loss: 1.4498e-03 | BC: 8.6280e-05 | PDE: 1.3635e-01 | Val: 8.2767e-05 | Test: 3.7416e-05 | 
Epoch  19/20 | Steps:  19000 | α=1e-02 | Loss: 1.4045e-03 | BC: 8.1038e-05 | PDE: 1.3234e-01 | Val: 8.4017e-05 | Test: 4.7826e-05 | 
Epoch  20/20 | Steps:  20000 | α=1e-02 | Loss: 1.4456e-03 | BC: 8.8117e-05 | PDE: 1.3575e-01 | Val: 8.7677e-05 | Test: 4.5907e-05 | 

Restored best model from epoch 15 (val_loss: 7.9165e-05, test_loss: 3.6480e-05)
Best checkpoint saved to: outputs/expr_7_2_iter/p150to500_square/fix_alpha_1e-2/checkpoints/best_model.pt
Final checkpoint saved to: outputs/expr_7_2_iter/p150to500_square/fix_alpha_1e-2/checkpoints/final_model.pt
Training completed in 235.28s (20,000 total steps)
  Stage 1 (p=150) PDE diagnostics:
    p-Lap (p=150) raw:        inf
    p-Lap (p=150) normalized: 4.6373e-03
    Inf-Lap raw:              3.2036e-03
    Inf-Lap normalized:       6.6682e-03

============================================================
Stage 2/5: Training with p=200
============================================================

Training configuration:
  Boundary points (train): 32,000 -> 80 batches of 400
  Interior points (train): 1,000,000 -> 1000 batches of 1000
  Interior sampling: RE-SAMPLE each epoch
  Boundary points (val): 8,000
  Validation loss: BC only
  Steps per epoch: 1,000
  Total steps: 20,000
  Epochs: 20
  Loss balancing: FixedAlphaSchedule
  LR scheduler: None (constant LR=1.0e-05)

Epoch   1/20 | Steps:   1000 | α=1e-02 | Loss: 2.7791e-03 | BC: 1.3953e-04 | PDE: 2.6395e-01 | Val: 1.6676e-04 | Test: 7.3480e-05 |  *
Epoch   2/20 | Steps:   2000 | α=1e-02 | Loss: 2.5114e-03 | BC: 1.8386e-04 | PDE: 2.3275e-01 | Val: 1.8678e-04 | Test: 8.2482e-05 | 
Epoch   3/20 | Steps:   3000 | α=1e-02 | Loss: 2.4462e-03 | BC: 1.8576e-04 | PDE: 2.2605e-01 | Val: 1.9730e-04 | Test: 9.0664e-05 | 
Epoch   4/20 | Steps:   4000 | α=1e-02 | Loss: 2.7433e-03 | BC: 2.1925e-04 | PDE: 2.5240e-01 | Val: 2.2618e-04 | Test: 1.0637e-04 | 
Epoch   5/20 | Steps:   5000 | α=1e-02 | Loss: 2.5218e-03 | BC: 2.2097e-04 | PDE: 2.3009e-01 | Val: 1.9615e-04 | Test: 9.2291e-05 | 
Epoch   6/20 | Steps:   6000 | α=1e-02 | Loss: 2.2847e-03 | BC: 2.0058e-04 | PDE: 2.0841e-01 | Val: 1.9846e-04 | Test: 8.8930e-05 | 
Epoch   7/20 | Steps:   7000 | α=1e-02 | Loss: 2.4045e-03 | BC: 2.0891e-04 | PDE: 2.1956e-01 | Val: 2.0811e-04 | Test: 9.3758e-05 | 
Epoch   8/20 | Steps:   8000 | α=1e-02 | Loss: 2.6077e-03 | BC: 2.0875e-04 | PDE: 2.3989e-01 | Val: 2.3593e-04 | Test: 1.0906e-04 | 
Epoch   9/20 | Steps:   9000 | α=1e-02 | Loss: 2.7105e-03 | BC: 2.2869e-04 | PDE: 2.4818e-01 | Val: 2.4697e-04 | Test: 1.1076e-04 | 
Epoch  10/20 | Steps:  10000 | α=1e-02 | Loss: 2.2114e-03 | BC: 2.3018e-04 | PDE: 1.9812e-01 | Val: 2.0795e-04 | Test: 9.6786e-05 | 
Epoch  11/20 | Steps:  11000 | α=1e-02 | Loss: 2.5322e-03 | BC: 2.2148e-04 | PDE: 2.3107e-01 | Val: 2.1910e-04 | Test: 1.0182e-04 | 
Epoch  12/20 | Steps:  12000 | α=1e-02 | Loss: 2.4869e-03 | BC: 2.3514e-04 | PDE: 2.2517e-01 | Val: 2.2738e-04 | Test: 1.0831e-04 | 
Epoch  13/20 | Steps:  13000 | α=1e-02 | Loss: 2.2812e-03 | BC: 2.1604e-04 | PDE: 2.0651e-01 | Val: 2.0585e-04 | Test: 9.7988e-05 | 
Epoch  14/20 | Steps:  14000 | α=1e-02 | Loss: 2.4523e-03 | BC: 2.0327e-04 | PDE: 2.2490e-01 | Val: 1.9724e-04 | Test: 9.2357e-05 | 
Epoch  15/20 | Steps:  15000 | α=1e-02 | Loss: 2.3269e-03 | BC: 1.9771e-04 | PDE: 2.1292e-01 | Val: 2.0574e-04 | Test: 9.6501e-05 | 
Epoch  16/20 | Steps:  16000 | α=1e-02 | Loss: 2.2526e-03 | BC: 2.1939e-04 | PDE: 2.0332e-01 | Val: 2.1524e-04 | Test: 9.5851e-05 | 
Epoch  17/20 | Steps:  17000 | α=1e-02 | Loss: 2.4188e-03 | BC: 2.1104e-04 | PDE: 2.2077e-01 | Val: 2.0226e-04 | Test: 9.3006e-05 | 
Epoch  18/20 | Steps:  18000 | α=1e-02 | Loss: 2.4425e-03 | BC: 2.0995e-04 | PDE: 2.2325e-01 | Val: 2.2175e-04 | Test: 1.0143e-04 | 
Epoch  19/20 | Steps:  19000 | α=1e-02 | Loss: 2.6417e-03 | BC: 2.3678e-04 | PDE: 2.4049e-01 | Val: 2.3908e-04 | Test: 1.1338e-04 | 
Epoch  20/20 | Steps:  20000 | α=1e-02 | Loss: 2.3716e-03 | BC: 2.2624e-04 | PDE: 2.1453e-01 | Val: 2.2191e-04 | Test: 9.9988e-05 | 

Restored best model from epoch 1 (val_loss: 1.6676e-04, test_loss: 7.3480e-05)
Best checkpoint saved to: outputs/expr_7_2_iter/p150to500_square/fix_alpha_1e-2/checkpoints/best_model.pt
Final checkpoint saved to: outputs/expr_7_2_iter/p150to500_square/fix_alpha_1e-2/checkpoints/final_model.pt
Training completed in 164.89s (20,000 total steps)
  Stage 2 (p=200) PDE diagnostics:
    p-Lap (p=200) raw:        inf
    p-Lap (p=200) normalized: 4.9749e-03
    Inf-Lap raw:              2.7164e-03
    Inf-Lap normalized:       6.4517e-03

============================================================
Stage 3/5: Training with p=300
============================================================

Training configuration:
  Boundary points (train): 32,000 -> 80 batches of 400
  Interior points (train): 1,000,000 -> 1000 batches of 1000
  Interior sampling: RE-SAMPLE each epoch
  Boundary points (val): 8,000
  Validation loss: BC only
  Steps per epoch: 1,000
  Total steps: 20,000
  Epochs: 20
  Loss balancing: FixedAlphaSchedule
  LR scheduler: None (constant LR=1.0e-05)

Epoch   1/20 | Steps:   1000 | α=1e-02 | Loss: 5.4771e-03 | BC: 2.5973e-04 | PDE: 5.2173e-01 | Val: 3.2967e-04 | Test: 1.4195e-04 |  *
Epoch   2/20 | Steps:   2000 | α=1e-02 | Loss: 5.5121e-03 | BC: 4.0484e-04 | PDE: 5.1073e-01 | Val: 4.6083e-04 | Test: 1.9949e-04 | 
Epoch   3/20 | Steps:   3000 | α=1e-02 | Loss: 5.3302e-03 | BC: 4.9001e-04 | PDE: 4.8402e-01 | Val: 5.0492e-04 | Test: 2.2282e-04 | 
Epoch   4/20 | Steps:   4000 | α=1e-02 | Loss: 5.2429e-03 | BC: 5.4419e-04 | PDE: 4.6987e-01 | Val: 5.8115e-04 | Test: 2.6306e-04 | 
Epoch   5/20 | Steps:   5000 | α=1e-02 | Loss: 4.4098e-03 | BC: 5.7549e-04 | PDE: 3.8343e-01 | Val: 6.0161e-04 | Test: 2.6534e-04 | 
Epoch   6/20 | Steps:   6000 | α=1e-02 | Loss: 5.3931e-03 | BC: 6.4438e-04 | PDE: 4.7487e-01 | Val: 6.6030e-04 | Test: 2.9109e-04 | 
Epoch   7/20 | Steps:   7000 | α=1e-02 | Loss: 4.5449e-03 | BC: 7.0393e-04 | PDE: 3.8410e-01 | Val: 7.0747e-04 | Test: 3.0910e-04 | 
Epoch   8/20 | Steps:   8000 | α=1e-02 | Loss: 4.9512e-03 | BC: 6.8412e-04 | PDE: 4.2670e-01 | Val: 7.1540e-04 | Test: 3.2121e-04 | 
Epoch   9/20 | Steps:   9000 | α=1e-02 | Loss: 4.6419e-03 | BC: 7.1893e-04 | PDE: 3.9230e-01 | Val: 7.5031e-04 | Test: 3.4005e-04 | 
Epoch  10/20 | Steps:  10000 | α=1e-02 | Loss: 4.4117e-03 | BC: 6.8746e-04 | PDE: 3.7243e-01 | Val: 6.9154e-04 | Test: 3.0396e-04 | 
Epoch  11/20 | Steps:  11000 | α=1e-02 | Loss: 5.0680e-03 | BC: 6.8078e-04 | PDE: 4.3872e-01 | Val: 6.5992e-04 | Test: 2.9155e-04 | 
Epoch  12/20 | Steps:  12000 | α=1e-02 | Loss: 4.3296e-03 | BC: 6.5188e-04 | PDE: 3.6777e-01 | Val: 6.4573e-04 | Test: 2.9057e-04 | 
Epoch  13/20 | Steps:  13000 | α=1e-02 | Loss: 4.9238e-03 | BC: 6.4269e-04 | PDE: 4.2811e-01 | Val: 6.4859e-04 | Test: 2.8549e-04 | 
Epoch  14/20 | Steps:  14000 | α=1e-02 | Loss: 4.6188e-03 | BC: 6.8226e-04 | PDE: 3.9366e-01 | Val: 7.0342e-04 | Test: 3.0948e-04 | 
Epoch  15/20 | Steps:  15000 | α=1e-02 | Loss: 4.3111e-03 | BC: 6.9682e-04 | PDE: 3.6142e-01 | Val: 6.6437e-04 | Test: 2.8913e-04 | 
Epoch  16/20 | Steps:  16000 | α=1e-02 | Loss: 4.1870e-03 | BC: 6.7406e-04 | PDE: 3.5130e-01 | Val: 6.9216e-04 | Test: 3.1294e-04 | 
Epoch  17/20 | Steps:  17000 | α=1e-02 | Loss: 4.1736e-03 | BC: 6.4632e-04 | PDE: 3.5273e-01 | Val: 6.4190e-04 | Test: 2.8109e-04 | 
Epoch  18/20 | Steps:  18000 | α=1e-02 | Loss: 4.0418e-03 | BC: 6.6268e-04 | PDE: 3.3791e-01 | Val: 6.6035e-04 | Test: 2.9217e-04 | 
Epoch  19/20 | Steps:  19000 | α=1e-02 | Loss: 4.4164e-03 | BC: 6.5553e-04 | PDE: 3.7609e-01 | Val: 6.5159e-04 | Test: 2.8659e-04 | 
Epoch  20/20 | Steps:  20000 | α=1e-02 | Loss: 4.2910e-03 | BC: 6.4272e-04 | PDE: 3.6482e-01 | Val: 6.3585e-04 | Test: 2.7826e-04 | 

Restored best model from epoch 1 (val_loss: 3.2967e-04, test_loss: 1.4195e-04)
Best checkpoint saved to: outputs/expr_7_2_iter/p150to500_square/fix_alpha_1e-2/checkpoints/best_model.pt
Final checkpoint saved to: outputs/expr_7_2_iter/p150to500_square/fix_alpha_1e-2/checkpoints/final_model.pt
Training completed in 164.37s (20,000 total steps)
  Stage 3 (p=300) PDE diagnostics:
    p-Lap (p=300) raw:        inf
    p-Lap (p=300) normalized: 5.0411e-03
    Inf-Lap raw:              2.2230e-03
    Inf-Lap normalized:       5.9973e-03

============================================================
Stage 4/5: Training with p=400
============================================================

Training configuration:
  Boundary points (train): 32,000 -> 80 batches of 400
  Interior points (train): 1,000,000 -> 1000 batches of 1000
  Interior sampling: RE-SAMPLE each epoch
  Boundary points (val): 8,000
  Validation loss: BC only
  Steps per epoch: 1,000
  Total steps: 20,000
  Epochs: 20
  Loss balancing: FixedAlphaSchedule
  LR scheduler: None (constant LR=1.0e-05)

Epoch   1/20 | Steps:   1000 | α=1e-02 | Loss: 1.1805e-02 | BC: 4.6058e-04 | PDE: 1.1344e+00 | Val: 6.1960e-04 | Test: 2.6745e-04 |  *
Epoch   2/20 | Steps:   2000 | α=1e-02 | Loss: 7.1546e-03 | BC: 6.8402e-04 | PDE: 6.4706e-01 | Val: 7.7784e-04 | Test: 3.3999e-04 | 
Epoch   3/20 | Steps:   3000 | α=1e-02 | Loss: 7.3699e-03 | BC: 8.8632e-04 | PDE: 6.4836e-01 | Val: 9.7260e-04 | Test: 4.2884e-04 | 
Epoch   4/20 | Steps:   4000 | α=1e-02 | Loss: 6.8201e-03 | BC: 1.0249e-03 | PDE: 5.7952e-01 | Val: 1.1157e-03 | Test: 4.8705e-04 | 
Epoch   5/20 | Steps:   5000 | α=1e-02 | Loss: 6.8571e-03 | BC: 1.1614e-03 | PDE: 5.6957e-01 | Val: 1.1471e-03 | Test: 5.0341e-04 | 
Epoch   6/20 | Steps:   6000 | α=1e-02 | Loss: 7.6352e-03 | BC: 1.1966e-03 | PDE: 6.4385e-01 | Val: 1.2080e-03 | Test: 5.4181e-04 | 
Epoch   7/20 | Steps:   7000 | α=1e-02 | Loss: 7.5753e-03 | BC: 1.2246e-03 | PDE: 6.3506e-01 | Val: 1.2373e-03 | Test: 5.5463e-04 | 
Epoch   8/20 | Steps:   8000 | α=1e-02 | Loss: 6.9672e-03 | BC: 1.2679e-03 | PDE: 5.6993e-01 | Val: 1.2679e-03 | Test: 5.7100e-04 | 
Epoch   9/20 | Steps:   9000 | α=1e-02 | Loss: 7.0636e-03 | BC: 1.2974e-03 | PDE: 5.7663e-01 | Val: 1.3413e-03 | Test: 5.9342e-04 | 
Epoch  10/20 | Steps:  10000 | α=1e-02 | Loss: 7.1522e-03 | BC: 1.3618e-03 | PDE: 5.7904e-01 | Val: 1.3427e-03 | Test: 5.9983e-04 | 
Epoch  11/20 | Steps:  11000 | α=1e-02 | Loss: 6.5101e-03 | BC: 1.3402e-03 | PDE: 5.1699e-01 | Val: 1.3704e-03 | Test: 6.2285e-04 | 
Epoch  12/20 | Steps:  12000 | α=1e-02 | Loss: 6.6931e-03 | BC: 1.3740e-03 | PDE: 5.3191e-01 | Val: 1.4178e-03 | Test: 6.2235e-04 | 
Epoch  13/20 | Steps:  13000 | α=1e-02 | Loss: 6.1422e-03 | BC: 1.3896e-03 | PDE: 4.7526e-01 | Val: 1.3329e-03 | Test: 5.8262e-04 | 
Epoch  14/20 | Steps:  14000 | α=1e-02 | Loss: 7.3236e-03 | BC: 1.3247e-03 | PDE: 5.9989e-01 | Val: 1.3490e-03 | Test: 5.8427e-04 | 
Epoch  15/20 | Steps:  15000 | α=1e-02 | Loss: 6.9189e-03 | BC: 1.3610e-03 | PDE: 5.5579e-01 | Val: 1.3443e-03 | Test: 5.8665e-04 | 
Epoch  16/20 | Steps:  16000 | α=1e-02 | Loss: 6.5835e-03 | BC: 1.3749e-03 | PDE: 5.2086e-01 | Val: 1.3571e-03 | Test: 5.9947e-04 | 
Epoch  17/20 | Steps:  17000 | α=1e-02 | Loss: 8.8213e-03 | BC: 1.3491e-03 | PDE: 7.4722e-01 | Val: 1.3203e-03 | Test: 5.8356e-04 | 
Epoch  18/20 | Steps:  18000 | α=1e-02 | Loss: 7.1060e-03 | BC: 1.3277e-03 | PDE: 5.7783e-01 | Val: 1.3465e-03 | Test: 5.9411e-04 | 
Epoch  19/20 | Steps:  19000 | α=1e-02 | Loss: 6.2716e-03 | BC: 1.3843e-03 | PDE: 4.8872e-01 | Val: 1.3674e-03 | Test: 5.9409e-04 | 
Epoch  20/20 | Steps:  20000 | α=1e-02 | Loss: 6.2615e-03 | BC: 1.3463e-03 | PDE: 4.9152e-01 | Val: 1.3301e-03 | Test: 5.8097e-04 | 

Restored best model from epoch 1 (val_loss: 6.1960e-04, test_loss: 2.6745e-04)
Best checkpoint saved to: outputs/expr_7_2_iter/p150to500_square/fix_alpha_1e-2/checkpoints/best_model.pt
Final checkpoint saved to: outputs/expr_7_2_iter/p150to500_square/fix_alpha_1e-2/checkpoints/final_model.pt
Training completed in 162.15s (20,000 total steps)
  Stage 4 (p=400) PDE diagnostics:
    p-Lap (p=400) raw:        inf
    p-Lap (p=400) normalized: 6.0423e-03
    Inf-Lap raw:              2.1865e-03
    Inf-Lap normalized:       6.7790e-03

============================================================
Stage 5/5: Training with p=500
============================================================

Training configuration:
  Boundary points (train): 32,000 -> 80 batches of 400
  Interior points (train): 1,000,000 -> 1000 batches of 1000
  Interior sampling: RE-SAMPLE each epoch
  Boundary points (val): 8,000
  Validation loss: BC only
  Steps per epoch: 1,000
  Total steps: 20,000
  Epochs: 20
  Loss balancing: FixedAlphaSchedule
  LR scheduler: None (constant LR=1.0e-05)

Epoch   1/20 | Steps:   1000 | α=1e-02 | Loss: 1.8222e-02 | BC: 7.2994e-04 | PDE: 1.7492e+00 | Val: 8.5373e-04 | Test: 3.7145e-04 |  *
Epoch   2/20 | Steps:   2000 | α=1e-02 | Loss: 1.8685e-02 | BC: 1.0087e-03 | PDE: 1.7677e+00 | Val: 1.0971e-03 | Test: 4.8462e-04 | 
Epoch   3/20 | Steps:   3000 | α=1e-02 | Loss: 1.8654e-02 | BC: 1.1489e-03 | PDE: 1.7505e+00 | Val: 1.2281e-03 | Test: 5.3840e-04 | 
Epoch   4/20 | Steps:   4000 | α=1e-02 | Loss: 1.1801e-02 | BC: 1.3308e-03 | PDE: 1.0471e+00 | Val: 1.4219e-03 | Test: 6.1829e-04 | 
Epoch   5/20 | Steps:   5000 | α=1e-02 | Loss: 1.2145e-02 | BC: 1.5121e-03 | PDE: 1.0633e+00 | Val: 1.5837e-03 | Test: 6.9393e-04 | 
Epoch   6/20 | Steps:   6000 | α=1e-02 | Loss: 9.0230e-03 | BC: 1.6432e-03 | PDE: 7.3798e-01 | Val: 1.7390e-03 | Test: 7.5980e-04 | 
Epoch   7/20 | Steps:   7000 | α=1e-02 | Loss: 8.9613e-03 | BC: 1.7604e-03 | PDE: 7.2009e-01 | Val: 1.8200e-03 | Test: 8.1311e-04 | 
Epoch   8/20 | Steps:   8000 | α=1e-02 | Loss: 9.0994e-03 | BC: 1.9304e-03 | PDE: 7.1689e-01 | Val: 1.9862e-03 | Test: 8.9377e-04 | 
Epoch   9/20 | Steps:   9000 | α=1e-02 | Loss: 1.0853e-02 | BC: 2.0136e-03 | PDE: 8.8393e-01 | Val: 2.0166e-03 | Test: 8.9176e-04 | 
Epoch  10/20 | Steps:  10000 | α=1e-02 | Loss: 8.9140e-03 | BC: 2.1025e-03 | PDE: 6.8115e-01 | Val: 2.1065e-03 | Test: 9.2888e-04 | 
Epoch  11/20 | Steps:  11000 | α=1e-02 | Loss: 1.4953e-02 | BC: 2.1136e-03 | PDE: 1.2839e+00 | Val: 2.0913e-03 | Test: 9.3219e-04 | 
Epoch  12/20 | Steps:  12000 | α=1e-02 | Loss: 1.0597e-02 | BC: 2.0879e-03 | PDE: 8.5093e-01 | Val: 2.0865e-03 | Test: 9.2654e-04 | 
Epoch  13/20 | Steps:  13000 | α=1e-02 | Loss: 1.1280e-02 | BC: 2.0678e-03 | PDE: 9.2118e-01 | Val: 2.0258e-03 | Test: 8.9985e-04 | 
Epoch  14/20 | Steps:  14000 | α=1e-02 | Loss: 8.8673e-03 | BC: 2.0268e-03 | PDE: 6.8406e-01 | Val: 2.0604e-03 | Test: 9.1096e-04 | 
Epoch  15/20 | Steps:  15000 | α=1e-02 | Loss: 1.0770e-02 | BC: 2.0701e-03 | PDE: 8.7003e-01 | Val: 2.0844e-03 | Test: 9.3185e-04 | 
Epoch  16/20 | Steps:  16000 | α=1e-02 | Loss: 1.0909e-02 | BC: 2.1193e-03 | PDE: 8.7896e-01 | Val: 2.1569e-03 | Test: 9.6539e-04 | 
Epoch  17/20 | Steps:  17000 | α=1e-02 | Loss: 1.0245e-02 | BC: 2.1032e-03 | PDE: 8.1413e-01 | Val: 2.1043e-03 | Test: 9.4255e-04 | 
Epoch  18/20 | Steps:  18000 | α=1e-02 | Loss: 8.7380e-03 | BC: 2.1193e-03 | PDE: 6.6187e-01 | Val: 2.0919e-03 | Test: 9.3458e-04 | 
Epoch  19/20 | Steps:  19000 | α=1e-02 | Loss: 8.7140e-03 | BC: 2.1162e-03 | PDE: 6.5978e-01 | Val: 2.1084e-03 | Test: 9.3095e-04 | 
Epoch  20/20 | Steps:  20000 | α=1e-02 | Loss: 1.1049e-02 | BC: 2.1251e-03 | PDE: 8.9240e-01 | Val: 2.1912e-03 | Test: 9.6454e-04 | 

Restored best model from epoch 1 (val_loss: 8.5373e-04, test_loss: 3.7145e-04)
Best checkpoint saved to: outputs/expr_7_2_iter/p150to500_square/fix_alpha_1e-2/checkpoints/best_model.pt
Final checkpoint saved to: outputs/expr_7_2_iter/p150to500_square/fix_alpha_1e-2/checkpoints/final_model.pt
Training completed in 169.37s (20,000 total steps)
  Stage 5 (p=500) PDE diagnostics:
    p-Lap (p=500) raw:        inf
    p-Lap (p=500) normalized: 5.9560e-03
    Inf-Lap raw:              2.6290e-03
    Inf-Lap normalized:       6.5939e-03

Iterative training completed in 896.06s
Total epochs: 100

Final Test MSE: 9.6454e-04
Inference (per point): 7.9477e-05s | (full domain): 7.7605e-05s
p-Lap (p=500) PDE test (raw):        inf
p-Lap (p=500) PDE test (normalized): 5.9560e-03
Inf-Lap PDE test (raw):                    2.6290e-03
Inf-Lap PDE test (normalized):             6.5939e-03
Saved .npz files to outputs/expr_7_2_iter/p150to500_square/fix_alpha_1e-2/npy/
Saved plot to outputs/expr_7_2_iter/p150to500_square/fix_alpha_1e-2/plots/results.png
