
============================================================
p-Laplacian Aronsson Example
============================================================

Generated full domain data:
  Boundary points: 40,000
  Interior points: 1,000,000
  Test points: 10,000
Re-sampling enabled: ~1,000,000 interior points per epoch

Splitting data: 80% train, 20% validation
  BC: 32,000 train, 8,000 val
  Interior: 800,000 train, 200,000 val

Model: PLaplacianPINN on Square [-1,1]²
  Hidden layers: [128, 128, 128, 128], activation: tanh
  η=0.0, clip_residual=100.0, clip_grad_norm=0.0
  Outlier removal: top 2.0%
  Parameters: 50,049

Training configuration:
  Boundary points (train): 32,000 -> 80 batches of 400
  Interior points (train): 1,000,000 -> 1000 batches of 1000
  Interior sampling: RE-SAMPLE each epoch
  Boundary points (val): 8,000
  Validation loss: BC only
  Steps per epoch: 1,000
  Total steps: 100,000
  Epochs: 100
  Loss balancing: AlphaPlateauScheduler
  LR scheduler: cosine (LR: 1.0e-03 -> 1.0e-05)

/usr/local/lib/python3.12/dist-packages/torch/autograd/graph.py:824: UserWarning: Attempting to run cuBLAS, but there was no current CUDA context! Attempting to set the primary context... (Triggered internally at /opt/pytorch/pytorch/aten/src/ATen/cuda/CublasHandlePool.cpp:181.)
  return Variable._execution_engine.run_backward(  # Calls into the C++ engine to run the backward pass
Epoch   1/100 | Steps:   1000 | α=1e-05 | Loss: 2.8803e-02 | BC: 2.4684e-02 | PDE: 4.1189e+02 | Val: 3.9625e-04 | Test: 8.0757e-04 | LR=1.0e-03 *
Epoch   2/100 | Steps:   2000 | α=1e-05 | Loss: 8.7153e-04 | BC: 3.4657e-04 | PDE: 5.2496e+01 | Val: 7.7811e-04 | Test: 8.7676e-04 | LR=1.0e-03
Epoch   3/100 | Steps:   3000 | α=1e-05 | Loss: 6.9473e-04 | BC: 3.1335e-04 | PDE: 3.8138e+01 | Val: 1.0908e-04 | Test: 4.0785e-04 | LR=1.0e-03 *
Epoch   4/100 | Steps:   4000 | α=1e-05 | Loss: 5.4937e-04 | BC: 2.5044e-04 | PDE: 2.9893e+01 | Val: 2.6110e-04 | Test: 4.2030e-04 | LR=1.0e-03
Epoch   5/100 | Steps:   5000 | α=1e-05 | Loss: 5.2527e-04 | BC: 2.5285e-04 | PDE: 2.7242e+01 | Val: 8.5222e-05 | Test: 2.6373e-04 | LR=1.0e-03 *
Epoch   6/100 | Steps:   6000 | α=1e-05 | Loss: 5.0776e-04 | BC: 2.4196e-04 | PDE: 2.6581e+01 | Val: 5.2643e-04 | Test: 5.5724e-04 | LR=9.9e-04
Epoch   7/100 | Steps:   7000 | α=1e-05 | Loss: 4.4244e-04 | BC: 2.1957e-04 | PDE: 2.2287e+01 | Val: 9.2735e-05 | Test: 2.9330e-04 | LR=9.9e-04
Epoch   8/100 | Steps:   8000 | α=1e-05 | Loss: 4.1935e-04 | BC: 1.9649e-04 | PDE: 2.2286e+01 | Val: 2.0602e-04 | Test: 3.0631e-04 | LR=9.9e-04
Epoch   9/100 | Steps:   9000 | α=1e-05 | Loss: 3.9183e-04 | BC: 2.0304e-04 | PDE: 1.8879e+01 | Val: 2.1414e-04 | Test: 3.2900e-04 | LR=9.8e-04
Epoch  10/100 | Steps:  10000 | α=1e-05 | Loss: 3.8036e-04 | BC: 1.8265e-04 | PDE: 1.9771e+01 | Val: 1.5701e-04 | Test: 2.7366e-04 | LR=9.8e-04
Epoch  11/100 | Steps:  11000 | α=1e-05 | Loss: 3.2245e-04 | BC: 1.7016e-04 | PDE: 1.5229e+01 | Val: 5.9251e-05 | Test: 1.9734e-04 | LR=9.8e-04 *
Epoch  12/100 | Steps:  12000 | α=1e-05 | Loss: 3.2771e-04 | BC: 1.6263e-04 | PDE: 1.6508e+01 | Val: 7.3347e-05 | Test: 2.0895e-04 | LR=9.7e-04
Epoch  13/100 | Steps:  13000 | α=1e-05 | Loss: 3.3283e-04 | BC: 1.5397e-04 | PDE: 1.7886e+01 | Val: 1.1363e-04 | Test: 2.1970e-04 | LR=9.7e-04
Epoch  14/100 | Steps:  14000 | α=1e-05 | Loss: 2.7479e-04 | BC: 1.4196e-04 | PDE: 1.3283e+01 | Val: 7.9787e-05 | Test: 2.0315e-04 | LR=9.6e-04
Epoch  15/100 | Steps:  15000 | α=1e-05 | Loss: 2.7887e-04 | BC: 1.4151e-04 | PDE: 1.3736e+01 | Val: 6.5943e-04 | Test: 5.9289e-04 | LR=9.5e-04
Epoch  16/100 | Steps:  16000 | α=1e-05 | Loss: 2.6895e-04 | BC: 1.3593e-04 | PDE: 1.3302e+01 | Val: 2.2879e-04 | Test: 2.8348e-04 | LR=9.5e-04
Epoch  17/100 | Steps:  17000 | α=1e-05 | Loss: 2.5978e-04 | BC: 1.3616e-04 | PDE: 1.2363e+01 | Val: 4.0929e-05 | Test: 1.5611e-04 | LR=9.4e-04 *

>>> Alpha increased: 1e-05 → 1e-04 (BC=1.3904e-04) <<<
Epoch  18/100 | Steps:  18000 | α=1e-04 | Loss: 2.6733e-04 | BC: 1.3904e-04 | PDE: 1.2830e+01 | Val: 7.0419e-05 | Test: 1.9639e-04 | LR=9.3e-04 *
Epoch  19/100 | Steps:  19000 | α=1e-04 | Loss: 6.1349e-03 | BC: 3.2257e-03 | PDE: 2.9093e+01 | Val: 2.2273e-04 | Test: 2.6158e-04 | LR=9.2e-04
Epoch  20/100 | Steps:  20000 | α=1e-04 | Loss: 1.5101e-03 | BC: 4.5377e-04 | PDE: 1.0563e+01 | Val: 1.7560e-04 | Test: 2.3926e-04 | LR=9.1e-04
Epoch  21/100 | Steps:  21000 | α=1e-04 | Loss: 1.2305e-03 | BC: 3.5255e-04 | PDE: 8.7799e+00 | Val: 2.1631e-04 | Test: 3.6442e-04 | LR=9.1e-04
Epoch  22/100 | Steps:  22000 | α=1e-04 | Loss: 1.1327e-03 | BC: 3.1544e-04 | PDE: 8.1730e+00 | Val: 2.2044e-04 | Test: 2.9596e-04 | LR=9.0e-04
Epoch  23/100 | Steps:  23000 | α=1e-04 | Loss: 1.1093e-03 | BC: 3.1743e-04 | PDE: 7.9187e+00 | Val: 1.1048e-04 | Test: 1.6369e-04 | LR=8.9e-04
Epoch  24/100 | Steps:  24000 | α=1e-04 | Loss: 9.3795e-04 | BC: 2.5235e-04 | PDE: 6.8560e+00 | Val: 5.9261e-04 | Test: 5.4883e-04 | LR=8.8e-04
Epoch  25/100 | Steps:  25000 | α=1e-04 | Loss: 1.0004e-03 | BC: 2.8319e-04 | PDE: 7.1726e+00 | Val: 2.5625e-04 | Test: 3.1166e-04 | LR=8.7e-04
Epoch  26/100 | Steps:  26000 | α=1e-04 | Loss: 9.7290e-04 | BC: 2.7808e-04 | PDE: 6.9482e+00 | Val: 1.4125e-04 | Test: 2.3120e-04 | LR=8.6e-04
Epoch  27/100 | Steps:  27000 | α=1e-04 | Loss: 7.7552e-04 | BC: 2.0078e-04 | PDE: 5.7473e+00 | Val: 2.0498e-04 | Test: 2.9489e-04 | LR=8.4e-04
Epoch  28/100 | Steps:  28000 | α=1e-04 | Loss: 8.9958e-04 | BC: 2.5179e-04 | PDE: 6.4779e+00 | Val: 2.0431e-04 | Test: 2.5232e-04 | LR=8.3e-04
Epoch  29/100 | Steps:  29000 | α=1e-04 | Loss: 7.5535e-04 | BC: 2.0566e-04 | PDE: 5.4969e+00 | Val: 5.9907e-05 | Test: 1.4973e-04 | LR=8.2e-04 *
Epoch  30/100 | Steps:  30000 | α=1e-04 | Loss: 8.1391e-04 | BC: 2.2733e-04 | PDE: 5.8658e+00 | Val: 1.0761e-04 | Test: 2.0557e-04 | LR=8.1e-04
Epoch  31/100 | Steps:  31000 | α=1e-04 | Loss: 6.9720e-04 | BC: 1.8780e-04 | PDE: 5.0940e+00 | Val: 9.2867e-05 | Test: 1.9848e-04 | LR=8.0e-04

>>> Alpha increased: 1e-04 → 1e-03 (BC=1.7143e-04) <<<
Epoch  32/100 | Steps:  32000 | α=1e-03 | Loss: 6.7098e-04 | BC: 1.7143e-04 | PDE: 4.9956e+00 | Val: 1.7079e-04 | Test: 2.8032e-04 | LR=7.8e-04 *
Epoch  33/100 | Steps:  33000 | α=1e-03 | Loss: 9.9852e-03 | BC: 4.6668e-03 | PDE: 5.3184e+00 | Val: 2.9362e-03 | Test: 1.6916e-03 | LR=7.7e-04
Epoch  34/100 | Steps:  34000 | α=1e-03 | Loss: 6.1814e-03 | BC: 2.3806e-03 | PDE: 3.8008e+00 | Val: 7.4077e-04 | Test: 5.4596e-04 | LR=7.6e-04
Epoch  35/100 | Steps:  35000 | α=1e-03 | Loss: 5.0700e-03 | BC: 1.8346e-03 | PDE: 3.2353e+00 | Val: 2.0713e-03 | Test: 1.2845e-03 | LR=7.4e-04
Epoch  36/100 | Steps:  36000 | α=1e-03 | Loss: 4.6918e-03 | BC: 1.6783e-03 | PDE: 3.0136e+00 | Val: 8.6576e-04 | Test: 6.4799e-04 | LR=7.3e-04
Epoch  37/100 | Steps:  37000 | α=1e-03 | Loss: 4.7313e-03 | BC: 1.6636e-03 | PDE: 3.0676e+00 | Val: 1.7123e-03 | Test: 1.0591e-03 | LR=7.2e-04
Epoch  38/100 | Steps:  38000 | α=1e-03 | Loss: 4.1587e-03 | BC: 1.4207e-03 | PDE: 2.7380e+00 | Val: 6.8569e-04 | Test: 5.2927e-04 | LR=7.0e-04
Epoch  39/100 | Steps:  39000 | α=1e-03 | Loss: 4.1523e-03 | BC: 1.3773e-03 | PDE: 2.7750e+00 | Val: 1.3945e-03 | Test: 9.3908e-04 | LR=6.9e-04
Epoch  40/100 | Steps:  40000 | α=1e-03 | Loss: 4.0455e-03 | BC: 1.2992e-03 | PDE: 2.7463e+00 | Val: 1.2593e-03 | Test: 8.8439e-04 | LR=6.7e-04
Epoch  41/100 | Steps:  41000 | α=1e-03 | Loss: 3.8855e-03 | BC: 1.2483e-03 | PDE: 2.6372e+00 | Val: 1.2461e-03 | Test: 9.4352e-04 | LR=6.6e-04
Epoch  42/100 | Steps:  42000 | α=1e-03 | Loss: 3.6452e-03 | BC: 1.1333e-03 | PDE: 2.5118e+00 | Val: 1.9383e-03 | Test: 1.2022e-03 | LR=6.4e-04
Epoch  43/100 | Steps:  43000 | α=1e-03 | Loss: 3.4255e-03 | BC: 1.0489e-03 | PDE: 2.3766e+00 | Val: 1.5117e-03 | Test: 1.0002e-03 | LR=6.3e-04
Epoch  44/100 | Steps:  44000 | α=1e-03 | Loss: 3.2923e-03 | BC: 1.0142e-03 | PDE: 2.2781e+00 | Val: 1.1430e-03 | Test: 8.4192e-04 | LR=6.1e-04
Epoch  45/100 | Steps:  45000 | α=1e-03 | Loss: 3.1172e-03 | BC: 9.5707e-04 | PDE: 2.1601e+00 | Val: 1.1707e-03 | Test: 8.3687e-04 | LR=6.0e-04
Epoch  46/100 | Steps:  46000 | α=1e-03 | Loss: 2.9791e-03 | BC: 8.6951e-04 | PDE: 2.1096e+00 | Val: 4.7669e-04 | Test: 4.3306e-04 | LR=5.8e-04
Epoch  47/100 | Steps:  47000 | α=1e-03 | Loss: 2.6304e-03 | BC: 7.1505e-04 | PDE: 1.9154e+00 | Val: 1.2533e-03 | Test: 8.6359e-04 | LR=5.7e-04
Epoch  48/100 | Steps:  48000 | α=1e-03 | Loss: 2.8686e-03 | BC: 8.2540e-04 | PDE: 2.0432e+00 | Val: 1.0125e-03 | Test: 7.0745e-04 | LR=5.5e-04
Epoch  49/100 | Steps:  49000 | α=1e-03 | Loss: 2.4402e-03 | BC: 6.5530e-04 | PDE: 1.7849e+00 | Val: 3.4484e-04 | Test: 3.3865e-04 | LR=5.4e-04
Epoch  50/100 | Steps:  50000 | α=1e-03 | Loss: 2.4479e-03 | BC: 6.3572e-04 | PDE: 1.8121e+00 | Val: 1.1164e-03 | Test: 7.9768e-04 | LR=5.2e-04
Epoch  51/100 | Steps:  51000 | α=1e-03 | Loss: 2.3955e-03 | BC: 6.3924e-04 | PDE: 1.7562e+00 | Val: 2.5605e-04 | Test: 2.8111e-04 | LR=5.1e-04
Epoch  52/100 | Steps:  52000 | α=1e-03 | Loss: 2.0250e-03 | BC: 5.1100e-04 | PDE: 1.5140e+00 | Val: 3.7833e-04 | Test: 3.7942e-04 | LR=4.9e-04
Epoch  53/100 | Steps:  53000 | α=1e-03 | Loss: 2.3854e-03 | BC: 6.2033e-04 | PDE: 1.7651e+00 | Val: 5.2269e-04 | Test: 4.5932e-04 | LR=4.7e-04
Epoch  54/100 | Steps:  54000 | α=1e-03 | Loss: 1.8469e-03 | BC: 4.3617e-04 | PDE: 1.4107e+00 | Val: 2.2163e-04 | Test: 2.6432e-04 | LR=4.6e-04
Epoch  55/100 | Steps:  55000 | α=1e-03 | Loss: 1.7556e-03 | BC: 4.2268e-04 | PDE: 1.3329e+00 | Val: 5.5713e-04 | Test: 4.7979e-04 | LR=4.4e-04
Epoch  56/100 | Steps:  56000 | α=1e-03 | Loss: 1.7511e-03 | BC: 4.0204e-04 | PDE: 1.3491e+00 | Val: 6.1528e-04 | Test: 5.1933e-04 | LR=4.3e-04
Epoch  57/100 | Steps:  57000 | α=1e-03 | Loss: 1.5863e-03 | BC: 3.4629e-04 | PDE: 1.2400e+00 | Val: 6.5539e-04 | Test: 5.5523e-04 | LR=4.1e-04
Epoch  58/100 | Steps:  58000 | α=1e-03 | Loss: 1.3843e-03 | BC: 2.9573e-04 | PDE: 1.0886e+00 | Val: 1.8756e-04 | Test: 2.5037e-04 | LR=4.0e-04
Epoch  59/100 | Steps:  59000 | α=1e-03 | Loss: 1.3261e-03 | BC: 2.5705e-04 | PDE: 1.0691e+00 | Val: 4.1895e-04 | Test: 4.1892e-04 | LR=3.8e-04
Epoch  60/100 | Steps:  60000 | α=1e-03 | Loss: 1.3935e-03 | BC: 2.7938e-04 | PDE: 1.1141e+00 | Val: 1.3191e-04 | Test: 2.1273e-04 | LR=3.7e-04 *
Epoch  61/100 | Steps:  61000 | α=1e-03 | Loss: 1.2893e-03 | BC: 2.6120e-04 | PDE: 1.0281e+00 | Val: 8.4016e-05 | Test: 1.6416e-04 | LR=3.5e-04 *
Epoch  62/100 | Steps:  62000 | α=1e-03 | Loss: 1.1646e-03 | BC: 2.2658e-04 | PDE: 9.3799e-01 | Val: 1.7546e-04 | Test: 2.5253e-04 | LR=3.4e-04
Epoch  63/100 | Steps:  63000 | α=1e-03 | Loss: 1.0533e-03 | BC: 2.0052e-04 | PDE: 8.5283e-01 | Val: 1.3462e-04 | Test: 2.2514e-04 | LR=3.2e-04
Epoch  64/100 | Steps:  64000 | α=1e-03 | Loss: 9.0987e-04 | BC: 1.6677e-04 | PDE: 7.4310e-01 | Val: 4.3806e-04 | Test: 4.4279e-04 | LR=3.1e-04
Epoch  65/100 | Steps:  65000 | α=1e-03 | Loss: 7.9444e-04 | BC: 1.4624e-04 | PDE: 6.4820e-01 | Val: 9.9742e-05 | Test: 1.9811e-04 | LR=2.9e-04
Epoch  66/100 | Steps:  66000 | α=1e-03 | Loss: 7.6837e-04 | BC: 1.3583e-04 | PDE: 6.3254e-01 | Val: 2.5626e-04 | Test: 3.2204e-04 | LR=2.8e-04
Epoch  67/100 | Steps:  67000 | α=1e-03 | Loss: 5.8766e-04 | BC: 1.0210e-04 | PDE: 4.8556e-01 | Val: 8.8093e-05 | Test: 1.9632e-04 | LR=2.7e-04
Epoch  68/100 | Steps:  68000 | α=1e-03 | Loss: 6.8876e-04 | BC: 1.1803e-04 | PDE: 5.7073e-01 | Val: 5.8449e-05 | Test: 1.5818e-04 | LR=2.5e-04 *
Epoch  69/100 | Steps:  69000 | α=1e-03 | Loss: 5.3572e-04 | BC: 9.0988e-05 | PDE: 4.4473e-01 | Val: 3.9639e-04 | Test: 4.3712e-04 | LR=2.4e-04
Epoch  70/100 | Steps:  70000 | α=1e-03 | Loss: 4.9262e-04 | BC: 8.6597e-05 | PDE: 4.0602e-01 | Val: 1.2829e-04 | Test: 2.4187e-04 | LR=2.3e-04
Epoch  71/100 | Steps:  71000 | α=1e-03 | Loss: 4.0417e-04 | BC: 7.3707e-05 | PDE: 3.3047e-01 | Val: 5.4945e-05 | Test: 1.6545e-04 | LR=2.1e-04 *
Epoch  72/100 | Steps:  72000 | α=1e-03 | Loss: 4.3723e-04 | BC: 7.9258e-05 | PDE: 3.5797e-01 | Val: 5.4010e-05 | Test: 1.6134e-04 | LR=2.0e-04 *
Epoch  73/100 | Steps:  73000 | α=1e-03 | Loss: 3.0853e-04 | BC: 5.7880e-05 | PDE: 2.5065e-01 | Val: 4.6881e-05 | Test: 1.5552e-04 | LR=1.9e-04 *
Epoch  74/100 | Steps:  74000 | α=1e-03 | Loss: 2.9554e-04 | BC: 5.6158e-05 | PDE: 2.3938e-01 | Val: 4.9180e-05 | Test: 1.6184e-04 | LR=1.8e-04
Epoch  75/100 | Steps:  75000 | α=1e-03 | Loss: 2.8472e-04 | BC: 5.4583e-05 | PDE: 2.3013e-01 | Val: 4.8457e-05 | Test: 1.6334e-04 | LR=1.7e-04
Epoch  76/100 | Steps:  76000 | α=1e-03 | Loss: 2.2640e-04 | BC: 4.6644e-05 | PDE: 1.7976e-01 | Val: 1.1421e-04 | Test: 2.3900e-04 | LR=1.5e-04
Epoch  77/100 | Steps:  77000 | α=1e-03 | Loss: 1.8790e-04 | BC: 4.5383e-05 | PDE: 1.4252e-01 | Val: 4.2579e-05 | Test: 1.5424e-04 | LR=1.4e-04 *
Epoch  78/100 | Steps:  78000 | α=1e-03 | Loss: 1.7520e-04 | BC: 4.2884e-05 | PDE: 1.3232e-01 | Val: 4.0045e-05 | Test: 1.5205e-04 | LR=1.3e-04 *
Epoch  79/100 | Steps:  79000 | α=1e-03 | Loss: 1.7214e-04 | BC: 4.2288e-05 | PDE: 1.2985e-01 | Val: 4.1337e-05 | Test: 1.5631e-04 | LR=1.2e-04
Epoch  80/100 | Steps:  80000 | α=1e-03 | Loss: 1.6027e-04 | BC: 4.1580e-05 | PDE: 1.1869e-01 | Val: 4.0446e-05 | Test: 1.5613e-04 | LR=1.1e-04
Epoch  81/100 | Steps:  81000 | α=1e-03 | Loss: 1.3904e-04 | BC: 3.9716e-05 | PDE: 9.9325e-02 | Val: 3.8878e-05 | Test: 1.5458e-04 | LR=1.0e-04 *

>>> Alpha increased: 1e-03 → 1e-02 (BC=3.8575e-05) <<<
Epoch  82/100 | Steps:  82000 | α=1e-02 | Loss: 1.2591e-04 | BC: 3.8575e-05 | PDE: 8.7337e-02 | Val: 3.8890e-05 | Test: 1.5531e-04 | LR=9.6e-05 *
Epoch  83/100 | Steps:  83000 | α=1e-02 | Loss: 2.9866e-03 | BC: 6.4985e-04 | PDE: 2.3368e-01 | Val: 3.5320e-04 | Test: 4.1879e-04 | LR=8.7e-05
Epoch  84/100 | Steps:  84000 | α=1e-02 | Loss: 1.3814e-03 | BC: 2.7870e-04 | PDE: 1.1027e-01 | Val: 2.1902e-04 | Test: 3.2480e-04 | LR=7.9e-05
Epoch  85/100 | Steps:  85000 | α=1e-02 | Loss: 1.1353e-03 | BC: 2.0509e-04 | PDE: 9.3024e-02 | Val: 1.9257e-04 | Test: 3.0513e-04 | LR=7.1e-05
Epoch  86/100 | Steps:  86000 | α=1e-02 | Loss: 9.5184e-04 | BC: 1.6437e-04 | PDE: 7.8747e-02 | Val: 1.6700e-04 | Test: 2.8717e-04 | LR=6.4e-05
Epoch  87/100 | Steps:  87000 | α=1e-02 | Loss: 8.9002e-04 | BC: 1.4675e-04 | PDE: 7.4328e-02 | Val: 1.4715e-04 | Test: 2.7177e-04 | LR=5.7e-05
Epoch  88/100 | Steps:  88000 | α=1e-02 | Loss: 7.3610e-04 | BC: 1.2097e-04 | PDE: 6.1513e-02 | Val: 1.1549e-04 | Test: 2.4568e-04 | LR=5.1e-05
Epoch  89/100 | Steps:  89000 | α=1e-02 | Loss: 6.3761e-04 | BC: 1.0158e-04 | PDE: 5.3603e-02 | Val: 1.0226e-04 | Test: 2.3555e-04 | LR=4.5e-05
Epoch  90/100 | Steps:  90000 | α=1e-02 | Loss: 6.3297e-04 | BC: 9.6347e-05 | PDE: 5.3663e-02 | Val: 9.1241e-05 | Test: 2.2509e-04 | LR=3.9e-05
Epoch  91/100 | Steps:  91000 | α=1e-02 | Loss: 5.7553e-04 | BC: 8.6760e-05 | PDE: 4.8877e-02 | Val: 8.1770e-05 | Test: 2.1633e-04 | LR=3.4e-05
Epoch  92/100 | Steps:  92000 | α=1e-02 | Loss: 5.0168e-04 | BC: 7.6272e-05 | PDE: 4.2541e-02 | Val: 7.6846e-05 | Test: 2.1319e-04 | LR=3.0e-05
Epoch  93/100 | Steps:  93000 | α=1e-02 | Loss: 4.5331e-04 | BC: 7.0862e-05 | PDE: 3.8245e-02 | Val: 7.0547e-05 | Test: 2.0776e-04 | LR=2.6e-05
Epoch  94/100 | Steps:  94000 | α=1e-02 | Loss: 3.9908e-04 | BC: 6.4073e-05 | PDE: 3.3500e-02 | Val: 6.5724e-05 | Test: 2.0256e-04 | LR=2.2e-05
Epoch  95/100 | Steps:  95000 | α=1e-02 | Loss: 3.7210e-04 | BC: 6.0667e-05 | PDE: 3.1144e-02 | Val: 6.1996e-05 | Test: 1.9935e-04 | LR=1.9e-05
Epoch  96/100 | Steps:  96000 | α=1e-02 | Loss: 3.4919e-04 | BC: 5.8012e-05 | PDE: 2.9118e-02 | Val: 6.0558e-05 | Test: 1.9817e-04 | LR=1.6e-05
Epoch  97/100 | Steps:  97000 | α=1e-02 | Loss: 3.2914e-04 | BC: 5.6412e-05 | PDE: 2.7272e-02 | Val: 5.7288e-05 | Test: 1.9453e-04 | LR=1.4e-05
Epoch  98/100 | Steps:  98000 | α=1e-02 | Loss: 3.2422e-04 | BC: 5.4971e-05 | PDE: 2.6925e-02 | Val: 5.7515e-05 | Test: 1.9523e-04 | LR=1.2e-05
Epoch  99/100 | Steps:  99000 | α=1e-02 | Loss: 3.1499e-04 | BC: 5.4391e-05 | PDE: 2.6060e-02 | Val: 5.6083e-05 | Test: 1.9410e-04 | LR=1.1e-05

>>> Alpha increased: 1e-02 → 1e-01 (BC=5.3592e-05) <<<
Epoch 100/100 | Steps: 100000 | α=1e-01 | Loss: 3.0868e-04 | BC: 5.3592e-05 | PDE: 2.5509e-02 | Val: 5.4868e-05 | Test: 1.9314e-04 | LR=1.0e-05 *

Restored best model from epoch 100 (val_loss: 5.4868e-05, test_loss: 1.9314e-04)
Best checkpoint saved to: outputs/expr_6_3_simple/p10_square/gradclip0_eta0/checkpoints/best_model.pt
Final checkpoint saved to: outputs/expr_6_3_simple/p10_square/gradclip0_eta0/checkpoints/final_model.pt
Training completed in 989.87s (100,000 total steps)

Final Test MSE: 1.9314e-04
Inference (per point): 7.8087e-05s | (full domain): 7.6239e-05s
p-Lap (p=10) PDE test (raw):        1.3910e-01
p-Lap (p=10) PDE test (normalized): 2.8491e-02
Inf-Lap PDE test (raw):                    1.2032e-01
Inf-Lap PDE test (normalized):             1.2217e-01
Saved .npz files to outputs/expr_6_3_simple/p10_square/gradclip0_eta0/npy/
Saved plot to outputs/expr_6_3_simple/p10_square/gradclip0_eta0/plots/results.png
