
============================================================
p-Laplacian Aronsson Example
============================================================

Generated full domain data:
  Boundary points: 40,000
  Interior points: 1,000,000
  Test points: 10,000
Re-sampling enabled: ~1,000,000 interior points per epoch

Splitting data: 80% train, 20% validation
  BC: 32,000 train, 8,000 val
  Interior: 800,000 train, 200,000 val

Model: PLaplacianPINN on Square [-1,1]²
  Hidden layers: [128, 128, 128, 128], activation: tanh
  η=1e-05, clip_residual=10.0, clip_grad_norm=1.0
  Parameters: 50,049

Training configuration:
  Boundary points (train): 32,000 -> 80 batches of 400
  Interior points (train): 1,000,000 -> 1000 batches of 1000
  Interior sampling: RE-SAMPLE each epoch
  Boundary points (val): 8,000
  Validation loss: BC only
  Steps per epoch: 1,000
  Total steps: 100,000
  Epochs: 100
  Loss balancing: AlphaPlateauScheduler
  LR scheduler: cosine (LR: 1.0e-03 -> 1.0e-05)

/usr/local/lib/python3.12/dist-packages/torch/autograd/graph.py:824: UserWarning: Attempting to run cuBLAS, but there was no current CUDA context! Attempting to set the primary context... (Triggered internally at /opt/pytorch/pytorch/aten/src/ATen/cuda/CublasHandlePool.cpp:181.)
  return Variable._execution_engine.run_backward(  # Calls into the C++ engine to run the backward pass
Epoch   1/100 | Steps:   1000 | α=1e-05 | Loss: 2.3128e-02 | BC: 2.2374e-02 | PDE: 7.5450e+01 | Val: 3.3494e-04 | Test: 5.4091e-02 | LR=1.0e-03 *
Epoch   2/100 | Steps:   2000 | α=1e-05 | Loss: 1.1833e-03 | BC: 3.8398e-04 | PDE: 7.9930e+01 | Val: 2.6089e-04 | Test: 7.8527e-02 | LR=1.0e-03 *
Epoch   3/100 | Steps:   3000 | α=1e-05 | Loss: 1.0578e-03 | BC: 2.6373e-04 | PDE: 7.9411e+01 | Val: 1.1586e-04 | Test: 7.4838e-02 | LR=1.0e-03 *
Epoch   4/100 | Steps:   4000 | α=1e-05 | Loss: 9.6800e-04 | BC: 2.1991e-04 | PDE: 7.4809e+01 | Val: 2.1755e-04 | Test: 7.4012e-02 | LR=1.0e-03
Epoch   5/100 | Steps:   5000 | α=1e-05 | Loss: 8.9406e-04 | BC: 2.2633e-04 | PDE: 6.6773e+01 | Val: 8.5331e-05 | Test: 8.0865e-02 | LR=1.0e-03 *
Epoch   6/100 | Steps:   6000 | α=1e-05 | Loss: 8.7170e-04 | BC: 2.4731e-04 | PDE: 6.2439e+01 | Val: 1.0850e-04 | Test: 9.9105e-02 | LR=9.9e-04
Epoch   7/100 | Steps:   7000 | α=1e-05 | Loss: 8.1933e-04 | BC: 2.4531e-04 | PDE: 5.7402e+01 | Val: 8.7841e-05 | Test: 1.2630e-01 | LR=9.9e-04
Epoch   8/100 | Steps:   8000 | α=1e-05 | Loss: 7.1343e-04 | BC: 1.7630e-04 | PDE: 5.3713e+01 | Val: 1.0814e-04 | Test: 1.4616e-01 | LR=9.9e-04
Epoch   9/100 | Steps:   9000 | α=1e-05 | Loss: 7.8758e-04 | BC: 2.4644e-04 | PDE: 5.4113e+01 | Val: 4.3329e-05 | Test: 1.2254e-01 | LR=9.8e-04 *
Epoch  10/100 | Steps:  10000 | α=1e-05 | Loss: 1.2082e-03 | BC: 6.1366e-04 | PDE: 5.9457e+01 | Val: 7.1160e-05 | Test: 1.0158e-01 | LR=9.8e-04
Epoch  11/100 | Steps:  11000 | α=1e-05 | Loss: 7.9160e-04 | BC: 2.4593e-04 | PDE: 5.4567e+01 | Val: 4.8138e-05 | Test: 1.3809e-01 | LR=9.8e-04
Epoch  12/100 | Steps:  12000 | α=1e-05 | Loss: 6.9997e-04 | BC: 1.7895e-04 | PDE: 5.2102e+01 | Val: 3.6970e-05 | Test: 1.4297e-01 | LR=9.7e-04 *

>>> Alpha increased: 1e-05 → 1e-04 (BC=2.5691e-04) <<<
Epoch  13/100 | Steps:  13000 | α=1e-04 | Loss: 8.3349e-04 | BC: 2.5691e-04 | PDE: 5.7657e+01 | Val: 6.8969e-05 | Test: 1.0765e-01 | LR=9.7e-04 *
Epoch  14/100 | Steps:  14000 | α=1e-04 | Loss: 5.6837e-03 | BC: 1.4511e-03 | PDE: 4.2327e+01 | Val: 4.3437e-04 | Test: 2.0567e-01 | LR=9.6e-04
Epoch  15/100 | Steps:  15000 | α=1e-04 | Loss: 4.0906e-03 | BC: 1.2419e-03 | PDE: 2.8486e+01 | Val: 2.0111e-03 | Test: 1.9522e-01 | LR=9.5e-04
Epoch  16/100 | Steps:  16000 | α=1e-04 | Loss: 3.6184e-03 | BC: 1.1815e-03 | PDE: 2.4370e+01 | Val: 3.0425e-04 | Test: 1.8129e-01 | LR=9.5e-04
Epoch  17/100 | Steps:  17000 | α=1e-04 | Loss: 2.9771e-03 | BC: 8.7602e-04 | PDE: 2.1011e+01 | Val: 6.4738e-04 | Test: 2.1473e-01 | LR=9.4e-04
Epoch  18/100 | Steps:  18000 | α=1e-04 | Loss: 2.8446e-03 | BC: 7.3453e-04 | PDE: 2.1101e+01 | Val: 4.7152e-04 | Test: 1.6662e-01 | LR=9.3e-04
Epoch  19/100 | Steps:  19000 | α=1e-04 | Loss: 3.2927e-03 | BC: 9.3343e-04 | PDE: 2.3593e+01 | Val: 5.7680e-04 | Test: 2.1146e-01 | LR=9.2e-04
Epoch  20/100 | Steps:  20000 | α=1e-04 | Loss: 2.3835e-03 | BC: 7.5777e-04 | PDE: 1.6257e+01 | Val: 6.4752e-04 | Test: 1.9400e-01 | LR=9.1e-04
Epoch  21/100 | Steps:  21000 | α=1e-04 | Loss: 2.3897e-03 | BC: 1.0319e-03 | PDE: 1.3578e+01 | Val: 5.4441e-04 | Test: 1.9973e-01 | LR=9.1e-04
Epoch  22/100 | Steps:  22000 | α=1e-04 | Loss: 1.7832e-03 | BC: 6.5526e-04 | PDE: 1.1279e+01 | Val: 1.2469e-03 | Test: 2.0036e-01 | LR=9.0e-04
Epoch  23/100 | Steps:  23000 | α=1e-04 | Loss: 1.8234e-03 | BC: 7.2057e-04 | PDE: 1.1028e+01 | Val: 4.8958e-04 | Test: 2.0915e-01 | LR=8.9e-04
Epoch  24/100 | Steps:  24000 | α=1e-04 | Loss: 1.8051e-03 | BC: 6.8813e-04 | PDE: 1.1170e+01 | Val: 3.0948e-04 | Test: 2.0065e-01 | LR=8.8e-04
Epoch  25/100 | Steps:  25000 | α=1e-04 | Loss: 1.5451e-03 | BC: 5.3180e-04 | PDE: 1.0133e+01 | Val: 1.4888e-03 | Test: 2.0663e-01 | LR=8.7e-04
Epoch  26/100 | Steps:  26000 | α=1e-04 | Loss: 2.2582e-03 | BC: 8.2381e-04 | PDE: 1.4344e+01 | Val: 4.5121e-04 | Test: 2.2064e-01 | LR=8.6e-04

>>> Alpha increased: 1e-04 → 1e-03 (BC=7.5840e-04) <<<
Epoch  27/100 | Steps:  27000 | α=1e-03 | Loss: 2.4630e-03 | BC: 7.5840e-04 | PDE: 1.7046e+01 | Val: 5.2100e-04 | Test: 1.6998e-01 | LR=8.4e-04 *
Epoch  28/100 | Steps:  28000 | α=1e-03 | Loss: 2.5594e-02 | BC: 6.6435e-03 | PDE: 1.8950e+01 | Val: 6.4048e-03 | Test: 1.5705e-01 | LR=8.3e-04
Epoch  29/100 | Steps:  29000 | α=1e-03 | Loss: 1.7303e-02 | BC: 4.0148e-03 | PDE: 1.3288e+01 | Val: 2.2715e-03 | Test: 1.9418e-01 | LR=8.2e-04
Epoch  30/100 | Steps:  30000 | α=1e-03 | Loss: 1.2605e-02 | BC: 3.5117e-03 | PDE: 9.0937e+00 | Val: 3.3398e-03 | Test: 2.1022e-01 | LR=8.1e-04
Epoch  31/100 | Steps:  31000 | α=1e-03 | Loss: 1.1530e-02 | BC: 3.1064e-03 | PDE: 8.4235e+00 | Val: 3.5462e-03 | Test: 1.4986e-01 | LR=8.0e-04
Epoch  32/100 | Steps:  32000 | α=1e-03 | Loss: 1.3052e-02 | BC: 3.5643e-03 | PDE: 9.4873e+00 | Val: 2.5641e-03 | Test: 1.7246e-01 | LR=7.8e-04
Epoch  33/100 | Steps:  33000 | α=1e-03 | Loss: 1.1918e-02 | BC: 2.9922e-03 | PDE: 8.9255e+00 | Val: 2.9418e-03 | Test: 1.7265e-01 | LR=7.7e-04
Epoch  34/100 | Steps:  34000 | α=1e-03 | Loss: 1.1564e-02 | BC: 2.9505e-03 | PDE: 8.6135e+00 | Val: 3.2796e-03 | Test: 1.2975e-01 | LR=7.6e-04

>>> Alpha increased: 1e-03 → 1e-02 (BC=3.1203e-03) <<<
Epoch  35/100 | Steps:  35000 | α=1e-02 | Loss: 1.1120e-02 | BC: 3.1203e-03 | PDE: 7.9993e+00 | Val: 5.5924e-03 | Test: 1.5967e-01 | LR=7.4e-04 *
Epoch  36/100 | Steps:  36000 | α=1e-02 | Loss: 7.9607e-02 | BC: 1.3635e-02 | PDE: 6.5972e+00 | Val: 2.1710e-02 | Test: 1.1578e-01 | LR=7.3e-04
Epoch  37/100 | Steps:  37000 | α=1e-02 | Loss: 6.9836e-02 | BC: 1.6883e-02 | PDE: 5.2953e+00 | Val: 1.5388e-02 | Test: 1.0476e-01 | LR=7.2e-04
Epoch  38/100 | Steps:  38000 | α=1e-02 | Loss: 6.0704e-02 | BC: 1.3229e-02 | PDE: 4.7475e+00 | Val: 1.3018e-02 | Test: 1.1570e-01 | LR=7.0e-04
Epoch  39/100 | Steps:  39000 | α=1e-02 | Loss: 6.0130e-02 | BC: 1.1580e-02 | PDE: 4.8549e+00 | Val: 1.1158e-02 | Test: 1.2129e-01 | LR=6.9e-04
Epoch  40/100 | Steps:  40000 | α=1e-02 | Loss: 5.5228e-02 | BC: 1.6397e-02 | PDE: 3.8830e+00 | Val: 1.6294e-02 | Test: 8.5195e-02 | LR=6.7e-04
Epoch  41/100 | Steps:  41000 | α=1e-02 | Loss: 5.8714e-02 | BC: 1.2608e-02 | PDE: 4.6106e+00 | Val: 6.8212e-03 | Test: 1.1070e-01 | LR=6.6e-04
Epoch  42/100 | Steps:  42000 | α=1e-02 | Loss: 5.6270e-02 | BC: 8.2742e-03 | PDE: 4.7996e+00 | Val: 1.2529e-02 | Test: 1.0950e-01 | LR=6.4e-04
Epoch  43/100 | Steps:  43000 | α=1e-02 | Loss: 5.2785e-02 | BC: 9.4804e-03 | PDE: 4.3305e+00 | Val: 4.1471e-03 | Test: 1.0437e-01 | LR=6.3e-04 *
Epoch  44/100 | Steps:  44000 | α=1e-02 | Loss: 4.9513e-02 | BC: 5.1136e-03 | PDE: 4.4399e+00 | Val: 5.4223e-03 | Test: 1.1924e-01 | LR=6.1e-04
Epoch  45/100 | Steps:  45000 | α=1e-02 | Loss: 4.2905e-02 | BC: 4.9140e-03 | PDE: 3.7991e+00 | Val: 3.8348e-03 | Test: 1.0915e-01 | LR=6.0e-04 *
Epoch  46/100 | Steps:  46000 | α=1e-02 | Loss: 4.0026e-02 | BC: 5.6651e-03 | PDE: 3.4361e+00 | Val: 6.4855e-03 | Test: 1.1453e-01 | LR=5.8e-04
Epoch  47/100 | Steps:  47000 | α=1e-02 | Loss: 4.3382e-02 | BC: 4.3104e-03 | PDE: 3.9072e+00 | Val: 3.6731e-03 | Test: 1.1588e-01 | LR=5.7e-04 *
Epoch  48/100 | Steps:  48000 | α=1e-02 | Loss: 4.6921e-02 | BC: 4.6804e-03 | PDE: 4.2241e+00 | Val: 5.4536e-03 | Test: 1.0986e-01 | LR=5.5e-04

>>> Alpha increased: 1e-02 → 1e-01 (BC=5.3891e-03) <<<
Epoch  49/100 | Steps:  49000 | α=1e-01 | Loss: 4.8291e-02 | BC: 5.3891e-03 | PDE: 4.2902e+00 | Val: 5.5019e-03 | Test: 1.0735e-01 | LR=5.4e-04 *
Epoch  50/100 | Steps:  50000 | α=1e-01 | Loss: 4.1427e-01 | BC: 6.2593e-03 | PDE: 4.0801e+00 | Val: 3.6622e-03 | Test: 1.0595e-01 | LR=5.2e-04 *
Epoch  51/100 | Steps:  51000 | α=1e-01 | Loss: 3.5120e-01 | BC: 4.5243e-03 | PDE: 3.4668e+00 | Val: 4.0153e-03 | Test: 1.1841e-01 | LR=5.1e-04
Epoch  52/100 | Steps:  52000 | α=1e-01 | Loss: 3.6202e-01 | BC: 5.5207e-03 | PDE: 3.5650e+00 | Val: 5.9918e-03 | Test: 1.0867e-01 | LR=4.9e-04
Epoch  53/100 | Steps:  53000 | α=1e-01 | Loss: 3.1940e-01 | BC: 5.4315e-03 | PDE: 3.1397e+00 | Val: 4.7214e-03 | Test: 1.1114e-01 | LR=4.7e-04
Epoch  54/100 | Steps:  54000 | α=1e-01 | Loss: 3.3342e-01 | BC: 4.9349e-03 | PDE: 3.2849e+00 | Val: 6.2147e-03 | Test: 9.2937e-02 | LR=4.6e-04
Epoch  55/100 | Steps:  55000 | α=1e-01 | Loss: 3.9798e-01 | BC: 5.2601e-03 | PDE: 3.9272e+00 | Val: 9.9579e-03 | Test: 1.0840e-01 | LR=4.4e-04
Epoch  56/100 | Steps:  56000 | α=1e-01 | Loss: 4.1284e-01 | BC: 9.9761e-03 | PDE: 4.0286e+00 | Val: 1.1149e-02 | Test: 9.4974e-02 | LR=4.3e-04
Epoch  57/100 | Steps:  57000 | α=1e-01 | Loss: 4.4719e-01 | BC: 1.2502e-02 | PDE: 4.3469e+00 | Val: 1.3407e-02 | Test: 1.0323e-01 | LR=4.1e-04
Epoch  58/100 | Steps:  58000 | α=1e-01 | Loss: 4.3287e-01 | BC: 9.8171e-03 | PDE: 4.2305e+00 | Val: 6.6414e-03 | Test: 1.0775e-01 | LR=4.0e-04
Epoch  59/100 | Steps:  59000 | α=1e-01 | Loss: 4.1274e-01 | BC: 9.1275e-03 | PDE: 4.0361e+00 | Val: 7.5239e-03 | Test: 9.5343e-02 | LR=3.8e-04
Epoch  60/100 | Steps:  60000 | α=1e-01 | Loss: 4.0943e-01 | BC: 8.2701e-03 | PDE: 4.0116e+00 | Val: 8.4064e-03 | Test: 8.9246e-02 | LR=3.7e-04
Epoch  61/100 | Steps:  61000 | α=1e-01 | Loss: 4.1245e-01 | BC: 8.4291e-03 | PDE: 4.0402e+00 | Val: 5.9878e-03 | Test: 8.2354e-02 | LR=3.5e-04
Epoch  62/100 | Steps:  62000 | α=1e-01 | Loss: 3.8675e-01 | BC: 6.8932e-03 | PDE: 3.7986e+00 | Val: 9.1145e-03 | Test: 7.9680e-02 | LR=3.4e-04
Epoch  63/100 | Steps:  63000 | α=1e-01 | Loss: 3.8445e-01 | BC: 6.8467e-03 | PDE: 3.7761e+00 | Val: 5.9214e-03 | Test: 7.9795e-02 | LR=3.2e-04
Epoch  64/100 | Steps:  64000 | α=1e-01 | Loss: 3.8690e-01 | BC: 6.9108e-03 | PDE: 3.7999e+00 | Val: 4.9134e-03 | Test: 8.3947e-02 | LR=3.1e-04
Epoch  65/100 | Steps:  65000 | α=1e-01 | Loss: 3.8342e-01 | BC: 6.2380e-03 | PDE: 3.7718e+00 | Val: 6.9790e-03 | Test: 8.2726e-02 | LR=2.9e-04
Epoch  66/100 | Steps:  66000 | α=1e-01 | Loss: 3.8493e-01 | BC: 4.9899e-03 | PDE: 3.7994e+00 | Val: 4.4350e-03 | Test: 8.1235e-02 | LR=2.8e-04
Epoch  67/100 | Steps:  67000 | α=1e-01 | Loss: 3.6810e-01 | BC: 5.0000e-03 | PDE: 3.6310e+00 | Val: 6.4213e-03 | Test: 8.6258e-02 | LR=2.7e-04
Epoch  68/100 | Steps:  68000 | α=1e-01 | Loss: 3.7364e-01 | BC: 6.2894e-03 | PDE: 3.6735e+00 | Val: 6.8807e-03 | Test: 7.9386e-02 | LR=2.5e-04
Epoch  69/100 | Steps:  69000 | α=1e-01 | Loss: 3.7082e-01 | BC: 5.6092e-03 | PDE: 3.6521e+00 | Val: 5.6900e-03 | Test: 7.2464e-02 | LR=2.4e-04
Epoch  70/100 | Steps:  70000 | α=1e-01 | Loss: 3.7679e-01 | BC: 5.6750e-03 | PDE: 3.7112e+00 | Val: 4.2563e-03 | Test: 7.4513e-02 | LR=2.3e-04
Epoch  71/100 | Steps:  71000 | α=1e-01 | Loss: 3.7442e-01 | BC: 6.2545e-03 | PDE: 3.6816e+00 | Val: 6.4703e-03 | Test: 7.2801e-02 | LR=2.1e-04
Epoch  72/100 | Steps:  72000 | α=1e-01 | Loss: 3.7696e-01 | BC: 6.5717e-03 | PDE: 3.7038e+00 | Val: 8.4445e-03 | Test: 7.2597e-02 | LR=2.0e-04
Epoch  73/100 | Steps:  73000 | α=1e-01 | Loss: 3.5991e-01 | BC: 7.7499e-03 | PDE: 3.5216e+00 | Val: 6.0938e-03 | Test: 6.6421e-02 | LR=1.9e-04
Epoch  74/100 | Steps:  74000 | α=1e-01 | Loss: 3.3449e-01 | BC: 5.6524e-03 | PDE: 3.2883e+00 | Val: 5.4121e-03 | Test: 6.5489e-02 | LR=1.8e-04
Epoch  75/100 | Steps:  75000 | α=1e-01 | Loss: 3.2596e-01 | BC: 4.8510e-03 | PDE: 3.2111e+00 | Val: 5.0632e-03 | Test: 5.8434e-02 | LR=1.7e-04
Epoch  76/100 | Steps:  76000 | α=1e-01 | Loss: 3.2105e-01 | BC: 4.3093e-03 | PDE: 3.1674e+00 | Val: 4.0959e-03 | Test: 5.6683e-02 | LR=1.5e-04
Epoch  77/100 | Steps:  77000 | α=1e-01 | Loss: 3.1323e-01 | BC: 3.8745e-03 | PDE: 3.0936e+00 | Val: 4.1875e-03 | Test: 5.4480e-02 | LR=1.4e-04
Epoch  78/100 | Steps:  78000 | α=1e-01 | Loss: 3.2407e-01 | BC: 3.2927e-03 | PDE: 3.2078e+00 | Val: 3.4103e-03 | Test: 5.3401e-02 | LR=1.3e-04 *
Epoch  79/100 | Steps:  79000 | α=1e-01 | Loss: 3.2318e-01 | BC: 3.0501e-03 | PDE: 3.2013e+00 | Val: 3.1516e-03 | Test: 5.4231e-02 | LR=1.2e-04 *
Epoch  80/100 | Steps:  80000 | α=1e-01 | Loss: 3.1009e-01 | BC: 3.3328e-03 | PDE: 3.0676e+00 | Val: 2.9449e-03 | Test: 4.9256e-02 | LR=1.1e-04 *
Epoch  81/100 | Steps:  81000 | α=1e-01 | Loss: 3.1872e-01 | BC: 2.4660e-03 | PDE: 3.1625e+00 | Val: 2.3432e-03 | Test: 5.1417e-02 | LR=1.0e-04 *
Epoch  82/100 | Steps:  82000 | α=1e-01 | Loss: 3.0582e-01 | BC: 2.5953e-03 | PDE: 3.0322e+00 | Val: 2.6605e-03 | Test: 5.1436e-02 | LR=9.6e-05
Epoch  83/100 | Steps:  83000 | α=1e-01 | Loss: 3.0786e-01 | BC: 2.4746e-03 | PDE: 3.0539e+00 | Val: 2.3961e-03 | Test: 5.3098e-02 | LR=8.7e-05
Epoch  84/100 | Steps:  84000 | α=1e-01 | Loss: 2.9965e-01 | BC: 2.1828e-03 | PDE: 2.9747e+00 | Val: 2.3044e-03 | Test: 5.2566e-02 | LR=7.9e-05 *
Epoch  85/100 | Steps:  85000 | α=1e-01 | Loss: 2.9948e-01 | BC: 2.0481e-03 | PDE: 2.9743e+00 | Val: 2.0979e-03 | Test: 5.2086e-02 | LR=7.1e-05 *
Epoch  86/100 | Steps:  86000 | α=1e-01 | Loss: 2.9379e-01 | BC: 1.8583e-03 | PDE: 2.9193e+00 | Val: 2.0205e-03 | Test: 5.1421e-02 | LR=6.4e-05 *
Epoch  87/100 | Steps:  87000 | α=1e-01 | Loss: 2.9175e-01 | BC: 1.9349e-03 | PDE: 2.8981e+00 | Val: 2.1101e-03 | Test: 5.3045e-02 | LR=5.7e-05
Epoch  88/100 | Steps:  88000 | α=1e-01 | Loss: 2.8617e-01 | BC: 2.0252e-03 | PDE: 2.8415e+00 | Val: 2.0067e-03 | Test: 5.2159e-02 | LR=5.1e-05 *
Epoch  89/100 | Steps:  89000 | α=1e-01 | Loss: 2.8336e-01 | BC: 1.9719e-03 | PDE: 2.8139e+00 | Val: 2.1318e-03 | Test: 5.2130e-02 | LR=4.5e-05
Epoch  90/100 | Steps:  90000 | α=1e-01 | Loss: 2.7931e-01 | BC: 2.0978e-03 | PDE: 2.7721e+00 | Val: 2.0807e-03 | Test: 5.3189e-02 | LR=3.9e-05
Epoch  91/100 | Steps:  91000 | α=1e-01 | Loss: 2.8065e-01 | BC: 1.9519e-03 | PDE: 2.7870e+00 | Val: 2.0750e-03 | Test: 5.2815e-02 | LR=3.4e-05
Epoch  92/100 | Steps:  92000 | α=1e-01 | Loss: 2.7859e-01 | BC: 1.8983e-03 | PDE: 2.7669e+00 | Val: 1.8352e-03 | Test: 5.3326e-02 | LR=3.0e-05 *
Epoch  93/100 | Steps:  93000 | α=1e-01 | Loss: 2.7877e-01 | BC: 1.7451e-03 | PDE: 2.7702e+00 | Val: 1.7838e-03 | Test: 5.2781e-02 | LR=2.6e-05 *
Epoch  94/100 | Steps:  94000 | α=1e-01 | Loss: 2.8138e-01 | BC: 1.6890e-03 | PDE: 2.7969e+00 | Val: 1.6156e-03 | Test: 5.3681e-02 | LR=2.2e-05 *
Epoch  95/100 | Steps:  95000 | α=1e-01 | Loss: 2.8214e-01 | BC: 1.5566e-03 | PDE: 2.8058e+00 | Val: 1.5987e-03 | Test: 5.3001e-02 | LR=1.9e-05 *
Epoch  96/100 | Steps:  96000 | α=1e-01 | Loss: 2.7973e-01 | BC: 1.5447e-03 | PDE: 2.7818e+00 | Val: 1.6162e-03 | Test: 5.3091e-02 | LR=1.6e-05
Epoch  97/100 | Steps:  97000 | α=1e-01 | Loss: 2.7948e-01 | BC: 1.5610e-03 | PDE: 2.7792e+00 | Val: 1.5825e-03 | Test: 5.2802e-02 | LR=1.4e-05 *
Epoch  98/100 | Steps:  98000 | α=1e-01 | Loss: 2.7733e-01 | BC: 1.5724e-03 | PDE: 2.7576e+00 | Val: 1.6014e-03 | Test: 5.2319e-02 | LR=1.2e-05
Epoch  99/100 | Steps:  99000 | α=1e-01 | Loss: 2.7489e-01 | BC: 1.5363e-03 | PDE: 2.7336e+00 | Val: 1.5596e-03 | Test: 5.2790e-02 | LR=1.1e-05 *
Epoch 100/100 | Steps: 100000 | α=1e-01 | Loss: 2.7809e-01 | BC: 1.5303e-03 | PDE: 2.7656e+00 | Val: 1.5576e-03 | Test: 5.2746e-02 | LR=1.0e-05 *

Restored best model from epoch 100 (val_loss: 1.5576e-03, test_loss: 5.2746e-02)
Best checkpoint saved to: outputs/expr_7_2_simple/p100_square/out0/checkpoints/best_model.pt
Final checkpoint saved to: outputs/expr_7_2_simple/p100_square/out0/checkpoints/final_model.pt
Training completed in 872.13s (100,000 total steps)

Final Test MSE: 5.2746e-02
Inference (per point): 7.5397e-05s | (full domain): 7.3669e-05s
p-Lap (p=100) PDE test (raw):        inf
p-Lap (p=100) PDE test (normalized): 5.8663e+07
Inf-Lap PDE test (raw):                    1.4338e+17
Inf-Lap PDE test (normalized):             5.9854e+07
Saved .npz files to outputs/expr_7_2_simple/p100_square/out0/npy/
Saved plot to outputs/expr_7_2_simple/p100_square/out0/plots/results.png
