
============================================================
Dist-to-Boundary  —  Torus  (3-D)
============================================================
Device: cuda
  Loaded p=5: 786432 points, mse: 1.456941e-02
  Loaded p=10: 786432 points, mse: 3.426025e-03
  Loaded p=15: 786432 points, mse: 1.494286e-03
  Loaded p=20: 786432 points, mse: 8.342980e-04
  Loaded p=25: 786432 points, mse: 5.325479e-04
  Loaded p=30: 786432 points, mse: 3.698097e-04
  Loaded p=35: 786432 points, mse: 2.721257e-04
  Loaded p=40: 786432 points, mse: 2.089096e-04
  Loaded p=45: 786432 points, mse: 1.656503e-04
  Loaded p=50: 786432 points, mse: 1.347423e-04
  Loaded p=55: 786432 points, mse: 1.118889e-04
  Loaded p=60: 786432 points, mse: 9.451099e-05
  Loaded p=65: 786432 points, mse: 8.098572e-05
  Loaded p=70: 786432 points, mse: 7.025019e-05
  Loaded p=75: 786432 points, mse: 6.158456e-05
  Loaded p=80: 786432 points, mse: 5.448726e-05
  Loaded p=85: 786432 points, mse: 4.859999e-05
  Loaded p=90: 786432 points, mse: 4.366136e-05
  Loaded p=95: 786432 points, mse: 3.947705e-05
  Loaded p=100: 786432 points, mse: 3.590010e-05
  Loaded p=105: 786432 points, mse: 3.281771e-05
  Loaded p=110: 786432 points, mse: 3.014215e-05
  Loaded p=115: 786432 points, mse: 2.780439e-05
  Loaded p=120: 786432 points, mse: 2.574941e-05
  Loaded p=125: 786432 points, mse: 2.393302e-05
  Loaded p=130: 786432 points, mse: 2.231932e-05
  Loaded p=135: 786432 points, mse: 2.087898e-05
  Loaded p=140: 786432 points, mse: 1.958775e-05
  Loaded p=145: 786432 points, mse: 1.842553e-05
  Loaded p=150: 786432 points, mse: 1.737549e-05
  Loaded p=155: 786432 points, mse: 1.642347e-05
  Loaded p=160: 786432 points, mse: 1.555747e-05
  Loaded p=165: 786432 points, mse: 1.476730e-05
  Loaded p=175: 786432 points, mse: 1.338075e-05
  Loaded p=180: 786432 points, mse: 1.291345e-05
  Loaded p=185: 786432 points, mse: 1.236693e-05
  Loaded p=195: 786432 points, mse: 1.135583e-05
Training data: X=(29097984, 4)  Y=(29097984, 1)
Model: trunk=[3, 512, 512, 512, 128]  branch=[1, 128, 128, 128, 128]  params=642,945
Scheduler: CosineAnnealingLR  T_max=20  eta_min=1e-06
Epoch --- Train Loss --- LR --- p150 --- p200 --- p250 --- p500
    0 --- 2.610635e-02 --- 1.00e-04 --- 2.285100e-03 --- 2.396902e-03 --- 2.568032e-03 --- 7.763122e-03
    1 --- 1.647869e-03 --- 9.94e-05 --- 9.931666e-04 --- 1.043655e-03 --- 1.482481e-03 --- 1.405365e-02
    2 --- 8.214980e-04 --- 9.76e-05 --- 6.681380e-04 --- 6.863439e-04 --- 7.959825e-04 --- 4.327528e-03
    3 --- 5.441892e-04 --- 9.46e-05 --- 4.343751e-04 --- 4.397820e-04 --- 4.928006e-04 --- 2.884652e-03
    4 --- 3.530732e-04 --- 9.05e-05 --- 4.149379e-04 --- 4.016647e-04 --- 3.988761e-04 --- 1.474491e-03
    5 --- 2.445326e-04 --- 8.55e-05 --- 2.408513e-04 --- 2.327954e-04 --- 2.351708e-04 --- 1.194744e-03
    6 --- 1.973143e-04 --- 7.96e-05 --- 1.823658e-04 --- 1.773225e-04 --- 1.786607e-04 --- 1.059172e-03
    7 --- 1.690608e-04 --- 7.30e-05 --- 1.548043e-04 --- 1.518885e-04 --- 1.534809e-04 --- 9.709136e-04
    8 --- 1.474725e-04 --- 6.58e-05 --- 1.666125e-04 --- 1.613794e-04 --- 1.670662e-04 --- 1.213704e-03
    9 --- 1.304848e-04 --- 5.82e-05 --- 1.488081e-04 --- 1.419503e-04 --- 1.467932e-04 --- 1.244995e-03
   10 --- 1.155451e-04 --- 5.05e-05 --- 1.211967e-04 --- 1.136441e-04 --- 1.168568e-04 --- 1.153732e-03
   11 --- 1.016736e-04 --- 4.28e-05 --- 1.012584e-04 --- 9.777514e-05 --- 1.039688e-04 --- 1.135461e-03
   12 --- 8.935325e-05 --- 3.52e-05 --- 1.143697e-04 --- 1.078371e-04 --- 1.136772e-04 --- 1.071529e-03
   13 --- 7.895571e-05 --- 2.80e-05 --- 8.692474e-05 --- 8.365617e-05 --- 8.920732e-05 --- 9.836344e-04
   14 --- 7.078298e-05 --- 2.14e-05 --- 9.561399e-05 --- 8.929890e-05 --- 9.485960e-05 --- 1.017856e-03
   15 --- 6.454891e-05 --- 1.55e-05 --- 7.109393e-05 --- 6.698826e-05 --- 6.718911e-05 --- 8.404355e-04
   16 --- 6.002434e-05 --- 1.05e-05 --- 6.937528e-05 --- 6.490595e-05 --- 6.587611e-05 --- 9.084777e-04
   17 --- 5.680735e-05 --- 6.40e-06 --- 6.984226e-05 --- 6.529484e-05 --- 6.657933e-05 --- 8.638738e-04
   18 --- 5.465487e-05 --- 3.42e-06 --- 6.585696e-05 --- 6.187371e-05 --- 6.392980e-05 --- 8.666678e-04
   19 --- 5.335721e-05 --- 1.61e-06 --- 6.643440e-05 --- 6.138075e-05 --- 6.306957e-05 --- 8.671973e-04
Total training time: 3775.45s
Inference (per point): 1.4896e-04s | (full domain): 6.7625e-04s
  p=  5:  MSE=9.766079e-03
  p=105:  MSE=7.607259e-05
  p=205:  MSE=6.105768e-05
  p=305:  MSE=9.358693e-05
  p=405:  MSE=3.314503e-04
  Saved MSE curves → outputs/expr_6_4_2/torus/no_inf/npy/mse.npz  (deeponet, fem, pred_train)

All experiments completed!
