
============================================================
Running Example: absolute
============================================================

Generated full domain data:
  Boundary points: 40,000
  Interior points: 1,000,000
  Test points: 10,000
Re-sampling enabled: ~1,000,000 interior points per epoch

Splitting data: 80% train, 20% validation
  BC: 32,000 train, 8,000 val
  Interior: 800,000 train, 200,000 val

Model: InfinityLaplacianPINN
  Hidden layers: [128, 128]
  Activation: tanh
  η: 1e-05 (normalized)
  Residual clipping: [-10.0, 10.0]
  Outlier removal: top 2.0%
  Parameters: 17,025

Training configuration:
  Boundary points (train): 32,000 -> 80 batches of 400
  Interior points (train): 1,000,000 -> 1000 batches of 1000
  Interior sampling: RE-SAMPLE each epoch
  Boundary points (val): 8,000
  Validation loss: BC only
  Steps per epoch: 1,000
  Total steps: 100,000
  Epochs: 100
  Loss balancing: AlphaPlateauScheduler
  LR scheduler: cosine (LR: 1.0e-03 -> 1.0e-05)

/usr/local/lib/python3.12/dist-packages/torch/autograd/graph.py:824: UserWarning: Attempting to run cuBLAS, but there was no current CUDA context! Attempting to set the primary context... (Triggered internally at /opt/pytorch/pytorch/aten/src/ATen/cuda/CublasHandlePool.cpp:181.)
  return Variable._execution_engine.run_backward(  # Calls into the C++ engine to run the backward pass
Epoch   1/100 | Steps:   1000 | α=1e-05 | Loss: 4.3295e-02 | BC: 4.3282e-02 | PDE: 1.3057e+00 | Val: 1.0875e-03 | Test: 1.8116e-03 | LR=1.0e-03 *
Epoch   2/100 | Steps:   2000 | α=1e-05 | Loss: 6.6985e-04 | BC: 6.5924e-04 | PDE: 1.0613e+00 | Val: 5.2122e-04 | Test: 1.0813e-03 | LR=1.0e-03 *
Epoch   3/100 | Steps:   3000 | α=1e-05 | Loss: 2.3536e-04 | BC: 2.2625e-04 | PDE: 9.1079e-01 | Val: 1.2266e-04 | Test: 9.7387e-04 | LR=1.0e-03 *
Epoch   4/100 | Steps:   4000 | α=1e-05 | Loss: 1.0077e-04 | BC: 8.8521e-05 | PDE: 1.2247e+00 | Val: 7.5878e-05 | Test: 7.9449e-04 | LR=1.0e-03 *
Epoch   5/100 | Steps:   5000 | α=1e-05 | Loss: 9.5575e-05 | BC: 8.1470e-05 | PDE: 1.4105e+00 | Val: 5.1647e-05 | Test: 5.6585e-04 | LR=1.0e-03 *
Epoch   6/100 | Steps:   6000 | α=1e-05 | Loss: 8.3272e-05 | BC: 6.8224e-05 | PDE: 1.5048e+00 | Val: 5.8921e-05 | Test: 5.8287e-04 | LR=9.9e-04
Epoch   7/100 | Steps:   7000 | α=1e-05 | Loss: 8.1273e-05 | BC: 6.5860e-05 | PDE: 1.5413e+00 | Val: 9.7765e-05 | Test: 5.8159e-04 | LR=9.9e-04
Epoch   8/100 | Steps:   8000 | α=1e-05 | Loss: 7.8506e-05 | BC: 6.3288e-05 | PDE: 1.5217e+00 | Val: 7.1467e-05 | Test: 5.9643e-04 | LR=9.9e-04
Epoch   9/100 | Steps:   9000 | α=1e-05 | Loss: 7.2526e-05 | BC: 5.7569e-05 | PDE: 1.4957e+00 | Val: 5.8845e-05 | Test: 6.2253e-04 | LR=9.8e-04
Epoch  10/100 | Steps:  10000 | α=1e-05 | Loss: 6.4637e-05 | BC: 4.9940e-05 | PDE: 1.4697e+00 | Val: 7.3786e-05 | Test: 6.9672e-04 | LR=9.8e-04
Epoch  11/100 | Steps:  11000 | α=1e-05 | Loss: 6.5465e-05 | BC: 5.1209e-05 | PDE: 1.4256e+00 | Val: 3.4670e-05 | Test: 6.8375e-04 | LR=9.8e-04 *
Epoch  12/100 | Steps:  12000 | α=1e-05 | Loss: 5.9192e-05 | BC: 4.5183e-05 | PDE: 1.4009e+00 | Val: 7.3520e-05 | Test: 7.5502e-04 | LR=9.7e-04
Epoch  13/100 | Steps:  13000 | α=1e-05 | Loss: 5.8414e-05 | BC: 4.4725e-05 | PDE: 1.3689e+00 | Val: 4.5655e-05 | Test: 8.1489e-04 | LR=9.7e-04
Epoch  14/100 | Steps:  14000 | α=1e-05 | Loss: 5.3955e-05 | BC: 4.0491e-05 | PDE: 1.3464e+00 | Val: 3.4697e-05 | Test: 9.9999e-04 | LR=9.6e-04

>>> Alpha increased: 1e-05 → 1e-04 (BC=4.0220e-05) <<<
Epoch  15/100 | Steps:  15000 | α=1e-04 | Loss: 5.3358e-05 | BC: 4.0220e-05 | PDE: 1.3139e+00 | Val: 4.4364e-05 | Test: 1.0372e-03 | LR=9.5e-04 *
Epoch  16/100 | Steps:  16000 | α=1e-04 | Loss: 1.3209e-04 | BC: 5.9502e-05 | PDE: 7.2589e-01 | Val: 6.4024e-05 | Test: 6.4846e-04 | LR=9.5e-04
Epoch  17/100 | Steps:  17000 | α=1e-04 | Loss: 1.1478e-04 | BC: 5.5649e-05 | PDE: 5.9132e-01 | Val: 3.5233e-05 | Test: 6.4719e-04 | LR=9.4e-04 *
Epoch  18/100 | Steps:  18000 | α=1e-04 | Loss: 9.2891e-05 | BC: 4.7162e-05 | PDE: 4.5730e-01 | Val: 6.6664e-05 | Test: 5.1514e-04 | LR=9.3e-04
Epoch  19/100 | Steps:  19000 | α=1e-04 | Loss: 7.4428e-05 | BC: 4.2379e-05 | PDE: 3.2049e-01 | Val: 2.4091e-05 | Test: 5.9233e-04 | LR=9.2e-04 *
Epoch  20/100 | Steps:  20000 | α=1e-04 | Loss: 5.0063e-05 | BC: 2.7295e-05 | PDE: 2.2768e-01 | Val: 2.1626e-05 | Test: 4.6012e-04 | LR=9.1e-04 *
Epoch  21/100 | Steps:  21000 | α=1e-04 | Loss: 4.2249e-05 | BC: 2.3678e-05 | PDE: 1.8571e-01 | Val: 1.9186e-05 | Test: 4.6646e-04 | LR=9.1e-04 *
Epoch  22/100 | Steps:  22000 | α=1e-04 | Loss: 4.0577e-05 | BC: 2.2963e-05 | PDE: 1.7614e-01 | Val: 3.1383e-05 | Test: 5.0395e-04 | LR=9.0e-04
Epoch  23/100 | Steps:  23000 | α=1e-04 | Loss: 3.7322e-05 | BC: 2.0497e-05 | PDE: 1.6824e-01 | Val: 3.8420e-05 | Test: 5.4009e-04 | LR=8.9e-04
Epoch  24/100 | Steps:  24000 | α=1e-04 | Loss: 3.6793e-05 | BC: 2.0280e-05 | PDE: 1.6513e-01 | Val: 1.7567e-05 | Test: 4.7831e-04 | LR=8.8e-04 *
Epoch  25/100 | Steps:  25000 | α=1e-04 | Loss: 3.6117e-05 | BC: 2.0063e-05 | PDE: 1.6054e-01 | Val: 1.1689e-05 | Test: 4.8617e-04 | LR=8.7e-04 *
Epoch  26/100 | Steps:  26000 | α=1e-04 | Loss: 3.4507e-05 | BC: 1.8800e-05 | PDE: 1.5707e-01 | Val: 1.7973e-05 | Test: 4.5685e-04 | LR=8.6e-04
Epoch  27/100 | Steps:  27000 | α=1e-04 | Loss: 3.3731e-05 | BC: 1.8246e-05 | PDE: 1.5485e-01 | Val: 2.1285e-05 | Test: 5.3321e-04 | LR=8.4e-04

>>> Alpha increased: 1e-04 → 1e-03 (BC=1.9125e-05) <<<
Epoch  28/100 | Steps:  28000 | α=1e-03 | Loss: 3.4483e-05 | BC: 1.9125e-05 | PDE: 1.5357e-01 | Val: 1.6987e-05 | Test: 4.6219e-04 | LR=8.3e-04 *
Epoch  29/100 | Steps:  29000 | α=1e-03 | Loss: 1.4547e-04 | BC: 3.8107e-05 | PDE: 1.0737e-01 | Val: 2.9048e-05 | Test: 6.8905e-04 | LR=8.2e-04
Epoch  30/100 | Steps:  30000 | α=1e-03 | Loss: 1.2759e-04 | BC: 3.8016e-05 | PDE: 8.9570e-02 | Val: 3.3342e-05 | Test: 8.1401e-04 | LR=8.1e-04
Epoch  31/100 | Steps:  31000 | α=1e-03 | Loss: 1.2224e-04 | BC: 3.9286e-05 | PDE: 8.2951e-02 | Val: 4.9861e-05 | Test: 7.8376e-04 | LR=8.0e-04
Epoch  32/100 | Steps:  32000 | α=1e-03 | Loss: 1.1680e-04 | BC: 3.9127e-05 | PDE: 7.7670e-02 | Val: 3.6741e-05 | Test: 8.2284e-04 | LR=7.8e-04
Epoch  33/100 | Steps:  33000 | α=1e-03 | Loss: 1.1382e-04 | BC: 3.8224e-05 | PDE: 7.5592e-02 | Val: 3.9004e-05 | Test: 9.1970e-04 | LR=7.7e-04
Epoch  34/100 | Steps:  34000 | α=1e-03 | Loss: 1.0916e-04 | BC: 3.5918e-05 | PDE: 7.3246e-02 | Val: 2.9447e-05 | Test: 8.4723e-04 | LR=7.6e-04
Epoch  35/100 | Steps:  35000 | α=1e-03 | Loss: 1.0937e-04 | BC: 3.7776e-05 | PDE: 7.1593e-02 | Val: 3.5274e-05 | Test: 8.5687e-04 | LR=7.4e-04

>>> Alpha increased: 1e-03 → 1e-02 (BC=3.6959e-05) <<<
Epoch  36/100 | Steps:  36000 | α=1e-02 | Loss: 1.0670e-04 | BC: 3.6959e-05 | PDE: 6.9740e-02 | Val: 3.5064e-05 | Test: 9.1208e-04 | LR=7.3e-04 *
Epoch  37/100 | Steps:  37000 | α=1e-02 | Loss: 5.3667e-04 | BC: 1.6429e-04 | PDE: 3.7238e-02 | Val: 2.0515e-04 | Test: 1.2471e-03 | LR=7.2e-04
Epoch  38/100 | Steps:  38000 | α=1e-02 | Loss: 4.6642e-04 | BC: 1.5899e-04 | PDE: 3.0743e-02 | Val: 1.6992e-04 | Test: 1.1491e-03 | LR=7.0e-04
Epoch  39/100 | Steps:  39000 | α=1e-02 | Loss: 4.3263e-04 | BC: 1.5091e-04 | PDE: 2.8172e-02 | Val: 1.5326e-04 | Test: 1.2021e-03 | LR=6.9e-04
Epoch  40/100 | Steps:  40000 | α=1e-02 | Loss: 4.0342e-04 | BC: 1.4382e-04 | PDE: 2.5960e-02 | Val: 1.3272e-04 | Test: 1.1767e-03 | LR=6.7e-04
Epoch  41/100 | Steps:  41000 | α=1e-02 | Loss: 3.8071e-04 | BC: 1.4033e-04 | PDE: 2.4038e-02 | Val: 1.1797e-04 | Test: 1.1062e-03 | LR=6.6e-04
Epoch  42/100 | Steps:  42000 | α=1e-02 | Loss: 3.5229e-04 | BC: 1.2807e-04 | PDE: 2.2422e-02 | Val: 1.2058e-04 | Test: 1.1479e-03 | LR=6.4e-04
Epoch  43/100 | Steps:  43000 | α=1e-02 | Loss: 3.2703e-04 | BC: 1.1751e-04 | PDE: 2.0952e-02 | Val: 1.4553e-04 | Test: 1.2482e-03 | LR=6.3e-04
Epoch  44/100 | Steps:  44000 | α=1e-02 | Loss: 3.1867e-04 | BC: 1.1680e-04 | PDE: 2.0187e-02 | Val: 1.2736e-04 | Test: 1.2237e-03 | LR=6.1e-04
Epoch  45/100 | Steps:  45000 | α=1e-02 | Loss: 2.9903e-04 | BC: 1.0908e-04 | PDE: 1.8995e-02 | Val: 1.2373e-04 | Test: 1.2269e-03 | LR=6.0e-04
Epoch  46/100 | Steps:  46000 | α=1e-02 | Loss: 2.8028e-04 | BC: 1.0228e-04 | PDE: 1.7800e-02 | Val: 1.0290e-04 | Test: 1.0853e-03 | LR=5.8e-04
Epoch  47/100 | Steps:  47000 | α=1e-02 | Loss: 2.6540e-04 | BC: 9.8386e-05 | PDE: 1.6702e-02 | Val: 1.0319e-04 | Test: 1.1760e-03 | LR=5.7e-04
Epoch  48/100 | Steps:  48000 | α=1e-02 | Loss: 2.4709e-04 | BC: 9.1228e-05 | PDE: 1.5586e-02 | Val: 8.8328e-05 | Test: 1.0576e-03 | LR=5.5e-04
Epoch  49/100 | Steps:  49000 | α=1e-02 | Loss: 2.3291e-04 | BC: 8.4726e-05 | PDE: 1.4819e-02 | Val: 8.1926e-05 | Test: 1.0794e-03 | LR=5.4e-04
Epoch  50/100 | Steps:  50000 | α=1e-02 | Loss: 2.1545e-04 | BC: 7.8065e-05 | PDE: 1.3738e-02 | Val: 7.0113e-05 | Test: 1.0756e-03 | LR=5.2e-04
Epoch  51/100 | Steps:  51000 | α=1e-02 | Loss: 2.0338e-04 | BC: 7.3658e-05 | PDE: 1.2972e-02 | Val: 6.6681e-05 | Test: 1.0260e-03 | LR=5.1e-04
Epoch  52/100 | Steps:  52000 | α=1e-02 | Loss: 1.8604e-04 | BC: 6.6626e-05 | PDE: 1.1941e-02 | Val: 8.2158e-05 | Test: 1.0557e-03 | LR=4.9e-04
Epoch  53/100 | Steps:  53000 | α=1e-02 | Loss: 1.8017e-04 | BC: 6.3216e-05 | PDE: 1.1695e-02 | Val: 7.3488e-05 | Test: 1.0839e-03 | LR=4.7e-04
Epoch  54/100 | Steps:  54000 | α=1e-02 | Loss: 1.7425e-04 | BC: 6.0993e-05 | PDE: 1.1326e-02 | Val: 5.6216e-05 | Test: 1.0527e-03 | LR=4.6e-04
Epoch  55/100 | Steps:  55000 | α=1e-02 | Loss: 1.6490e-04 | BC: 5.5716e-05 | PDE: 1.0918e-02 | Val: 6.8067e-05 | Test: 1.0531e-03 | LR=4.4e-04
Epoch  56/100 | Steps:  56000 | α=1e-02 | Loss: 1.5902e-04 | BC: 5.3316e-05 | PDE: 1.0571e-02 | Val: 5.8349e-05 | Test: 1.0393e-03 | LR=4.3e-04
Epoch  57/100 | Steps:  57000 | α=1e-02 | Loss: 1.5455e-04 | BC: 5.1012e-05 | PDE: 1.0354e-02 | Val: 4.9490e-05 | Test: 9.8408e-04 | LR=4.1e-04
Epoch  58/100 | Steps:  58000 | α=1e-02 | Loss: 1.4776e-04 | BC: 4.7786e-05 | PDE: 9.9978e-03 | Val: 4.9544e-05 | Test: 9.8696e-04 | LR=4.0e-04
Epoch  59/100 | Steps:  59000 | α=1e-02 | Loss: 1.4557e-04 | BC: 4.6563e-05 | PDE: 9.9008e-03 | Val: 5.6551e-05 | Test: 1.0094e-03 | LR=3.8e-04
Epoch  60/100 | Steps:  60000 | α=1e-02 | Loss: 1.4016e-04 | BC: 4.4864e-05 | PDE: 9.5292e-03 | Val: 5.0562e-05 | Test: 9.9542e-04 | LR=3.7e-04
Epoch  61/100 | Steps:  61000 | α=1e-02 | Loss: 1.3613e-04 | BC: 4.3752e-05 | PDE: 9.2376e-03 | Val: 4.6460e-05 | Test: 9.9055e-04 | LR=3.5e-04

>>> Alpha increased: 1e-02 → 1e-01 (BC=4.2164e-05) <<<
Epoch  62/100 | Steps:  62000 | α=1e-01 | Loss: 1.3215e-04 | BC: 4.2164e-05 | PDE: 8.9986e-03 | Val: 4.1722e-05 | Test: 9.9336e-04 | LR=3.4e-04 *
Epoch  63/100 | Steps:  63000 | α=1e-01 | Loss: 8.3901e-04 | BC: 1.3865e-04 | PDE: 7.0036e-03 | Val: 1.2734e-04 | Test: 1.2679e-03 | LR=3.2e-04
Epoch  64/100 | Steps:  64000 | α=1e-01 | Loss: 7.0381e-04 | BC: 1.4143e-04 | PDE: 5.6237e-03 | Val: 1.3775e-04 | Test: 1.3198e-03 | LR=3.1e-04
Epoch  65/100 | Steps:  65000 | α=1e-01 | Loss: 6.6551e-04 | BC: 1.4278e-04 | PDE: 5.2273e-03 | Val: 1.3274e-04 | Test: 1.3387e-03 | LR=2.9e-04
Epoch  66/100 | Steps:  66000 | α=1e-01 | Loss: 6.2705e-04 | BC: 1.4210e-04 | PDE: 4.8494e-03 | Val: 1.3595e-04 | Test: 1.3301e-03 | LR=2.8e-04
Epoch  67/100 | Steps:  67000 | α=1e-01 | Loss: 6.1415e-04 | BC: 1.3911e-04 | PDE: 4.7504e-03 | Val: 1.3563e-04 | Test: 1.2985e-03 | LR=2.7e-04
Epoch  68/100 | Steps:  68000 | α=1e-01 | Loss: 5.7932e-04 | BC: 1.3477e-04 | PDE: 4.4455e-03 | Val: 1.3691e-04 | Test: 1.3460e-03 | LR=2.5e-04
Epoch  69/100 | Steps:  69000 | α=1e-01 | Loss: 5.6684e-04 | BC: 1.3225e-04 | PDE: 4.3459e-03 | Val: 1.5268e-04 | Test: 1.3136e-03 | LR=2.4e-04
Epoch  70/100 | Steps:  70000 | α=1e-01 | Loss: 5.3592e-04 | BC: 1.2869e-04 | PDE: 4.0723e-03 | Val: 1.3047e-04 | Test: 1.3065e-03 | LR=2.3e-04
Epoch  71/100 | Steps:  71000 | α=1e-01 | Loss: 5.3216e-04 | BC: 1.2783e-04 | PDE: 4.0433e-03 | Val: 1.3584e-04 | Test: 1.2438e-03 | LR=2.1e-04
Epoch  72/100 | Steps:  72000 | α=1e-01 | Loss: 5.1262e-04 | BC: 1.2382e-04 | PDE: 3.8880e-03 | Val: 1.2727e-04 | Test: 1.2795e-03 | LR=2.0e-04
Epoch  73/100 | Steps:  73000 | α=1e-01 | Loss: 4.9341e-04 | BC: 1.2047e-04 | PDE: 3.7293e-03 | Val: 1.1479e-04 | Test: 1.2808e-03 | LR=1.9e-04
Epoch  74/100 | Steps:  74000 | α=1e-01 | Loss: 4.8344e-04 | BC: 1.1750e-04 | PDE: 3.6594e-03 | Val: 1.1823e-04 | Test: 1.2638e-03 | LR=1.8e-04
Epoch  75/100 | Steps:  75000 | α=1e-01 | Loss: 4.7351e-04 | BC: 1.1612e-04 | PDE: 3.5740e-03 | Val: 1.2171e-04 | Test: 1.2377e-03 | LR=1.7e-04
Epoch  76/100 | Steps:  76000 | α=1e-01 | Loss: 4.5979e-04 | BC: 1.1554e-04 | PDE: 3.4425e-03 | Val: 1.1344e-04 | Test: 1.2411e-03 | LR=1.5e-04
Epoch  77/100 | Steps:  77000 | α=1e-01 | Loss: 4.5167e-04 | BC: 1.1371e-04 | PDE: 3.3797e-03 | Val: 1.2595e-04 | Test: 1.2572e-03 | LR=1.4e-04
Epoch  78/100 | Steps:  78000 | α=1e-01 | Loss: 4.3917e-04 | BC: 1.0899e-04 | PDE: 3.3019e-03 | Val: 1.0956e-04 | Test: 1.2513e-03 | LR=1.3e-04
Epoch  79/100 | Steps:  79000 | α=1e-01 | Loss: 4.4337e-04 | BC: 1.1013e-04 | PDE: 3.3324e-03 | Val: 1.0552e-04 | Test: 1.2348e-03 | LR=1.2e-04
Epoch  80/100 | Steps:  80000 | α=1e-01 | Loss: 4.2449e-04 | BC: 1.0569e-04 | PDE: 3.1880e-03 | Val: 1.0959e-04 | Test: 1.2579e-03 | LR=1.1e-04
Epoch  81/100 | Steps:  81000 | α=1e-01 | Loss: 4.2688e-04 | BC: 1.0588e-04 | PDE: 3.2100e-03 | Val: 1.1532e-04 | Test: 1.2520e-03 | LR=1.0e-04
Epoch  82/100 | Steps:  82000 | α=1e-01 | Loss: 4.1809e-04 | BC: 1.0492e-04 | PDE: 3.1317e-03 | Val: 1.0701e-04 | Test: 1.2094e-03 | LR=9.6e-05
Epoch  83/100 | Steps:  83000 | α=1e-01 | Loss: 4.0794e-04 | BC: 1.0360e-04 | PDE: 3.0433e-03 | Val: 1.0247e-04 | Test: 1.2203e-03 | LR=8.7e-05
Epoch  84/100 | Steps:  84000 | α=1e-01 | Loss: 3.9512e-04 | BC: 1.0154e-04 | PDE: 2.9358e-03 | Val: 1.0469e-04 | Test: 1.2439e-03 | LR=7.9e-05
Epoch  85/100 | Steps:  85000 | α=1e-01 | Loss: 3.9449e-04 | BC: 9.9568e-05 | PDE: 2.9492e-03 | Val: 1.0169e-04 | Test: 1.2098e-03 | LR=7.1e-05
Epoch  86/100 | Steps:  86000 | α=1e-01 | Loss: 3.9190e-04 | BC: 9.8733e-05 | PDE: 2.9317e-03 | Val: 1.0512e-04 | Test: 1.2542e-03 | LR=6.4e-05
Epoch  87/100 | Steps:  87000 | α=1e-01 | Loss: 3.8515e-04 | BC: 9.9332e-05 | PDE: 2.8581e-03 | Val: 1.0130e-04 | Test: 1.2199e-03 | LR=5.7e-05
Epoch  88/100 | Steps:  88000 | α=1e-01 | Loss: 3.8286e-04 | BC: 9.8371e-05 | PDE: 2.8449e-03 | Val: 9.9713e-05 | Test: 1.2258e-03 | LR=5.1e-05
Epoch  89/100 | Steps:  89000 | α=1e-01 | Loss: 3.7590e-04 | BC: 9.7398e-05 | PDE: 2.7850e-03 | Val: 9.9157e-05 | Test: 1.2272e-03 | LR=4.5e-05
Epoch  90/100 | Steps:  90000 | α=1e-01 | Loss: 3.7501e-04 | BC: 9.6328e-05 | PDE: 2.7869e-03 | Val: 1.0289e-04 | Test: 1.2301e-03 | LR=3.9e-05
Epoch  91/100 | Steps:  91000 | α=1e-01 | Loss: 3.6795e-04 | BC: 9.6457e-05 | PDE: 2.7149e-03 | Val: 9.9583e-05 | Test: 1.2321e-03 | LR=3.4e-05
Epoch  92/100 | Steps:  92000 | α=1e-01 | Loss: 3.7328e-04 | BC: 9.5813e-05 | PDE: 2.7747e-03 | Val: 1.0065e-04 | Test: 1.2238e-03 | LR=3.0e-05
Epoch  93/100 | Steps:  93000 | α=1e-01 | Loss: 3.6959e-04 | BC: 9.5304e-05 | PDE: 2.7429e-03 | Val: 9.6571e-05 | Test: 1.2182e-03 | LR=2.6e-05
Epoch  94/100 | Steps:  94000 | α=1e-01 | Loss: 3.6467e-04 | BC: 9.5256e-05 | PDE: 2.6942e-03 | Val: 9.7106e-05 | Test: 1.2272e-03 | LR=2.2e-05
Epoch  95/100 | Steps:  95000 | α=1e-01 | Loss: 3.5848e-04 | BC: 9.5001e-05 | PDE: 2.6348e-03 | Val: 9.8807e-05 | Test: 1.2201e-03 | LR=1.9e-05
Epoch  96/100 | Steps:  96000 | α=1e-01 | Loss: 3.5980e-04 | BC: 9.4598e-05 | PDE: 2.6520e-03 | Val: 9.7381e-05 | Test: 1.2264e-03 | LR=1.6e-05
Epoch  97/100 | Steps:  97000 | α=1e-01 | Loss: 3.5684e-04 | BC: 9.4561e-05 | PDE: 2.6228e-03 | Val: 9.6373e-05 | Test: 1.2169e-03 | LR=1.4e-05
Epoch  98/100 | Steps:  98000 | α=1e-01 | Loss: 3.5530e-04 | BC: 9.3972e-05 | PDE: 2.6133e-03 | Val: 9.5978e-05 | Test: 1.2152e-03 | LR=1.2e-05
Epoch  99/100 | Steps:  99000 | α=1e-01 | Loss: 3.5686e-04 | BC: 9.4060e-05 | PDE: 2.6280e-03 | Val: 9.6096e-05 | Test: 1.2156e-03 | LR=1.1e-05
Epoch 100/100 | Steps: 100000 | α=1e-01 | Loss: 3.5355e-04 | BC: 9.3774e-05 | PDE: 2.5977e-03 | Val: 9.6080e-05 | Test: 1.2170e-03 | LR=1.0e-05

Restored best model from epoch 62 (val_loss: 4.1722e-05, test_loss: 9.9336e-04)
Best checkpoint saved to: outputs/expr_6_2/absolute/l2/checkpoints/best_model.pt
Final checkpoint saved to: outputs/expr_6_2/absolute/l2/checkpoints/final_model.pt
Training completed in 759.29s (100,000 total steps)

Final Test MSE: 1.2170e-03
Inference (per point): 4.6253e-05s | (full domain): 4.3793e-05s
Saved plot to outputs/expr_6_2/absolute/l2/plots/results.png
