
============================================================
p-Laplacian Aronsson Example
============================================================

Generated full domain data:
  Boundary points: 40,000
  Interior points: 1,000,000
  Test points: 10,000
Re-sampling enabled: ~1,000,000 interior points per epoch

Splitting data: 80% train, 20% validation
  BC: 32,000 train, 8,000 val
  Interior: 800,000 train, 200,000 val

Loading checkpoint: outputs/expr_7_2_iter/p25to50_square/checkpoints/best_model_p50.pt

Model: PLaplacianPINN on Square [-1,1]²
  Hidden layers: [128, 128, 128, 128], activation: tanh
  η=1e-05, clip_residual=100.0, clip_grad_norm=1.0
  Outlier removal: top 2.0%
  Parameters: 50,049

Iterative Training Schedule:
  p values: [60, 70, 80, 90, 100]
  Epochs per p: 20


============================================================
Stage 1/5: Training with p=60
============================================================

Training configuration:
  Boundary points (train): 32,000 -> 80 batches of 400
  Interior points (train): 1,000,000 -> 1000 batches of 1000
  Interior sampling: RE-SAMPLE each epoch
  Boundary points (val): 8,000
  Validation loss: BC only
  Steps per epoch: 1,000
  Total steps: 20,000
  Epochs: 20
  Loss balancing: FixedAlphaSchedule
  LR scheduler: None (constant LR=1.0e-05)

/usr/local/lib/python3.12/dist-packages/torch/autograd/graph.py:824: UserWarning: Attempting to run cuBLAS, but there was no current CUDA context! Attempting to set the primary context... (Triggered internally at /opt/pytorch/pytorch/aten/src/ATen/cuda/CublasHandlePool.cpp:181.)
  return Variable._execution_engine.run_backward(  # Calls into the C++ engine to run the backward pass
Epoch   1/20 | Steps:   1000 | α=1e-03 | Loss: 4.6671e-05 | BC: 7.0824e-06 | PDE: 3.9589e-02 | Val: 6.3821e-06 | Test: 6.3400e-06 |  *
Epoch   2/20 | Steps:   2000 | α=1e-03 | Loss: 4.1115e-05 | BC: 6.5323e-06 | PDE: 3.4583e-02 | Val: 5.9160e-06 | Test: 6.0754e-06 |  *
Epoch   3/20 | Steps:   3000 | α=1e-03 | Loss: 4.1863e-05 | BC: 6.1046e-06 | PDE: 3.5758e-02 | Val: 5.1018e-06 | Test: 5.9206e-06 |  *
Epoch   4/20 | Steps:   4000 | α=1e-03 | Loss: 3.8598e-05 | BC: 5.5423e-06 | PDE: 3.3055e-02 | Val: 5.3797e-06 | Test: 6.3321e-06 | 
Epoch   5/20 | Steps:   5000 | α=1e-03 | Loss: 3.8760e-05 | BC: 5.5540e-06 | PDE: 3.3206e-02 | Val: 5.0974e-06 | Test: 6.3144e-06 |  *
Epoch   6/20 | Steps:   6000 | α=1e-03 | Loss: 3.7520e-05 | BC: 5.0642e-06 | PDE: 3.2456e-02 | Val: 6.2885e-06 | Test: 7.1017e-06 | 
Epoch   7/20 | Steps:   7000 | α=1e-03 | Loss: 3.8432e-05 | BC: 4.9839e-06 | PDE: 3.3448e-02 | Val: 5.8109e-06 | Test: 7.2905e-06 | 
Epoch   8/20 | Steps:   8000 | α=1e-03 | Loss: 4.1141e-05 | BC: 5.1192e-06 | PDE: 3.6022e-02 | Val: 5.4613e-06 | Test: 6.8499e-06 | 
Epoch   9/20 | Steps:   9000 | α=1e-03 | Loss: 3.4003e-05 | BC: 4.2755e-06 | PDE: 2.9728e-02 | Val: 3.7156e-06 | Test: 6.2026e-06 |  *
Epoch  10/20 | Steps:  10000 | α=1e-03 | Loss: 3.3817e-05 | BC: 3.9967e-06 | PDE: 2.9820e-02 | Val: 4.1431e-06 | Test: 7.0140e-06 | 
Epoch  11/20 | Steps:  11000 | α=1e-03 | Loss: 3.4516e-05 | BC: 3.9597e-06 | PDE: 3.0556e-02 | Val: 3.3910e-06 | Test: 6.1625e-06 |  *
Epoch  12/20 | Steps:  12000 | α=1e-03 | Loss: 3.4873e-05 | BC: 4.0031e-06 | PDE: 3.0870e-02 | Val: 3.6695e-06 | Test: 6.5278e-06 | 
Epoch  13/20 | Steps:  13000 | α=1e-03 | Loss: 3.0874e-05 | BC: 3.4141e-06 | PDE: 2.7460e-02 | Val: 4.9402e-06 | Test: 7.5317e-06 | 
Epoch  14/20 | Steps:  14000 | α=1e-03 | Loss: 3.4912e-05 | BC: 3.6342e-06 | PDE: 3.1278e-02 | Val: 6.1867e-06 | Test: 7.8799e-06 | 
Epoch  15/20 | Steps:  15000 | α=1e-03 | Loss: 3.2054e-05 | BC: 3.2766e-06 | PDE: 2.8777e-02 | Val: 2.6575e-06 | Test: 5.9436e-06 |  *
Epoch  16/20 | Steps:  16000 | α=1e-03 | Loss: 3.2375e-05 | BC: 3.2581e-06 | PDE: 2.9117e-02 | Val: 3.5821e-06 | Test: 6.9286e-06 | 
Epoch  17/20 | Steps:  17000 | α=1e-03 | Loss: 3.0145e-05 | BC: 3.0751e-06 | PDE: 2.7070e-02 | Val: 3.0323e-06 | Test: 6.8767e-06 | 
Epoch  18/20 | Steps:  18000 | α=1e-03 | Loss: 3.0329e-05 | BC: 2.9461e-06 | PDE: 2.7383e-02 | Val: 2.7806e-06 | Test: 6.4750e-06 | 
Epoch  19/20 | Steps:  19000 | α=1e-03 | Loss: 2.9230e-05 | BC: 2.8781e-06 | PDE: 2.6351e-02 | Val: 2.7971e-06 | Test: 6.5389e-06 | 
Epoch  20/20 | Steps:  20000 | α=1e-03 | Loss: 3.0893e-05 | BC: 2.9591e-06 | PDE: 2.7934e-02 | Val: 2.6443e-06 | Test: 6.3962e-06 |  *

Restored best model from epoch 20 (val_loss: 2.6443e-06, test_loss: 6.3962e-06)
Best checkpoint saved to: outputs/expr_7_2_iter/p60to100_square/checkpoints/best_model.pt
Final checkpoint saved to: outputs/expr_7_2_iter/p60to100_square/checkpoints/final_model.pt
Training completed in 256.96s (20,000 total steps)
  Stage 1 (p=60) PDE diagnostics:
    p-Lap (p=60) raw:        1.7642e+26
    p-Lap (p=60) normalized: 4.5983e-03
    Inf-Lap raw:              7.8634e-03
    Inf-Lap normalized:       1.0980e-02

============================================================
Stage 2/5: Training with p=70
============================================================

Training configuration:
  Boundary points (train): 32,000 -> 80 batches of 400
  Interior points (train): 1,000,000 -> 1000 batches of 1000
  Interior sampling: RE-SAMPLE each epoch
  Boundary points (val): 8,000
  Validation loss: BC only
  Steps per epoch: 1,000
  Total steps: 20,000
  Epochs: 20
  Loss balancing: FixedAlphaSchedule
  LR scheduler: None (constant LR=1.0e-05)

Epoch   1/20 | Steps:   1000 | α=1e-03 | Loss: 4.7688e-05 | BC: 3.6782e-06 | PDE: 4.4010e-02 | Val: 4.0498e-06 | Test: 6.2185e-06 |  *
Epoch   2/20 | Steps:   2000 | α=1e-03 | Loss: 4.3833e-05 | BC: 3.4519e-06 | PDE: 4.0381e-02 | Val: 2.5187e-06 | Test: 5.1856e-06 |  *
Epoch   3/20 | Steps:   3000 | α=1e-03 | Loss: 4.4851e-05 | BC: 3.4851e-06 | PDE: 4.1366e-02 | Val: 3.1451e-06 | Test: 6.0561e-06 | 
Epoch   4/20 | Steps:   4000 | α=1e-03 | Loss: 4.6792e-05 | BC: 3.4897e-06 | PDE: 4.3302e-02 | Val: 2.9072e-06 | Test: 5.8396e-06 | 
Epoch   5/20 | Steps:   5000 | α=1e-03 | Loss: 4.4179e-05 | BC: 3.3132e-06 | PDE: 4.0866e-02 | Val: 2.9074e-06 | Test: 5.7004e-06 | 
Epoch   6/20 | Steps:   6000 | α=1e-03 | Loss: 3.9396e-05 | BC: 2.9352e-06 | PDE: 3.6461e-02 | Val: 2.2286e-06 | Test: 5.3679e-06 |  *
Epoch   7/20 | Steps:   7000 | α=1e-03 | Loss: 4.1712e-05 | BC: 3.2588e-06 | PDE: 3.8453e-02 | Val: 2.2161e-06 | Test: 5.3404e-06 |  *
Epoch   8/20 | Steps:   8000 | α=1e-03 | Loss: 4.2514e-05 | BC: 3.2440e-06 | PDE: 3.9270e-02 | Val: 6.0432e-06 | Test: 8.8991e-06 | 
Epoch   9/20 | Steps:   9000 | α=1e-03 | Loss: 4.3521e-05 | BC: 3.0194e-06 | PDE: 4.0501e-02 | Val: 2.0487e-06 | Test: 5.1957e-06 |  *
Epoch  10/20 | Steps:  10000 | α=1e-03 | Loss: 3.8256e-05 | BC: 2.5942e-06 | PDE: 3.5662e-02 | Val: 2.2167e-06 | Test: 5.5488e-06 | 
Epoch  11/20 | Steps:  11000 | α=1e-03 | Loss: 4.2597e-05 | BC: 2.8483e-06 | PDE: 3.9749e-02 | Val: 2.0646e-06 | Test: 5.3338e-06 | 
Epoch  12/20 | Steps:  12000 | α=1e-03 | Loss: 4.2934e-05 | BC: 3.1216e-06 | PDE: 3.9812e-02 | Val: 3.8906e-06 | Test: 6.1988e-06 | 
Epoch  13/20 | Steps:  13000 | α=1e-03 | Loss: 3.8235e-05 | BC: 2.6713e-06 | PDE: 3.5564e-02 | Val: 3.0509e-06 | Test: 6.2557e-06 | 
Epoch  14/20 | Steps:  14000 | α=1e-03 | Loss: 3.9223e-05 | BC: 2.7570e-06 | PDE: 3.6466e-02 | Val: 2.0201e-06 | Test: 5.4515e-06 |  *
Epoch  15/20 | Steps:  15000 | α=1e-03 | Loss: 3.9729e-05 | BC: 2.7865e-06 | PDE: 3.6942e-02 | Val: 2.3104e-06 | Test: 5.6445e-06 | 
Epoch  16/20 | Steps:  16000 | α=1e-03 | Loss: 3.7821e-05 | BC: 2.7676e-06 | PDE: 3.5053e-02 | Val: 2.0566e-06 | Test: 5.6076e-06 | 
Epoch  17/20 | Steps:  17000 | α=1e-03 | Loss: 3.9789e-05 | BC: 2.7849e-06 | PDE: 3.7004e-02 | Val: 6.4281e-06 | Test: 8.8928e-06 | 
Epoch  18/20 | Steps:  18000 | α=1e-03 | Loss: 4.0631e-05 | BC: 2.7648e-06 | PDE: 3.7866e-02 | Val: 4.0585e-06 | Test: 6.9914e-06 | 
Epoch  19/20 | Steps:  19000 | α=1e-03 | Loss: 3.8964e-05 | BC: 2.6721e-06 | PDE: 3.6292e-02 | Val: 3.5781e-06 | Test: 6.6042e-06 | 
Epoch  20/20 | Steps:  20000 | α=1e-03 | Loss: 3.6978e-05 | BC: 2.3610e-06 | PDE: 3.4617e-02 | Val: 4.0167e-06 | Test: 6.3510e-06 | 

Restored best model from epoch 14 (val_loss: 2.0201e-06, test_loss: 5.4515e-06)
Best checkpoint saved to: outputs/expr_7_2_iter/p60to100_square/checkpoints/best_model.pt
Final checkpoint saved to: outputs/expr_7_2_iter/p60to100_square/checkpoints/final_model.pt
Training completed in 190.91s (20,000 total steps)
  Stage 2 (p=70) PDE diagnostics:
    p-Lap (p=70) raw:        9.2822e+31
    p-Lap (p=70) normalized: 4.0526e-03
    Inf-Lap raw:              6.3335e-03
    Inf-Lap normalized:       9.0380e-03

============================================================
Stage 3/5: Training with p=80
============================================================

Training configuration:
  Boundary points (train): 32,000 -> 80 batches of 400
  Interior points (train): 1,000,000 -> 1000 batches of 1000
  Interior sampling: RE-SAMPLE each epoch
  Boundary points (val): 8,000
  Validation loss: BC only
  Steps per epoch: 1,000
  Total steps: 20,000
  Epochs: 20
  Loss balancing: FixedAlphaSchedule
  LR scheduler: None (constant LR=1.0e-05)

Epoch   1/20 | Steps:   1000 | α=1e-03 | Loss: 5.5880e-05 | BC: 3.1801e-06 | PDE: 5.2699e-02 | Val: 2.5570e-06 | Test: 5.0179e-06 |  *
Epoch   2/20 | Steps:   2000 | α=1e-03 | Loss: 5.7046e-05 | BC: 3.4665e-06 | PDE: 5.3579e-02 | Val: 5.5933e-06 | Test: 7.0201e-06 | 
Epoch   3/20 | Steps:   3000 | α=1e-03 | Loss: 5.4054e-05 | BC: 3.1534e-06 | PDE: 5.0900e-02 | Val: 3.0138e-06 | Test: 5.3803e-06 | 
Epoch   4/20 | Steps:   4000 | α=1e-03 | Loss: 5.8676e-05 | BC: 3.4202e-06 | PDE: 5.5256e-02 | Val: 1.8569e-06 | Test: 4.5901e-06 |  *
Epoch   5/20 | Steps:   5000 | α=1e-03 | Loss: 4.7672e-05 | BC: 2.6527e-06 | PDE: 4.5019e-02 | Val: 3.0736e-06 | Test: 5.4899e-06 | 
Epoch   6/20 | Steps:   6000 | α=1e-03 | Loss: 5.4804e-05 | BC: 3.1372e-06 | PDE: 5.1666e-02 | Val: 1.8306e-06 | Test: 4.5744e-06 |  *
Epoch   7/20 | Steps:   7000 | α=1e-03 | Loss: 5.4620e-05 | BC: 3.0929e-06 | PDE: 5.1527e-02 | Val: 1.9231e-06 | Test: 4.6116e-06 | 
Epoch   8/20 | Steps:   8000 | α=1e-03 | Loss: 5.5363e-05 | BC: 3.3499e-06 | PDE: 5.2013e-02 | Val: 9.9013e-06 | Test: 1.0419e-05 | 
Epoch   9/20 | Steps:   9000 | α=1e-03 | Loss: 5.2604e-05 | BC: 3.0074e-06 | PDE: 4.9597e-02 | Val: 3.9010e-06 | Test: 6.7616e-06 | 
Epoch  10/20 | Steps:  10000 | α=1e-03 | Loss: 5.1508e-05 | BC: 3.1478e-06 | PDE: 4.8360e-02 | Val: 2.1789e-06 | Test: 5.1462e-06 | 
Epoch  11/20 | Steps:  11000 | α=1e-03 | Loss: 5.3974e-05 | BC: 3.1049e-06 | PDE: 5.0869e-02 | Val: 2.5963e-06 | Test: 5.0587e-06 | 
Epoch  12/20 | Steps:  12000 | α=1e-03 | Loss: 4.8637e-05 | BC: 2.6275e-06 | PDE: 4.6009e-02 | Val: 3.7743e-06 | Test: 6.0982e-06 | 
Epoch  13/20 | Steps:  13000 | α=1e-03 | Loss: 4.9529e-05 | BC: 3.1072e-06 | PDE: 4.6421e-02 | Val: 1.1750e-05 | Test: 1.2227e-05 | 
Epoch  14/20 | Steps:  14000 | α=1e-03 | Loss: 5.1843e-05 | BC: 2.9851e-06 | PDE: 4.8858e-02 | Val: 1.8490e-06 | Test: 4.7116e-06 | 
Epoch  15/20 | Steps:  15000 | α=1e-03 | Loss: 4.7223e-05 | BC: 2.6604e-06 | PDE: 4.4562e-02 | Val: 2.1291e-06 | Test: 4.7751e-06 | 
Epoch  16/20 | Steps:  16000 | α=1e-03 | Loss: 4.4882e-05 | BC: 2.2320e-06 | PDE: 4.2650e-02 | Val: 2.8959e-06 | Test: 5.8344e-06 | 
Epoch  17/20 | Steps:  17000 | α=1e-03 | Loss: 4.5127e-05 | BC: 2.5170e-06 | PDE: 4.2610e-02 | Val: 1.9349e-06 | Test: 5.0569e-06 | 
Epoch  18/20 | Steps:  18000 | α=1e-03 | Loss: 4.4816e-05 | BC: 2.6012e-06 | PDE: 4.2214e-02 | Val: 1.5907e-06 | Test: 4.5557e-06 |  *
Epoch  19/20 | Steps:  19000 | α=1e-03 | Loss: 4.6282e-05 | BC: 2.4714e-06 | PDE: 4.3810e-02 | Val: 2.0183e-06 | Test: 4.8865e-06 | 
Epoch  20/20 | Steps:  20000 | α=1e-03 | Loss: 4.5044e-05 | BC: 2.4396e-06 | PDE: 4.2604e-02 | Val: 2.2680e-06 | Test: 5.0763e-06 | 

Restored best model from epoch 18 (val_loss: 1.5907e-06, test_loss: 4.5557e-06)
Best checkpoint saved to: outputs/expr_7_2_iter/p60to100_square/checkpoints/best_model.pt
Final checkpoint saved to: outputs/expr_7_2_iter/p60to100_square/checkpoints/final_model.pt
Training completed in 259.07s (20,000 total steps)
  Stage 3 (p=80) PDE diagnostics:
    p-Lap (p=80) raw:        inf
    p-Lap (p=80) normalized: 4.1877e-03
    Inf-Lap raw:              5.3107e-03
    Inf-Lap normalized:       8.2688e-03

============================================================
Stage 4/5: Training with p=90
============================================================

Training configuration:
  Boundary points (train): 32,000 -> 80 batches of 400
  Interior points (train): 1,000,000 -> 1000 batches of 1000
  Interior sampling: RE-SAMPLE each epoch
  Boundary points (val): 8,000
  Validation loss: BC only
  Steps per epoch: 1,000
  Total steps: 20,000
  Epochs: 20
  Loss balancing: FixedAlphaSchedule
  LR scheduler: None (constant LR=1.0e-05)

Epoch   1/20 | Steps:   1000 | α=1e-03 | Loss: 6.7240e-05 | BC: 3.7705e-06 | PDE: 6.3469e-02 | Val: 2.3343e-06 | Test: 4.7062e-06 |  *
Epoch   2/20 | Steps:   2000 | α=1e-03 | Loss: 5.7890e-05 | BC: 2.5379e-06 | PDE: 5.5352e-02 | Val: 4.8937e-06 | Test: 6.1417e-06 | 
Epoch   3/20 | Steps:   3000 | α=1e-03 | Loss: 6.1181e-05 | BC: 3.2819e-06 | PDE: 5.7899e-02 | Val: 3.0742e-06 | Test: 5.5950e-06 | 
Epoch   4/20 | Steps:   4000 | α=1e-03 | Loss: 6.1577e-05 | BC: 3.0731e-06 | PDE: 5.8504e-02 | Val: 1.5651e-06 | Test: 4.0794e-06 |  *
Epoch   5/20 | Steps:   5000 | α=1e-03 | Loss: 5.9129e-05 | BC: 2.6604e-06 | PDE: 5.6468e-02 | Val: 1.9568e-06 | Test: 4.5328e-06 | 
Epoch   6/20 | Steps:   6000 | α=1e-03 | Loss: 6.4961e-05 | BC: 3.1159e-06 | PDE: 6.1845e-02 | Val: 2.2892e-06 | Test: 4.5352e-06 | 
Epoch   7/20 | Steps:   7000 | α=1e-03 | Loss: 6.3181e-05 | BC: 2.8825e-06 | PDE: 6.0299e-02 | Val: 1.9815e-06 | Test: 4.5820e-06 | 
Epoch   8/20 | Steps:   8000 | α=1e-03 | Loss: 5.9998e-05 | BC: 2.7553e-06 | PDE: 5.7243e-02 | Val: 2.8837e-06 | Test: 5.6139e-06 | 
Epoch   9/20 | Steps:   9000 | α=1e-03 | Loss: 5.9381e-05 | BC: 2.6508e-06 | PDE: 5.6730e-02 | Val: 4.2260e-06 | Test: 5.8276e-06 | 
Epoch  10/20 | Steps:  10000 | α=1e-03 | Loss: 6.5331e-05 | BC: 3.3569e-06 | PDE: 6.1974e-02 | Val: 1.7930e-06 | Test: 4.3712e-06 | 
Epoch  11/20 | Steps:  11000 | α=1e-03 | Loss: 5.8580e-05 | BC: 2.6360e-06 | PDE: 5.5944e-02 | Val: 7.7581e-06 | Test: 8.7195e-06 | 
Epoch  12/20 | Steps:  12000 | α=1e-03 | Loss: 6.0898e-05 | BC: 3.1059e-06 | PDE: 5.7792e-02 | Val: 2.7197e-06 | Test: 5.5152e-06 | 
Epoch  13/20 | Steps:  13000 | α=1e-03 | Loss: 5.2378e-05 | BC: 2.3663e-06 | PDE: 5.0012e-02 | Val: 3.0695e-06 | Test: 5.4914e-06 | 
Epoch  14/20 | Steps:  14000 | α=1e-03 | Loss: 6.1486e-05 | BC: 2.9295e-06 | PDE: 5.8556e-02 | Val: 3.5104e-06 | Test: 5.7466e-06 | 
Epoch  15/20 | Steps:  15000 | α=1e-03 | Loss: 5.9426e-05 | BC: 2.9865e-06 | PDE: 5.6440e-02 | Val: 1.6690e-06 | Test: 4.1837e-06 | 
Epoch  16/20 | Steps:  16000 | α=1e-03 | Loss: 5.7610e-05 | BC: 2.5551e-06 | PDE: 5.5055e-02 | Val: 5.7221e-06 | Test: 7.2591e-06 | 
Epoch  17/20 | Steps:  17000 | α=1e-03 | Loss: 5.7745e-05 | BC: 2.6504e-06 | PDE: 5.5094e-02 | Val: 3.1759e-06 | Test: 5.2918e-06 | 
Epoch  18/20 | Steps:  18000 | α=1e-03 | Loss: 5.8424e-05 | BC: 2.9365e-06 | PDE: 5.5487e-02 | Val: 1.0686e-05 | Test: 1.0510e-05 | 
Epoch  19/20 | Steps:  19000 | α=1e-03 | Loss: 5.3688e-05 | BC: 2.5480e-06 | PDE: 5.1140e-02 | Val: 6.1011e-06 | Test: 7.8290e-06 | 
Epoch  20/20 | Steps:  20000 | α=1e-03 | Loss: 5.4597e-05 | BC: 2.3951e-06 | PDE: 5.2202e-02 | Val: 1.3476e-06 | Test: 4.2142e-06 |  *

Restored best model from epoch 20 (val_loss: 1.3476e-06, test_loss: 4.2142e-06)
Best checkpoint saved to: outputs/expr_7_2_iter/p60to100_square/checkpoints/best_model.pt
Final checkpoint saved to: outputs/expr_7_2_iter/p60to100_square/checkpoints/final_model.pt
Training completed in 208.46s (20,000 total steps)
  Stage 4 (p=90) PDE diagnostics:
    p-Lap (p=90) raw:        inf
    p-Lap (p=90) normalized: 4.1998e-03
    Inf-Lap raw:              4.4126e-03
    Inf-Lap normalized:       7.5278e-03

============================================================
Stage 5/5: Training with p=100
============================================================

Training configuration:
  Boundary points (train): 32,000 -> 80 batches of 400
  Interior points (train): 1,000,000 -> 1000 batches of 1000
  Interior sampling: RE-SAMPLE each epoch
  Boundary points (val): 8,000
  Validation loss: BC only
  Steps per epoch: 1,000
  Total steps: 20,000
  Epochs: 20
  Loss balancing: FixedAlphaSchedule
  LR scheduler: None (constant LR=1.0e-05)

Epoch   1/20 | Steps:   1000 | α=1e-03 | Loss: 7.1025e-05 | BC: 3.0784e-06 | PDE: 6.7947e-02 | Val: 6.9260e-06 | Test: 6.9835e-06 |  *
Epoch   2/20 | Steps:   2000 | α=1e-03 | Loss: 7.7331e-05 | BC: 3.4712e-06 | PDE: 7.3860e-02 | Val: 2.0913e-06 | Test: 4.1084e-06 |  *
Epoch   3/20 | Steps:   3000 | α=1e-03 | Loss: 7.2860e-05 | BC: 2.8514e-06 | PDE: 7.0009e-02 | Val: 2.4177e-06 | Test: 4.3899e-06 | 
Epoch   4/20 | Steps:   4000 | α=1e-03 | Loss: 7.0143e-05 | BC: 3.3198e-06 | PDE: 6.6823e-02 | Val: 2.2967e-06 | Test: 4.2099e-06 | 
Epoch   5/20 | Steps:   5000 | α=1e-03 | Loss: 7.1738e-05 | BC: 2.6156e-06 | PDE: 6.9123e-02 | Val: 1.6844e-06 | Test: 4.0877e-06 |  *
Epoch   6/20 | Steps:   6000 | α=1e-03 | Loss: 6.4623e-05 | BC: 2.4921e-06 | PDE: 6.2131e-02 | Val: 2.0597e-06 | Test: 4.3752e-06 | 
Epoch   7/20 | Steps:   7000 | α=1e-03 | Loss: 6.9523e-05 | BC: 2.7968e-06 | PDE: 6.6727e-02 | Val: 2.3288e-06 | Test: 4.3909e-06 | 
Epoch   8/20 | Steps:   8000 | α=1e-03 | Loss: 6.7685e-05 | BC: 2.7995e-06 | PDE: 6.4886e-02 | Val: 3.0764e-06 | Test: 4.7433e-06 | 
Epoch   9/20 | Steps:   9000 | α=1e-03 | Loss: 6.4886e-05 | BC: 2.6685e-06 | PDE: 6.2218e-02 | Val: 2.1196e-06 | Test: 4.1184e-06 | 
Epoch  10/20 | Steps:  10000 | α=1e-03 | Loss: 7.1094e-05 | BC: 3.0196e-06 | PDE: 6.8075e-02 | Val: 4.4959e-06 | Test: 6.3961e-06 | 
Epoch  11/20 | Steps:  11000 | α=1e-03 | Loss: 6.7691e-05 | BC: 3.0547e-06 | PDE: 6.4636e-02 | Val: 3.1588e-06 | Test: 5.5236e-06 | 
Epoch  12/20 | Steps:  12000 | α=1e-03 | Loss: 6.6227e-05 | BC: 2.9453e-06 | PDE: 6.3281e-02 | Val: 2.4965e-06 | Test: 5.0097e-06 | 
Epoch  13/20 | Steps:  13000 | α=1e-03 | Loss: 7.0386e-05 | BC: 3.2221e-06 | PDE: 6.7164e-02 | Val: 7.0035e-06 | Test: 7.7279e-06 | 
Epoch  14/20 | Steps:  14000 | α=1e-03 | Loss: 7.0239e-05 | BC: 2.7899e-06 | PDE: 6.7449e-02 | Val: 2.4717e-06 | Test: 4.6008e-06 | 
Epoch  15/20 | Steps:  15000 | α=1e-03 | Loss: 7.0567e-05 | BC: 3.0042e-06 | PDE: 6.7562e-02 | Val: 3.0432e-06 | Test: 5.0564e-06 | 
Epoch  16/20 | Steps:  16000 | α=1e-03 | Loss: 6.5940e-05 | BC: 2.3733e-06 | PDE: 6.3566e-02 | Val: 2.2979e-06 | Test: 4.4707e-06 | 
Epoch  17/20 | Steps:  17000 | α=1e-03 | Loss: 6.3877e-05 | BC: 2.7610e-06 | PDE: 6.1116e-02 | Val: 1.4969e-06 | Test: 3.7542e-06 |  *
Epoch  18/20 | Steps:  18000 | α=1e-03 | Loss: 6.2348e-05 | BC: 2.5707e-06 | PDE: 5.9777e-02 | Val: 3.9023e-06 | Test: 6.1652e-06 | 
Epoch  19/20 | Steps:  19000 | α=1e-03 | Loss: 6.5464e-05 | BC: 2.9803e-06 | PDE: 6.2484e-02 | Val: 2.5922e-06 | Test: 4.7708e-06 | 
Epoch  20/20 | Steps:  20000 | α=1e-03 | Loss: 7.0762e-05 | BC: 3.3445e-06 | PDE: 6.7418e-02 | Val: 1.9727e-06 | Test: 4.4509e-06 | 

Restored best model from epoch 17 (val_loss: 1.4969e-06, test_loss: 3.7542e-06)
Best checkpoint saved to: outputs/expr_7_2_iter/p60to100_square/checkpoints/best_model.pt
Final checkpoint saved to: outputs/expr_7_2_iter/p60to100_square/checkpoints/final_model.pt
Training completed in 221.31s (20,000 total steps)
  Stage 5 (p=100) PDE diagnostics:
    p-Lap (p=100) raw:        inf
    p-Lap (p=100) normalized: 3.2954e-03
    Inf-Lap raw:              3.8042e-03
    Inf-Lap normalized:       6.0793e-03

Iterative training completed in 1136.72s
Total epochs: 100

Final Test MSE: 4.4509e-06
Inference (per point): 8.0760e-05s | (full domain): 7.7591e-05s
p-Lap (p=100) PDE test (raw):        inf
p-Lap (p=100) PDE test (normalized): 3.2954e-03
Inf-Lap PDE test (raw):                    3.8042e-03
Inf-Lap PDE test (normalized):             6.0793e-03
Saved .npz files to outputs/expr_7_2_iter/p60to100_square/npy/
Saved plot to outputs/expr_7_2_iter/p60to100_square/plots/results.png
