
============================================================
p-Laplacian Aronsson Example
============================================================

Generated full domain data:
  Boundary points: 40,000
  Interior points: 1,000,000
  Test points: 10,000
Re-sampling enabled: ~1,000,000 interior points per epoch

Splitting data: 80% train, 20% validation
  BC: 32,000 train, 8,000 val
  Interior: 800,000 train, 200,000 val

Loading checkpoint: outputs/expr_7_2_iter/p2to20_square/checkpoints/best_model_p20.pt

Model: PLaplacianPINN on Square [-1,1]²
  Hidden layers: [128, 128, 128, 128], activation: tanh
  η=1e-05, clip_residual=100.0, clip_grad_norm=1.0
  Outlier removal: top 2.0%
  Parameters: 50,049

Iterative Training Schedule:
  p values: [25, 30, 40, 50]
  Epochs per p: 20


============================================================
Stage 1/4: Training with p=25
============================================================

Training configuration:
  Boundary points (train): 32,000 -> 80 batches of 400
  Interior points (train): 1,000,000 -> 1000 batches of 1000
  Interior sampling: RE-SAMPLE each epoch
  Boundary points (val): 8,000
  Validation loss: BC only
  Steps per epoch: 1,000
  Total steps: 20,000
  Epochs: 20
  Loss balancing: AlphaPlateauScheduler
  LR scheduler: None (constant LR=1.0e-05)

/usr/local/lib/python3.12/dist-packages/torch/autograd/graph.py:824: UserWarning: Attempting to run cuBLAS, but there was no current CUDA context! Attempting to set the primary context... (Triggered internally at /opt/pytorch/pytorch/aten/src/ATen/cuda/CublasHandlePool.cpp:181.)
  return Variable._execution_engine.run_backward(  # Calls into the C++ engine to run the backward pass
Epoch   1/20 | Steps:   1000 | α=1e-05 | Loss: 6.1551e-06 | BC: 5.5219e-06 | PDE: 6.3318e-02 | Val: 4.1627e-06 | Test: 2.0901e-05 |  *
Epoch   2/20 | Steps:   2000 | α=1e-05 | Loss: 4.1531e-06 | BC: 3.3521e-06 | PDE: 8.0102e-02 | Val: 2.8196e-06 | Test: 1.8842e-05 |  *
Epoch   3/20 | Steps:   3000 | α=1e-05 | Loss: 3.2453e-06 | BC: 2.4290e-06 | PDE: 8.1630e-02 | Val: 2.2170e-06 | Test: 1.8303e-05 |  *
Epoch   4/20 | Steps:   4000 | α=1e-05 | Loss: 2.6178e-06 | BC: 1.8520e-06 | PDE: 7.6582e-02 | Val: 1.7472e-06 | Test: 1.8211e-05 |  *
Epoch   5/20 | Steps:   5000 | α=1e-05 | Loss: 2.2282e-06 | BC: 1.4499e-06 | PDE: 7.7833e-02 | Val: 1.3448e-06 | Test: 1.7322e-05 |  *
Epoch   6/20 | Steps:   6000 | α=1e-05 | Loss: 1.9424e-06 | BC: 1.1706e-06 | PDE: 7.7175e-02 | Val: 1.1460e-06 | Test: 1.7133e-05 |  *
Epoch   7/20 | Steps:   7000 | α=1e-05 | Loss: 1.7435e-06 | BC: 9.8077e-07 | PDE: 7.6273e-02 | Val: 9.5645e-07 | Test: 1.6501e-05 |  *
Epoch   8/20 | Steps:   8000 | α=1e-05 | Loss: 1.5967e-06 | BC: 8.6081e-07 | PDE: 7.3592e-02 | Val: 8.4766e-07 | Test: 1.6376e-05 |  *
Epoch   9/20 | Steps:   9000 | α=1e-05 | Loss: 1.4491e-06 | BC: 7.4715e-07 | PDE: 7.0195e-02 | Val: 7.8194e-07 | Test: 1.6248e-05 |  *
Epoch  10/20 | Steps:  10000 | α=1e-05 | Loss: 1.3468e-06 | BC: 6.6333e-07 | PDE: 6.8345e-02 | Val: 6.6597e-07 | Test: 1.6178e-05 |  *
Epoch  11/20 | Steps:  11000 | α=1e-05 | Loss: 1.2429e-06 | BC: 6.0166e-07 | PDE: 6.4123e-02 | Val: 6.1063e-07 | Test: 1.6133e-05 |  *
Epoch  12/20 | Steps:  12000 | α=1e-05 | Loss: 1.1741e-06 | BC: 5.5322e-07 | PDE: 6.2088e-02 | Val: 7.0051e-07 | Test: 1.6060e-05 | 
Epoch  13/20 | Steps:  13000 | α=1e-05 | Loss: 1.1011e-06 | BC: 5.1179e-07 | PDE: 5.8927e-02 | Val: 5.6111e-07 | Test: 1.5821e-05 |  *
Epoch  14/20 | Steps:  14000 | α=1e-05 | Loss: 1.0594e-06 | BC: 4.8859e-07 | PDE: 5.7080e-02 | Val: 5.1121e-07 | Test: 1.5361e-05 |  *
Epoch  15/20 | Steps:  15000 | α=1e-05 | Loss: 1.0226e-06 | BC: 4.6562e-07 | PDE: 5.5696e-02 | Val: 5.0398e-07 | Test: 1.5391e-05 |  *
Epoch  16/20 | Steps:  16000 | α=1e-05 | Loss: 9.8840e-07 | BC: 4.5658e-07 | PDE: 5.3183e-02 | Val: 5.5606e-07 | Test: 1.5650e-05 | 
Epoch  17/20 | Steps:  17000 | α=1e-05 | Loss: 9.4104e-07 | BC: 4.3531e-07 | PDE: 5.0573e-02 | Val: 5.1068e-07 | Test: 1.5261e-05 | 
Epoch  18/20 | Steps:  18000 | α=1e-05 | Loss: 9.0827e-07 | BC: 4.1765e-07 | PDE: 4.9061e-02 | Val: 5.0807e-07 | Test: 1.5529e-05 | 
Epoch  19/20 | Steps:  19000 | α=1e-05 | Loss: 8.7421e-07 | BC: 4.0992e-07 | PDE: 4.6428e-02 | Val: 4.2257e-07 | Test: 1.5166e-05 |  *
Epoch  20/20 | Steps:  20000 | α=1e-05 | Loss: 8.7193e-07 | BC: 4.0280e-07 | PDE: 4.6913e-02 | Val: 4.2569e-07 | Test: 1.5246e-05 | 

Restored best model from epoch 19 (val_loss: 4.2257e-07, test_loss: 1.5166e-05)
Best checkpoint saved to: outputs/expr_7_2_iter/p25to50_square/alpha_schedule_band2/checkpoints/best_model.pt
Final checkpoint saved to: outputs/expr_7_2_iter/p25to50_square/alpha_schedule_band2/checkpoints/final_model.pt
Training completed in 174.46s (20,000 total steps)
  Stage 1 (p=25) PDE diagnostics:
    p-Lap (p=25) raw:        1.9327e+08
    p-Lap (p=25) normalized: 9.0874e-03
    Inf-Lap raw:              2.4919e-02
    Inf-Lap normalized:       3.1170e-02

============================================================
Stage 2/4: Training with p=30
============================================================

Training configuration:
  Boundary points (train): 32,000 -> 80 batches of 400
  Interior points (train): 1,000,000 -> 1000 batches of 1000
  Interior sampling: RE-SAMPLE each epoch
  Boundary points (val): 8,000
  Validation loss: BC only
  Steps per epoch: 1,000
  Total steps: 20,000
  Epochs: 20
  Loss balancing: AlphaPlateauScheduler
  LR scheduler: None (constant LR=1.0e-05)

Epoch   1/20 | Steps:   1000 | α=1e-05 | Loss: 1.0428e-06 | BC: 4.1771e-07 | PDE: 6.2512e-02 | Val: 4.9864e-07 | Test: 1.1989e-05 |  *
Epoch   2/20 | Steps:   2000 | α=1e-05 | Loss: 9.5136e-07 | BC: 4.2573e-07 | PDE: 5.2563e-02 | Val: 5.2802e-07 | Test: 1.1949e-05 | 
Epoch   3/20 | Steps:   3000 | α=1e-05 | Loss: 9.1728e-07 | BC: 4.2589e-07 | PDE: 4.9139e-02 | Val: 4.6174e-07 | Test: 1.1864e-05 |  *
Epoch   4/20 | Steps:   4000 | α=1e-05 | Loss: 9.0988e-07 | BC: 4.2471e-07 | PDE: 4.8517e-02 | Val: 4.6374e-07 | Test: 1.1839e-05 | 
Epoch   5/20 | Steps:   5000 | α=1e-05 | Loss: 8.7868e-07 | BC: 4.2130e-07 | PDE: 4.5739e-02 | Val: 4.6356e-07 | Test: 1.1531e-05 | 

>>> Alpha increased: 1e-05 → 1e-04 (BC=4.1264e-07) <<<
Epoch   6/20 | Steps:   6000 | α=1e-04 | Loss: 8.5128e-07 | BC: 4.1264e-07 | PDE: 4.3863e-02 | Val: 4.4276e-07 | Test: 1.1815e-05 |  *
Epoch   7/20 | Steps:   7000 | α=1e-04 | Loss: 3.7785e-06 | BC: 7.1830e-07 | PDE: 3.0602e-02 | Val: 9.9648e-07 | Test: 1.3601e-05 | 
Epoch   8/20 | Steps:   8000 | α=1e-04 | Loss: 3.1189e-06 | BC: 8.5118e-07 | PDE: 2.2677e-02 | Val: 8.8683e-07 | Test: 1.3591e-05 | 
Epoch   9/20 | Steps:   9000 | α=1e-04 | Loss: 2.9199e-06 | BC: 9.0961e-07 | PDE: 2.0102e-02 | Val: 9.6649e-07 | Test: 1.3861e-05 | 
Epoch  10/20 | Steps:  10000 | α=1e-04 | Loss: 2.7991e-06 | BC: 9.4642e-07 | PDE: 1.8527e-02 | Val: 9.7815e-07 | Test: 1.4264e-05 | 
Epoch  11/20 | Steps:  11000 | α=1e-04 | Loss: 2.7176e-06 | BC: 9.8113e-07 | PDE: 1.7365e-02 | Val: 1.0101e-06 | Test: 1.4267e-05 | 
Epoch  12/20 | Steps:  12000 | α=1e-04 | Loss: 2.6331e-06 | BC: 9.9442e-07 | PDE: 1.6387e-02 | Val: 1.0269e-06 | Test: 1.4411e-05 | 
Epoch  13/20 | Steps:  13000 | α=1e-04 | Loss: 2.5416e-06 | BC: 9.9561e-07 | PDE: 1.5460e-02 | Val: 1.0831e-06 | Test: 1.4405e-05 | 

>>> Alpha increased: 1e-04 → 1e-03 (BC=1.0003e-06) <<<
Epoch  14/20 | Steps:  14000 | α=1e-03 | Loss: 2.4575e-06 | BC: 1.0003e-06 | PDE: 1.4572e-02 | Val: 1.0419e-06 | Test: 1.4343e-05 |  *
Epoch  15/20 | Steps:  15000 | α=1e-03 | Loss: 1.4366e-05 | BC: 1.5501e-06 | PDE: 1.2816e-02 | Val: 1.6027e-06 | Test: 1.6462e-05 | 
Epoch  16/20 | Steps:  16000 | α=1e-03 | Loss: 1.2319e-05 | BC: 1.7239e-06 | PDE: 1.0595e-02 | Val: 1.8537e-06 | Test: 1.6664e-05 | 
Epoch  17/20 | Steps:  17000 | α=1e-03 | Loss: 1.1422e-05 | BC: 1.8215e-06 | PDE: 9.6002e-03 | Val: 1.9136e-06 | Test: 1.7088e-05 | 
Epoch  18/20 | Steps:  18000 | α=1e-03 | Loss: 1.1311e-05 | BC: 1.8834e-06 | PDE: 9.4277e-03 | Val: 2.3456e-06 | Test: 1.7112e-05 | 
Epoch  19/20 | Steps:  19000 | α=1e-03 | Loss: 1.0521e-05 | BC: 1.9140e-06 | PDE: 8.6074e-03 | Val: 1.9286e-06 | Test: 1.6694e-05 | 
Epoch  20/20 | Steps:  20000 | α=1e-03 | Loss: 1.0162e-05 | BC: 1.9335e-06 | PDE: 8.2280e-03 | Val: 1.9514e-06 | Test: 1.6702e-05 | 

Restored best model from epoch 14 (val_loss: 1.0419e-06, test_loss: 1.4343e-05)
Best checkpoint saved to: outputs/expr_7_2_iter/p25to50_square/alpha_schedule_band2/checkpoints/best_model.pt
Final checkpoint saved to: outputs/expr_7_2_iter/p25to50_square/alpha_schedule_band2/checkpoints/final_model.pt
Training completed in 175.15s (20,000 total steps)
  Stage 2 (p=30) PDE diagnostics:
    p-Lap (p=30) raw:        4.5112e+10
    p-Lap (p=30) normalized: 7.9112e-03
    Inf-Lap raw:              2.0656e-02
    Inf-Lap normalized:       2.5312e-02

============================================================
Stage 3/4: Training with p=40
============================================================

Training configuration:
  Boundary points (train): 32,000 -> 80 batches of 400
  Interior points (train): 1,000,000 -> 1000 batches of 1000
  Interior sampling: RE-SAMPLE each epoch
  Boundary points (val): 8,000
  Validation loss: BC only
  Steps per epoch: 1,000
  Total steps: 20,000
  Epochs: 20
  Loss balancing: AlphaPlateauScheduler
  LR scheduler: None (constant LR=1.0e-05)

Epoch   1/20 | Steps:   1000 | α=1e-05 | Loss: 1.2340e-06 | BC: 7.4286e-07 | PDE: 4.9116e-02 | Val: 6.6839e-07 | Test: 8.8921e-06 |  *
Epoch   2/20 | Steps:   2000 | α=1e-05 | Loss: 9.9217e-07 | BC: 5.9016e-07 | PDE: 4.0202e-02 | Val: 5.7658e-07 | Test: 8.3626e-06 |  *
Epoch   3/20 | Steps:   3000 | α=1e-05 | Loss: 9.4264e-07 | BC: 5.3665e-07 | PDE: 4.0599e-02 | Val: 5.4542e-07 | Test: 8.1556e-06 |  *
Epoch   4/20 | Steps:   4000 | α=1e-05 | Loss: 9.4058e-07 | BC: 5.1663e-07 | PDE: 4.2395e-02 | Val: 5.4953e-07 | Test: 8.4682e-06 | 
Epoch   5/20 | Steps:   5000 | α=1e-05 | Loss: 8.8731e-07 | BC: 4.9374e-07 | PDE: 3.9357e-02 | Val: 5.1478e-07 | Test: 8.1194e-06 |  *
Epoch   6/20 | Steps:   6000 | α=1e-05 | Loss: 8.8905e-07 | BC: 4.7902e-07 | PDE: 4.1003e-02 | Val: 4.8686e-07 | Test: 8.2571e-06 |  *
Epoch   7/20 | Steps:   7000 | α=1e-05 | Loss: 8.7752e-07 | BC: 4.6892e-07 | PDE: 4.0860e-02 | Val: 5.0557e-07 | Test: 7.9719e-06 | 
Epoch   8/20 | Steps:   8000 | α=1e-05 | Loss: 8.6835e-07 | BC: 4.6215e-07 | PDE: 4.0621e-02 | Val: 5.3731e-07 | Test: 8.2518e-06 | 
Epoch   9/20 | Steps:   9000 | α=1e-05 | Loss: 8.5567e-07 | BC: 4.5758e-07 | PDE: 3.9808e-02 | Val: 4.8508e-07 | Test: 7.9415e-06 |  *
Epoch  10/20 | Steps:  10000 | α=1e-05 | Loss: 8.3950e-07 | BC: 4.4216e-07 | PDE: 3.9734e-02 | Val: 4.8439e-07 | Test: 8.0998e-06 |  *
Epoch  11/20 | Steps:  11000 | α=1e-05 | Loss: 8.2810e-07 | BC: 4.3885e-07 | PDE: 3.8925e-02 | Val: 4.8347e-07 | Test: 8.0381e-06 |  *

>>> Alpha increased: 1e-05 → 1e-04 (BC=4.2535e-07) <<<
Epoch  12/20 | Steps:  12000 | α=1e-04 | Loss: 8.0979e-07 | BC: 4.2535e-07 | PDE: 3.8444e-02 | Val: 4.7370e-07 | Test: 8.1809e-06 |  *
Epoch  13/20 | Steps:  13000 | α=1e-04 | Loss: 3.8760e-06 | BC: 6.3906e-07 | PDE: 3.2370e-02 | Val: 7.3337e-07 | Test: 9.0627e-06 | 
Epoch  14/20 | Steps:  14000 | α=1e-04 | Loss: 3.5235e-06 | BC: 6.8073e-07 | PDE: 2.8428e-02 | Val: 6.9696e-07 | Test: 9.0401e-06 | 
Epoch  15/20 | Steps:  15000 | α=1e-04 | Loss: 3.2455e-06 | BC: 7.0295e-07 | PDE: 2.5425e-02 | Val: 8.5483e-07 | Test: 9.1362e-06 | 
Epoch  16/20 | Steps:  16000 | α=1e-04 | Loss: 3.1765e-06 | BC: 7.2639e-07 | PDE: 2.4501e-02 | Val: 7.7261e-07 | Test: 9.2625e-06 | 
Epoch  17/20 | Steps:  17000 | α=1e-04 | Loss: 3.0351e-06 | BC: 7.3717e-07 | PDE: 2.2979e-02 | Val: 8.4003e-07 | Test: 9.4484e-06 | 
Epoch  18/20 | Steps:  18000 | α=1e-04 | Loss: 2.9392e-06 | BC: 7.4375e-07 | PDE: 2.1954e-02 | Val: 7.9599e-07 | Test: 9.2234e-06 | 
Epoch  19/20 | Steps:  19000 | α=1e-04 | Loss: 2.9860e-06 | BC: 7.6524e-07 | PDE: 2.2208e-02 | Val: 8.7216e-07 | Test: 9.3237e-06 | 

>>> Alpha increased: 1e-04 → 1e-03 (BC=7.6581e-07) <<<
Epoch  20/20 | Steps:  20000 | α=1e-03 | Loss: 2.9004e-06 | BC: 7.6581e-07 | PDE: 2.1346e-02 | Val: 7.8174e-07 | Test: 9.2548e-06 |  *

Restored best model from epoch 20 (val_loss: 7.8174e-07, test_loss: 9.2548e-06)
Best checkpoint saved to: outputs/expr_7_2_iter/p25to50_square/alpha_schedule_band2/checkpoints/best_model.pt
Final checkpoint saved to: outputs/expr_7_2_iter/p25to50_square/alpha_schedule_band2/checkpoints/final_model.pt
Training completed in 187.84s (20,000 total steps)
  Stage 3 (p=40) PDE diagnostics:
    p-Lap (p=40) raw:        8.8032e+15
    p-Lap (p=40) normalized: 7.0929e-03
    Inf-Lap raw:              1.4457e-02
    Inf-Lap normalized:       1.9058e-02

============================================================
Stage 4/4: Training with p=50
============================================================

Training configuration:
  Boundary points (train): 32,000 -> 80 batches of 400
  Interior points (train): 1,000,000 -> 1000 batches of 1000
  Interior sampling: RE-SAMPLE each epoch
  Boundary points (val): 8,000
  Validation loss: BC only
  Steps per epoch: 1,000
  Total steps: 20,000
  Epochs: 20
  Loss balancing: AlphaPlateauScheduler
  LR scheduler: None (constant LR=1.0e-05)

Epoch   1/20 | Steps:   1000 | α=1e-05 | Loss: 1.0983e-06 | BC: 5.8997e-07 | PDE: 5.0835e-02 | Val: 6.0551e-07 | Test: 6.4687e-06 |  *
Epoch   2/20 | Steps:   2000 | α=1e-05 | Loss: 9.2775e-07 | BC: 5.0748e-07 | PDE: 4.2027e-02 | Val: 5.4110e-07 | Test: 6.1036e-06 |  *
Epoch   3/20 | Steps:   3000 | α=1e-05 | Loss: 9.3888e-07 | BC: 4.8826e-07 | PDE: 4.5062e-02 | Val: 4.9072e-07 | Test: 6.1266e-06 |  *
Epoch   4/20 | Steps:   4000 | α=1e-05 | Loss: 9.1928e-07 | BC: 4.7200e-07 | PDE: 4.4728e-02 | Val: 4.8251e-07 | Test: 6.2210e-06 |  *
Epoch   5/20 | Steps:   5000 | α=1e-05 | Loss: 9.0381e-07 | BC: 4.5629e-07 | PDE: 4.4752e-02 | Val: 4.8033e-07 | Test: 5.9886e-06 |  *
Epoch   6/20 | Steps:   6000 | α=1e-05 | Loss: 8.9418e-07 | BC: 4.4033e-07 | PDE: 4.5384e-02 | Val: 4.4263e-07 | Test: 5.9393e-06 |  *
Epoch   7/20 | Steps:   7000 | α=1e-05 | Loss: 8.9283e-07 | BC: 4.3021e-07 | PDE: 4.6262e-02 | Val: 4.5084e-07 | Test: 5.9913e-06 | 
Epoch   8/20 | Steps:   8000 | α=1e-05 | Loss: 8.5897e-07 | BC: 4.2536e-07 | PDE: 4.3360e-02 | Val: 4.5059e-07 | Test: 6.0866e-06 | 
Epoch   9/20 | Steps:   9000 | α=1e-05 | Loss: 8.7264e-07 | BC: 4.2702e-07 | PDE: 4.4562e-02 | Val: 4.4292e-07 | Test: 5.9630e-06 | 

>>> Alpha increased: 1e-05 → 1e-04 (BC=4.1076e-07) <<<
Epoch  10/20 | Steps:  10000 | α=1e-04 | Loss: 8.4490e-07 | BC: 4.1076e-07 | PDE: 4.3414e-02 | Val: 4.3542e-07 | Test: 5.9997e-06 |  *
Epoch  11/20 | Steps:  11000 | α=1e-04 | Loss: 4.8528e-06 | BC: 6.2239e-07 | PDE: 4.2304e-02 | Val: 6.5595e-07 | Test: 6.5008e-06 | 
Epoch  12/20 | Steps:  12000 | α=1e-04 | Loss: 4.3109e-06 | BC: 5.8557e-07 | PDE: 3.7253e-02 | Val: 5.9794e-07 | Test: 6.5448e-06 | 
Epoch  13/20 | Steps:  13000 | α=1e-04 | Loss: 3.9662e-06 | BC: 5.8755e-07 | PDE: 3.3786e-02 | Val: 6.1523e-07 | Test: 6.4970e-06 | 
Epoch  14/20 | Steps:  14000 | α=1e-04 | Loss: 4.3673e-06 | BC: 6.3067e-07 | PDE: 3.7366e-02 | Val: 7.0703e-07 | Test: 6.5682e-06 | 
Epoch  15/20 | Steps:  15000 | α=1e-04 | Loss: 4.1280e-06 | BC: 6.1493e-07 | PDE: 3.5131e-02 | Val: 8.1658e-07 | Test: 6.8138e-06 | 
Epoch  16/20 | Steps:  16000 | α=1e-04 | Loss: 3.9757e-06 | BC: 6.1171e-07 | PDE: 3.3640e-02 | Val: 6.5528e-07 | Test: 6.6361e-06 | 
Epoch  17/20 | Steps:  17000 | α=1e-04 | Loss: 3.8560e-06 | BC: 6.3026e-07 | PDE: 3.2257e-02 | Val: 6.6524e-07 | Test: 6.5768e-06 | 

>>> Alpha increased: 1e-04 → 1e-03 (BC=6.2666e-07) <<<
Epoch  18/20 | Steps:  18000 | α=1e-03 | Loss: 3.8625e-06 | BC: 6.2666e-07 | PDE: 3.2358e-02 | Val: 7.0132e-07 | Test: 6.5102e-06 |  *
Epoch  19/20 | Steps:  19000 | α=1e-03 | Loss: 3.5362e-05 | BC: 1.6725e-06 | PDE: 3.3689e-02 | Val: 6.3661e-06 | Test: 1.1234e-05 | 
Epoch  20/20 | Steps:  20000 | α=1e-03 | Loss: 3.2045e-05 | BC: 1.3862e-06 | PDE: 3.0659e-02 | Val: 8.7671e-07 | Test: 6.9958e-06 | 

Restored best model from epoch 18 (val_loss: 7.0132e-07, test_loss: 6.5102e-06)
Best checkpoint saved to: outputs/expr_7_2_iter/p25to50_square/alpha_schedule_band2/checkpoints/best_model.pt
Final checkpoint saved to: outputs/expr_7_2_iter/p25to50_square/alpha_schedule_band2/checkpoints/final_model.pt
Training completed in 184.65s (20,000 total steps)
  Stage 4 (p=50) PDE diagnostics:
    p-Lap (p=50) raw:        3.8789e+21
    p-Lap (p=50) normalized: 5.9675e-03
    Inf-Lap raw:              1.0788e-02
    Inf-Lap normalized:       1.4649e-02

Iterative training completed in 722.11s
Total epochs: 80

Final Test MSE: 6.9958e-06
Inference (per point): 7.8270e-05s | (full domain): 7.8566e-05s
p-Lap (p=50) PDE test (raw):        3.8789e+21
p-Lap (p=50) PDE test (normalized): 5.9675e-03
Inf-Lap PDE test (raw):                    1.0788e-02
Inf-Lap PDE test (normalized):             1.4649e-02
Saved .npz files to outputs/expr_7_2_iter/p25to50_square/alpha_schedule_band2/npy/
Saved plot to outputs/expr_7_2_iter/p25to50_square/alpha_schedule_band2/plots/results.png
