
============================================================
p-Laplacian Aronsson Example
============================================================

Generated full domain data:
  Boundary points: 40,000
  Interior points: 1,000,000
  Test points: 10,000
Re-sampling enabled: ~1,000,000 interior points per epoch

Splitting data: 80% train, 20% validation
  BC: 32,000 train, 8,000 val
  Interior: 800,000 train, 200,000 val

Loading checkpoint: outputs/expr_7_2_iter/p2to20_square/fewer_bands/checkpoints/best_model_p20.pt

Model: PLaplacianPINN on Square [-1,1]²
  Hidden layers: [128, 128, 128, 128], activation: tanh
  η=1e-05, clip_residual=100.0, clip_grad_norm=1.0
  Outlier removal: top 2.0%
  Parameters: 50,049

Iterative Training Schedule:
  p values: [25, 30, 40, 50, 60, 70, 80, 90, 100]
  Epochs per p: 20


============================================================
Stage 1/9: Training with p=25
============================================================

Training configuration:
  Boundary points (train): 32,000 -> 80 batches of 400
  Interior points (train): 1,000,000 -> 1000 batches of 1000
  Interior sampling: RE-SAMPLE each epoch
  Boundary points (val): 8,000
  Validation loss: BC only
  Steps per epoch: 1,000
  Total steps: 20,000
  Epochs: 20
  Loss balancing: FixedAlphaSchedule
  LR scheduler: None (constant LR=1.0e-05)

/usr/local/lib/python3.12/dist-packages/torch/autograd/graph.py:824: UserWarning: Attempting to run cuBLAS, but there was no current CUDA context! Attempting to set the primary context... (Triggered internally at /opt/pytorch/pytorch/aten/src/ATen/cuda/CublasHandlePool.cpp:181.)
  return Variable._execution_engine.run_backward(  # Calls into the C++ engine to run the backward pass
Epoch   1/20 | Steps:   1000 | α=1e-02 | Loss: 1.3467e-04 | BC: 9.7483e-06 | PDE: 1.2492e-02 | Val: 9.7509e-06 | Test: 2.6475e-05 |  *
Epoch   2/20 | Steps:   2000 | α=1e-02 | Loss: 6.5615e-05 | BC: 9.0849e-06 | PDE: 5.6530e-03 | Val: 9.1170e-06 | Test: 2.5745e-05 |  *
Epoch   3/20 | Steps:   3000 | α=1e-02 | Loss: 5.8345e-05 | BC: 8.7642e-06 | PDE: 4.9581e-03 | Val: 8.6642e-06 | Test: 2.4919e-05 |  *
Epoch   4/20 | Steps:   4000 | α=1e-02 | Loss: 5.3806e-05 | BC: 8.5811e-06 | PDE: 4.5225e-03 | Val: 8.5902e-06 | Test: 2.4832e-05 |  *
Epoch   5/20 | Steps:   5000 | α=1e-02 | Loss: 4.9317e-05 | BC: 8.4038e-06 | PDE: 4.0913e-03 | Val: 8.5212e-06 | Test: 2.4692e-05 |  *
Epoch   6/20 | Steps:   6000 | α=1e-02 | Loss: 4.9107e-05 | BC: 8.2425e-06 | PDE: 4.0864e-03 | Val: 9.1187e-06 | Test: 2.5418e-05 | 
Epoch   7/20 | Steps:   7000 | α=1e-02 | Loss: 4.7899e-05 | BC: 8.0511e-06 | PDE: 3.9848e-03 | Val: 8.2200e-06 | Test: 2.4705e-05 |  *
Epoch   8/20 | Steps:   8000 | α=1e-02 | Loss: 4.7624e-05 | BC: 7.9816e-06 | PDE: 3.9642e-03 | Val: 9.7005e-06 | Test: 2.5939e-05 | 
Epoch   9/20 | Steps:   9000 | α=1e-02 | Loss: 4.4397e-05 | BC: 7.8438e-06 | PDE: 3.6554e-03 | Val: 8.2883e-06 | Test: 2.4979e-05 | 
Epoch  10/20 | Steps:  10000 | α=1e-02 | Loss: 4.3852e-05 | BC: 7.6569e-06 | PDE: 3.6195e-03 | Val: 8.4597e-06 | Test: 2.5345e-05 | 
Epoch  11/20 | Steps:  11000 | α=1e-02 | Loss: 4.3154e-05 | BC: 7.5640e-06 | PDE: 3.5590e-03 | Val: 7.4841e-06 | Test: 2.4525e-05 |  *
Epoch  12/20 | Steps:  12000 | α=1e-02 | Loss: 4.2582e-05 | BC: 7.4579e-06 | PDE: 3.5124e-03 | Val: 7.4194e-06 | Test: 2.4691e-05 |  *
Epoch  13/20 | Steps:  13000 | α=1e-02 | Loss: 4.1144e-05 | BC: 7.3089e-06 | PDE: 3.3835e-03 | Val: 7.5668e-06 | Test: 2.4892e-05 | 
Epoch  14/20 | Steps:  14000 | α=1e-02 | Loss: 4.1795e-05 | BC: 7.2898e-06 | PDE: 3.4505e-03 | Val: 8.2614e-06 | Test: 2.5650e-05 | 
Epoch  15/20 | Steps:  15000 | α=1e-02 | Loss: 4.0583e-05 | BC: 7.1352e-06 | PDE: 3.3448e-03 | Val: 7.2864e-06 | Test: 2.4726e-05 |  *
Epoch  16/20 | Steps:  16000 | α=1e-02 | Loss: 4.1381e-05 | BC: 7.0893e-06 | PDE: 3.4292e-03 | Val: 7.5380e-06 | Test: 2.5200e-05 | 
Epoch  17/20 | Steps:  17000 | α=1e-02 | Loss: 4.0099e-05 | BC: 6.9967e-06 | PDE: 3.3102e-03 | Val: 7.2905e-06 | Test: 2.5197e-05 | 
Epoch  18/20 | Steps:  18000 | α=1e-02 | Loss: 3.9412e-05 | BC: 6.9063e-06 | PDE: 3.2506e-03 | Val: 7.2334e-06 | Test: 2.5190e-05 |  *
Epoch  19/20 | Steps:  19000 | α=1e-02 | Loss: 3.8682e-05 | BC: 6.8355e-06 | PDE: 3.1846e-03 | Val: 8.9387e-06 | Test: 2.6777e-05 | 
Epoch  20/20 | Steps:  20000 | α=1e-02 | Loss: 3.9238e-05 | BC: 6.7856e-06 | PDE: 3.2452e-03 | Val: 6.7863e-06 | Test: 2.4994e-05 |  *

Restored best model from epoch 20 (val_loss: 6.7863e-06, test_loss: 2.4994e-05)
Best checkpoint saved to: outputs/expr_7_2_iter/p25to100_square/fewer_bands/checkpoints/best_model.pt
Final checkpoint saved to: outputs/expr_7_2_iter/p25to100_square/fewer_bands/checkpoints/final_model.pt
Training completed in 303.63s (20,000 total steps)
  Stage 1 (p=25) PDE diagnostics:
    p-Lap (p=25) raw:        3.4616e+06
    p-Lap (p=25) normalized: 1.1170e-02
    Inf-Lap raw:              2.7242e-02
    Inf-Lap normalized:       3.5220e-02

============================================================
Stage 2/9: Training with p=30
============================================================

Training configuration:
  Boundary points (train): 32,000 -> 80 batches of 400
  Interior points (train): 1,000,000 -> 1000 batches of 1000
  Interior sampling: RE-SAMPLE each epoch
  Boundary points (val): 8,000
  Validation loss: BC only
  Steps per epoch: 1,000
  Total steps: 20,000
  Epochs: 20
  Loss balancing: FixedAlphaSchedule
  LR scheduler: None (constant LR=1.0e-05)

Epoch   1/20 | Steps:   1000 | α=1e-02 | Loss: 1.2477e-04 | BC: 8.9719e-06 | PDE: 1.1580e-02 | Val: 8.8978e-06 | Test: 2.0044e-05 |  *
Epoch   2/20 | Steps:   2000 | α=1e-02 | Loss: 8.9010e-05 | BC: 8.7070e-06 | PDE: 8.0303e-03 | Val: 7.8687e-06 | Test: 1.8587e-05 |  *
Epoch   3/20 | Steps:   3000 | α=1e-02 | Loss: 8.7957e-05 | BC: 8.4618e-06 | PDE: 7.9496e-03 | Val: 8.9006e-06 | Test: 1.9463e-05 | 
Epoch   4/20 | Steps:   4000 | α=1e-02 | Loss: 8.8066e-05 | BC: 8.3624e-06 | PDE: 7.9703e-03 | Val: 7.7500e-06 | Test: 1.8518e-05 |  *
Epoch   5/20 | Steps:   5000 | α=1e-02 | Loss: 8.0290e-05 | BC: 8.0325e-06 | PDE: 7.2257e-03 | Val: 7.4675e-06 | Test: 1.8237e-05 |  *
Epoch   6/20 | Steps:   6000 | α=1e-02 | Loss: 7.5647e-05 | BC: 7.7035e-06 | PDE: 6.7943e-03 | Val: 8.4273e-06 | Test: 1.8194e-05 | 
Epoch   7/20 | Steps:   7000 | α=1e-02 | Loss: 7.7961e-05 | BC: 7.7289e-06 | PDE: 7.0232e-03 | Val: 7.8198e-06 | Test: 1.8548e-05 | 
Epoch   8/20 | Steps:   8000 | α=1e-02 | Loss: 7.3245e-05 | BC: 7.6321e-06 | PDE: 6.5613e-03 | Val: 7.6313e-06 | Test: 1.8742e-05 | 
Epoch   9/20 | Steps:   9000 | α=1e-02 | Loss: 7.3326e-05 | BC: 7.3695e-06 | PDE: 6.5957e-03 | Val: 8.1070e-06 | Test: 1.9096e-05 | 
Epoch  10/20 | Steps:  10000 | α=1e-02 | Loss: 7.0717e-05 | BC: 7.2530e-06 | PDE: 6.3464e-03 | Val: 7.0418e-06 | Test: 1.8184e-05 |  *
Epoch  11/20 | Steps:  11000 | α=1e-02 | Loss: 7.0515e-05 | BC: 7.1128e-06 | PDE: 6.3402e-03 | Val: 6.7867e-06 | Test: 1.8172e-05 |  *
Epoch  12/20 | Steps:  12000 | α=1e-02 | Loss: 7.2898e-05 | BC: 7.2379e-06 | PDE: 6.5660e-03 | Val: 7.1509e-06 | Test: 1.7992e-05 | 
Epoch  13/20 | Steps:  13000 | α=1e-02 | Loss: 6.9088e-05 | BC: 6.9103e-06 | PDE: 6.2178e-03 | Val: 6.7099e-06 | Test: 1.8200e-05 |  *
Epoch  14/20 | Steps:  14000 | α=1e-02 | Loss: 6.7043e-05 | BC: 6.9581e-06 | PDE: 6.0085e-03 | Val: 6.7126e-06 | Test: 1.8176e-05 | 
Epoch  15/20 | Steps:  15000 | α=1e-02 | Loss: 6.7697e-05 | BC: 6.8085e-06 | PDE: 6.0888e-03 | Val: 6.8149e-06 | Test: 1.8389e-05 | 
Epoch  16/20 | Steps:  16000 | α=1e-02 | Loss: 6.6032e-05 | BC: 6.6292e-06 | PDE: 5.9402e-03 | Val: 6.2551e-06 | Test: 1.8021e-05 |  *
Epoch  17/20 | Steps:  17000 | α=1e-02 | Loss: 6.5225e-05 | BC: 6.5208e-06 | PDE: 5.8704e-03 | Val: 7.9375e-06 | Test: 1.9422e-05 | 
Epoch  18/20 | Steps:  18000 | α=1e-02 | Loss: 6.8570e-05 | BC: 6.5931e-06 | PDE: 6.1977e-03 | Val: 7.4263e-06 | Test: 1.9411e-05 | 
Epoch  19/20 | Steps:  19000 | α=1e-02 | Loss: 6.3340e-05 | BC: 6.4089e-06 | PDE: 5.6932e-03 | Val: 6.0613e-06 | Test: 1.8389e-05 |  *
Epoch  20/20 | Steps:  20000 | α=1e-02 | Loss: 6.2221e-05 | BC: 6.2289e-06 | PDE: 5.5992e-03 | Val: 5.9984e-06 | Test: 1.7994e-05 |  *

Restored best model from epoch 20 (val_loss: 5.9984e-06, test_loss: 1.7994e-05)
Best checkpoint saved to: outputs/expr_7_2_iter/p25to100_square/fewer_bands/checkpoints/best_model.pt
Final checkpoint saved to: outputs/expr_7_2_iter/p25to100_square/fewer_bands/checkpoints/final_model.pt
Training completed in 302.27s (20,000 total steps)
  Stage 2 (p=30) PDE diagnostics:
    p-Lap (p=30) raw:        2.9353e+09
    p-Lap (p=30) normalized: 9.2978e-03
    Inf-Lap raw:              2.0913e-02
    Inf-Lap normalized:       2.7712e-02

============================================================
Stage 3/9: Training with p=40
============================================================

Training configuration:
  Boundary points (train): 32,000 -> 80 batches of 400
  Interior points (train): 1,000,000 -> 1000 batches of 1000
  Interior sampling: RE-SAMPLE each epoch
  Boundary points (val): 8,000
  Validation loss: BC only
  Steps per epoch: 1,000
  Total steps: 20,000
  Epochs: 20
  Loss balancing: FixedAlphaSchedule
  LR scheduler: None (constant LR=1.0e-05)

Epoch   1/20 | Steps:   1000 | α=1e-02 | Loss: 2.9738e-04 | BC: 1.5276e-05 | PDE: 2.8211e-02 | Val: 1.2821e-05 | Test: 1.5938e-05 |  *
Epoch   2/20 | Steps:   2000 | α=1e-02 | Loss: 2.1142e-04 | BC: 1.4070e-05 | PDE: 1.9735e-02 | Val: 1.2963e-05 | Test: 1.5632e-05 | 
Epoch   3/20 | Steps:   3000 | α=1e-02 | Loss: 1.9637e-04 | BC: 1.2461e-05 | PDE: 1.8391e-02 | Val: 1.2761e-05 | Test: 1.5195e-05 |  *
Epoch   4/20 | Steps:   4000 | α=1e-02 | Loss: 1.9919e-04 | BC: 1.2700e-05 | PDE: 1.8649e-02 | Val: 1.3011e-05 | Test: 1.5632e-05 | 
Epoch   5/20 | Steps:   5000 | α=1e-02 | Loss: 1.6750e-04 | BC: 1.1516e-05 | PDE: 1.5599e-02 | Val: 1.0304e-05 | Test: 1.3638e-05 |  *
Epoch   6/20 | Steps:   6000 | α=1e-02 | Loss: 1.7648e-04 | BC: 1.1708e-05 | PDE: 1.6478e-02 | Val: 1.1969e-05 | Test: 1.4810e-05 | 
Epoch   7/20 | Steps:   7000 | α=1e-02 | Loss: 1.7679e-04 | BC: 1.1493e-05 | PDE: 1.6530e-02 | Val: 9.2312e-06 | Test: 1.3102e-05 |  *
Epoch   8/20 | Steps:   8000 | α=1e-02 | Loss: 1.7527e-04 | BC: 1.1287e-05 | PDE: 1.6398e-02 | Val: 1.2261e-05 | Test: 1.4878e-05 | 
Epoch   9/20 | Steps:   9000 | α=1e-02 | Loss: 1.6285e-04 | BC: 1.1231e-05 | PDE: 1.5162e-02 | Val: 1.2544e-05 | Test: 1.5140e-05 | 
Epoch  10/20 | Steps:  10000 | α=1e-02 | Loss: 1.5985e-04 | BC: 1.1471e-05 | PDE: 1.4838e-02 | Val: 8.9459e-06 | Test: 1.2859e-05 |  *
Epoch  11/20 | Steps:  11000 | α=1e-02 | Loss: 1.5643e-04 | BC: 1.0524e-05 | PDE: 1.4591e-02 | Val: 1.0665e-05 | Test: 1.4566e-05 | 
Epoch  12/20 | Steps:  12000 | α=1e-02 | Loss: 1.5207e-04 | BC: 1.0074e-05 | PDE: 1.4199e-02 | Val: 1.1659e-05 | Test: 1.4233e-05 | 
Epoch  13/20 | Steps:  13000 | α=1e-02 | Loss: 1.4811e-04 | BC: 1.0225e-05 | PDE: 1.3789e-02 | Val: 9.6868e-06 | Test: 1.3804e-05 | 
Epoch  14/20 | Steps:  14000 | α=1e-02 | Loss: 1.5018e-04 | BC: 9.5475e-06 | PDE: 1.4063e-02 | Val: 9.2843e-06 | Test: 1.3229e-05 | 
Epoch  15/20 | Steps:  15000 | α=1e-02 | Loss: 1.3863e-04 | BC: 9.4448e-06 | PDE: 1.2919e-02 | Val: 7.9101e-06 | Test: 1.2308e-05 |  *
Epoch  16/20 | Steps:  16000 | α=1e-02 | Loss: 1.4254e-04 | BC: 9.0893e-06 | PDE: 1.3345e-02 | Val: 7.5442e-06 | Test: 1.2283e-05 |  *
Epoch  17/20 | Steps:  17000 | α=1e-02 | Loss: 1.3166e-04 | BC: 8.7673e-06 | PDE: 1.2289e-02 | Val: 9.1512e-06 | Test: 1.3444e-05 | 
Epoch  18/20 | Steps:  18000 | α=1e-02 | Loss: 1.3093e-04 | BC: 8.9939e-06 | PDE: 1.2194e-02 | Val: 8.7222e-06 | Test: 1.3163e-05 | 
Epoch  19/20 | Steps:  19000 | α=1e-02 | Loss: 1.3459e-04 | BC: 8.2858e-06 | PDE: 1.2630e-02 | Val: 6.8063e-06 | Test: 1.1908e-05 |  *
Epoch  20/20 | Steps:  20000 | α=1e-02 | Loss: 1.3097e-04 | BC: 8.3683e-06 | PDE: 1.2260e-02 | Val: 6.8211e-06 | Test: 1.1659e-05 | 

Restored best model from epoch 19 (val_loss: 6.8063e-06, test_loss: 1.1908e-05)
Best checkpoint saved to: outputs/expr_7_2_iter/p25to100_square/fewer_bands/checkpoints/best_model.pt
Final checkpoint saved to: outputs/expr_7_2_iter/p25to100_square/fewer_bands/checkpoints/final_model.pt
Training completed in 200.73s (20,000 total steps)
  Stage 3 (p=40) PDE diagnostics:
    p-Lap (p=40) raw:        6.1488e+14
    p-Lap (p=40) normalized: 7.3232e-03
    Inf-Lap raw:              1.4339e-02
    Inf-Lap normalized:       1.9593e-02

============================================================
Stage 4/9: Training with p=50
============================================================

Training configuration:
  Boundary points (train): 32,000 -> 80 batches of 400
  Interior points (train): 1,000,000 -> 1000 batches of 1000
  Interior sampling: RE-SAMPLE each epoch
  Boundary points (val): 8,000
  Validation loss: BC only
  Steps per epoch: 1,000
  Total steps: 20,000
  Epochs: 20
  Loss balancing: FixedAlphaSchedule
  LR scheduler: None (constant LR=1.0e-05)

Epoch   1/20 | Steps:   1000 | α=1e-02 | Loss: 3.3857e-04 | BC: 1.7842e-05 | PDE: 3.2073e-02 | Val: 1.8692e-05 | Test: 1.6351e-05 |  *
Epoch   2/20 | Steps:   2000 | α=1e-02 | Loss: 2.5818e-04 | BC: 1.6178e-05 | PDE: 2.4200e-02 | Val: 1.4644e-05 | Test: 1.3133e-05 |  *
Epoch   3/20 | Steps:   3000 | α=1e-02 | Loss: 2.6628e-04 | BC: 1.5223e-05 | PDE: 2.5105e-02 | Val: 1.7752e-05 | Test: 1.5922e-05 | 
Epoch   4/20 | Steps:   4000 | α=1e-02 | Loss: 2.6267e-04 | BC: 1.5673e-05 | PDE: 2.4699e-02 | Val: 1.3411e-05 | Test: 1.2027e-05 |  *
Epoch   5/20 | Steps:   5000 | α=1e-02 | Loss: 2.6107e-04 | BC: 1.4296e-05 | PDE: 2.4677e-02 | Val: 1.3446e-05 | Test: 1.2421e-05 | 
Epoch   6/20 | Steps:   6000 | α=1e-02 | Loss: 2.6239e-04 | BC: 1.4636e-05 | PDE: 2.4775e-02 | Val: 1.4047e-05 | Test: 1.3097e-05 | 
Epoch   7/20 | Steps:   7000 | α=1e-02 | Loss: 2.5996e-04 | BC: 1.5811e-05 | PDE: 2.4415e-02 | Val: 2.5050e-05 | Test: 1.7555e-05 | 
Epoch   8/20 | Steps:   8000 | α=1e-02 | Loss: 2.4142e-04 | BC: 1.4582e-05 | PDE: 2.2684e-02 | Val: 1.4295e-05 | Test: 1.3404e-05 | 
Epoch   9/20 | Steps:   9000 | α=1e-02 | Loss: 2.4824e-04 | BC: 1.4272e-05 | PDE: 2.3397e-02 | Val: 1.2410e-05 | Test: 1.2106e-05 |  *
Epoch  10/20 | Steps:  10000 | α=1e-02 | Loss: 2.4190e-04 | BC: 1.2389e-05 | PDE: 2.2952e-02 | Val: 1.2687e-05 | Test: 1.2112e-05 | 
Epoch  11/20 | Steps:  11000 | α=1e-02 | Loss: 2.3215e-04 | BC: 1.3522e-05 | PDE: 2.1863e-02 | Val: 1.4642e-05 | Test: 1.3645e-05 | 
Epoch  12/20 | Steps:  12000 | α=1e-02 | Loss: 2.2785e-04 | BC: 1.2515e-05 | PDE: 2.1533e-02 | Val: 1.1955e-05 | Test: 1.1929e-05 |  *
Epoch  13/20 | Steps:  13000 | α=1e-02 | Loss: 2.0423e-04 | BC: 1.0837e-05 | PDE: 1.9339e-02 | Val: 1.3888e-05 | Test: 1.3876e-05 | 
Epoch  14/20 | Steps:  14000 | α=1e-02 | Loss: 2.3373e-04 | BC: 1.2686e-05 | PDE: 2.2105e-02 | Val: 1.1552e-05 | Test: 1.0757e-05 |  *
Epoch  15/20 | Steps:  15000 | α=1e-02 | Loss: 2.2425e-04 | BC: 1.1928e-05 | PDE: 2.1232e-02 | Val: 1.0205e-05 | Test: 1.0665e-05 |  *
Epoch  16/20 | Steps:  16000 | α=1e-02 | Loss: 2.1273e-04 | BC: 1.0814e-05 | PDE: 2.0192e-02 | Val: 9.6341e-06 | Test: 1.0719e-05 |  *
Epoch  17/20 | Steps:  17000 | α=1e-02 | Loss: 2.0649e-04 | BC: 1.0606e-05 | PDE: 1.9589e-02 | Val: 1.1375e-05 | Test: 1.1876e-05 | 
Epoch  18/20 | Steps:  18000 | α=1e-02 | Loss: 2.1253e-04 | BC: 1.1183e-05 | PDE: 2.0135e-02 | Val: 8.9868e-06 | Test: 1.0095e-05 |  *
Epoch  19/20 | Steps:  19000 | α=1e-02 | Loss: 2.0458e-04 | BC: 1.1329e-05 | PDE: 1.9325e-02 | Val: 9.9418e-06 | Test: 1.1519e-05 | 
Epoch  20/20 | Steps:  20000 | α=1e-02 | Loss: 1.9984e-04 | BC: 1.1084e-05 | PDE: 1.8875e-02 | Val: 8.5694e-06 | Test: 1.0344e-05 |  *

Restored best model from epoch 20 (val_loss: 8.5694e-06, test_loss: 1.0344e-05)
Best checkpoint saved to: outputs/expr_7_2_iter/p25to100_square/fewer_bands/checkpoints/best_model.pt
Final checkpoint saved to: outputs/expr_7_2_iter/p25to100_square/fewer_bands/checkpoints/final_model.pt
Training completed in 175.84s (20,000 total steps)
  Stage 4 (p=50) PDE diagnostics:
    p-Lap (p=50) raw:        1.5827e+20
    p-Lap (p=50) normalized: 6.2941e-03
    Inf-Lap raw:              1.0516e-02
    Inf-Lap normalized:       1.5105e-02

============================================================
Stage 5/9: Training with p=60
============================================================

Training configuration:
  Boundary points (train): 32,000 -> 80 batches of 400
  Interior points (train): 1,000,000 -> 1000 batches of 1000
  Interior sampling: RE-SAMPLE each epoch
  Boundary points (val): 8,000
  Validation loss: BC only
  Steps per epoch: 1,000
  Total steps: 20,000
  Epochs: 20
  Loss balancing: FixedAlphaSchedule
  LR scheduler: None (constant LR=1.0e-05)

Epoch   1/20 | Steps:   1000 | α=1e-02 | Loss: 3.6779e-04 | BC: 1.9850e-05 | PDE: 3.4794e-02 | Val: 2.3540e-05 | Test: 1.7974e-05 |  *
Epoch   2/20 | Steps:   2000 | α=1e-02 | Loss: 3.6723e-04 | BC: 1.9293e-05 | PDE: 3.4794e-02 | Val: 1.4483e-05 | Test: 1.1378e-05 |  *
Epoch   3/20 | Steps:   3000 | α=1e-02 | Loss: 3.3512e-04 | BC: 1.6711e-05 | PDE: 3.1840e-02 | Val: 1.4616e-05 | Test: 1.0816e-05 | 
Epoch   4/20 | Steps:   4000 | α=1e-02 | Loss: 3.2102e-04 | BC: 1.6106e-05 | PDE: 3.0492e-02 | Val: 1.5323e-05 | Test: 1.2545e-05 | 
Epoch   5/20 | Steps:   5000 | α=1e-02 | Loss: 3.3608e-04 | BC: 1.4697e-05 | PDE: 3.2139e-02 | Val: 1.2853e-05 | Test: 1.0436e-05 |  *
Epoch   6/20 | Steps:   6000 | α=1e-02 | Loss: 3.0352e-04 | BC: 1.5475e-05 | PDE: 2.8805e-02 | Val: 1.3094e-05 | Test: 1.0230e-05 | 
Epoch   7/20 | Steps:   7000 | α=1e-02 | Loss: 3.1362e-04 | BC: 1.4597e-05 | PDE: 2.9902e-02 | Val: 1.8056e-05 | Test: 1.5080e-05 | 
Epoch   8/20 | Steps:   8000 | α=1e-02 | Loss: 3.0985e-04 | BC: 1.7893e-05 | PDE: 2.9195e-02 | Val: 1.4644e-05 | Test: 1.2632e-05 | 
Epoch   9/20 | Steps:   9000 | α=1e-02 | Loss: 2.8995e-04 | BC: 1.4342e-05 | PDE: 2.7561e-02 | Val: 1.3389e-05 | Test: 1.1468e-05 | 
Epoch  10/20 | Steps:  10000 | α=1e-02 | Loss: 3.2751e-04 | BC: 1.6008e-05 | PDE: 3.1151e-02 | Val: 1.6416e-05 | Test: 1.3481e-05 | 
Epoch  11/20 | Steps:  11000 | α=1e-02 | Loss: 3.0648e-04 | BC: 1.6256e-05 | PDE: 2.9023e-02 | Val: 1.5308e-05 | Test: 1.3305e-05 | 
Epoch  12/20 | Steps:  12000 | α=1e-02 | Loss: 2.9631e-04 | BC: 1.5079e-05 | PDE: 2.8123e-02 | Val: 1.4715e-05 | Test: 1.2052e-05 | 
Epoch  13/20 | Steps:  13000 | α=1e-02 | Loss: 3.0212e-04 | BC: 1.3320e-05 | PDE: 2.8880e-02 | Val: 1.2642e-05 | Test: 1.1267e-05 |  *
Epoch  14/20 | Steps:  14000 | α=1e-02 | Loss: 3.0377e-04 | BC: 1.4335e-05 | PDE: 2.8944e-02 | Val: 2.0228e-05 | Test: 1.6747e-05 | 
Epoch  15/20 | Steps:  15000 | α=1e-02 | Loss: 2.9277e-04 | BC: 1.3415e-05 | PDE: 2.7935e-02 | Val: 1.2448e-05 | Test: 1.0187e-05 |  *
Epoch  16/20 | Steps:  16000 | α=1e-02 | Loss: 2.9227e-04 | BC: 1.3241e-05 | PDE: 2.7903e-02 | Val: 1.1171e-05 | Test: 1.0516e-05 |  *
Epoch  17/20 | Steps:  17000 | α=1e-02 | Loss: 2.8287e-04 | BC: 1.2969e-05 | PDE: 2.6990e-02 | Val: 9.6940e-06 | Test: 9.4453e-06 |  *
Epoch  18/20 | Steps:  18000 | α=1e-02 | Loss: 2.6694e-04 | BC: 1.2634e-05 | PDE: 2.5431e-02 | Val: 1.6212e-05 | Test: 1.4228e-05 | 
Epoch  19/20 | Steps:  19000 | α=1e-02 | Loss: 2.8067e-04 | BC: 1.4884e-05 | PDE: 2.6579e-02 | Val: 1.2002e-05 | Test: 1.0989e-05 | 
Epoch  20/20 | Steps:  20000 | α=1e-02 | Loss: 2.9283e-04 | BC: 1.3449e-05 | PDE: 2.7938e-02 | Val: 1.1499e-05 | Test: 9.8298e-06 | 

Restored best model from epoch 17 (val_loss: 9.6940e-06, test_loss: 9.4453e-06)
Best checkpoint saved to: outputs/expr_7_2_iter/p25to100_square/fewer_bands/checkpoints/best_model.pt
Final checkpoint saved to: outputs/expr_7_2_iter/p25to100_square/fewer_bands/checkpoints/final_model.pt
Training completed in 225.61s (20,000 total steps)
  Stage 5 (p=60) PDE diagnostics:
    p-Lap (p=60) raw:        5.9456e+25
    p-Lap (p=60) normalized: 5.5285e-03
    Inf-Lap raw:              8.2977e-03
    Inf-Lap normalized:       1.2237e-02

============================================================
Stage 6/9: Training with p=70
============================================================

Training configuration:
  Boundary points (train): 32,000 -> 80 batches of 400
  Interior points (train): 1,000,000 -> 1000 batches of 1000
  Interior sampling: RE-SAMPLE each epoch
  Boundary points (val): 8,000
  Validation loss: BC only
  Steps per epoch: 1,000
  Total steps: 20,000
  Epochs: 20
  Loss balancing: FixedAlphaSchedule
  LR scheduler: None (constant LR=1.0e-05)

Epoch   1/20 | Steps:   1000 | α=1e-02 | Loss: 4.4071e-04 | BC: 1.8763e-05 | PDE: 4.2195e-02 | Val: 2.2832e-05 | Test: 1.5810e-05 |  *
Epoch   2/20 | Steps:   2000 | α=1e-02 | Loss: 4.2982e-04 | BC: 2.0220e-05 | PDE: 4.0960e-02 | Val: 1.7624e-05 | Test: 1.1666e-05 |  *
Epoch   3/20 | Steps:   3000 | α=1e-02 | Loss: 4.0811e-04 | BC: 1.8506e-05 | PDE: 3.8960e-02 | Val: 1.8798e-05 | Test: 1.2223e-05 | 
Epoch   4/20 | Steps:   4000 | α=1e-02 | Loss: 4.1419e-04 | BC: 1.8110e-05 | PDE: 3.9608e-02 | Val: 1.6844e-05 | Test: 1.1985e-05 |  *
Epoch   5/20 | Steps:   5000 | α=1e-02 | Loss: 4.2608e-04 | BC: 1.8476e-05 | PDE: 4.0761e-02 | Val: 1.4383e-05 | Test: 9.8475e-06 |  *
Epoch   6/20 | Steps:   6000 | α=1e-02 | Loss: 3.9964e-04 | BC: 1.9794e-05 | PDE: 3.7985e-02 | Val: 1.8207e-05 | Test: 1.4024e-05 | 
Epoch   7/20 | Steps:   7000 | α=1e-02 | Loss: 3.7330e-04 | BC: 1.8242e-05 | PDE: 3.5505e-02 | Val: 1.4390e-05 | Test: 1.0394e-05 | 
Epoch   8/20 | Steps:   8000 | α=1e-02 | Loss: 3.7715e-04 | BC: 1.5868e-05 | PDE: 3.6128e-02 | Val: 1.6498e-05 | Test: 1.1282e-05 | 
Epoch   9/20 | Steps:   9000 | α=1e-02 | Loss: 3.8285e-04 | BC: 1.9307e-05 | PDE: 3.6354e-02 | Val: 1.5369e-05 | Test: 1.0788e-05 | 
Epoch  10/20 | Steps:  10000 | α=1e-02 | Loss: 3.9440e-04 | BC: 2.0232e-05 | PDE: 3.7417e-02 | Val: 1.8484e-05 | Test: 1.3384e-05 | 
Epoch  11/20 | Steps:  11000 | α=1e-02 | Loss: 3.9417e-04 | BC: 1.6797e-05 | PDE: 3.7737e-02 | Val: 1.9966e-05 | Test: 1.4538e-05 | 
Epoch  12/20 | Steps:  12000 | α=1e-02 | Loss: 3.6693e-04 | BC: 1.7826e-05 | PDE: 3.4911e-02 | Val: 1.8541e-05 | Test: 1.3082e-05 | 
Epoch  13/20 | Steps:  13000 | α=1e-02 | Loss: 3.8176e-04 | BC: 1.7825e-05 | PDE: 3.6394e-02 | Val: 1.8855e-05 | Test: 1.4793e-05 | 
Epoch  14/20 | Steps:  14000 | α=1e-02 | Loss: 3.7309e-04 | BC: 1.7432e-05 | PDE: 3.5566e-02 | Val: 1.8668e-05 | Test: 1.4345e-05 | 
Epoch  15/20 | Steps:  15000 | α=1e-02 | Loss: 3.6485e-04 | BC: 1.6965e-05 | PDE: 3.4789e-02 | Val: 1.6566e-05 | Test: 1.0936e-05 | 
Epoch  16/20 | Steps:  16000 | α=1e-02 | Loss: 3.8487e-04 | BC: 1.7043e-05 | PDE: 3.6783e-02 | Val: 1.5980e-05 | Test: 1.1856e-05 | 
Epoch  17/20 | Steps:  17000 | α=1e-02 | Loss: 3.5644e-04 | BC: 1.5465e-05 | PDE: 3.4098e-02 | Val: 1.6177e-05 | Test: 1.1887e-05 | 
Epoch  18/20 | Steps:  18000 | α=1e-02 | Loss: 3.5233e-04 | BC: 1.5298e-05 | PDE: 3.3703e-02 | Val: 1.5448e-05 | Test: 1.2653e-05 | 
Epoch  19/20 | Steps:  19000 | α=1e-02 | Loss: 3.6094e-04 | BC: 1.6176e-05 | PDE: 3.4477e-02 | Val: 1.7262e-05 | Test: 1.5256e-05 | 
Epoch  20/20 | Steps:  20000 | α=1e-02 | Loss: 4.1340e-04 | BC: 1.5605e-05 | PDE: 3.9779e-02 | Val: 1.1393e-05 | Test: 9.4860e-06 |  *

Restored best model from epoch 20 (val_loss: 1.1393e-05, test_loss: 9.4860e-06)
Best checkpoint saved to: outputs/expr_7_2_iter/p25to100_square/fewer_bands/checkpoints/best_model.pt
Final checkpoint saved to: outputs/expr_7_2_iter/p25to100_square/fewer_bands/checkpoints/final_model.pt
Training completed in 179.09s (20,000 total steps)
  Stage 6 (p=70) PDE diagnostics:
    p-Lap (p=70) raw:        1.1561e+31
    p-Lap (p=70) normalized: 5.1999e-03
    Inf-Lap raw:              6.8135e-03
    Inf-Lap normalized:       1.0557e-02

============================================================
Stage 7/9: Training with p=80
============================================================

Training configuration:
  Boundary points (train): 32,000 -> 80 batches of 400
  Interior points (train): 1,000,000 -> 1000 batches of 1000
  Interior sampling: RE-SAMPLE each epoch
  Boundary points (val): 8,000
  Validation loss: BC only
  Steps per epoch: 1,000
  Total steps: 20,000
  Epochs: 20
  Loss balancing: FixedAlphaSchedule
  LR scheduler: None (constant LR=1.0e-05)

Epoch   1/20 | Steps:   1000 | α=1e-02 | Loss: 5.0400e-04 | BC: 2.2233e-05 | PDE: 4.8176e-02 | Val: 2.5064e-05 | Test: 1.4946e-05 |  *
Epoch   2/20 | Steps:   2000 | α=1e-02 | Loss: 4.7468e-04 | BC: 2.0029e-05 | PDE: 4.5465e-02 | Val: 1.7175e-05 | Test: 1.1033e-05 |  *
Epoch   3/20 | Steps:   3000 | α=1e-02 | Loss: 4.9705e-04 | BC: 1.8712e-05 | PDE: 4.7834e-02 | Val: 1.9669e-05 | Test: 1.1735e-05 | 
Epoch   4/20 | Steps:   4000 | α=1e-02 | Loss: 4.9933e-04 | BC: 1.9489e-05 | PDE: 4.7984e-02 | Val: 1.7773e-05 | Test: 1.0614e-05 | 
Epoch   5/20 | Steps:   5000 | α=1e-02 | Loss: 4.8273e-04 | BC: 1.9725e-05 | PDE: 4.6300e-02 | Val: 2.2219e-05 | Test: 1.4429e-05 | 
Epoch   6/20 | Steps:   6000 | α=1e-02 | Loss: 4.7975e-04 | BC: 1.9550e-05 | PDE: 4.6020e-02 | Val: 1.8586e-05 | Test: 1.2649e-05 | 
Epoch   7/20 | Steps:   7000 | α=1e-02 | Loss: 4.6928e-04 | BC: 1.9745e-05 | PDE: 4.4953e-02 | Val: 2.8579e-05 | Test: 2.0389e-05 | 
Epoch   8/20 | Steps:   8000 | α=1e-02 | Loss: 4.8212e-04 | BC: 2.0858e-05 | PDE: 4.6126e-02 | Val: 2.5400e-05 | Test: 1.7017e-05 | 
Epoch   9/20 | Steps:   9000 | α=1e-02 | Loss: 4.1201e-04 | BC: 1.7582e-05 | PDE: 3.9442e-02 | Val: 1.4356e-05 | Test: 9.5957e-06 |  *
Epoch  10/20 | Steps:  10000 | α=1e-02 | Loss: 4.8253e-04 | BC: 1.8718e-05 | PDE: 4.6381e-02 | Val: 1.7009e-05 | Test: 1.1069e-05 | 
Epoch  11/20 | Steps:  11000 | α=1e-02 | Loss: 4.6037e-04 | BC: 1.7574e-05 | PDE: 4.4280e-02 | Val: 1.7454e-05 | Test: 1.1874e-05 | 
Epoch  12/20 | Steps:  12000 | α=1e-02 | Loss: 5.0054e-04 | BC: 1.8458e-05 | PDE: 4.8208e-02 | Val: 1.9829e-05 | Test: 1.3695e-05 | 
Epoch  13/20 | Steps:  13000 | α=1e-02 | Loss: 4.8229e-04 | BC: 1.8769e-05 | PDE: 4.6352e-02 | Val: 2.1133e-05 | Test: 1.2247e-05 | 
Epoch  14/20 | Steps:  14000 | α=1e-02 | Loss: 4.9102e-04 | BC: 1.9289e-05 | PDE: 4.7174e-02 | Val: 1.5616e-05 | Test: 1.0716e-05 | 
Epoch  15/20 | Steps:  15000 | α=1e-02 | Loss: 4.5433e-04 | BC: 1.8359e-05 | PDE: 4.3597e-02 | Val: 2.2764e-05 | Test: 1.6817e-05 | 
Epoch  16/20 | Steps:  16000 | α=1e-02 | Loss: 4.1341e-04 | BC: 1.7510e-05 | PDE: 3.9590e-02 | Val: 1.3254e-05 | Test: 9.9960e-06 |  *
Epoch  17/20 | Steps:  17000 | α=1e-02 | Loss: 5.1222e-04 | BC: 1.9353e-05 | PDE: 4.9287e-02 | Val: 1.4178e-05 | Test: 1.0816e-05 | 
Epoch  18/20 | Steps:  18000 | α=1e-02 | Loss: 4.6164e-04 | BC: 1.9202e-05 | PDE: 4.4244e-02 | Val: 1.6889e-05 | Test: 1.1940e-05 | 
Epoch  19/20 | Steps:  19000 | α=1e-02 | Loss: 4.1779e-04 | BC: 1.5859e-05 | PDE: 4.0193e-02 | Val: 1.5634e-05 | Test: 9.8682e-06 | 
Epoch  20/20 | Steps:  20000 | α=1e-02 | Loss: 3.9120e-04 | BC: 1.6145e-05 | PDE: 3.7505e-02 | Val: 1.5014e-05 | Test: 1.1084e-05 | 

Restored best model from epoch 16 (val_loss: 1.3254e-05, test_loss: 9.9960e-06)
Best checkpoint saved to: outputs/expr_7_2_iter/p25to100_square/fewer_bands/checkpoints/best_model.pt
Final checkpoint saved to: outputs/expr_7_2_iter/p25to100_square/fewer_bands/checkpoints/final_model.pt
Training completed in 210.47s (20,000 total steps)
  Stage 7 (p=80) PDE diagnostics:
    p-Lap (p=80) raw:        inf
    p-Lap (p=80) normalized: 6.1266e-03
    Inf-Lap raw:              5.9843e-03
    Inf-Lap normalized:       1.0776e-02

============================================================
Stage 8/9: Training with p=90
============================================================

Training configuration:
  Boundary points (train): 32,000 -> 80 batches of 400
  Interior points (train): 1,000,000 -> 1000 batches of 1000
  Interior sampling: RE-SAMPLE each epoch
  Boundary points (val): 8,000
  Validation loss: BC only
  Steps per epoch: 1,000
  Total steps: 20,000
  Epochs: 20
  Loss balancing: FixedAlphaSchedule
  LR scheduler: None (constant LR=1.0e-05)

Epoch   1/20 | Steps:   1000 | α=1e-02 | Loss: 5.9659e-04 | BC: 2.3385e-05 | PDE: 5.7321e-02 | Val: 2.5067e-05 | Test: 1.4010e-05 |  *
Epoch   2/20 | Steps:   2000 | α=1e-02 | Loss: 5.8653e-04 | BC: 2.6517e-05 | PDE: 5.6002e-02 | Val: 2.3123e-05 | Test: 1.5526e-05 |  *
Epoch   3/20 | Steps:   3000 | α=1e-02 | Loss: 6.6946e-04 | BC: 2.5321e-05 | PDE: 6.4414e-02 | Val: 2.5478e-05 | Test: 1.4936e-05 | 
Epoch   4/20 | Steps:   4000 | α=1e-02 | Loss: 5.3745e-04 | BC: 2.8131e-05 | PDE: 5.0932e-02 | Val: 2.4559e-05 | Test: 1.6168e-05 | 
Epoch   5/20 | Steps:   5000 | α=1e-02 | Loss: 5.9272e-04 | BC: 2.4314e-05 | PDE: 5.6840e-02 | Val: 2.2127e-05 | Test: 1.4056e-05 |  *
Epoch   6/20 | Steps:   6000 | α=1e-02 | Loss: 5.6379e-04 | BC: 2.4101e-05 | PDE: 5.3969e-02 | Val: 2.3173e-05 | Test: 1.3928e-05 | 
Epoch   7/20 | Steps:   7000 | α=1e-02 | Loss: 6.0007e-04 | BC: 2.3425e-05 | PDE: 5.7665e-02 | Val: 2.0052e-05 | Test: 1.2993e-05 |  *
Epoch   8/20 | Steps:   8000 | α=1e-02 | Loss: 5.4624e-04 | BC: 2.2796e-05 | PDE: 5.2345e-02 | Val: 1.9809e-05 | Test: 1.2520e-05 |  *
Epoch   9/20 | Steps:   9000 | α=1e-02 | Loss: 5.6610e-04 | BC: 2.2018e-05 | PDE: 5.4408e-02 | Val: 2.1523e-05 | Test: 1.4335e-05 | 
Epoch  10/20 | Steps:  10000 | α=1e-02 | Loss: 5.5966e-04 | BC: 2.0067e-05 | PDE: 5.3960e-02 | Val: 2.4536e-05 | Test: 1.6896e-05 | 
Epoch  11/20 | Steps:  11000 | α=1e-02 | Loss: 5.0584e-04 | BC: 2.4705e-05 | PDE: 4.8113e-02 | Val: 2.0344e-05 | Test: 1.3317e-05 | 
Epoch  12/20 | Steps:  12000 | α=1e-02 | Loss: 5.4890e-04 | BC: 2.0879e-05 | PDE: 5.2802e-02 | Val: 2.2116e-05 | Test: 1.4423e-05 | 
Epoch  13/20 | Steps:  13000 | α=1e-02 | Loss: 6.4682e-04 | BC: 2.4322e-05 | PDE: 6.2250e-02 | Val: 2.4044e-05 | Test: 1.3987e-05 | 
Epoch  14/20 | Steps:  14000 | α=1e-02 | Loss: 5.6826e-04 | BC: 2.3333e-05 | PDE: 5.4493e-02 | Val: 2.3356e-05 | Test: 1.4938e-05 | 
Epoch  15/20 | Steps:  15000 | α=1e-02 | Loss: 5.5770e-04 | BC: 2.2036e-05 | PDE: 5.3567e-02 | Val: 2.1492e-05 | Test: 1.3185e-05 | 
Epoch  16/20 | Steps:  16000 | α=1e-02 | Loss: 5.2856e-04 | BC: 2.4090e-05 | PDE: 5.0447e-02 | Val: 2.2018e-05 | Test: 1.3964e-05 | 
Epoch  17/20 | Steps:  17000 | α=1e-02 | Loss: 5.4486e-04 | BC: 2.1517e-05 | PDE: 5.2335e-02 | Val: 1.8802e-05 | Test: 1.2650e-05 |  *
Epoch  18/20 | Steps:  18000 | α=1e-02 | Loss: 5.2804e-04 | BC: 1.9701e-05 | PDE: 5.0834e-02 | Val: 2.2393e-05 | Test: 1.4398e-05 | 
Epoch  19/20 | Steps:  19000 | α=1e-02 | Loss: 6.0037e-04 | BC: 2.3053e-05 | PDE: 5.7732e-02 | Val: 1.8302e-05 | Test: 1.1898e-05 |  *
Epoch  20/20 | Steps:  20000 | α=1e-02 | Loss: 4.8353e-04 | BC: 1.9456e-05 | PDE: 4.6407e-02 | Val: 1.7246e-05 | Test: 1.2508e-05 |  *

Restored best model from epoch 20 (val_loss: 1.7246e-05, test_loss: 1.2508e-05)
Best checkpoint saved to: outputs/expr_7_2_iter/p25to100_square/fewer_bands/checkpoints/best_model.pt
Final checkpoint saved to: outputs/expr_7_2_iter/p25to100_square/fewer_bands/checkpoints/final_model.pt
Training completed in 197.80s (20,000 total steps)
  Stage 8 (p=90) PDE diagnostics:
    p-Lap (p=90) raw:        inf
    p-Lap (p=90) normalized: 6.4693e-03
    Inf-Lap raw:              5.3584e-03
    Inf-Lap normalized:       1.0470e-02

============================================================
Stage 9/9: Training with p=100
============================================================

Training configuration:
  Boundary points (train): 32,000 -> 80 batches of 400
  Interior points (train): 1,000,000 -> 1000 batches of 1000
  Interior sampling: RE-SAMPLE each epoch
  Boundary points (val): 8,000
  Validation loss: BC only
  Steps per epoch: 1,000
  Total steps: 20,000
  Epochs: 20
  Loss balancing: FixedAlphaSchedule
  LR scheduler: None (constant LR=1.0e-05)

Epoch   1/20 | Steps:   1000 | α=1e-02 | Loss: 6.7821e-04 | BC: 2.5939e-05 | PDE: 6.5227e-02 | Val: 2.7313e-05 | Test: 1.6471e-05 |  *
Epoch   2/20 | Steps:   2000 | α=1e-02 | Loss: 8.5481e-04 | BC: 2.8541e-05 | PDE: 8.2627e-02 | Val: 3.2326e-05 | Test: 1.9559e-05 | 
Epoch   3/20 | Steps:   3000 | α=1e-02 | Loss: 7.0851e-04 | BC: 2.9252e-05 | PDE: 6.7926e-02 | Val: 3.0130e-05 | Test: 1.7182e-05 | 
Epoch   4/20 | Steps:   4000 | α=1e-02 | Loss: 6.5471e-04 | BC: 2.7093e-05 | PDE: 6.2762e-02 | Val: 2.8243e-05 | Test: 1.7477e-05 | 
Epoch   5/20 | Steps:   5000 | α=1e-02 | Loss: 7.5871e-04 | BC: 2.8088e-05 | PDE: 7.3062e-02 | Val: 3.0928e-05 | Test: 1.9643e-05 | 
Epoch   6/20 | Steps:   6000 | α=1e-02 | Loss: 6.7552e-04 | BC: 2.7649e-05 | PDE: 6.4787e-02 | Val: 2.7581e-05 | Test: 1.5262e-05 | 
Epoch   7/20 | Steps:   7000 | α=1e-02 | Loss: 7.1283e-04 | BC: 3.2433e-05 | PDE: 6.8040e-02 | Val: 2.8992e-05 | Test: 1.8644e-05 | 
Epoch   8/20 | Steps:   8000 | α=1e-02 | Loss: 6.0045e-04 | BC: 2.5171e-05 | PDE: 5.7528e-02 | Val: 2.6454e-05 | Test: 1.5543e-05 |  *
Epoch   9/20 | Steps:   9000 | α=1e-02 | Loss: 6.5021e-04 | BC: 2.6005e-05 | PDE: 6.2420e-02 | Val: 2.5954e-05 | Test: 1.6321e-05 |  *
Epoch  10/20 | Steps:  10000 | α=1e-02 | Loss: 6.4001e-04 | BC: 2.6778e-05 | PDE: 6.1323e-02 | Val: 2.3896e-05 | Test: 1.4671e-05 |  *
Epoch  11/20 | Steps:  11000 | α=1e-02 | Loss: 7.1309e-04 | BC: 2.3954e-05 | PDE: 6.8914e-02 | Val: 2.2369e-05 | Test: 1.3906e-05 |  *
Epoch  12/20 | Steps:  12000 | α=1e-02 | Loss: 6.2490e-04 | BC: 2.5819e-05 | PDE: 5.9909e-02 | Val: 3.4002e-05 | Test: 2.4859e-05 | 
Epoch  13/20 | Steps:  13000 | α=1e-02 | Loss: 6.6537e-04 | BC: 2.9650e-05 | PDE: 6.3572e-02 | Val: 2.6510e-05 | Test: 1.7169e-05 | 
Epoch  14/20 | Steps:  14000 | α=1e-02 | Loss: 6.6238e-04 | BC: 2.5505e-05 | PDE: 6.3687e-02 | Val: 2.5995e-05 | Test: 1.8612e-05 | 
Epoch  15/20 | Steps:  15000 | α=1e-02 | Loss: 6.8016e-04 | BC: 2.5079e-05 | PDE: 6.5508e-02 | Val: 2.2674e-05 | Test: 1.5372e-05 | 
Epoch  16/20 | Steps:  16000 | α=1e-02 | Loss: 5.9463e-04 | BC: 2.0663e-05 | PDE: 5.7397e-02 | Val: 2.1733e-05 | Test: 1.4496e-05 |  *
Epoch  17/20 | Steps:  17000 | α=1e-02 | Loss: 6.5089e-04 | BC: 2.6944e-05 | PDE: 6.2394e-02 | Val: 2.8998e-05 | Test: 1.5731e-05 | 
Epoch  18/20 | Steps:  18000 | α=1e-02 | Loss: 6.3295e-04 | BC: 2.3451e-05 | PDE: 6.0950e-02 | Val: 2.5741e-05 | Test: 1.6615e-05 | 
Epoch  19/20 | Steps:  19000 | α=1e-02 | Loss: 6.7349e-04 | BC: 2.5697e-05 | PDE: 6.4780e-02 | Val: 2.1138e-05 | Test: 1.3640e-05 |  *
Epoch  20/20 | Steps:  20000 | α=1e-02 | Loss: 6.3023e-04 | BC: 2.4368e-05 | PDE: 6.0586e-02 | Val: 2.8909e-05 | Test: 1.8179e-05 | 

Restored best model from epoch 19 (val_loss: 2.1138e-05, test_loss: 1.3640e-05)
Best checkpoint saved to: outputs/expr_7_2_iter/p25to100_square/fewer_bands/checkpoints/best_model.pt
Final checkpoint saved to: outputs/expr_7_2_iter/p25to100_square/fewer_bands/checkpoints/final_model.pt
Training completed in 166.51s (20,000 total steps)
  Stage 9 (p=100) PDE diagnostics:
    p-Lap (p=100) raw:        inf
    p-Lap (p=100) normalized: 5.5340e-03
    Inf-Lap raw:              4.5697e-03
    Inf-Lap normalized:       8.9287e-03

Iterative training completed in 1961.94s
Total epochs: 180

Final Test MSE: 1.8179e-05
Inference (per point): 8.0085e-05s | (full domain): 7.8151e-05s
p-Lap (p=100) PDE test (raw):        inf
p-Lap (p=100) PDE test (normalized): 5.5340e-03
Inf-Lap PDE test (raw):                    4.5697e-03
Inf-Lap PDE test (normalized):             8.9287e-03
Saved .npz files to outputs/expr_7_2_iter/p25to100_square/fewer_bands/npy/
Saved plot to outputs/expr_7_2_iter/p25to100_square/fewer_bands/plots/results.png
