
============================================================
p-Laplacian Aronsson Example
============================================================

Generated full domain data:
  Boundary points: 40,000
  Interior points: 1,000,000
  Test points: 10,000
Re-sampling enabled: ~1,000,000 interior points per epoch

Splitting data: 80% train, 20% validation
  BC: 32,000 train, 8,000 val
  Interior: 800,000 train, 200,000 val

Loading checkpoint: outputs/expr_6_3_iter/p150to500_square/checkpoints/best_model_p500.pt

Model: PLaplacianPINN on Square [-1,1]²
  Hidden layers: [128, 128, 128, 128], activation: tanh
  η=1e-05, clip_residual=100.0, clip_grad_norm=1.0
  Outlier removal: top 2.0%
  Parameters: 50,049

Iterative Training Schedule:
  p values: [600, 700, 800, 900, 1000]
  Epochs per p: 20


============================================================
Stage 1/5: Training with p=600
============================================================

Training configuration:
  Boundary points (train): 32,000 -> 80 batches of 400
  Interior points (train): 1,000,000 -> 1000 batches of 1000
  Interior sampling: RE-SAMPLE each epoch
  Boundary points (val): 8,000
  Validation loss: BC only
  Steps per epoch: 1,000
  Total steps: 20,000
  Epochs: 20
  Loss balancing: FixedAlphaSchedule
  LR scheduler: None (constant LR=1.0e-05)

/usr/local/lib/python3.12/dist-packages/torch/autograd/graph.py:824: UserWarning: Attempting to run cuBLAS, but there was no current CUDA context! Attempting to set the primary context... (Triggered internally at /opt/pytorch/pytorch/aten/src/ATen/cuda/CublasHandlePool.cpp:181.)
  return Variable._execution_engine.run_backward(  # Calls into the C++ engine to run the backward pass
Epoch   1/20 | Steps:   1000 | α=1e-05 | Loss: 3.2352e-05 | BC: 1.5804e-06 | PDE: 3.0772e+00 | Val: 1.6447e-06 | Test: 1.9341e-06 |  *
Epoch   2/20 | Steps:   2000 | α=1e-05 | Loss: 2.8168e-05 | BC: 1.3379e-06 | PDE: 2.6830e+00 | Val: 5.6823e-07 | Test: 1.1306e-06 |  *
Epoch   3/20 | Steps:   3000 | α=1e-05 | Loss: 3.6160e-05 | BC: 1.6631e-06 | PDE: 3.4497e+00 | Val: 6.5250e-07 | Test: 1.2209e-06 | 
Epoch   4/20 | Steps:   4000 | α=1e-05 | Loss: 2.9164e-05 | BC: 1.3730e-06 | PDE: 2.7791e+00 | Val: 7.6082e-07 | Test: 1.0845e-06 | 
Epoch   5/20 | Steps:   5000 | α=1e-05 | Loss: 3.0205e-05 | BC: 1.2791e-06 | PDE: 2.8926e+00 | Val: 7.6175e-07 | Test: 1.3822e-06 | 
Epoch   6/20 | Steps:   6000 | α=1e-05 | Loss: 2.6999e-05 | BC: 1.4695e-06 | PDE: 2.5529e+00 | Val: 3.3285e-06 | Test: 2.9494e-06 | 
Epoch   7/20 | Steps:   7000 | α=1e-05 | Loss: 3.7605e-05 | BC: 1.4548e-06 | PDE: 3.6150e+00 | Val: 8.6057e-07 | Test: 1.2980e-06 | 
Epoch   8/20 | Steps:   8000 | α=1e-05 | Loss: 4.1612e-05 | BC: 1.5982e-06 | PDE: 4.0013e+00 | Val: 5.0177e-06 | Test: 3.4573e-06 | 
Epoch   9/20 | Steps:   9000 | α=1e-05 | Loss: 2.4744e-05 | BC: 1.0292e-06 | PDE: 2.3714e+00 | Val: 7.4469e-07 | Test: 1.0942e-06 | 
Epoch  10/20 | Steps:  10000 | α=1e-05 | Loss: 2.3889e-05 | BC: 1.2357e-06 | PDE: 2.2653e+00 | Val: 1.3995e-06 | Test: 1.8770e-06 | 
Epoch  11/20 | Steps:  11000 | α=1e-05 | Loss: 2.5331e-05 | BC: 1.0334e-06 | PDE: 2.4297e+00 | Val: 6.2525e-07 | Test: 1.1190e-06 | 
Epoch  12/20 | Steps:  12000 | α=1e-05 | Loss: 3.3973e-05 | BC: 1.3836e-06 | PDE: 3.2589e+00 | Val: 1.4788e-06 | Test: 1.4874e-06 | 
Epoch  13/20 | Steps:  13000 | α=1e-05 | Loss: 2.0008e-05 | BC: 1.0268e-06 | PDE: 1.8981e+00 | Val: 3.7319e-06 | Test: 2.8231e-06 | 
Epoch  14/20 | Steps:  14000 | α=1e-05 | Loss: 2.9942e-05 | BC: 1.5239e-06 | PDE: 2.8418e+00 | Val: 1.8880e-06 | Test: 2.1360e-06 | 
Epoch  15/20 | Steps:  15000 | α=1e-05 | Loss: 2.9825e-05 | BC: 1.2364e-06 | PDE: 2.8589e+00 | Val: 5.0696e-07 | Test: 9.6834e-07 |  *
Epoch  16/20 | Steps:  16000 | α=1e-05 | Loss: 2.2089e-05 | BC: 1.0145e-06 | PDE: 2.1074e+00 | Val: 7.2309e-07 | Test: 1.2687e-06 | 
Epoch  17/20 | Steps:  17000 | α=1e-05 | Loss: 2.3949e-05 | BC: 1.0614e-06 | PDE: 2.2887e+00 | Val: 6.1722e-07 | Test: 1.1018e-06 | 
Epoch  18/20 | Steps:  18000 | α=1e-05 | Loss: 3.5185e-05 | BC: 1.1178e-06 | PDE: 3.4068e+00 | Val: 3.4667e-06 | Test: 3.1812e-06 | 
Epoch  19/20 | Steps:  19000 | α=1e-05 | Loss: 2.5727e-05 | BC: 1.3863e-06 | PDE: 2.4341e+00 | Val: 2.9928e-06 | Test: 2.6566e-06 | 
Epoch  20/20 | Steps:  20000 | α=1e-05 | Loss: 2.6389e-05 | BC: 1.4641e-06 | PDE: 2.4925e+00 | Val: 9.3031e-07 | Test: 1.3827e-06 | 

Restored best model from epoch 15 (val_loss: 5.0696e-07, test_loss: 9.6834e-07)
Best checkpoint saved to: outputs/expr_6_3_iter/p600to1000_square/checkpoints/best_model.pt
Final checkpoint saved to: outputs/expr_6_3_iter/p600to1000_square/checkpoints/final_model.pt
Training completed in 207.99s (20,000 total steps)
  Stage 1 (p=600) PDE diagnostics:
    p-Lap (p=600) raw:        inf
    p-Lap (p=600) normalized: 2.0827e-03
    Inf-Lap raw:              8.4973e-04
    Inf-Lap normalized:       2.3336e-03

============================================================
Stage 2/5: Training with p=700
============================================================

Training configuration:
  Boundary points (train): 32,000 -> 80 batches of 400
  Interior points (train): 1,000,000 -> 1000 batches of 1000
  Interior sampling: RE-SAMPLE each epoch
  Boundary points (val): 8,000
  Validation loss: BC only
  Steps per epoch: 1,000
  Total steps: 20,000
  Epochs: 20
  Loss balancing: FixedAlphaSchedule
  LR scheduler: None (constant LR=1.0e-05)

Epoch   1/20 | Steps:   1000 | α=1e-05 | Loss: 3.8868e-05 | BC: 1.2319e-06 | PDE: 3.7636e+00 | Val: 1.5646e-06 | Test: 1.7853e-06 |  *
Epoch   2/20 | Steps:   2000 | α=1e-05 | Loss: 3.5393e-05 | BC: 1.2314e-06 | PDE: 3.4162e+00 | Val: 1.0612e-06 | Test: 1.4688e-06 |  *
Epoch   3/20 | Steps:   3000 | α=1e-05 | Loss: 4.0895e-05 | BC: 1.3655e-06 | PDE: 3.9530e+00 | Val: 1.3979e-06 | Test: 1.7090e-06 | 
Epoch   4/20 | Steps:   4000 | α=1e-05 | Loss: 4.8935e-05 | BC: 1.8039e-06 | PDE: 4.7131e+00 | Val: 2.5228e-06 | Test: 2.1959e-06 | 
Epoch   5/20 | Steps:   5000 | α=1e-05 | Loss: 4.3074e-05 | BC: 1.7436e-06 | PDE: 4.1331e+00 | Val: 8.5350e-07 | Test: 1.3136e-06 |  *
Epoch   6/20 | Steps:   6000 | α=1e-05 | Loss: 3.8926e-05 | BC: 1.0826e-06 | PDE: 3.7843e+00 | Val: 1.0855e-06 | Test: 1.5698e-06 | 
Epoch   7/20 | Steps:   7000 | α=1e-05 | Loss: 3.8146e-05 | BC: 1.3114e-06 | PDE: 3.6834e+00 | Val: 6.7764e-07 | Test: 1.1538e-06 |  *
Epoch   8/20 | Steps:   8000 | α=1e-05 | Loss: 3.4999e-05 | BC: 1.4175e-06 | PDE: 3.3581e+00 | Val: 8.9942e-07 | Test: 1.2990e-06 | 
Epoch   9/20 | Steps:   9000 | α=1e-05 | Loss: 4.4618e-05 | BC: 1.4606e-06 | PDE: 4.3157e+00 | Val: 7.4297e-07 | Test: 1.2663e-06 | 
Epoch  10/20 | Steps:  10000 | α=1e-05 | Loss: 2.9663e-05 | BC: 1.1295e-06 | PDE: 2.8533e+00 | Val: 1.2203e-06 | Test: 1.8264e-06 | 
Epoch  11/20 | Steps:  11000 | α=1e-05 | Loss: 4.7640e-05 | BC: 1.3270e-06 | PDE: 4.6313e+00 | Val: 1.0321e-06 | Test: 1.4209e-06 | 
Epoch  12/20 | Steps:  12000 | α=1e-05 | Loss: 3.8123e-05 | BC: 1.6488e-06 | PDE: 3.6474e+00 | Val: 3.6764e-06 | Test: 3.0425e-06 | 
Epoch  13/20 | Steps:  13000 | α=1e-05 | Loss: 3.2119e-05 | BC: 1.2511e-06 | PDE: 3.0868e+00 | Val: 2.3599e-06 | Test: 2.4469e-06 | 
Epoch  14/20 | Steps:  14000 | α=1e-05 | Loss: 4.0698e-05 | BC: 1.5434e-06 | PDE: 3.9155e+00 | Val: 2.7369e-06 | Test: 2.4989e-06 | 
Epoch  15/20 | Steps:  15000 | α=1e-05 | Loss: 4.0110e-05 | BC: 1.5031e-06 | PDE: 3.8607e+00 | Val: 9.7654e-07 | Test: 1.3703e-06 | 
Epoch  16/20 | Steps:  16000 | α=1e-05 | Loss: 3.0894e-05 | BC: 1.3237e-06 | PDE: 2.9570e+00 | Val: 6.4416e-07 | Test: 1.3023e-06 |  *
Epoch  17/20 | Steps:  17000 | α=1e-05 | Loss: 4.2521e-05 | BC: 1.7555e-06 | PDE: 4.0765e+00 | Val: 9.8397e-06 | Test: 7.7169e-06 | 
Epoch  18/20 | Steps:  18000 | α=1e-05 | Loss: 4.3538e-05 | BC: 1.7187e-06 | PDE: 4.1820e+00 | Val: 1.1161e-06 | Test: 1.3170e-06 | 
Epoch  19/20 | Steps:  19000 | α=1e-05 | Loss: 4.2927e-05 | BC: 1.2423e-06 | PDE: 4.1685e+00 | Val: 1.8393e-06 | Test: 2.1798e-06 | 
Epoch  20/20 | Steps:  20000 | α=1e-05 | Loss: 3.8059e-05 | BC: 1.3686e-06 | PDE: 3.6690e+00 | Val: 6.1525e-07 | Test: 1.2145e-06 |  *

Restored best model from epoch 20 (val_loss: 6.1525e-07, test_loss: 1.2145e-06)
Best checkpoint saved to: outputs/expr_6_3_iter/p600to1000_square/checkpoints/best_model.pt
Final checkpoint saved to: outputs/expr_6_3_iter/p600to1000_square/checkpoints/final_model.pt
Training completed in 184.37s (20,000 total steps)
  Stage 2 (p=700) PDE diagnostics:
    p-Lap (p=700) raw:        inf
    p-Lap (p=700) normalized: 2.4922e-03
    Inf-Lap raw:              8.3897e-04
    Inf-Lap normalized:       2.7086e-03

============================================================
Stage 3/5: Training with p=800
============================================================

Training configuration:
  Boundary points (train): 32,000 -> 80 batches of 400
  Interior points (train): 1,000,000 -> 1000 batches of 1000
  Interior sampling: RE-SAMPLE each epoch
  Boundary points (val): 8,000
  Validation loss: BC only
  Steps per epoch: 1,000
  Total steps: 20,000
  Epochs: 20
  Loss balancing: FixedAlphaSchedule
  LR scheduler: None (constant LR=1.0e-05)

Epoch   1/20 | Steps:   1000 | α=1e-05 | Loss: 3.9370e-05 | BC: 1.3680e-06 | PDE: 3.8002e+00 | Val: 1.4942e-06 | Test: 1.5968e-06 |  *
Epoch   2/20 | Steps:   2000 | α=1e-05 | Loss: 5.5824e-05 | BC: 1.7101e-06 | PDE: 5.4114e+00 | Val: 2.8196e-06 | Test: 2.8614e-06 | 
Epoch   3/20 | Steps:   3000 | α=1e-05 | Loss: 4.9764e-05 | BC: 1.1391e-06 | PDE: 4.8624e+00 | Val: 1.9040e-06 | Test: 1.8587e-06 | 
Epoch   4/20 | Steps:   4000 | α=1e-05 | Loss: 6.0588e-05 | BC: 1.8854e-06 | PDE: 5.8703e+00 | Val: 7.8231e-07 | Test: 1.2663e-06 |  *
Epoch   5/20 | Steps:   5000 | α=1e-05 | Loss: 3.5142e-05 | BC: 1.2442e-06 | PDE: 3.3898e+00 | Val: 3.4343e-06 | Test: 3.3683e-06 | 
Epoch   6/20 | Steps:   6000 | α=1e-05 | Loss: 5.3039e-05 | BC: 1.5794e-06 | PDE: 5.1460e+00 | Val: 9.5330e-07 | Test: 1.4659e-06 | 
Epoch   7/20 | Steps:   7000 | α=1e-05 | Loss: 5.8811e-05 | BC: 1.9501e-06 | PDE: 5.6861e+00 | Val: 6.0895e-07 | Test: 1.1764e-06 |  *
Epoch   8/20 | Steps:   8000 | α=1e-05 | Loss: 5.5470e-05 | BC: 1.6866e-06 | PDE: 5.3784e+00 | Val: 3.7302e-06 | Test: 3.4466e-06 | 
Epoch   9/20 | Steps:   9000 | α=1e-05 | Loss: 4.2611e-05 | BC: 1.3556e-06 | PDE: 4.1255e+00 | Val: 2.3078e-06 | Test: 2.3585e-06 | 
Epoch  10/20 | Steps:  10000 | α=1e-05 | Loss: 4.8519e-05 | BC: 1.2626e-06 | PDE: 4.7256e+00 | Val: 6.0225e-07 | Test: 1.1601e-06 |  *
Epoch  11/20 | Steps:  11000 | α=1e-05 | Loss: 5.1638e-05 | BC: 1.6103e-06 | PDE: 5.0028e+00 | Val: 4.1209e-06 | Test: 3.3453e-06 | 
Epoch  12/20 | Steps:  12000 | α=1e-05 | Loss: 3.9263e-05 | BC: 1.2742e-06 | PDE: 3.7989e+00 | Val: 2.8044e-06 | Test: 3.0868e-06 | 
Epoch  13/20 | Steps:  13000 | α=1e-05 | Loss: 5.0572e-05 | BC: 1.4597e-06 | PDE: 4.9113e+00 | Val: 5.3403e-06 | Test: 4.9092e-06 | 
Epoch  14/20 | Steps:  14000 | α=1e-05 | Loss: 5.4567e-05 | BC: 1.5568e-06 | PDE: 5.3010e+00 | Val: 5.9264e-07 | Test: 1.0640e-06 |  *
Epoch  15/20 | Steps:  15000 | α=1e-05 | Loss: 4.9494e-05 | BC: 1.2451e-06 | PDE: 4.8249e+00 | Val: 9.0182e-07 | Test: 1.3533e-06 | 
Epoch  16/20 | Steps:  16000 | α=1e-05 | Loss: 4.5170e-05 | BC: 1.2930e-06 | PDE: 4.3877e+00 | Val: 3.9108e-06 | Test: 3.2410e-06 | 
Epoch  17/20 | Steps:  17000 | α=1e-05 | Loss: 4.3108e-05 | BC: 1.2766e-06 | PDE: 4.1831e+00 | Val: 7.1416e-07 | Test: 1.1970e-06 | 
Epoch  18/20 | Steps:  18000 | α=1e-05 | Loss: 4.6540e-05 | BC: 1.1270e-06 | PDE: 4.5413e+00 | Val: 7.4235e-07 | Test: 1.2109e-06 | 
Epoch  19/20 | Steps:  19000 | α=1e-05 | Loss: 4.0030e-05 | BC: 1.1182e-06 | PDE: 3.8912e+00 | Val: 5.8287e-07 | Test: 1.1236e-06 |  *
Epoch  20/20 | Steps:  20000 | α=1e-05 | Loss: 3.9620e-05 | BC: 1.5197e-06 | PDE: 3.8100e+00 | Val: 9.9313e-07 | Test: 1.2986e-06 | 

Restored best model from epoch 19 (val_loss: 5.8287e-07, test_loss: 1.1236e-06)
Best checkpoint saved to: outputs/expr_6_3_iter/p600to1000_square/checkpoints/best_model.pt
Final checkpoint saved to: outputs/expr_6_3_iter/p600to1000_square/checkpoints/final_model.pt
Training completed in 236.65s (20,000 total steps)
  Stage 3 (p=800) PDE diagnostics:
    p-Lap (p=800) raw:        inf
    p-Lap (p=800) normalized: 1.7724e-03
    Inf-Lap raw:              7.5965e-04
    Inf-Lap normalized:       1.9500e-03

============================================================
Stage 4/5: Training with p=900
============================================================

Training configuration:
  Boundary points (train): 32,000 -> 80 batches of 400
  Interior points (train): 1,000,000 -> 1000 batches of 1000
  Interior sampling: RE-SAMPLE each epoch
  Boundary points (val): 8,000
  Validation loss: BC only
  Steps per epoch: 1,000
  Total steps: 20,000
  Epochs: 20
  Loss balancing: FixedAlphaSchedule
  LR scheduler: None (constant LR=1.0e-05)

Epoch   1/20 | Steps:   1000 | α=1e-05 | Loss: 5.9721e-05 | BC: 1.4560e-06 | PDE: 5.8264e+00 | Val: 5.3764e-07 | Test: 1.0046e-06 |  *
Epoch   2/20 | Steps:   2000 | α=1e-05 | Loss: 5.0622e-05 | BC: 1.1407e-06 | PDE: 4.9481e+00 | Val: 1.4920e-06 | Test: 1.8170e-06 | 
Epoch   3/20 | Steps:   3000 | α=1e-05 | Loss: 5.8107e-05 | BC: 1.5552e-06 | PDE: 5.6552e+00 | Val: 1.1009e-06 | Test: 1.2336e-06 | 
Epoch   4/20 | Steps:   4000 | α=1e-05 | Loss: 6.1455e-05 | BC: 1.6232e-06 | PDE: 5.9831e+00 | Val: 1.2587e-06 | Test: 1.7698e-06 | 
Epoch   5/20 | Steps:   5000 | α=1e-05 | Loss: 5.7571e-05 | BC: 1.4275e-06 | PDE: 5.6144e+00 | Val: 6.8834e-07 | Test: 1.2205e-06 | 
Epoch   6/20 | Steps:   6000 | α=1e-05 | Loss: 6.7766e-05 | BC: 1.9199e-06 | PDE: 6.5846e+00 | Val: 1.0746e-06 | Test: 1.2396e-06 | 
Epoch   7/20 | Steps:   7000 | α=1e-05 | Loss: 6.6615e-05 | BC: 1.8127e-06 | PDE: 6.4803e+00 | Val: 1.0098e-06 | Test: 1.4686e-06 | 
Epoch   8/20 | Steps:   8000 | α=1e-05 | Loss: 5.7896e-05 | BC: 1.3986e-06 | PDE: 5.6497e+00 | Val: 9.2862e-07 | Test: 1.2623e-06 | 
Epoch   9/20 | Steps:   9000 | α=1e-05 | Loss: 5.1545e-05 | BC: 1.5339e-06 | PDE: 5.0011e+00 | Val: 1.9983e-06 | Test: 2.0417e-06 | 
Epoch  10/20 | Steps:  10000 | α=1e-05 | Loss: 7.1792e-05 | BC: 1.7213e-06 | PDE: 7.0071e+00 | Val: 1.5109e-06 | Test: 1.7578e-06 | 
Epoch  11/20 | Steps:  11000 | α=1e-05 | Loss: 5.1851e-05 | BC: 1.6053e-06 | PDE: 5.0246e+00 | Val: 8.9676e-07 | Test: 1.2805e-06 | 
Epoch  12/20 | Steps:  12000 | α=1e-05 | Loss: 6.4549e-05 | BC: 1.4806e-06 | PDE: 6.3069e+00 | Val: 2.6762e-06 | Test: 2.3489e-06 | 
Epoch  13/20 | Steps:  13000 | α=1e-05 | Loss: 4.4632e-05 | BC: 1.2419e-06 | PDE: 4.3391e+00 | Val: 9.0135e-07 | Test: 1.3896e-06 | 
Epoch  14/20 | Steps:  14000 | α=1e-05 | Loss: 7.7693e-05 | BC: 1.9112e-06 | PDE: 7.5782e+00 | Val: 3.4495e-06 | Test: 2.7006e-06 | 
Epoch  15/20 | Steps:  15000 | α=1e-05 | Loss: 6.0744e-05 | BC: 1.7305e-06 | PDE: 5.9014e+00 | Val: 2.5492e-06 | Test: 2.0488e-06 | 
Epoch  16/20 | Steps:  16000 | α=1e-05 | Loss: 6.5612e-05 | BC: 1.4002e-06 | PDE: 6.4211e+00 | Val: 2.8595e-06 | Test: 2.8506e-06 | 
Epoch  17/20 | Steps:  17000 | α=1e-05 | Loss: 5.7828e-05 | BC: 1.6852e-06 | PDE: 5.6143e+00 | Val: 1.4435e-06 | Test: 1.6974e-06 | 
Epoch  18/20 | Steps:  18000 | α=1e-05 | Loss: 6.3543e-05 | BC: 1.9498e-06 | PDE: 6.1593e+00 | Val: 2.8889e-06 | Test: 2.2524e-06 | 
Epoch  19/20 | Steps:  19000 | α=1e-05 | Loss: 4.9294e-05 | BC: 1.6373e-06 | PDE: 4.7657e+00 | Val: 6.1539e-06 | Test: 4.3730e-06 | 
Epoch  20/20 | Steps:  20000 | α=1e-05 | Loss: 4.3896e-05 | BC: 1.6685e-06 | PDE: 4.2227e+00 | Val: 1.3505e-06 | Test: 1.8775e-06 | 

Restored best model from epoch 1 (val_loss: 5.3764e-07, test_loss: 1.0046e-06)
Best checkpoint saved to: outputs/expr_6_3_iter/p600to1000_square/checkpoints/best_model.pt
Final checkpoint saved to: outputs/expr_6_3_iter/p600to1000_square/checkpoints/final_model.pt
Training completed in 202.65s (20,000 total steps)
  Stage 4 (p=900) PDE diagnostics:
    p-Lap (p=900) raw:        inf
    p-Lap (p=900) normalized: 1.8217e-03
    Inf-Lap raw:              7.2845e-04
    Inf-Lap normalized:       1.9758e-03

============================================================
Stage 5/5: Training with p=1000
============================================================

Training configuration:
  Boundary points (train): 32,000 -> 80 batches of 400
  Interior points (train): 1,000,000 -> 1000 batches of 1000
  Interior sampling: RE-SAMPLE each epoch
  Boundary points (val): 8,000
  Validation loss: BC only
  Steps per epoch: 1,000
  Total steps: 20,000
  Epochs: 20
  Loss balancing: FixedAlphaSchedule
  LR scheduler: None (constant LR=1.0e-05)

Epoch   1/20 | Steps:   1000 | α=1e-05 | Loss: 7.6038e-05 | BC: 1.4165e-06 | PDE: 7.4621e+00 | Val: 2.1661e-06 | Test: 2.2810e-06 |  *
Epoch   2/20 | Steps:   2000 | α=1e-05 | Loss: 9.0586e-05 | BC: 1.5870e-06 | PDE: 8.8999e+00 | Val: 1.2186e-06 | Test: 1.6257e-06 |  *
Epoch   3/20 | Steps:   3000 | α=1e-05 | Loss: 7.2726e-05 | BC: 1.5707e-06 | PDE: 7.1155e+00 | Val: 2.2664e-06 | Test: 2.1180e-06 | 
Epoch   4/20 | Steps:   4000 | α=1e-05 | Loss: 6.8116e-05 | BC: 1.7619e-06 | PDE: 6.6354e+00 | Val: 7.0034e-07 | Test: 1.0564e-06 |  *
Epoch   5/20 | Steps:   5000 | α=1e-05 | Loss: 7.7171e-05 | BC: 1.9198e-06 | PDE: 7.5251e+00 | Val: 9.0021e-07 | Test: 1.3400e-06 | 
Epoch   6/20 | Steps:   6000 | α=1e-05 | Loss: 6.5448e-05 | BC: 1.6663e-06 | PDE: 6.3782e+00 | Val: 1.3409e-06 | Test: 1.6672e-06 | 
Epoch   7/20 | Steps:   7000 | α=1e-05 | Loss: 6.9670e-05 | BC: 1.7720e-06 | PDE: 6.7898e+00 | Val: 2.0795e-06 | Test: 1.8468e-06 | 
Epoch   8/20 | Steps:   8000 | α=1e-05 | Loss: 7.3709e-05 | BC: 1.3910e-06 | PDE: 7.2318e+00 | Val: 2.1715e-06 | Test: 1.9511e-06 | 
Epoch   9/20 | Steps:   9000 | α=1e-05 | Loss: 7.2670e-05 | BC: 1.5593e-06 | PDE: 7.1111e+00 | Val: 1.5304e-06 | Test: 1.6113e-06 | 
Epoch  10/20 | Steps:  10000 | α=1e-05 | Loss: 7.3759e-05 | BC: 1.6349e-06 | PDE: 7.2124e+00 | Val: 4.6502e-06 | Test: 4.3076e-06 | 
Epoch  11/20 | Steps:  11000 | α=1e-05 | Loss: 7.7110e-05 | BC: 1.9275e-06 | PDE: 7.5183e+00 | Val: 1.0655e-06 | Test: 1.4636e-06 | 
Epoch  12/20 | Steps:  12000 | α=1e-05 | Loss: 7.4900e-05 | BC: 1.4657e-06 | PDE: 7.3434e+00 | Val: 1.0644e-06 | Test: 1.6721e-06 | 
Epoch  13/20 | Steps:  13000 | α=1e-05 | Loss: 7.8060e-05 | BC: 1.4829e-06 | PDE: 7.6577e+00 | Val: 8.7786e-07 | Test: 1.1852e-06 | 
Epoch  14/20 | Steps:  14000 | α=1e-05 | Loss: 7.9370e-05 | BC: 1.5270e-06 | PDE: 7.7843e+00 | Val: 6.1194e-06 | Test: 5.6105e-06 | 
Epoch  15/20 | Steps:  15000 | α=1e-05 | Loss: 8.1344e-05 | BC: 2.2003e-06 | PDE: 7.9143e+00 | Val: 7.3341e-07 | Test: 1.0752e-06 | 
Epoch  16/20 | Steps:  16000 | α=1e-05 | Loss: 7.9180e-05 | BC: 1.9377e-06 | PDE: 7.7243e+00 | Val: 1.2529e-06 | Test: 1.7547e-06 | 
Epoch  17/20 | Steps:  17000 | α=1e-05 | Loss: 7.3680e-05 | BC: 1.3860e-06 | PDE: 7.2294e+00 | Val: 7.8799e-07 | Test: 1.2743e-06 | 
Epoch  18/20 | Steps:  18000 | α=1e-05 | Loss: 6.0127e-05 | BC: 1.1772e-06 | PDE: 5.8950e+00 | Val: 8.7523e-07 | Test: 1.3454e-06 | 
Epoch  19/20 | Steps:  19000 | α=1e-05 | Loss: 6.7374e-05 | BC: 1.7499e-06 | PDE: 6.5624e+00 | Val: 9.0913e-07 | Test: 1.3672e-06 | 
Epoch  20/20 | Steps:  20000 | α=1e-05 | Loss: 8.7798e-05 | BC: 1.7565e-06 | PDE: 8.6042e+00 | Val: 1.7108e-06 | Test: 1.8843e-06 | 

Restored best model from epoch 4 (val_loss: 7.0034e-07, test_loss: 1.0564e-06)
Best checkpoint saved to: outputs/expr_6_3_iter/p600to1000_square/checkpoints/best_model.pt
Final checkpoint saved to: outputs/expr_6_3_iter/p600to1000_square/checkpoints/final_model.pt
Training completed in 190.73s (20,000 total steps)
  Stage 5 (p=1000) PDE diagnostics:
    p-Lap (p=1000) raw:        inf
    p-Lap (p=1000) normalized: 1.9977e-03
    Inf-Lap raw:              7.2356e-04
    Inf-Lap normalized:       2.1407e-03

Iterative training completed in 1022.39s
Total epochs: 100

Final Test MSE: 1.8843e-06
Inference (per point): 7.7133e-05s | (full domain): 7.6511e-05s
p-Lap (p=1000) PDE test (raw):        inf
p-Lap (p=1000) PDE test (normalized): 1.9977e-03
Inf-Lap PDE test (raw):                    7.2356e-04
Inf-Lap PDE test (normalized):             2.1407e-03
Saved .npz files to outputs/expr_6_3_iter/p600to1000_square/npy/
Saved plot to outputs/expr_6_3_iter/p600to1000_square/plots/results.png
