
============================================================
Distance to Origin  —  Disc
============================================================
Device: cuda
  Loaded p=5: 327680 points, mse: 1.575294e-02
  Loaded p=10: 327680 points, mse: 2.022098e-03
  Loaded p=15: 327680 points, mse: 7.330784e-04
  Loaded p=20: 327680 points, mse: 3.682181e-04
  Loaded p=25: 327680 points, mse: 2.171692e-04
  Loaded p=30: 327680 points, mse: 1.409015e-04
  Loaded p=35: 327680 points, mse: 9.735988e-05
  Loaded p=40: 327680 points, mse: 7.033550e-05
  Loaded p=45: 327680 points, mse: 5.251724e-05
  Loaded p=50: 327680 points, mse: 4.022005e-05
  Loaded p=55: 327680 points, mse: 3.142572e-05
  Loaded p=60: 327680 points, mse: 2.495522e-05
  Loaded p=65: 327680 points, mse: 2.008330e-05
  Loaded p=70: 327680 points, mse: 1.634457e-05
  Loaded p=75: 327680 points, mse: 1.342968e-05
  Loaded p=80: 327680 points, mse: 1.112673e-05
  Loaded p=90: 327680 points, mse: 7.803019e-06
  Loaded p=95: 327680 points, mse: 6.596909e-06
  Loaded p=100: 327680 points, mse: 5.610109e-06
  Loaded p=105: 327680 points, mse: 4.798408e-06
  Loaded p=110: 327680 points, mse: 4.127900e-06
  Loaded p=115: 327680 points, mse: 3.572254e-06
  Loaded p=120: 327680 points, mse: 3.110788e-06
  Loaded p=125: 327680 points, mse: 2.727103e-06
  Loaded p=130: 327680 points, mse: 2.408067e-06
  Loaded p=135: 327680 points, mse: 2.143082e-06
  Loaded p=140: 327680 points, mse: 1.923525e-06
  Loaded p=145: 327680 points, mse: 1.742335e-06
  Loaded p=150: 327680 points, mse: 1.593687e-06
  Loaded p=155: 327680 points, mse: 1.472747e-06
  Loaded p=160: 327680 points, mse: 1.375487e-06
  Loaded p=165: 327680 points, mse: 1.298525e-06
  Loaded p=170: 327680 points, mse: 1.239014e-06
  Loaded p=175: 327680 points, mse: 1.194542e-06
  Loaded p=180: 327680 points, mse: 1.163061e-06
  Loaded p=185: 327680 points, mse: 1.142823e-06
  Loaded p=190: 327680 points, mse: 1.132329e-06
  Loaded p=195: 327680 points, mse: 1.130296e-06
  Loaded p=200: 327680 points, mse: 1.135611e-06
  Using exact solution for p=∞
  Added p=∞ point: 327680 pts, mse: 0.000000e+00
Training data: X=(13107200, 3)  Y=(13107200, 1)
Model: trunk=[2, 512, 512, 512, 128]  branch=[1, 128, 128, 128, 128]  params=642,433
Scheduler: CosineAnnealingLR  T_max=20  eta_min=1e-06
Epoch --- Train Loss --- LR --- p150 --- p200 --- p250 --- p500
    0 --- 1.027286e-02 --- 1.00e-04 --- 3.368487e-04 --- 3.522993e-04 --- 3.975056e-04 --- 6.140986e-04
    1 --- 4.516352e-04 --- 9.94e-05 --- 8.473935e-05 --- 8.437686e-05 --- 1.789898e-04 --- 1.248389e-04
    2 --- 2.855240e-04 --- 9.76e-05 --- 7.475419e-05 --- 8.772601e-05 --- 6.540537e-05 --- 8.385053e-05
    3 --- 1.999671e-04 --- 9.46e-05 --- 5.315705e-05 --- 1.479126e-04 --- 4.607778e-04 --- 8.391588e-05
    4 --- 1.465249e-04 --- 9.05e-05 --- 5.672748e-05 --- 9.975283e-05 --- 1.139552e-04 --- 4.389048e-05
    5 --- 8.958659e-05 --- 8.55e-05 --- 6.729808e-05 --- 4.013248e-05 --- 3.810916e-05 --- 6.524975e-05
    6 --- 5.713447e-05 --- 7.96e-05 --- 3.060347e-05 --- 6.434283e-05 --- 1.362566e-04 --- 7.529406e-05
    7 --- 3.771349e-05 --- 7.30e-05 --- 1.405811e-05 --- 1.584262e-05 --- 1.958147e-05 --- 1.559140e-05
    8 --- 2.523536e-05 --- 6.58e-05 --- 1.249251e-05 --- 1.302750e-05 --- 1.532379e-05 --- 1.899306e-05
    9 --- 1.803448e-05 --- 5.82e-05 --- 1.684342e-05 --- 1.311794e-05 --- 1.503048e-05 --- 1.083141e-05
   10 --- 1.347324e-05 --- 5.05e-05 --- 7.755822e-06 --- 8.336594e-06 --- 2.704561e-05 --- 5.856276e-06
   11 --- 1.040853e-05 --- 4.28e-05 --- 1.245872e-05 --- 2.226177e-05 --- 5.619437e-05 --- 1.593829e-05
   12 --- 8.203555e-06 --- 3.52e-05 --- 6.679097e-06 --- 1.285145e-05 --- 3.697679e-05 --- 4.557955e-06
   13 --- 6.627606e-06 --- 2.80e-05 --- 6.608267e-06 --- 4.627442e-06 --- 1.434553e-05 --- 5.128122e-06
   14 --- 5.516654e-06 --- 2.14e-05 --- 6.554997e-06 --- 4.511247e-06 --- 1.179622e-05 --- 4.954665e-06
   15 --- 4.741976e-06 --- 1.55e-05 --- 5.120110e-06 --- 7.426807e-06 --- 2.084255e-05 --- 3.296321e-06
   16 --- 4.203108e-06 --- 1.05e-05 --- 4.510202e-06 --- 5.213036e-06 --- 1.563965e-05 --- 2.394510e-06
   17 --- 3.840442e-06 --- 6.40e-06 --- 4.407714e-06 --- 6.270046e-06 --- 1.560282e-05 --- 2.222360e-06
   18 --- 3.630103e-06 --- 3.42e-06 --- 4.296217e-06 --- 3.787650e-06 --- 9.674412e-06 --- 2.253626e-06
   19 --- 3.492271e-06 --- 1.61e-06 --- 4.001958e-06 --- 4.960754e-06 --- 1.234666e-05 --- 2.058586e-06
Total training time: 1364.29s
Inference (per point): 1.3949e-04s | (full domain): 2.2645e-04s
  p=  5:  MSE=1.285637e-02
  p=105:  MSE=5.812540e-06
  p=205:  MSE=5.171353e-06
  p=305:  MSE=2.640955e-05
  p=405:  MSE=2.911493e-05
  Saved MSE curves → outputs/expr_7_3_1/disc/exact_inf/npy/mse.npz  (deeponet, fem, pred_train)

All experiments completed!
