
============================================================
Running Example: aronsson_disc
============================================================

Generated full disc domain data:
  Boundary points: 10,000
  Interior points: 783,764
  Test points: 7,668
Re-sampling enabled: ~783,764 interior points per epoch

Splitting data: 80% train, 20% validation
  BC: 8,000 train, 2,000 val
  Interior: 627,011 train, 156,753 val

Model: InfinityLaplacianPINN
  Hidden layers: [128, 128, 128, 128]
  Activation: tanh
  η: 1e-05 (normalized)
  Residual clipping: [-10.0, 10.0]
  Outlier removal: top 2.0%
  Parameters: 50,049

Training configuration:
  Boundary points (train): 8,000 -> 20 batches of 400
  Interior points (train): 783,764 -> 784 batches of 1000
  Interior sampling: RE-SAMPLE each epoch
  Boundary points (val): 2,000
  Validation loss: BC only
  Steps per epoch: 784
  Total steps: 78,400
  Epochs: 100
  Loss balancing: ReLoBRaLo
  LR scheduler: cosine (LR: 1.0e-03 -> 1.0e-05)

/usr/local/lib/python3.12/dist-packages/torch/autograd/graph.py:824: UserWarning: Attempting to run cuBLAS, but there was no current CUDA context! Attempting to set the primary context... (Triggered internally at /opt/pytorch/pytorch/aten/src/ATen/cuda/CublasHandlePool.cpp:181.)
  return Variable._execution_engine.run_backward(  # Calls into the C++ engine to run the backward pass
Epoch   1/100 | Steps:    784 | w_bc=0.97 w_pde=1.03 | Loss: 2.2719e-01 | BC: 2.0678e-01 | PDE: 2.6257e-02 | Val: 1.6734e-01 | Test: 1.0318e-01 | LR=1.0e-03 *
Epoch   2/100 | Steps:   1568 | w_bc=1.00 w_pde=1.00 | Loss: 1.8423e-01 | BC: 1.7043e-01 | PDE: 1.6353e-02 | Val: 1.6255e-01 | Test: 1.1580e-01 | LR=1.0e-03 *
Epoch   3/100 | Steps:   2352 | w_bc=0.98 w_pde=1.02 | Loss: 1.8309e-01 | BC: 1.6366e-01 | PDE: 1.9428e-02 | Val: 1.5961e-01 | Test: 1.0737e-01 | LR=1.0e-03 *
Epoch   4/100 | Steps:   3136 | w_bc=0.94 w_pde=1.06 | Loss: 1.7927e-01 | BC: 1.5697e-01 | PDE: 2.7324e-02 | Val: 1.3357e-01 | Test: 1.1841e-01 | LR=1.0e-03 *
Epoch   5/100 | Steps:   3920 | w_bc=0.80 w_pde=1.20 | Loss: 1.3687e-01 | BC: 9.7097e-02 | PDE: 4.4098e-02 | Val: 1.5649e-02 | Test: 8.3914e-01 | LR=1.0e-03 *
Epoch   6/100 | Steps:   4704 | w_bc=0.62 w_pde=1.38 | Loss: 4.2529e-02 | BC: 1.1319e-02 | PDE: 2.6721e-02 | Val: 9.0069e-03 | Test: 9.9793e-01 | LR=9.9e-04 *
Epoch   7/100 | Steps:   5488 | w_bc=0.55 w_pde=1.45 | Loss: 3.2966e-02 | BC: 9.4403e-03 | PDE: 1.9358e-02 | Val: 7.5564e-03 | Test: 1.0933e+00 | LR=9.9e-04 *
Epoch   8/100 | Steps:   6272 | w_bc=0.52 w_pde=1.48 | Loss: 2.5373e-02 | BC: 7.1910e-03 | PDE: 1.4682e-02 | Val: 4.1725e-03 | Test: 1.2034e+00 | LR=9.9e-04 *
Epoch   9/100 | Steps:   7056 | w_bc=0.52 w_pde=1.48 | Loss: 2.0306e-02 | BC: 5.3997e-03 | PDE: 1.1825e-02 | Val: 4.2883e-03 | Test: 1.2957e+00 | LR=9.8e-04
Epoch  10/100 | Steps:   7840 | w_bc=0.53 w_pde=1.47 | Loss: 1.8944e-02 | BC: 4.8582e-03 | PDE: 1.1099e-02 | Val: 3.2144e-03 | Test: 1.3078e+00 | LR=9.8e-04 *
Epoch  11/100 | Steps:   8624 | w_bc=0.55 w_pde=1.45 | Loss: 2.0811e-02 | BC: 6.0414e-03 | PDE: 1.1999e-02 | Val: 3.6485e-03 | Test: 1.3246e+00 | LR=9.8e-04
Epoch  12/100 | Steps:   9408 | w_bc=0.57 w_pde=1.43 | Loss: 1.6145e-02 | BC: 4.0298e-03 | PDE: 9.6383e-03 | Val: 3.1183e-03 | Test: 1.3426e+00 | LR=9.7e-04 *
Epoch  13/100 | Steps:  10192 | w_bc=0.59 w_pde=1.41 | Loss: 1.6094e-02 | BC: 3.7916e-03 | PDE: 9.7860e-03 | Val: 2.7529e-03 | Test: 1.3182e+00 | LR=9.7e-04 *
Epoch  14/100 | Steps:  10976 | w_bc=0.60 w_pde=1.40 | Loss: 1.5111e-02 | BC: 3.3826e-03 | PDE: 9.3362e-03 | Val: 5.5068e-03 | Test: 1.3749e+00 | LR=9.6e-04
Epoch  15/100 | Steps:  11760 | w_bc=0.60 w_pde=1.40 | Loss: 1.2580e-02 | BC: 2.6602e-03 | PDE: 7.8620e-03 | Val: 2.2502e-03 | Test: 1.4100e+00 | LR=9.5e-04 *
Epoch  16/100 | Steps:  12544 | w_bc=0.62 w_pde=1.38 | Loss: 1.1973e-02 | BC: 2.4885e-03 | PDE: 7.5104e-03 | Val: 2.5397e-03 | Test: 1.4428e+00 | LR=9.5e-04
Epoch  17/100 | Steps:  13328 | w_bc=0.63 w_pde=1.37 | Loss: 1.1114e-02 | BC: 2.2018e-03 | PDE: 7.0613e-03 | Val: 2.6019e-03 | Test: 1.4495e+00 | LR=9.4e-04
Epoch  18/100 | Steps:  14112 | w_bc=0.63 w_pde=1.37 | Loss: 1.0392e-02 | BC: 1.8920e-03 | PDE: 6.7008e-03 | Val: 1.5473e-03 | Test: 1.4173e+00 | LR=9.3e-04 *
Epoch  19/100 | Steps:  14896 | w_bc=0.64 w_pde=1.36 | Loss: 9.8047e-03 | BC: 1.8903e-03 | PDE: 6.2920e-03 | Val: 2.4774e-03 | Test: 1.5052e+00 | LR=9.2e-04
Epoch  20/100 | Steps:  15680 | w_bc=0.65 w_pde=1.35 | Loss: 1.0086e-02 | BC: 1.7208e-03 | PDE: 6.6112e-03 | Val: 1.6347e-03 | Test: 1.4839e+00 | LR=9.1e-04
Epoch  21/100 | Steps:  16464 | w_bc=0.66 w_pde=1.34 | Loss: 8.4004e-03 | BC: 1.6071e-03 | PDE: 5.4705e-03 | Val: 1.9684e-03 | Test: 1.5174e+00 | LR=9.1e-04
Epoch  22/100 | Steps:  17248 | w_bc=0.67 w_pde=1.33 | Loss: 8.4667e-03 | BC: 1.6011e-03 | PDE: 5.5401e-03 | Val: 2.4569e-03 | Test: 1.4645e+00 | LR=9.0e-04
Epoch  23/100 | Steps:  18032 | w_bc=0.68 w_pde=1.32 | Loss: 8.3755e-03 | BC: 1.5841e-03 | PDE: 5.5288e-03 | Val: 1.4947e-03 | Test: 1.4956e+00 | LR=8.9e-04 *
Epoch  24/100 | Steps:  18816 | w_bc=0.69 w_pde=1.31 | Loss: 8.1915e-03 | BC: 1.3915e-03 | PDE: 5.4930e-03 | Val: 8.4113e-04 | Test: 1.5300e+00 | LR=8.8e-04 *
Epoch  25/100 | Steps:  19600 | w_bc=0.69 w_pde=1.31 | Loss: 7.0941e-03 | BC: 1.3740e-03 | PDE: 4.6915e-03 | Val: 1.0157e-03 | Test: 1.5349e+00 | LR=8.7e-04
Epoch  26/100 | Steps:  20384 | w_bc=0.69 w_pde=1.31 | Loss: 6.0913e-03 | BC: 1.0518e-03 | PDE: 4.0984e-03 | Val: 4.4139e-04 | Test: 1.5372e+00 | LR=8.6e-04 *
Epoch  27/100 | Steps:  21168 | w_bc=0.69 w_pde=1.31 | Loss: 6.6308e-03 | BC: 1.0781e-03 | PDE: 4.4945e-03 | Val: 3.7481e-04 | Test: 1.5010e+00 | LR=8.4e-04 *
Epoch  28/100 | Steps:  21952 | w_bc=0.70 w_pde=1.30 | Loss: 5.5650e-03 | BC: 9.5433e-04 | PDE: 3.7511e-03 | Val: 8.3229e-04 | Test: 1.5342e+00 | LR=8.3e-04
Epoch  29/100 | Steps:  22736 | w_bc=0.69 w_pde=1.31 | Loss: 5.8567e-03 | BC: 8.8082e-04 | PDE: 4.0229e-03 | Val: 4.2674e-04 | Test: 1.5181e+00 | LR=8.2e-04
Epoch  30/100 | Steps:  23520 | w_bc=0.70 w_pde=1.30 | Loss: 5.6317e-03 | BC: 9.4622e-04 | PDE: 3.8264e-03 | Val: 1.0088e-03 | Test: 1.5551e+00 | LR=8.1e-04
Epoch  31/100 | Steps:  24304 | w_bc=0.72 w_pde=1.28 | Loss: 4.6331e-03 | BC: 7.8021e-04 | PDE: 3.1731e-03 | Val: 1.0664e-03 | Test: 1.5963e+00 | LR=8.0e-04
Epoch  32/100 | Steps:  25088 | w_bc=0.72 w_pde=1.28 | Loss: 4.8501e-03 | BC: 7.5879e-04 | PDE: 3.3529e-03 | Val: 7.0303e-04 | Test: 1.6316e+00 | LR=7.8e-04
Epoch  33/100 | Steps:  25872 | w_bc=0.72 w_pde=1.28 | Loss: 4.7874e-03 | BC: 8.2005e-04 | PDE: 3.2712e-03 | Val: 5.0922e-04 | Test: 1.6378e+00 | LR=7.7e-04
Epoch  34/100 | Steps:  26656 | w_bc=0.76 w_pde=1.24 | Loss: 5.0427e-03 | BC: 9.4332e-04 | PDE: 3.4454e-03 | Val: 1.4017e-03 | Test: 1.5941e+00 | LR=7.6e-04
Epoch  35/100 | Steps:  27440 | w_bc=0.76 w_pde=1.24 | Loss: 4.4288e-03 | BC: 7.1565e-04 | PDE: 3.1339e-03 | Val: 2.3684e-04 | Test: 1.6444e+00 | LR=7.4e-04 *
Epoch  36/100 | Steps:  28224 | w_bc=0.77 w_pde=1.23 | Loss: 3.9172e-03 | BC: 6.4673e-04 | PDE: 2.7675e-03 | Val: 4.7166e-04 | Test: 1.6455e+00 | LR=7.3e-04
Epoch  37/100 | Steps:  29008 | w_bc=0.76 w_pde=1.24 | Loss: 3.3734e-03 | BC: 5.5443e-04 | PDE: 2.3831e-03 | Val: 6.0844e-04 | Test: 1.6233e+00 | LR=7.2e-04
Epoch  38/100 | Steps:  29792 | w_bc=0.75 w_pde=1.25 | Loss: 3.5288e-03 | BC: 5.4872e-04 | PDE: 2.5001e-03 | Val: 3.6038e-04 | Test: 1.6070e+00 | LR=7.0e-04
Epoch  39/100 | Steps:  30576 | w_bc=0.75 w_pde=1.25 | Loss: 2.6831e-03 | BC: 4.3315e-04 | PDE: 1.8908e-03 | Val: 2.1878e-04 | Test: 1.6214e+00 | LR=6.9e-04 *
Epoch  40/100 | Steps:  31360 | w_bc=0.73 w_pde=1.27 | Loss: 2.2743e-03 | BC: 3.2668e-04 | PDE: 1.6102e-03 | Val: 3.9735e-04 | Test: 1.6457e+00 | LR=6.7e-04
Epoch  41/100 | Steps:  32144 | w_bc=0.73 w_pde=1.27 | Loss: 2.6260e-03 | BC: 3.7312e-04 | PDE: 1.8535e-03 | Val: 4.4057e-04 | Test: 1.6608e+00 | LR=6.6e-04
Epoch  42/100 | Steps:  32928 | w_bc=0.74 w_pde=1.26 | Loss: 2.7542e-03 | BC: 4.2359e-04 | PDE: 1.9370e-03 | Val: 5.1733e-04 | Test: 1.6397e+00 | LR=6.4e-04
Epoch  43/100 | Steps:  33712 | w_bc=0.75 w_pde=1.25 | Loss: 3.1327e-03 | BC: 5.2281e-04 | PDE: 2.1884e-03 | Val: 7.9531e-04 | Test: 1.5988e+00 | LR=6.3e-04
Epoch  44/100 | Steps:  34496 | w_bc=0.76 w_pde=1.24 | Loss: 2.2769e-03 | BC: 3.2116e-04 | PDE: 1.6397e-03 | Val: 8.3885e-04 | Test: 1.6044e+00 | LR=6.1e-04
Epoch  45/100 | Steps:  35280 | w_bc=0.78 w_pde=1.22 | Loss: 2.7519e-03 | BC: 4.5794e-04 | PDE: 1.9441e-03 | Val: 1.0326e-04 | Test: 1.6593e+00 | LR=6.0e-04 *
Epoch  46/100 | Steps:  36064 | w_bc=0.78 w_pde=1.22 | Loss: 2.4387e-03 | BC: 3.7615e-04 | PDE: 1.7601e-03 | Val: 2.5976e-04 | Test: 1.6427e+00 | LR=5.8e-04
Epoch  47/100 | Steps:  36848 | w_bc=0.79 w_pde=1.21 | Loss: 2.0184e-03 | BC: 3.3445e-04 | PDE: 1.4452e-03 | Val: 2.8176e-04 | Test: 1.6515e+00 | LR=5.7e-04
Epoch  48/100 | Steps:  37632 | w_bc=0.79 w_pde=1.21 | Loss: 1.7469e-03 | BC: 2.6401e-04 | PDE: 1.2683e-03 | Val: 1.0799e-04 | Test: 1.6781e+00 | LR=5.5e-04
Epoch  49/100 | Steps:  38416 | w_bc=0.78 w_pde=1.22 | Loss: 1.4097e-03 | BC: 2.0277e-04 | PDE: 1.0300e-03 | Val: 3.0140e-04 | Test: 1.6653e+00 | LR=5.4e-04
Epoch  50/100 | Steps:  39200 | w_bc=0.78 w_pde=1.22 | Loss: 1.9798e-03 | BC: 2.9311e-04 | PDE: 1.4328e-03 | Val: 1.3555e-04 | Test: 1.6573e+00 | LR=5.2e-04
Epoch  51/100 | Steps:  39984 | w_bc=0.77 w_pde=1.23 | Loss: 1.4869e-03 | BC: 2.0461e-04 | PDE: 1.0836e-03 | Val: 8.0234e-04 | Test: 1.6017e+00 | LR=5.1e-04
Epoch  52/100 | Steps:  40768 | w_bc=0.80 w_pde=1.20 | Loss: 2.0290e-03 | BC: 3.4721e-04 | PDE: 1.4468e-03 | Val: 4.2308e-04 | Test: 1.6682e+00 | LR=4.9e-04
Epoch  53/100 | Steps:  41552 | w_bc=0.81 w_pde=1.19 | Loss: 1.5579e-03 | BC: 2.6671e-04 | PDE: 1.1234e-03 | Val: 1.7882e-04 | Test: 1.6721e+00 | LR=4.7e-04
Epoch  54/100 | Steps:  42336 | w_bc=0.81 w_pde=1.19 | Loss: 1.1182e-03 | BC: 1.5743e-04 | PDE: 8.3233e-04 | Val: 9.6150e-05 | Test: 1.6820e+00 | LR=4.6e-04 *
Epoch  55/100 | Steps:  43120 | w_bc=0.81 w_pde=1.19 | Loss: 1.1284e-03 | BC: 1.6510e-04 | PDE: 8.3789e-04 | Val: 4.6775e-04 | Test: 1.6831e+00 | LR=4.4e-04
Epoch  56/100 | Steps:  43904 | w_bc=0.80 w_pde=1.20 | Loss: 7.9846e-04 | BC: 1.1837e-04 | PDE: 5.9092e-04 | Val: 1.0094e-04 | Test: 1.6828e+00 | LR=4.3e-04
Epoch  57/100 | Steps:  44688 | w_bc=0.82 w_pde=1.18 | Loss: 8.2763e-04 | BC: 1.2018e-04 | PDE: 6.1101e-04 | Val: 1.9204e-04 | Test: 1.6821e+00 | LR=4.1e-04
Epoch  58/100 | Steps:  45472 | w_bc=0.81 w_pde=1.19 | Loss: 1.3159e-03 | BC: 2.0029e-04 | PDE: 9.6879e-04 | Val: 7.0084e-05 | Test: 1.6855e+00 | LR=4.0e-04 *
Epoch  59/100 | Steps:  46256 | w_bc=0.81 w_pde=1.19 | Loss: 8.7348e-04 | BC: 1.1747e-04 | PDE: 6.5185e-04 | Val: 1.4360e-04 | Test: 1.7027e+00 | LR=3.8e-04
Epoch  60/100 | Steps:  47040 | w_bc=0.83 w_pde=1.17 | Loss: 7.8418e-04 | BC: 1.1803e-04 | PDE: 5.7759e-04 | Val: 4.3910e-05 | Test: 1.6945e+00 | LR=3.7e-04 *
Epoch  61/100 | Steps:  47824 | w_bc=0.83 w_pde=1.17 | Loss: 8.0779e-04 | BC: 1.1362e-04 | PDE: 6.0701e-04 | Val: 8.1049e-05 | Test: 1.6854e+00 | LR=3.5e-04
Epoch  62/100 | Steps:  48608 | w_bc=0.82 w_pde=1.18 | Loss: 8.2115e-04 | BC: 1.1599e-04 | PDE: 6.1471e-04 | Val: 3.5312e-04 | Test: 1.6588e+00 | LR=3.4e-04
Epoch  63/100 | Steps:  49392 | w_bc=0.83 w_pde=1.17 | Loss: 7.3256e-04 | BC: 1.1505e-04 | PDE: 5.4281e-04 | Val: 7.7509e-05 | Test: 1.6869e+00 | LR=3.2e-04
Epoch  64/100 | Steps:  50176 | w_bc=0.84 w_pde=1.16 | Loss: 1.0181e-03 | BC: 1.5974e-04 | PDE: 7.5934e-04 | Val: 3.2176e-04 | Test: 1.6921e+00 | LR=3.1e-04
Epoch  65/100 | Steps:  50960 | w_bc=0.85 w_pde=1.15 | Loss: 6.7844e-04 | BC: 1.1359e-04 | PDE: 5.0537e-04 | Val: 5.0165e-05 | Test: 1.7288e+00 | LR=2.9e-04
Epoch  66/100 | Steps:  51744 | w_bc=0.87 w_pde=1.13 | Loss: 3.6049e-04 | BC: 6.3393e-05 | PDE: 2.6874e-04 | Val: 1.6065e-04 | Test: 1.7433e+00 | LR=2.8e-04
Epoch  67/100 | Steps:  52528 | w_bc=0.87 w_pde=1.13 | Loss: 3.9794e-04 | BC: 6.1425e-05 | PDE: 3.0498e-04 | Val: 5.5590e-05 | Test: 1.7220e+00 | LR=2.7e-04
Epoch  68/100 | Steps:  53312 | w_bc=0.87 w_pde=1.13 | Loss: 5.8935e-04 | BC: 8.3286e-05 | PDE: 4.5800e-04 | Val: 3.9614e-04 | Test: 1.6860e+00 | LR=2.5e-04
Epoch  69/100 | Steps:  54096 | w_bc=0.91 w_pde=1.09 | Loss: 8.2913e-04 | BC: 1.3690e-04 | PDE: 6.2994e-04 | Val: 4.6856e-05 | Test: 1.7429e+00 | LR=2.4e-04
Epoch  70/100 | Steps:  54880 | w_bc=0.92 w_pde=1.08 | Loss: 2.2335e-04 | BC: 4.3098e-05 | PDE: 1.6991e-04 | Val: 4.1488e-05 | Test: 1.7460e+00 | LR=2.3e-04 *
Epoch  71/100 | Steps:  55664 | w_bc=0.90 w_pde=1.10 | Loss: 4.1253e-04 | BC: 6.2645e-05 | PDE: 3.2816e-04 | Val: 4.6255e-05 | Test: 1.7250e+00 | LR=2.1e-04
Epoch  72/100 | Steps:  56448 | w_bc=0.89 w_pde=1.11 | Loss: 3.9355e-04 | BC: 5.8954e-05 | PDE: 3.0948e-04 | Val: 3.3591e-05 | Test: 1.7281e+00 | LR=2.0e-04 *
Epoch  73/100 | Steps:  57232 | w_bc=0.90 w_pde=1.10 | Loss: 2.8822e-04 | BC: 4.7801e-05 | PDE: 2.2289e-04 | Val: 7.2766e-05 | Test: 1.7136e+00 | LR=1.9e-04
Epoch  74/100 | Steps:  58016 | w_bc=0.91 w_pde=1.09 | Loss: 2.3362e-04 | BC: 4.0904e-05 | PDE: 1.8004e-04 | Val: 3.3373e-05 | Test: 1.7300e+00 | LR=1.8e-04 *
Epoch  75/100 | Steps:  58800 | w_bc=0.92 w_pde=1.08 | Loss: 1.9468e-04 | BC: 3.4844e-05 | PDE: 1.5019e-04 | Val: 3.3809e-05 | Test: 1.7323e+00 | LR=1.7e-04
Epoch  76/100 | Steps:  59584 | w_bc=0.91 w_pde=1.09 | Loss: 2.6073e-04 | BC: 4.2038e-05 | PDE: 2.0470e-04 | Val: 3.3499e-05 | Test: 1.7225e+00 | LR=1.5e-04
Epoch  77/100 | Steps:  60368 | w_bc=0.96 w_pde=1.04 | Loss: 1.0755e-04 | BC: 2.5385e-05 | PDE: 7.8575e-05 | Val: 2.6732e-05 | Test: 1.7223e+00 | LR=1.4e-04 *
Epoch  78/100 | Steps:  61152 | w_bc=0.96 w_pde=1.04 | Loss: 2.9298e-04 | BC: 5.5787e-05 | PDE: 2.2976e-04 | Val: 3.3164e-05 | Test: 1.7324e+00 | LR=1.3e-04
Epoch  79/100 | Steps:  61936 | w_bc=0.96 w_pde=1.04 | Loss: 1.9241e-04 | BC: 3.4600e-05 | PDE: 1.5310e-04 | Val: 2.7414e-05 | Test: 1.7308e+00 | LR=1.2e-04
Epoch  80/100 | Steps:  62720 | w_bc=0.98 w_pde=1.02 | Loss: 1.3456e-04 | BC: 2.7077e-05 | PDE: 1.0449e-04 | Val: 2.2753e-05 | Test: 1.7349e+00 | LR=1.1e-04 *
Epoch  81/100 | Steps:  63504 | w_bc=1.01 w_pde=0.99 | Loss: 9.5708e-05 | BC: 2.3394e-05 | PDE: 7.2130e-05 | Val: 2.0816e-05 | Test: 1.7367e+00 | LR=1.0e-04 *
Epoch  82/100 | Steps:  64288 | w_bc=0.99 w_pde=1.01 | Loss: 1.5125e-04 | BC: 2.8380e-05 | PDE: 1.2316e-04 | Val: 3.1760e-05 | Test: 1.7341e+00 | LR=9.6e-05
Epoch  83/100 | Steps:  65072 | w_bc=1.02 w_pde=0.98 | Loss: 9.5725e-05 | BC: 2.3808e-05 | PDE: 7.1755e-05 | Val: 1.9245e-05 | Test: 1.7336e+00 | LR=8.7e-05 *
Epoch  84/100 | Steps:  65856 | w_bc=1.04 w_pde=0.96 | Loss: 7.8299e-05 | BC: 2.0088e-05 | PDE: 5.9304e-05 | Val: 1.8831e-05 | Test: 1.7296e+00 | LR=7.9e-05 *
Epoch  85/100 | Steps:  66640 | w_bc=1.04 w_pde=0.96 | Loss: 1.1708e-04 | BC: 2.3719e-05 | PDE: 9.6511e-05 | Val: 2.0184e-05 | Test: 1.7276e+00 | LR=7.1e-05
Epoch  86/100 | Steps:  67424 | w_bc=1.07 w_pde=0.93 | Loss: 6.6982e-05 | BC: 1.8735e-05 | PDE: 5.0211e-05 | Val: 3.2563e-05 | Test: 1.7254e+00 | LR=6.4e-05
Epoch  87/100 | Steps:  68208 | w_bc=1.08 w_pde=0.92 | Loss: 6.8322e-05 | BC: 1.8705e-05 | PDE: 5.2295e-05 | Val: 1.7095e-05 | Test: 1.7250e+00 | LR=5.7e-05 *
Epoch  88/100 | Steps:  68992 | w_bc=1.10 w_pde=0.90 | Loss: 6.0457e-05 | BC: 1.7192e-05 | PDE: 4.5810e-05 | Val: 1.7914e-05 | Test: 1.7224e+00 | LR=5.1e-05
Epoch  89/100 | Steps:  69776 | w_bc=1.11 w_pde=0.89 | Loss: 6.0809e-05 | BC: 1.6738e-05 | PDE: 4.7015e-05 | Val: 1.7503e-05 | Test: 1.7234e+00 | LR=4.5e-05
Epoch  90/100 | Steps:  70560 | w_bc=1.12 w_pde=0.88 | Loss: 5.1940e-05 | BC: 1.6071e-05 | PDE: 3.8452e-05 | Val: 1.5292e-05 | Test: 1.7176e+00 | LR=3.9e-05 *
Epoch  91/100 | Steps:  71344 | w_bc=1.13 w_pde=0.87 | Loss: 5.3005e-05 | BC: 1.6110e-05 | PDE: 3.9973e-05 | Val: 1.5894e-05 | Test: 1.7159e+00 | LR=3.4e-05
Epoch  92/100 | Steps:  72128 | w_bc=1.15 w_pde=0.85 | Loss: 5.2438e-05 | BC: 1.5915e-05 | PDE: 4.0001e-05 | Val: 1.5590e-05 | Test: 1.7152e+00 | LR=3.0e-05
Epoch  93/100 | Steps:  72912 | w_bc=1.16 w_pde=0.84 | Loss: 4.3218e-05 | BC: 1.4219e-05 | PDE: 3.1645e-05 | Val: 1.4538e-05 | Test: 1.7117e+00 | LR=2.6e-05 *
Epoch  94/100 | Steps:  73696 | w_bc=1.18 w_pde=0.82 | Loss: 3.9955e-05 | BC: 1.3819e-05 | PDE: 2.8602e-05 | Val: 1.3889e-05 | Test: 1.7093e+00 | LR=2.2e-05 *
Epoch  95/100 | Steps:  74480 | w_bc=1.18 w_pde=0.82 | Loss: 3.8908e-05 | BC: 1.3365e-05 | PDE: 2.8298e-05 | Val: 1.4479e-05 | Test: 1.7067e+00 | LR=1.9e-05
Epoch  96/100 | Steps:  75264 | w_bc=1.18 w_pde=0.82 | Loss: 4.0962e-05 | BC: 1.3303e-05 | PDE: 3.0863e-05 | Val: 1.3420e-05 | Test: 1.7074e+00 | LR=1.6e-05 *
Epoch  97/100 | Steps:  76048 | w_bc=1.19 w_pde=0.81 | Loss: 3.7166e-05 | BC: 1.2850e-05 | PDE: 2.6909e-05 | Val: 1.3352e-05 | Test: 1.7068e+00 | LR=1.4e-05 *
Epoch  98/100 | Steps:  76832 | w_bc=1.18 w_pde=0.82 | Loss: 4.0080e-05 | BC: 1.2833e-05 | PDE: 3.0514e-05 | Val: 1.4410e-05 | Test: 1.7057e+00 | LR=1.2e-05
Epoch  99/100 | Steps:  77616 | w_bc=1.19 w_pde=0.81 | Loss: 3.4820e-05 | BC: 1.2449e-05 | PDE: 2.4626e-05 | Val: 1.2940e-05 | Test: 1.7057e+00 | LR=1.1e-05 *
Epoch 100/100 | Steps:  78400 | w_bc=1.19 w_pde=0.81 | Loss: 3.4812e-05 | BC: 1.2273e-05 | PDE: 2.4893e-05 | Val: 1.2680e-05 | Test: 1.7052e+00 | LR=1.0e-05 *

Restored best model from epoch 100 (val_loss: 1.2680e-05, test_loss: 1.7052e+00)
Best checkpoint saved to: outputs/expr_7_1/aronsson_disc/relobralo/checkpoints/best_model.pt
Final checkpoint saved to: outputs/expr_7_1/aronsson_disc/relobralo/checkpoints/final_model.pt
Training completed in 1205.69s (78,400 total steps)

Final Test MSE: 1.7052e+00
Inference (per point): 1.5070e-04s | (full domain): 1.4881e-04s
Saved plot to outputs/expr_7_1/aronsson_disc/relobralo/plots/results.png
