
============================================================
Distance to Origin  —  Square
============================================================
Device: cuda
  Loaded p=5: 1048576 points, mse: 2.376532e-02
  Loaded p=10: 1048576 points, mse: 3.019401e-03
  Loaded p=15: 1048576 points, mse: 1.106648e-03
  Loaded p=25: 1048576 points, mse: 3.383036e-04
  Loaded p=30: 1048576 points, mse: 2.232981e-04
  Loaded p=35: 1048576 points, mse: 1.570591e-04
  Loaded p=40: 1048576 points, mse: 1.155591e-04
  Loaded p=45: 1048576 points, mse: 8.792290e-05
  Loaded p=50: 1048576 points, mse: 6.864928e-05
  Loaded p=55: 1048576 points, mse: 5.471246e-05
  Loaded p=60: 1048576 points, mse: 4.433771e-05
  Loaded p=65: 1048576 points, mse: 3.642855e-05
  Loaded p=70: 1048576 points, mse: 3.027831e-05
  Loaded p=75: 1048576 points, mse: 2.541514e-05
  Loaded p=80: 1048576 points, mse: 2.151444e-05
  Loaded p=85: 1048576 points, mse: 1.834706e-05
  Loaded p=90: 1048576 points, mse: 1.574758e-05
  Loaded p=95: 1048576 points, mse: 1.359436e-05
  Loaded p=100: 1048576 points, mse: 1.179612e-05
  Loaded p=105: 1048576 points, mse: 1.028366e-05
  Loaded p=110: 1048576 points, mse: 9.003449e-06
  Loaded p=115: 1048576 points, mse: 7.913833e-06
  Loaded p=120: 1048576 points, mse: 6.981888e-06
  Loaded p=125: 1048576 points, mse: 6.181343e-06
  Loaded p=130: 1048576 points, mse: 5.491085e-06
  Loaded p=140: 1048576 points, mse: 4.375969e-06
  Loaded p=145: 1048576 points, mse: 3.925530e-06
  Loaded p=150: 1048576 points, mse: 3.533067e-06
  Loaded p=155: 1048576 points, mse: 3.190578e-06
  Loaded p=160: 1048576 points, mse: 2.891349e-06
  Loaded p=165: 1048576 points, mse: 2.629711e-06
  Loaded p=170: 1048576 points, mse: 2.400858e-06
  Loaded p=175: 1048576 points, mse: 2.200691e-06
  Loaded p=180: 1048576 points, mse: 2.025707e-06
  Loaded p=185: 1048576 points, mse: 1.872889e-06
  Loaded p=190: 1048576 points, mse: 1.739638e-06
  Loaded p=195: 1048576 points, mse: 1.623701e-06
  Loaded p=200: 1048576 points, mse: 1.523124e-06
  Using exact solution for p=∞
  Added p=∞ point: 1048576 pts, mse: 0.000000e+00
Training data: X=(40894464, 3)  Y=(40894464, 1)
Model: trunk=[2, 512, 512, 512, 128]  branch=[1, 128, 128, 128, 128]  params=642,433
Scheduler: CosineAnnealingLR  T_max=20  eta_min=1e-06
Epoch --- Train Loss --- LR --- p150 --- p200 --- p250 --- p500
    0 --- 4.356752e-03 --- 1.00e-04 --- 5.431099e-05 --- 6.519512e-05 --- 3.162190e-04 --- 6.395330e-05
    1 --- 1.456392e-04 --- 9.94e-05 --- 1.609345e-05 --- 4.249406e-05 --- 1.598461e-04 --- 3.168541e-05
    2 --- 3.233648e-05 --- 9.76e-05 --- 1.048284e-05 --- 8.245757e-06 --- 8.787365e-06 --- 8.290688e-06
    3 --- 1.646053e-05 --- 9.46e-05 --- 2.658432e-05 --- 2.212718e-05 --- 2.163074e-05 --- 2.596500e-05
    4 --- 1.113685e-05 --- 9.05e-05 --- 7.211485e-06 --- 6.843334e-06 --- 6.552022e-06 --- 1.000058e-05
    5 --- 7.873859e-06 --- 8.55e-05 --- 1.949246e-05 --- 2.310672e-05 --- 2.296398e-05 --- 2.885940e-05
    6 --- 5.769306e-06 --- 7.96e-05 --- 8.184441e-06 --- 6.311763e-06 --- 7.189830e-06 --- 3.771977e-06
    7 --- 4.327634e-06 --- 7.30e-05 --- 8.134685e-06 --- 9.418845e-06 --- 1.058165e-05 --- 1.140727e-05
    8 --- 3.292651e-06 --- 6.58e-05 --- 4.538738e-06 --- 3.443605e-06 --- 4.048103e-06 --- 1.356452e-06
    9 --- 2.487229e-06 --- 5.82e-05 --- 4.026255e-06 --- 2.987925e-06 --- 4.357486e-06 --- 1.052569e-06
   10 --- 1.918578e-06 --- 5.05e-05 --- 4.342018e-06 --- 3.263895e-06 --- 5.077601e-06 --- 1.135996e-06
   11 --- 1.478711e-06 --- 4.28e-05 --- 4.140781e-06 --- 2.690215e-06 --- 4.430209e-06 --- 7.722473e-07
   12 --- 1.120907e-06 --- 3.52e-05 --- 3.318617e-06 --- 3.390352e-06 --- 7.887744e-06 --- 1.948508e-06
   13 --- 8.598176e-07 --- 2.80e-05 --- 3.486241e-06 --- 2.375470e-06 --- 5.764463e-06 --- 7.383601e-07
   14 --- 6.649574e-07 --- 2.14e-05 --- 3.638567e-06 --- 2.411438e-06 --- 5.175966e-06 --- 6.205640e-07
   15 --- 5.358302e-07 --- 1.55e-05 --- 3.558170e-06 --- 2.539520e-06 --- 6.165843e-06 --- 8.477621e-07
   16 --- 4.524247e-07 --- 1.05e-05 --- 3.593662e-06 --- 2.326615e-06 --- 4.936222e-06 --- 4.130480e-07
   17 --- 3.970486e-07 --- 6.40e-06 --- 3.735626e-06 --- 2.236721e-06 --- 3.866119e-06 --- 3.604515e-07
   18 --- 3.662660e-07 --- 3.42e-06 --- 3.913349e-06 --- 2.152390e-06 --- 4.272544e-06 --- 3.499610e-07
   19 --- 3.483417e-07 --- 1.61e-06 --- 4.066665e-06 --- 2.257816e-06 --- 3.861938e-06 --- 3.521274e-07
Total training time: 6273.12s
Inference (per point): 1.4078e-04s | (full domain): 2.4733e-04s
  p=  5:  MSE=2.336381e-02
  p=105:  MSE=1.061801e-05
  p=205:  MSE=2.167619e-06
  p=305:  MSE=8.520256e-06
  p=405:  MSE=8.287654e-06
  Saved MSE curves → outputs/expr_6_4_1/square/exact_inf/npy/mse.npz  (deeponet, fem, pred_train)

All experiments completed!
