
============================================================
p-Laplacian Aronsson Example
============================================================

Generated full domain data:
  Boundary points: 40,000
  Interior points: 1,000,000
  Test points: 10,000
Re-sampling enabled: ~1,000,000 interior points per epoch

Splitting data: 80% train, 20% validation
  BC: 32,000 train, 8,000 val
  Interior: 800,000 train, 200,000 val

Loading checkpoint: outputs/expr_6_3_iter/p150to500_square/more_epochs/checkpoints/best_model_p500.pt

Model: PLaplacianPINN on Square [-1,1]²
  Hidden layers: [128, 128, 128, 128], activation: tanh
  η=1e-05, clip_residual=100.0, clip_grad_norm=1.0
  Outlier removal: top 2.0%
  Parameters: 50,049

Iterative Training Schedule:
  p values: [600, 700, 800, 900, 1000]
  Epochs per p: 40


============================================================
Stage 1/5: Training with p=600
============================================================

Training configuration:
  Boundary points (train): 32,000 -> 80 batches of 400
  Interior points (train): 1,000,000 -> 1000 batches of 1000
  Interior sampling: RE-SAMPLE each epoch
  Boundary points (val): 8,000
  Validation loss: BC only
  Steps per epoch: 1,000
  Total steps: 40,000
  Epochs: 40
  Loss balancing: FixedAlphaSchedule
  LR scheduler: None (constant LR=1.0e-05)

/usr/local/lib/python3.12/dist-packages/torch/autograd/graph.py:824: UserWarning: Attempting to run cuBLAS, but there was no current CUDA context! Attempting to set the primary context... (Triggered internally at /opt/pytorch/pytorch/aten/src/ATen/cuda/CublasHandlePool.cpp:181.)
  return Variable._execution_engine.run_backward(  # Calls into the C++ engine to run the backward pass
Epoch   1/40 | Steps:   1000 | α=1e-05 | Loss: 2.7287e-05 | BC: 1.2176e-06 | PDE: 2.6070e+00 | Val: 6.9443e-07 | Test: 1.1979e-06 |  *
Epoch   2/40 | Steps:   2000 | α=1e-05 | Loss: 2.1765e-05 | BC: 1.1537e-06 | PDE: 2.0612e+00 | Val: 5.2703e-07 | Test: 1.0584e-06 |  *
Epoch   3/40 | Steps:   3000 | α=1e-05 | Loss: 3.0875e-05 | BC: 1.1835e-06 | PDE: 2.9691e+00 | Val: 4.7049e-07 | Test: 1.0302e-06 |  *
Epoch   4/40 | Steps:   4000 | α=1e-05 | Loss: 2.4357e-05 | BC: 1.1901e-06 | PDE: 2.3167e+00 | Val: 1.1323e-06 | Test: 1.3232e-06 | 
Epoch   5/40 | Steps:   5000 | α=1e-05 | Loss: 2.1952e-05 | BC: 1.1834e-06 | PDE: 2.0769e+00 | Val: 7.0796e-07 | Test: 1.1106e-06 | 
Epoch   6/40 | Steps:   6000 | α=1e-05 | Loss: 2.3783e-05 | BC: 1.2429e-06 | PDE: 2.2540e+00 | Val: 5.3385e-06 | Test: 5.0331e-06 | 
Epoch   7/40 | Steps:   7000 | α=1e-05 | Loss: 3.0904e-05 | BC: 1.2402e-06 | PDE: 2.9663e+00 | Val: 7.8997e-07 | Test: 1.2493e-06 | 
Epoch   8/40 | Steps:   8000 | α=1e-05 | Loss: 3.6206e-05 | BC: 1.6525e-06 | PDE: 3.4553e+00 | Val: 1.1030e-06 | Test: 1.2461e-06 | 
Epoch   9/40 | Steps:   9000 | α=1e-05 | Loss: 2.0139e-05 | BC: 8.5785e-07 | PDE: 1.9281e+00 | Val: 5.3050e-07 | Test: 9.5438e-07 | 
Epoch  10/40 | Steps:  10000 | α=1e-05 | Loss: 1.9439e-05 | BC: 1.0933e-06 | PDE: 1.8345e+00 | Val: 8.8192e-07 | Test: 1.4727e-06 | 
Epoch  11/40 | Steps:  11000 | α=1e-05 | Loss: 2.1588e-05 | BC: 1.1825e-06 | PDE: 2.0406e+00 | Val: 6.0408e-07 | Test: 9.9352e-07 | 
Epoch  12/40 | Steps:  12000 | α=1e-05 | Loss: 2.2850e-05 | BC: 1.4391e-06 | PDE: 2.1411e+00 | Val: 1.4845e-06 | Test: 1.5186e-06 | 
Epoch  13/40 | Steps:  13000 | α=1e-05 | Loss: 1.6641e-05 | BC: 1.0760e-06 | PDE: 1.5565e+00 | Val: 3.6732e-06 | Test: 2.8344e-06 | 
Epoch  14/40 | Steps:  14000 | α=1e-05 | Loss: 2.3317e-05 | BC: 1.3885e-06 | PDE: 2.1928e+00 | Val: 2.1261e-06 | Test: 2.3856e-06 | 
Epoch  15/40 | Steps:  15000 | α=1e-05 | Loss: 2.1815e-05 | BC: 1.1851e-06 | PDE: 2.0630e+00 | Val: 4.4541e-07 | Test: 9.2679e-07 |  *
Epoch  16/40 | Steps:  16000 | α=1e-05 | Loss: 1.7727e-05 | BC: 7.9515e-07 | PDE: 1.6931e+00 | Val: 5.6194e-07 | Test: 1.1538e-06 | 
Epoch  17/40 | Steps:  17000 | α=1e-05 | Loss: 1.6403e-05 | BC: 1.0845e-06 | PDE: 1.5318e+00 | Val: 4.8146e-07 | Test: 1.0245e-06 | 
Epoch  18/40 | Steps:  18000 | α=1e-05 | Loss: 2.5031e-05 | BC: 1.4709e-06 | PDE: 2.3560e+00 | Val: 4.6362e-06 | Test: 3.4788e-06 | 
Epoch  19/40 | Steps:  19000 | α=1e-05 | Loss: 1.8789e-05 | BC: 1.0381e-06 | PDE: 1.7751e+00 | Val: 2.8003e-06 | Test: 2.2240e-06 | 
Epoch  20/40 | Steps:  20000 | α=1e-05 | Loss: 1.9485e-05 | BC: 1.0539e-06 | PDE: 1.8431e+00 | Val: 4.8180e-07 | Test: 1.0036e-06 | 
Epoch  21/40 | Steps:  21000 | α=1e-05 | Loss: 2.4351e-05 | BC: 1.1598e-06 | PDE: 2.3191e+00 | Val: 4.6820e-07 | Test: 9.6661e-07 | 
Epoch  22/40 | Steps:  22000 | α=1e-05 | Loss: 2.0499e-05 | BC: 9.6948e-07 | PDE: 1.9530e+00 | Val: 5.6914e-07 | Test: 1.0140e-06 | 
Epoch  23/40 | Steps:  23000 | α=1e-05 | Loss: 1.9421e-05 | BC: 1.1229e-06 | PDE: 1.8298e+00 | Val: 2.9252e-06 | Test: 2.7966e-06 | 
Epoch  24/40 | Steps:  24000 | α=1e-05 | Loss: 2.1536e-05 | BC: 1.0398e-06 | PDE: 2.0496e+00 | Val: 4.3560e-07 | Test: 1.0182e-06 |  *
Epoch  25/40 | Steps:  25000 | α=1e-05 | Loss: 1.9847e-05 | BC: 1.1570e-06 | PDE: 1.8690e+00 | Val: 7.6607e-07 | Test: 1.1268e-06 | 
Epoch  26/40 | Steps:  26000 | α=1e-05 | Loss: 2.1561e-05 | BC: 1.2684e-06 | PDE: 2.0292e+00 | Val: 4.3171e-07 | Test: 9.2781e-07 |  *
Epoch  27/40 | Steps:  27000 | α=1e-05 | Loss: 1.9887e-05 | BC: 7.4493e-07 | PDE: 1.9142e+00 | Val: 1.1868e-06 | Test: 1.6709e-06 | 
Epoch  28/40 | Steps:  28000 | α=1e-05 | Loss: 1.9762e-05 | BC: 9.4532e-07 | PDE: 1.8816e+00 | Val: 1.8458e-06 | Test: 2.0116e-06 | 
Epoch  29/40 | Steps:  29000 | α=1e-05 | Loss: 2.9619e-05 | BC: 1.4266e-06 | PDE: 2.8192e+00 | Val: 6.0307e-06 | Test: 4.5284e-06 | 
Epoch  30/40 | Steps:  30000 | α=1e-05 | Loss: 2.0734e-05 | BC: 1.0628e-06 | PDE: 1.9672e+00 | Val: 5.0171e-07 | Test: 1.0344e-06 | 
Epoch  31/40 | Steps:  31000 | α=1e-05 | Loss: 1.9357e-05 | BC: 1.2514e-06 | PDE: 1.8106e+00 | Val: 6.5448e-07 | Test: 1.1159e-06 | 
Epoch  32/40 | Steps:  32000 | α=1e-05 | Loss: 1.9122e-05 | BC: 1.1835e-06 | PDE: 1.7939e+00 | Val: 1.2864e-06 | Test: 1.5462e-06 | 
Epoch  33/40 | Steps:  33000 | α=1e-05 | Loss: 1.6158e-05 | BC: 1.0436e-06 | PDE: 1.5115e+00 | Val: 5.1369e-07 | Test: 1.0767e-06 | 
Epoch  34/40 | Steps:  34000 | α=1e-05 | Loss: 2.5123e-05 | BC: 1.1069e-06 | PDE: 2.4016e+00 | Val: 3.8616e-07 | Test: 9.6285e-07 |  *
Epoch  35/40 | Steps:  35000 | α=1e-05 | Loss: 2.2580e-05 | BC: 1.0422e-06 | PDE: 2.1538e+00 | Val: 5.8389e-07 | Test: 1.0694e-06 | 
Epoch  36/40 | Steps:  36000 | α=1e-05 | Loss: 2.0858e-05 | BC: 1.1183e-06 | PDE: 1.9739e+00 | Val: 4.9078e-07 | Test: 1.0359e-06 | 
Epoch  37/40 | Steps:  37000 | α=1e-05 | Loss: 2.1926e-05 | BC: 9.2657e-07 | PDE: 2.1000e+00 | Val: 5.2699e-07 | Test: 1.0352e-06 | 
Epoch  38/40 | Steps:  38000 | α=1e-05 | Loss: 2.4505e-05 | BC: 1.0528e-06 | PDE: 2.3452e+00 | Val: 5.3601e-07 | Test: 1.0164e-06 | 
Epoch  39/40 | Steps:  39000 | α=1e-05 | Loss: 1.8139e-05 | BC: 9.7958e-07 | PDE: 1.7160e+00 | Val: 1.6366e-06 | Test: 1.9532e-06 | 
Epoch  40/40 | Steps:  40000 | α=1e-05 | Loss: 1.6211e-05 | BC: 1.0493e-06 | PDE: 1.5161e+00 | Val: 8.9938e-07 | Test: 1.1504e-06 | 

Restored best model from epoch 34 (val_loss: 3.8616e-07, test_loss: 9.6285e-07)
Best checkpoint saved to: outputs/expr_6_3_iter/p600to1000_square/more_epochs/checkpoints/best_model.pt
Final checkpoint saved to: outputs/expr_6_3_iter/p600to1000_square/more_epochs/checkpoints/final_model.pt
Training completed in 337.19s (40,000 total steps)
  Stage 1 (p=600) PDE diagnostics:
    p-Lap (p=600) raw:        inf
    p-Lap (p=600) normalized: 1.8507e-03
    Inf-Lap raw:              7.6579e-04
    Inf-Lap normalized:       2.0812e-03

============================================================
Stage 2/5: Training with p=700
============================================================

Training configuration:
  Boundary points (train): 32,000 -> 80 batches of 400
  Interior points (train): 1,000,000 -> 1000 batches of 1000
  Interior sampling: RE-SAMPLE each epoch
  Boundary points (val): 8,000
  Validation loss: BC only
  Steps per epoch: 1,000
  Total steps: 40,000
  Epochs: 40
  Loss balancing: FixedAlphaSchedule
  LR scheduler: None (constant LR=1.0e-05)

Epoch   1/40 | Steps:   1000 | α=1e-05 | Loss: 2.3627e-05 | BC: 1.1929e-06 | PDE: 2.2434e+00 | Val: 1.1304e-06 | Test: 1.1752e-06 |  *
Epoch   2/40 | Steps:   2000 | α=1e-05 | Loss: 3.4559e-05 | BC: 1.3868e-06 | PDE: 3.3173e+00 | Val: 1.0614e-06 | Test: 1.2701e-06 |  *
Epoch   3/40 | Steps:   3000 | α=1e-05 | Loss: 2.8263e-05 | BC: 1.1505e-06 | PDE: 2.7112e+00 | Val: 1.3220e-06 | Test: 1.5652e-06 | 
Epoch   4/40 | Steps:   4000 | α=1e-05 | Loss: 3.1582e-05 | BC: 1.8145e-06 | PDE: 2.9768e+00 | Val: 5.3954e-07 | Test: 9.9273e-07 |  *
Epoch   5/40 | Steps:   5000 | α=1e-05 | Loss: 1.9136e-05 | BC: 9.8670e-07 | PDE: 1.8150e+00 | Val: 1.0830e-06 | Test: 1.2471e-06 | 
Epoch   6/40 | Steps:   6000 | α=1e-05 | Loss: 3.3297e-05 | BC: 1.8027e-06 | PDE: 3.1494e+00 | Val: 8.5681e-07 | Test: 1.0990e-06 | 
Epoch   7/40 | Steps:   7000 | α=1e-05 | Loss: 2.8725e-05 | BC: 1.3973e-06 | PDE: 2.7328e+00 | Val: 4.0344e-07 | Test: 8.8331e-07 |  *
Epoch   8/40 | Steps:   8000 | α=1e-05 | Loss: 3.9638e-05 | BC: 1.2484e-06 | PDE: 3.8390e+00 | Val: 1.9445e-06 | Test: 1.8858e-06 | 
Epoch   9/40 | Steps:   9000 | α=1e-05 | Loss: 3.1054e-05 | BC: 1.2361e-06 | PDE: 2.9818e+00 | Val: 1.7708e-06 | Test: 1.8705e-06 | 
Epoch  10/40 | Steps:  10000 | α=1e-05 | Loss: 3.0116e-05 | BC: 1.0660e-06 | PDE: 2.9050e+00 | Val: 5.7870e-07 | Test: 9.5988e-07 | 
Epoch  11/40 | Steps:  11000 | α=1e-05 | Loss: 3.3980e-05 | BC: 1.2736e-06 | PDE: 3.2706e+00 | Val: 1.3673e-06 | Test: 1.5625e-06 | 
Epoch  12/40 | Steps:  12000 | α=1e-05 | Loss: 2.2511e-05 | BC: 9.0751e-07 | PDE: 2.1604e+00 | Val: 5.4283e-06 | Test: 4.2494e-06 | 
Epoch  13/40 | Steps:  13000 | α=1e-05 | Loss: 3.0839e-05 | BC: 1.5484e-06 | PDE: 2.9291e+00 | Val: 5.2740e-06 | Test: 4.1398e-06 | 
Epoch  14/40 | Steps:  14000 | α=1e-05 | Loss: 3.1480e-05 | BC: 1.6421e-06 | PDE: 2.9838e+00 | Val: 5.4547e-07 | Test: 1.0042e-06 | 
Epoch  15/40 | Steps:  15000 | α=1e-05 | Loss: 2.1622e-05 | BC: 1.0095e-06 | PDE: 2.0612e+00 | Val: 5.1483e-07 | Test: 8.5988e-07 | 
Epoch  16/40 | Steps:  16000 | α=1e-05 | Loss: 2.3376e-05 | BC: 8.2640e-07 | PDE: 2.2549e+00 | Val: 4.7375e-06 | Test: 3.8530e-06 | 
Epoch  17/40 | Steps:  17000 | α=1e-05 | Loss: 2.4222e-05 | BC: 9.9862e-07 | PDE: 2.3224e+00 | Val: 5.9028e-07 | Test: 1.0200e-06 | 
Epoch  18/40 | Steps:  18000 | α=1e-05 | Loss: 2.8775e-05 | BC: 1.1806e-06 | PDE: 2.7595e+00 | Val: 4.4501e-07 | Test: 9.6348e-07 | 
Epoch  19/40 | Steps:  19000 | α=1e-05 | Loss: 2.4190e-05 | BC: 8.2744e-07 | PDE: 2.3363e+00 | Val: 6.5666e-07 | Test: 1.0849e-06 | 
Epoch  20/40 | Steps:  20000 | α=1e-05 | Loss: 2.5955e-05 | BC: 1.2374e-06 | PDE: 2.4717e+00 | Val: 8.8272e-07 | Test: 1.1944e-06 | 
Epoch  21/40 | Steps:  21000 | α=1e-05 | Loss: 2.5606e-05 | BC: 8.3300e-07 | PDE: 2.4773e+00 | Val: 8.2765e-07 | Test: 1.2341e-06 | 
Epoch  22/40 | Steps:  22000 | α=1e-05 | Loss: 2.3353e-05 | BC: 1.2999e-06 | PDE: 2.2053e+00 | Val: 1.4120e-06 | Test: 1.8172e-06 | 
Epoch  23/40 | Steps:  23000 | α=1e-05 | Loss: 2.1181e-05 | BC: 1.2680e-06 | PDE: 1.9913e+00 | Val: 3.6083e-06 | Test: 2.4057e-06 | 
Epoch  24/40 | Steps:  24000 | α=1e-05 | Loss: 2.0465e-05 | BC: 1.0658e-06 | PDE: 1.9399e+00 | Val: 6.4655e-07 | Test: 1.2080e-06 | 
Epoch  25/40 | Steps:  25000 | α=1e-05 | Loss: 3.2068e-05 | BC: 1.2014e-06 | PDE: 3.0866e+00 | Val: 1.9363e-06 | Test: 1.7923e-06 | 
Epoch  26/40 | Steps:  26000 | α=1e-05 | Loss: 3.0804e-05 | BC: 1.3640e-06 | PDE: 2.9440e+00 | Val: 7.3227e-07 | Test: 1.1731e-06 | 
Epoch  27/40 | Steps:  27000 | α=1e-05 | Loss: 2.4317e-05 | BC: 9.5374e-07 | PDE: 2.3364e+00 | Val: 7.4442e-07 | Test: 1.1512e-06 | 
Epoch  28/40 | Steps:  28000 | α=1e-05 | Loss: 3.3740e-05 | BC: 1.2109e-06 | PDE: 3.2529e+00 | Val: 3.9263e-07 | Test: 8.8760e-07 |  *
Epoch  29/40 | Steps:  29000 | α=1e-05 | Loss: 2.3426e-05 | BC: 8.9057e-07 | PDE: 2.2535e+00 | Val: 6.6188e-07 | Test: 1.0370e-06 | 
Epoch  30/40 | Steps:  30000 | α=1e-05 | Loss: 3.0881e-05 | BC: 1.4505e-06 | PDE: 2.9431e+00 | Val: 6.6648e-07 | Test: 1.1463e-06 | 
Epoch  31/40 | Steps:  31000 | α=1e-05 | Loss: 3.3324e-05 | BC: 1.2984e-06 | PDE: 3.2026e+00 | Val: 2.1654e-06 | Test: 2.1704e-06 | 
Epoch  32/40 | Steps:  32000 | α=1e-05 | Loss: 2.4971e-05 | BC: 1.0492e-06 | PDE: 2.3922e+00 | Val: 4.2300e-07 | Test: 8.9034e-07 | 
Epoch  33/40 | Steps:  33000 | α=1e-05 | Loss: 3.0200e-05 | BC: 1.1860e-06 | PDE: 2.9014e+00 | Val: 4.6163e-07 | Test: 1.0247e-06 | 
Epoch  34/40 | Steps:  34000 | α=1e-05 | Loss: 3.1261e-05 | BC: 1.2290e-06 | PDE: 3.0032e+00 | Val: 4.2983e-07 | Test: 9.1622e-07 | 
Epoch  35/40 | Steps:  35000 | α=1e-05 | Loss: 2.5139e-05 | BC: 1.1193e-06 | PDE: 2.4020e+00 | Val: 5.4557e-07 | Test: 9.1029e-07 | 
Epoch  36/40 | Steps:  36000 | α=1e-05 | Loss: 2.5715e-05 | BC: 8.6840e-07 | PDE: 2.4847e+00 | Val: 1.0347e-06 | Test: 1.2786e-06 | 
Epoch  37/40 | Steps:  37000 | α=1e-05 | Loss: 2.3879e-05 | BC: 1.0043e-06 | PDE: 2.2875e+00 | Val: 5.3225e-07 | Test: 9.2374e-07 | 
Epoch  38/40 | Steps:  38000 | α=1e-05 | Loss: 2.2867e-05 | BC: 1.2628e-06 | PDE: 2.1604e+00 | Val: 4.7197e-07 | Test: 9.8943e-07 | 
Epoch  39/40 | Steps:  39000 | α=1e-05 | Loss: 2.7203e-05 | BC: 1.2784e-06 | PDE: 2.5924e+00 | Val: 4.7721e-07 | Test: 9.6975e-07 | 
Epoch  40/40 | Steps:  40000 | α=1e-05 | Loss: 2.9707e-05 | BC: 1.3414e-06 | PDE: 2.8366e+00 | Val: 6.7615e-07 | Test: 9.8180e-07 | 

Restored best model from epoch 28 (val_loss: 3.9263e-07, test_loss: 8.8760e-07)
Best checkpoint saved to: outputs/expr_6_3_iter/p600to1000_square/more_epochs/checkpoints/best_model.pt
Final checkpoint saved to: outputs/expr_6_3_iter/p600to1000_square/more_epochs/checkpoints/final_model.pt
Training completed in 340.67s (40,000 total steps)
  Stage 2 (p=700) PDE diagnostics:
    p-Lap (p=700) raw:        inf
    p-Lap (p=700) normalized: 1.6470e-03
    Inf-Lap raw:              6.5194e-04
    Inf-Lap normalized:       1.8252e-03

============================================================
Stage 3/5: Training with p=800
============================================================

Training configuration:
  Boundary points (train): 32,000 -> 80 batches of 400
  Interior points (train): 1,000,000 -> 1000 batches of 1000
  Interior sampling: RE-SAMPLE each epoch
  Boundary points (val): 8,000
  Validation loss: BC only
  Steps per epoch: 1,000
  Total steps: 40,000
  Epochs: 40
  Loss balancing: FixedAlphaSchedule
  LR scheduler: None (constant LR=1.0e-05)

Epoch   1/40 | Steps:   1000 | α=1e-05 | Loss: 3.4886e-05 | BC: 1.1678e-06 | PDE: 3.3718e+00 | Val: 4.1581e-06 | Test: 3.6969e-06 |  *
Epoch   2/40 | Steps:   2000 | α=1e-05 | Loss: 5.5886e-05 | BC: 1.2588e-06 | PDE: 5.4628e+00 | Val: 7.9466e-07 | Test: 1.2289e-06 |  *
Epoch   3/40 | Steps:   3000 | α=1e-05 | Loss: 3.5864e-05 | BC: 1.2665e-06 | PDE: 3.4597e+00 | Val: 1.9926e-06 | Test: 1.6982e-06 | 
Epoch   4/40 | Steps:   4000 | α=1e-05 | Loss: 3.7416e-05 | BC: 1.1061e-06 | PDE: 3.6310e+00 | Val: 5.2210e-07 | Test: 9.0424e-07 |  *
Epoch   5/40 | Steps:   5000 | α=1e-05 | Loss: 4.6722e-05 | BC: 1.1589e-06 | PDE: 4.5563e+00 | Val: 6.2137e-07 | Test: 1.0825e-06 | 
Epoch   6/40 | Steps:   6000 | α=1e-05 | Loss: 2.8851e-05 | BC: 1.3360e-06 | PDE: 2.7515e+00 | Val: 6.9849e-07 | Test: 9.3613e-07 | 
Epoch   7/40 | Steps:   7000 | α=1e-05 | Loss: 3.5724e-05 | BC: 1.2176e-06 | PDE: 3.4507e+00 | Val: 1.5914e-06 | Test: 1.7894e-06 | 
Epoch   8/40 | Steps:   8000 | α=1e-05 | Loss: 3.0102e-05 | BC: 1.0976e-06 | PDE: 2.9004e+00 | Val: 1.0130e-06 | Test: 1.2463e-06 | 
Epoch   9/40 | Steps:   9000 | α=1e-05 | Loss: 3.6459e-05 | BC: 1.2631e-06 | PDE: 3.5196e+00 | Val: 4.3396e-07 | Test: 9.5716e-07 |  *
Epoch  10/40 | Steps:  10000 | α=1e-05 | Loss: 4.3209e-05 | BC: 1.4548e-06 | PDE: 4.1754e+00 | Val: 7.8286e-06 | Test: 6.6284e-06 | 
Epoch  11/40 | Steps:  11000 | α=1e-05 | Loss: 3.2704e-05 | BC: 1.3530e-06 | PDE: 3.1351e+00 | Val: 6.5989e-07 | Test: 1.1263e-06 | 
Epoch  12/40 | Steps:  12000 | α=1e-05 | Loss: 3.7733e-05 | BC: 1.0206e-06 | PDE: 3.6713e+00 | Val: 5.9132e-07 | Test: 1.0651e-06 | 
Epoch  13/40 | Steps:  13000 | α=1e-05 | Loss: 3.9036e-05 | BC: 1.3529e-06 | PDE: 3.7683e+00 | Val: 4.0064e-06 | Test: 2.9480e-06 | 
Epoch  14/40 | Steps:  14000 | α=1e-05 | Loss: 3.4632e-05 | BC: 1.4256e-06 | PDE: 3.3207e+00 | Val: 1.8502e-06 | Test: 1.7454e-06 | 
Epoch  15/40 | Steps:  15000 | α=1e-05 | Loss: 4.5066e-05 | BC: 1.6125e-06 | PDE: 4.3453e+00 | Val: 7.7010e-07 | Test: 1.0327e-06 | 
Epoch  16/40 | Steps:  16000 | α=1e-05 | Loss: 3.7026e-05 | BC: 1.4680e-06 | PDE: 3.5558e+00 | Val: 5.5152e-07 | Test: 1.0253e-06 | 
Epoch  17/40 | Steps:  17000 | α=1e-05 | Loss: 3.2315e-05 | BC: 1.2112e-06 | PDE: 3.1104e+00 | Val: 7.3278e-07 | Test: 1.2555e-06 | 
Epoch  18/40 | Steps:  18000 | α=1e-05 | Loss: 3.2507e-05 | BC: 9.9273e-07 | PDE: 3.1514e+00 | Val: 4.7596e-07 | Test: 9.3499e-07 | 
Epoch  19/40 | Steps:  19000 | α=1e-05 | Loss: 3.4081e-05 | BC: 1.1496e-06 | PDE: 3.2931e+00 | Val: 7.9996e-07 | Test: 1.1572e-06 | 
Epoch  20/40 | Steps:  20000 | α=1e-05 | Loss: 4.2476e-05 | BC: 1.3280e-06 | PDE: 4.1148e+00 | Val: 1.6200e-06 | Test: 1.8366e-06 | 
Epoch  21/40 | Steps:  21000 | α=1e-05 | Loss: 4.7711e-05 | BC: 1.3411e-06 | PDE: 4.6370e+00 | Val: 5.1294e-07 | Test: 1.0141e-06 | 
Epoch  22/40 | Steps:  22000 | α=1e-05 | Loss: 3.4928e-05 | BC: 1.1692e-06 | PDE: 3.3759e+00 | Val: 1.6617e-06 | Test: 1.7884e-06 | 
Epoch  23/40 | Steps:  23000 | α=1e-05 | Loss: 3.0835e-05 | BC: 1.1709e-06 | PDE: 2.9664e+00 | Val: 4.3787e-07 | Test: 9.2724e-07 | 
Epoch  24/40 | Steps:  24000 | α=1e-05 | Loss: 3.6977e-05 | BC: 1.2733e-06 | PDE: 3.5704e+00 | Val: 2.7904e-06 | Test: 2.2460e-06 | 
Epoch  25/40 | Steps:  25000 | α=1e-05 | Loss: 3.9892e-05 | BC: 1.0932e-06 | PDE: 3.8798e+00 | Val: 8.3452e-06 | Test: 7.0108e-06 | 
Epoch  26/40 | Steps:  26000 | α=1e-05 | Loss: 4.0013e-05 | BC: 1.3468e-06 | PDE: 3.8666e+00 | Val: 6.5609e-07 | Test: 1.0178e-06 | 
Epoch  27/40 | Steps:  27000 | α=1e-05 | Loss: 2.9987e-05 | BC: 1.0105e-06 | PDE: 2.8976e+00 | Val: 1.5510e-06 | Test: 1.7764e-06 | 
Epoch  28/40 | Steps:  28000 | α=1e-05 | Loss: 3.8721e-05 | BC: 1.6190e-06 | PDE: 3.7102e+00 | Val: 2.2536e-06 | Test: 2.5195e-06 | 
Epoch  29/40 | Steps:  29000 | α=1e-05 | Loss: 4.1733e-05 | BC: 1.1759e-06 | PDE: 4.0557e+00 | Val: 3.9893e-07 | Test: 9.0461e-07 |  *
Epoch  30/40 | Steps:  30000 | α=1e-05 | Loss: 3.7950e-05 | BC: 1.4192e-06 | PDE: 3.6530e+00 | Val: 1.0134e-06 | Test: 1.4142e-06 | 
Epoch  31/40 | Steps:  31000 | α=1e-05 | Loss: 3.1866e-05 | BC: 1.2645e-06 | PDE: 3.0602e+00 | Val: 6.2495e-07 | Test: 9.6395e-07 | 
Epoch  32/40 | Steps:  32000 | α=1e-05 | Loss: 2.5187e-05 | BC: 8.8265e-07 | PDE: 2.4305e+00 | Val: 9.8229e-07 | Test: 1.2727e-06 | 
Epoch  33/40 | Steps:  33000 | α=1e-05 | Loss: 4.6318e-05 | BC: 1.5577e-06 | PDE: 4.4760e+00 | Val: 1.2743e-06 | Test: 1.5952e-06 | 
Epoch  34/40 | Steps:  34000 | α=1e-05 | Loss: 3.0610e-05 | BC: 1.3354e-06 | PDE: 2.9275e+00 | Val: 5.2984e-07 | Test: 1.0764e-06 | 
Epoch  35/40 | Steps:  35000 | α=1e-05 | Loss: 4.2436e-05 | BC: 1.5159e-06 | PDE: 4.0920e+00 | Val: 1.0095e-06 | Test: 1.3846e-06 | 
Epoch  36/40 | Steps:  36000 | α=1e-05 | Loss: 2.8896e-05 | BC: 9.0285e-07 | PDE: 2.7993e+00 | Val: 7.0598e-06 | Test: 6.0364e-06 | 
Epoch  37/40 | Steps:  37000 | α=1e-05 | Loss: 3.3570e-05 | BC: 1.3541e-06 | PDE: 3.2216e+00 | Val: 4.1835e-07 | Test: 9.1268e-07 | 
Epoch  38/40 | Steps:  38000 | α=1e-05 | Loss: 4.6684e-05 | BC: 1.5903e-06 | PDE: 4.5094e+00 | Val: 8.1717e-07 | Test: 1.2022e-06 | 
Epoch  39/40 | Steps:  39000 | α=1e-05 | Loss: 2.5203e-05 | BC: 9.3238e-07 | PDE: 2.4270e+00 | Val: 2.7509e-06 | Test: 2.5381e-06 | 
Epoch  40/40 | Steps:  40000 | α=1e-05 | Loss: 3.4970e-05 | BC: 1.1507e-06 | PDE: 3.3819e+00 | Val: 6.3846e-06 | Test: 5.8065e-06 | 

Restored best model from epoch 29 (val_loss: 3.9893e-07, test_loss: 9.0461e-07)
Best checkpoint saved to: outputs/expr_6_3_iter/p600to1000_square/more_epochs/checkpoints/best_model.pt
Final checkpoint saved to: outputs/expr_6_3_iter/p600to1000_square/more_epochs/checkpoints/final_model.pt
Training completed in 327.71s (40,000 total steps)
  Stage 3 (p=800) PDE diagnostics:
    p-Lap (p=800) raw:        inf
    p-Lap (p=800) normalized: 1.4335e-03
    Inf-Lap raw:              6.1160e-04
    Inf-Lap normalized:       1.5852e-03

============================================================
Stage 4/5: Training with p=900
============================================================

Training configuration:
  Boundary points (train): 32,000 -> 80 batches of 400
  Interior points (train): 1,000,000 -> 1000 batches of 1000
  Interior sampling: RE-SAMPLE each epoch
  Boundary points (val): 8,000
  Validation loss: BC only
  Steps per epoch: 1,000
  Total steps: 40,000
  Epochs: 40
  Loss balancing: FixedAlphaSchedule
  LR scheduler: None (constant LR=1.0e-05)

Epoch   1/40 | Steps:   1000 | α=1e-05 | Loss: 4.0680e-05 | BC: 1.3059e-06 | PDE: 3.9374e+00 | Val: 6.5137e-07 | Test: 1.1463e-06 |  *
Epoch   2/40 | Steps:   2000 | α=1e-05 | Loss: 5.2044e-05 | BC: 1.1505e-06 | PDE: 5.0894e+00 | Val: 7.4403e-07 | Test: 1.0102e-06 | 
Epoch   3/40 | Steps:   3000 | α=1e-05 | Loss: 4.4556e-05 | BC: 1.0611e-06 | PDE: 4.3495e+00 | Val: 7.5355e-07 | Test: 1.0315e-06 | 
Epoch   4/40 | Steps:   4000 | α=1e-05 | Loss: 4.4501e-05 | BC: 1.7251e-06 | PDE: 4.2776e+00 | Val: 5.9204e-07 | Test: 9.9600e-07 |  *
Epoch   5/40 | Steps:   5000 | α=1e-05 | Loss: 5.3759e-05 | BC: 2.1526e-06 | PDE: 5.1606e+00 | Val: 5.7481e-07 | Test: 9.7118e-07 |  *
Epoch   6/40 | Steps:   6000 | α=1e-05 | Loss: 4.2347e-05 | BC: 1.4844e-06 | PDE: 4.0863e+00 | Val: 4.5843e-06 | Test: 3.5562e-06 | 
Epoch   7/40 | Steps:   7000 | α=1e-05 | Loss: 3.9880e-05 | BC: 1.0324e-06 | PDE: 3.8847e+00 | Val: 7.4545e-07 | Test: 1.0221e-06 | 
Epoch   8/40 | Steps:   8000 | α=1e-05 | Loss: 5.2030e-05 | BC: 1.5106e-06 | PDE: 5.0519e+00 | Val: 1.3087e-06 | Test: 1.5350e-06 | 
Epoch   9/40 | Steps:   9000 | α=1e-05 | Loss: 2.9584e-05 | BC: 1.0243e-06 | PDE: 2.8560e+00 | Val: 4.3502e-07 | Test: 9.5083e-07 |  *
Epoch  10/40 | Steps:  10000 | α=1e-05 | Loss: 4.5911e-05 | BC: 1.4431e-06 | PDE: 4.4468e+00 | Val: 1.0054e-06 | Test: 1.2882e-06 | 
Epoch  11/40 | Steps:  11000 | α=1e-05 | Loss: 4.1670e-05 | BC: 1.4006e-06 | PDE: 4.0270e+00 | Val: 2.7144e-06 | Test: 2.3677e-06 | 
Epoch  12/40 | Steps:  12000 | α=1e-05 | Loss: 5.5839e-05 | BC: 1.4723e-06 | PDE: 5.4367e+00 | Val: 9.8874e-07 | Test: 1.2881e-06 | 
Epoch  13/40 | Steps:  13000 | α=1e-05 | Loss: 4.3466e-05 | BC: 1.0822e-06 | PDE: 4.2384e+00 | Val: 1.9108e-06 | Test: 2.1078e-06 | 
Epoch  14/40 | Steps:  14000 | α=1e-05 | Loss: 5.1701e-05 | BC: 1.2566e-06 | PDE: 5.0444e+00 | Val: 5.2552e-07 | Test: 9.8688e-07 | 
Epoch  15/40 | Steps:  15000 | α=1e-05 | Loss: 3.8531e-05 | BC: 1.2040e-06 | PDE: 3.7327e+00 | Val: 7.8478e-07 | Test: 1.0605e-06 | 
Epoch  16/40 | Steps:  16000 | α=1e-05 | Loss: 3.9325e-05 | BC: 9.4960e-07 | PDE: 3.8376e+00 | Val: 6.1744e-07 | Test: 1.0776e-06 | 
Epoch  17/40 | Steps:  17000 | α=1e-05 | Loss: 5.5834e-05 | BC: 1.4953e-06 | PDE: 5.4339e+00 | Val: 5.8228e-07 | Test: 1.0225e-06 | 
Epoch  18/40 | Steps:  18000 | α=1e-05 | Loss: 5.3015e-05 | BC: 1.3023e-06 | PDE: 5.1712e+00 | Val: 9.7097e-07 | Test: 1.3180e-06 | 
Epoch  19/40 | Steps:  19000 | α=1e-05 | Loss: 3.3764e-05 | BC: 1.2476e-06 | PDE: 3.2517e+00 | Val: 8.3031e-07 | Test: 1.1658e-06 | 
Epoch  20/40 | Steps:  20000 | α=1e-05 | Loss: 3.1934e-05 | BC: 8.7378e-07 | PDE: 3.1060e+00 | Val: 1.6482e-06 | Test: 2.1024e-06 | 
Epoch  21/40 | Steps:  21000 | α=1e-05 | Loss: 5.0604e-05 | BC: 1.8159e-06 | PDE: 4.8788e+00 | Val: 1.8015e-06 | Test: 2.0574e-06 | 
Epoch  22/40 | Steps:  22000 | α=1e-05 | Loss: 4.0199e-05 | BC: 1.4666e-06 | PDE: 3.8733e+00 | Val: 1.6113e-06 | Test: 1.4170e-06 | 
Epoch  23/40 | Steps:  23000 | α=1e-05 | Loss: 5.0412e-05 | BC: 1.4897e-06 | PDE: 4.8922e+00 | Val: 9.1566e-07 | Test: 1.3383e-06 | 
Epoch  24/40 | Steps:  24000 | α=1e-05 | Loss: 4.2099e-05 | BC: 1.2296e-06 | PDE: 4.0870e+00 | Val: 7.6329e-07 | Test: 1.1071e-06 | 
Epoch  25/40 | Steps:  25000 | α=1e-05 | Loss: 3.2274e-05 | BC: 8.9554e-07 | PDE: 3.1378e+00 | Val: 6.0295e-06 | Test: 4.2952e-06 | 
Epoch  26/40 | Steps:  26000 | α=1e-05 | Loss: 4.5846e-05 | BC: 1.0599e-06 | PDE: 4.4787e+00 | Val: 5.4737e-07 | Test: 9.9808e-07 | 
Epoch  27/40 | Steps:  27000 | α=1e-05 | Loss: 5.5887e-05 | BC: 1.3569e-06 | PDE: 5.4530e+00 | Val: 9.7053e-07 | Test: 1.3342e-06 | 
Epoch  28/40 | Steps:  28000 | α=1e-05 | Loss: 3.7286e-05 | BC: 1.1275e-06 | PDE: 3.6158e+00 | Val: 4.9458e-07 | Test: 1.0006e-06 | 
Epoch  29/40 | Steps:  29000 | α=1e-05 | Loss: 3.7015e-05 | BC: 1.7505e-06 | PDE: 3.5265e+00 | Val: 2.8003e-06 | Test: 2.5625e-06 | 
Epoch  30/40 | Steps:  30000 | α=1e-05 | Loss: 3.6372e-05 | BC: 9.3181e-07 | PDE: 3.5440e+00 | Val: 6.5729e-07 | Test: 1.1120e-06 | 
Epoch  31/40 | Steps:  31000 | α=1e-05 | Loss: 4.0752e-05 | BC: 9.1812e-07 | PDE: 3.9834e+00 | Val: 2.1474e-06 | Test: 2.0164e-06 | 
Epoch  32/40 | Steps:  32000 | α=1e-05 | Loss: 4.6865e-05 | BC: 1.3941e-06 | PDE: 4.5470e+00 | Val: 4.4625e-07 | Test: 9.0601e-07 | 
Epoch  33/40 | Steps:  33000 | α=1e-05 | Loss: 4.6896e-05 | BC: 1.9051e-06 | PDE: 4.4991e+00 | Val: 9.6491e-07 | Test: 1.1035e-06 | 
Epoch  34/40 | Steps:  34000 | α=1e-05 | Loss: 3.4804e-05 | BC: 1.1869e-06 | PDE: 3.3617e+00 | Val: 7.1956e-07 | Test: 1.0670e-06 | 
Epoch  35/40 | Steps:  35000 | α=1e-05 | Loss: 4.0045e-05 | BC: 1.5238e-06 | PDE: 3.8521e+00 | Val: 7.0252e-07 | Test: 1.1249e-06 | 
Epoch  36/40 | Steps:  36000 | α=1e-05 | Loss: 5.1641e-05 | BC: 1.4865e-06 | PDE: 5.0154e+00 | Val: 1.2046e-06 | Test: 1.2422e-06 | 
Epoch  37/40 | Steps:  37000 | α=1e-05 | Loss: 5.1027e-05 | BC: 1.3235e-06 | PDE: 4.9704e+00 | Val: 1.0514e-06 | Test: 1.2104e-06 | 
Epoch  38/40 | Steps:  38000 | α=1e-05 | Loss: 4.5857e-05 | BC: 1.1250e-06 | PDE: 4.4732e+00 | Val: 7.6381e-07 | Test: 1.0781e-06 | 
Epoch  39/40 | Steps:  39000 | α=1e-05 | Loss: 4.2893e-05 | BC: 1.7522e-06 | PDE: 4.1141e+00 | Val: 5.2050e-07 | Test: 9.6414e-07 | 
Epoch  40/40 | Steps:  40000 | α=1e-05 | Loss: 3.3683e-05 | BC: 9.8184e-07 | PDE: 3.2701e+00 | Val: 6.4697e-07 | Test: 1.0427e-06 | 

Restored best model from epoch 9 (val_loss: 4.3502e-07, test_loss: 9.5083e-07)
Best checkpoint saved to: outputs/expr_6_3_iter/p600to1000_square/more_epochs/checkpoints/best_model.pt
Final checkpoint saved to: outputs/expr_6_3_iter/p600to1000_square/more_epochs/checkpoints/final_model.pt
Training completed in 347.91s (40,000 total steps)
  Stage 4 (p=900) PDE diagnostics:
    p-Lap (p=900) raw:        inf
    p-Lap (p=900) normalized: 1.2992e-03
    Inf-Lap raw:              5.8770e-04
    Inf-Lap normalized:       1.4289e-03

============================================================
Stage 5/5: Training with p=1000
============================================================

Training configuration:
  Boundary points (train): 32,000 -> 80 batches of 400
  Interior points (train): 1,000,000 -> 1000 batches of 1000
  Interior sampling: RE-SAMPLE each epoch
  Boundary points (val): 8,000
  Validation loss: BC only
  Steps per epoch: 1,000
  Total steps: 40,000
  Epochs: 40
  Loss balancing: FixedAlphaSchedule
  LR scheduler: None (constant LR=1.0e-05)

Epoch   1/40 | Steps:   1000 | α=1e-05 | Loss: 4.4369e-05 | BC: 9.1308e-07 | PDE: 4.3456e+00 | Val: 1.1463e-06 | Test: 1.3174e-06 |  *
Epoch   2/40 | Steps:   2000 | α=1e-05 | Loss: 7.0449e-05 | BC: 2.0041e-06 | PDE: 6.8445e+00 | Val: 7.2923e-07 | Test: 1.1407e-06 |  *
Epoch   3/40 | Steps:   3000 | α=1e-05 | Loss: 5.0621e-05 | BC: 1.4923e-06 | PDE: 4.9129e+00 | Val: 3.7159e-06 | Test: 3.1502e-06 | 
Epoch   4/40 | Steps:   4000 | α=1e-05 | Loss: 4.8709e-05 | BC: 1.2110e-06 | PDE: 4.7498e+00 | Val: 9.6773e-07 | Test: 1.3405e-06 | 
Epoch   5/40 | Steps:   5000 | α=1e-05 | Loss: 6.3415e-05 | BC: 1.6097e-06 | PDE: 6.1805e+00 | Val: 1.1627e-06 | Test: 1.3642e-06 | 
Epoch   6/40 | Steps:   6000 | α=1e-05 | Loss: 5.1054e-05 | BC: 9.9376e-07 | PDE: 5.0061e+00 | Val: 5.7238e-07 | Test: 9.1189e-07 |  *
Epoch   7/40 | Steps:   7000 | α=1e-05 | Loss: 5.9357e-05 | BC: 1.5165e-06 | PDE: 5.7840e+00 | Val: 1.0594e-06 | Test: 1.4059e-06 | 
Epoch   8/40 | Steps:   8000 | α=1e-05 | Loss: 4.6351e-05 | BC: 1.2396e-06 | PDE: 4.5111e+00 | Val: 2.0100e-06 | Test: 2.1579e-06 | 
Epoch   9/40 | Steps:   9000 | α=1e-05 | Loss: 4.9903e-05 | BC: 1.2456e-06 | PDE: 4.8658e+00 | Val: 1.2016e-06 | Test: 1.4862e-06 | 
Epoch  10/40 | Steps:  10000 | α=1e-05 | Loss: 4.6246e-05 | BC: 1.1088e-06 | PDE: 4.5137e+00 | Val: 1.0850e-06 | Test: 1.2232e-06 | 
Epoch  11/40 | Steps:  11000 | α=1e-05 | Loss: 5.9934e-05 | BC: 1.3512e-06 | PDE: 5.8582e+00 | Val: 5.5467e-07 | Test: 1.0337e-06 |  *
Epoch  12/40 | Steps:  12000 | α=1e-05 | Loss: 5.2862e-05 | BC: 1.1617e-06 | PDE: 5.1700e+00 | Val: 1.5989e-06 | Test: 1.7453e-06 | 
Epoch  13/40 | Steps:  13000 | α=1e-05 | Loss: 5.0754e-05 | BC: 1.1511e-06 | PDE: 4.9603e+00 | Val: 9.9747e-07 | Test: 1.2778e-06 | 
Epoch  14/40 | Steps:  14000 | α=1e-05 | Loss: 5.4408e-05 | BC: 1.6491e-06 | PDE: 5.2759e+00 | Val: 5.4834e-07 | Test: 1.0794e-06 |  *
Epoch  15/40 | Steps:  15000 | α=1e-05 | Loss: 5.3545e-05 | BC: 1.4456e-06 | PDE: 5.2099e+00 | Val: 4.3341e-07 | Test: 9.2373e-07 |  *
Epoch  16/40 | Steps:  16000 | α=1e-05 | Loss: 4.3675e-05 | BC: 1.0555e-06 | PDE: 4.2619e+00 | Val: 2.8501e-06 | Test: 2.2138e-06 | 
Epoch  17/40 | Steps:  17000 | α=1e-05 | Loss: 5.7513e-05 | BC: 1.4858e-06 | PDE: 5.6027e+00 | Val: 1.1602e-06 | Test: 1.2659e-06 | 
Epoch  18/40 | Steps:  18000 | α=1e-05 | Loss: 4.9467e-05 | BC: 1.1182e-06 | PDE: 4.8349e+00 | Val: 9.5209e-07 | Test: 1.3164e-06 | 
Epoch  19/40 | Steps:  19000 | α=1e-05 | Loss: 6.0829e-05 | BC: 1.5605e-06 | PDE: 5.9268e+00 | Val: 4.2669e-07 | Test: 9.3751e-07 |  *
Epoch  20/40 | Steps:  20000 | α=1e-05 | Loss: 5.0890e-05 | BC: 1.3006e-06 | PDE: 4.9590e+00 | Val: 4.5997e-06 | Test: 4.5643e-06 | 
Epoch  21/40 | Steps:  21000 | α=1e-05 | Loss: 5.0273e-05 | BC: 1.3678e-06 | PDE: 4.8905e+00 | Val: 1.3589e-06 | Test: 1.5631e-06 | 
Epoch  22/40 | Steps:  22000 | α=1e-05 | Loss: 5.2202e-05 | BC: 1.3695e-06 | PDE: 5.0833e+00 | Val: 9.1385e-07 | Test: 1.3354e-06 | 
Epoch  23/40 | Steps:  23000 | α=1e-05 | Loss: 4.6589e-05 | BC: 1.8342e-06 | PDE: 4.4755e+00 | Val: 7.2992e-07 | Test: 1.1770e-06 | 
Epoch  24/40 | Steps:  24000 | α=1e-05 | Loss: 4.8949e-05 | BC: 1.4661e-06 | PDE: 4.7483e+00 | Val: 2.9916e-06 | Test: 2.7082e-06 | 
Epoch  25/40 | Steps:  25000 | α=1e-05 | Loss: 5.6681e-05 | BC: 1.3529e-06 | PDE: 5.5328e+00 | Val: 5.4773e-07 | Test: 9.9937e-07 | 
Epoch  26/40 | Steps:  26000 | α=1e-05 | Loss: 3.7800e-05 | BC: 1.1489e-06 | PDE: 3.6651e+00 | Val: 6.5744e-07 | Test: 1.1228e-06 | 
Epoch  27/40 | Steps:  27000 | α=1e-05 | Loss: 5.0999e-05 | BC: 1.4627e-06 | PDE: 4.9536e+00 | Val: 1.1725e-06 | Test: 1.3874e-06 | 
Epoch  28/40 | Steps:  28000 | α=1e-05 | Loss: 4.8364e-05 | BC: 1.1410e-06 | PDE: 4.7223e+00 | Val: 1.0490e-06 | Test: 1.5297e-06 | 
Epoch  29/40 | Steps:  29000 | α=1e-05 | Loss: 4.0026e-05 | BC: 9.1315e-07 | PDE: 3.9113e+00 | Val: 4.6274e-07 | Test: 8.8923e-07 | 
Epoch  30/40 | Steps:  30000 | α=1e-05 | Loss: 4.6006e-05 | BC: 1.7306e-06 | PDE: 4.4276e+00 | Val: 5.2246e-07 | Test: 1.0449e-06 | 
Epoch  31/40 | Steps:  31000 | α=1e-05 | Loss: 5.3075e-05 | BC: 1.4950e-06 | PDE: 5.1580e+00 | Val: 1.1742e-05 | Test: 7.5460e-06 | 
Epoch  32/40 | Steps:  32000 | α=1e-05 | Loss: 5.8995e-05 | BC: 1.8596e-06 | PDE: 5.7136e+00 | Val: 8.7981e-07 | Test: 1.2413e-06 | 
Epoch  33/40 | Steps:  33000 | α=1e-05 | Loss: 4.7692e-05 | BC: 1.2659e-06 | PDE: 4.6426e+00 | Val: 6.4584e-07 | Test: 1.0868e-06 | 
Epoch  34/40 | Steps:  34000 | α=1e-05 | Loss: 5.0626e-05 | BC: 1.3895e-06 | PDE: 4.9236e+00 | Val: 7.6811e-07 | Test: 1.2284e-06 | 
Epoch  35/40 | Steps:  35000 | α=1e-05 | Loss: 4.6342e-05 | BC: 1.1350e-06 | PDE: 4.5207e+00 | Val: 1.5141e-06 | Test: 1.6948e-06 | 
Epoch  36/40 | Steps:  36000 | α=1e-05 | Loss: 5.3467e-05 | BC: 1.1531e-06 | PDE: 5.2314e+00 | Val: 8.4150e-07 | Test: 1.2233e-06 | 
Epoch  37/40 | Steps:  37000 | α=1e-05 | Loss: 4.6512e-05 | BC: 1.4211e-06 | PDE: 4.5091e+00 | Val: 1.2740e-06 | Test: 1.7364e-06 | 
Epoch  38/40 | Steps:  38000 | α=1e-05 | Loss: 5.1586e-05 | BC: 1.4843e-06 | PDE: 5.0102e+00 | Val: 1.5431e-06 | Test: 1.8794e-06 | 
Epoch  39/40 | Steps:  39000 | α=1e-05 | Loss: 4.4934e-05 | BC: 1.1415e-06 | PDE: 4.3792e+00 | Val: 5.5821e-07 | Test: 9.4219e-07 | 
Epoch  40/40 | Steps:  40000 | α=1e-05 | Loss: 5.8947e-05 | BC: 9.6395e-07 | PDE: 5.7983e+00 | Val: 3.4655e-06 | Test: 2.9738e-06 | 

Restored best model from epoch 19 (val_loss: 4.2669e-07, test_loss: 9.3751e-07)
Best checkpoint saved to: outputs/expr_6_3_iter/p600to1000_square/more_epochs/checkpoints/best_model.pt
Final checkpoint saved to: outputs/expr_6_3_iter/p600to1000_square/more_epochs/checkpoints/final_model.pt
Training completed in 338.34s (40,000 total steps)
  Stage 5 (p=1000) PDE diagnostics:
    p-Lap (p=1000) raw:        inf
    p-Lap (p=1000) normalized: 1.2365e-03
    Inf-Lap raw:              5.7824e-04
    Inf-Lap normalized:       1.3546e-03

Iterative training completed in 1691.82s
Total epochs: 200

Final Test MSE: 2.9738e-06
Inference (per point): 8.2984e-05s | (full domain): 7.6711e-05s
p-Lap (p=1000) PDE test (raw):        inf
p-Lap (p=1000) PDE test (normalized): 1.2365e-03
Inf-Lap PDE test (raw):                    5.7824e-04
Inf-Lap PDE test (normalized):             1.3546e-03
Saved .npz files to outputs/expr_6_3_iter/p600to1000_square/more_epochs/npy/
Saved plot to outputs/expr_6_3_iter/p600to1000_square/more_epochs/plots/results.png
