
============================================================
Dist-to-Boundary  —  Unit Sphere  (3-D)
============================================================
Device: cuda
  Loaded p=5: 1835008 points, mse: 2.636162e-02
  Loaded p=10: 1835008 points, mse: 6.484154e-03
  Loaded p=15: 1835008 points, mse: 2.865527e-03
  Loaded p=20: 1835008 points, mse: 1.609515e-03
  Loaded p=25: 1835008 points, mse: 1.030594e-03
  Loaded p=30: 1835008 points, mse: 7.168137e-04
  Loaded p=35: 1835008 points, mse: 5.278223e-04
  Loaded p=40: 1835008 points, mse: 4.052088e-04
  Loaded p=45: 1835008 points, mse: 3.211492e-04
  Loaded p=50: 1835008 points, mse: 2.610018e-04
  Loaded p=55: 1835008 points, mse: 2.164748e-04
  Loaded p=60: 1835008 points, mse: 1.825836e-04
  Loaded p=65: 1835008 points, mse: 1.561857e-04
  Loaded p=70: 1835008 points, mse: 1.352195e-04
  Loaded p=75: 1835008 points, mse: 1.182871e-04
  Loaded p=80: 1835008 points, mse: 1.044138e-04
  Loaded p=85: 1835008 points, mse: 9.290200e-05
  Loaded p=90: 1835008 points, mse: 8.324315e-05
  Loaded p=95: 1835008 points, mse: 7.505817e-05
  Loaded p=100: 1835008 points, mse: 6.806067e-05
  Loaded p=105: 1835008 points, mse: 6.203056e-05
  Loaded p=110: 1835008 points, mse: 5.679637e-05
  Loaded p=115: 1835008 points, mse: 5.222337e-05
  Loaded p=120: 1835008 points, mse: 4.820407e-05
  Loaded p=125: 1835008 points, mse: 4.465197e-05
  Loaded p=130: 1835008 points, mse: 4.149695e-05
  Loaded p=135: 1835008 points, mse: 3.868154e-05
  Loaded p=140: 1835008 points, mse: 3.615833e-05
  Loaded p=145: 1835008 points, mse: 3.388796e-05
  Loaded p=150: 1835008 points, mse: 3.183748e-05
  Loaded p=155: 1835008 points, mse: 2.997906e-05
  Loaded p=160: 1835008 points, mse: 2.828930e-05
  Loaded p=165: 1835008 points, mse: 2.674819e-05
  Loaded p=170: 1835008 points, mse: 2.533857e-05
  Loaded p=175: 1835008 points, mse: 2.404580e-05
  Loaded p=180: 1835008 points, mse: 2.285717e-05
  Loaded p=185: 1835008 points, mse: 2.176162e-05
  Loaded p=190: 1835008 points, mse: 2.074959e-05
  Loaded p=195: 1835008 points, mse: 1.981265e-05
  Loaded p=200: 1835008 points, mse: 1.894357e-05
Training data: X=(73400320, 4)  Y=(73400320, 1)
Model: trunk=[3, 512, 512, 512, 128]  branch=[1, 128, 128, 128, 128]  params=642,945
Scheduler: CosineAnnealingLR  T_max=20  eta_min=1e-06
Epoch --- Train Loss --- LR --- p150 --- p200 --- p250 --- p500
    0 --- 1.462884e-03 --- 1.00e-04 --- 3.792483e-05 --- 5.107840e-05 --- 1.008609e-04 --- 6.484543e-04
    1 --- 1.284644e-05 --- 9.94e-05 --- 2.242947e-05 --- 1.759204e-05 --- 1.688204e-05 --- 1.256077e-04
    2 --- 6.236680e-06 --- 9.76e-05 --- 1.445720e-05 --- 9.674978e-06 --- 7.898072e-06 --- 6.950912e-05
    3 --- 3.665465e-06 --- 9.46e-05 --- 1.807686e-05 --- 1.270208e-05 --- 1.083414e-05 --- 5.773049e-05
    4 --- 2.329523e-06 --- 9.05e-05 --- 9.437998e-06 --- 5.893733e-06 --- 5.065379e-06 --- 3.977424e-05
    5 --- 1.666012e-06 --- 8.55e-05 --- 6.312076e-06 --- 4.235436e-06 --- 3.670703e-06 --- 2.379880e-05
    6 --- 1.226083e-06 --- 7.96e-05 --- 1.370291e-05 --- 8.855996e-06 --- 6.949819e-06 --- 2.380982e-05
    7 --- 9.528442e-07 --- 7.30e-05 --- 9.043944e-06 --- 5.329791e-06 --- 3.841998e-06 --- 1.439743e-05
    8 --- 7.643928e-07 --- 6.58e-05 --- 9.873341e-06 --- 5.661157e-06 --- 3.833681e-06 --- 1.213686e-05
    9 --- 6.107901e-07 --- 5.82e-05 --- 1.196124e-05 --- 7.328953e-06 --- 5.429190e-06 --- 1.583311e-05
   10 --- 4.900532e-07 --- 5.05e-05 --- 1.157761e-05 --- 6.961862e-06 --- 4.977402e-06 --- 1.282835e-05
   11 --- 3.968884e-07 --- 4.28e-05 --- 1.477163e-05 --- 9.698804e-06 --- 7.479083e-06 --- 1.632978e-05
   12 --- 3.229235e-07 --- 3.52e-05 --- 8.105424e-06 --- 4.340978e-06 --- 2.787965e-06 --- 8.910351e-06
   13 --- 2.672649e-07 --- 2.80e-05 --- 1.247669e-05 --- 7.710139e-06 --- 5.676049e-06 --- 1.423615e-05
   14 --- 2.276386e-07 --- 2.14e-05 --- 1.061183e-05 --- 6.355720e-06 --- 4.590333e-06 --- 1.490153e-05
   15 --- 1.978552e-07 --- 1.55e-05 --- 1.130797e-05 --- 6.863494e-06 --- 5.177799e-06 --- 1.653106e-05
   16 --- 1.775540e-07 --- 1.05e-05 --- 1.040030e-05 --- 6.181248e-06 --- 4.677228e-06 --- 1.671322e-05
   17 --- 1.647391e-07 --- 6.40e-06 --- 1.052906e-05 --- 6.312303e-06 --- 4.810300e-06 --- 1.780426e-05
   18 --- 1.562424e-07 --- 3.42e-06 --- 1.080786e-05 --- 6.502434e-06 --- 4.836368e-06 --- 1.629920e-05
   19 --- 1.518062e-07 --- 1.61e-06 --- 1.059564e-05 --- 6.331015e-06 --- 4.567227e-06 --- 1.414633e-05
Total training time: 14917.32s
Inference (per point): 1.5469e-04s | (full domain): 2.9752e-03s
  p=  5:  MSE=8.986246e-03
  p=105:  MSE=2.068492e-05
  p=205:  MSE=6.030509e-06
  p=305:  MSE=4.235433e-06
  p=405:  MSE=6.909463e-06
  Saved MSE curves → outputs/expr_6_4_2/sphere/no_inf/npy/mse.npz  (deeponet, fem, pred_train)

All experiments completed!
