
============================================================
Running Example: arctan
============================================================

Generated full domain data:
  Boundary points: 40,000
  Interior points: 1,000,000
  Test points: 10,000
Re-sampling enabled: ~1,000,000 interior points per epoch

Splitting data: 80% train, 20% validation
  BC: 32,000 train, 8,000 val
  Interior: 800,000 train, 200,000 val

Model: InfinityLaplacianPINN
  Hidden layers: [128, 128, 128, 128]
  Activation: tanh
  Residual clipping: [-10.0, 10.0]
  Outlier removal: top 2.0%
  Parameters: 50,049

Training configuration:
  Boundary points (train): 32,000 -> 80 batches of 400
  Interior points (train): 1,000,000 -> 1000 batches of 1000
  Interior sampling: RE-SAMPLE each epoch
  Boundary points (val): 8,000
  Validation loss: BC only
  Steps per epoch: 1,000
  Total steps: 100,000
  Epochs: 100
  Loss balancing: AlphaPlateauScheduler
  LR scheduler: cosine (LR: 1.0e-03 -> 1.0e-05)

/usr/local/lib/python3.12/dist-packages/torch/autograd/graph.py:824: UserWarning: Attempting to run cuBLAS, but there was no current CUDA context! Attempting to set the primary context... (Triggered internally at /opt/pytorch/pytorch/aten/src/ATen/cuda/CublasHandlePool.cpp:181.)
  return Variable._execution_engine.run_backward(  # Calls into the C++ engine to run the backward pass
Epoch   1/100 | Steps:   1000 | α=1e-05 | Loss: 1.2527e-02 | BC: 1.2380e-02 | PDE: 1.4751e+01 | Val: 3.6477e-04 | Test: 4.0087e-03 | LR=1.0e-03 *
Epoch   2/100 | Steps:   2000 | α=1e-05 | Loss: 4.0114e-04 | BC: 3.1947e-04 | PDE: 8.1675e+00 | Val: 9.2916e-05 | Test: 6.9670e-04 | LR=1.0e-03 *
Epoch   3/100 | Steps:   3000 | α=1e-05 | Loss: 2.0408e-04 | BC: 1.4960e-04 | PDE: 5.4476e+00 | Val: 1.3696e-04 | Test: 4.9177e-04 | LR=1.0e-03
Epoch   4/100 | Steps:   4000 | α=1e-05 | Loss: 1.3683e-04 | BC: 9.2321e-05 | PDE: 4.4504e+00 | Val: 3.4103e-05 | Test: 1.4754e-04 | LR=1.0e-03 *
Epoch   5/100 | Steps:   5000 | α=1e-05 | Loss: 1.0955e-04 | BC: 6.9324e-05 | PDE: 4.0224e+00 | Val: 1.9888e-05 | Test: 8.3660e-05 | LR=1.0e-03 *
Epoch   6/100 | Steps:   6000 | α=1e-05 | Loss: 1.0886e-04 | BC: 6.8047e-05 | PDE: 4.0814e+00 | Val: 2.6634e-05 | Test: 4.9888e-05 | LR=9.9e-04
Epoch   7/100 | Steps:   7000 | α=1e-05 | Loss: 9.2916e-05 | BC: 5.3249e-05 | PDE: 3.9667e+00 | Val: 1.4618e-04 | Test: 1.1370e-04 | LR=9.9e-04
Epoch   8/100 | Steps:   8000 | α=1e-05 | Loss: 3.5510e-04 | BC: 2.9486e-04 | PDE: 6.0243e+00 | Val: 5.7948e-05 | Test: 2.7982e-05 | LR=9.9e-04
Epoch   9/100 | Steps:   9000 | α=1e-05 | Loss: 9.1354e-05 | BC: 3.8942e-05 | PDE: 5.2411e+00 | Val: 3.5940e-05 | Test: 3.5258e-05 | LR=9.8e-04
Epoch  10/100 | Steps:  10000 | α=1e-05 | Loss: 9.0666e-05 | BC: 4.1379e-05 | PDE: 4.9287e+00 | Val: 6.3126e-05 | Test: 5.5198e-05 | LR=9.8e-04
Epoch  11/100 | Steps:  11000 | α=1e-05 | Loss: 9.7114e-05 | BC: 4.9300e-05 | PDE: 4.7814e+00 | Val: 1.7270e-05 | Test: 2.7022e-05 | LR=9.8e-04 *
Epoch  12/100 | Steps:  12000 | α=1e-05 | Loss: 9.2575e-05 | BC: 4.4664e-05 | PDE: 4.7911e+00 | Val: 1.1805e-05 | Test: 9.4744e-06 | LR=9.7e-04 *
Epoch  13/100 | Steps:  13000 | α=1e-05 | Loss: 8.9514e-05 | BC: 4.4041e-05 | PDE: 4.5473e+00 | Val: 1.5522e-05 | Test: 1.5389e-05 | LR=9.7e-04

>>> Alpha increased: 1e-05 → 1e-04 (BC=4.7955e-05) <<<
Epoch  14/100 | Steps:  14000 | α=1e-04 | Loss: 9.2321e-05 | BC: 4.7955e-05 | PDE: 4.4366e+00 | Val: 6.6421e-05 | Test: 6.7421e-04 | LR=9.6e-04 *
Epoch  15/100 | Steps:  15000 | α=1e-04 | Loss: 9.8457e-04 | BC: 2.7430e-04 | PDE: 7.1027e+00 | Val: 1.7366e-04 | Test: 8.1301e-05 | LR=9.5e-04
Epoch  16/100 | Steps:  16000 | α=1e-04 | Loss: 7.2889e-04 | BC: 1.8349e-04 | PDE: 5.4540e+00 | Val: 8.0151e-04 | Test: 5.6959e-04 | LR=9.5e-04
Epoch  17/100 | Steps:  17000 | α=1e-04 | Loss: 6.4719e-04 | BC: 1.6057e-04 | PDE: 4.8663e+00 | Val: 3.0372e-04 | Test: 2.6477e-04 | LR=9.4e-04
Epoch  18/100 | Steps:  18000 | α=1e-04 | Loss: 6.5372e-04 | BC: 1.7286e-04 | PDE: 4.8086e+00 | Val: 1.2550e-04 | Test: 5.4869e-05 | LR=9.3e-04
Epoch  19/100 | Steps:  19000 | α=1e-04 | Loss: 7.2346e-04 | BC: 2.3063e-04 | PDE: 4.9283e+00 | Val: 6.9857e-05 | Test: 1.3537e-04 | LR=9.2e-04
Epoch  20/100 | Steps:  20000 | α=1e-04 | Loss: 7.2776e-04 | BC: 2.3569e-04 | PDE: 4.9207e+00 | Val: 1.4433e-04 | Test: 8.2582e-05 | LR=9.1e-04
Epoch  21/100 | Steps:  21000 | α=1e-04 | Loss: 7.1063e-04 | BC: 2.0309e-04 | PDE: 5.0754e+00 | Val: 3.5705e-05 | Test: 8.9826e-05 | LR=9.1e-04 *

>>> Alpha increased: 1e-04 → 1e-03 (BC=2.6741e-04) <<<
Epoch  22/100 | Steps:  22000 | α=1e-03 | Loss: 7.9481e-04 | BC: 2.6741e-04 | PDE: 5.2739e+00 | Val: 5.5520e-05 | Test: 1.0906e-04 | LR=9.0e-04 *
Epoch  23/100 | Steps:  23000 | α=1e-03 | Loss: 7.8706e-03 | BC: 1.4574e-03 | PDE: 6.4132e+00 | Val: 5.1264e-04 | Test: 4.0864e-04 | LR=8.9e-04
Epoch  24/100 | Steps:  24000 | α=1e-03 | Loss: 6.2190e-03 | BC: 1.1011e-03 | PDE: 5.1179e+00 | Val: 5.2453e-04 | Test: 2.2029e-04 | LR=8.8e-04
Epoch  25/100 | Steps:  25000 | α=1e-03 | Loss: 5.7220e-03 | BC: 9.5447e-04 | PDE: 4.7675e+00 | Val: 1.4191e-03 | Test: 1.4090e-03 | LR=8.7e-04
Epoch  26/100 | Steps:  26000 | α=1e-03 | Loss: 5.0705e-03 | BC: 8.2542e-04 | PDE: 4.2450e+00 | Val: 2.3871e-04 | Test: 7.4348e-05 | LR=8.6e-04
Epoch  27/100 | Steps:  27000 | α=1e-03 | Loss: 5.1769e-03 | BC: 8.6781e-04 | PDE: 4.3091e+00 | Val: 1.9910e-03 | Test: 1.7624e-03 | LR=8.4e-04
Epoch  28/100 | Steps:  28000 | α=1e-03 | Loss: 5.2475e-03 | BC: 8.9124e-04 | PDE: 4.3563e+00 | Val: 6.7781e-04 | Test: 4.4690e-04 | LR=8.3e-04
Epoch  29/100 | Steps:  29000 | α=1e-03 | Loss: 5.0106e-03 | BC: 8.1697e-04 | PDE: 4.1936e+00 | Val: 7.1628e-04 | Test: 3.9805e-04 | LR=8.2e-04

>>> Alpha increased: 1e-03 → 1e-02 (BC=8.2223e-04) <<<
Epoch  30/100 | Steps:  30000 | α=1e-02 | Loss: 5.0003e-03 | BC: 8.2223e-04 | PDE: 4.1781e+00 | Val: 7.4542e-04 | Test: 7.1111e-04 | LR=8.1e-04 *
Epoch  31/100 | Steps:  31000 | α=1e-02 | Loss: 2.5815e-02 | BC: 1.1022e-02 | PDE: 1.4793e+00 | Val: 1.2329e-02 | Test: 2.6006e-03 | LR=8.0e-04
Epoch  32/100 | Steps:  32000 | α=1e-02 | Loss: 2.2509e-02 | BC: 1.0054e-02 | PDE: 1.2455e+00 | Val: 9.0231e-03 | Test: 2.0715e-03 | LR=7.8e-04
Epoch  33/100 | Steps:  33000 | α=1e-02 | Loss: 2.1268e-02 | BC: 8.7155e-03 | PDE: 1.2553e+00 | Val: 9.4740e-03 | Test: 2.0810e-03 | LR=7.7e-04
Epoch  34/100 | Steps:  34000 | α=1e-02 | Loss: 2.0683e-02 | BC: 8.8964e-03 | PDE: 1.1787e+00 | Val: 7.4099e-03 | Test: 1.3079e-03 | LR=7.6e-04
Epoch  35/100 | Steps:  35000 | α=1e-02 | Loss: 1.8508e-02 | BC: 7.7400e-03 | PDE: 1.0768e+00 | Val: 9.9418e-03 | Test: 2.8960e-03 | LR=7.4e-04
Epoch  36/100 | Steps:  36000 | α=1e-02 | Loss: 1.6919e-02 | BC: 7.5440e-03 | PDE: 9.3754e-01 | Val: 8.7326e-03 | Test: 2.1000e-03 | LR=7.3e-04
Epoch  37/100 | Steps:  37000 | α=1e-02 | Loss: 1.8034e-02 | BC: 7.6846e-03 | PDE: 1.0350e+00 | Val: 5.8237e-03 | Test: 6.5451e-04 | LR=7.2e-04

>>> Alpha increased: 1e-02 → 1e-01 (BC=7.2712e-03) <<<
Epoch  38/100 | Steps:  38000 | α=1e-01 | Loss: 1.8518e-02 | BC: 7.2712e-03 | PDE: 1.1247e+00 | Val: 5.7874e-03 | Test: 7.0778e-04 | LR=7.0e-04 *
Epoch  39/100 | Steps:  39000 | α=1e-01 | Loss: 3.7407e-02 | BC: 1.7350e-02 | PDE: 2.0058e-01 | Val: 1.7160e-02 | Test: 3.3427e-03 | LR=6.9e-04
Epoch  40/100 | Steps:  40000 | α=1e-01 | Loss: 2.8906e-02 | BC: 1.6505e-02 | PDE: 1.2401e-01 | Val: 1.3503e-02 | Test: 2.3703e-03 | LR=6.7e-04
Epoch  41/100 | Steps:  41000 | α=1e-01 | Loss: 2.8093e-02 | BC: 1.5931e-02 | PDE: 1.2161e-01 | Val: 1.3871e-02 | Test: 2.5779e-03 | LR=6.6e-04
Epoch  42/100 | Steps:  42000 | α=1e-01 | Loss: 2.6963e-02 | BC: 1.5669e-02 | PDE: 1.1294e-01 | Val: 1.4905e-02 | Test: 2.5332e-03 | LR=6.4e-04
Epoch  43/100 | Steps:  43000 | α=1e-01 | Loss: 2.6666e-02 | BC: 1.5458e-02 | PDE: 1.1208e-01 | Val: 1.6692e-02 | Test: 3.0645e-03 | LR=6.3e-04
Epoch  44/100 | Steps:  44000 | α=1e-01 | Loss: 2.6467e-02 | BC: 1.5182e-02 | PDE: 1.1285e-01 | Val: 1.2290e-02 | Test: 1.8646e-03 | LR=6.1e-04
Epoch  45/100 | Steps:  45000 | α=1e-01 | Loss: 2.5959e-02 | BC: 1.4285e-02 | PDE: 1.1674e-01 | Val: 1.9579e-02 | Test: 6.3951e-03 | LR=6.0e-04
Epoch  46/100 | Steps:  46000 | α=1e-01 | Loss: 2.6395e-02 | BC: 1.4366e-02 | PDE: 1.2029e-01 | Val: 1.2419e-02 | Test: 2.0088e-03 | LR=5.8e-04
Epoch  47/100 | Steps:  47000 | α=1e-01 | Loss: 2.6864e-02 | BC: 1.3894e-02 | PDE: 1.2969e-01 | Val: 1.3564e-02 | Test: 2.1006e-03 | LR=5.7e-04
Epoch  48/100 | Steps:  48000 | α=1e-01 | Loss: 2.5186e-02 | BC: 1.3659e-02 | PDE: 1.1527e-01 | Val: 1.2400e-02 | Test: 2.5201e-03 | LR=5.5e-04
Epoch  49/100 | Steps:  49000 | α=1e-01 | Loss: 2.3672e-02 | BC: 1.3591e-02 | PDE: 1.0081e-01 | Val: 1.1284e-02 | Test: 1.6651e-03 | LR=5.4e-04
Epoch  50/100 | Steps:  50000 | α=1e-01 | Loss: 2.6393e-02 | BC: 1.3511e-02 | PDE: 1.2882e-01 | Val: 1.2772e-02 | Test: 1.8548e-03 | LR=5.2e-04
Epoch  51/100 | Steps:  51000 | α=1e-01 | Loss: 2.3491e-02 | BC: 1.3049e-02 | PDE: 1.0442e-01 | Val: 1.1749e-02 | Test: 2.6900e-03 | LR=5.1e-04
Epoch  52/100 | Steps:  52000 | α=1e-01 | Loss: 2.3419e-02 | BC: 1.2367e-02 | PDE: 1.1052e-01 | Val: 1.1762e-02 | Test: 1.7029e-03 | LR=4.9e-04
Epoch  53/100 | Steps:  53000 | α=1e-01 | Loss: 2.2803e-02 | BC: 1.1981e-02 | PDE: 1.0822e-01 | Val: 1.0744e-02 | Test: 1.9597e-03 | LR=4.7e-04
Epoch  54/100 | Steps:  54000 | α=1e-01 | Loss: 2.2002e-02 | BC: 1.1490e-02 | PDE: 1.0512e-01 | Val: 9.7596e-03 | Test: 1.2445e-03 | LR=4.6e-04
Epoch  55/100 | Steps:  55000 | α=1e-01 | Loss: 2.2185e-02 | BC: 1.1243e-02 | PDE: 1.0942e-01 | Val: 1.2091e-02 | Test: 1.8946e-03 | LR=4.4e-04
Epoch  56/100 | Steps:  56000 | α=1e-01 | Loss: 2.2434e-02 | BC: 1.1551e-02 | PDE: 1.0883e-01 | Val: 1.0828e-02 | Test: 1.4323e-03 | LR=4.3e-04
Epoch  57/100 | Steps:  57000 | α=1e-01 | Loss: 2.0914e-02 | BC: 1.0740e-02 | PDE: 1.0174e-01 | Val: 9.9880e-03 | Test: 1.3388e-03 | LR=4.1e-04
Epoch  58/100 | Steps:  58000 | α=1e-01 | Loss: 1.9039e-02 | BC: 1.0170e-02 | PDE: 8.8682e-02 | Val: 9.7749e-03 | Test: 1.3079e-03 | LR=4.0e-04
Epoch  59/100 | Steps:  59000 | α=1e-01 | Loss: 2.1675e-02 | BC: 9.8845e-03 | PDE: 1.1791e-01 | Val: 9.5681e-03 | Test: 1.2563e-03 | LR=3.8e-04
Epoch  60/100 | Steps:  60000 | α=1e-01 | Loss: 2.0636e-02 | BC: 9.9455e-03 | PDE: 1.0691e-01 | Val: 9.7486e-03 | Test: 1.2849e-03 | LR=3.7e-04
Epoch  61/100 | Steps:  61000 | α=1e-01 | Loss: 1.8707e-02 | BC: 9.6936e-03 | PDE: 9.0132e-02 | Val: 8.7587e-03 | Test: 1.3651e-03 | LR=3.5e-04
Epoch  62/100 | Steps:  62000 | α=1e-01 | Loss: 1.8988e-02 | BC: 9.3757e-03 | PDE: 9.6123e-02 | Val: 8.8293e-03 | Test: 1.0841e-03 | LR=3.4e-04
Epoch  63/100 | Steps:  63000 | α=1e-01 | Loss: 1.7410e-02 | BC: 9.0003e-03 | PDE: 8.4093e-02 | Val: 7.1605e-03 | Test: 9.1015e-04 | LR=3.2e-04
Epoch  64/100 | Steps:  64000 | α=1e-01 | Loss: 1.8890e-02 | BC: 9.2157e-03 | PDE: 9.6743e-02 | Val: 7.7969e-03 | Test: 9.5513e-04 | LR=3.1e-04
Epoch  65/100 | Steps:  65000 | α=1e-01 | Loss: 1.6677e-02 | BC: 8.3559e-03 | PDE: 8.3207e-02 | Val: 7.6861e-03 | Test: 9.0650e-04 | LR=2.9e-04
Epoch  66/100 | Steps:  66000 | α=1e-01 | Loss: 1.5992e-02 | BC: 8.1233e-03 | PDE: 7.8688e-02 | Val: 7.7154e-03 | Test: 9.0528e-04 | LR=2.8e-04
Epoch  67/100 | Steps:  67000 | α=1e-01 | Loss: 1.4410e-02 | BC: 7.4465e-03 | PDE: 6.9637e-02 | Val: 7.3222e-03 | Test: 1.0493e-03 | LR=2.7e-04
Epoch  68/100 | Steps:  68000 | α=1e-01 | Loss: 1.4348e-02 | BC: 7.3218e-03 | PDE: 7.0266e-02 | Val: 6.2089e-03 | Test: 6.5889e-04 | LR=2.5e-04
Epoch  69/100 | Steps:  69000 | α=1e-01 | Loss: 1.4475e-02 | BC: 7.0890e-03 | PDE: 7.3857e-02 | Val: 6.2600e-03 | Test: 7.1095e-04 | LR=2.4e-04
Epoch  70/100 | Steps:  70000 | α=1e-01 | Loss: 1.3533e-02 | BC: 6.7334e-03 | PDE: 6.8000e-02 | Val: 6.0548e-03 | Test: 7.4773e-04 | LR=2.3e-04
Epoch  71/100 | Steps:  71000 | α=1e-01 | Loss: 1.4904e-02 | BC: 6.9259e-03 | PDE: 7.9785e-02 | Val: 7.8060e-03 | Test: 1.0857e-03 | LR=2.1e-04
Epoch  72/100 | Steps:  72000 | α=1e-01 | Loss: 1.2424e-02 | BC: 6.3128e-03 | PDE: 6.1111e-02 | Val: 6.1389e-03 | Test: 6.9423e-04 | LR=2.0e-04
Epoch  73/100 | Steps:  73000 | α=1e-01 | Loss: 1.1350e-02 | BC: 5.9311e-03 | PDE: 5.4189e-02 | Val: 5.4207e-03 | Test: 5.6851e-04 | LR=1.9e-04 *
Epoch  74/100 | Steps:  74000 | α=1e-01 | Loss: 1.0556e-02 | BC: 5.6296e-03 | PDE: 4.9262e-02 | Val: 5.7385e-03 | Test: 7.6908e-04 | LR=1.8e-04
Epoch  75/100 | Steps:  75000 | α=1e-01 | Loss: 1.1221e-02 | BC: 5.5686e-03 | PDE: 5.6523e-02 | Val: 5.3792e-03 | Test: 5.8199e-04 | LR=1.7e-04 *
Epoch  76/100 | Steps:  76000 | α=1e-01 | Loss: 1.2491e-02 | BC: 5.6620e-03 | PDE: 6.8287e-02 | Val: 4.9303e-03 | Test: 5.8738e-04 | LR=1.5e-04 *
Epoch  77/100 | Steps:  77000 | α=1e-01 | Loss: 1.1091e-02 | BC: 5.2839e-03 | PDE: 5.8069e-02 | Val: 4.7632e-03 | Test: 4.6383e-04 | LR=1.4e-04 *
Epoch  78/100 | Steps:  78000 | α=1e-01 | Loss: 1.0224e-02 | BC: 4.8745e-03 | PDE: 5.3499e-02 | Val: 4.5668e-03 | Test: 4.3828e-04 | LR=1.3e-04 *
Epoch  79/100 | Steps:  79000 | α=1e-01 | Loss: 8.5584e-03 | BC: 4.6213e-03 | PDE: 3.9371e-02 | Val: 4.6284e-03 | Test: 4.7155e-04 | LR=1.2e-04
Epoch  80/100 | Steps:  80000 | α=1e-01 | Loss: 9.1758e-03 | BC: 4.6427e-03 | PDE: 4.5331e-02 | Val: 4.3460e-03 | Test: 4.6610e-04 | LR=1.1e-04 *
Epoch  81/100 | Steps:  81000 | α=1e-01 | Loss: 8.0814e-03 | BC: 4.3852e-03 | PDE: 3.6962e-02 | Val: 3.9495e-03 | Test: 3.7263e-04 | LR=1.0e-04 *
Epoch  82/100 | Steps:  82000 | α=1e-01 | Loss: 8.0993e-03 | BC: 4.1387e-03 | PDE: 3.9606e-02 | Val: 3.9808e-03 | Test: 3.7462e-04 | LR=9.6e-05
Epoch  83/100 | Steps:  83000 | α=1e-01 | Loss: 7.5505e-03 | BC: 4.0998e-03 | PDE: 3.4507e-02 | Val: 3.9240e-03 | Test: 3.4458e-04 | LR=8.7e-05 *
Epoch  84/100 | Steps:  84000 | α=1e-01 | Loss: 6.1818e-03 | BC: 3.8830e-03 | PDE: 2.2988e-02 | Val: 3.8667e-03 | Test: 4.7354e-04 | LR=7.9e-05 *
Epoch  85/100 | Steps:  85000 | α=1e-01 | Loss: 6.0994e-03 | BC: 3.6377e-03 | PDE: 2.4617e-02 | Val: 3.4102e-03 | Test: 3.5147e-04 | LR=7.1e-05 *
Epoch  86/100 | Steps:  86000 | α=1e-01 | Loss: 6.0941e-03 | BC: 3.5035e-03 | PDE: 2.5906e-02 | Val: 3.4614e-03 | Test: 3.6099e-04 | LR=6.4e-05
Epoch  87/100 | Steps:  87000 | α=1e-01 | Loss: 5.8563e-03 | BC: 3.4032e-03 | PDE: 2.4531e-02 | Val: 3.3026e-03 | Test: 3.3597e-04 | LR=5.7e-05 *
Epoch  88/100 | Steps:  88000 | α=1e-01 | Loss: 5.4621e-03 | BC: 3.3086e-03 | PDE: 2.1535e-02 | Val: 3.1589e-03 | Test: 3.1901e-04 | LR=5.1e-05 *
Epoch  89/100 | Steps:  89000 | α=1e-01 | Loss: 4.9278e-03 | BC: 3.1886e-03 | PDE: 1.7392e-02 | Val: 3.0282e-03 | Test: 2.8911e-04 | LR=4.5e-05 *
Epoch  90/100 | Steps:  90000 | α=1e-01 | Loss: 4.6209e-03 | BC: 3.0898e-03 | PDE: 1.5311e-02 | Val: 2.9353e-03 | Test: 2.8007e-04 | LR=3.9e-05 *
Epoch  91/100 | Steps:  91000 | α=1e-01 | Loss: 4.5165e-03 | BC: 3.0109e-03 | PDE: 1.5056e-02 | Val: 2.8955e-03 | Test: 3.0987e-04 | LR=3.4e-05 *
Epoch  92/100 | Steps:  92000 | α=1e-01 | Loss: 4.1332e-03 | BC: 2.9185e-03 | PDE: 1.2147e-02 | Val: 2.8365e-03 | Test: 2.6930e-04 | LR=3.0e-05 *
Epoch  93/100 | Steps:  93000 | α=1e-01 | Loss: 4.1045e-03 | BC: 2.8786e-03 | PDE: 1.2258e-02 | Val: 2.7284e-03 | Test: 2.8860e-04 | LR=2.6e-05 *
Epoch  94/100 | Steps:  94000 | α=1e-01 | Loss: 3.8245e-03 | BC: 2.7824e-03 | PDE: 1.0421e-02 | Val: 2.6748e-03 | Test: 3.0559e-04 | LR=2.2e-05 *
Epoch  95/100 | Steps:  95000 | α=1e-01 | Loss: 4.0365e-03 | BC: 2.7292e-03 | PDE: 1.3073e-02 | Val: 2.6611e-03 | Test: 2.7040e-04 | LR=1.9e-05 *
Epoch  96/100 | Steps:  96000 | α=1e-01 | Loss: 3.5129e-03 | BC: 2.6853e-03 | PDE: 8.2761e-03 | Val: 2.5834e-03 | Test: 2.8088e-04 | LR=1.6e-05 *
Epoch  97/100 | Steps:  97000 | α=1e-01 | Loss: 3.5673e-03 | BC: 2.6406e-03 | PDE: 9.2670e-03 | Val: 2.5578e-03 | Test: 2.6882e-04 | LR=1.4e-05 *
Epoch  98/100 | Steps:  98000 | α=1e-01 | Loss: 3.2929e-03 | BC: 2.5931e-03 | PDE: 6.9983e-03 | Val: 2.5149e-03 | Test: 2.8239e-04 | LR=1.2e-05 *
Epoch  99/100 | Steps:  99000 | α=1e-01 | Loss: 3.3590e-03 | BC: 2.5524e-03 | PDE: 8.0655e-03 | Val: 2.4616e-03 | Test: 2.6944e-04 | LR=1.1e-05 *
Epoch 100/100 | Steps: 100000 | α=1e-01 | Loss: 3.5015e-03 | BC: 2.5213e-03 | PDE: 9.8013e-03 | Val: 2.4481e-03 | Test: 2.5949e-04 | LR=1.0e-05 *

Restored best model from epoch 100 (val_loss: 2.4481e-03, test_loss: 2.5949e-04)
Best checkpoint saved to: outputs/expr_7_1/arctan/eta0/checkpoints/best_model.pt
Final checkpoint saved to: outputs/expr_7_1/arctan/eta0/checkpoints/final_model.pt
Training completed in 1006.34s (100,000 total steps)

Final Test MSE: 2.5949e-04
Inference (per point): 7.7446e-05s | (full domain): 7.6005e-05s
Saved plot to outputs/expr_7_1/arctan/eta0/plots/results.png
