
============================================================
Running Example: aronsson_disc
============================================================

Generated full disc domain data:
  Boundary points: 10,000
  Interior points: 783,764
  Test points: 7,668
Re-sampling enabled: ~783,764 interior points per epoch

Splitting data: 80% train, 20% validation
  BC: 8,000 train, 2,000 val
  Interior: 627,011 train, 156,753 val

Model: InfinityLaplacianPINN
  Hidden layers: [128, 128, 128, 128]
  Activation: tanh
  η: 1e-05 (normalized)
  Residual clipping: [-10.0, 10.0]
  Outlier removal: top 2.0%
  Parameters: 50,049

Training configuration:
  Boundary points (train): 8,000 -> 20 batches of 400
  Interior points (train): 783,764 -> 784 batches of 1000
  Interior sampling: RE-SAMPLE each epoch
  Boundary points (val): 2,000
  Validation loss: BC only
  Steps per epoch: 784
  Total steps: 78,400
  Epochs: 100
  Loss balancing: FixedAlphaSchedule
  LR scheduler: cosine (LR: 1.0e-03 -> 1.0e-05)

/usr/local/lib/python3.12/dist-packages/torch/autograd/graph.py:824: UserWarning: Attempting to run cuBLAS, but there was no current CUDA context! Attempting to set the primary context... (Triggered internally at /opt/pytorch/pytorch/aten/src/ATen/cuda/CublasHandlePool.cpp:181.)
  return Variable._execution_engine.run_backward(  # Calls into the C++ engine to run the backward pass
Epoch   1/100 | Steps:    784 | α=1e-01 | Loss: 4.1993e-02 | BC: 3.0991e-02 | PDE: 1.1003e-01 | Val: 2.1223e-04 | Test: 1.1905e-04 | LR=1.0e-03 *
Epoch   2/100 | Steps:   1568 | α=1e-01 | Loss: 2.9258e-03 | BC: 4.3881e-04 | PDE: 2.4870e-02 | Val: 6.3608e-04 | Test: 7.2604e-04 | LR=1.0e-03
Epoch   3/100 | Steps:   2352 | α=1e-01 | Loss: 2.2940e-03 | BC: 4.2720e-04 | PDE: 1.8668e-02 | Val: 2.0162e-04 | Test: 8.6545e-05 | LR=1.0e-03 *
Epoch   4/100 | Steps:   3136 | α=1e-01 | Loss: 1.6368e-03 | BC: 3.3127e-04 | PDE: 1.3055e-02 | Val: 7.4416e-05 | Test: 6.6017e-05 | LR=1.0e-03 *
Epoch   5/100 | Steps:   3920 | α=1e-01 | Loss: 1.1953e-03 | BC: 2.7103e-04 | PDE: 9.2427e-03 | Val: 4.3587e-04 | Test: 2.1903e-04 | LR=1.0e-03
Epoch   6/100 | Steps:   4704 | α=1e-01 | Loss: 8.5917e-04 | BC: 1.7916e-04 | PDE: 6.8001e-03 | Val: 1.3529e-04 | Test: 8.1917e-05 | LR=9.9e-04
Epoch   7/100 | Steps:   5488 | α=1e-01 | Loss: 8.0332e-04 | BC: 2.0039e-04 | PDE: 6.0293e-03 | Val: 4.1515e-04 | Test: 2.7873e-04 | LR=9.9e-04
Epoch   8/100 | Steps:   6272 | α=1e-01 | Loss: 8.5191e-04 | BC: 2.4093e-04 | PDE: 6.1098e-03 | Val: 3.7348e-04 | Test: 4.1624e-04 | LR=9.9e-04
Epoch   9/100 | Steps:   7056 | α=1e-01 | Loss: 5.4457e-04 | BC: 1.4582e-04 | PDE: 3.9875e-03 | Val: 1.0119e-04 | Test: 7.5380e-05 | LR=9.8e-04
Epoch  10/100 | Steps:   7840 | α=1e-01 | Loss: 4.9779e-04 | BC: 1.4085e-04 | PDE: 3.5694e-03 | Val: 6.5328e-05 | Test: 5.4045e-05 | LR=9.8e-04 *
Epoch  11/100 | Steps:   8624 | α=1e-01 | Loss: 4.1373e-04 | BC: 1.2594e-04 | PDE: 2.8779e-03 | Val: 9.0282e-05 | Test: 7.2465e-05 | LR=9.8e-04
Epoch  12/100 | Steps:   9408 | α=1e-01 | Loss: 3.1723e-04 | BC: 1.0501e-04 | PDE: 2.1221e-03 | Val: 7.9841e-05 | Test: 9.0386e-05 | LR=9.7e-04
Epoch  13/100 | Steps:  10192 | α=1e-01 | Loss: 2.9755e-04 | BC: 1.0233e-04 | PDE: 1.9522e-03 | Val: 1.6316e-04 | Test: 1.1213e-04 | LR=9.7e-04
Epoch  14/100 | Steps:  10976 | α=1e-01 | Loss: 2.9709e-04 | BC: 9.9924e-05 | PDE: 1.9717e-03 | Val: 2.4306e-05 | Test: 3.5162e-05 | LR=9.6e-04 *
Epoch  15/100 | Steps:  11760 | α=1e-01 | Loss: 3.0489e-04 | BC: 1.0815e-04 | PDE: 1.9674e-03 | Val: 2.9585e-05 | Test: 4.0601e-05 | LR=9.5e-04
Epoch  16/100 | Steps:  12544 | α=1e-01 | Loss: 2.6905e-04 | BC: 8.8712e-05 | PDE: 1.8034e-03 | Val: 2.3636e-05 | Test: 1.6252e-05 | LR=9.5e-04 *
Epoch  17/100 | Steps:  13328 | α=1e-01 | Loss: 2.3259e-04 | BC: 7.5828e-05 | PDE: 1.5676e-03 | Val: 6.5842e-05 | Test: 3.7372e-05 | LR=9.4e-04
Epoch  18/100 | Steps:  14112 | α=1e-01 | Loss: 2.1129e-04 | BC: 7.5954e-05 | PDE: 1.3534e-03 | Val: 9.5924e-05 | Test: 8.7377e-05 | LR=9.3e-04
Epoch  19/100 | Steps:  14896 | α=1e-01 | Loss: 1.9636e-04 | BC: 6.8845e-05 | PDE: 1.2752e-03 | Val: 2.3277e-04 | Test: 1.9067e-04 | LR=9.2e-04
Epoch  20/100 | Steps:  15680 | α=1e-01 | Loss: 3.0866e-04 | BC: 1.0427e-04 | PDE: 2.0440e-03 | Val: 1.1452e-05 | Test: 1.4057e-05 | LR=9.1e-04 *
Epoch  21/100 | Steps:  16464 | α=1e-01 | Loss: 2.5243e-04 | BC: 7.6336e-05 | PDE: 1.7609e-03 | Val: 2.3194e-05 | Test: 2.4737e-05 | LR=9.1e-04
Epoch  22/100 | Steps:  17248 | α=1e-01 | Loss: 1.6445e-04 | BC: 5.5877e-05 | PDE: 1.0857e-03 | Val: 3.9850e-05 | Test: 3.9245e-05 | LR=9.0e-04
Epoch  23/100 | Steps:  18032 | α=1e-01 | Loss: 1.8633e-04 | BC: 6.6929e-05 | PDE: 1.1940e-03 | Val: 3.2657e-05 | Test: 4.4414e-05 | LR=8.9e-04
Epoch  24/100 | Steps:  18816 | α=1e-01 | Loss: 3.6097e-04 | BC: 1.1332e-04 | PDE: 2.4765e-03 | Val: 1.1972e-05 | Test: 6.9826e-06 | LR=8.8e-04
Epoch  25/100 | Steps:  19600 | α=1e-01 | Loss: 6.8733e-05 | BC: 2.3265e-05 | PDE: 4.5468e-04 | Val: 4.7140e-05 | Test: 1.9477e-05 | LR=8.7e-04
Epoch  26/100 | Steps:  20384 | α=1e-01 | Loss: 1.2170e-04 | BC: 5.0699e-05 | PDE: 7.0997e-04 | Val: 9.2663e-05 | Test: 1.3219e-04 | LR=8.6e-04
Epoch  27/100 | Steps:  21168 | α=1e-01 | Loss: 1.9718e-04 | BC: 6.3769e-05 | PDE: 1.3341e-03 | Val: 1.7622e-04 | Test: 1.7696e-04 | LR=8.4e-04
Epoch  28/100 | Steps:  21952 | α=1e-01 | Loss: 1.8858e-04 | BC: 6.5686e-05 | PDE: 1.2289e-03 | Val: 4.9081e-05 | Test: 4.8505e-05 | LR=8.3e-04
Epoch  29/100 | Steps:  22736 | α=1e-01 | Loss: 1.0630e-04 | BC: 3.6579e-05 | PDE: 6.9720e-04 | Val: 3.9112e-05 | Test: 3.0492e-05 | LR=8.2e-04
Epoch  30/100 | Steps:  23520 | α=1e-01 | Loss: 1.5360e-04 | BC: 4.9066e-05 | PDE: 1.0453e-03 | Val: 1.6845e-05 | Test: 1.1985e-05 | LR=8.1e-04
Epoch  31/100 | Steps:  24304 | α=1e-01 | Loss: 4.4716e-04 | BC: 1.4607e-04 | PDE: 3.0108e-03 | Val: 5.7093e-06 | Test: 2.8057e-06 | LR=8.0e-04 *
Epoch  32/100 | Steps:  25088 | α=1e-01 | Loss: 4.4182e-05 | BC: 1.2599e-05 | PDE: 3.1583e-04 | Val: 9.3231e-05 | Test: 8.6631e-05 | LR=7.8e-04
Epoch  33/100 | Steps:  25872 | α=1e-01 | Loss: 7.9925e-05 | BC: 3.5294e-05 | PDE: 4.4632e-04 | Val: 8.0156e-06 | Test: 6.3551e-06 | LR=7.7e-04
Epoch  34/100 | Steps:  26656 | α=1e-01 | Loss: 7.4101e-04 | BC: 2.2884e-04 | PDE: 5.1217e-03 | Val: 2.5735e-05 | Test: 1.7431e-05 | LR=7.6e-04
Epoch  35/100 | Steps:  27440 | α=1e-01 | Loss: 1.5599e-05 | BC: 3.1188e-06 | PDE: 1.2480e-04 | Val: 9.9417e-07 | Test: 8.6126e-07 | LR=7.4e-04 *
Epoch  36/100 | Steps:  28224 | α=1e-01 | Loss: 4.1070e-05 | BC: 1.9084e-05 | PDE: 2.1986e-04 | Val: 1.6031e-05 | Test: 1.6822e-05 | LR=7.3e-04
Epoch  37/100 | Steps:  29008 | α=1e-01 | Loss: 5.5280e-05 | BC: 2.6200e-05 | PDE: 2.9079e-04 | Val: 8.5389e-05 | Test: 5.5362e-05 | LR=7.2e-04
Epoch  38/100 | Steps:  29792 | α=1e-01 | Loss: 7.4848e-05 | BC: 3.0252e-05 | PDE: 4.4596e-04 | Val: 5.3578e-05 | Test: 5.8912e-05 | LR=7.0e-04
Epoch  39/100 | Steps:  30576 | α=1e-01 | Loss: 7.7734e-05 | BC: 2.9016e-05 | PDE: 4.8718e-04 | Val: 3.1104e-05 | Test: 3.0351e-05 | LR=6.9e-04
Epoch  40/100 | Steps:  31360 | α=1e-01 | Loss: 7.7173e-05 | BC: 2.9528e-05 | PDE: 4.7645e-04 | Val: 8.7679e-06 | Test: 4.2489e-06 | LR=6.7e-04
Epoch  41/100 | Steps:  32144 | α=1e-01 | Loss: 3.1183e-04 | BC: 1.1053e-04 | PDE: 2.0130e-03 | Val: 5.8059e-04 | Test: 4.9568e-04 | LR=6.6e-04
Epoch  42/100 | Steps:  32928 | α=1e-01 | Loss: 5.5184e-05 | BC: 1.4862e-05 | PDE: 4.0322e-04 | Val: 1.1207e-06 | Test: 1.1279e-06 | LR=6.4e-04
Epoch  43/100 | Steps:  33712 | α=1e-01 | Loss: 2.7892e-05 | BC: 1.2042e-05 | PDE: 1.5850e-04 | Val: 1.2369e-05 | Test: 8.8223e-06 | LR=6.3e-04
Epoch  44/100 | Steps:  34496 | α=1e-01 | Loss: 4.8354e-05 | BC: 1.9787e-05 | PDE: 2.8567e-04 | Val: 1.6806e-06 | Test: 1.3244e-06 | LR=6.1e-04
Epoch  45/100 | Steps:  35280 | α=1e-01 | Loss: 4.7596e-05 | BC: 1.8898e-05 | PDE: 2.8699e-04 | Val: 2.4470e-05 | Test: 2.4400e-05 | LR=6.0e-04
Epoch  46/100 | Steps:  36064 | α=1e-01 | Loss: 7.3775e-05 | BC: 2.2570e-05 | PDE: 5.1204e-04 | Val: 3.9507e-06 | Test: 4.4074e-06 | LR=5.8e-04
Epoch  47/100 | Steps:  36848 | α=1e-01 | Loss: 3.2191e-04 | BC: 9.9493e-05 | PDE: 2.2242e-03 | Val: 1.4936e-04 | Test: 2.4337e-04 | LR=5.7e-04
Epoch  48/100 | Steps:  37632 | α=1e-01 | Loss: 7.3913e-05 | BC: 1.8804e-05 | PDE: 5.5108e-04 | Val: 7.4152e-07 | Test: 5.6834e-07 | LR=5.5e-04 *
Epoch  49/100 | Steps:  38416 | α=1e-01 | Loss: 1.3748e-05 | BC: 6.5123e-06 | PDE: 7.2353e-05 | Val: 7.7190e-06 | Test: 5.1342e-06 | LR=5.4e-04
Epoch  50/100 | Steps:  39200 | α=1e-01 | Loss: 2.2910e-05 | BC: 1.0747e-05 | PDE: 1.2163e-04 | Val: 5.1867e-06 | Test: 4.0830e-06 | LR=5.2e-04
Epoch  51/100 | Steps:  39984 | α=1e-01 | Loss: 4.1859e-05 | BC: 1.6254e-05 | PDE: 2.5605e-04 | Val: 8.0927e-05 | Test: 4.7351e-05 | LR=5.1e-04
Epoch  52/100 | Steps:  40768 | α=1e-01 | Loss: 2.6411e-05 | BC: 9.8503e-06 | PDE: 1.6561e-04 | Val: 3.0927e-06 | Test: 1.0772e-06 | LR=4.9e-04
Epoch  53/100 | Steps:  41552 | α=1e-01 | Loss: 4.7032e-05 | BC: 1.5988e-05 | PDE: 3.1044e-04 | Val: 5.9464e-06 | Test: 5.7539e-06 | LR=4.7e-04
Epoch  54/100 | Steps:  42336 | α=1e-01 | Loss: 4.9919e-05 | BC: 1.8404e-05 | PDE: 3.1515e-04 | Val: 4.3982e-06 | Test: 4.2409e-06 | LR=4.6e-04
Epoch  55/100 | Steps:  43120 | α=1e-01 | Loss: 2.0877e-05 | BC: 6.5377e-06 | PDE: 1.4340e-04 | Val: 3.5534e-06 | Test: 2.9098e-06 | LR=4.4e-04
Epoch  56/100 | Steps:  43904 | α=1e-01 | Loss: 3.9278e-05 | BC: 1.3515e-05 | PDE: 2.5763e-04 | Val: 2.5622e-05 | Test: 2.0516e-05 | LR=4.3e-04
Epoch  57/100 | Steps:  44688 | α=1e-01 | Loss: 2.6145e-05 | BC: 9.9234e-06 | PDE: 1.6222e-04 | Val: 2.3908e-05 | Test: 2.0246e-05 | LR=4.1e-04
Epoch  58/100 | Steps:  45472 | α=1e-01 | Loss: 2.9370e-05 | BC: 9.3876e-06 | PDE: 1.9983e-04 | Val: 4.7899e-06 | Test: 2.4889e-06 | LR=4.0e-04
Epoch  59/100 | Steps:  46256 | α=1e-01 | Loss: 2.4300e-05 | BC: 7.2478e-06 | PDE: 1.7052e-04 | Val: 7.9330e-06 | Test: 4.9263e-06 | LR=3.8e-04
Epoch  60/100 | Steps:  47040 | α=1e-01 | Loss: 1.8062e-05 | BC: 6.7490e-06 | PDE: 1.1313e-04 | Val: 6.5377e-06 | Test: 3.9822e-06 | LR=3.7e-04
Epoch  61/100 | Steps:  47824 | α=1e-01 | Loss: 2.2206e-05 | BC: 7.7014e-06 | PDE: 1.4505e-04 | Val: 1.0727e-05 | Test: 7.3328e-06 | LR=3.5e-04
Epoch  62/100 | Steps:  48608 | α=1e-01 | Loss: 4.9741e-05 | BC: 1.4309e-05 | PDE: 3.5432e-04 | Val: 5.1640e-07 | Test: 6.8856e-07 | LR=3.4e-04 *
Epoch  63/100 | Steps:  49392 | α=1e-01 | Loss: 1.4049e-05 | BC: 4.1767e-06 | PDE: 9.8722e-05 | Val: 1.8542e-06 | Test: 1.6120e-06 | LR=3.2e-04
Epoch  64/100 | Steps:  50176 | α=1e-01 | Loss: 1.4478e-05 | BC: 4.6239e-06 | PDE: 9.8540e-05 | Val: 1.1382e-06 | Test: 1.3762e-06 | LR=3.1e-04
Epoch  65/100 | Steps:  50960 | α=1e-01 | Loss: 1.4691e-05 | BC: 5.3262e-06 | PDE: 9.3651e-05 | Val: 4.4462e-07 | Test: 5.2548e-07 | LR=2.9e-04 *
Epoch  66/100 | Steps:  51744 | α=1e-01 | Loss: 1.3767e-05 | BC: 4.6644e-06 | PDE: 9.1030e-05 | Val: 8.9054e-06 | Test: 6.1688e-06 | LR=2.8e-04
Epoch  67/100 | Steps:  52528 | α=1e-01 | Loss: 1.2970e-05 | BC: 4.0848e-06 | PDE: 8.8857e-05 | Val: 3.7830e-06 | Test: 2.8271e-06 | LR=2.7e-04
Epoch  68/100 | Steps:  53312 | α=1e-01 | Loss: 2.7589e-05 | BC: 7.8852e-06 | PDE: 1.9703e-04 | Val: 2.5239e-07 | Test: 2.5853e-07 | LR=2.5e-04 *
Epoch  69/100 | Steps:  54096 | α=1e-01 | Loss: 4.6522e-06 | BC: 1.3401e-06 | PDE: 3.3121e-05 | Val: 2.8983e-06 | Test: 3.1321e-06 | LR=2.4e-04
Epoch  70/100 | Steps:  54880 | α=1e-01 | Loss: 1.0697e-05 | BC: 3.3666e-06 | PDE: 7.3301e-05 | Val: 2.8265e-06 | Test: 1.7205e-06 | LR=2.3e-04
Epoch  71/100 | Steps:  55664 | α=1e-01 | Loss: 7.7740e-06 | BC: 2.3961e-06 | PDE: 5.3779e-05 | Val: 2.8334e-06 | Test: 2.3110e-06 | LR=2.1e-04
Epoch  72/100 | Steps:  56448 | α=1e-01 | Loss: 1.2729e-05 | BC: 3.3055e-06 | PDE: 9.4236e-05 | Val: 3.7111e-06 | Test: 4.7863e-06 | LR=2.0e-04
Epoch  73/100 | Steps:  57232 | α=1e-01 | Loss: 5.0705e-06 | BC: 1.4661e-06 | PDE: 3.6044e-05 | Val: 3.9319e-07 | Test: 2.8651e-07 | LR=1.9e-04
Epoch  74/100 | Steps:  58016 | α=1e-01 | Loss: 8.3584e-06 | BC: 2.6799e-06 | PDE: 5.6785e-05 | Val: 7.3916e-07 | Test: 7.4445e-07 | LR=1.8e-04
Epoch  75/100 | Steps:  58800 | α=1e-01 | Loss: 8.7268e-06 | BC: 2.3314e-06 | PDE: 6.3954e-05 | Val: 9.6071e-07 | Test: 8.1667e-07 | LR=1.7e-04
Epoch  76/100 | Steps:  59584 | α=1e-01 | Loss: 4.2518e-06 | BC: 1.1388e-06 | PDE: 3.1130e-05 | Val: 1.3887e-06 | Test: 8.6059e-07 | LR=1.5e-04
Epoch  77/100 | Steps:  60368 | α=1e-01 | Loss: 2.7798e-06 | BC: 8.8179e-07 | PDE: 1.8980e-05 | Val: 1.4684e-06 | Test: 1.1372e-06 | LR=1.4e-04
Epoch  78/100 | Steps:  61152 | α=1e-01 | Loss: 4.0308e-06 | BC: 1.1421e-06 | PDE: 2.8887e-05 | Val: 4.5251e-07 | Test: 4.1264e-07 | LR=1.3e-04
Epoch  79/100 | Steps:  61936 | α=1e-01 | Loss: 6.8424e-06 | BC: 1.7479e-06 | PDE: 5.0945e-05 | Val: 3.4518e-06 | Test: 1.6290e-06 | LR=1.2e-04
Epoch  80/100 | Steps:  62720 | α=1e-01 | Loss: 2.7372e-06 | BC: 6.0290e-07 | PDE: 2.1343e-05 | Val: 2.3131e-07 | Test: 4.0199e-07 | LR=1.1e-04 *
Epoch  81/100 | Steps:  63504 | α=1e-01 | Loss: 3.3471e-06 | BC: 8.4221e-07 | PDE: 2.5049e-05 | Val: 1.9692e-07 | Test: 1.9920e-07 | LR=1.0e-04 *
Epoch  82/100 | Steps:  64288 | α=1e-01 | Loss: 2.6949e-06 | BC: 6.8196e-07 | PDE: 2.0129e-05 | Val: 6.9547e-07 | Test: 8.1532e-07 | LR=9.6e-05
Epoch  83/100 | Steps:  65072 | α=1e-01 | Loss: 2.0396e-06 | BC: 5.1649e-07 | PDE: 1.5231e-05 | Val: 3.5949e-07 | Test: 2.8418e-07 | LR=8.7e-05
Epoch  84/100 | Steps:  65856 | α=1e-01 | Loss: 4.3378e-06 | BC: 9.0528e-07 | PDE: 3.4325e-05 | Val: 1.4209e-07 | Test: 1.9803e-07 | LR=7.9e-05 *
Epoch  85/100 | Steps:  66640 | α=1e-01 | Loss: 1.1451e-06 | BC: 2.1233e-07 | PDE: 9.3280e-06 | Val: 1.4085e-07 | Test: 1.7999e-07 | LR=7.1e-05 *
Epoch  86/100 | Steps:  67424 | α=1e-01 | Loss: 1.6499e-06 | BC: 3.4785e-07 | PDE: 1.3021e-05 | Val: 2.7352e-07 | Test: 2.3958e-07 | LR=6.4e-05
Epoch  87/100 | Steps:  68208 | α=1e-01 | Loss: 2.2283e-06 | BC: 4.8756e-07 | PDE: 1.7408e-05 | Val: 2.0684e-07 | Test: 2.3002e-07 | LR=5.7e-05
Epoch  88/100 | Steps:  68992 | α=1e-01 | Loss: 1.1879e-06 | BC: 2.2261e-07 | PDE: 9.6530e-06 | Val: 2.0969e-07 | Test: 2.0763e-07 | LR=5.1e-05
Epoch  89/100 | Steps:  69776 | α=1e-01 | Loss: 1.1302e-06 | BC: 1.9895e-07 | PDE: 9.3122e-06 | Val: 1.8008e-07 | Test: 2.7300e-07 | LR=4.5e-05
Epoch  90/100 | Steps:  70560 | α=1e-01 | Loss: 1.2661e-06 | BC: 2.2213e-07 | PDE: 1.0439e-05 | Val: 1.0335e-07 | Test: 1.8346e-07 | LR=3.9e-05 *
Epoch  91/100 | Steps:  71344 | α=1e-01 | Loss: 1.7633e-06 | BC: 3.3671e-07 | PDE: 1.4266e-05 | Val: 9.7924e-08 | Test: 1.5760e-07 | LR=3.4e-05 *
Epoch  92/100 | Steps:  72128 | α=1e-01 | Loss: 9.4106e-07 | BC: 1.4573e-07 | PDE: 7.9533e-06 | Val: 1.0599e-07 | Test: 1.4370e-07 | LR=3.0e-05
Epoch  93/100 | Steps:  72912 | α=1e-01 | Loss: 8.4632e-07 | BC: 1.2783e-07 | PDE: 7.1849e-06 | Val: 2.2024e-07 | Test: 2.9462e-07 | LR=2.6e-05
Epoch  94/100 | Steps:  73696 | α=1e-01 | Loss: 8.2144e-07 | BC: 1.1885e-07 | PDE: 7.0259e-06 | Val: 9.0901e-08 | Test: 1.4664e-07 | LR=2.2e-05 *
Epoch  95/100 | Steps:  74480 | α=1e-01 | Loss: 5.6322e-07 | BC: 6.7532e-08 | PDE: 4.9569e-06 | Val: 1.4675e-07 | Test: 1.5693e-07 | LR=1.9e-05
Epoch  96/100 | Steps:  75264 | α=1e-01 | Loss: 6.1028e-07 | BC: 7.9458e-08 | PDE: 5.3082e-06 | Val: 1.0152e-07 | Test: 1.5860e-07 | LR=1.6e-05
Epoch  97/100 | Steps:  76048 | α=1e-01 | Loss: 6.1950e-07 | BC: 7.3682e-08 | PDE: 5.4582e-06 | Val: 7.1606e-07 | Test: 4.0029e-07 | LR=1.4e-05
Epoch  98/100 | Steps:  76832 | α=1e-01 | Loss: 5.3708e-07 | BC: 6.0394e-08 | PDE: 4.7668e-06 | Val: 1.2082e-07 | Test: 1.7209e-07 | LR=1.2e-05
Epoch  99/100 | Steps:  77616 | α=1e-01 | Loss: 6.2594e-07 | BC: 7.3871e-08 | PDE: 5.5207e-06 | Val: 1.4232e-07 | Test: 2.3040e-07 | LR=1.1e-05
Epoch 100/100 | Steps:  78400 | α=1e-01 | Loss: 5.0672e-07 | BC: 5.5027e-08 | PDE: 4.5170e-06 | Val: 9.3976e-08 | Test: 1.6210e-07 | LR=1.0e-05

Restored best model from epoch 94 (val_loss: 9.0901e-08, test_loss: 1.4664e-07)
Best checkpoint saved to: outputs/expr_6_2/aronsson_disc/alpha1e-1/checkpoints/best_model.pt
Final checkpoint saved to: outputs/expr_6_2/aronsson_disc/alpha1e-1/checkpoints/final_model.pt
Training completed in 752.08s (78,400 total steps)

Final Test MSE: 1.6210e-07
Inference (per point): 7.8709e-05s | (full domain): 7.6649e-05s
Saved plot to outputs/expr_6_2/aronsson_disc/alpha1e-1/plots/results.png
