
============================================================
p-Laplacian Aronsson Example
============================================================

Generated full domain data:
  Boundary points: 40,000
  Interior points: 1,000,000
  Test points: 10,000
Re-sampling enabled: ~1,000,000 interior points per epoch

Splitting data: 80% train, 20% validation
  BC: 32,000 train, 8,000 val
  Interior: 800,000 train, 200,000 val

Loading checkpoint: outputs/expr_7_2_iter/p150to500_square/fix_alpha_1e-3/checkpoints/best_model_p500.pt

Model: PLaplacianPINN on Square [-1,1]²
  Hidden layers: [128, 128, 128, 128], activation: tanh
  η=1e-05, clip_residual=100.0, clip_grad_norm=1.0
  Outlier removal: top 2.0%
  Parameters: 50,049

Iterative Training Schedule:
  p values: [600, 700, 800, 900, 1000]
  Epochs per p: 20


============================================================
Stage 1/5: Training with p=600
============================================================

Training configuration:
  Boundary points (train): 32,000 -> 80 batches of 400
  Interior points (train): 1,000,000 -> 1000 batches of 1000
  Interior sampling: RE-SAMPLE each epoch
  Boundary points (val): 8,000
  Validation loss: BC only
  Steps per epoch: 1,000
  Total steps: 20,000
  Epochs: 20
  Loss balancing: FixedAlphaSchedule
  LR scheduler: None (constant LR=1.0e-05)

/usr/local/lib/python3.12/dist-packages/torch/autograd/graph.py:824: UserWarning: Attempting to run cuBLAS, but there was no current CUDA context! Attempting to set the primary context... (Triggered internally at /opt/pytorch/pytorch/aten/src/ATen/cuda/CublasHandlePool.cpp:181.)
  return Variable._execution_engine.run_backward(  # Calls into the C++ engine to run the backward pass
Epoch   1/20 | Steps:   1000 | α=1e-03 | Loss: 4.1445e-03 | BC: 1.0952e-04 | PDE: 4.0349e+00 | Val: 1.1267e-04 | Test: 5.6847e-05 |  *
Epoch   2/20 | Steps:   2000 | α=1e-03 | Loss: 3.6535e-03 | BC: 1.2773e-04 | PDE: 3.5258e+00 | Val: 1.4394e-04 | Test: 6.9182e-05 | 
Epoch   3/20 | Steps:   3000 | α=1e-03 | Loss: 4.0735e-03 | BC: 1.4165e-04 | PDE: 3.9318e+00 | Val: 1.3643e-04 | Test: 6.8674e-05 | 
Epoch   4/20 | Steps:   4000 | α=1e-03 | Loss: 3.1191e-03 | BC: 1.3971e-04 | PDE: 2.9794e+00 | Val: 1.4626e-04 | Test: 6.7803e-05 | 
Epoch   5/20 | Steps:   5000 | α=1e-03 | Loss: 3.2193e-03 | BC: 1.3596e-04 | PDE: 3.0834e+00 | Val: 1.2784e-04 | Test: 5.9118e-05 | 
Epoch   6/20 | Steps:   6000 | α=1e-03 | Loss: 2.4311e-03 | BC: 1.4755e-04 | PDE: 2.2836e+00 | Val: 1.6454e-04 | Test: 7.6694e-05 | 
Epoch   7/20 | Steps:   7000 | α=1e-03 | Loss: 3.1272e-03 | BC: 1.5663e-04 | PDE: 2.9706e+00 | Val: 1.5283e-04 | Test: 7.1315e-05 | 
Epoch   8/20 | Steps:   8000 | α=1e-03 | Loss: 4.5246e-03 | BC: 1.5839e-04 | PDE: 4.3662e+00 | Val: 1.5428e-04 | Test: 7.4497e-05 | 
Epoch   9/20 | Steps:   9000 | α=1e-03 | Loss: 2.8538e-03 | BC: 1.4238e-04 | PDE: 2.7114e+00 | Val: 1.4995e-04 | Test: 7.5411e-05 | 
Epoch  10/20 | Steps:  10000 | α=1e-03 | Loss: 2.6780e-03 | BC: 1.4716e-04 | PDE: 2.5308e+00 | Val: 1.3433e-04 | Test: 6.5529e-05 | 
Epoch  11/20 | Steps:  11000 | α=1e-03 | Loss: 2.6936e-03 | BC: 1.3388e-04 | PDE: 2.5597e+00 | Val: 1.2700e-04 | Test: 6.6896e-05 | 
Epoch  12/20 | Steps:  12000 | α=1e-03 | Loss: 5.3069e-03 | BC: 1.3600e-04 | PDE: 5.1709e+00 | Val: 1.2969e-04 | Test: 6.3470e-05 | 
Epoch  13/20 | Steps:  13000 | α=1e-03 | Loss: 3.1560e-03 | BC: 1.2161e-04 | PDE: 3.0344e+00 | Val: 1.2680e-04 | Test: 6.1074e-05 | 
Epoch  14/20 | Steps:  14000 | α=1e-03 | Loss: 4.2028e-03 | BC: 1.4365e-04 | PDE: 4.0592e+00 | Val: 1.6225e-04 | Test: 8.7552e-05 | 
Epoch  15/20 | Steps:  15000 | α=1e-03 | Loss: 4.3027e-03 | BC: 1.5421e-04 | PDE: 4.1485e+00 | Val: 1.4131e-04 | Test: 6.5865e-05 | 
Epoch  16/20 | Steps:  16000 | α=1e-03 | Loss: 2.1268e-03 | BC: 1.4417e-04 | PDE: 1.9827e+00 | Val: 1.4306e-04 | Test: 6.7375e-05 | 
Epoch  17/20 | Steps:  17000 | α=1e-03 | Loss: 2.4714e-03 | BC: 1.3897e-04 | PDE: 2.3324e+00 | Val: 1.3827e-04 | Test: 6.4286e-05 | 
Epoch  18/20 | Steps:  18000 | α=1e-03 | Loss: 2.8627e-03 | BC: 1.3577e-04 | PDE: 2.7269e+00 | Val: 1.2956e-04 | Test: 5.9943e-05 | 
Epoch  19/20 | Steps:  19000 | α=1e-03 | Loss: 2.9396e-03 | BC: 1.2714e-04 | PDE: 2.8124e+00 | Val: 1.2584e-04 | Test: 5.9170e-05 | 
Epoch  20/20 | Steps:  20000 | α=1e-03 | Loss: 2.6106e-03 | BC: 1.3859e-04 | PDE: 2.4720e+00 | Val: 1.4164e-04 | Test: 7.2006e-05 | 

Restored best model from epoch 1 (val_loss: 1.1267e-04, test_loss: 5.6847e-05)
Best checkpoint saved to: outputs/expr_7_2_iter/p600to1000_square/fix_alpha_1e-3/checkpoints/best_model.pt
Final checkpoint saved to: outputs/expr_7_2_iter/p600to1000_square/fix_alpha_1e-3/checkpoints/final_model.pt
Training completed in 172.94s (20,000 total steps)
  Stage 1 (p=600) PDE diagnostics:
    p-Lap (p=600) raw:        inf
    p-Lap (p=600) normalized: 8.6878e-03
    Inf-Lap raw:              2.3419e-03
    Inf-Lap normalized:       9.2169e-03

============================================================
Stage 2/5: Training with p=700
============================================================

Training configuration:
  Boundary points (train): 32,000 -> 80 batches of 400
  Interior points (train): 1,000,000 -> 1000 batches of 1000
  Interior sampling: RE-SAMPLE each epoch
  Boundary points (val): 8,000
  Validation loss: BC only
  Steps per epoch: 1,000
  Total steps: 20,000
  Epochs: 20
  Loss balancing: FixedAlphaSchedule
  LR scheduler: None (constant LR=1.0e-05)

Epoch   1/20 | Steps:   1000 | α=1e-03 | Loss: 4.9410e-03 | BC: 1.3879e-04 | PDE: 4.8023e+00 | Val: 1.6101e-04 | Test: 7.4145e-05 |  *
Epoch   2/20 | Steps:   2000 | α=1e-03 | Loss: 3.7934e-03 | BC: 1.7477e-04 | PDE: 3.6187e+00 | Val: 1.8483e-04 | Test: 8.4152e-05 | 
Epoch   3/20 | Steps:   3000 | α=1e-03 | Loss: 3.6727e-03 | BC: 1.9602e-04 | PDE: 3.4767e+00 | Val: 1.9770e-04 | Test: 9.3233e-05 | 
Epoch   4/20 | Steps:   4000 | α=1e-03 | Loss: 4.3437e-03 | BC: 2.1492e-04 | PDE: 4.1287e+00 | Val: 2.2362e-04 | Test: 1.1072e-04 | 
Epoch   5/20 | Steps:   5000 | α=1e-03 | Loss: 4.8010e-03 | BC: 2.2057e-04 | PDE: 4.5804e+00 | Val: 2.0529e-04 | Test: 9.9134e-05 | 
Epoch   6/20 | Steps:   6000 | α=1e-03 | Loss: 3.7238e-03 | BC: 2.0948e-04 | PDE: 3.5143e+00 | Val: 1.9642e-04 | Test: 9.2107e-05 | 
Epoch   7/20 | Steps:   7000 | α=1e-03 | Loss: 4.4905e-03 | BC: 2.1238e-04 | PDE: 4.2782e+00 | Val: 2.3643e-04 | Test: 1.1266e-04 | 
Epoch   8/20 | Steps:   8000 | α=1e-03 | Loss: 4.3131e-03 | BC: 2.4144e-04 | PDE: 4.0717e+00 | Val: 2.4679e-04 | Test: 1.1492e-04 | 
Epoch   9/20 | Steps:   9000 | α=1e-03 | Loss: 5.3164e-03 | BC: 2.4472e-04 | PDE: 5.0717e+00 | Val: 2.3719e-04 | Test: 1.0878e-04 | 
Epoch  10/20 | Steps:  10000 | α=1e-03 | Loss: 3.1345e-03 | BC: 2.2000e-04 | PDE: 2.9145e+00 | Val: 2.0028e-04 | Test: 9.9854e-05 | 
Epoch  11/20 | Steps:  11000 | α=1e-03 | Loss: 4.9707e-03 | BC: 2.0830e-04 | PDE: 4.7624e+00 | Val: 2.0602e-04 | Test: 1.0080e-04 | 
Epoch  12/20 | Steps:  12000 | α=1e-03 | Loss: 4.3888e-03 | BC: 2.0150e-04 | PDE: 4.1873e+00 | Val: 2.0039e-04 | Test: 9.8214e-05 | 
Epoch  13/20 | Steps:  13000 | α=1e-03 | Loss: 4.2373e-03 | BC: 2.1202e-04 | PDE: 4.0253e+00 | Val: 2.0679e-04 | Test: 9.8999e-05 | 
Epoch  14/20 | Steps:  14000 | α=1e-03 | Loss: 5.6322e-03 | BC: 2.1834e-04 | PDE: 5.4139e+00 | Val: 2.2475e-04 | Test: 1.0227e-04 | 
Epoch  15/20 | Steps:  15000 | α=1e-03 | Loss: 3.3851e-03 | BC: 2.4121e-04 | PDE: 3.1439e+00 | Val: 2.4273e-04 | Test: 1.2063e-04 | 
Epoch  16/20 | Steps:  16000 | α=1e-03 | Loss: 4.2051e-03 | BC: 2.5193e-04 | PDE: 3.9532e+00 | Val: 2.4073e-04 | Test: 1.1085e-04 | 
Epoch  17/20 | Steps:  17000 | α=1e-03 | Loss: 4.5854e-03 | BC: 2.3886e-04 | PDE: 4.3466e+00 | Val: 2.4426e-04 | Test: 1.1475e-04 | 
Epoch  18/20 | Steps:  18000 | α=1e-03 | Loss: 4.1494e-03 | BC: 2.3025e-04 | PDE: 3.9191e+00 | Val: 2.1652e-04 | Test: 9.9765e-05 | 
Epoch  19/20 | Steps:  19000 | α=1e-03 | Loss: 5.3270e-03 | BC: 2.2663e-04 | PDE: 5.1004e+00 | Val: 2.2014e-04 | Test: 1.0011e-04 | 
Epoch  20/20 | Steps:  20000 | α=1e-03 | Loss: 4.3947e-03 | BC: 2.3944e-04 | PDE: 4.1553e+00 | Val: 2.6011e-04 | Test: 1.3297e-04 | 

Restored best model from epoch 1 (val_loss: 1.6101e-04, test_loss: 7.4145e-05)
Best checkpoint saved to: outputs/expr_7_2_iter/p600to1000_square/fix_alpha_1e-3/checkpoints/best_model.pt
Final checkpoint saved to: outputs/expr_7_2_iter/p600to1000_square/fix_alpha_1e-3/checkpoints/final_model.pt
Training completed in 192.17s (20,000 total steps)
  Stage 2 (p=700) PDE diagnostics:
    p-Lap (p=700) raw:        inf
    p-Lap (p=700) normalized: 4.3819e-03
    Inf-Lap raw:              1.6605e-03
    Inf-Lap normalized:       4.7387e-03

============================================================
Stage 3/5: Training with p=800
============================================================

Training configuration:
  Boundary points (train): 32,000 -> 80 batches of 400
  Interior points (train): 1,000,000 -> 1000 batches of 1000
  Interior sampling: RE-SAMPLE each epoch
  Boundary points (val): 8,000
  Validation loss: BC only
  Steps per epoch: 1,000
  Total steps: 20,000
  Epochs: 20
  Loss balancing: FixedAlphaSchedule
  LR scheduler: None (constant LR=1.0e-05)

Epoch   1/20 | Steps:   1000 | α=1e-03 | Loss: 5.3632e-03 | BC: 1.8429e-04 | PDE: 5.1789e+00 | Val: 2.0664e-04 | Test: 9.7830e-05 |  *
Epoch   2/20 | Steps:   2000 | α=1e-03 | Loss: 6.2834e-03 | BC: 2.3425e-04 | PDE: 6.0492e+00 | Val: 2.5132e-04 | Test: 1.1503e-04 | 
Epoch   3/20 | Steps:   3000 | α=1e-03 | Loss: 6.4582e-03 | BC: 2.6312e-04 | PDE: 6.1950e+00 | Val: 2.7651e-04 | Test: 1.2862e-04 | 
Epoch   4/20 | Steps:   4000 | α=1e-03 | Loss: 6.2001e-03 | BC: 3.1313e-04 | PDE: 5.8870e+00 | Val: 3.5961e-04 | Test: 1.7654e-04 | 
Epoch   5/20 | Steps:   5000 | α=1e-03 | Loss: 5.1027e-03 | BC: 3.4208e-04 | PDE: 4.7607e+00 | Val: 3.4120e-04 | Test: 1.5549e-04 | 
Epoch   6/20 | Steps:   6000 | α=1e-03 | Loss: 5.5491e-03 | BC: 3.3798e-04 | PDE: 5.2112e+00 | Val: 3.3694e-04 | Test: 1.5678e-04 | 
Epoch   7/20 | Steps:   7000 | α=1e-03 | Loss: 5.7299e-03 | BC: 3.2449e-04 | PDE: 5.4054e+00 | Val: 3.2464e-04 | Test: 1.4832e-04 | 
Epoch   8/20 | Steps:   8000 | α=1e-03 | Loss: 5.5454e-03 | BC: 3.2437e-04 | PDE: 5.2211e+00 | Val: 3.1548e-04 | Test: 1.4595e-04 | 
Epoch   9/20 | Steps:   9000 | α=1e-03 | Loss: 4.9677e-03 | BC: 3.3498e-04 | PDE: 4.6327e+00 | Val: 3.3204e-04 | Test: 1.5357e-04 | 
Epoch  10/20 | Steps:  10000 | α=1e-03 | Loss: 5.1847e-03 | BC: 3.4433e-04 | PDE: 4.8404e+00 | Val: 3.6638e-04 | Test: 1.7865e-04 | 
Epoch  11/20 | Steps:  11000 | α=1e-03 | Loss: 5.7525e-03 | BC: 3.5329e-04 | PDE: 5.3992e+00 | Val: 3.3201e-04 | Test: 1.5596e-04 | 
Epoch  12/20 | Steps:  12000 | α=1e-03 | Loss: 4.5216e-03 | BC: 3.3635e-04 | PDE: 4.1853e+00 | Val: 3.4195e-04 | Test: 1.6619e-04 | 
Epoch  13/20 | Steps:  13000 | α=1e-03 | Loss: 4.9871e-03 | BC: 3.2298e-04 | PDE: 4.6642e+00 | Val: 3.0783e-04 | Test: 1.4128e-04 | 
Epoch  14/20 | Steps:  14000 | α=1e-03 | Loss: 5.1449e-03 | BC: 3.1038e-04 | PDE: 4.8345e+00 | Val: 3.2571e-04 | Test: 1.5102e-04 | 
Epoch  15/20 | Steps:  15000 | α=1e-03 | Loss: 5.6057e-03 | BC: 3.4796e-04 | PDE: 5.2578e+00 | Val: 3.5757e-04 | Test: 1.7129e-04 | 
Epoch  16/20 | Steps:  16000 | α=1e-03 | Loss: 4.7204e-03 | BC: 3.6792e-04 | PDE: 4.3525e+00 | Val: 3.5616e-04 | Test: 1.6788e-04 | 
Epoch  17/20 | Steps:  17000 | α=1e-03 | Loss: 4.8589e-03 | BC: 3.1916e-04 | PDE: 4.5397e+00 | Val: 2.9425e-04 | Test: 1.3315e-04 | 
Epoch  18/20 | Steps:  18000 | α=1e-03 | Loss: 4.8035e-03 | BC: 3.0893e-04 | PDE: 4.4946e+00 | Val: 2.9556e-04 | Test: 1.3519e-04 | 
Epoch  19/20 | Steps:  19000 | α=1e-03 | Loss: 5.1136e-03 | BC: 2.8918e-04 | PDE: 4.8244e+00 | Val: 2.9054e-04 | Test: 1.3559e-04 | 
Epoch  20/20 | Steps:  20000 | α=1e-03 | Loss: 4.5865e-03 | BC: 2.8156e-04 | PDE: 4.3049e+00 | Val: 2.8395e-04 | Test: 1.3378e-04 | 

Restored best model from epoch 1 (val_loss: 2.0664e-04, test_loss: 9.7830e-05)
Best checkpoint saved to: outputs/expr_7_2_iter/p600to1000_square/fix_alpha_1e-3/checkpoints/best_model.pt
Final checkpoint saved to: outputs/expr_7_2_iter/p600to1000_square/fix_alpha_1e-3/checkpoints/final_model.pt
Training completed in 197.47s (20,000 total steps)
  Stage 3 (p=800) PDE diagnostics:
    p-Lap (p=800) raw:        inf
    p-Lap (p=800) normalized: 5.9050e-03
    Inf-Lap raw:              2.2993e-03
    Inf-Lap normalized:       6.2664e-03

============================================================
Stage 4/5: Training with p=900
============================================================

Training configuration:
  Boundary points (train): 32,000 -> 80 batches of 400
  Interior points (train): 1,000,000 -> 1000 batches of 1000
  Interior sampling: RE-SAMPLE each epoch
  Boundary points (val): 8,000
  Validation loss: BC only
  Steps per epoch: 1,000
  Total steps: 20,000
  Epochs: 20
  Loss balancing: FixedAlphaSchedule
  LR scheduler: None (constant LR=1.0e-05)

Epoch   1/20 | Steps:   1000 | α=1e-03 | Loss: 7.6135e-03 | BC: 2.5408e-04 | PDE: 7.3595e+00 | Val: 2.9338e-04 | Test: 1.3745e-04 |  *
Epoch   2/20 | Steps:   2000 | α=1e-03 | Loss: 5.3348e-03 | BC: 3.1613e-04 | PDE: 5.0187e+00 | Val: 3.5189e-04 | Test: 1.6258e-04 | 
Epoch   3/20 | Steps:   3000 | α=1e-03 | Loss: 5.8072e-03 | BC: 3.6172e-04 | PDE: 5.4455e+00 | Val: 3.7008e-04 | Test: 1.6712e-04 | 
Epoch   4/20 | Steps:   4000 | α=1e-03 | Loss: 6.9563e-03 | BC: 3.7435e-04 | PDE: 6.5819e+00 | Val: 3.8187e-04 | Test: 1.7791e-04 | 
Epoch   5/20 | Steps:   5000 | α=1e-03 | Loss: 7.4949e-03 | BC: 3.9971e-04 | PDE: 7.0952e+00 | Val: 3.9916e-04 | Test: 1.7931e-04 | 
Epoch   6/20 | Steps:   6000 | α=1e-03 | Loss: 8.1196e-03 | BC: 4.1496e-04 | PDE: 7.7047e+00 | Val: 4.3888e-04 | Test: 2.0000e-04 | 
Epoch   7/20 | Steps:   7000 | α=1e-03 | Loss: 8.5571e-03 | BC: 4.4799e-04 | PDE: 8.1091e+00 | Val: 4.5212e-04 | Test: 2.0418e-04 | 
Epoch   8/20 | Steps:   8000 | α=1e-03 | Loss: 8.0036e-03 | BC: 4.5275e-04 | PDE: 7.5508e+00 | Val: 4.3939e-04 | Test: 2.0404e-04 | 
Epoch   9/20 | Steps:   9000 | α=1e-03 | Loss: 6.1336e-03 | BC: 4.2981e-04 | PDE: 5.7038e+00 | Val: 4.3446e-04 | Test: 1.9592e-04 | 
Epoch  10/20 | Steps:  10000 | α=1e-03 | Loss: 7.4180e-03 | BC: 4.4459e-04 | PDE: 6.9734e+00 | Val: 4.6349e-04 | Test: 2.2001e-04 | 
Epoch  11/20 | Steps:  11000 | α=1e-03 | Loss: 6.6354e-03 | BC: 4.6799e-04 | PDE: 6.1674e+00 | Val: 4.8474e-04 | Test: 2.2080e-04 | 
Epoch  12/20 | Steps:  12000 | α=1e-03 | Loss: 6.8678e-03 | BC: 4.8373e-04 | PDE: 6.3840e+00 | Val: 4.7734e-04 | Test: 2.1537e-04 | 
Epoch  13/20 | Steps:  13000 | α=1e-03 | Loss: 4.8259e-03 | BC: 4.7003e-04 | PDE: 4.3559e+00 | Val: 4.6406e-04 | Test: 2.0980e-04 | 
Epoch  14/20 | Steps:  14000 | α=1e-03 | Loss: 6.6646e-03 | BC: 4.8387e-04 | PDE: 6.1808e+00 | Val: 5.1987e-04 | Test: 2.4770e-04 | 
Epoch  15/20 | Steps:  15000 | α=1e-03 | Loss: 7.5206e-03 | BC: 5.2199e-04 | PDE: 6.9986e+00 | Val: 5.0225e-04 | Test: 2.4253e-04 | 
Epoch  16/20 | Steps:  16000 | α=1e-03 | Loss: 6.2820e-03 | BC: 5.0430e-04 | PDE: 5.7777e+00 | Val: 4.9056e-04 | Test: 2.3160e-04 | 
Epoch  17/20 | Steps:  17000 | α=1e-03 | Loss: 6.1496e-03 | BC: 4.9944e-04 | PDE: 5.6501e+00 | Val: 4.8284e-04 | Test: 2.3598e-04 | 
Epoch  18/20 | Steps:  18000 | α=1e-03 | Loss: 7.6846e-03 | BC: 4.8763e-04 | PDE: 7.1970e+00 | Val: 4.6824e-04 | Test: 2.2488e-04 | 
Epoch  19/20 | Steps:  19000 | α=1e-03 | Loss: 6.3245e-03 | BC: 4.7928e-04 | PDE: 5.8452e+00 | Val: 4.7387e-04 | Test: 2.2490e-04 | 
Epoch  20/20 | Steps:  20000 | α=1e-03 | Loss: 4.5994e-03 | BC: 4.8983e-04 | PDE: 4.1096e+00 | Val: 4.7333e-04 | Test: 2.3209e-04 | 

Restored best model from epoch 1 (val_loss: 2.9338e-04, test_loss: 1.3745e-04)
Best checkpoint saved to: outputs/expr_7_2_iter/p600to1000_square/fix_alpha_1e-3/checkpoints/best_model.pt
Final checkpoint saved to: outputs/expr_7_2_iter/p600to1000_square/fix_alpha_1e-3/checkpoints/final_model.pt
Training completed in 171.53s (20,000 total steps)
  Stage 4 (p=900) PDE diagnostics:
    p-Lap (p=900) raw:        inf
    p-Lap (p=900) normalized: 9.2179e-03
    Inf-Lap raw:              2.2071e-03
    Inf-Lap normalized:       9.5601e-03

============================================================
Stage 5/5: Training with p=1000
============================================================

Training configuration:
  Boundary points (train): 32,000 -> 80 batches of 400
  Interior points (train): 1,000,000 -> 1000 batches of 1000
  Interior sampling: RE-SAMPLE each epoch
  Boundary points (val): 8,000
  Validation loss: BC only
  Steps per epoch: 1,000
  Total steps: 20,000
  Epochs: 20
  Loss balancing: FixedAlphaSchedule
  LR scheduler: None (constant LR=1.0e-05)

Epoch   1/20 | Steps:   1000 | α=1e-03 | Loss: 8.4351e-03 | BC: 3.2150e-04 | PDE: 8.1136e+00 | Val: 3.6377e-04 | Test: 1.7264e-04 |  *
Epoch   2/20 | Steps:   2000 | α=1e-03 | Loss: 1.0035e-02 | BC: 3.9667e-04 | PDE: 9.6388e+00 | Val: 4.1786e-04 | Test: 1.9770e-04 | 
Epoch   3/20 | Steps:   3000 | α=1e-03 | Loss: 6.6487e-03 | BC: 4.6306e-04 | PDE: 6.1856e+00 | Val: 4.6822e-04 | Test: 2.2031e-04 | 
Epoch   4/20 | Steps:   4000 | α=1e-03 | Loss: 6.5233e-03 | BC: 5.1147e-04 | PDE: 6.0118e+00 | Val: 5.0543e-04 | Test: 2.3907e-04 | 
Epoch   5/20 | Steps:   5000 | α=1e-03 | Loss: 7.2349e-03 | BC: 5.1077e-04 | PDE: 6.7241e+00 | Val: 5.0969e-04 | Test: 2.3757e-04 | 
Epoch   6/20 | Steps:   6000 | α=1e-03 | Loss: 6.1298e-03 | BC: 5.3630e-04 | PDE: 5.5935e+00 | Val: 5.4968e-04 | Test: 2.5485e-04 | 
Epoch   7/20 | Steps:   7000 | α=1e-03 | Loss: 6.8530e-03 | BC: 5.5796e-04 | PDE: 6.2950e+00 | Val: 5.6485e-04 | Test: 2.5927e-04 | 
Epoch   8/20 | Steps:   8000 | α=1e-03 | Loss: 7.6658e-03 | BC: 5.7865e-04 | PDE: 7.0872e+00 | Val: 5.7599e-04 | Test: 2.6190e-04 | 
Epoch   9/20 | Steps:   9000 | α=1e-03 | Loss: 7.4789e-03 | BC: 5.6743e-04 | PDE: 6.9115e+00 | Val: 5.5974e-04 | Test: 2.5270e-04 | 
Epoch  10/20 | Steps:  10000 | α=1e-03 | Loss: 8.2735e-03 | BC: 5.8961e-04 | PDE: 7.6839e+00 | Val: 5.8022e-04 | Test: 2.6112e-04 | 
Epoch  11/20 | Steps:  11000 | α=1e-03 | Loss: 7.9483e-03 | BC: 5.9375e-04 | PDE: 7.3546e+00 | Val: 6.0047e-04 | Test: 2.7958e-04 | 
Epoch  12/20 | Steps:  12000 | α=1e-03 | Loss: 7.7546e-03 | BC: 5.6844e-04 | PDE: 7.1862e+00 | Val: 5.7702e-04 | Test: 2.6440e-04 | 
Epoch  13/20 | Steps:  13000 | α=1e-03 | Loss: 8.0030e-03 | BC: 5.8689e-04 | PDE: 7.4161e+00 | Val: 5.8357e-04 | Test: 2.7946e-04 | 
Epoch  14/20 | Steps:  14000 | α=1e-03 | Loss: 7.7766e-03 | BC: 5.7427e-04 | PDE: 7.2023e+00 | Val: 5.8446e-04 | Test: 2.7381e-04 | 
Epoch  15/20 | Steps:  15000 | α=1e-03 | Loss: 7.3918e-03 | BC: 6.0121e-04 | PDE: 6.7906e+00 | Val: 5.9655e-04 | Test: 2.8701e-04 | 
Epoch  16/20 | Steps:  16000 | α=1e-03 | Loss: 7.1326e-03 | BC: 6.1648e-04 | PDE: 6.5161e+00 | Val: 6.1946e-04 | Test: 2.8669e-04 | 
Epoch  17/20 | Steps:  17000 | α=1e-03 | Loss: 7.0389e-03 | BC: 6.1846e-04 | PDE: 6.4204e+00 | Val: 6.2456e-04 | Test: 2.8523e-04 | 
Epoch  18/20 | Steps:  18000 | α=1e-03 | Loss: 7.2359e-03 | BC: 6.0832e-04 | PDE: 6.6276e+00 | Val: 5.9367e-04 | Test: 2.6777e-04 | 
Epoch  19/20 | Steps:  19000 | α=1e-03 | Loss: 7.4273e-03 | BC: 5.8662e-04 | PDE: 6.8406e+00 | Val: 5.7818e-04 | Test: 2.6330e-04 | 
Epoch  20/20 | Steps:  20000 | α=1e-03 | Loss: 7.9487e-03 | BC: 5.7492e-04 | PDE: 7.3738e+00 | Val: 5.7625e-04 | Test: 2.6383e-04 | 

Restored best model from epoch 1 (val_loss: 3.6377e-04, test_loss: 1.7264e-04)
Best checkpoint saved to: outputs/expr_7_2_iter/p600to1000_square/fix_alpha_1e-3/checkpoints/best_model.pt
Final checkpoint saved to: outputs/expr_7_2_iter/p600to1000_square/fix_alpha_1e-3/checkpoints/final_model.pt
Training completed in 178.99s (20,000 total steps)
  Stage 5 (p=1000) PDE diagnostics:
    p-Lap (p=1000) raw:        inf
    p-Lap (p=1000) normalized: 1.6598e-02
    Inf-Lap raw:              2.8685e-03
    Inf-Lap normalized:       1.6999e-02

Iterative training completed in 913.10s
Total epochs: 100

Final Test MSE: 2.6383e-04
Inference (per point): 7.8011e-05s | (full domain): 7.7677e-05s
p-Lap (p=1000) PDE test (raw):        inf
p-Lap (p=1000) PDE test (normalized): 1.6598e-02
Inf-Lap PDE test (raw):                    2.8685e-03
Inf-Lap PDE test (normalized):             1.6999e-02
Saved .npz files to outputs/expr_7_2_iter/p600to1000_square/fix_alpha_1e-3/npy/
Saved plot to outputs/expr_7_2_iter/p600to1000_square/fix_alpha_1e-3/plots/results.png
