
============================================================
Dist-to-Boundary  —  Unit Disc  (2-D)
============================================================
Device: cuda
  Loaded p=5: 1310720 points, mse: 1.525772e-02
  Loaded p=10: 1310720 points, mse: 3.583581e-03
  Loaded p=15: 1310720 points, mse: 1.558547e-03
  Loaded p=20: 1310720 points, mse: 8.671650e-04
  Loaded p=25: 1310720 points, mse: 5.513795e-04
  Loaded p=30: 1310720 points, mse: 3.812468e-04
  Loaded p=35: 1310720 points, mse: 2.792386e-04
  Loaded p=40: 1310720 points, mse: 2.133030e-04
  Loaded p=45: 1310720 points, mse: 1.682393e-04
  Loaded p=50: 1310720 points, mse: 1.360850e-04
  Loaded p=55: 1310720 points, mse: 1.123419e-04
  Loaded p=60: 1310720 points, mse: 9.431299e-05
  Loaded p=65: 1310720 points, mse: 8.030154e-05
  Loaded p=70: 1310720 points, mse: 6.919690e-05
  Loaded p=75: 1310720 points, mse: 6.024730e-05
  Loaded p=80: 1310720 points, mse: 5.292912e-05
  Loaded p=85: 1310720 points, mse: 4.686864e-05
  Loaded p=90: 1310720 points, mse: 4.179332e-05
  Loaded p=95: 1310720 points, mse: 3.750069e-05
  Loaded p=100: 1310720 points, mse: 3.383766e-05
  Loaded p=105: 1310720 points, mse: 3.068690e-05
  Loaded p=110: 1310720 points, mse: 2.795711e-05
  Loaded p=115: 1310720 points, mse: 2.557655e-05
  Loaded p=120: 1310720 points, mse: 2.348806e-05
  Loaded p=125: 1310720 points, mse: 2.164575e-05
  Loaded p=130: 1310720 points, mse: 2.001239e-05
  Loaded p=135: 1310720 points, mse: 1.855752e-05
  Loaded p=140: 1310720 points, mse: 1.725609e-05
  Loaded p=145: 1310720 points, mse: 1.608721e-05
  Loaded p=150: 1310720 points, mse: 1.503350e-05
  Loaded p=155: 1310720 points, mse: 1.408029e-05
  Loaded p=160: 1310720 points, mse: 1.321521e-05
  Loaded p=165: 1310720 points, mse: 1.242771e-05
  Loaded p=170: 1310720 points, mse: 1.170879e-05
  Loaded p=175: 1310720 points, mse: 1.105070e-05
  Loaded p=180: 1310720 points, mse: 1.044677e-05
  Loaded p=185: 1310720 points, mse: 9.891222e-06
  Loaded p=190: 1310720 points, mse: 9.379015e-06
  Loaded p=195: 1310720 points, mse: 8.905752e-06
  Loaded p=200: 1310720 points, mse: 8.467587e-06
Training data: X=(52428800, 3)  Y=(52428800, 1)
Model: trunk=[2, 512, 512, 512, 128]  branch=[1, 128, 128, 128, 128]  params=642,433
Scheduler: CosineAnnealingLR  T_max=20  eta_min=1e-06
Epoch --- Train Loss --- LR --- p150 --- p200 --- p250 --- p500
    0 --- 1.665018e-03 --- 1.00e-04 --- 2.372327e-05 --- 2.270442e-05 --- 1.689435e-04 --- 1.103705e-02
    1 --- 1.316511e-05 --- 9.94e-05 --- 2.141214e-05 --- 1.572602e-05 --- 2.117175e-05 --- 4.567549e-04
    2 --- 5.301616e-06 --- 9.76e-05 --- 2.979922e-05 --- 2.655880e-05 --- 4.000430e-05 --- 4.471125e-04
    3 --- 3.451048e-06 --- 9.46e-05 --- 1.535160e-05 --- 1.322118e-05 --- 2.219650e-05 --- 2.662968e-04
    4 --- 2.407503e-06 --- 9.05e-05 --- 1.175973e-05 --- 8.743074e-06 --- 1.185922e-05 --- 9.241154e-05
    5 --- 1.816998e-06 --- 8.55e-05 --- 1.154150e-05 --- 8.004643e-06 --- 8.320668e-06 --- 4.452329e-05
    6 --- 1.406935e-06 --- 7.96e-05 --- 1.350245e-05 --- 9.495326e-06 --- 9.329259e-06 --- 3.987469e-05
    7 --- 1.096375e-06 --- 7.30e-05 --- 6.343167e-06 --- 3.489141e-06 --- 2.406926e-06 --- 2.562135e-05
    8 --- 8.509255e-07 --- 6.58e-05 --- 1.048866e-05 --- 6.234185e-06 --- 4.442993e-06 --- 2.651685e-05
    9 --- 6.674469e-07 --- 5.82e-05 --- 5.884221e-06 --- 2.813542e-06 --- 1.233655e-06 --- 2.580683e-05
   10 --- 5.176534e-07 --- 5.05e-05 --- 1.172813e-05 --- 7.393219e-06 --- 5.155482e-06 --- 2.694014e-05
   11 --- 4.053221e-07 --- 4.28e-05 --- 1.052396e-05 --- 6.272745e-06 --- 3.929747e-06 --- 2.888080e-05
   12 --- 3.251623e-07 --- 3.52e-05 --- 1.186961e-05 --- 7.075701e-06 --- 4.681136e-06 --- 2.588149e-05
   13 --- 2.660782e-07 --- 2.80e-05 --- 1.122832e-05 --- 6.497422e-06 --- 3.835860e-06 --- 2.533064e-05
   14 --- 2.265921e-07 --- 2.14e-05 --- 9.054915e-06 --- 5.200508e-06 --- 2.750540e-06 --- 1.955821e-05
   15 --- 1.955063e-07 --- 1.55e-05 --- 9.968507e-06 --- 5.778185e-06 --- 3.290897e-06 --- 2.103460e-05
   16 --- 1.755130e-07 --- 1.05e-05 --- 9.686192e-06 --- 5.386225e-06 --- 2.964779e-06 --- 1.858572e-05
   17 --- 1.613867e-07 --- 6.40e-06 --- 9.528106e-06 --- 5.332362e-06 --- 2.999642e-06 --- 1.698650e-05
   18 --- 1.523574e-07 --- 3.42e-06 --- 9.854550e-06 --- 5.553707e-06 --- 3.335871e-06 --- 1.573315e-05
   19 --- 1.476148e-07 --- 1.61e-06 --- 9.808934e-06 --- 5.485942e-06 --- 3.160681e-06 --- 1.556562e-05
Total training time: 9028.99s
Inference (per point): 1.3501e-04s | (full domain): 2.2558e-04s
  p=  5:  MSE=9.721031e-03
  p=105:  MSE=1.959342e-05
  p=205:  MSE=5.138546e-06
  p=305:  MSE=2.162005e-06
  p=405:  MSE=5.758471e-06
  Saved MSE curves → outputs/expr_6_4_2/disc/no_inf/npy/mse.npz  (deeponet, fem, pred_train)

All experiments completed!
