
============================================================
Running Example: absolute
============================================================

Generated full domain data:
  Boundary points: 40,000
  Interior points: 1,000,000
  Test points: 10,000
Re-sampling enabled: ~1,000,000 interior points per epoch

Splitting data: 80% train, 20% validation
  BC: 32,000 train, 8,000 val
  Interior: 800,000 train, 200,000 val

Model: DomainDecompositionPINN
  Hidden layers: [32, 32, 32, 32]
  Activation: tanh
  η: 1e-05 (normalized)
  Residual clipping: [-10.0, 10.0]
  Outlier removal: top 2.0%
  Parameters: 13,188

Training configuration:
  Boundary points (train): 32,000 -> 80 batches of 400
  Interior points (train): 1,000,000 -> 1000 batches of 1000
  Interior sampling: RE-SAMPLE each epoch
  Boundary points (val): 8,000
  Validation loss: BC only
  Steps per epoch: 1,000
  Total steps: 100,000
  Epochs: 100
  Loss balancing: FixedAlphaSchedule
  LR scheduler: cosine (LR: 1.0e-03 -> 1.0e-05)

/usr/local/lib/python3.12/dist-packages/torch/autograd/graph.py:824: UserWarning: Attempting to run cuBLAS, but there was no current CUDA context! Attempting to set the primary context... (Triggered internally at /opt/pytorch/pytorch/aten/src/ATen/cuda/CublasHandlePool.cpp:181.)
  return Variable._execution_engine.run_backward(  # Calls into the C++ engine to run the backward pass
Epoch   1/100 | Steps:   1000 | α=1e-05 | Loss: 3.6279e-03 | BC: 3.4175e-03 | PDE: 2.3243e-01 | Intf: 2.0801e-04 | Val: 9.9135e-04 | Test: 1.7139e-03 | LR=1.0e-03 *
Epoch   2/100 | Steps:   2000 | α=1e-05 | Loss: 2.7632e-04 | BC: 1.7357e-04 | PDE: 2.4302e-01 | Intf: 1.0032e-04 | Val: 2.0390e-05 | Test: 7.5039e-04 | LR=1.0e-03 *
Epoch   3/100 | Steps:   3000 | α=1e-05 | Loss: 2.4676e-04 | BC: 1.2403e-04 | PDE: 2.3684e-01 | Intf: 1.2036e-04 | Val: 4.4063e-04 | Test: 9.5679e-04 | LR=1.0e-03
Epoch   4/100 | Steps:   4000 | α=1e-05 | Loss: 2.4468e-04 | BC: 1.4335e-04 | PDE: 2.3739e-01 | Intf: 9.8957e-05 | Val: 2.7115e-04 | Test: 7.6265e-04 | LR=1.0e-03
Epoch   5/100 | Steps:   5000 | α=1e-05 | Loss: 2.0134e-04 | BC: 1.0947e-04 | PDE: 2.3717e-01 | Intf: 8.9501e-05 | Val: 4.5104e-05 | Test: 6.7140e-04 | LR=1.0e-03
Epoch   6/100 | Steps:   6000 | α=1e-05 | Loss: 2.0107e-04 | BC: 1.1004e-04 | PDE: 2.3540e-01 | Intf: 8.8683e-05 | Val: 8.1415e-05 | Test: 6.4091e-04 | LR=9.9e-04
Epoch   7/100 | Steps:   7000 | α=1e-05 | Loss: 1.8847e-04 | BC: 1.0537e-04 | PDE: 2.3869e-01 | Intf: 8.0716e-05 | Val: 1.2889e-04 | Test: 7.4596e-04 | LR=9.9e-04
Epoch   8/100 | Steps:   8000 | α=1e-05 | Loss: 1.7384e-04 | BC: 1.1820e-04 | PDE: 2.4334e-01 | Intf: 5.3201e-05 | Val: 1.6899e-04 | Test: 7.2055e-04 | LR=9.9e-04
Epoch   9/100 | Steps:   9000 | α=1e-05 | Loss: 1.8261e-04 | BC: 1.0333e-04 | PDE: 2.4507e-01 | Intf: 7.6826e-05 | Val: 9.1709e-05 | Test: 6.8119e-04 | LR=9.8e-04
Epoch  10/100 | Steps:  10000 | α=1e-05 | Loss: 1.7384e-04 | BC: 9.4098e-05 | PDE: 2.4712e-01 | Intf: 7.7271e-05 | Val: 2.1133e-05 | Test: 6.5740e-04 | LR=9.8e-04
Epoch  11/100 | Steps:  11000 | α=1e-05 | Loss: 1.4356e-04 | BC: 9.1004e-05 | PDE: 2.4624e-01 | Intf: 5.0096e-05 | Val: 8.5848e-05 | Test: 7.0381e-04 | LR=9.8e-04
Epoch  12/100 | Steps:  12000 | α=1e-05 | Loss: 1.5148e-04 | BC: 9.3822e-05 | PDE: 2.4928e-01 | Intf: 5.5166e-05 | Val: 8.4023e-05 | Test: 6.6804e-04 | LR=9.7e-04
Epoch  13/100 | Steps:  13000 | α=1e-05 | Loss: 1.5518e-04 | BC: 8.8124e-05 | PDE: 2.5044e-01 | Intf: 6.4555e-05 | Val: 1.1009e-03 | Test: 1.0487e-03 | LR=9.7e-04
Epoch  14/100 | Steps:  14000 | α=1e-05 | Loss: 1.4459e-04 | BC: 8.2041e-05 | PDE: 2.5323e-01 | Intf: 6.0019e-05 | Val: 3.1416e-05 | Test: 6.6414e-04 | LR=9.6e-04
Epoch  15/100 | Steps:  15000 | α=1e-05 | Loss: 1.2637e-04 | BC: 7.4789e-05 | PDE: 2.5046e-01 | Intf: 4.9081e-05 | Val: 1.9200e-04 | Test: 7.7741e-04 | LR=9.5e-04
Epoch  16/100 | Steps:  16000 | α=1e-05 | Loss: 1.7175e-04 | BC: 9.5112e-05 | PDE: 2.5313e-01 | Intf: 7.4103e-05 | Val: 1.9114e-05 | Test: 6.5259e-04 | LR=9.5e-04 *
Epoch  17/100 | Steps:  17000 | α=1e-05 | Loss: 7.4529e-05 | BC: 5.4361e-05 | PDE: 2.4989e-01 | Intf: 1.7669e-05 | Val: 3.2538e-05 | Test: 6.6065e-04 | LR=9.4e-04
Epoch  18/100 | Steps:  18000 | α=1e-05 | Loss: 1.1655e-04 | BC: 6.9010e-05 | PDE: 2.5090e-01 | Intf: 4.5031e-05 | Val: 5.0572e-05 | Test: 6.9578e-04 | LR=9.3e-04
Epoch  19/100 | Steps:  19000 | α=1e-05 | Loss: 2.2072e-04 | BC: 1.1525e-04 | PDE: 2.5240e-01 | Intf: 1.0294e-04 | Val: 6.5788e-05 | Test: 6.7558e-04 | LR=9.2e-04
Epoch  20/100 | Steps:  20000 | α=1e-05 | Loss: 4.0873e-05 | BC: 3.1447e-05 | PDE: 2.5240e-01 | Intf: 6.9023e-06 | Val: 4.9265e-05 | Test: 6.9215e-04 | LR=9.1e-04
Epoch  21/100 | Steps:  21000 | α=1e-05 | Loss: 9.8496e-05 | BC: 6.2849e-05 | PDE: 2.4873e-01 | Intf: 3.3159e-05 | Val: 4.0978e-05 | Test: 6.6208e-04 | LR=9.1e-04
Epoch  22/100 | Steps:  22000 | α=1e-05 | Loss: 9.5558e-05 | BC: 5.7500e-05 | PDE: 2.4834e-01 | Intf: 3.5575e-05 | Val: 6.3922e-05 | Test: 6.9469e-04 | LR=9.0e-04
Epoch  23/100 | Steps:  23000 | α=1e-05 | Loss: 9.7642e-05 | BC: 6.2775e-05 | PDE: 2.4632e-01 | Intf: 3.2404e-05 | Val: 2.8564e-05 | Test: 6.6304e-04 | LR=8.9e-04
Epoch  24/100 | Steps:  24000 | α=1e-05 | Loss: 1.5797e-04 | BC: 8.1846e-05 | PDE: 2.5045e-01 | Intf: 7.3622e-05 | Val: 1.4691e-05 | Test: 6.7587e-04 | LR=8.8e-04 *
Epoch  25/100 | Steps:  25000 | α=1e-05 | Loss: 6.1800e-05 | BC: 4.3248e-05 | PDE: 2.4029e-01 | Intf: 1.6149e-05 | Val: 5.1266e-05 | Test: 6.6857e-04 | LR=8.7e-04
Epoch  26/100 | Steps:  26000 | α=1e-05 | Loss: 8.6650e-05 | BC: 5.5659e-05 | PDE: 2.4323e-01 | Intf: 2.8559e-05 | Val: 1.5328e-05 | Test: 6.7021e-04 | LR=8.6e-04
Epoch  27/100 | Steps:  27000 | α=1e-05 | Loss: 7.7004e-05 | BC: 4.8219e-05 | PDE: 2.4093e-01 | Intf: 2.6376e-05 | Val: 6.0922e-05 | Test: 6.9314e-04 | LR=8.4e-04
Epoch  28/100 | Steps:  28000 | α=1e-05 | Loss: 8.1992e-05 | BC: 5.0739e-05 | PDE: 2.4025e-01 | Intf: 2.8851e-05 | Val: 7.9955e-05 | Test: 7.3199e-04 | LR=8.3e-04
Epoch  29/100 | Steps:  29000 | α=1e-05 | Loss: 8.1682e-05 | BC: 5.0087e-05 | PDE: 2.3750e-01 | Intf: 2.9220e-05 | Val: 2.1716e-05 | Test: 6.7161e-04 | LR=8.2e-04
Epoch  30/100 | Steps:  30000 | α=1e-05 | Loss: 9.7314e-05 | BC: 6.2191e-05 | PDE: 2.3670e-01 | Intf: 3.2757e-05 | Val: 5.1324e-04 | Test: 9.6073e-04 | LR=8.1e-04
Epoch  31/100 | Steps:  31000 | α=1e-05 | Loss: 1.1782e-04 | BC: 8.1298e-05 | PDE: 2.4293e-01 | Intf: 3.4088e-05 | Val: 2.5837e-05 | Test: 6.7043e-04 | LR=8.0e-04
Epoch  32/100 | Steps:  32000 | α=1e-05 | Loss: 8.9861e-05 | BC: 5.7664e-05 | PDE: 2.4244e-01 | Intf: 2.9773e-05 | Val: 4.6426e-05 | Test: 6.9127e-04 | LR=7.8e-04
Epoch  33/100 | Steps:  33000 | α=1e-05 | Loss: 7.6711e-05 | BC: 5.0801e-05 | PDE: 2.4288e-01 | Intf: 2.3482e-05 | Val: 9.2068e-05 | Test: 7.1375e-04 | LR=7.7e-04
Epoch  34/100 | Steps:  34000 | α=1e-05 | Loss: 8.7672e-05 | BC: 5.6833e-05 | PDE: 2.4446e-01 | Intf: 2.8394e-05 | Val: 2.9360e-05 | Test: 6.7628e-04 | LR=7.6e-04
Epoch  35/100 | Steps:  35000 | α=1e-05 | Loss: 9.1816e-05 | BC: 5.7628e-05 | PDE: 2.4389e-01 | Intf: 3.1749e-05 | Val: 2.6442e-05 | Test: 6.6971e-04 | LR=7.4e-04
Epoch  36/100 | Steps:  36000 | α=1e-05 | Loss: 7.6650e-05 | BC: 4.9734e-05 | PDE: 2.4198e-01 | Intf: 2.4496e-05 | Val: 2.5291e-05 | Test: 6.8205e-04 | LR=7.3e-04
Epoch  37/100 | Steps:  37000 | α=1e-05 | Loss: 7.4646e-05 | BC: 5.1324e-05 | PDE: 2.4186e-01 | Intf: 2.0903e-05 | Val: 4.5642e-05 | Test: 6.9201e-04 | LR=7.2e-04
Epoch  38/100 | Steps:  38000 | α=1e-05 | Loss: 7.5114e-05 | BC: 4.7322e-05 | PDE: 2.4144e-01 | Intf: 2.5377e-05 | Val: 2.5643e-05 | Test: 6.8854e-04 | LR=7.0e-04
Epoch  39/100 | Steps:  39000 | α=1e-05 | Loss: 6.6191e-05 | BC: 4.2235e-05 | PDE: 2.3868e-01 | Intf: 2.1570e-05 | Val: 2.5074e-05 | Test: 6.8659e-04 | LR=6.9e-04
Epoch  40/100 | Steps:  40000 | α=1e-05 | Loss: 6.5114e-05 | BC: 4.1408e-05 | PDE: 2.3760e-01 | Intf: 2.1330e-05 | Val: 2.8327e-05 | Test: 6.8681e-04 | LR=6.7e-04
Epoch  41/100 | Steps:  41000 | α=1e-05 | Loss: 6.3879e-05 | BC: 4.1716e-05 | PDE: 2.3681e-01 | Intf: 1.9795e-05 | Val: 1.9236e-05 | Test: 6.7696e-04 | LR=6.6e-04
Epoch  42/100 | Steps:  42000 | α=1e-05 | Loss: 6.3226e-05 | BC: 4.0842e-05 | PDE: 2.3493e-01 | Intf: 2.0034e-05 | Val: 2.1218e-05 | Test: 6.8175e-04 | LR=6.4e-04
Epoch  43/100 | Steps:  43000 | α=1e-05 | Loss: 5.8109e-05 | BC: 3.9072e-05 | PDE: 2.3264e-01 | Intf: 1.6711e-05 | Val: 3.9292e-05 | Test: 6.7772e-04 | LR=6.3e-04
Epoch  44/100 | Steps:  44000 | α=1e-05 | Loss: 5.3862e-05 | BC: 3.3572e-05 | PDE: 2.3069e-01 | Intf: 1.7984e-05 | Val: 6.7133e-05 | Test: 7.0212e-04 | LR=6.1e-04
Epoch  45/100 | Steps:  45000 | α=1e-05 | Loss: 5.6163e-05 | BC: 3.7809e-05 | PDE: 2.3027e-01 | Intf: 1.6051e-05 | Val: 4.8899e-05 | Test: 6.9671e-04 | LR=6.0e-04
Epoch  46/100 | Steps:  46000 | α=1e-05 | Loss: 4.3887e-05 | BC: 2.8217e-05 | PDE: 2.2792e-01 | Intf: 1.3390e-05 | Val: 1.7646e-05 | Test: 6.7710e-04 | LR=5.8e-04
Epoch  47/100 | Steps:  47000 | α=1e-05 | Loss: 6.6967e-05 | BC: 4.2302e-05 | PDE: 2.2756e-01 | Intf: 2.2390e-05 | Val: 1.1536e-05 | Test: 6.7083e-04 | LR=5.7e-04 *
Epoch  48/100 | Steps:  48000 | α=1e-05 | Loss: 3.8172e-05 | BC: 2.5783e-05 | PDE: 2.2352e-01 | Intf: 1.0154e-05 | Val: 7.0719e-05 | Test: 7.1286e-04 | LR=5.5e-04
Epoch  49/100 | Steps:  49000 | α=1e-05 | Loss: 4.0028e-05 | BC: 2.6176e-05 | PDE: 2.2301e-01 | Intf: 1.1622e-05 | Val: 8.6088e-05 | Test: 7.2434e-04 | LR=5.4e-04
Epoch  50/100 | Steps:  50000 | α=1e-05 | Loss: 4.2746e-05 | BC: 2.8076e-05 | PDE: 2.2118e-01 | Intf: 1.2458e-05 | Val: 2.5521e-05 | Test: 6.9375e-04 | LR=5.2e-04
Epoch  51/100 | Steps:  51000 | α=1e-05 | Loss: 3.7004e-05 | BC: 2.4495e-05 | PDE: 2.1980e-01 | Intf: 1.0311e-05 | Val: 2.9274e-05 | Test: 6.9813e-04 | LR=5.1e-04
Epoch  52/100 | Steps:  52000 | α=1e-05 | Loss: 4.1082e-05 | BC: 2.4903e-05 | PDE: 2.1886e-01 | Intf: 1.3990e-05 | Val: 1.0166e-05 | Test: 6.9652e-04 | LR=4.9e-04 *
Epoch  53/100 | Steps:  53000 | α=1e-05 | Loss: 3.1331e-05 | BC: 2.0381e-05 | PDE: 2.1625e-01 | Intf: 8.7878e-06 | Val: 1.4828e-05 | Test: 6.9398e-04 | LR=4.7e-04
Epoch  54/100 | Steps:  54000 | α=1e-05 | Loss: 3.2519e-05 | BC: 2.0930e-05 | PDE: 2.1658e-01 | Intf: 9.4229e-06 | Val: 2.7870e-05 | Test: 7.0277e-04 | LR=4.6e-04
Epoch  55/100 | Steps:  55000 | α=1e-05 | Loss: 3.0342e-05 | BC: 1.9045e-05 | PDE: 2.1654e-01 | Intf: 9.1309e-06 | Val: 3.8411e-05 | Test: 7.5293e-04 | LR=4.4e-04
Epoch  56/100 | Steps:  56000 | α=1e-05 | Loss: 2.7397e-05 | BC: 1.7278e-05 | PDE: 2.1709e-01 | Intf: 7.9483e-06 | Val: 1.6407e-05 | Test: 7.2627e-04 | LR=4.3e-04
Epoch  57/100 | Steps:  57000 | α=1e-05 | Loss: 2.6201e-05 | BC: 1.5594e-05 | PDE: 2.1823e-01 | Intf: 8.4251e-06 | Val: 1.6425e-05 | Test: 7.4481e-04 | LR=4.1e-04
Epoch  58/100 | Steps:  58000 | α=1e-05 | Loss: 2.3542e-05 | BC: 1.4075e-05 | PDE: 2.1935e-01 | Intf: 7.2731e-06 | Val: 1.2451e-05 | Test: 7.6178e-04 | LR=4.0e-04
Epoch  59/100 | Steps:  59000 | α=1e-05 | Loss: 2.8342e-05 | BC: 1.6920e-05 | PDE: 2.2110e-01 | Intf: 9.2110e-06 | Val: 6.7760e-05 | Test: 7.6640e-04 | LR=3.8e-04
Epoch  60/100 | Steps:  60000 | α=1e-05 | Loss: 1.5444e-05 | BC: 8.9457e-06 | PDE: 2.1895e-01 | Intf: 4.3088e-06 | Val: 1.7696e-05 | Test: 7.4778e-04 | LR=3.7e-04
Epoch  61/100 | Steps:  61000 | α=1e-05 | Loss: 1.7924e-05 | BC: 1.0471e-05 | PDE: 2.2159e-01 | Intf: 5.2364e-06 | Val: 3.3887e-05 | Test: 7.9778e-04 | LR=3.5e-04
Epoch  62/100 | Steps:  62000 | α=1e-05 | Loss: 1.6460e-05 | BC: 9.0895e-06 | PDE: 2.2221e-01 | Intf: 5.1489e-06 | Val: 2.6123e-05 | Test: 7.9222e-04 | LR=3.4e-04
Epoch  63/100 | Steps:  63000 | α=1e-05 | Loss: 1.9995e-05 | BC: 1.1671e-05 | PDE: 2.2154e-01 | Intf: 6.1086e-06 | Val: 2.8015e-06 | Test: 7.7075e-04 | LR=3.2e-04 *
Epoch  64/100 | Steps:  64000 | α=1e-05 | Loss: 1.2272e-05 | BC: 6.6825e-06 | PDE: 2.2177e-01 | Intf: 3.3713e-06 | Val: 3.8995e-05 | Test: 7.8597e-04 | LR=3.1e-04
Epoch  65/100 | Steps:  65000 | α=1e-05 | Loss: 1.3370e-05 | BC: 7.2181e-06 | PDE: 2.2124e-01 | Intf: 3.9398e-06 | Val: 2.1751e-06 | Test: 7.7336e-04 | LR=2.9e-04 *
Epoch  66/100 | Steps:  66000 | α=1e-05 | Loss: 1.3702e-05 | BC: 7.4029e-06 | PDE: 2.1996e-01 | Intf: 4.0998e-06 | Val: 4.7901e-06 | Test: 7.5571e-04 | LR=2.8e-04
Epoch  67/100 | Steps:  67000 | α=1e-05 | Loss: 1.2109e-05 | BC: 6.4867e-06 | PDE: 2.1958e-01 | Intf: 3.4261e-06 | Val: 3.8404e-06 | Test: 7.6400e-04 | LR=2.7e-04
Epoch  68/100 | Steps:  68000 | α=1e-05 | Loss: 1.0524e-05 | BC: 5.4209e-06 | PDE: 2.1804e-01 | Intf: 2.9223e-06 | Val: 8.6584e-06 | Test: 7.6772e-04 | LR=2.5e-04
Epoch  69/100 | Steps:  69000 | α=1e-05 | Loss: 1.0746e-05 | BC: 5.6809e-06 | PDE: 2.1686e-01 | Intf: 2.8969e-06 | Val: 6.3892e-06 | Test: 7.5791e-04 | LR=2.4e-04
Epoch  70/100 | Steps:  70000 | α=1e-05 | Loss: 8.5462e-06 | BC: 4.2542e-06 | PDE: 2.1485e-01 | Intf: 2.1435e-06 | Val: 5.7237e-06 | Test: 7.5043e-04 | LR=2.3e-04
Epoch  71/100 | Steps:  71000 | α=1e-05 | Loss: 9.3968e-06 | BC: 4.7920e-06 | PDE: 2.1372e-01 | Intf: 2.4676e-06 | Val: 1.0091e-05 | Test: 7.3269e-04 | LR=2.1e-04
Epoch  72/100 | Steps:  72000 | α=1e-05 | Loss: 7.7634e-06 | BC: 3.8108e-06 | PDE: 2.1217e-01 | Intf: 1.8309e-06 | Val: 1.3163e-05 | Test: 7.4547e-04 | LR=2.0e-04
Epoch  73/100 | Steps:  73000 | α=1e-05 | Loss: 6.8676e-06 | BC: 3.3157e-06 | PDE: 2.1054e-01 | Intf: 1.4466e-06 | Val: 4.5547e-06 | Test: 7.5053e-04 | LR=1.9e-04
Epoch  74/100 | Steps:  74000 | α=1e-05 | Loss: 7.0488e-06 | BC: 3.4009e-06 | PDE: 2.0802e-01 | Intf: 1.5677e-06 | Val: 1.9541e-05 | Test: 7.6679e-04 | LR=1.8e-04
Epoch  75/100 | Steps:  75000 | α=1e-05 | Loss: 6.4957e-06 | BC: 3.0246e-06 | PDE: 2.0623e-01 | Intf: 1.4088e-06 | Val: 3.6732e-06 | Test: 7.3019e-04 | LR=1.7e-04
Epoch  76/100 | Steps:  76000 | α=1e-05 | Loss: 5.6785e-06 | BC: 2.5320e-06 | PDE: 2.0407e-01 | Intf: 1.1058e-06 | Val: 2.1849e-06 | Test: 7.2296e-04 | LR=1.5e-04
Epoch  77/100 | Steps:  77000 | α=1e-05 | Loss: 5.3130e-06 | BC: 2.3959e-06 | PDE: 2.0229e-01 | Intf: 8.9425e-07 | Val: 3.1101e-06 | Test: 7.2391e-04 | LR=1.4e-04
Epoch  78/100 | Steps:  78000 | α=1e-05 | Loss: 4.5695e-06 | BC: 1.8475e-06 | PDE: 1.9798e-01 | Intf: 7.4215e-07 | Val: 1.7297e-06 | Test: 7.2085e-04 | LR=1.3e-04 *
Epoch  79/100 | Steps:  79000 | α=1e-05 | Loss: 4.1956e-06 | BC: 1.6758e-06 | PDE: 1.9385e-01 | Intf: 5.8140e-07 | Val: 1.1655e-06 | Test: 7.0890e-04 | LR=1.2e-04 *
Epoch  80/100 | Steps:  80000 | α=1e-05 | Loss: 3.9270e-06 | BC: 1.5239e-06 | PDE: 1.9030e-01 | Intf: 5.0006e-07 | Val: 9.3309e-07 | Test: 7.0075e-04 | LR=1.1e-04 *
Epoch  81/100 | Steps:  81000 | α=1e-05 | Loss: 3.8271e-06 | BC: 1.5171e-06 | PDE: 1.8690e-01 | Intf: 4.4102e-07 | Val: 1.6680e-06 | Test: 6.9435e-04 | LR=1.0e-04
Epoch  82/100 | Steps:  82000 | α=1e-05 | Loss: 3.6046e-06 | BC: 1.3583e-06 | PDE: 1.8303e-01 | Intf: 4.1593e-07 | Val: 1.2970e-06 | Test: 6.9099e-04 | LR=9.6e-05
Epoch  83/100 | Steps:  83000 | α=1e-05 | Loss: 3.3290e-06 | BC: 1.2228e-06 | PDE: 1.7931e-01 | Intf: 3.1307e-07 | Val: 6.7596e-07 | Test: 6.8474e-04 | LR=8.7e-05 *
Epoch  84/100 | Steps:  84000 | α=1e-05 | Loss: 3.0030e-06 | BC: 9.7709e-07 | PDE: 1.7569e-01 | Intf: 2.6904e-07 | Val: 7.4263e-07 | Test: 6.8040e-04 | LR=7.9e-05
Epoch  85/100 | Steps:  85000 | α=1e-05 | Loss: 2.8451e-06 | BC: 8.8609e-07 | PDE: 1.7233e-01 | Intf: 2.3571e-07 | Val: 9.0937e-07 | Test: 6.7443e-04 | LR=7.1e-05
Epoch  86/100 | Steps:  86000 | α=1e-05 | Loss: 2.7017e-06 | BC: 8.1921e-07 | PDE: 1.6895e-01 | Intf: 1.9304e-07 | Val: 5.6811e-07 | Test: 6.6885e-04 | LR=6.4e-05 *
Epoch  87/100 | Steps:  87000 | α=1e-05 | Loss: 2.5010e-06 | BC: 6.8885e-07 | PDE: 1.6542e-01 | Intf: 1.5801e-07 | Val: 6.0086e-07 | Test: 6.6141e-04 | LR=5.7e-05
Epoch  88/100 | Steps:  88000 | α=1e-05 | Loss: 2.2751e-06 | BC: 5.3973e-07 | PDE: 1.6224e-01 | Intf: 1.1299e-07 | Val: 3.9671e-07 | Test: 6.5597e-04 | LR=5.1e-05 *
Epoch  89/100 | Steps:  89000 | α=1e-05 | Loss: 2.2383e-06 | BC: 5.2643e-07 | PDE: 1.5945e-01 | Intf: 1.1743e-07 | Val: 4.6819e-07 | Test: 6.5471e-04 | LR=4.5e-05
Epoch  90/100 | Steps:  90000 | α=1e-05 | Loss: 2.0671e-06 | BC: 4.1464e-07 | PDE: 1.5627e-01 | Intf: 8.9738e-08 | Val: 3.8072e-07 | Test: 6.4888e-04 | LR=3.9e-05 *
Epoch  91/100 | Steps:  91000 | α=1e-05 | Loss: 1.9376e-06 | BC: 3.3887e-07 | PDE: 1.5370e-01 | Intf: 6.1699e-08 | Val: 2.7279e-07 | Test: 6.4777e-04 | LR=3.4e-05 *
Epoch  92/100 | Steps:  92000 | α=1e-05 | Loss: 1.9023e-06 | BC: 3.3121e-07 | PDE: 1.5108e-01 | Intf: 6.0324e-08 | Val: 2.6328e-07 | Test: 6.4637e-04 | LR=3.0e-05 *
Epoch  93/100 | Steps:  93000 | α=1e-05 | Loss: 1.7973e-06 | BC: 2.6589e-07 | PDE: 1.4862e-01 | Intf: 4.5209e-08 | Val: 2.6538e-07 | Test: 6.4551e-04 | LR=2.6e-05
Epoch  94/100 | Steps:  94000 | α=1e-05 | Loss: 1.7344e-06 | BC: 2.3360e-07 | PDE: 1.4665e-01 | Intf: 3.4302e-08 | Val: 1.9651e-07 | Test: 6.4411e-04 | LR=2.2e-05 *
Epoch  95/100 | Steps:  95000 | α=1e-05 | Loss: 1.6894e-06 | BC: 2.1467e-07 | PDE: 1.4437e-01 | Intf: 3.0958e-08 | Val: 1.8841e-07 | Test: 6.4120e-04 | LR=1.9e-05 *
Epoch  96/100 | Steps:  96000 | α=1e-05 | Loss: 1.6357e-06 | BC: 1.8598e-07 | PDE: 1.4240e-01 | Intf: 2.5784e-08 | Val: 1.8137e-07 | Test: 6.4068e-04 | LR=1.6e-05 *
Epoch  97/100 | Steps:  97000 | α=1e-05 | Loss: 1.6018e-06 | BC: 1.7031e-07 | PDE: 1.4074e-01 | Intf: 2.4043e-08 | Val: 1.5953e-07 | Test: 6.3682e-04 | LR=1.4e-05 *
Epoch  98/100 | Steps:  98000 | α=1e-05 | Loss: 1.5739e-06 | BC: 1.6011e-07 | PDE: 1.3948e-01 | Intf: 1.9038e-08 | Val: 1.4389e-07 | Test: 6.3640e-04 | LR=1.2e-05 *
Epoch  99/100 | Steps:  99000 | α=1e-05 | Loss: 1.5548e-06 | BC: 1.5505e-07 | PDE: 1.3814e-01 | Intf: 1.8295e-08 | Val: 1.4212e-07 | Test: 6.3553e-04 | LR=1.1e-05 *
Epoch 100/100 | Steps: 100000 | α=1e-05 | Loss: 1.5284e-06 | BC: 1.4868e-07 | PDE: 1.3624e-01 | Intf: 1.7316e-08 | Val: 1.3759e-07 | Test: 6.3275e-04 | LR=1.0e-05 *

Restored best model from epoch 100 (val_loss: 1.3759e-07, test_loss: 6.3275e-04)
Best checkpoint saved to: outputs/expr_7_1/absolute_dd/alpha1e-5/checkpoints/best_model.pt
Final checkpoint saved to: outputs/expr_7_1/absolute_dd/alpha1e-5/checkpoints/final_model.pt
Training completed in 3410.68s (100,000 total steps)

Final Test MSE: 6.3275e-04
Inference (per point): 4.5344e-04s | (full domain): 7.1417e-04s
Saved plot to outputs/expr_7_1/absolute_dd/alpha1e-5/plots/results.png
