
============================================================
p-Laplacian Aronsson Example
============================================================

Generated full domain data:
  Boundary points: 40,000
  Interior points: 1,000,000
  Test points: 10,000
Re-sampling enabled: ~1,000,000 interior points per epoch

Splitting data: 80% train, 20% validation
  BC: 32,000 train, 8,000 val
  Interior: 800,000 train, 200,000 val

Loading checkpoint: outputs/expr_7_2_iter/p2to20_square/more_epochs/checkpoints/best_model_p20.pt

Model: PLaplacianPINN on Square [-1,1]²
  Hidden layers: [128, 128, 128, 128], activation: tanh
  η=1e-05, clip_residual=100.0, clip_grad_norm=1.0
  Outlier removal: top 2.0%
  Parameters: 50,049

Iterative Training Schedule:
  p values: [25, 30, 40, 50]
  Epochs per p: 40


============================================================
Stage 1/4: Training with p=25
============================================================

Training configuration:
  Boundary points (train): 32,000 -> 80 batches of 400
  Interior points (train): 1,000,000 -> 1000 batches of 1000
  Interior sampling: RE-SAMPLE each epoch
  Boundary points (val): 8,000
  Validation loss: BC only
  Steps per epoch: 1,000
  Total steps: 40,000
  Epochs: 40
  Loss balancing: FixedAlphaSchedule
  LR scheduler: None (constant LR=1.0e-05)

/usr/local/lib/python3.12/dist-packages/torch/autograd/graph.py:824: UserWarning: Attempting to run cuBLAS, but there was no current CUDA context! Attempting to set the primary context... (Triggered internally at /opt/pytorch/pytorch/aten/src/ATen/cuda/CublasHandlePool.cpp:181.)
  return Variable._execution_engine.run_backward(  # Calls into the C++ engine to run the backward pass
Epoch   1/40 | Steps:   1000 | α=1e-02 | Loss: 1.3467e-04 | BC: 9.7483e-06 | PDE: 1.2492e-02 | Val: 9.7509e-06 | Test: 2.6475e-05 |  *
Epoch   2/40 | Steps:   2000 | α=1e-02 | Loss: 6.5615e-05 | BC: 9.0849e-06 | PDE: 5.6530e-03 | Val: 9.1170e-06 | Test: 2.5745e-05 |  *
Epoch   3/40 | Steps:   3000 | α=1e-02 | Loss: 5.8345e-05 | BC: 8.7642e-06 | PDE: 4.9581e-03 | Val: 8.6642e-06 | Test: 2.4919e-05 |  *
Epoch   4/40 | Steps:   4000 | α=1e-02 | Loss: 5.3806e-05 | BC: 8.5811e-06 | PDE: 4.5225e-03 | Val: 8.5902e-06 | Test: 2.4832e-05 |  *
Epoch   5/40 | Steps:   5000 | α=1e-02 | Loss: 4.9317e-05 | BC: 8.4038e-06 | PDE: 4.0913e-03 | Val: 8.5212e-06 | Test: 2.4692e-05 |  *
Epoch   6/40 | Steps:   6000 | α=1e-02 | Loss: 4.9107e-05 | BC: 8.2425e-06 | PDE: 4.0864e-03 | Val: 9.1187e-06 | Test: 2.5418e-05 | 
Epoch   7/40 | Steps:   7000 | α=1e-02 | Loss: 4.7899e-05 | BC: 8.0511e-06 | PDE: 3.9848e-03 | Val: 8.2200e-06 | Test: 2.4705e-05 |  *
Epoch   8/40 | Steps:   8000 | α=1e-02 | Loss: 4.7624e-05 | BC: 7.9816e-06 | PDE: 3.9642e-03 | Val: 9.7005e-06 | Test: 2.5939e-05 | 
Epoch   9/40 | Steps:   9000 | α=1e-02 | Loss: 4.4397e-05 | BC: 7.8438e-06 | PDE: 3.6554e-03 | Val: 8.2883e-06 | Test: 2.4979e-05 | 
Epoch  10/40 | Steps:  10000 | α=1e-02 | Loss: 4.3852e-05 | BC: 7.6569e-06 | PDE: 3.6195e-03 | Val: 8.4597e-06 | Test: 2.5345e-05 | 
Epoch  11/40 | Steps:  11000 | α=1e-02 | Loss: 4.3154e-05 | BC: 7.5640e-06 | PDE: 3.5590e-03 | Val: 7.4841e-06 | Test: 2.4525e-05 |  *
Epoch  12/40 | Steps:  12000 | α=1e-02 | Loss: 4.2582e-05 | BC: 7.4579e-06 | PDE: 3.5124e-03 | Val: 7.4194e-06 | Test: 2.4691e-05 |  *
Epoch  13/40 | Steps:  13000 | α=1e-02 | Loss: 4.1144e-05 | BC: 7.3089e-06 | PDE: 3.3835e-03 | Val: 7.5668e-06 | Test: 2.4892e-05 | 
Epoch  14/40 | Steps:  14000 | α=1e-02 | Loss: 4.1795e-05 | BC: 7.2898e-06 | PDE: 3.4505e-03 | Val: 8.2614e-06 | Test: 2.5650e-05 | 
Epoch  15/40 | Steps:  15000 | α=1e-02 | Loss: 4.0583e-05 | BC: 7.1352e-06 | PDE: 3.3448e-03 | Val: 7.2864e-06 | Test: 2.4726e-05 |  *
Epoch  16/40 | Steps:  16000 | α=1e-02 | Loss: 4.1381e-05 | BC: 7.0893e-06 | PDE: 3.4292e-03 | Val: 7.5380e-06 | Test: 2.5200e-05 | 
Epoch  17/40 | Steps:  17000 | α=1e-02 | Loss: 4.0099e-05 | BC: 6.9967e-06 | PDE: 3.3102e-03 | Val: 7.2905e-06 | Test: 2.5197e-05 | 
Epoch  18/40 | Steps:  18000 | α=1e-02 | Loss: 3.9412e-05 | BC: 6.9063e-06 | PDE: 3.2506e-03 | Val: 7.2334e-06 | Test: 2.5190e-05 |  *
Epoch  19/40 | Steps:  19000 | α=1e-02 | Loss: 3.8682e-05 | BC: 6.8355e-06 | PDE: 3.1846e-03 | Val: 8.9387e-06 | Test: 2.6777e-05 | 
Epoch  20/40 | Steps:  20000 | α=1e-02 | Loss: 3.9238e-05 | BC: 6.7856e-06 | PDE: 3.2452e-03 | Val: 6.7863e-06 | Test: 2.4994e-05 |  *
Epoch  21/40 | Steps:  21000 | α=1e-02 | Loss: 3.8224e-05 | BC: 6.6577e-06 | PDE: 3.1566e-03 | Val: 6.8828e-06 | Test: 2.5662e-05 | 
Epoch  22/40 | Steps:  22000 | α=1e-02 | Loss: 3.7088e-05 | BC: 6.5875e-06 | PDE: 3.0500e-03 | Val: 6.6508e-06 | Test: 2.5204e-05 |  *
Epoch  23/40 | Steps:  23000 | α=1e-02 | Loss: 3.7695e-05 | BC: 6.5471e-06 | PDE: 3.1148e-03 | Val: 6.6376e-06 | Test: 2.5222e-05 |  *
Epoch  24/40 | Steps:  24000 | α=1e-02 | Loss: 3.8627e-05 | BC: 6.5281e-06 | PDE: 3.2099e-03 | Val: 6.4176e-06 | Test: 2.4911e-05 |  *
Epoch  25/40 | Steps:  25000 | α=1e-02 | Loss: 3.6306e-05 | BC: 6.4147e-06 | PDE: 2.9891e-03 | Val: 6.5632e-06 | Test: 2.5168e-05 | 
Epoch  26/40 | Steps:  26000 | α=1e-02 | Loss: 3.6240e-05 | BC: 6.3634e-06 | PDE: 2.9876e-03 | Val: 6.6637e-06 | Test: 2.5720e-05 | 
Epoch  27/40 | Steps:  27000 | α=1e-02 | Loss: 3.6626e-05 | BC: 6.3031e-06 | PDE: 3.0323e-03 | Val: 7.1223e-06 | Test: 2.6120e-05 | 
Epoch  28/40 | Steps:  28000 | α=1e-02 | Loss: 3.5628e-05 | BC: 6.2497e-06 | PDE: 2.9379e-03 | Val: 6.3105e-06 | Test: 2.5388e-05 |  *
Epoch  29/40 | Steps:  29000 | α=1e-02 | Loss: 3.6474e-05 | BC: 6.2645e-06 | PDE: 3.0210e-03 | Val: 6.6661e-06 | Test: 2.5929e-05 | 
Epoch  30/40 | Steps:  30000 | α=1e-02 | Loss: 3.5694e-05 | BC: 6.2248e-06 | PDE: 2.9469e-03 | Val: 6.3066e-06 | Test: 2.5724e-05 |  *
Epoch  31/40 | Steps:  31000 | α=1e-02 | Loss: 3.5251e-05 | BC: 6.1966e-06 | PDE: 2.9054e-03 | Val: 6.3979e-06 | Test: 2.5531e-05 | 
Epoch  32/40 | Steps:  32000 | α=1e-02 | Loss: 3.5347e-05 | BC: 6.1561e-06 | PDE: 2.9191e-03 | Val: 6.2461e-06 | Test: 2.5786e-05 |  *
Epoch  33/40 | Steps:  33000 | α=1e-02 | Loss: 3.5367e-05 | BC: 6.1089e-06 | PDE: 2.9258e-03 | Val: 6.1775e-06 | Test: 2.5530e-05 |  *
Epoch  34/40 | Steps:  34000 | α=1e-02 | Loss: 3.4744e-05 | BC: 6.0566e-06 | PDE: 2.8688e-03 | Val: 6.1933e-06 | Test: 2.5574e-05 | 
Epoch  35/40 | Steps:  35000 | α=1e-02 | Loss: 3.3832e-05 | BC: 6.0382e-06 | PDE: 2.7794e-03 | Val: 6.0832e-06 | Test: 2.5770e-05 |  *
Epoch  36/40 | Steps:  36000 | α=1e-02 | Loss: 3.4494e-05 | BC: 6.0131e-06 | PDE: 2.8481e-03 | Val: 6.1685e-06 | Test: 2.5800e-05 | 
Epoch  37/40 | Steps:  37000 | α=1e-02 | Loss: 3.4046e-05 | BC: 5.9949e-06 | PDE: 2.8051e-03 | Val: 6.1438e-06 | Test: 2.5832e-05 | 
Epoch  38/40 | Steps:  38000 | α=1e-02 | Loss: 3.5308e-05 | BC: 5.9217e-06 | PDE: 2.9386e-03 | Val: 5.9617e-06 | Test: 2.5739e-05 |  *
Epoch  39/40 | Steps:  39000 | α=1e-02 | Loss: 3.3579e-05 | BC: 5.8851e-06 | PDE: 2.7694e-03 | Val: 5.9637e-06 | Test: 2.5852e-05 | 
Epoch  40/40 | Steps:  40000 | α=1e-02 | Loss: 3.3574e-05 | BC: 5.8829e-06 | PDE: 2.7691e-03 | Val: 5.9001e-06 | Test: 2.5873e-05 |  *

Restored best model from epoch 40 (val_loss: 5.9001e-06, test_loss: 2.5873e-05)
Best checkpoint saved to: outputs/expr_7_2_iter/p25to50_square/more_epochs/checkpoints/best_model.pt
Final checkpoint saved to: outputs/expr_7_2_iter/p25to50_square/more_epochs/checkpoints/final_model.pt
Training completed in 370.26s (40,000 total steps)
  Stage 1 (p=25) PDE diagnostics:
    p-Lap (p=25) raw:        4.8163e+06
    p-Lap (p=25) normalized: 1.0425e-02
    Inf-Lap raw:              2.6898e-02
    Inf-Lap normalized:       3.4135e-02

============================================================
Stage 2/4: Training with p=30
============================================================

Training configuration:
  Boundary points (train): 32,000 -> 80 batches of 400
  Interior points (train): 1,000,000 -> 1000 batches of 1000
  Interior sampling: RE-SAMPLE each epoch
  Boundary points (val): 8,000
  Validation loss: BC only
  Steps per epoch: 1,000
  Total steps: 40,000
  Epochs: 40
  Loss balancing: FixedAlphaSchedule
  LR scheduler: None (constant LR=1.0e-05)

Epoch   1/40 | Steps:   1000 | α=1e-02 | Loss: 1.0868e-04 | BC: 7.2148e-06 | PDE: 1.0147e-02 | Val: 6.7754e-06 | Test: 1.9253e-05 |  *
Epoch   2/40 | Steps:   2000 | α=1e-02 | Loss: 7.6028e-05 | BC: 6.8480e-06 | PDE: 6.9180e-03 | Val: 6.7405e-06 | Test: 1.9605e-05 |  *
Epoch   3/40 | Steps:   3000 | α=1e-02 | Loss: 7.1107e-05 | BC: 6.5277e-06 | PDE: 6.4579e-03 | Val: 6.8999e-06 | Test: 1.9092e-05 | 
Epoch   4/40 | Steps:   4000 | α=1e-02 | Loss: 7.1898e-05 | BC: 6.7053e-06 | PDE: 6.5192e-03 | Val: 5.9760e-06 | Test: 1.8423e-05 |  *
Epoch   5/40 | Steps:   5000 | α=1e-02 | Loss: 6.3065e-05 | BC: 6.1173e-06 | PDE: 5.6948e-03 | Val: 5.9851e-06 | Test: 1.8542e-05 | 
Epoch   6/40 | Steps:   6000 | α=1e-02 | Loss: 6.6292e-05 | BC: 6.1497e-06 | PDE: 6.0142e-03 | Val: 5.8384e-06 | Test: 1.8236e-05 |  *
Epoch   7/40 | Steps:   7000 | α=1e-02 | Loss: 6.5650e-05 | BC: 6.1341e-06 | PDE: 5.9516e-03 | Val: 5.7740e-06 | Test: 1.8214e-05 |  *
Epoch   8/40 | Steps:   8000 | α=1e-02 | Loss: 6.5802e-05 | BC: 6.1197e-06 | PDE: 5.9682e-03 | Val: 6.0436e-06 | Test: 1.8361e-05 | 
Epoch   9/40 | Steps:   9000 | α=1e-02 | Loss: 6.2597e-05 | BC: 5.8003e-06 | PDE: 5.6797e-03 | Val: 6.0291e-06 | Test: 1.8525e-05 | 
Epoch  10/40 | Steps:  10000 | α=1e-02 | Loss: 6.1970e-05 | BC: 5.9157e-06 | PDE: 5.6055e-03 | Val: 6.0786e-06 | Test: 1.8611e-05 | 
Epoch  11/40 | Steps:  11000 | α=1e-02 | Loss: 6.0685e-05 | BC: 5.7707e-06 | PDE: 5.4915e-03 | Val: 5.4837e-06 | Test: 1.8629e-05 |  *
Epoch  12/40 | Steps:  12000 | α=1e-02 | Loss: 5.9436e-05 | BC: 5.6943e-06 | PDE: 5.3742e-03 | Val: 5.5836e-06 | Test: 1.8293e-05 | 
Epoch  13/40 | Steps:  13000 | α=1e-02 | Loss: 5.8370e-05 | BC: 5.7377e-06 | PDE: 5.2632e-03 | Val: 8.7170e-06 | Test: 2.0932e-05 | 
Epoch  14/40 | Steps:  14000 | α=1e-02 | Loss: 5.8769e-05 | BC: 5.5699e-06 | PDE: 5.3199e-03 | Val: 5.3917e-06 | Test: 1.8516e-05 |  *
Epoch  15/40 | Steps:  15000 | α=1e-02 | Loss: 5.5299e-05 | BC: 5.4540e-06 | PDE: 4.9845e-03 | Val: 5.1419e-06 | Test: 1.8258e-05 |  *
Epoch  16/40 | Steps:  16000 | α=1e-02 | Loss: 5.6447e-05 | BC: 5.4199e-06 | PDE: 5.1027e-03 | Val: 5.1420e-06 | Test: 1.8327e-05 | 
Epoch  17/40 | Steps:  17000 | α=1e-02 | Loss: 5.4136e-05 | BC: 5.1957e-06 | PDE: 4.8941e-03 | Val: 5.2931e-06 | Test: 1.8505e-05 | 
Epoch  18/40 | Steps:  18000 | α=1e-02 | Loss: 5.4159e-05 | BC: 5.2210e-06 | PDE: 4.8938e-03 | Val: 6.3453e-06 | Test: 1.9363e-05 | 
Epoch  19/40 | Steps:  19000 | α=1e-02 | Loss: 5.5635e-05 | BC: 5.3296e-06 | PDE: 5.0305e-03 | Val: 4.9321e-06 | Test: 1.8493e-05 |  *
Epoch  20/40 | Steps:  20000 | α=1e-02 | Loss: 5.4173e-05 | BC: 5.1895e-06 | PDE: 4.8984e-03 | Val: 5.3806e-06 | Test: 1.8953e-05 | 
Epoch  21/40 | Steps:  21000 | α=1e-02 | Loss: 5.2886e-05 | BC: 5.0371e-06 | PDE: 4.7849e-03 | Val: 5.0841e-06 | Test: 1.8908e-05 | 
Epoch  22/40 | Steps:  22000 | α=1e-02 | Loss: 5.0081e-05 | BC: 4.9049e-06 | PDE: 4.5176e-03 | Val: 4.9401e-06 | Test: 1.8473e-05 | 
Epoch  23/40 | Steps:  23000 | α=1e-02 | Loss: 5.2859e-05 | BC: 5.0113e-06 | PDE: 4.7848e-03 | Val: 5.3659e-06 | Test: 1.9130e-05 | 
Epoch  24/40 | Steps:  24000 | α=1e-02 | Loss: 5.2625e-05 | BC: 4.9335e-06 | PDE: 4.7691e-03 | Val: 4.9008e-06 | Test: 1.8535e-05 |  *
Epoch  25/40 | Steps:  25000 | α=1e-02 | Loss: 5.2757e-05 | BC: 4.9192e-06 | PDE: 4.7838e-03 | Val: 6.0674e-06 | Test: 2.0052e-05 | 
Epoch  26/40 | Steps:  26000 | α=1e-02 | Loss: 5.2408e-05 | BC: 4.9540e-06 | PDE: 4.7454e-03 | Val: 4.7253e-06 | Test: 1.8904e-05 |  *
Epoch  27/40 | Steps:  27000 | α=1e-02 | Loss: 5.1822e-05 | BC: 4.8408e-06 | PDE: 4.6982e-03 | Val: 4.9016e-06 | Test: 1.8892e-05 | 
Epoch  28/40 | Steps:  28000 | α=1e-02 | Loss: 5.2222e-05 | BC: 4.8608e-06 | PDE: 4.7361e-03 | Val: 5.1156e-06 | Test: 1.9594e-05 | 
Epoch  29/40 | Steps:  29000 | α=1e-02 | Loss: 5.0558e-05 | BC: 4.7854e-06 | PDE: 4.5773e-03 | Val: 4.7765e-06 | Test: 1.9053e-05 | 
Epoch  30/40 | Steps:  30000 | α=1e-02 | Loss: 4.9320e-05 | BC: 4.7034e-06 | PDE: 4.4617e-03 | Val: 4.4800e-06 | Test: 1.8461e-05 |  *
Epoch  31/40 | Steps:  31000 | α=1e-02 | Loss: 5.1830e-05 | BC: 4.7931e-06 | PDE: 4.7037e-03 | Val: 5.5820e-06 | Test: 1.9415e-05 | 
Epoch  32/40 | Steps:  32000 | α=1e-02 | Loss: 5.0663e-05 | BC: 4.6713e-06 | PDE: 4.5991e-03 | Val: 4.4036e-06 | Test: 1.8632e-05 |  *
Epoch  33/40 | Steps:  33000 | α=1e-02 | Loss: 4.9396e-05 | BC: 4.6149e-06 | PDE: 4.4781e-03 | Val: 6.7729e-06 | Test: 2.0942e-05 | 
Epoch  34/40 | Steps:  34000 | α=1e-02 | Loss: 5.1319e-05 | BC: 4.6126e-06 | PDE: 4.6706e-03 | Val: 4.8146e-06 | Test: 1.9088e-05 | 
Epoch  35/40 | Steps:  35000 | α=1e-02 | Loss: 4.9629e-05 | BC: 4.6111e-06 | PDE: 4.5018e-03 | Val: 4.5740e-06 | Test: 1.9096e-05 | 
Epoch  36/40 | Steps:  36000 | α=1e-02 | Loss: 4.5504e-05 | BC: 4.4654e-06 | PDE: 4.1039e-03 | Val: 5.0070e-06 | Test: 1.9195e-05 | 
Epoch  37/40 | Steps:  37000 | α=1e-02 | Loss: 4.7051e-05 | BC: 4.5255e-06 | PDE: 4.2525e-03 | Val: 4.3566e-06 | Test: 1.8918e-05 |  *
Epoch  38/40 | Steps:  38000 | α=1e-02 | Loss: 4.7078e-05 | BC: 4.5429e-06 | PDE: 4.2535e-03 | Val: 6.0839e-06 | Test: 2.0121e-05 | 
Epoch  39/40 | Steps:  39000 | α=1e-02 | Loss: 4.9539e-05 | BC: 4.5568e-06 | PDE: 4.4983e-03 | Val: 4.9083e-06 | Test: 1.9717e-05 | 
Epoch  40/40 | Steps:  40000 | α=1e-02 | Loss: 4.8759e-05 | BC: 4.4518e-06 | PDE: 4.4308e-03 | Val: 4.3736e-06 | Test: 1.8973e-05 | 

Restored best model from epoch 37 (val_loss: 4.3566e-06, test_loss: 1.8918e-05)
Best checkpoint saved to: outputs/expr_7_2_iter/p25to50_square/more_epochs/checkpoints/best_model.pt
Final checkpoint saved to: outputs/expr_7_2_iter/p25to50_square/more_epochs/checkpoints/final_model.pt
Training completed in 354.30s (40,000 total steps)
  Stage 2 (p=30) PDE diagnostics:
    p-Lap (p=30) raw:        3.0539e+09
    p-Lap (p=30) normalized: 8.1547e-03
    Inf-Lap raw:              2.0311e-02
    Inf-Lap normalized:       2.5956e-02

============================================================
Stage 3/4: Training with p=40
============================================================

Training configuration:
  Boundary points (train): 32,000 -> 80 batches of 400
  Interior points (train): 1,000,000 -> 1000 batches of 1000
  Interior sampling: RE-SAMPLE each epoch
  Boundary points (val): 8,000
  Validation loss: BC only
  Steps per epoch: 1,000
  Total steps: 40,000
  Epochs: 40
  Loss balancing: FixedAlphaSchedule
  LR scheduler: None (constant LR=1.0e-05)

Epoch   1/40 | Steps:   1000 | α=1e-02 | Loss: 2.4424e-04 | BC: 1.0153e-05 | PDE: 2.3408e-02 | Val: 1.0946e-05 | Test: 1.7119e-05 |  *
Epoch   2/40 | Steps:   2000 | α=1e-02 | Loss: 1.6283e-04 | BC: 1.0095e-05 | PDE: 1.5273e-02 | Val: 1.1956e-05 | Test: 1.7623e-05 | 
Epoch   3/40 | Steps:   3000 | α=1e-02 | Loss: 1.4235e-04 | BC: 8.9203e-06 | PDE: 1.3343e-02 | Val: 8.0256e-06 | Test: 1.3574e-05 |  *
Epoch   4/40 | Steps:   4000 | α=1e-02 | Loss: 1.3469e-04 | BC: 7.8579e-06 | PDE: 1.2683e-02 | Val: 6.3018e-06 | Test: 1.2639e-05 |  *
Epoch   5/40 | Steps:   5000 | α=1e-02 | Loss: 1.3308e-04 | BC: 7.1560e-06 | PDE: 1.2592e-02 | Val: 8.0065e-06 | Test: 1.4621e-05 | 
Epoch   6/40 | Steps:   6000 | α=1e-02 | Loss: 1.2190e-04 | BC: 6.9413e-06 | PDE: 1.1495e-02 | Val: 5.2793e-06 | Test: 1.1920e-05 |  *
Epoch   7/40 | Steps:   7000 | α=1e-02 | Loss: 1.2481e-04 | BC: 6.8550e-06 | PDE: 1.1795e-02 | Val: 9.6707e-06 | Test: 1.5221e-05 | 
Epoch   8/40 | Steps:   8000 | α=1e-02 | Loss: 1.2200e-04 | BC: 6.8547e-06 | PDE: 1.1515e-02 | Val: 7.0310e-06 | Test: 1.3477e-05 | 
Epoch   9/40 | Steps:   9000 | α=1e-02 | Loss: 1.1533e-04 | BC: 6.4378e-06 | PDE: 1.0889e-02 | Val: 6.8459e-06 | Test: 1.3346e-05 | 
Epoch  10/40 | Steps:  10000 | α=1e-02 | Loss: 1.2834e-04 | BC: 6.9594e-06 | PDE: 1.2138e-02 | Val: 8.3510e-06 | Test: 1.4373e-05 | 
Epoch  11/40 | Steps:  11000 | α=1e-02 | Loss: 1.1970e-04 | BC: 7.2024e-06 | PDE: 1.1250e-02 | Val: 5.7631e-06 | Test: 1.2743e-05 | 
Epoch  12/40 | Steps:  12000 | α=1e-02 | Loss: 1.1441e-04 | BC: 6.2965e-06 | PDE: 1.0811e-02 | Val: 6.3757e-06 | Test: 1.2905e-05 | 
Epoch  13/40 | Steps:  13000 | α=1e-02 | Loss: 1.1665e-04 | BC: 6.5550e-06 | PDE: 1.1010e-02 | Val: 6.2494e-06 | Test: 1.2803e-05 | 
Epoch  14/40 | Steps:  14000 | α=1e-02 | Loss: 1.1621e-04 | BC: 5.8000e-06 | PDE: 1.1041e-02 | Val: 6.7328e-06 | Test: 1.3536e-05 | 
Epoch  15/40 | Steps:  15000 | α=1e-02 | Loss: 1.1311e-04 | BC: 5.7110e-06 | PDE: 1.0740e-02 | Val: 4.7674e-06 | Test: 1.2002e-05 |  *
Epoch  16/40 | Steps:  16000 | α=1e-02 | Loss: 1.1180e-04 | BC: 5.8363e-06 | PDE: 1.0596e-02 | Val: 5.4124e-06 | Test: 1.2720e-05 | 
Epoch  17/40 | Steps:  17000 | α=1e-02 | Loss: 1.0518e-04 | BC: 5.5810e-06 | PDE: 9.9600e-03 | Val: 4.8145e-06 | Test: 1.2228e-05 | 
Epoch  18/40 | Steps:  18000 | α=1e-02 | Loss: 1.0289e-04 | BC: 5.2938e-06 | PDE: 9.7593e-03 | Val: 4.7117e-06 | Test: 1.2346e-05 |  *
Epoch  19/40 | Steps:  19000 | α=1e-02 | Loss: 1.0612e-04 | BC: 5.5637e-06 | PDE: 1.0055e-02 | Val: 5.4487e-06 | Test: 1.2967e-05 | 
Epoch  20/40 | Steps:  20000 | α=1e-02 | Loss: 1.0976e-04 | BC: 6.1882e-06 | PDE: 1.0357e-02 | Val: 6.4230e-06 | Test: 1.3786e-05 | 
Epoch  21/40 | Steps:  21000 | α=1e-02 | Loss: 1.1182e-04 | BC: 6.0083e-06 | PDE: 1.0581e-02 | Val: 5.1792e-06 | Test: 1.2740e-05 | 
Epoch  22/40 | Steps:  22000 | α=1e-02 | Loss: 1.0830e-04 | BC: 6.2856e-06 | PDE: 1.0201e-02 | Val: 5.8113e-06 | Test: 1.3041e-05 | 
Epoch  23/40 | Steps:  23000 | α=1e-02 | Loss: 1.0008e-04 | BC: 5.2133e-06 | PDE: 9.4869e-03 | Val: 5.0605e-06 | Test: 1.2346e-05 | 
Epoch  24/40 | Steps:  24000 | α=1e-02 | Loss: 1.0235e-04 | BC: 5.3875e-06 | PDE: 9.6959e-03 | Val: 4.1636e-06 | Test: 1.2161e-05 |  *
Epoch  25/40 | Steps:  25000 | α=1e-02 | Loss: 9.7942e-05 | BC: 4.7817e-06 | PDE: 9.3160e-03 | Val: 8.8255e-06 | Test: 1.5024e-05 | 
Epoch  26/40 | Steps:  26000 | α=1e-02 | Loss: 9.6651e-05 | BC: 4.9294e-06 | PDE: 9.1721e-03 | Val: 3.9778e-06 | Test: 1.1753e-05 |  *
Epoch  27/40 | Steps:  27000 | α=1e-02 | Loss: 1.0075e-04 | BC: 5.2610e-06 | PDE: 9.5490e-03 | Val: 9.7089e-06 | Test: 1.7036e-05 | 
Epoch  28/40 | Steps:  28000 | α=1e-02 | Loss: 9.8181e-05 | BC: 5.1378e-06 | PDE: 9.3043e-03 | Val: 7.7075e-06 | Test: 1.4613e-05 | 
Epoch  29/40 | Steps:  29000 | α=1e-02 | Loss: 9.9694e-05 | BC: 5.2088e-06 | PDE: 9.4485e-03 | Val: 3.7566e-06 | Test: 1.1964e-05 |  *
Epoch  30/40 | Steps:  30000 | α=1e-02 | Loss: 9.9524e-05 | BC: 4.9773e-06 | PDE: 9.4547e-03 | Val: 4.0635e-06 | Test: 1.2370e-05 | 
Epoch  31/40 | Steps:  31000 | α=1e-02 | Loss: 9.5595e-05 | BC: 4.5178e-06 | PDE: 9.1078e-03 | Val: 5.4230e-06 | Test: 1.3171e-05 | 
Epoch  32/40 | Steps:  32000 | α=1e-02 | Loss: 9.4257e-05 | BC: 4.6149e-06 | PDE: 8.9642e-03 | Val: 3.5436e-06 | Test: 1.1855e-05 |  *
Epoch  33/40 | Steps:  33000 | α=1e-02 | Loss: 1.0224e-04 | BC: 4.6706e-06 | PDE: 9.7567e-03 | Val: 4.9406e-06 | Test: 1.3014e-05 | 
Epoch  34/40 | Steps:  34000 | α=1e-02 | Loss: 9.2746e-05 | BC: 4.3589e-06 | PDE: 8.8388e-03 | Val: 3.7433e-06 | Test: 1.2072e-05 | 
Epoch  35/40 | Steps:  35000 | α=1e-02 | Loss: 9.8442e-05 | BC: 5.0663e-06 | PDE: 9.3376e-03 | Val: 4.4365e-06 | Test: 1.2775e-05 | 
Epoch  36/40 | Steps:  36000 | α=1e-02 | Loss: 8.8622e-05 | BC: 4.0791e-06 | PDE: 8.4543e-03 | Val: 4.9195e-06 | Test: 1.2856e-05 | 
Epoch  37/40 | Steps:  37000 | α=1e-02 | Loss: 9.4563e-05 | BC: 4.2483e-06 | PDE: 9.0315e-03 | Val: 4.0962e-06 | Test: 1.2594e-05 | 
Epoch  38/40 | Steps:  38000 | α=1e-02 | Loss: 9.2053e-05 | BC: 4.5888e-06 | PDE: 8.7464e-03 | Val: 5.4488e-06 | Test: 1.3619e-05 | 
Epoch  39/40 | Steps:  39000 | α=1e-02 | Loss: 8.8275e-05 | BC: 4.1222e-06 | PDE: 8.4152e-03 | Val: 5.1980e-06 | Test: 1.3493e-05 | 
Epoch  40/40 | Steps:  40000 | α=1e-02 | Loss: 8.7847e-05 | BC: 4.0301e-06 | PDE: 8.3817e-03 | Val: 6.2654e-06 | Test: 1.4058e-05 | 

Restored best model from epoch 32 (val_loss: 3.5436e-06, test_loss: 1.1855e-05)
Best checkpoint saved to: outputs/expr_7_2_iter/p25to50_square/more_epochs/checkpoints/best_model.pt
Final checkpoint saved to: outputs/expr_7_2_iter/p25to50_square/more_epochs/checkpoints/final_model.pt
Training completed in 336.63s (40,000 total steps)
  Stage 3 (p=40) PDE diagnostics:
    p-Lap (p=40) raw:        1.8074e+15
    p-Lap (p=40) normalized: 6.1614e-03
    Inf-Lap raw:              1.3352e-02
    Inf-Lap normalized:       1.7639e-02

============================================================
Stage 4/4: Training with p=50
============================================================

Training configuration:
  Boundary points (train): 32,000 -> 80 batches of 400
  Interior points (train): 1,000,000 -> 1000 batches of 1000
  Interior sampling: RE-SAMPLE each epoch
  Boundary points (val): 8,000
  Validation loss: BC only
  Steps per epoch: 1,000
  Total steps: 40,000
  Epochs: 40
  Loss balancing: FixedAlphaSchedule
  LR scheduler: None (constant LR=1.0e-05)

Epoch   1/40 | Steps:   1000 | α=1e-02 | Loss: 2.2150e-04 | BC: 1.0125e-05 | PDE: 2.1138e-02 | Val: 8.1236e-06 | Test: 1.1803e-05 |  *
Epoch   2/40 | Steps:   2000 | α=1e-02 | Loss: 1.8775e-04 | BC: 8.5762e-06 | PDE: 1.7918e-02 | Val: 7.1438e-06 | Test: 1.0656e-05 |  *
Epoch   3/40 | Steps:   3000 | α=1e-02 | Loss: 1.8833e-04 | BC: 8.2742e-06 | PDE: 1.8005e-02 | Val: 9.4698e-06 | Test: 1.2758e-05 | 
Epoch   4/40 | Steps:   4000 | α=1e-02 | Loss: 1.8777e-04 | BC: 8.4807e-06 | PDE: 1.7929e-02 | Val: 5.8620e-06 | Test: 9.7660e-06 |  *
Epoch   5/40 | Steps:   5000 | α=1e-02 | Loss: 1.8395e-04 | BC: 8.0160e-06 | PDE: 1.7593e-02 | Val: 7.9298e-06 | Test: 1.1635e-05 | 
Epoch   6/40 | Steps:   6000 | α=1e-02 | Loss: 1.7559e-04 | BC: 8.3111e-06 | PDE: 1.6727e-02 | Val: 7.7822e-06 | Test: 1.1801e-05 | 
Epoch   7/40 | Steps:   7000 | α=1e-02 | Loss: 1.7131e-04 | BC: 7.3183e-06 | PDE: 1.6399e-02 | Val: 1.0442e-05 | Test: 1.2401e-05 | 
Epoch   8/40 | Steps:   8000 | α=1e-02 | Loss: 1.8050e-04 | BC: 8.6230e-06 | PDE: 1.7187e-02 | Val: 9.7519e-06 | Test: 1.2500e-05 | 
Epoch   9/40 | Steps:   9000 | α=1e-02 | Loss: 1.5643e-04 | BC: 6.6268e-06 | PDE: 1.4981e-02 | Val: 4.5245e-06 | Test: 9.1058e-06 |  *
Epoch  10/40 | Steps:  10000 | α=1e-02 | Loss: 1.7489e-04 | BC: 7.1670e-06 | PDE: 1.6772e-02 | Val: 5.3639e-06 | Test: 9.7364e-06 | 
Epoch  11/40 | Steps:  11000 | α=1e-02 | Loss: 1.6899e-04 | BC: 6.9330e-06 | PDE: 1.6206e-02 | Val: 7.4995e-06 | Test: 1.1384e-05 | 
Epoch  12/40 | Steps:  12000 | α=1e-02 | Loss: 1.7507e-04 | BC: 7.8468e-06 | PDE: 1.6722e-02 | Val: 7.4451e-06 | Test: 1.1690e-05 | 
Epoch  13/40 | Steps:  13000 | α=1e-02 | Loss: 1.7120e-04 | BC: 7.0512e-06 | PDE: 1.6415e-02 | Val: 8.8635e-06 | Test: 1.1976e-05 | 
Epoch  14/40 | Steps:  14000 | α=1e-02 | Loss: 1.7073e-04 | BC: 6.6403e-06 | PDE: 1.6409e-02 | Val: 5.1594e-06 | Test: 9.9674e-06 | 
Epoch  15/40 | Steps:  15000 | α=1e-02 | Loss: 1.6485e-04 | BC: 5.9358e-06 | PDE: 1.5891e-02 | Val: 7.7863e-06 | Test: 1.2167e-05 | 
Epoch  16/40 | Steps:  16000 | α=1e-02 | Loss: 1.4995e-04 | BC: 5.6808e-06 | PDE: 1.4427e-02 | Val: 4.8074e-06 | Test: 9.7480e-06 | 
Epoch  17/40 | Steps:  17000 | α=1e-02 | Loss: 1.7679e-04 | BC: 7.5642e-06 | PDE: 1.6923e-02 | Val: 5.4031e-06 | Test: 1.0313e-05 | 
Epoch  18/40 | Steps:  18000 | α=1e-02 | Loss: 1.6604e-04 | BC: 6.6631e-06 | PDE: 1.5938e-02 | Val: 4.8715e-06 | Test: 9.7692e-06 | 
Epoch  19/40 | Steps:  19000 | α=1e-02 | Loss: 1.5206e-04 | BC: 5.8686e-06 | PDE: 1.4619e-02 | Val: 4.8990e-06 | Test: 9.6955e-06 | 
Epoch  20/40 | Steps:  20000 | α=1e-02 | Loss: 1.4441e-04 | BC: 6.0525e-06 | PDE: 1.3836e-02 | Val: 7.1834e-06 | Test: 1.1861e-05 | 
Epoch  21/40 | Steps:  21000 | α=1e-02 | Loss: 1.6120e-04 | BC: 6.9066e-06 | PDE: 1.5429e-02 | Val: 5.4545e-06 | Test: 9.8760e-06 | 
Epoch  22/40 | Steps:  22000 | α=1e-02 | Loss: 1.6406e-04 | BC: 6.6507e-06 | PDE: 1.5741e-02 | Val: 7.5917e-06 | Test: 1.1372e-05 | 
Epoch  23/40 | Steps:  23000 | α=1e-02 | Loss: 1.6518e-04 | BC: 6.8113e-06 | PDE: 1.5837e-02 | Val: 5.9213e-06 | Test: 1.0767e-05 | 
Epoch  24/40 | Steps:  24000 | α=1e-02 | Loss: 1.4976e-04 | BC: 6.1636e-06 | PDE: 1.4360e-02 | Val: 5.8450e-06 | Test: 1.0678e-05 | 
Epoch  25/40 | Steps:  25000 | α=1e-02 | Loss: 1.4478e-04 | BC: 5.5383e-06 | PDE: 1.3924e-02 | Val: 5.3397e-06 | Test: 1.0224e-05 | 
Epoch  26/40 | Steps:  26000 | α=1e-02 | Loss: 1.5627e-04 | BC: 5.6242e-06 | PDE: 1.5065e-02 | Val: 4.3354e-06 | Test: 9.8071e-06 |  *
Epoch  27/40 | Steps:  27000 | α=1e-02 | Loss: 1.6475e-04 | BC: 6.4585e-06 | PDE: 1.5830e-02 | Val: 6.2423e-06 | Test: 1.1298e-05 | 
Epoch  28/40 | Steps:  28000 | α=1e-02 | Loss: 1.4253e-04 | BC: 5.2227e-06 | PDE: 1.3730e-02 | Val: 4.2043e-06 | Test: 9.4378e-06 |  *
Epoch  29/40 | Steps:  29000 | α=1e-02 | Loss: 1.5184e-04 | BC: 5.4855e-06 | PDE: 1.4635e-02 | Val: 5.2337e-06 | Test: 1.0444e-05 | 
Epoch  30/40 | Steps:  30000 | α=1e-02 | Loss: 1.4139e-04 | BC: 5.5751e-06 | PDE: 1.3582e-02 | Val: 4.4690e-06 | Test: 9.8531e-06 | 
Epoch  31/40 | Steps:  31000 | α=1e-02 | Loss: 1.4115e-04 | BC: 5.3091e-06 | PDE: 1.3584e-02 | Val: 5.8016e-06 | Test: 1.0971e-05 | 
Epoch  32/40 | Steps:  32000 | α=1e-02 | Loss: 1.4700e-04 | BC: 6.0826e-06 | PDE: 1.4092e-02 | Val: 6.5519e-06 | Test: 1.1110e-05 | 
Epoch  33/40 | Steps:  33000 | α=1e-02 | Loss: 1.5463e-04 | BC: 5.9707e-06 | PDE: 1.4866e-02 | Val: 5.0746e-06 | Test: 1.0446e-05 | 
Epoch  34/40 | Steps:  34000 | α=1e-02 | Loss: 1.4016e-04 | BC: 5.1554e-06 | PDE: 1.3500e-02 | Val: 8.2886e-06 | Test: 1.2765e-05 | 
Epoch  35/40 | Steps:  35000 | α=1e-02 | Loss: 1.4261e-04 | BC: 5.8231e-06 | PDE: 1.3679e-02 | Val: 7.4691e-06 | Test: 1.2231e-05 | 
Epoch  36/40 | Steps:  36000 | α=1e-02 | Loss: 1.5363e-04 | BC: 6.2281e-06 | PDE: 1.4740e-02 | Val: 4.1522e-06 | Test: 9.7142e-06 |  *
Epoch  37/40 | Steps:  37000 | α=1e-02 | Loss: 1.4631e-04 | BC: 5.0835e-06 | PDE: 1.4122e-02 | Val: 4.1502e-06 | Test: 9.7312e-06 |  *
Epoch  38/40 | Steps:  38000 | α=1e-02 | Loss: 1.4571e-04 | BC: 5.8104e-06 | PDE: 1.3990e-02 | Val: 4.0588e-06 | Test: 9.7403e-06 |  *
Epoch  39/40 | Steps:  39000 | α=1e-02 | Loss: 1.4943e-04 | BC: 5.6497e-06 | PDE: 1.4378e-02 | Val: 5.7266e-06 | Test: 1.1030e-05 | 
Epoch  40/40 | Steps:  40000 | α=1e-02 | Loss: 1.3392e-04 | BC: 5.0302e-06 | PDE: 1.2889e-02 | Val: 5.6407e-06 | Test: 1.1360e-05 | 

Restored best model from epoch 38 (val_loss: 4.0588e-06, test_loss: 9.7403e-06)
Best checkpoint saved to: outputs/expr_7_2_iter/p25to50_square/more_epochs/checkpoints/best_model.pt
Final checkpoint saved to: outputs/expr_7_2_iter/p25to50_square/more_epochs/checkpoints/final_model.pt
Training completed in 336.01s (40,000 total steps)
  Stage 4 (p=50) PDE diagnostics:
    p-Lap (p=50) raw:        3.6161e+20
    p-Lap (p=50) normalized: 4.7286e-03
    Inf-Lap raw:              9.5080e-03
    Inf-Lap normalized:       1.2724e-02

Iterative training completed in 1397.21s
Total epochs: 160

Final Test MSE: 1.1360e-05
Inference (per point): 7.7691e-05s | (full domain): 7.6985e-05s
p-Lap (p=50) PDE test (raw):        3.6161e+20
p-Lap (p=50) PDE test (normalized): 4.7286e-03
Inf-Lap PDE test (raw):                    9.5080e-03
Inf-Lap PDE test (normalized):             1.2724e-02
Saved .npz files to outputs/expr_7_2_iter/p25to50_square/more_epochs/npy/
Saved plot to outputs/expr_7_2_iter/p25to50_square/more_epochs/plots/results.png
