
============================================================
Dist-to-Boundary  —  Torus  (3-D)
============================================================
Device: cuda
  Loaded p=5: 786432 points, mse: 1.456941e-02
  Loaded p=10: 786432 points, mse: 3.426025e-03
  Loaded p=15: 786432 points, mse: 1.494286e-03
  Loaded p=20: 786432 points, mse: 8.342980e-04
  Loaded p=25: 786432 points, mse: 5.325479e-04
  Loaded p=30: 786432 points, mse: 3.698097e-04
  Loaded p=35: 786432 points, mse: 2.721257e-04
  Loaded p=40: 786432 points, mse: 2.089096e-04
  Loaded p=45: 786432 points, mse: 1.656503e-04
  Loaded p=50: 786432 points, mse: 1.347423e-04
  Loaded p=55: 786432 points, mse: 1.118889e-04
  Loaded p=60: 786432 points, mse: 9.451099e-05
  Loaded p=65: 786432 points, mse: 8.098572e-05
  Loaded p=70: 786432 points, mse: 7.025019e-05
  Loaded p=75: 786432 points, mse: 6.158456e-05
  Loaded p=80: 786432 points, mse: 5.448726e-05
  Loaded p=85: 786432 points, mse: 4.859999e-05
  Loaded p=90: 786432 points, mse: 4.366136e-05
  Loaded p=95: 786432 points, mse: 3.947705e-05
  Loaded p=100: 786432 points, mse: 3.590010e-05
  Loaded p=105: 786432 points, mse: 3.281771e-05
  Loaded p=110: 786432 points, mse: 3.014215e-05
  Loaded p=115: 786432 points, mse: 2.780439e-05
  Loaded p=120: 786432 points, mse: 2.574941e-05
  Loaded p=125: 786432 points, mse: 2.393302e-05
  Loaded p=130: 786432 points, mse: 2.231932e-05
  Loaded p=135: 786432 points, mse: 2.087898e-05
  Loaded p=140: 786432 points, mse: 1.958775e-05
  Loaded p=145: 786432 points, mse: 1.842553e-05
  Loaded p=150: 786432 points, mse: 1.737549e-05
  Loaded p=155: 786432 points, mse: 1.642347e-05
  Loaded p=160: 786432 points, mse: 1.555747e-05
  Loaded p=165: 786432 points, mse: 1.476730e-05
  Loaded p=175: 786432 points, mse: 1.338075e-05
  Loaded p=180: 786432 points, mse: 1.291345e-05
  Loaded p=185: 786432 points, mse: 1.236693e-05
  Loaded p=195: 786432 points, mse: 1.135583e-05
  Added p=∞ point: 786432 pts, mse: 0.000000e+00
Training data: X=(29884416, 4)  Y=(29884416, 1)
Model: trunk=[3, 512, 512, 512, 128]  branch=[1, 128, 128, 128, 128]  params=642,945
Scheduler: CosineAnnealingLR  T_max=20  eta_min=1e-06
Epoch --- Train Loss --- LR --- p150 --- p200 --- p250 --- p500
    0 --- 2.676686e-02 --- 1.00e-04 --- 5.399482e-03 --- 5.823893e-03 --- 5.967675e-03 --- 4.647381e-03
    1 --- 1.855428e-03 --- 9.94e-05 --- 1.253284e-03 --- 1.195519e-03 --- 1.118256e-03 --- 1.091513e-03
    2 --- 8.964883e-04 --- 9.76e-05 --- 6.836084e-04 --- 6.845132e-04 --- 6.967173e-04 --- 7.027675e-04
    3 --- 5.162655e-04 --- 9.46e-05 --- 3.881786e-04 --- 3.925570e-04 --- 3.983287e-04 --- 4.239178e-04
    4 --- 3.242944e-04 --- 9.05e-05 --- 2.859655e-04 --- 2.817934e-04 --- 2.795370e-04 --- 2.782602e-04
    5 --- 2.448941e-04 --- 8.55e-05 --- 2.269192e-04 --- 2.223577e-04 --- 2.231144e-04 --- 2.242991e-04
    6 --- 2.014474e-04 --- 7.96e-05 --- 1.787183e-04 --- 1.843015e-04 --- 1.901355e-04 --- 1.875568e-04
    7 --- 1.720932e-04 --- 7.30e-05 --- 1.863738e-04 --- 1.788538e-04 --- 1.744977e-04 --- 1.648725e-04
    8 --- 1.454184e-04 --- 6.58e-05 --- 1.473609e-04 --- 1.397501e-04 --- 1.363979e-04 --- 1.293384e-04
    9 --- 1.221395e-04 --- 5.82e-05 --- 1.102052e-04 --- 1.090251e-04 --- 1.105021e-04 --- 1.145564e-04
   10 --- 1.027664e-04 --- 5.05e-05 --- 9.724995e-05 --- 9.667048e-05 --- 9.794434e-05 --- 9.431424e-05
   11 --- 8.687236e-05 --- 4.28e-05 --- 1.115410e-04 --- 1.032740e-04 --- 1.009772e-04 --- 9.024054e-05
   12 --- 7.490657e-05 --- 3.52e-05 --- 9.003490e-05 --- 8.402854e-05 --- 8.193490e-05 --- 7.112217e-05
   13 --- 6.615915e-05 --- 2.80e-05 --- 6.825671e-05 --- 6.728483e-05 --- 6.791588e-05 --- 6.863898e-05
   14 --- 5.953229e-05 --- 2.14e-05 --- 7.172040e-05 --- 6.764995e-05 --- 6.660804e-05 --- 5.799645e-05
   15 --- 5.453484e-05 --- 1.55e-05 --- 6.214995e-05 --- 5.906645e-05 --- 5.867952e-05 --- 5.357259e-05
   16 --- 5.073332e-05 --- 1.05e-05 --- 5.872258e-05 --- 5.602624e-05 --- 5.535887e-05 --- 5.036158e-05
   17 --- 4.805503e-05 --- 6.40e-06 --- 5.725387e-05 --- 5.461932e-05 --- 5.425432e-05 --- 5.011815e-05
   18 --- 4.621789e-05 --- 3.42e-06 --- 6.120680e-05 --- 5.731263e-05 --- 5.609563e-05 --- 4.715463e-05
   19 --- 4.509249e-05 --- 1.61e-06 --- 5.782921e-05 --- 5.460215e-05 --- 5.382374e-05 --- 4.674836e-05
Total training time: 3899.89s
Inference (per point): 1.5042e-04s | (full domain): 7.1566e-04s
  p=  5:  MSE=9.717214e-03
  p=105:  MSE=6.888939e-05
  p=205:  MSE=5.439055e-05
  p=305:  MSE=5.251441e-05
  p=405:  MSE=4.864860e-05
  Saved MSE curves → outputs/expr_7_3_2/torus/exact_inf/npy/mse.npz  (deeponet, fem, pred_train)

All experiments completed!
