
============================================================
Running Example: arctan
============================================================

Generated full domain data:
  Boundary points: 40,000
  Interior points: 1,000,000
  Test points: 10,000
Re-sampling enabled: ~1,000,000 interior points per epoch

Splitting data: 80% train, 20% validation
  BC: 32,000 train, 8,000 val
  Interior: 800,000 train, 200,000 val

Model: InfinityLaplacianPINN
  Hidden layers: [128, 128]
  Activation: tanh
  η: 1e-05 (normalized)
  Residual clipping: [-10.0, 10.0]
  Outlier removal: top 2.0%
  Parameters: 17,025

Training configuration:
  Boundary points (train): 32,000 -> 80 batches of 400
  Interior points (train): 1,000,000 -> 1000 batches of 1000
  Interior sampling: RE-SAMPLE each epoch
  Boundary points (val): 8,000
  Validation loss: BC only
  Steps per epoch: 1,000
  Total steps: 100,000
  Epochs: 100
  Loss balancing: AlphaPlateauScheduler
  LR scheduler: cosine (LR: 1.0e-03 -> 1.0e-05)

/usr/local/lib/python3.12/dist-packages/torch/autograd/graph.py:824: UserWarning: Attempting to run cuBLAS, but there was no current CUDA context! Attempting to set the primary context... (Triggered internally at /opt/pytorch/pytorch/aten/src/ATen/cuda/CublasHandlePool.cpp:181.)
  return Variable._execution_engine.run_backward(  # Calls into the C++ engine to run the backward pass
Epoch   1/100 | Steps:   1000 | α=1e-05 | Loss: 3.7584e-02 | BC: 3.7485e-02 | PDE: 9.8454e+00 | Val: 3.2639e-03 | Test: 4.3600e-03 | LR=1.0e-03 *
Epoch   2/100 | Steps:   2000 | α=1e-05 | Loss: 2.1656e-03 | BC: 1.9794e-03 | PDE: 1.8614e+01 | Val: 1.1543e-03 | Test: 3.0664e-03 | LR=1.0e-03 *
Epoch   3/100 | Steps:   3000 | α=1e-05 | Loss: 9.9095e-04 | BC: 8.4659e-04 | PDE: 1.4436e+01 | Val: 6.1240e-04 | Test: 1.5581e-03 | LR=1.0e-03 *
Epoch   4/100 | Steps:   4000 | α=1e-05 | Loss: 5.5635e-04 | BC: 4.3965e-04 | PDE: 1.1670e+01 | Val: 2.7571e-04 | Test: 1.1755e-03 | LR=1.0e-03 *
Epoch   5/100 | Steps:   5000 | α=1e-05 | Loss: 3.6378e-04 | BC: 2.5983e-04 | PDE: 1.0395e+01 | Val: 1.3155e-04 | Test: 7.5105e-04 | LR=1.0e-03 *
Epoch   6/100 | Steps:   6000 | α=1e-05 | Loss: 2.5210e-04 | BC: 1.6752e-04 | PDE: 8.4588e+00 | Val: 9.5519e-05 | Test: 7.1883e-04 | LR=9.9e-04 *
Epoch   7/100 | Steps:   7000 | α=1e-05 | Loss: 1.7594e-04 | BC: 1.0560e-04 | PDE: 7.0335e+00 | Val: 4.5910e-05 | Test: 3.8861e-04 | LR=9.9e-04 *
Epoch   8/100 | Steps:   8000 | α=1e-05 | Loss: 1.3913e-04 | BC: 7.9506e-05 | PDE: 5.9622e+00 | Val: 3.8510e-05 | Test: 3.2476e-04 | LR=9.9e-04 *
Epoch   9/100 | Steps:   9000 | α=1e-05 | Loss: 1.1381e-04 | BC: 6.0214e-05 | PDE: 5.3592e+00 | Val: 4.3250e-05 | Test: 2.8093e-04 | LR=9.8e-04
Epoch  10/100 | Steps:  10000 | α=1e-05 | Loss: 9.7928e-05 | BC: 4.8456e-05 | PDE: 4.9472e+00 | Val: 5.4088e-05 | Test: 2.5883e-04 | LR=9.8e-04
Epoch  11/100 | Steps:  11000 | α=1e-05 | Loss: 8.5046e-05 | BC: 3.9264e-05 | PDE: 4.5782e+00 | Val: 1.2783e-05 | Test: 1.7051e-04 | LR=9.8e-04 *
Epoch  12/100 | Steps:  12000 | α=1e-05 | Loss: 7.4006e-05 | BC: 3.2132e-05 | PDE: 4.1875e+00 | Val: 1.2973e-05 | Test: 1.4017e-04 | LR=9.7e-04
Epoch  13/100 | Steps:  13000 | α=1e-05 | Loss: 6.8425e-05 | BC: 3.0080e-05 | PDE: 3.8345e+00 | Val: 7.6231e-05 | Test: 1.5630e-04 | LR=9.7e-04
Epoch  14/100 | Steps:  14000 | α=1e-05 | Loss: 5.4596e-05 | BC: 1.9813e-05 | PDE: 3.4783e+00 | Val: 4.6012e-06 | Test: 8.3696e-05 | LR=9.6e-04 *
Epoch  15/100 | Steps:  15000 | α=1e-05 | Loss: 4.8976e-05 | BC: 1.9554e-05 | PDE: 2.9422e+00 | Val: 5.6689e-05 | Test: 1.1531e-04 | LR=9.5e-04
Epoch  16/100 | Steps:  16000 | α=1e-05 | Loss: 4.6954e-05 | BC: 2.0701e-05 | PDE: 2.6254e+00 | Val: 4.1870e-06 | Test: 6.0502e-05 | LR=9.5e-04 *
Epoch  17/100 | Steps:  17000 | α=1e-05 | Loss: 3.6465e-05 | BC: 1.4311e-05 | PDE: 2.2154e+00 | Val: 3.4141e-06 | Test: 5.0822e-05 | LR=9.4e-04 *
Epoch  18/100 | Steps:  18000 | α=1e-05 | Loss: 3.3079e-05 | BC: 1.4003e-05 | PDE: 1.9076e+00 | Val: 1.7146e-05 | Test: 5.4064e-05 | LR=9.3e-04
Epoch  19/100 | Steps:  19000 | α=1e-05 | Loss: 3.1634e-05 | BC: 1.4065e-05 | PDE: 1.7569e+00 | Val: 3.8041e-05 | Test: 9.3315e-05 | LR=9.2e-04
Epoch  20/100 | Steps:  20000 | α=1e-05 | Loss: 2.6915e-05 | BC: 1.1277e-05 | PDE: 1.5638e+00 | Val: 4.7766e-06 | Test: 4.5836e-05 | LR=9.1e-04
Epoch  21/100 | Steps:  21000 | α=1e-05 | Loss: 2.4100e-05 | BC: 1.0773e-05 | PDE: 1.3327e+00 | Val: 2.1078e-06 | Test: 3.8415e-05 | LR=9.1e-04 *
Epoch  22/100 | Steps:  22000 | α=1e-05 | Loss: 2.2689e-05 | BC: 1.1292e-05 | PDE: 1.1396e+00 | Val: 4.4292e-05 | Test: 7.7627e-05 | LR=9.0e-04
Epoch  23/100 | Steps:  23000 | α=1e-05 | Loss: 1.9641e-05 | BC: 9.6194e-06 | PDE: 1.0021e+00 | Val: 1.7562e-06 | Test: 3.1767e-05 | LR=8.9e-04 *
Epoch  24/100 | Steps:  24000 | α=1e-05 | Loss: 1.7423e-05 | BC: 8.6288e-06 | PDE: 8.7944e-01 | Val: 1.4969e-05 | Test: 5.6873e-05 | LR=8.8e-04
Epoch  25/100 | Steps:  25000 | α=1e-05 | Loss: 1.5266e-05 | BC: 7.6325e-06 | PDE: 7.6331e-01 | Val: 6.3703e-06 | Test: 2.8244e-05 | LR=8.7e-04
Epoch  26/100 | Steps:  26000 | α=1e-05 | Loss: 1.5265e-05 | BC: 8.9104e-06 | PDE: 6.3542e-01 | Val: 9.1348e-07 | Test: 2.7948e-05 | LR=8.6e-04 *
Epoch  27/100 | Steps:  27000 | α=1e-05 | Loss: 1.2534e-05 | BC: 7.0415e-06 | PDE: 5.4923e-01 | Val: 8.1149e-07 | Test: 2.6622e-05 | LR=8.4e-04 *
Epoch  28/100 | Steps:  28000 | α=1e-05 | Loss: 1.5059e-05 | BC: 9.0381e-06 | PDE: 6.0213e-01 | Val: 1.5351e-06 | Test: 2.4946e-05 | LR=8.3e-04
Epoch  29/100 | Steps:  29000 | α=1e-05 | Loss: 1.0994e-05 | BC: 5.5153e-06 | PDE: 5.4784e-01 | Val: 2.5143e-06 | Test: 2.6549e-05 | LR=8.2e-04
Epoch  30/100 | Steps:  30000 | α=1e-05 | Loss: 1.0970e-05 | BC: 6.0580e-06 | PDE: 4.9115e-01 | Val: 5.9120e-05 | Test: 7.7548e-05 | LR=8.1e-04
Epoch  31/100 | Steps:  31000 | α=1e-05 | Loss: 1.0917e-05 | BC: 6.4045e-06 | PDE: 4.5130e-01 | Val: 1.3878e-05 | Test: 2.6134e-05 | LR=8.0e-04
Epoch  32/100 | Steps:  32000 | α=1e-05 | Loss: 1.0394e-05 | BC: 5.6557e-06 | PDE: 4.7382e-01 | Val: 6.7052e-06 | Test: 3.1896e-05 | LR=7.8e-04
Epoch  33/100 | Steps:  33000 | α=1e-05 | Loss: 9.5395e-06 | BC: 5.4829e-06 | PDE: 4.0566e-01 | Val: 7.6578e-07 | Test: 2.0685e-05 | LR=7.7e-04 *

>>> Alpha increased: 1e-05 → 1e-04 (BC=7.1831e-06) <<<
Epoch  34/100 | Steps:  34000 | α=1e-04 | Loss: 1.0744e-05 | BC: 7.1831e-06 | PDE: 3.5607e-01 | Val: 7.8427e-07 | Test: 2.0987e-05 | LR=7.6e-04 *
Epoch  35/100 | Steps:  35000 | α=1e-04 | Loss: 3.3364e-05 | BC: 8.2636e-06 | PDE: 2.5101e-01 | Val: 5.3131e-06 | Test: 3.1586e-05 | LR=7.4e-04
Epoch  36/100 | Steps:  36000 | α=1e-04 | Loss: 2.7704e-05 | BC: 6.5923e-06 | PDE: 2.1111e-01 | Val: 7.4194e-06 | Test: 3.6184e-05 | LR=7.3e-04
Epoch  37/100 | Steps:  37000 | α=1e-04 | Loss: 2.7354e-05 | BC: 7.7729e-06 | PDE: 1.9581e-01 | Val: 2.9122e-06 | Test: 3.6069e-05 | LR=7.2e-04
Epoch  38/100 | Steps:  38000 | α=1e-04 | Loss: 1.8405e-05 | BC: 5.9255e-06 | PDE: 1.2480e-01 | Val: 9.9994e-06 | Test: 4.6588e-05 | LR=7.0e-04
Epoch  39/100 | Steps:  39000 | α=1e-04 | Loss: 1.4688e-05 | BC: 5.2785e-06 | PDE: 9.4091e-02 | Val: 6.4431e-06 | Test: 4.2766e-05 | LR=6.9e-04
Epoch  40/100 | Steps:  40000 | α=1e-04 | Loss: 2.3219e-05 | BC: 1.2812e-05 | PDE: 1.0407e-01 | Val: 1.5091e-06 | Test: 5.1160e-05 | LR=6.7e-04
Epoch  41/100 | Steps:  41000 | α=1e-04 | Loss: 9.9163e-06 | BC: 2.9637e-06 | PDE: 6.9526e-02 | Val: 6.0869e-06 | Test: 6.7887e-05 | LR=6.6e-04
Epoch  42/100 | Steps:  42000 | α=1e-04 | Loss: 9.6233e-06 | BC: 4.4401e-06 | PDE: 5.1832e-02 | Val: 2.8829e-06 | Test: 7.5454e-05 | LR=6.4e-04
Epoch  43/100 | Steps:  43000 | α=1e-04 | Loss: 9.5618e-06 | BC: 3.8778e-06 | PDE: 5.6840e-02 | Val: 1.0804e-05 | Test: 8.2300e-05 | LR=6.3e-04
Epoch  44/100 | Steps:  44000 | α=1e-04 | Loss: 1.2458e-05 | BC: 7.8602e-06 | PDE: 4.5982e-02 | Val: 8.2028e-07 | Test: 7.1214e-05 | LR=6.1e-04
Epoch  45/100 | Steps:  45000 | α=1e-04 | Loss: 8.3613e-06 | BC: 2.6366e-06 | PDE: 5.7248e-02 | Val: 1.6980e-06 | Test: 7.3629e-05 | LR=6.0e-04

>>> Alpha increased: 1e-04 → 1e-03 (BC=3.2115e-06) <<<
Epoch  46/100 | Steps:  46000 | α=1e-03 | Loss: 7.8876e-06 | BC: 3.2115e-06 | PDE: 4.6761e-02 | Val: 2.5397e-06 | Test: 8.6518e-05 | LR=5.8e-04 *
Epoch  47/100 | Steps:  47000 | α=1e-03 | Loss: 4.6701e-05 | BC: 1.1380e-05 | PDE: 3.5321e-02 | Val: 2.6123e-06 | Test: 8.1640e-05 | LR=5.7e-04
Epoch  48/100 | Steps:  48000 | α=1e-03 | Loss: 2.8315e-05 | BC: 5.8705e-06 | PDE: 2.2445e-02 | Val: 7.6076e-06 | Test: 7.8383e-05 | LR=5.5e-04
Epoch  49/100 | Steps:  49000 | α=1e-03 | Loss: 2.4986e-05 | BC: 5.7827e-06 | PDE: 1.9203e-02 | Val: 1.5517e-05 | Test: 8.9876e-05 | LR=5.4e-04
Epoch  50/100 | Steps:  50000 | α=1e-03 | Loss: 2.0160e-05 | BC: 4.9422e-06 | PDE: 1.5218e-02 | Val: 4.0905e-06 | Test: 8.7891e-05 | LR=5.2e-04
Epoch  51/100 | Steps:  51000 | α=1e-03 | Loss: 1.8810e-05 | BC: 4.9257e-06 | PDE: 1.3884e-02 | Val: 2.2160e-06 | Test: 9.5322e-05 | LR=5.1e-04 *
Epoch  52/100 | Steps:  52000 | α=1e-03 | Loss: 1.2129e-05 | BC: 5.1027e-06 | PDE: 7.0267e-03 | Val: 1.8019e-06 | Test: 1.0086e-04 | LR=4.9e-04 *
Epoch  53/100 | Steps:  53000 | α=1e-03 | Loss: 1.4483e-05 | BC: 3.9414e-06 | PDE: 1.0541e-02 | Val: 6.7769e-06 | Test: 1.2209e-04 | LR=4.7e-04
Epoch  54/100 | Steps:  54000 | α=1e-03 | Loss: 8.7522e-06 | BC: 3.4702e-06 | PDE: 5.2821e-03 | Val: 3.6386e-06 | Test: 1.1608e-04 | LR=4.6e-04
Epoch  55/100 | Steps:  55000 | α=1e-03 | Loss: 1.2949e-05 | BC: 3.7822e-06 | PDE: 9.1669e-03 | Val: 1.6112e-06 | Test: 1.1327e-04 | LR=4.4e-04 *
Epoch  56/100 | Steps:  56000 | α=1e-03 | Loss: 1.2674e-05 | BC: 3.5540e-06 | PDE: 9.1196e-03 | Val: 1.8766e-06 | Test: 1.1413e-04 | LR=4.3e-04
Epoch  57/100 | Steps:  57000 | α=1e-03 | Loss: 1.1096e-05 | BC: 4.0849e-06 | PDE: 7.0114e-03 | Val: 2.0970e-06 | Test: 1.2672e-04 | LR=4.1e-04
Epoch  58/100 | Steps:  58000 | α=1e-03 | Loss: 9.1039e-06 | BC: 2.6966e-06 | PDE: 6.4073e-03 | Val: 1.5243e-06 | Test: 1.2998e-04 | LR=4.0e-04 *
Epoch  59/100 | Steps:  59000 | α=1e-03 | Loss: 7.8998e-06 | BC: 3.4984e-06 | PDE: 4.4015e-03 | Val: 2.7163e-06 | Test: 1.2781e-04 | LR=3.8e-04
Epoch  60/100 | Steps:  60000 | α=1e-03 | Loss: 8.3395e-06 | BC: 2.4641e-06 | PDE: 5.8754e-03 | Val: 1.0896e-06 | Test: 1.3870e-04 | LR=3.7e-04 *
Epoch  61/100 | Steps:  61000 | α=1e-03 | Loss: 5.4916e-06 | BC: 2.1831e-06 | PDE: 3.3085e-03 | Val: 1.0107e-06 | Test: 1.3310e-04 | LR=3.5e-04 *
Epoch  62/100 | Steps:  62000 | α=1e-03 | Loss: 9.1739e-06 | BC: 2.0989e-06 | PDE: 7.0750e-03 | Val: 1.5943e-06 | Test: 1.4090e-04 | LR=3.4e-04
Epoch  63/100 | Steps:  63000 | α=1e-03 | Loss: 4.3781e-06 | BC: 1.8859e-06 | PDE: 2.4921e-03 | Val: 4.7367e-06 | Test: 1.4976e-04 | LR=3.2e-04
Epoch  64/100 | Steps:  64000 | α=1e-03 | Loss: 3.6118e-06 | BC: 1.5049e-06 | PDE: 2.1069e-03 | Val: 7.2897e-07 | Test: 1.5044e-04 | LR=3.1e-04 *
Epoch  65/100 | Steps:  65000 | α=1e-03 | Loss: 5.4719e-06 | BC: 2.5441e-06 | PDE: 2.9277e-03 | Val: 1.8184e-06 | Test: 1.4869e-04 | LR=2.9e-04
Epoch  66/100 | Steps:  66000 | α=1e-03 | Loss: 4.3096e-06 | BC: 1.6774e-06 | PDE: 2.6322e-03 | Val: 2.9506e-06 | Test: 1.5271e-04 | LR=2.8e-04
Epoch  67/100 | Steps:  67000 | α=1e-03 | Loss: 3.8566e-06 | BC: 1.4290e-06 | PDE: 2.4276e-03 | Val: 2.5677e-06 | Test: 1.5874e-04 | LR=2.7e-04
Epoch  68/100 | Steps:  68000 | α=1e-03 | Loss: 8.4261e-06 | BC: 1.4642e-06 | PDE: 6.9619e-03 | Val: 2.8107e-06 | Test: 1.5124e-04 | LR=2.5e-04

>>> Alpha increased: 1e-03 → 1e-02 (BC=1.5453e-06) <<<
Epoch  69/100 | Steps:  69000 | α=1e-02 | Loss: 8.1060e-06 | BC: 1.5453e-06 | PDE: 6.5607e-03 | Val: 7.1053e-07 | Test: 1.5138e-04 | LR=2.4e-04 *
Epoch  70/100 | Steps:  70000 | α=1e-02 | Loss: 5.8978e-05 | BC: 9.3124e-06 | PDE: 4.9666e-03 | Val: 2.6234e-05 | Test: 1.5123e-04 | LR=2.3e-04
Epoch  71/100 | Steps:  71000 | α=1e-02 | Loss: 1.8471e-05 | BC: 3.8774e-06 | PDE: 1.4594e-03 | Val: 1.7190e-06 | Test: 1.5381e-04 | LR=2.1e-04
Epoch  72/100 | Steps:  72000 | α=1e-02 | Loss: 1.8663e-05 | BC: 4.1256e-06 | PDE: 1.4537e-03 | Val: 1.1428e-05 | Test: 1.6355e-04 | LR=2.0e-04
Epoch  73/100 | Steps:  73000 | α=1e-02 | Loss: 4.3750e-05 | BC: 5.3723e-06 | PDE: 3.8377e-03 | Val: 1.7471e-06 | Test: 1.5106e-04 | LR=1.9e-04
Epoch  74/100 | Steps:  74000 | α=1e-02 | Loss: 1.4483e-05 | BC: 3.2719e-06 | PDE: 1.1211e-03 | Val: 2.6713e-06 | Test: 1.5957e-04 | LR=1.8e-04
Epoch  75/100 | Steps:  75000 | α=1e-02 | Loss: 1.4429e-05 | BC: 3.3728e-06 | PDE: 1.1057e-03 | Val: 2.0372e-06 | Test: 1.5856e-04 | LR=1.7e-04
Epoch  76/100 | Steps:  76000 | α=1e-02 | Loss: 2.0353e-05 | BC: 8.1831e-06 | PDE: 1.2170e-03 | Val: 4.3641e-06 | Test: 1.6959e-04 | LR=1.5e-04
Epoch  77/100 | Steps:  77000 | α=1e-02 | Loss: 1.3390e-05 | BC: 3.1510e-06 | PDE: 1.0239e-03 | Val: 5.4318e-06 | Test: 1.6398e-04 | LR=1.4e-04
Epoch  78/100 | Steps:  78000 | α=1e-02 | Loss: 1.4882e-05 | BC: 3.2906e-06 | PDE: 1.1591e-03 | Val: 1.8032e-06 | Test: 1.6355e-04 | LR=1.3e-04

>>> Alpha increased: 1e-02 → 1e-01 (BC=3.5734e-06) <<<
Epoch  79/100 | Steps:  79000 | α=1e-01 | Loss: 3.4866e-05 | BC: 3.5734e-06 | PDE: 3.1293e-03 | Val: 2.7463e-06 | Test: 1.6814e-04 | LR=1.2e-04 *
Epoch  80/100 | Steps:  80000 | α=1e-01 | Loss: 1.6581e-04 | BC: 2.0900e-05 | PDE: 1.4491e-03 | Val: 4.5790e-05 | Test: 2.0404e-04 | LR=1.1e-04
Epoch  81/100 | Steps:  81000 | α=1e-01 | Loss: 1.1096e-04 | BC: 1.3647e-05 | PDE: 9.7311e-04 | Val: 6.0473e-06 | Test: 1.6007e-04 | LR=1.0e-04
Epoch  82/100 | Steps:  82000 | α=1e-01 | Loss: 9.3679e-05 | BC: 1.1131e-05 | PDE: 8.2548e-04 | Val: 1.3399e-05 | Test: 1.5662e-04 | LR=9.6e-05
Epoch  83/100 | Steps:  83000 | α=1e-01 | Loss: 1.0551e-04 | BC: 1.5547e-05 | PDE: 8.9964e-04 | Val: 8.7440e-06 | Test: 1.5359e-04 | LR=8.7e-05
Epoch  84/100 | Steps:  84000 | α=1e-01 | Loss: 7.9795e-05 | BC: 1.2874e-05 | PDE: 6.6921e-04 | Val: 9.4616e-06 | Test: 1.5869e-04 | LR=7.9e-05
Epoch  85/100 | Steps:  85000 | α=1e-01 | Loss: 7.5932e-05 | BC: 1.0397e-05 | PDE: 6.5535e-04 | Val: 7.5215e-06 | Test: 1.5924e-04 | LR=7.1e-05
Epoch  86/100 | Steps:  86000 | α=1e-01 | Loss: 5.5147e-05 | BC: 8.5915e-06 | PDE: 4.6555e-04 | Val: 6.6379e-06 | Test: 1.5888e-04 | LR=6.4e-05
Epoch  87/100 | Steps:  87000 | α=1e-01 | Loss: 7.0986e-05 | BC: 1.0843e-05 | PDE: 6.0143e-04 | Val: 8.7511e-06 | Test: 1.5648e-04 | LR=5.7e-05
Epoch  88/100 | Steps:  88000 | α=1e-01 | Loss: 6.1411e-05 | BC: 1.0299e-05 | PDE: 5.1112e-04 | Val: 7.8396e-06 | Test: 1.5319e-04 | LR=5.1e-05
Epoch  89/100 | Steps:  89000 | α=1e-01 | Loss: 6.2140e-05 | BC: 1.0349e-05 | PDE: 5.1791e-04 | Val: 8.2030e-06 | Test: 1.5556e-04 | LR=4.5e-05
Epoch  90/100 | Steps:  90000 | α=1e-01 | Loss: 4.5075e-05 | BC: 8.5885e-06 | PDE: 3.6487e-04 | Val: 8.4947e-06 | Test: 1.5579e-04 | LR=3.9e-05
Epoch  91/100 | Steps:  91000 | α=1e-01 | Loss: 4.7595e-04 | BC: 9.4516e-06 | PDE: 4.6650e-03 | Val: 8.9343e-06 | Test: 1.5819e-04 | LR=3.4e-05
Epoch  92/100 | Steps:  92000 | α=1e-01 | Loss: 4.5710e-05 | BC: 8.3984e-06 | PDE: 3.7311e-04 | Val: 7.9169e-06 | Test: 1.5662e-04 | LR=3.0e-05
Epoch  93/100 | Steps:  93000 | α=1e-01 | Loss: 5.2460e-05 | BC: 8.6960e-06 | PDE: 4.3764e-04 | Val: 7.1265e-06 | Test: 1.5734e-04 | LR=2.6e-05
Epoch  94/100 | Steps:  94000 | α=1e-01 | Loss: 4.5476e-05 | BC: 8.4271e-06 | PDE: 3.7049e-04 | Val: 7.2075e-06 | Test: 1.5746e-04 | LR=2.2e-05
Epoch  95/100 | Steps:  95000 | α=1e-01 | Loss: 2.7081e-04 | BC: 9.0996e-06 | PDE: 2.6171e-03 | Val: 7.7950e-06 | Test: 1.5643e-04 | LR=1.9e-05
Epoch  96/100 | Steps:  96000 | α=1e-01 | Loss: 4.0287e-05 | BC: 7.9374e-06 | PDE: 3.2350e-04 | Val: 7.5841e-06 | Test: 1.5986e-04 | LR=1.6e-05
Epoch  97/100 | Steps:  97000 | α=1e-01 | Loss: 4.2536e-05 | BC: 7.8400e-06 | PDE: 3.4696e-04 | Val: 7.6707e-06 | Test: 1.6076e-04 | LR=1.4e-05
Epoch  98/100 | Steps:  98000 | α=1e-01 | Loss: 5.1112e-05 | BC: 8.9287e-06 | PDE: 4.2183e-04 | Val: 7.4583e-06 | Test: 1.5840e-04 | LR=1.2e-05
Epoch  99/100 | Steps:  99000 | α=1e-01 | Loss: 5.7827e-05 | BC: 9.1151e-06 | PDE: 4.8712e-04 | Val: 7.8341e-06 | Test: 1.5980e-04 | LR=1.1e-05
Epoch 100/100 | Steps: 100000 | α=1e-01 | Loss: 3.8884e-05 | BC: 7.8864e-06 | PDE: 3.0998e-04 | Val: 6.9254e-06 | Test: 1.6029e-04 | LR=1.0e-05

Restored best model from epoch 79 (val_loss: 2.7463e-06, test_loss: 1.6814e-04)
Best checkpoint saved to: outputs/expr_7_1/arctan/l2/checkpoints/best_model.pt
Final checkpoint saved to: outputs/expr_7_1/arctan/l2/checkpoints/final_model.pt
Training completed in 718.41s (100,000 total steps)

Final Test MSE: 1.6029e-04
Inference (per point): 4.8375e-05s | (full domain): 4.5846e-05s
Saved plot to outputs/expr_7_1/arctan/l2/plots/results.png
