
============================================================
Running Example: absolute
============================================================

Generated full domain data:
  Boundary points: 40,000
  Interior points: 1,000,000
  Test points: 10,000
Re-sampling enabled: ~1,000,000 interior points per epoch

Splitting data: 80% train, 20% validation
  BC: 32,000 train, 8,000 val
  Interior: 800,000 train, 200,000 val

Model: DomainDecompositionPINN
  Hidden layers: [16, 16, 16, 16]
  Activation: tanh
  η: 1e-05 (normalized)
  Residual clipping: [-10.0, 10.0]
  Outlier removal: top 2.0%
  Parameters: 3,524

Training configuration:
  Boundary points (train): 32,000 -> 80 batches of 400
  Interior points (train): 1,000,000 -> 1000 batches of 1000
  Interior sampling: RE-SAMPLE each epoch
  Boundary points (val): 8,000
  Validation loss: BC only
  Steps per epoch: 1,000
  Total steps: 100,000
  Epochs: 100
  Loss balancing: AlphaPlateauScheduler
  LR scheduler: cosine (LR: 1.0e-03 -> 1.0e-05)

/usr/local/lib/python3.12/dist-packages/torch/autograd/graph.py:824: UserWarning: Attempting to run cuBLAS, but there was no current CUDA context! Attempting to set the primary context... (Triggered internally at /opt/pytorch/pytorch/aten/src/ATen/cuda/CublasHandlePool.cpp:181.)
  return Variable._execution_engine.run_backward(  # Calls into the C++ engine to run the backward pass
Epoch   1/100 | Steps:   1000 | α=1e-05 | Loss: 7.5068e-03 | BC: 7.0700e-03 | PDE: 5.4389e-01 | Intf: 4.3140e-04 | Val: 5.1346e-05 | Test: 1.5265e-03 | LR=1.0e-03 *
Epoch   2/100 | Steps:   2000 | α=1e-05 | Loss: 1.5345e-04 | BC: 1.1566e-04 | PDE: 5.2238e-01 | Intf: 3.2572e-05 | Val: 4.5932e-05 | Test: 1.4641e-03 | LR=1.0e-03 *
Epoch   3/100 | Steps:   3000 | α=1e-05 | Loss: 1.7274e-04 | BC: 1.2799e-04 | PDE: 4.9088e-01 | Intf: 3.9850e-05 | Val: 1.7396e-04 | Test: 1.4590e-03 | LR=1.0e-03
Epoch   4/100 | Steps:   4000 | α=1e-05 | Loss: 1.6396e-04 | BC: 1.1510e-04 | PDE: 4.6453e-01 | Intf: 4.4211e-05 | Val: 8.5180e-05 | Test: 1.3579e-03 | LR=1.0e-03
Epoch   5/100 | Steps:   5000 | α=1e-05 | Loss: 1.5402e-04 | BC: 1.0748e-04 | PDE: 4.3792e-01 | Intf: 4.2162e-05 | Val: 1.5423e-04 | Test: 1.3107e-03 | LR=1.0e-03
Epoch   6/100 | Steps:   6000 | α=1e-05 | Loss: 1.6874e-04 | BC: 1.1257e-04 | PDE: 4.1449e-01 | Intf: 5.2021e-05 | Val: 1.6943e-04 | Test: 1.2881e-03 | LR=9.9e-04
Epoch   7/100 | Steps:   7000 | α=1e-05 | Loss: 1.3164e-04 | BC: 8.6586e-05 | PDE: 3.9964e-01 | Intf: 4.1058e-05 | Val: 4.4709e-05 | Test: 1.1504e-03 | LR=9.9e-04 *
Epoch   8/100 | Steps:   8000 | α=1e-05 | Loss: 1.4345e-04 | BC: 1.0507e-04 | PDE: 3.8927e-01 | Intf: 3.4488e-05 | Val: 6.8786e-05 | Test: 1.1555e-03 | LR=9.9e-04
Epoch   9/100 | Steps:   9000 | α=1e-05 | Loss: 1.4695e-04 | BC: 1.0429e-04 | PDE: 3.8214e-01 | Intf: 3.8844e-05 | Val: 3.1662e-05 | Test: 1.1037e-03 | LR=9.8e-04 *
Epoch  10/100 | Steps:  10000 | α=1e-05 | Loss: 1.3023e-04 | BC: 8.4774e-05 | PDE: 3.7499e-01 | Intf: 4.1704e-05 | Val: 3.0291e-04 | Test: 1.2444e-03 | LR=9.8e-04
Epoch  11/100 | Steps:  11000 | α=1e-05 | Loss: 1.1984e-04 | BC: 8.4366e-05 | PDE: 3.6933e-01 | Intf: 3.1784e-05 | Val: 9.5217e-05 | Test: 1.1448e-03 | LR=9.8e-04

>>> Alpha increased: 1e-05 → 1e-04 (BC=8.8142e-05) <<<
Epoch  12/100 | Steps:  12000 | α=1e-04 | Loss: 1.3204e-04 | BC: 8.8142e-05 | PDE: 3.6417e-01 | Intf: 4.0259e-05 | Val: 3.1251e-05 | Test: 1.0564e-03 | LR=9.7e-04 *
Epoch  13/100 | Steps:  13000 | α=1e-04 | Loss: 1.3992e-04 | BC: 7.7464e-05 | PDE: 3.3211e-01 | Intf: 2.9249e-05 | Val: 4.3316e-05 | Test: 9.8391e-04 | LR=9.7e-04
Epoch  14/100 | Steps:  14000 | α=1e-04 | Loss: 1.4153e-04 | BC: 7.6575e-05 | PDE: 2.9941e-01 | Intf: 3.5016e-05 | Val: 3.3497e-05 | Test: 8.8927e-04 | LR=9.6e-04
Epoch  15/100 | Steps:  15000 | α=1e-04 | Loss: 1.3307e-04 | BC: 7.1669e-05 | PDE: 2.7620e-01 | Intf: 3.3782e-05 | Val: 4.2373e-05 | Test: 7.6657e-04 | LR=9.5e-04
Epoch  16/100 | Steps:  16000 | α=1e-04 | Loss: 1.3101e-04 | BC: 7.1494e-05 | PDE: 2.5988e-01 | Intf: 3.3531e-05 | Val: 2.2037e-04 | Test: 8.8194e-04 | LR=9.5e-04
Epoch  17/100 | Steps:  17000 | α=1e-04 | Loss: 1.2386e-04 | BC: 6.5950e-05 | PDE: 2.4622e-01 | Intf: 3.3285e-05 | Val: 2.5294e-05 | Test: 7.4393e-04 | LR=9.4e-04 *
Epoch  18/100 | Steps:  18000 | α=1e-04 | Loss: 1.1373e-04 | BC: 6.2660e-05 | PDE: 2.3339e-01 | Intf: 2.7730e-05 | Val: 1.0775e-04 | Test: 7.2909e-04 | LR=9.3e-04
Epoch  19/100 | Steps:  19000 | α=1e-04 | Loss: 1.1471e-04 | BC: 6.2527e-05 | PDE: 2.2437e-01 | Intf: 2.9751e-05 | Val: 1.9913e-05 | Test: 6.7400e-04 | LR=9.2e-04 *

>>> Alpha increased: 1e-04 → 1e-03 (BC=5.8199e-05) <<<
Epoch  20/100 | Steps:  20000 | α=1e-03 | Loss: 1.1065e-04 | BC: 5.8199e-05 | PDE: 2.1461e-01 | Intf: 3.0985e-05 | Val: 3.2360e-05 | Test: 6.1792e-04 | LR=9.1e-04 *
Epoch  21/100 | Steps:  21000 | α=1e-03 | Loss: 2.7457e-04 | BC: 8.9255e-05 | PDE: 1.4460e-01 | Intf: 4.0719e-05 | Val: 1.6210e-04 | Test: 5.6558e-04 | LR=9.1e-04
Epoch  22/100 | Steps:  22000 | α=1e-03 | Loss: 2.1213e-04 | BC: 8.1624e-05 | PDE: 9.3108e-02 | Intf: 3.7402e-05 | Val: 1.5804e-05 | Test: 2.8601e-04 | LR=9.0e-04 *
Epoch  23/100 | Steps:  23000 | α=1e-03 | Loss: 1.9381e-04 | BC: 8.9150e-05 | PDE: 6.6032e-02 | Intf: 3.8629e-05 | Val: 1.5315e-04 | Test: 3.0279e-04 | LR=8.9e-04
Epoch  24/100 | Steps:  24000 | α=1e-03 | Loss: 1.5585e-04 | BC: 7.0612e-05 | PDE: 4.7924e-02 | Intf: 3.7311e-05 | Val: 9.0125e-05 | Test: 1.6719e-04 | LR=8.8e-04
Epoch  25/100 | Steps:  25000 | α=1e-03 | Loss: 4.5328e-04 | BC: 2.7790e-04 | PDE: 3.9549e-02 | Intf: 1.3583e-04 | Val: 1.8530e-05 | Test: 1.2404e-04 | LR=8.7e-04
Epoch  26/100 | Steps:  26000 | α=1e-03 | Loss: 1.8565e-04 | BC: 6.8246e-05 | PDE: 5.1423e-02 | Intf: 6.5978e-05 | Val: 6.5450e-04 | Test: 6.1355e-04 | LR=8.6e-04
Epoch  27/100 | Steps:  27000 | α=1e-03 | Loss: 1.9267e-04 | BC: 7.5399e-05 | PDE: 4.3592e-02 | Intf: 7.3676e-05 | Val: 4.0349e-04 | Test: 4.2687e-04 | LR=8.4e-04
Epoch  28/100 | Steps:  28000 | α=1e-03 | Loss: 1.6847e-04 | BC: 6.5874e-05 | PDE: 3.8904e-02 | Intf: 6.3689e-05 | Val: 5.7562e-06 | Test: 8.5298e-05 | LR=8.3e-04 *

>>> Alpha increased: 1e-03 → 1e-02 (BC=8.4838e-05) <<<
Epoch  29/100 | Steps:  29000 | α=1e-02 | Loss: 2.0388e-04 | BC: 8.4838e-05 | PDE: 3.4391e-02 | Intf: 8.4651e-05 | Val: 4.3589e-06 | Test: 7.9098e-05 | LR=8.2e-04 *
Epoch  30/100 | Steps:  30000 | α=1e-02 | Loss: 3.7430e-04 | BC: 1.1470e-04 | PDE: 1.4700e-02 | Intf: 1.1259e-04 | Val: 5.7110e-05 | Test: 9.5315e-05 | LR=8.1e-04
Epoch  31/100 | Steps:  31000 | α=1e-02 | Loss: 3.1942e-04 | BC: 1.2459e-04 | PDE: 7.6294e-03 | Intf: 1.1854e-04 | Val: 1.3972e-03 | Test: 1.2529e-03 | LR=8.0e-04
Epoch  32/100 | Steps:  32000 | α=1e-02 | Loss: 2.5777e-04 | BC: 1.0421e-04 | PDE: 3.6773e-03 | Intf: 1.1679e-04 | Val: 4.9349e-04 | Test: 4.1406e-04 | LR=7.8e-04
Epoch  33/100 | Steps:  33000 | α=1e-02 | Loss: 1.6039e-04 | BC: 6.5400e-05 | PDE: 2.0525e-03 | Intf: 7.4470e-05 | Val: 1.9320e-06 | Test: 1.9069e-05 | LR=7.7e-04 *
Epoch  34/100 | Steps:  34000 | α=1e-02 | Loss: 1.9842e-04 | BC: 8.5894e-05 | PDE: 1.6427e-03 | Intf: 9.6099e-05 | Val: 1.2224e-05 | Test: 2.7925e-05 | LR=7.6e-04
Epoch  35/100 | Steps:  35000 | α=1e-02 | Loss: 1.4412e-04 | BC: 5.9764e-05 | PDE: 1.4454e-03 | Intf: 6.9903e-05 | Val: 1.6803e-06 | Test: 1.7878e-05 | LR=7.4e-04 *
Epoch  36/100 | Steps:  36000 | α=1e-02 | Loss: 1.2241e-04 | BC: 5.1586e-05 | PDE: 1.3128e-03 | Intf: 5.7690e-05 | Val: 6.1996e-05 | Test: 7.0040e-05 | LR=7.3e-04
Epoch  37/100 | Steps:  37000 | α=1e-02 | Loss: 1.4543e-04 | BC: 6.1692e-05 | PDE: 1.2350e-03 | Intf: 7.1391e-05 | Val: 3.6351e-05 | Test: 4.7107e-05 | LR=7.2e-04
Epoch  38/100 | Steps:  38000 | α=1e-02 | Loss: 1.3104e-04 | BC: 5.4991e-05 | PDE: 1.1925e-03 | Intf: 6.4119e-05 | Val: 4.5410e-06 | Test: 1.9449e-05 | LR=7.0e-04
Epoch  39/100 | Steps:  39000 | α=1e-02 | Loss: 1.3889e-04 | BC: 5.9969e-05 | PDE: 1.1536e-03 | Intf: 6.7387e-05 | Val: 7.3200e-04 | Test: 6.4428e-04 | LR=6.9e-04
Epoch  40/100 | Steps:  40000 | α=1e-02 | Loss: 1.0984e-04 | BC: 4.5597e-05 | PDE: 1.1348e-03 | Intf: 5.2899e-05 | Val: 2.5772e-06 | Test: 1.6609e-05 | LR=6.7e-04

>>> Alpha increased: 1e-02 → 1e-01 (BC=4.4560e-05) <<<
Epoch  41/100 | Steps:  41000 | α=1e-01 | Loss: 1.0584e-04 | BC: 4.4560e-05 | PDE: 1.0746e-03 | Intf: 5.0536e-05 | Val: 1.8487e-06 | Test: 1.5449e-05 | LR=6.6e-04 *
Epoch  42/100 | Steps:  42000 | α=1e-01 | Loss: 1.9274e-04 | BC: 6.4108e-05 | PDE: 5.5567e-04 | Intf: 7.3065e-05 | Val: 5.0530e-05 | Test: 6.2430e-05 | LR=6.4e-04
Epoch  43/100 | Steps:  43000 | α=1e-01 | Loss: 1.3846e-04 | BC: 5.1061e-05 | PDE: 2.5405e-04 | Intf: 6.1991e-05 | Val: 1.3052e-04 | Test: 1.3158e-04 | LR=6.3e-04
Epoch  44/100 | Steps:  44000 | α=1e-01 | Loss: 1.2338e-04 | BC: 4.8268e-05 | PDE: 1.8487e-04 | Intf: 5.6628e-05 | Val: 5.3466e-04 | Test: 4.7011e-04 | LR=6.1e-04
Epoch  45/100 | Steps:  45000 | α=1e-01 | Loss: 1.1346e-04 | BC: 4.5865e-05 | PDE: 1.4290e-04 | Intf: 5.3306e-05 | Val: 9.0566e-07 | Test: 1.6420e-05 | LR=6.0e-04 *
Epoch  46/100 | Steps:  46000 | α=1e-01 | Loss: 9.9171e-05 | BC: 3.9996e-05 | PDE: 1.1253e-04 | Intf: 4.7923e-05 | Val: 2.0017e-05 | Test: 3.6895e-05 | LR=5.8e-04
Epoch  47/100 | Steps:  47000 | α=1e-01 | Loss: 9.4896e-05 | BC: 4.0041e-05 | PDE: 9.1930e-05 | Intf: 4.5662e-05 | Val: 1.5297e-06 | Test: 1.7376e-05 | LR=5.7e-04
Epoch  48/100 | Steps:  48000 | α=1e-01 | Loss: 8.2780e-05 | BC: 3.4595e-05 | PDE: 7.8761e-05 | Intf: 4.0310e-05 | Val: 8.9300e-07 | Test: 1.7087e-05 | LR=5.5e-04 *
Epoch  49/100 | Steps:  49000 | α=1e-01 | Loss: 7.4986e-05 | BC: 3.1656e-05 | PDE: 7.0874e-05 | Intf: 3.6242e-05 | Val: 7.5068e-05 | Test: 7.5594e-05 | LR=5.4e-04
Epoch  50/100 | Steps:  50000 | α=1e-01 | Loss: 8.8000e-05 | BC: 3.7702e-05 | PDE: 6.6697e-05 | Intf: 4.3629e-05 | Val: 8.0407e-07 | Test: 1.8327e-05 | LR=5.2e-04 *
Epoch  51/100 | Steps:  51000 | α=1e-01 | Loss: 6.9889e-05 | BC: 2.9705e-05 | PDE: 5.9410e-05 | Intf: 3.4243e-05 | Val: 7.9015e-07 | Test: 1.7412e-05 | LR=5.1e-04 *
Epoch  52/100 | Steps:  52000 | α=1e-01 | Loss: 6.6926e-05 | BC: 2.8750e-05 | PDE: 5.6144e-05 | Intf: 3.2561e-05 | Val: 7.1412e-07 | Test: 1.7676e-05 | LR=4.9e-04 *
Epoch  53/100 | Steps:  53000 | α=1e-01 | Loss: 4.9485e-05 | BC: 2.0461e-05 | PDE: 5.2618e-05 | Intf: 2.3763e-05 | Val: 2.1211e-04 | Test: 1.9781e-04 | LR=4.7e-04
Epoch  54/100 | Steps:  54000 | α=1e-01 | Loss: 5.8445e-05 | BC: 2.5085e-05 | PDE: 4.9364e-05 | Intf: 2.8424e-05 | Val: 4.1670e-04 | Test: 3.8053e-04 | LR=4.6e-04
Epoch  55/100 | Steps:  55000 | α=1e-01 | Loss: 6.3359e-05 | BC: 2.6960e-05 | PDE: 4.8217e-05 | Intf: 3.1577e-05 | Val: 4.6294e-05 | Test: 5.3187e-05 | LR=4.4e-04
Epoch  56/100 | Steps:  56000 | α=1e-01 | Loss: 4.4396e-05 | BC: 1.8372e-05 | PDE: 4.4321e-05 | Intf: 2.1591e-05 | Val: 8.3679e-07 | Test: 1.6386e-05 | LR=4.3e-04
Epoch  57/100 | Steps:  57000 | α=1e-01 | Loss: 4.1760e-05 | BC: 1.7473e-05 | PDE: 4.0819e-05 | Intf: 2.0206e-05 | Val: 1.2973e-06 | Test: 1.6569e-05 | LR=4.1e-04
Epoch  58/100 | Steps:  58000 | α=1e-01 | Loss: 4.3485e-05 | BC: 1.8366e-05 | PDE: 3.9081e-05 | Intf: 2.1211e-05 | Val: 1.9299e-04 | Test: 1.8038e-04 | LR=4.0e-04
Epoch  59/100 | Steps:  59000 | α=1e-01 | Loss: 3.9807e-05 | BC: 1.6410e-05 | PDE: 3.7404e-05 | Intf: 1.9657e-05 | Val: 6.8398e-07 | Test: 1.5498e-05 | LR=3.8e-04 *
Epoch  60/100 | Steps:  60000 | α=1e-01 | Loss: 3.7272e-05 | BC: 1.5657e-05 | PDE: 3.4056e-05 | Intf: 1.8209e-05 | Val: 7.2205e-05 | Test: 7.9407e-05 | LR=3.7e-04
Epoch  61/100 | Steps:  61000 | α=1e-01 | Loss: 2.8017e-05 | BC: 1.1374e-05 | PDE: 3.2517e-05 | Intf: 1.3391e-05 | Val: 5.7921e-06 | Test: 1.7074e-05 | LR=3.5e-04
Epoch  62/100 | Steps:  62000 | α=1e-01 | Loss: 3.2116e-05 | BC: 1.3294e-05 | PDE: 3.0822e-05 | Intf: 1.5740e-05 | Val: 2.4763e-05 | Test: 3.2976e-05 | LR=3.4e-04
Epoch  63/100 | Steps:  63000 | α=1e-01 | Loss: 2.8346e-05 | BC: 1.1617e-05 | PDE: 2.9112e-05 | Intf: 1.3817e-05 | Val: 8.1036e-05 | Test: 8.1001e-05 | LR=3.2e-04
Epoch  64/100 | Steps:  64000 | α=1e-01 | Loss: 2.4353e-05 | BC: 1.0000e-05 | PDE: 2.7071e-05 | Intf: 1.1646e-05 | Val: 1.4345e-06 | Test: 1.3576e-05 | LR=3.1e-04
Epoch  65/100 | Steps:  65000 | α=1e-01 | Loss: 2.4422e-05 | BC: 1.0069e-05 | PDE: 2.5855e-05 | Intf: 1.1767e-05 | Val: 4.7145e-06 | Test: 1.5953e-05 | LR=2.9e-04
Epoch  66/100 | Steps:  66000 | α=1e-01 | Loss: 2.1269e-05 | BC: 8.6761e-06 | PDE: 2.4481e-05 | Intf: 1.0145e-05 | Val: 7.3346e-06 | Test: 1.6720e-05 | LR=2.8e-04
Epoch  67/100 | Steps:  67000 | α=1e-01 | Loss: 1.8402e-05 | BC: 7.3831e-06 | PDE: 2.3646e-05 | Intf: 8.6539e-06 | Val: 5.2035e-05 | Test: 5.3936e-05 | LR=2.7e-04
Epoch  68/100 | Steps:  68000 | α=1e-01 | Loss: 1.7326e-05 | BC: 7.0320e-06 | PDE: 2.2174e-05 | Intf: 8.0765e-06 | Val: 1.3138e-05 | Test: 2.1466e-05 | LR=2.5e-04
Epoch  69/100 | Steps:  69000 | α=1e-01 | Loss: 1.2742e-05 | BC: 5.1199e-06 | PDE: 2.0747e-05 | Intf: 5.5475e-06 | Val: 8.0728e-06 | Test: 1.7587e-05 | LR=2.4e-04
Epoch  70/100 | Steps:  70000 | α=1e-01 | Loss: 1.9456e-05 | BC: 8.0798e-06 | PDE: 2.0304e-05 | Intf: 9.3459e-06 | Val: 7.0410e-07 | Test: 1.1774e-05 | LR=2.3e-04
Epoch  71/100 | Steps:  71000 | α=1e-01 | Loss: 9.9507e-06 | BC: 3.7243e-06 | PDE: 1.9534e-05 | Intf: 4.2729e-06 | Val: 2.5841e-06 | Test: 1.1818e-05 | LR=2.1e-04
Epoch  72/100 | Steps:  72000 | α=1e-01 | Loss: 1.1705e-05 | BC: 4.6871e-06 | PDE: 1.8005e-05 | Intf: 5.2172e-06 | Val: 5.2895e-05 | Test: 5.6888e-05 | LR=2.0e-04
Epoch  73/100 | Steps:  73000 | α=1e-01 | Loss: 1.0276e-05 | BC: 3.9417e-06 | PDE: 1.7934e-05 | Intf: 4.5407e-06 | Val: 1.0393e-05 | Test: 1.9169e-05 | LR=1.9e-04
Epoch  74/100 | Steps:  74000 | α=1e-01 | Loss: 9.1109e-06 | BC: 3.5584e-06 | PDE: 1.6353e-05 | Intf: 3.9173e-06 | Val: 4.8027e-06 | Test: 1.3808e-05 | LR=1.8e-04
Epoch  75/100 | Steps:  75000 | α=1e-01 | Loss: 8.0177e-06 | BC: 3.1109e-06 | PDE: 1.5363e-05 | Intf: 3.3705e-06 | Val: 2.3225e-06 | Test: 1.0508e-05 | LR=1.7e-04
Epoch  76/100 | Steps:  76000 | α=1e-01 | Loss: 7.0936e-06 | BC: 2.7119e-06 | PDE: 1.4941e-05 | Intf: 2.8876e-06 | Val: 7.0078e-06 | Test: 1.4250e-05 | LR=1.5e-04
Epoch  77/100 | Steps:  77000 | α=1e-01 | Loss: 7.3524e-06 | BC: 2.8553e-06 | PDE: 1.4060e-05 | Intf: 3.0911e-06 | Val: 4.8411e-06 | Test: 1.2335e-05 | LR=1.4e-04
Epoch  78/100 | Steps:  78000 | α=1e-01 | Loss: 5.1484e-06 | BC: 1.9220e-06 | PDE: 1.3152e-05 | Intf: 1.9112e-06 | Val: 5.4407e-06 | Test: 1.3431e-05 | LR=1.3e-04
Epoch  79/100 | Steps:  79000 | α=1e-01 | Loss: 5.3236e-06 | BC: 1.9626e-06 | PDE: 1.2571e-05 | Intf: 2.1038e-06 | Val: 1.5248e-06 | Test: 9.9141e-06 | LR=1.2e-04
Epoch  80/100 | Steps:  80000 | α=1e-01 | Loss: 4.6040e-06 | BC: 1.7179e-06 | PDE: 1.2127e-05 | Intf: 1.6734e-06 | Val: 1.7286e-06 | Test: 9.4717e-06 | LR=1.1e-04
Epoch  81/100 | Steps:  81000 | α=1e-01 | Loss: 3.8794e-06 | BC: 1.4008e-06 | PDE: 1.1476e-05 | Intf: 1.3310e-06 | Val: 2.8385e-06 | Test: 1.0146e-05 | LR=1.0e-04
Epoch  82/100 | Steps:  82000 | α=1e-01 | Loss: 3.0485e-06 | BC: 1.0592e-06 | PDE: 1.0880e-05 | Intf: 9.0121e-07 | Val: 1.2126e-06 | Test: 8.4115e-06 | LR=9.6e-05
Epoch  83/100 | Steps:  83000 | α=1e-01 | Loss: 3.0000e-06 | BC: 1.0492e-06 | PDE: 1.0285e-05 | Intf: 9.2232e-07 | Val: 3.3056e-06 | Test: 1.0710e-05 | LR=8.7e-05
Epoch  84/100 | Steps:  84000 | α=1e-01 | Loss: 2.6512e-06 | BC: 9.0705e-07 | PDE: 9.7057e-06 | Intf: 7.7353e-07 | Val: 8.0953e-06 | Test: 1.5132e-05 | LR=7.9e-05
Epoch  85/100 | Steps:  85000 | α=1e-01 | Loss: 2.7066e-06 | BC: 9.4688e-07 | PDE: 9.2995e-06 | Intf: 8.2973e-07 | Val: 3.8081e-07 | Test: 7.3879e-06 | LR=7.1e-05 *
Epoch  86/100 | Steps:  86000 | α=1e-01 | Loss: 1.8342e-06 | BC: 5.8291e-07 | PDE: 8.6404e-06 | Intf: 3.8722e-07 | Val: 1.6531e-06 | Test: 8.4161e-06 | LR=6.4e-05
Epoch  87/100 | Steps:  87000 | α=1e-01 | Loss: 1.7775e-06 | BC: 5.6714e-07 | PDE: 8.3122e-06 | Intf: 3.7916e-07 | Val: 8.3000e-07 | Test: 7.6081e-06 | LR=5.7e-05
Epoch  88/100 | Steps:  88000 | α=1e-01 | Loss: 1.7216e-06 | BC: 5.5744e-07 | PDE: 7.9656e-06 | Intf: 3.6757e-07 | Val: 1.6422e-06 | Test: 8.3081e-06 | LR=5.1e-05
Epoch  89/100 | Steps:  89000 | α=1e-01 | Loss: 1.4931e-06 | BC: 4.7747e-07 | PDE: 7.6620e-06 | Intf: 2.4942e-07 | Val: 3.9085e-07 | Test: 7.0201e-06 | LR=4.5e-05
Epoch  90/100 | Steps:  90000 | α=1e-01 | Loss: 1.3520e-06 | BC: 4.1453e-07 | PDE: 7.2919e-06 | Intf: 2.0824e-07 | Val: 2.7700e-07 | Test: 6.6730e-06 | LR=3.9e-05 *
Epoch  91/100 | Steps:  91000 | α=1e-01 | Loss: 1.2125e-06 | BC: 3.6727e-07 | PDE: 7.0097e-06 | Intf: 1.4428e-07 | Val: 3.9269e-07 | Test: 6.5764e-06 | LR=3.4e-05
Epoch  92/100 | Steps:  92000 | α=1e-01 | Loss: 1.1301e-06 | BC: 3.3575e-07 | PDE: 6.7829e-06 | Intf: 1.1610e-07 | Val: 2.7781e-07 | Test: 6.3618e-06 | LR=3.0e-05
Epoch  93/100 | Steps:  93000 | α=1e-01 | Loss: 1.0573e-06 | BC: 3.0896e-07 | PDE: 6.6082e-06 | Intf: 8.7541e-08 | Val: 2.7936e-07 | Test: 6.4105e-06 | LR=2.6e-05
Epoch  94/100 | Steps:  94000 | α=1e-01 | Loss: 9.8413e-07 | BC: 2.8098e-07 | PDE: 6.3990e-06 | Intf: 6.3259e-08 | Val: 2.5006e-07 | Test: 6.2033e-06 | LR=2.2e-05 *
Epoch  95/100 | Steps:  95000 | α=1e-01 | Loss: 9.8407e-07 | BC: 2.9050e-07 | PDE: 6.1640e-06 | Intf: 7.7169e-08 | Val: 3.6476e-07 | Test: 6.3242e-06 | LR=1.9e-05
Epoch  96/100 | Steps:  96000 | α=1e-01 | Loss: 9.1557e-07 | BC: 2.6711e-07 | PDE: 5.9617e-06 | Intf: 5.2291e-08 | Val: 3.3093e-07 | Test: 6.3132e-06 | LR=1.6e-05
Epoch  97/100 | Steps:  97000 | α=1e-01 | Loss: 8.8096e-07 | BC: 2.5183e-07 | PDE: 5.9013e-06 | Intf: 3.8995e-08 | Val: 2.6175e-07 | Test: 5.9277e-06 | LR=1.4e-05
Epoch  98/100 | Steps:  98000 | α=1e-01 | Loss: 8.6217e-07 | BC: 2.4456e-07 | PDE: 5.8049e-06 | Intf: 3.7118e-08 | Val: 2.5644e-07 | Test: 6.0209e-06 | LR=1.2e-05
Epoch  99/100 | Steps:  99000 | α=1e-01 | Loss: 8.3319e-07 | BC: 2.3552e-07 | PDE: 5.6738e-06 | Intf: 3.0284e-08 | Val: 2.6883e-07 | Test: 5.8911e-06 | LR=1.1e-05
Epoch 100/100 | Steps: 100000 | α=1e-01 | Loss: 8.2033e-07 | BC: 2.3779e-07 | PDE: 5.4879e-06 | Intf: 3.3748e-08 | Val: 2.3581e-07 | Test: 5.7608e-06 | LR=1.0e-05 *

Restored best model from epoch 100 (val_loss: 2.3581e-07, test_loss: 5.7608e-06)
Best checkpoint saved to: outputs/expr_7_1/absolute_dd/h16/checkpoints/best_model.pt
Final checkpoint saved to: outputs/expr_7_1/absolute_dd/h16/checkpoints/final_model.pt
Training completed in 4440.76s (100,000 total steps)

Final Test MSE: 5.7608e-06
Inference (per point): 2.8756e-04s | (full domain): 7.3929e-04s
Saved plot to outputs/expr_7_1/absolute_dd/h16/plots/results.png
