
============================================================
Experiment 6.3.1  —  Distance to Origin  —  Square
============================================================
Device: cuda
  Loaded p=5: 1048576 points, mse: 2.376532e-02
  Loaded p=10: 1048576 points, mse: 3.019401e-03
  Loaded p=15: 1048576 points, mse: 1.106648e-03
  Loaded p=25: 1048576 points, mse: 3.383036e-04
  Loaded p=30: 1048576 points, mse: 2.232981e-04
  Loaded p=35: 1048576 points, mse: 1.570591e-04
  Loaded p=40: 1048576 points, mse: 1.155591e-04
  Loaded p=45: 1048576 points, mse: 8.792290e-05
  Loaded p=50: 1048576 points, mse: 6.864928e-05
  Loaded p=55: 1048576 points, mse: 5.471246e-05
  Loaded p=60: 1048576 points, mse: 4.433771e-05
  Loaded p=65: 1048576 points, mse: 3.642855e-05
  Loaded p=70: 1048576 points, mse: 3.027831e-05
  Loaded p=75: 1048576 points, mse: 2.541514e-05
  Loaded p=80: 1048576 points, mse: 2.151444e-05
  Loaded p=85: 1048576 points, mse: 1.834706e-05
  Loaded p=90: 1048576 points, mse: 1.574758e-05
  Loaded p=95: 1048576 points, mse: 1.359436e-05
  Loaded p=100: 1048576 points, mse: 1.179612e-05
  Loaded p=105: 1048576 points, mse: 1.028366e-05
  Loaded p=110: 1048576 points, mse: 9.003449e-06
  Loaded p=115: 1048576 points, mse: 7.913833e-06
  Loaded p=120: 1048576 points, mse: 6.981888e-06
  Loaded p=125: 1048576 points, mse: 6.181343e-06
  Loaded p=130: 1048576 points, mse: 5.491085e-06
  Loaded p=140: 1048576 points, mse: 4.375969e-06
  Loaded p=145: 1048576 points, mse: 3.925530e-06
  Loaded p=150: 1048576 points, mse: 3.533067e-06
  Loaded p=155: 1048576 points, mse: 3.190578e-06
  Loaded p=160: 1048576 points, mse: 2.891349e-06
  Loaded p=165: 1048576 points, mse: 2.629711e-06
  Loaded p=170: 1048576 points, mse: 2.400858e-06
  Loaded p=175: 1048576 points, mse: 2.200691e-06
  Loaded p=180: 1048576 points, mse: 2.025707e-06
  Loaded p=185: 1048576 points, mse: 1.872889e-06
  Loaded p=190: 1048576 points, mse: 1.739638e-06
  Loaded p=195: 1048576 points, mse: 1.623701e-06
  Loaded p=200: 1048576 points, mse: 1.523124e-06
Training data: X=(39845888, 3)  Y=(39845888, 1)
Model: trunk=[2, 512, 512, 512, 128]  branch=[1, 128, 128, 128, 128]  params=642,433
Scheduler: CosineAnnealingLR  T_max=20  eta_min=1e-06
Epoch --- Train Loss --- LR --- p150 --- p200 --- p250 --- p500
    0 --- 4.284389e-03 --- 1.00e-04 --- 7.319478e-05 --- 3.149969e-04 --- 2.504864e-03 --- 1.904452e-01
    1 --- 1.665715e-04 --- 9.94e-05 --- 4.558928e-05 --- 3.555225e-05 --- 4.755148e-05 --- 1.551488e-02
    2 --- 3.397465e-05 --- 9.76e-05 --- 1.135013e-05 --- 1.059711e-05 --- 6.461807e-05 --- 6.321240e-03
    3 --- 1.712979e-05 --- 9.46e-05 --- 8.586643e-06 --- 1.692810e-05 --- 9.846145e-05 --- 5.004482e-03
    4 --- 1.247966e-05 --- 9.05e-05 --- 2.538605e-05 --- 1.092701e-05 --- 1.303510e-05 --- 1.462496e-03
    5 --- 9.257505e-06 --- 8.55e-05 --- 1.016217e-05 --- 1.254752e-05 --- 2.394943e-05 --- 4.462702e-04
    6 --- 6.744557e-06 --- 7.96e-05 --- 1.194699e-05 --- 5.654062e-06 --- 8.602478e-06 --- 1.088580e-03
    7 --- 4.890264e-06 --- 7.30e-05 --- 6.424256e-06 --- 3.837557e-06 --- 1.162715e-05 --- 2.374338e-03
    8 --- 3.580602e-06 --- 6.58e-05 --- 4.674483e-06 --- 3.008338e-06 --- 1.479373e-05 --- 1.751100e-03
    9 --- 2.620717e-06 --- 5.82e-05 --- 4.068101e-06 --- 3.621803e-06 --- 9.954700e-06 --- 8.684809e-04
   10 --- 1.945150e-06 --- 5.05e-05 --- 7.582859e-06 --- 5.616029e-06 --- 9.686576e-06 --- 7.638507e-04
   11 --- 1.436564e-06 --- 4.28e-05 --- 6.495324e-06 --- 4.768544e-06 --- 7.019450e-06 --- 1.014916e-03
   12 --- 1.055705e-06 --- 3.52e-05 --- 3.494937e-06 --- 3.613467e-06 --- 1.302054e-05 --- 1.728904e-03
   13 --- 7.932441e-07 --- 2.80e-05 --- 3.322652e-06 --- 2.432680e-06 --- 8.462907e-06 --- 1.706665e-03
   14 --- 6.129741e-07 --- 2.14e-05 --- 3.634451e-06 --- 2.379538e-06 --- 7.667932e-06 --- 1.759337e-03
   15 --- 4.809960e-07 --- 1.55e-05 --- 3.480999e-06 --- 2.077173e-06 --- 8.412606e-06 --- 1.747519e-03
   16 --- 4.027976e-07 --- 1.05e-05 --- 3.390037e-06 --- 2.612490e-06 --- 8.290143e-06 --- 1.170661e-03
   17 --- 3.512632e-07 --- 6.40e-06 --- 3.937707e-06 --- 2.249779e-06 --- 5.215797e-06 --- 7.494508e-04
   18 --- 3.231109e-07 --- 3.42e-06 --- 3.873355e-06 --- 2.189457e-06 --- 5.884196e-06 --- 5.901108e-04
   19 --- 3.071669e-07 --- 1.61e-06 --- 3.752311e-06 --- 2.126375e-06 --- 5.401097e-06 --- 5.527122e-04
Total training time: 5893.93s
Inference (per point): 1.4244e-04s | (full domain): 2.4544e-04s
  p=  5:  MSE=2.337139e-02
  p=105:  MSE=1.037074e-05
  p=205:  MSE=2.263086e-06
  p=305:  MSE=3.046626e-05
  p=405:  MSE=1.998570e-04
  Saved MSE curves → outputs/expr_7_3_1/square/no_inf/npy/mse.npz  (deeponet, fem, pred_train)

All experiments completed!
