
============================================================
Running Example: aronsson_square
============================================================

Generated full domain data:
  Boundary points: 40,000
  Interior points: 1,000,000
  Test points: 10,000
Re-sampling enabled: ~1,000,000 interior points per epoch

Splitting data: 80% train, 20% validation
  BC: 32,000 train, 8,000 val
  Interior: 800,000 train, 200,000 val

Model: InfinityLaplacianPINN
  Hidden layers: [128, 128, 128, 128, 128]
  Activation: tanh
  η: 1e-05 (normalized)
  Residual clipping: [-10.0, 10.0]
  Outlier removal: top 2.0%
  Parameters: 66,561

Training configuration:
  Boundary points (train): 32,000 -> 80 batches of 400
  Interior points (train): 1,000,000 -> 1000 batches of 1000
  Interior sampling: RE-SAMPLE each epoch
  Boundary points (val): 8,000
  Validation loss: BC only
  Steps per epoch: 1,000
  Total steps: 100,000
  Epochs: 100
  Loss balancing: AlphaPlateauScheduler
  LR scheduler: cosine (LR: 1.0e-03 -> 1.0e-05)

/usr/local/lib/python3.12/dist-packages/torch/autograd/graph.py:824: UserWarning: Attempting to run cuBLAS, but there was no current CUDA context! Attempting to set the primary context... (Triggered internally at /opt/pytorch/pytorch/aten/src/ATen/cuda/CublasHandlePool.cpp:181.)
  return Variable._execution_engine.run_backward(  # Calls into the C++ engine to run the backward pass
Epoch   1/100 | Steps:   1000 | α=1e-05 | Loss: 1.8669e-02 | BC: 1.8650e-02 | PDE: 1.9128e+00 | Val: 3.4869e-04 | Test: 8.2430e-03 | LR=1.0e-03 *
Epoch   2/100 | Steps:   2000 | α=1e-05 | Loss: 4.4767e-04 | BC: 4.3123e-04 | PDE: 1.6433e+00 | Val: 2.2327e-04 | Test: 8.2782e-03 | LR=1.0e-03 *
Epoch   3/100 | Steps:   3000 | α=1e-05 | Loss: 2.6665e-04 | BC: 2.4957e-04 | PDE: 1.7078e+00 | Val: 4.4730e-05 | Test: 4.1863e-03 | LR=1.0e-03 *
Epoch   4/100 | Steps:   4000 | α=1e-05 | Loss: 2.3626e-04 | BC: 2.1745e-04 | PDE: 1.8804e+00 | Val: 4.7117e-04 | Test: 4.5401e-03 | LR=1.0e-03
Epoch   5/100 | Steps:   5000 | α=1e-05 | Loss: 2.0550e-04 | BC: 1.8613e-04 | PDE: 1.9370e+00 | Val: 2.1269e-04 | Test: 3.5841e-03 | LR=1.0e-03
Epoch   6/100 | Steps:   6000 | α=1e-05 | Loss: 1.8247e-04 | BC: 1.6352e-04 | PDE: 1.8946e+00 | Val: 3.0046e-05 | Test: 2.6003e-03 | LR=9.9e-04 *
Epoch   7/100 | Steps:   7000 | α=1e-05 | Loss: 1.8452e-04 | BC: 1.6585e-04 | PDE: 1.8668e+00 | Val: 3.4497e-05 | Test: 2.7426e-03 | LR=9.9e-04
Epoch   8/100 | Steps:   8000 | α=1e-05 | Loss: 1.6434e-04 | BC: 1.4632e-04 | PDE: 1.8026e+00 | Val: 4.2119e-04 | Test: 3.2824e-03 | LR=9.9e-04
Epoch   9/100 | Steps:   9000 | α=1e-05 | Loss: 1.5855e-04 | BC: 1.4219e-04 | PDE: 1.6365e+00 | Val: 6.0687e-04 | Test: 1.5146e-03 | LR=9.8e-04
Epoch  10/100 | Steps:  10000 | α=1e-05 | Loss: 1.3736e-04 | BC: 1.2135e-04 | PDE: 1.6011e+00 | Val: 4.6431e-05 | Test: 1.4274e-03 | LR=9.8e-04
Epoch  11/100 | Steps:  11000 | α=1e-05 | Loss: 1.3440e-04 | BC: 1.1994e-04 | PDE: 1.4462e+00 | Val: 1.8009e-04 | Test: 1.8680e-03 | LR=9.8e-04
Epoch  12/100 | Steps:  12000 | α=1e-05 | Loss: 1.1581e-04 | BC: 1.0171e-04 | PDE: 1.4100e+00 | Val: 2.4402e-05 | Test: 1.8452e-03 | LR=9.7e-04 *
Epoch  13/100 | Steps:  13000 | α=1e-05 | Loss: 1.1011e-04 | BC: 9.6266e-05 | PDE: 1.3845e+00 | Val: 2.9016e-05 | Test: 1.3395e-03 | LR=9.7e-04
Epoch  14/100 | Steps:  14000 | α=1e-05 | Loss: 1.0899e-04 | BC: 9.5937e-05 | PDE: 1.3055e+00 | Val: 8.8715e-06 | Test: 1.7054e-03 | LR=9.6e-04 *
Epoch  15/100 | Steps:  15000 | α=1e-05 | Loss: 1.0060e-04 | BC: 8.8297e-05 | PDE: 1.2303e+00 | Val: 3.4391e-05 | Test: 1.3520e-03 | LR=9.5e-04
Epoch  16/100 | Steps:  16000 | α=1e-05 | Loss: 9.7657e-05 | BC: 8.6037e-05 | PDE: 1.1620e+00 | Val: 1.5074e-05 | Test: 1.8276e-03 | LR=9.5e-04
Epoch  17/100 | Steps:  17000 | α=1e-05 | Loss: 7.3794e-05 | BC: 6.3077e-05 | PDE: 1.0717e+00 | Val: 1.8075e-05 | Test: 6.2420e-04 | LR=9.4e-04
Epoch  18/100 | Steps:  18000 | α=1e-05 | Loss: 8.1228e-05 | BC: 7.1140e-05 | PDE: 1.0088e+00 | Val: 1.2086e-05 | Test: 8.7790e-04 | LR=9.3e-04
Epoch  19/100 | Steps:  19000 | α=1e-05 | Loss: 8.0138e-05 | BC: 7.0406e-05 | PDE: 9.7320e-01 | Val: 9.4303e-05 | Test: 1.3498e-03 | LR=9.2e-04
Epoch  20/100 | Steps:  20000 | α=1e-05 | Loss: 6.6654e-05 | BC: 5.7567e-05 | PDE: 9.0863e-01 | Val: 2.5345e-05 | Test: 6.3556e-04 | LR=9.1e-04
Epoch  21/100 | Steps:  21000 | α=1e-05 | Loss: 7.1890e-05 | BC: 6.3345e-05 | PDE: 8.5448e-01 | Val: 1.6221e-04 | Test: 9.4225e-04 | LR=9.1e-04

>>> Alpha increased: 1e-05 → 1e-04 (BC=5.6142e-05) <<<
Epoch  22/100 | Steps:  22000 | α=1e-04 | Loss: 6.4364e-05 | BC: 5.6142e-05 | PDE: 8.2221e-01 | Val: 1.7022e-05 | Test: 7.4463e-04 | LR=9.0e-04 *
Epoch  23/100 | Steps:  23000 | α=1e-04 | Loss: 1.4254e-04 | BC: 1.1974e-04 | PDE: 2.2795e-01 | Val: 1.1039e-05 | Test: 3.7780e-05 | LR=8.9e-04 *
Epoch  24/100 | Steps:  24000 | α=1e-04 | Loss: 6.7547e-05 | BC: 6.0090e-05 | PDE: 7.4569e-02 | Val: 1.9156e-05 | Test: 3.8422e-05 | LR=8.8e-04
Epoch  25/100 | Steps:  25000 | α=1e-04 | Loss: 6.2394e-05 | BC: 5.6333e-05 | PDE: 6.0611e-02 | Val: 9.7590e-06 | Test: 2.1527e-05 | LR=8.7e-04 *
Epoch  26/100 | Steps:  26000 | α=1e-04 | Loss: 5.5219e-05 | BC: 5.0227e-05 | PDE: 4.9919e-02 | Val: 5.6733e-06 | Test: 1.9094e-05 | LR=8.6e-04 *
Epoch  27/100 | Steps:  27000 | α=1e-04 | Loss: 5.1357e-05 | BC: 4.7075e-05 | PDE: 4.2820e-02 | Val: 1.8453e-05 | Test: 2.5208e-05 | LR=8.4e-04
Epoch  28/100 | Steps:  28000 | α=1e-04 | Loss: 6.0250e-05 | BC: 5.6186e-05 | PDE: 4.0637e-02 | Val: 4.2848e-05 | Test: 5.3319e-05 | LR=8.3e-04
Epoch  29/100 | Steps:  29000 | α=1e-04 | Loss: 5.2350e-05 | BC: 4.8746e-05 | PDE: 3.6047e-02 | Val: 9.8856e-05 | Test: 9.3289e-05 | LR=8.2e-04
Epoch  30/100 | Steps:  30000 | α=1e-04 | Loss: 4.3751e-05 | BC: 4.0504e-05 | PDE: 3.2464e-02 | Val: 2.2863e-05 | Test: 4.0325e-05 | LR=8.1e-04
Epoch  31/100 | Steps:  31000 | α=1e-04 | Loss: 3.8931e-05 | BC: 3.6026e-05 | PDE: 2.9049e-02 | Val: 7.4958e-06 | Test: 1.5021e-05 | LR=8.0e-04
Epoch  32/100 | Steps:  32000 | α=1e-04 | Loss: 4.0169e-05 | BC: 3.7385e-05 | PDE: 2.7836e-02 | Val: 1.4468e-06 | Test: 7.1769e-06 | LR=7.8e-04 *
Epoch  33/100 | Steps:  33000 | α=1e-04 | Loss: 3.7297e-05 | BC: 3.4856e-05 | PDE: 2.4409e-02 | Val: 9.7342e-07 | Test: 8.6560e-06 | LR=7.7e-04 *
Epoch  34/100 | Steps:  34000 | α=1e-04 | Loss: 3.6141e-05 | BC: 3.3808e-05 | PDE: 2.3332e-02 | Val: 3.4922e-06 | Test: 1.1681e-05 | LR=7.6e-04

>>> Alpha increased: 1e-04 → 1e-03 (BC=3.5114e-05) <<<
Epoch  35/100 | Steps:  35000 | α=1e-03 | Loss: 3.7457e-05 | BC: 3.5114e-05 | PDE: 2.3425e-02 | Val: 1.4909e-05 | Test: 1.5562e-05 | LR=7.4e-04 *
Epoch  36/100 | Steps:  36000 | α=1e-03 | Loss: 4.7756e-05 | BC: 3.5153e-05 | PDE: 1.2603e-02 | Val: 9.2344e-05 | Test: 6.9951e-05 | LR=7.3e-04
Epoch  37/100 | Steps:  37000 | α=1e-03 | Loss: 3.6531e-05 | BC: 2.6270e-05 | PDE: 1.0261e-02 | Val: 2.2849e-05 | Test: 2.6603e-05 | LR=7.2e-04
Epoch  38/100 | Steps:  38000 | α=1e-03 | Loss: 4.0101e-05 | BC: 3.1261e-05 | PDE: 8.8404e-03 | Val: 2.3629e-05 | Test: 1.6729e-05 | LR=7.0e-04
Epoch  39/100 | Steps:  39000 | α=1e-03 | Loss: 3.1570e-05 | BC: 2.3984e-05 | PDE: 7.5859e-03 | Val: 8.1667e-06 | Test: 1.8174e-05 | LR=6.9e-04 *
Epoch  40/100 | Steps:  40000 | α=1e-03 | Loss: 3.1152e-05 | BC: 2.4453e-05 | PDE: 6.6990e-03 | Val: 6.7869e-07 | Test: 3.6729e-06 | LR=6.7e-04 *
Epoch  41/100 | Steps:  41000 | α=1e-03 | Loss: 3.0220e-05 | BC: 2.3852e-05 | PDE: 6.3682e-03 | Val: 8.2737e-06 | Test: 1.2602e-05 | LR=6.6e-04
Epoch  42/100 | Steps:  42000 | α=1e-03 | Loss: 2.7381e-05 | BC: 2.1897e-05 | PDE: 5.4840e-03 | Val: 2.6280e-05 | Test: 1.6660e-05 | LR=6.4e-04
Epoch  43/100 | Steps:  43000 | α=1e-03 | Loss: 2.2784e-05 | BC: 1.7832e-05 | PDE: 4.9526e-03 | Val: 2.3865e-05 | Test: 9.3005e-05 | LR=6.3e-04
Epoch  44/100 | Steps:  44000 | α=1e-03 | Loss: 2.6659e-05 | BC: 2.1793e-05 | PDE: 4.8661e-03 | Val: 1.7040e-06 | Test: 3.6433e-06 | LR=6.1e-04
Epoch  45/100 | Steps:  45000 | α=1e-03 | Loss: 1.9281e-05 | BC: 1.4988e-05 | PDE: 4.2926e-03 | Val: 8.4715e-06 | Test: 1.4569e-05 | LR=6.0e-04
Epoch  46/100 | Steps:  46000 | α=1e-03 | Loss: 2.2080e-05 | BC: 1.7658e-05 | PDE: 4.4219e-03 | Val: 2.6046e-06 | Test: 7.3217e-06 | LR=5.8e-04
Epoch  47/100 | Steps:  47000 | α=1e-03 | Loss: 2.0835e-05 | BC: 1.7273e-05 | PDE: 3.5626e-03 | Val: 4.3384e-06 | Test: 4.2221e-06 | LR=5.7e-04

>>> Alpha increased: 1e-03 → 1e-02 (BC=2.5593e-05) <<<
Epoch  48/100 | Steps:  48000 | α=1e-02 | Loss: 2.9366e-05 | BC: 2.5593e-05 | PDE: 3.7733e-03 | Val: 4.7940e-07 | Test: 1.5708e-06 | LR=5.5e-04 *
Epoch  49/100 | Steps:  49000 | α=1e-02 | Loss: 5.3044e-05 | BC: 1.5328e-05 | PDE: 3.7716e-03 | Val: 3.1936e-06 | Test: 5.6299e-06 | LR=5.4e-04
Epoch  50/100 | Steps:  50000 | α=1e-02 | Loss: 8.4260e-05 | BC: 4.1382e-05 | PDE: 4.2878e-03 | Val: 8.5326e-06 | Test: 8.1757e-06 | LR=5.2e-04
Epoch  51/100 | Steps:  51000 | α=1e-02 | Loss: 3.3927e-05 | BC: 1.1183e-05 | PDE: 2.2744e-03 | Val: 2.3156e-05 | Test: 1.9773e-05 | LR=5.1e-04
Epoch  52/100 | Steps:  52000 | α=1e-02 | Loss: 3.4551e-05 | BC: 1.3933e-05 | PDE: 2.0618e-03 | Val: 1.3813e-05 | Test: 1.6028e-05 | LR=4.9e-04
Epoch  53/100 | Steps:  53000 | α=1e-02 | Loss: 3.5095e-05 | BC: 1.4345e-05 | PDE: 2.0750e-03 | Val: 3.8440e-06 | Test: 4.3905e-06 | LR=4.7e-04
Epoch  54/100 | Steps:  54000 | α=1e-02 | Loss: 2.7810e-05 | BC: 1.1938e-05 | PDE: 1.5872e-03 | Val: 1.7463e-05 | Test: 1.3808e-05 | LR=4.6e-04
Epoch  55/100 | Steps:  55000 | α=1e-02 | Loss: 2.5974e-05 | BC: 1.1763e-05 | PDE: 1.4211e-03 | Val: 1.7128e-05 | Test: 1.7471e-05 | LR=4.4e-04

>>> Alpha increased: 1e-02 → 1e-01 (BC=2.2865e-05) <<<
Epoch  56/100 | Steps:  56000 | α=1e-01 | Loss: 5.0444e-05 | BC: 2.2865e-05 | PDE: 2.7579e-03 | Val: 6.7393e-06 | Test: 6.5174e-06 | LR=4.3e-04 *
Epoch  57/100 | Steps:  57000 | α=1e-01 | Loss: 5.8710e-04 | BC: 1.1396e-04 | PDE: 4.7314e-03 | Val: 1.1014e-05 | Test: 9.8618e-06 | LR=4.1e-04
Epoch  58/100 | Steps:  58000 | α=1e-01 | Loss: 1.8579e-04 | BC: 3.2023e-05 | PDE: 1.5377e-03 | Val: 2.7470e-05 | Test: 2.0745e-05 | LR=4.0e-04
Epoch  59/100 | Steps:  59000 | α=1e-01 | Loss: 4.4430e-04 | BC: 1.0458e-04 | PDE: 3.3973e-03 | Val: 1.3851e-05 | Test: 1.0050e-05 | LR=3.8e-04
Epoch  60/100 | Steps:  60000 | α=1e-01 | Loss: 1.1732e-04 | BC: 1.8760e-05 | PDE: 9.8557e-04 | Val: 2.0147e-05 | Test: 1.6923e-05 | LR=3.7e-04
Epoch  61/100 | Steps:  61000 | α=1e-01 | Loss: 1.6222e-04 | BC: 3.3028e-05 | PDE: 1.2919e-03 | Val: 2.8545e-05 | Test: 2.6295e-05 | LR=3.5e-04
Epoch  62/100 | Steps:  62000 | α=1e-01 | Loss: 1.1830e-04 | BC: 2.4038e-05 | PDE: 9.4263e-04 | Val: 1.3778e-05 | Test: 1.4782e-05 | LR=3.4e-04
Epoch  63/100 | Steps:  63000 | α=1e-01 | Loss: 1.0790e-04 | BC: 2.1952e-05 | PDE: 8.5945e-04 | Val: 6.0368e-06 | Test: 7.2536e-06 | LR=3.2e-04 *
Epoch  64/100 | Steps:  64000 | α=1e-01 | Loss: 1.0004e-04 | BC: 2.0185e-05 | PDE: 7.9854e-04 | Val: 2.0409e-05 | Test: 3.2484e-05 | LR=3.1e-04
Epoch  65/100 | Steps:  65000 | α=1e-01 | Loss: 1.1356e-04 | BC: 2.5003e-05 | PDE: 8.8561e-04 | Val: 7.6350e-06 | Test: 1.1958e-05 | LR=2.9e-04
Epoch  66/100 | Steps:  66000 | α=1e-01 | Loss: 9.6003e-05 | BC: 2.0426e-05 | PDE: 7.5577e-04 | Val: 7.1841e-06 | Test: 8.7502e-06 | LR=2.8e-04
Epoch  67/100 | Steps:  67000 | α=1e-01 | Loss: 8.3581e-05 | BC: 1.8611e-05 | PDE: 6.4970e-04 | Val: 6.1809e-05 | Test: 8.5321e-05 | LR=2.7e-04
Epoch  68/100 | Steps:  68000 | α=1e-01 | Loss: 8.3048e-05 | BC: 1.8857e-05 | PDE: 6.4191e-04 | Val: 8.8596e-06 | Test: 8.2345e-06 | LR=2.5e-04
Epoch  69/100 | Steps:  69000 | α=1e-01 | Loss: 5.7876e-05 | BC: 1.1838e-05 | PDE: 4.6038e-04 | Val: 1.2772e-05 | Test: 1.6968e-05 | LR=2.4e-04
Epoch  70/100 | Steps:  70000 | α=1e-01 | Loss: 6.2500e-05 | BC: 1.2831e-05 | PDE: 4.9668e-04 | Val: 1.9528e-05 | Test: 1.7547e-05 | LR=2.3e-04
Epoch  71/100 | Steps:  71000 | α=1e-01 | Loss: 5.5403e-05 | BC: 1.1947e-05 | PDE: 4.3456e-04 | Val: 3.3719e-06 | Test: 4.6008e-06 | LR=2.1e-04 *
Epoch  72/100 | Steps:  72000 | α=1e-01 | Loss: 5.0029e-05 | BC: 1.0733e-05 | PDE: 3.9296e-04 | Val: 2.3269e-06 | Test: 4.3637e-06 | LR=2.0e-04 *
Epoch  73/100 | Steps:  73000 | α=1e-01 | Loss: 1.0578e-04 | BC: 2.4065e-05 | PDE: 8.1718e-04 | Val: 4.5253e-06 | Test: 4.2061e-06 | LR=1.9e-04
Epoch  74/100 | Steps:  74000 | α=1e-01 | Loss: 3.3693e-05 | BC: 6.9111e-06 | PDE: 2.6782e-04 | Val: 6.8181e-06 | Test: 5.0018e-06 | LR=1.8e-04
Epoch  75/100 | Steps:  75000 | α=1e-01 | Loss: 3.3733e-05 | BC: 6.7727e-06 | PDE: 2.6960e-04 | Val: 1.2440e-05 | Test: 7.1407e-06 | LR=1.7e-04
Epoch  76/100 | Steps:  76000 | α=1e-01 | Loss: 3.6254e-05 | BC: 7.6027e-06 | PDE: 2.8651e-04 | Val: 3.5233e-06 | Test: 5.9102e-06 | LR=1.5e-04
Epoch  77/100 | Steps:  77000 | α=1e-01 | Loss: 2.6898e-05 | BC: 5.5066e-06 | PDE: 2.1392e-04 | Val: 4.7009e-06 | Test: 7.8700e-06 | LR=1.4e-04
Epoch  78/100 | Steps:  78000 | α=1e-01 | Loss: 2.8361e-05 | BC: 5.8137e-06 | PDE: 2.2547e-04 | Val: 1.9146e-06 | Test: 3.2527e-06 | LR=1.3e-04 *
Epoch  79/100 | Steps:  79000 | α=1e-01 | Loss: 3.1896e-05 | BC: 6.1990e-06 | PDE: 2.5697e-04 | Val: 5.5156e-06 | Test: 5.5706e-06 | LR=1.2e-04
Epoch  80/100 | Steps:  80000 | α=1e-01 | Loss: 5.5835e-05 | BC: 1.2878e-05 | PDE: 4.2956e-04 | Val: 5.5608e-06 | Test: 4.2233e-06 | LR=1.1e-04
Epoch  81/100 | Steps:  81000 | α=1e-01 | Loss: 2.6278e-05 | BC: 4.8669e-06 | PDE: 2.1411e-04 | Val: 1.5379e-05 | Test: 2.7200e-05 | LR=1.0e-04
Epoch  82/100 | Steps:  82000 | α=1e-01 | Loss: 2.4442e-05 | BC: 4.3128e-06 | PDE: 2.0129e-04 | Val: 4.0800e-06 | Test: 3.1724e-06 | LR=9.6e-05
Epoch  83/100 | Steps:  83000 | α=1e-01 | Loss: 1.7295e-05 | BC: 3.2379e-06 | PDE: 1.4058e-04 | Val: 1.5090e-06 | Test: 1.6107e-06 | LR=8.7e-05 *
Epoch  84/100 | Steps:  84000 | α=1e-01 | Loss: 1.6036e-05 | BC: 2.7007e-06 | PDE: 1.3335e-04 | Val: 4.4723e-06 | Test: 2.5420e-06 | LR=7.9e-05
Epoch  85/100 | Steps:  85000 | α=1e-01 | Loss: 1.5857e-05 | BC: 2.5969e-06 | PDE: 1.3260e-04 | Val: 8.1471e-07 | Test: 9.8539e-07 | LR=7.1e-05 *
Epoch  86/100 | Steps:  86000 | α=1e-01 | Loss: 1.6528e-05 | BC: 2.8476e-06 | PDE: 1.3681e-04 | Val: 3.9290e-06 | Test: 2.3556e-06 | LR=6.4e-05
Epoch  87/100 | Steps:  87000 | α=1e-01 | Loss: 1.1260e-05 | BC: 1.5747e-06 | PDE: 9.6848e-05 | Val: 5.0419e-07 | Test: 8.3508e-07 | LR=5.7e-05 *
Epoch  88/100 | Steps:  88000 | α=1e-01 | Loss: 1.3847e-05 | BC: 2.1999e-06 | PDE: 1.1648e-04 | Val: 2.7013e-06 | Test: 2.9150e-06 | LR=5.1e-05
Epoch  89/100 | Steps:  89000 | α=1e-01 | Loss: 1.2537e-05 | BC: 2.0232e-06 | PDE: 1.0514e-04 | Val: 1.4709e-06 | Test: 1.2255e-06 | LR=4.5e-05
Epoch  90/100 | Steps:  90000 | α=1e-01 | Loss: 9.8874e-06 | BC: 1.2531e-06 | PDE: 8.6343e-05 | Val: 1.4846e-06 | Test: 1.3382e-06 | LR=3.9e-05
Epoch  91/100 | Steps:  91000 | α=1e-01 | Loss: 8.5836e-06 | BC: 1.0731e-06 | PDE: 7.5105e-05 | Val: 2.4637e-06 | Test: 2.5185e-06 | LR=3.4e-05
Epoch  92/100 | Steps:  92000 | α=1e-01 | Loss: 9.2549e-06 | BC: 1.0829e-06 | PDE: 8.1720e-05 | Val: 8.7199e-07 | Test: 1.5411e-06 | LR=3.0e-05
Epoch  93/100 | Steps:  93000 | α=1e-01 | Loss: 8.9270e-06 | BC: 1.0912e-06 | PDE: 7.8357e-05 | Val: 7.3605e-07 | Test: 7.5723e-07 | LR=2.6e-05
Epoch  94/100 | Steps:  94000 | α=1e-01 | Loss: 7.1503e-06 | BC: 7.1264e-07 | PDE: 6.4377e-05 | Val: 4.3356e-07 | Test: 6.2894e-07 | LR=2.2e-05 *
Epoch  95/100 | Steps:  95000 | α=1e-01 | Loss: 6.1803e-06 | BC: 5.4352e-07 | PDE: 5.6367e-05 | Val: 2.9746e-07 | Test: 6.3377e-07 | LR=1.9e-05 *
Epoch  96/100 | Steps:  96000 | α=1e-01 | Loss: 6.5753e-06 | BC: 5.9253e-07 | PDE: 5.9828e-05 | Val: 4.0706e-07 | Test: 5.1388e-07 | LR=1.6e-05
Epoch  97/100 | Steps:  97000 | α=1e-01 | Loss: 6.5582e-06 | BC: 5.6367e-07 | PDE: 5.9945e-05 | Val: 1.5753e-06 | Test: 1.2678e-06 | LR=1.4e-05
Epoch  98/100 | Steps:  98000 | α=1e-01 | Loss: 6.4186e-06 | BC: 5.4841e-07 | PDE: 5.8702e-05 | Val: 4.5250e-07 | Test: 7.6694e-07 | LR=1.2e-05
Epoch  99/100 | Steps:  99000 | α=1e-01 | Loss: 6.0396e-06 | BC: 4.8983e-07 | PDE: 5.5497e-05 | Val: 2.0718e-07 | Test: 4.5363e-07 | LR=1.1e-05 *
Epoch 100/100 | Steps: 100000 | α=1e-01 | Loss: 5.8239e-06 | BC: 3.9827e-07 | PDE: 5.4256e-05 | Val: 3.5606e-07 | Test: 5.4538e-07 | LR=1.0e-05

Restored best model from epoch 99 (val_loss: 2.0718e-07, test_loss: 4.5363e-07)
Best checkpoint saved to: outputs/expr_7_1/aronsson_square/l5/checkpoints/best_model.pt
Final checkpoint saved to: outputs/expr_7_1/aronsson_square/l5/checkpoints/final_model.pt
Training completed in 914.88s (100,000 total steps)

Final Test MSE: 5.4538e-07
Inference (per point): 1.7778e-04s | (full domain): 1.7768e-04s
Saved plot to outputs/expr_7_1/aronsson_square/l5/plots/results.png
