
============================================================
p-Laplacian Aronsson Example
============================================================

Generated full domain data:
  Boundary points: 40,000
  Interior points: 1,000,000
  Test points: 10,000
Re-sampling enabled: ~1,000,000 interior points per epoch

Splitting data: 80% train, 20% validation
  BC: 32,000 train, 8,000 val
  Interior: 800,000 train, 200,000 val

Loading checkpoint: outputs/expr_6_3_iter/p25to50_square/fix_alpha_1e-3/checkpoints/best_model_p50.pt

Model: PLaplacianPINN on Square [-1,1]²
  Hidden layers: [128, 128, 128, 128], activation: tanh
  η=1e-05, clip_residual=100.0, clip_grad_norm=1.0
  Outlier removal: top 2.0%
  Parameters: 50,049

Iterative Training Schedule:
  p values: [60, 70, 80, 90, 100]
  Epochs per p: 20


============================================================
Stage 1/5: Training with p=60
============================================================

Training configuration:
  Boundary points (train): 32,000 -> 80 batches of 400
  Interior points (train): 1,000,000 -> 1000 batches of 1000
  Interior sampling: RE-SAMPLE each epoch
  Boundary points (val): 8,000
  Validation loss: BC only
  Steps per epoch: 1,000
  Total steps: 20,000
  Epochs: 20
  Loss balancing: FixedAlphaSchedule
  LR scheduler: None (constant LR=1.0e-05)

/usr/local/lib/python3.12/dist-packages/torch/autograd/graph.py:824: UserWarning: Attempting to run cuBLAS, but there was no current CUDA context! Attempting to set the primary context... (Triggered internally at /opt/pytorch/pytorch/aten/src/ATen/cuda/CublasHandlePool.cpp:181.)
  return Variable._execution_engine.run_backward(  # Calls into the C++ engine to run the backward pass
Epoch   1/20 | Steps:   1000 | α=1e-03 | Loss: 4.0569e-05 | BC: 2.2183e-06 | PDE: 3.8351e-02 | Val: 2.4624e-06 | Test: 7.2556e-06 |  *
Epoch   2/20 | Steps:   2000 | α=1e-03 | Loss: 3.6177e-05 | BC: 2.0815e-06 | PDE: 3.4095e-02 | Val: 2.2793e-06 | Test: 6.7080e-06 |  *
Epoch   3/20 | Steps:   3000 | α=1e-03 | Loss: 3.7364e-05 | BC: 2.1587e-06 | PDE: 3.5206e-02 | Val: 1.1809e-06 | Test: 5.9225e-06 |  *
Epoch   4/20 | Steps:   4000 | α=1e-03 | Loss: 3.6292e-05 | BC: 2.2543e-06 | PDE: 3.4038e-02 | Val: 2.0189e-06 | Test: 6.3068e-06 | 
Epoch   5/20 | Steps:   5000 | α=1e-03 | Loss: 3.4368e-05 | BC: 1.8822e-06 | PDE: 3.2486e-02 | Val: 1.8511e-06 | Test: 6.5649e-06 | 
Epoch   6/20 | Steps:   6000 | α=1e-03 | Loss: 3.4931e-05 | BC: 2.0159e-06 | PDE: 3.2915e-02 | Val: 3.6570e-06 | Test: 7.7941e-06 | 
Epoch   7/20 | Steps:   7000 | α=1e-03 | Loss: 3.6107e-05 | BC: 2.0924e-06 | PDE: 3.4014e-02 | Val: 2.6887e-06 | Test: 7.0613e-06 | 
Epoch   8/20 | Steps:   8000 | α=1e-03 | Loss: 3.9225e-05 | BC: 2.4672e-06 | PDE: 3.6757e-02 | Val: 3.5338e-06 | Test: 7.8163e-06 | 
Epoch   9/20 | Steps:   9000 | α=1e-03 | Loss: 3.1819e-05 | BC: 1.7708e-06 | PDE: 3.0048e-02 | Val: 1.4779e-06 | Test: 6.0093e-06 | 
Epoch  10/20 | Steps:  10000 | α=1e-03 | Loss: 3.1908e-05 | BC: 1.7960e-06 | PDE: 3.0112e-02 | Val: 4.2637e-06 | Test: 8.8225e-06 | 
Epoch  11/20 | Steps:  11000 | α=1e-03 | Loss: 3.2469e-05 | BC: 1.8759e-06 | PDE: 3.0593e-02 | Val: 1.4280e-06 | Test: 6.2963e-06 | 
Epoch  12/20 | Steps:  12000 | α=1e-03 | Loss: 3.3212e-05 | BC: 1.9524e-06 | PDE: 3.1260e-02 | Val: 1.7412e-06 | Test: 6.5352e-06 | 
Epoch  13/20 | Steps:  13000 | α=1e-03 | Loss: 3.0116e-05 | BC: 1.7290e-06 | PDE: 2.8387e-02 | Val: 2.0975e-06 | Test: 6.9599e-06 | 
Epoch  14/20 | Steps:  14000 | α=1e-03 | Loss: 3.4232e-05 | BC: 2.0955e-06 | PDE: 3.2136e-02 | Val: 4.6582e-06 | Test: 8.0984e-06 | 
Epoch  15/20 | Steps:  15000 | α=1e-03 | Loss: 3.0472e-05 | BC: 1.6806e-06 | PDE: 2.8791e-02 | Val: 1.0193e-06 | Test: 5.8986e-06 |  *
Epoch  16/20 | Steps:  16000 | α=1e-03 | Loss: 3.1655e-05 | BC: 1.8100e-06 | PDE: 2.9845e-02 | Val: 1.6433e-06 | Test: 6.4144e-06 | 
Epoch  17/20 | Steps:  17000 | α=1e-03 | Loss: 2.9461e-05 | BC: 1.7577e-06 | PDE: 2.7703e-02 | Val: 1.5242e-06 | Test: 6.5210e-06 | 
Epoch  18/20 | Steps:  18000 | α=1e-03 | Loss: 2.9501e-05 | BC: 1.8399e-06 | PDE: 2.7661e-02 | Val: 1.2210e-06 | Test: 6.1044e-06 | 
Epoch  19/20 | Steps:  19000 | α=1e-03 | Loss: 2.8811e-05 | BC: 1.6437e-06 | PDE: 2.7167e-02 | Val: 1.6194e-06 | Test: 6.3926e-06 | 
Epoch  20/20 | Steps:  20000 | α=1e-03 | Loss: 3.0169e-05 | BC: 1.7243e-06 | PDE: 2.8445e-02 | Val: 1.1716e-06 | Test: 6.0585e-06 | 

Restored best model from epoch 15 (val_loss: 1.0193e-06, test_loss: 5.8986e-06)
Best checkpoint saved to: outputs/expr_6_3_iter/p60to100_square/fix_alpha_1e-3/checkpoints/best_model.pt
Final checkpoint saved to: outputs/expr_6_3_iter/p60to100_square/fix_alpha_1e-3/checkpoints/final_model.pt
Training completed in 164.28s (20,000 total steps)
  Stage 1 (p=60) PDE diagnostics:
    p-Lap (p=60) raw:        3.9598e+26
    p-Lap (p=60) normalized: 5.1655e-03
    Inf-Lap raw:              8.2004e-03
    Inf-Lap normalized:       1.1731e-02

============================================================
Stage 2/5: Training with p=70
============================================================

Training configuration:
  Boundary points (train): 32,000 -> 80 batches of 400
  Interior points (train): 1,000,000 -> 1000 batches of 1000
  Interior sampling: RE-SAMPLE each epoch
  Boundary points (val): 8,000
  Validation loss: BC only
  Steps per epoch: 1,000
  Total steps: 20,000
  Epochs: 20
  Loss balancing: FixedAlphaSchedule
  LR scheduler: None (constant LR=1.0e-05)

Epoch   1/20 | Steps:   1000 | α=1e-03 | Loss: 4.9476e-05 | BC: 2.3782e-06 | PDE: 4.7098e-02 | Val: 1.4181e-06 | Test: 5.2983e-06 |  *
Epoch   2/20 | Steps:   2000 | α=1e-03 | Loss: 4.6331e-05 | BC: 2.2813e-06 | PDE: 4.4050e-02 | Val: 1.2693e-06 | Test: 4.9070e-06 |  *
Epoch   3/20 | Steps:   3000 | α=1e-03 | Loss: 4.6673e-05 | BC: 2.3239e-06 | PDE: 4.4349e-02 | Val: 2.0673e-06 | Test: 5.8770e-06 | 
Epoch   4/20 | Steps:   4000 | α=1e-03 | Loss: 5.0052e-05 | BC: 2.5965e-06 | PDE: 4.7455e-02 | Val: 2.5361e-06 | Test: 6.3729e-06 | 
Epoch   5/20 | Steps:   5000 | α=1e-03 | Loss: 4.5095e-05 | BC: 2.2506e-06 | PDE: 4.2845e-02 | Val: 2.1255e-06 | Test: 5.7927e-06 | 
Epoch   6/20 | Steps:   6000 | α=1e-03 | Loss: 4.0279e-05 | BC: 1.7820e-06 | PDE: 3.8498e-02 | Val: 1.3580e-06 | Test: 5.2587e-06 | 
Epoch   7/20 | Steps:   7000 | α=1e-03 | Loss: 4.4543e-05 | BC: 2.1932e-06 | PDE: 4.2349e-02 | Val: 3.4207e-06 | Test: 7.1803e-06 | 
Epoch   8/20 | Steps:   8000 | α=1e-03 | Loss: 4.4646e-05 | BC: 2.2070e-06 | PDE: 4.2439e-02 | Val: 1.9557e-06 | Test: 5.7193e-06 | 
Epoch   9/20 | Steps:   9000 | α=1e-03 | Loss: 4.5995e-05 | BC: 2.0212e-06 | PDE: 4.3974e-02 | Val: 1.6759e-06 | Test: 5.3540e-06 | 
Epoch  10/20 | Steps:  10000 | α=1e-03 | Loss: 3.9400e-05 | BC: 1.6999e-06 | PDE: 3.7700e-02 | Val: 1.7694e-06 | Test: 5.7075e-06 | 
Epoch  11/20 | Steps:  11000 | α=1e-03 | Loss: 4.5275e-05 | BC: 2.2192e-06 | PDE: 4.3056e-02 | Val: 9.7143e-07 | Test: 4.9152e-06 |  *
Epoch  12/20 | Steps:  12000 | α=1e-03 | Loss: 4.4578e-05 | BC: 2.3084e-06 | PDE: 4.2270e-02 | Val: 3.5513e-06 | Test: 6.5240e-06 | 
Epoch  13/20 | Steps:  13000 | α=1e-03 | Loss: 4.0227e-05 | BC: 1.9552e-06 | PDE: 3.8271e-02 | Val: 2.3327e-06 | Test: 6.0792e-06 | 
Epoch  14/20 | Steps:  14000 | α=1e-03 | Loss: 4.1745e-05 | BC: 2.3275e-06 | PDE: 3.9417e-02 | Val: 1.5821e-06 | Test: 5.4881e-06 | 
Epoch  15/20 | Steps:  15000 | α=1e-03 | Loss: 4.1812e-05 | BC: 2.2790e-06 | PDE: 3.9533e-02 | Val: 1.7169e-06 | Test: 5.6477e-06 | 
Epoch  16/20 | Steps:  16000 | α=1e-03 | Loss: 3.9069e-05 | BC: 1.8895e-06 | PDE: 3.7179e-02 | Val: 1.0176e-06 | Test: 4.9591e-06 | 
Epoch  17/20 | Steps:  17000 | α=1e-03 | Loss: 4.1294e-05 | BC: 2.0820e-06 | PDE: 3.9212e-02 | Val: 5.7550e-06 | Test: 9.0126e-06 | 
Epoch  18/20 | Steps:  18000 | α=1e-03 | Loss: 4.2260e-05 | BC: 2.1244e-06 | PDE: 4.0136e-02 | Val: 1.1228e-06 | Test: 5.0935e-06 | 
Epoch  19/20 | Steps:  19000 | α=1e-03 | Loss: 4.1256e-05 | BC: 2.3237e-06 | PDE: 3.8932e-02 | Val: 3.3973e-06 | Test: 7.3148e-06 | 
Epoch  20/20 | Steps:  20000 | α=1e-03 | Loss: 3.8581e-05 | BC: 1.9153e-06 | PDE: 3.6666e-02 | Val: 2.4744e-06 | Test: 5.7306e-06 | 

Restored best model from epoch 11 (val_loss: 9.7143e-07, test_loss: 4.9152e-06)
Best checkpoint saved to: outputs/expr_6_3_iter/p60to100_square/fix_alpha_1e-3/checkpoints/best_model.pt
Final checkpoint saved to: outputs/expr_6_3_iter/p60to100_square/fix_alpha_1e-3/checkpoints/final_model.pt
Training completed in 179.69s (20,000 total steps)
  Stage 2 (p=70) PDE diagnostics:
    p-Lap (p=70) raw:        3.8007e+32
    p-Lap (p=70) normalized: 4.7612e-03
    Inf-Lap raw:              6.6542e-03
    Inf-Lap normalized:       9.9391e-03

============================================================
Stage 3/5: Training with p=80
============================================================

Training configuration:
  Boundary points (train): 32,000 -> 80 batches of 400
  Interior points (train): 1,000,000 -> 1000 batches of 1000
  Interior sampling: RE-SAMPLE each epoch
  Boundary points (val): 8,000
  Validation loss: BC only
  Steps per epoch: 1,000
  Total steps: 20,000
  Epochs: 20
  Loss balancing: FixedAlphaSchedule
  LR scheduler: None (constant LR=1.0e-05)

Epoch   1/20 | Steps:   1000 | α=1e-03 | Loss: 5.9993e-05 | BC: 2.6907e-06 | PDE: 5.7303e-02 | Val: 2.2780e-06 | Test: 5.2160e-06 |  *
Epoch   2/20 | Steps:   2000 | α=1e-03 | Loss: 6.2227e-05 | BC: 3.1054e-06 | PDE: 5.9122e-02 | Val: 4.3826e-06 | Test: 7.4925e-06 | 
Epoch   3/20 | Steps:   3000 | α=1e-03 | Loss: 5.9457e-05 | BC: 2.2097e-06 | PDE: 5.7247e-02 | Val: 4.0958e-06 | Test: 6.0065e-06 | 
Epoch   4/20 | Steps:   4000 | α=1e-03 | Loss: 6.3988e-05 | BC: 2.7720e-06 | PDE: 6.1216e-02 | Val: 1.1870e-06 | Test: 4.4489e-06 |  *
Epoch   5/20 | Steps:   5000 | α=1e-03 | Loss: 5.0361e-05 | BC: 1.9152e-06 | PDE: 4.8446e-02 | Val: 2.6508e-06 | Test: 5.0746e-06 | 
Epoch   6/20 | Steps:   6000 | α=1e-03 | Loss: 5.7603e-05 | BC: 2.5984e-06 | PDE: 5.5005e-02 | Val: 1.8221e-06 | Test: 4.8191e-06 | 
Epoch   7/20 | Steps:   7000 | α=1e-03 | Loss: 5.9823e-05 | BC: 2.7905e-06 | PDE: 5.7033e-02 | Val: 1.0239e-06 | Test: 4.2161e-06 |  *
Epoch   8/20 | Steps:   8000 | α=1e-03 | Loss: 5.8560e-05 | BC: 2.7065e-06 | PDE: 5.5853e-02 | Val: 2.0841e-06 | Test: 4.7318e-06 | 
Epoch   9/20 | Steps:   9000 | α=1e-03 | Loss: 5.8090e-05 | BC: 2.6438e-06 | PDE: 5.5446e-02 | Val: 6.1149e-06 | Test: 7.5440e-06 | 
Epoch  10/20 | Steps:  10000 | α=1e-03 | Loss: 5.5514e-05 | BC: 2.2588e-06 | PDE: 5.3255e-02 | Val: 2.4017e-06 | Test: 5.3054e-06 | 
Epoch  11/20 | Steps:  11000 | α=1e-03 | Loss: 5.7410e-05 | BC: 2.3521e-06 | PDE: 5.5058e-02 | Val: 2.4947e-06 | Test: 5.5339e-06 | 
Epoch  12/20 | Steps:  12000 | α=1e-03 | Loss: 5.2471e-05 | BC: 2.2470e-06 | PDE: 5.0224e-02 | Val: 3.3121e-06 | Test: 6.1295e-06 | 
Epoch  13/20 | Steps:  13000 | α=1e-03 | Loss: 5.1555e-05 | BC: 2.5023e-06 | PDE: 4.9052e-02 | Val: 7.0047e-06 | Test: 8.5153e-06 | 
Epoch  14/20 | Steps:  14000 | α=1e-03 | Loss: 5.5892e-05 | BC: 2.4342e-06 | PDE: 5.3458e-02 | Val: 1.3939e-06 | Test: 4.8166e-06 | 
Epoch  15/20 | Steps:  15000 | α=1e-03 | Loss: 4.9443e-05 | BC: 1.8940e-06 | PDE: 4.7549e-02 | Val: 1.5233e-06 | Test: 4.6055e-06 | 
Epoch  16/20 | Steps:  16000 | α=1e-03 | Loss: 4.9688e-05 | BC: 2.0526e-06 | PDE: 4.7635e-02 | Val: 3.8393e-06 | Test: 6.6187e-06 | 
Epoch  17/20 | Steps:  17000 | α=1e-03 | Loss: 4.7659e-05 | BC: 1.9160e-06 | PDE: 4.5743e-02 | Val: 1.4853e-06 | Test: 4.8214e-06 | 
Epoch  18/20 | Steps:  18000 | α=1e-03 | Loss: 4.8645e-05 | BC: 2.1836e-06 | PDE: 4.6461e-02 | Val: 9.9716e-07 | Test: 4.1489e-06 |  *
Epoch  19/20 | Steps:  19000 | α=1e-03 | Loss: 4.9069e-05 | BC: 2.2938e-06 | PDE: 4.6775e-02 | Val: 1.1414e-06 | Test: 4.3296e-06 | 
Epoch  20/20 | Steps:  20000 | α=1e-03 | Loss: 4.8668e-05 | BC: 2.1954e-06 | PDE: 4.6472e-02 | Val: 1.7264e-06 | Test: 4.8098e-06 | 

Restored best model from epoch 18 (val_loss: 9.9716e-07, test_loss: 4.1489e-06)
Best checkpoint saved to: outputs/expr_6_3_iter/p60to100_square/fix_alpha_1e-3/checkpoints/best_model.pt
Final checkpoint saved to: outputs/expr_6_3_iter/p60to100_square/fix_alpha_1e-3/checkpoints/final_model.pt
Training completed in 195.37s (20,000 total steps)
  Stage 3 (p=80) PDE diagnostics:
    p-Lap (p=80) raw:        inf
    p-Lap (p=80) normalized: 4.0203e-03
    Inf-Lap raw:              5.4081e-03
    Inf-Lap normalized:       8.1001e-03

============================================================
Stage 4/5: Training with p=90
============================================================

Training configuration:
  Boundary points (train): 32,000 -> 80 batches of 400
  Interior points (train): 1,000,000 -> 1000 batches of 1000
  Interior sampling: RE-SAMPLE each epoch
  Boundary points (val): 8,000
  Validation loss: BC only
  Steps per epoch: 1,000
  Total steps: 20,000
  Epochs: 20
  Loss balancing: FixedAlphaSchedule
  LR scheduler: None (constant LR=1.0e-05)

Epoch   1/20 | Steps:   1000 | α=1e-03 | Loss: 7.2232e-05 | BC: 3.5112e-06 | PDE: 6.8721e-02 | Val: 1.8987e-06 | Test: 4.4867e-06 |  *
Epoch   2/20 | Steps:   2000 | α=1e-03 | Loss: 6.1429e-05 | BC: 2.2337e-06 | PDE: 5.9195e-02 | Val: 3.0256e-06 | Test: 5.1929e-06 | 
Epoch   3/20 | Steps:   3000 | α=1e-03 | Loss: 6.5447e-05 | BC: 2.5964e-06 | PDE: 6.2851e-02 | Val: 3.1922e-06 | Test: 5.8873e-06 | 
Epoch   4/20 | Steps:   4000 | α=1e-03 | Loss: 6.6563e-05 | BC: 2.7322e-06 | PDE: 6.3831e-02 | Val: 1.7941e-06 | Test: 4.5567e-06 |  *
Epoch   5/20 | Steps:   5000 | α=1e-03 | Loss: 6.3449e-05 | BC: 2.4582e-06 | PDE: 6.0990e-02 | Val: 1.1263e-06 | Test: 3.9603e-06 |  *
Epoch   6/20 | Steps:   6000 | α=1e-03 | Loss: 7.0708e-05 | BC: 2.9204e-06 | PDE: 6.7787e-02 | Val: 3.2119e-06 | Test: 5.4453e-06 | 
Epoch   7/20 | Steps:   7000 | α=1e-03 | Loss: 6.7768e-05 | BC: 2.7005e-06 | PDE: 6.5068e-02 | Val: 2.0750e-06 | Test: 4.6832e-06 | 
Epoch   8/20 | Steps:   8000 | α=1e-03 | Loss: 6.2891e-05 | BC: 2.1519e-06 | PDE: 6.0739e-02 | Val: 2.7547e-06 | Test: 5.4126e-06 | 
Epoch   9/20 | Steps:   9000 | α=1e-03 | Loss: 6.4901e-05 | BC: 2.3631e-06 | PDE: 6.2537e-02 | Val: 1.9789e-06 | Test: 4.7907e-06 | 
Epoch  10/20 | Steps:  10000 | α=1e-03 | Loss: 6.9247e-05 | BC: 2.8024e-06 | PDE: 6.6445e-02 | Val: 1.5236e-06 | Test: 4.1739e-06 | 
Epoch  11/20 | Steps:  11000 | α=1e-03 | Loss: 6.2936e-05 | BC: 2.3934e-06 | PDE: 6.0542e-02 | Val: 7.0479e-06 | Test: 8.1234e-06 | 
Epoch  12/20 | Steps:  12000 | α=1e-03 | Loss: 6.4957e-05 | BC: 2.7094e-06 | PDE: 6.2247e-02 | Val: 2.4911e-06 | Test: 5.7142e-06 | 
Epoch  13/20 | Steps:  13000 | α=1e-03 | Loss: 5.4988e-05 | BC: 2.1132e-06 | PDE: 5.2875e-02 | Val: 3.1894e-06 | Test: 5.7889e-06 | 
Epoch  14/20 | Steps:  14000 | α=1e-03 | Loss: 6.6436e-05 | BC: 2.6672e-06 | PDE: 6.3768e-02 | Val: 4.7629e-06 | Test: 6.7551e-06 | 
Epoch  15/20 | Steps:  15000 | α=1e-03 | Loss: 6.1404e-05 | BC: 2.4234e-06 | PDE: 5.8980e-02 | Val: 9.5923e-07 | Test: 3.7325e-06 |  *
Epoch  16/20 | Steps:  16000 | α=1e-03 | Loss: 6.3456e-05 | BC: 2.6213e-06 | PDE: 6.0835e-02 | Val: 8.2501e-06 | Test: 8.4503e-06 | 
Epoch  17/20 | Steps:  17000 | α=1e-03 | Loss: 5.9482e-05 | BC: 2.3254e-06 | PDE: 5.7156e-02 | Val: 1.4412e-06 | Test: 4.1076e-06 | 
Epoch  18/20 | Steps:  18000 | α=1e-03 | Loss: 6.1744e-05 | BC: 2.4318e-06 | PDE: 5.9312e-02 | Val: 1.2390e-05 | Test: 1.1351e-05 | 
Epoch  19/20 | Steps:  19000 | α=1e-03 | Loss: 5.7836e-05 | BC: 2.6944e-06 | PDE: 5.5142e-02 | Val: 5.5391e-06 | Test: 6.9861e-06 | 
Epoch  20/20 | Steps:  20000 | α=1e-03 | Loss: 5.7975e-05 | BC: 2.2641e-06 | PDE: 5.5711e-02 | Val: 1.1337e-06 | Test: 4.0323e-06 | 

Restored best model from epoch 15 (val_loss: 9.5923e-07, test_loss: 3.7325e-06)
Best checkpoint saved to: outputs/expr_6_3_iter/p60to100_square/fix_alpha_1e-3/checkpoints/best_model.pt
Final checkpoint saved to: outputs/expr_6_3_iter/p60to100_square/fix_alpha_1e-3/checkpoints/final_model.pt
Training completed in 163.79s (20,000 total steps)
  Stage 4 (p=90) PDE diagnostics:
    p-Lap (p=90) raw:        inf
    p-Lap (p=90) normalized: 3.2967e-03
    Inf-Lap raw:              4.4340e-03
    Inf-Lap normalized:       6.5514e-03

============================================================
Stage 5/5: Training with p=100
============================================================

Training configuration:
  Boundary points (train): 32,000 -> 80 batches of 400
  Interior points (train): 1,000,000 -> 1000 batches of 1000
  Interior sampling: RE-SAMPLE each epoch
  Boundary points (val): 8,000
  Validation loss: BC only
  Steps per epoch: 1,000
  Total steps: 20,000
  Epochs: 20
  Loss balancing: FixedAlphaSchedule
  LR scheduler: None (constant LR=1.0e-05)

Epoch   1/20 | Steps:   1000 | α=1e-03 | Loss: 7.8293e-05 | BC: 3.0851e-06 | PDE: 7.5208e-02 | Val: 5.5337e-06 | Test: 7.4505e-06 |  *
Epoch   2/20 | Steps:   2000 | α=1e-03 | Loss: 8.3146e-05 | BC: 3.0292e-06 | PDE: 8.0117e-02 | Val: 3.1153e-06 | Test: 4.7202e-06 |  *
Epoch   3/20 | Steps:   3000 | α=1e-03 | Loss: 7.9951e-05 | BC: 3.2521e-06 | PDE: 7.6699e-02 | Val: 2.1378e-06 | Test: 4.1898e-06 |  *
Epoch   4/20 | Steps:   4000 | α=1e-03 | Loss: 7.6097e-05 | BC: 2.9663e-06 | PDE: 7.3131e-02 | Val: 2.2426e-06 | Test: 4.4665e-06 | 
Epoch   5/20 | Steps:   5000 | α=1e-03 | Loss: 7.8080e-05 | BC: 2.4712e-06 | PDE: 7.5609e-02 | Val: 1.1289e-06 | Test: 3.7103e-06 |  *
Epoch   6/20 | Steps:   6000 | α=1e-03 | Loss: 6.8689e-05 | BC: 2.3453e-06 | PDE: 6.6344e-02 | Val: 1.5405e-06 | Test: 3.8546e-06 | 
Epoch   7/20 | Steps:   7000 | α=1e-03 | Loss: 7.5545e-05 | BC: 2.5507e-06 | PDE: 7.2994e-02 | Val: 1.4942e-06 | Test: 3.9699e-06 | 
Epoch   8/20 | Steps:   8000 | α=1e-03 | Loss: 7.4842e-05 | BC: 3.0373e-06 | PDE: 7.1805e-02 | Val: 4.2751e-06 | Test: 6.1311e-06 | 
Epoch   9/20 | Steps:   9000 | α=1e-03 | Loss: 7.0933e-05 | BC: 3.0707e-06 | PDE: 6.7862e-02 | Val: 1.9988e-06 | Test: 4.1862e-06 | 
Epoch  10/20 | Steps:  10000 | α=1e-03 | Loss: 7.7477e-05 | BC: 2.7817e-06 | PDE: 7.4695e-02 | Val: 4.8522e-06 | Test: 6.4337e-06 | 
Epoch  11/20 | Steps:  11000 | α=1e-03 | Loss: 7.4233e-05 | BC: 3.0744e-06 | PDE: 7.1158e-02 | Val: 2.5518e-06 | Test: 4.7974e-06 | 
Epoch  12/20 | Steps:  12000 | α=1e-03 | Loss: 7.2056e-05 | BC: 3.1264e-06 | PDE: 6.8929e-02 | Val: 3.7720e-06 | Test: 5.9173e-06 | 
Epoch  13/20 | Steps:  13000 | α=1e-03 | Loss: 7.6081e-05 | BC: 2.5514e-06 | PDE: 7.3529e-02 | Val: 6.8137e-06 | Test: 7.1780e-06 | 
Epoch  14/20 | Steps:  14000 | α=1e-03 | Loss: 7.4298e-05 | BC: 2.7954e-06 | PDE: 7.1503e-02 | Val: 2.5500e-06 | Test: 4.7918e-06 | 
Epoch  15/20 | Steps:  15000 | α=1e-03 | Loss: 7.4457e-05 | BC: 3.4945e-06 | PDE: 7.0962e-02 | Val: 4.6655e-06 | Test: 6.9230e-06 | 
Epoch  16/20 | Steps:  16000 | α=1e-03 | Loss: 7.4202e-05 | BC: 3.1724e-06 | PDE: 7.1030e-02 | Val: 2.9270e-06 | Test: 5.0421e-06 | 
Epoch  17/20 | Steps:  17000 | α=1e-03 | Loss: 7.0438e-05 | BC: 2.5937e-06 | PDE: 6.7844e-02 | Val: 1.2314e-06 | Test: 3.6835e-06 | 
Epoch  18/20 | Steps:  18000 | α=1e-03 | Loss: 6.6594e-05 | BC: 2.3151e-06 | PDE: 6.4279e-02 | Val: 3.9178e-06 | Test: 6.1042e-06 | 
Epoch  19/20 | Steps:  19000 | α=1e-03 | Loss: 7.2371e-05 | BC: 2.9224e-06 | PDE: 6.9449e-02 | Val: 1.6813e-06 | Test: 3.9950e-06 | 
Epoch  20/20 | Steps:  20000 | α=1e-03 | Loss: 7.6656e-05 | BC: 3.5146e-06 | PDE: 7.3141e-02 | Val: 5.4747e-06 | Test: 7.8976e-06 | 

Restored best model from epoch 5 (val_loss: 1.1289e-06, test_loss: 3.7103e-06)
Best checkpoint saved to: outputs/expr_6_3_iter/p60to100_square/fix_alpha_1e-3/checkpoints/best_model.pt
Final checkpoint saved to: outputs/expr_6_3_iter/p60to100_square/fix_alpha_1e-3/checkpoints/final_model.pt
Training completed in 162.36s (20,000 total steps)
  Stage 5 (p=100) PDE diagnostics:
    p-Lap (p=100) raw:        inf
    p-Lap (p=100) normalized: 3.5636e-03
    Inf-Lap raw:              4.1483e-03
    Inf-Lap normalized:       6.5177e-03

Iterative training completed in 865.49s
Total epochs: 100

Final Test MSE: 7.8976e-06
Inference (per point): 7.7770e-05s | (full domain): 7.6742e-05s
p-Lap (p=100) PDE test (raw):        inf
p-Lap (p=100) PDE test (normalized): 3.5636e-03
Inf-Lap PDE test (raw):                    4.1483e-03
Inf-Lap PDE test (normalized):             6.5177e-03
Saved .npz files to outputs/expr_6_3_iter/p60to100_square/fix_alpha_1e-3/npy/
Saved plot to outputs/expr_6_3_iter/p60to100_square/fix_alpha_1e-3/plots/results.png
