
============================================================
Dist-to-Boundary  —  Unit Disc  (2-D)
============================================================
Device: cuda
  Loaded p=5: 1310720 points, mse: 1.525772e-02
  Loaded p=10: 1310720 points, mse: 3.583581e-03
  Loaded p=15: 1310720 points, mse: 1.558547e-03
  Loaded p=20: 1310720 points, mse: 8.671650e-04
  Loaded p=25: 1310720 points, mse: 5.513795e-04
  Loaded p=30: 1310720 points, mse: 3.812468e-04
  Loaded p=35: 1310720 points, mse: 2.792386e-04
  Loaded p=40: 1310720 points, mse: 2.133030e-04
  Loaded p=45: 1310720 points, mse: 1.682393e-04
  Loaded p=50: 1310720 points, mse: 1.360850e-04
  Loaded p=55: 1310720 points, mse: 1.123419e-04
  Loaded p=60: 1310720 points, mse: 9.431299e-05
  Loaded p=65: 1310720 points, mse: 8.030154e-05
  Loaded p=70: 1310720 points, mse: 6.919690e-05
  Loaded p=75: 1310720 points, mse: 6.024730e-05
  Loaded p=80: 1310720 points, mse: 5.292912e-05
  Loaded p=85: 1310720 points, mse: 4.686864e-05
  Loaded p=90: 1310720 points, mse: 4.179332e-05
  Loaded p=95: 1310720 points, mse: 3.750069e-05
  Loaded p=100: 1310720 points, mse: 3.383766e-05
  Loaded p=105: 1310720 points, mse: 3.068690e-05
  Loaded p=110: 1310720 points, mse: 2.795711e-05
  Loaded p=115: 1310720 points, mse: 2.557655e-05
  Loaded p=120: 1310720 points, mse: 2.348806e-05
  Loaded p=125: 1310720 points, mse: 2.164575e-05
  Loaded p=130: 1310720 points, mse: 2.001239e-05
  Loaded p=135: 1310720 points, mse: 1.855752e-05
  Loaded p=140: 1310720 points, mse: 1.725609e-05
  Loaded p=145: 1310720 points, mse: 1.608721e-05
  Loaded p=150: 1310720 points, mse: 1.503350e-05
  Loaded p=155: 1310720 points, mse: 1.408029e-05
  Loaded p=160: 1310720 points, mse: 1.321521e-05
  Loaded p=165: 1310720 points, mse: 1.242771e-05
  Loaded p=170: 1310720 points, mse: 1.170879e-05
  Loaded p=175: 1310720 points, mse: 1.105070e-05
  Loaded p=180: 1310720 points, mse: 1.044677e-05
  Loaded p=185: 1310720 points, mse: 9.891222e-06
  Loaded p=190: 1310720 points, mse: 9.379015e-06
  Loaded p=195: 1310720 points, mse: 8.905752e-06
  Loaded p=200: 1310720 points, mse: 8.467587e-06
  Added p=∞ point: 1310720 pts, mse: 3.862534e-06
Training data: X=(53739520, 3)  Y=(53739520, 1)
Model: trunk=[2, 512, 512, 512, 128]  branch=[1, 128, 128, 128, 128]  params=642,433
Scheduler: CosineAnnealingLR  T_max=20  eta_min=1e-06
Epoch --- Train Loss --- LR --- p150 --- p200 --- p250 --- p500
    0 --- 1.565794e-03 --- 1.00e-04 --- 4.244260e-05 --- 4.966165e-05 --- 7.311753e-05 --- 2.669582e-05
    1 --- 1.100580e-05 --- 9.94e-05 --- 2.485030e-05 --- 1.531107e-05 --- 7.886087e-06 --- 9.412172e-06
    2 --- 5.455323e-06 --- 9.76e-05 --- 1.157750e-05 --- 5.435022e-06 --- 3.356113e-06 --- 6.517855e-06
    3 --- 3.183294e-06 --- 9.46e-05 --- 1.239183e-05 --- 7.631112e-06 --- 7.224774e-06 --- 3.587496e-06
    4 --- 2.285156e-06 --- 9.05e-05 --- 8.491798e-06 --- 5.569270e-06 --- 5.403718e-06 --- 5.894995e-06
    5 --- 1.736422e-06 --- 8.55e-05 --- 8.221532e-06 --- 4.868372e-06 --- 3.572070e-06 --- 4.454503e-06
    6 --- 1.349508e-06 --- 7.96e-05 --- 8.796371e-06 --- 5.037471e-06 --- 3.587273e-06 --- 5.057683e-06
    7 --- 1.056780e-06 --- 7.30e-05 --- 1.079789e-05 --- 6.695262e-06 --- 4.821645e-06 --- 4.432751e-06
    8 --- 8.564760e-07 --- 6.58e-05 --- 1.178455e-05 --- 7.197428e-06 --- 5.039120e-06 --- 5.167141e-06
    9 --- 6.693977e-07 --- 5.82e-05 --- 1.273765e-05 --- 8.059685e-06 --- 5.807382e-06 --- 4.785943e-06
   10 --- 5.325366e-07 --- 5.05e-05 --- 1.106784e-05 --- 6.261324e-06 --- 3.844071e-06 --- 3.724282e-06
   11 --- 4.277887e-07 --- 4.28e-05 --- 8.768027e-06 --- 4.989572e-06 --- 3.039108e-06 --- 4.120973e-06
   12 --- 3.462844e-07 --- 3.52e-05 --- 1.100257e-05 --- 6.525031e-06 --- 4.200045e-06 --- 3.383366e-06
   13 --- 2.860306e-07 --- 2.80e-05 --- 9.592131e-06 --- 5.438461e-06 --- 3.264833e-06 --- 4.005467e-06
   14 --- 2.437400e-07 --- 2.14e-05 --- 1.005695e-05 --- 5.808986e-06 --- 3.643895e-06 --- 4.161061e-06
   15 --- 2.111371e-07 --- 1.55e-05 --- 1.031820e-05 --- 5.855534e-06 --- 3.476580e-06 --- 4.103945e-06
   16 --- 1.892509e-07 --- 1.05e-05 --- 8.704374e-06 --- 4.622293e-06 --- 2.648718e-06 --- 3.535400e-06
   17 --- 1.737359e-07 --- 6.40e-06 --- 8.823737e-06 --- 4.871631e-06 --- 2.796296e-06 --- 3.640089e-06
   18 --- 1.644152e-07 --- 3.42e-06 --- 9.613988e-06 --- 5.461335e-06 --- 3.266915e-06 --- 3.578479e-06
   19 --- 1.592452e-07 --- 1.61e-06 --- 9.818436e-06 --- 5.477755e-06 --- 3.236208e-06 --- 3.562937e-06
Total training time: 9176.52s
Inference (per point): 1.4302e-04s | (full domain): 2.2633e-04s
  p=  5:  MSE=9.701727e-03
  p=105:  MSE=1.954693e-05
  p=205:  MSE=5.246763e-06
  p=305:  MSE=1.861082e-06
  p=405:  MSE=1.437661e-06
  Saved MSE curves → outputs/expr_6_4_2/disc/exact_inf/npy/mse.npz  (deeponet, fem, pred_train)

All experiments completed!
