
============================================================
p-Laplacian Aronsson Example
============================================================

Generated full domain data:
  Boundary points: 40,000
  Interior points: 1,000,000
  Test points: 10,000
Re-sampling enabled: ~1,000,000 interior points per epoch

Splitting data: 80% train, 20% validation
  BC: 32,000 train, 8,000 val
  Interior: 800,000 train, 200,000 val

Model: PLaplacianPINN on Square [-1,1]²
  Hidden layers: [128, 128, 128, 128], activation: tanh
  η=0.0, clip_residual=100.0, clip_grad_norm=1.0
  Outlier removal: top 2.0%
  Parameters: 50,049

Training configuration:
  Boundary points (train): 32,000 -> 80 batches of 400
  Interior points (train): 1,000,000 -> 1000 batches of 1000
  Interior sampling: RE-SAMPLE each epoch
  Boundary points (val): 8,000
  Validation loss: BC only
  Steps per epoch: 1,000
  Total steps: 100,000
  Epochs: 100
  Loss balancing: AlphaPlateauScheduler
  LR scheduler: cosine (LR: 1.0e-03 -> 1.0e-05)

/usr/local/lib/python3.12/dist-packages/torch/autograd/graph.py:824: UserWarning: Attempting to run cuBLAS, but there was no current CUDA context! Attempting to set the primary context... (Triggered internally at /opt/pytorch/pytorch/aten/src/ATen/cuda/CublasHandlePool.cpp:181.)
  return Variable._execution_engine.run_backward(  # Calls into the C++ engine to run the backward pass
Epoch   1/100 | Steps:   1000 | α=1e-05 | Loss: 2.3057e-02 | BC: 2.2275e-02 | PDE: 7.8237e+01 | Val: 3.3380e-04 | Test: 5.3960e-04 | LR=1.0e-03 *
Epoch   2/100 | Steps:   2000 | α=1e-05 | Loss: 4.1366e-04 | BC: 3.2143e-04 | PDE: 9.2235e+00 | Val: 2.2583e-04 | Test: 4.1688e-04 | LR=1.0e-03 *
Epoch   3/100 | Steps:   3000 | α=1e-05 | Loss: 3.4552e-04 | BC: 2.8821e-04 | PDE: 5.7305e+00 | Val: 1.4119e-04 | Test: 3.3207e-04 | LR=1.0e-03 *
Epoch   4/100 | Steps:   4000 | α=1e-05 | Loss: 2.6922e-04 | BC: 2.2663e-04 | PDE: 4.2588e+00 | Val: 1.1748e-04 | Test: 2.5809e-04 | LR=1.0e-03 *
Epoch   5/100 | Steps:   5000 | α=1e-05 | Loss: 2.3161e-04 | BC: 2.0292e-04 | PDE: 2.8689e+00 | Val: 1.4742e-04 | Test: 2.6170e-04 | LR=1.0e-03
Epoch   6/100 | Steps:   6000 | α=1e-05 | Loss: 1.9171e-04 | BC: 1.7096e-04 | PDE: 2.0750e+00 | Val: 3.1633e-05 | Test: 1.4864e-04 | LR=9.9e-04 *
Epoch   7/100 | Steps:   7000 | α=1e-05 | Loss: 1.6471e-04 | BC: 1.4744e-04 | PDE: 1.7271e+00 | Val: 2.1044e-05 | Test: 1.4662e-04 | LR=9.9e-04 *
Epoch   8/100 | Steps:   8000 | α=1e-05 | Loss: 1.4865e-04 | BC: 1.3368e-04 | PDE: 1.4972e+00 | Val: 1.2711e-04 | Test: 2.5358e-04 | LR=9.9e-04
Epoch   9/100 | Steps:   9000 | α=1e-05 | Loss: 1.5511e-04 | BC: 1.4210e-04 | PDE: 1.3015e+00 | Val: 2.9767e-04 | Test: 3.2232e-04 | LR=9.8e-04
Epoch  10/100 | Steps:  10000 | α=1e-05 | Loss: 1.0755e-04 | BC: 9.6700e-05 | PDE: 1.0847e+00 | Val: 4.9312e-05 | Test: 1.4256e-04 | LR=9.8e-04
Epoch  11/100 | Steps:  11000 | α=1e-05 | Loss: 1.3017e-04 | BC: 1.2049e-04 | PDE: 9.6785e-01 | Val: 3.4245e-04 | Test: 3.3726e-04 | LR=9.8e-04
Epoch  12/100 | Steps:  12000 | α=1e-05 | Loss: 9.3876e-05 | BC: 8.5225e-05 | PDE: 8.6503e-01 | Val: 1.0909e-04 | Test: 2.3038e-04 | LR=9.7e-04
Epoch  13/100 | Steps:  13000 | α=1e-05 | Loss: 1.1827e-04 | BC: 1.0985e-04 | PDE: 8.4251e-01 | Val: 2.4449e-05 | Test: 1.4802e-04 | LR=9.7e-04
Epoch  14/100 | Steps:  14000 | α=1e-05 | Loss: 9.1330e-05 | BC: 8.3667e-05 | PDE: 7.6634e-01 | Val: 2.8995e-05 | Test: 1.1220e-04 | LR=9.6e-04
Epoch  15/100 | Steps:  15000 | α=1e-05 | Loss: 7.6741e-05 | BC: 6.9662e-05 | PDE: 7.0790e-01 | Val: 1.4910e-05 | Test: 1.3196e-04 | LR=9.5e-04 *
Epoch  16/100 | Steps:  16000 | α=1e-05 | Loss: 7.9560e-05 | BC: 7.2748e-05 | PDE: 6.8115e-01 | Val: 1.4547e-05 | Test: 1.2165e-04 | LR=9.5e-04 *
Epoch  17/100 | Steps:  17000 | α=1e-05 | Loss: 8.2523e-05 | BC: 7.6019e-05 | PDE: 6.5039e-01 | Val: 7.1483e-06 | Test: 1.1960e-04 | LR=9.4e-04 *
Epoch  18/100 | Steps:  18000 | α=1e-05 | Loss: 6.3836e-05 | BC: 5.7910e-05 | PDE: 5.9265e-01 | Val: 4.7982e-06 | Test: 1.2110e-04 | LR=9.3e-04 *
Epoch  19/100 | Steps:  19000 | α=1e-05 | Loss: 6.6458e-05 | BC: 6.0913e-05 | PDE: 5.5449e-01 | Val: 9.8729e-06 | Test: 1.1346e-04 | LR=9.2e-04

>>> Alpha increased: 1e-05 → 1e-04 (BC=6.5605e-05) <<<
Epoch  20/100 | Steps:  20000 | α=1e-04 | Loss: 7.0890e-05 | BC: 6.5605e-05 | PDE: 5.2850e-01 | Val: 4.3596e-05 | Test: 1.2998e-04 | LR=9.1e-04 *
Epoch  21/100 | Steps:  21000 | α=1e-04 | Loss: 7.8480e-05 | BC: 5.2802e-05 | PDE: 2.5678e-01 | Val: 3.4012e-05 | Test: 1.3898e-04 | LR=9.1e-04 *
Epoch  22/100 | Steps:  22000 | α=1e-04 | Loss: 6.6908e-05 | BC: 5.1132e-05 | PDE: 1.5776e-01 | Val: 4.8092e-05 | Test: 1.5070e-04 | LR=9.0e-04
Epoch  23/100 | Steps:  23000 | α=1e-04 | Loss: 5.9964e-05 | BC: 4.7794e-05 | PDE: 1.2170e-01 | Val: 3.4053e-05 | Test: 1.2074e-04 | LR=8.9e-04
Epoch  24/100 | Steps:  24000 | α=1e-04 | Loss: 6.5964e-05 | BC: 5.4432e-05 | PDE: 1.1531e-01 | Val: 7.6768e-06 | Test: 1.1168e-04 | LR=8.8e-04 *
Epoch  25/100 | Steps:  25000 | α=1e-04 | Loss: 5.3383e-05 | BC: 4.4095e-05 | PDE: 9.2877e-02 | Val: 7.5273e-06 | Test: 1.1423e-04 | LR=8.7e-04 *
Epoch  26/100 | Steps:  26000 | α=1e-04 | Loss: 4.7074e-05 | BC: 3.9252e-05 | PDE: 7.8220e-02 | Val: 1.6585e-05 | Test: 1.1378e-04 | LR=8.6e-04
Epoch  27/100 | Steps:  27000 | α=1e-04 | Loss: 4.3350e-05 | BC: 3.5602e-05 | PDE: 7.7475e-02 | Val: 3.9680e-06 | Test: 1.0486e-04 | LR=8.4e-04 *
Epoch  28/100 | Steps:  28000 | α=1e-04 | Loss: 4.7029e-05 | BC: 3.9390e-05 | PDE: 7.6392e-02 | Val: 1.5947e-05 | Test: 1.2498e-04 | LR=8.3e-04
Epoch  29/100 | Steps:  29000 | α=1e-04 | Loss: 4.3640e-05 | BC: 3.6674e-05 | PDE: 6.9656e-02 | Val: 3.9452e-06 | Test: 1.0068e-04 | LR=8.2e-04 *
Epoch  30/100 | Steps:  30000 | α=1e-04 | Loss: 3.7476e-05 | BC: 3.1101e-05 | PDE: 6.3748e-02 | Val: 6.8780e-05 | Test: 1.4911e-04 | LR=8.1e-04
Epoch  31/100 | Steps:  31000 | α=1e-04 | Loss: 3.6049e-05 | BC: 3.0117e-05 | PDE: 5.9317e-02 | Val: 1.5242e-04 | Test: 2.4178e-04 | LR=8.0e-04

>>> Alpha increased: 1e-04 → 1e-03 (BC=2.9826e-05) <<<
Epoch  32/100 | Steps:  32000 | α=1e-03 | Loss: 3.5941e-05 | BC: 2.9826e-05 | PDE: 6.1146e-02 | Val: 6.8218e-06 | Test: 1.1129e-04 | LR=7.8e-04 *
Epoch  33/100 | Steps:  33000 | α=1e-03 | Loss: 9.0112e-04 | BC: 4.2363e-04 | PDE: 4.7748e-01 | Val: 4.2532e-05 | Test: 1.7133e-04 | LR=7.7e-04
Epoch  34/100 | Steps:  34000 | α=1e-03 | Loss: 1.0882e-04 | BC: 5.3546e-05 | PDE: 5.5274e-02 | Val: 6.2319e-05 | Test: 1.7018e-04 | LR=7.6e-04
Epoch  35/100 | Steps:  35000 | α=1e-03 | Loss: 1.0470e-04 | BC: 4.7276e-05 | PDE: 5.7428e-02 | Val: 2.1509e-05 | Test: 1.3890e-04 | LR=7.4e-04
Epoch  36/100 | Steps:  36000 | α=1e-03 | Loss: 9.1189e-05 | BC: 4.0696e-05 | PDE: 5.0493e-02 | Val: 6.3406e-05 | Test: 1.7234e-04 | LR=7.3e-04
Epoch  37/100 | Steps:  37000 | α=1e-03 | Loss: 8.6229e-05 | BC: 3.5155e-05 | PDE: 5.1073e-02 | Val: 1.6597e-05 | Test: 1.3424e-04 | LR=7.2e-04
Epoch  38/100 | Steps:  38000 | α=1e-03 | Loss: 8.0907e-05 | BC: 3.4035e-05 | PDE: 4.6872e-02 | Val: 1.6226e-05 | Test: 1.2785e-04 | LR=7.0e-04
Epoch  39/100 | Steps:  39000 | α=1e-03 | Loss: 7.1826e-05 | BC: 2.7325e-05 | PDE: 4.4501e-02 | Val: 1.3941e-05 | Test: 1.3601e-04 | LR=6.9e-04
Epoch  40/100 | Steps:  40000 | α=1e-03 | Loss: 6.6831e-05 | BC: 2.5582e-05 | PDE: 4.1249e-02 | Val: 2.5100e-05 | Test: 1.2823e-04 | LR=6.7e-04
Epoch  41/100 | Steps:  41000 | α=1e-03 | Loss: 6.6274e-05 | BC: 2.4787e-05 | PDE: 4.1487e-02 | Val: 8.5070e-06 | Test: 1.1283e-04 | LR=6.6e-04
Epoch  42/100 | Steps:  42000 | α=1e-03 | Loss: 5.7893e-05 | BC: 2.2097e-05 | PDE: 3.5796e-02 | Val: 1.9035e-05 | Test: 1.2951e-04 | LR=6.4e-04
Epoch  43/100 | Steps:  43000 | α=1e-03 | Loss: 5.4509e-05 | BC: 2.0213e-05 | PDE: 3.4295e-02 | Val: 1.2795e-05 | Test: 1.1713e-04 | LR=6.3e-04
Epoch  44/100 | Steps:  44000 | α=1e-03 | Loss: 5.1115e-05 | BC: 1.9420e-05 | PDE: 3.1695e-02 | Val: 8.7864e-06 | Test: 1.1532e-04 | LR=6.1e-04
Epoch  45/100 | Steps:  45000 | α=1e-03 | Loss: 4.9069e-05 | BC: 1.7663e-05 | PDE: 3.1406e-02 | Val: 2.1965e-05 | Test: 1.3127e-04 | LR=6.0e-04
Epoch  46/100 | Steps:  46000 | α=1e-03 | Loss: 4.7854e-05 | BC: 1.6503e-05 | PDE: 3.1351e-02 | Val: 7.2561e-06 | Test: 1.1336e-04 | LR=5.8e-04
Epoch  47/100 | Steps:  47000 | α=1e-03 | Loss: 4.1627e-05 | BC: 1.5889e-05 | PDE: 2.5738e-02 | Val: 2.5923e-05 | Test: 1.3015e-04 | LR=5.7e-04
Epoch  48/100 | Steps:  48000 | α=1e-03 | Loss: 3.7804e-05 | BC: 1.4626e-05 | PDE: 2.3177e-02 | Val: 1.2614e-05 | Test: 1.1145e-04 | LR=5.5e-04
Epoch  49/100 | Steps:  49000 | α=1e-03 | Loss: 3.6652e-05 | BC: 1.3086e-05 | PDE: 2.3566e-02 | Val: 8.1892e-06 | Test: 1.1265e-04 | LR=5.4e-04
Epoch  50/100 | Steps:  50000 | α=1e-03 | Loss: 3.5822e-05 | BC: 1.3201e-05 | PDE: 2.2620e-02 | Val: 3.7337e-05 | Test: 1.2561e-04 | LR=5.2e-04
Epoch  51/100 | Steps:  51000 | α=1e-03 | Loss: 3.2012e-05 | BC: 1.2086e-05 | PDE: 1.9926e-02 | Val: 1.2988e-05 | Test: 1.1342e-04 | LR=5.1e-04
Epoch  52/100 | Steps:  52000 | α=1e-03 | Loss: 3.4229e-05 | BC: 1.1848e-05 | PDE: 2.2381e-02 | Val: 6.3431e-06 | Test: 1.0769e-04 | LR=4.9e-04 *
Epoch  53/100 | Steps:  53000 | α=1e-03 | Loss: 2.6488e-05 | BC: 1.0815e-05 | PDE: 1.5673e-02 | Val: 1.2438e-05 | Test: 1.1174e-04 | LR=4.7e-04
Epoch  54/100 | Steps:  54000 | α=1e-03 | Loss: 2.7480e-05 | BC: 1.0242e-05 | PDE: 1.7238e-02 | Val: 7.4768e-06 | Test: 1.0325e-04 | LR=4.6e-04
Epoch  55/100 | Steps:  55000 | α=1e-03 | Loss: 2.5277e-05 | BC: 1.0076e-05 | PDE: 1.5201e-02 | Val: 2.3414e-05 | Test: 1.1838e-04 | LR=4.4e-04
Epoch  56/100 | Steps:  56000 | α=1e-03 | Loss: 2.4603e-05 | BC: 8.7948e-06 | PDE: 1.5808e-02 | Val: 1.0319e-05 | Test: 1.0786e-04 | LR=4.3e-04
Epoch  57/100 | Steps:  57000 | α=1e-03 | Loss: 2.2145e-05 | BC: 8.3824e-06 | PDE: 1.3762e-02 | Val: 6.6986e-06 | Test: 1.0886e-04 | LR=4.1e-04
Epoch  58/100 | Steps:  58000 | α=1e-03 | Loss: 2.0217e-05 | BC: 7.9197e-06 | PDE: 1.2297e-02 | Val: 5.3166e-06 | Test: 1.0365e-04 | LR=4.0e-04 *
Epoch  59/100 | Steps:  59000 | α=1e-03 | Loss: 1.9084e-05 | BC: 7.0282e-06 | PDE: 1.2056e-02 | Val: 3.0517e-05 | Test: 1.3264e-04 | LR=3.8e-04
Epoch  60/100 | Steps:  60000 | α=1e-03 | Loss: 1.9832e-05 | BC: 7.6029e-06 | PDE: 1.2229e-02 | Val: 1.1198e-05 | Test: 1.1575e-04 | LR=3.7e-04
Epoch  61/100 | Steps:  61000 | α=1e-03 | Loss: 1.5656e-05 | BC: 6.1010e-06 | PDE: 9.5552e-03 | Val: 6.8733e-06 | Test: 1.0149e-04 | LR=3.5e-04
Epoch  62/100 | Steps:  62000 | α=1e-03 | Loss: 1.6124e-05 | BC: 5.8793e-06 | PDE: 1.0244e-02 | Val: 3.9623e-06 | Test: 1.0492e-04 | LR=3.4e-04 *
Epoch  63/100 | Steps:  63000 | α=1e-03 | Loss: 1.5128e-05 | BC: 5.5532e-06 | PDE: 9.5751e-03 | Val: 4.4046e-06 | Test: 1.0573e-04 | LR=3.2e-04
Epoch  64/100 | Steps:  64000 | α=1e-03 | Loss: 1.3923e-05 | BC: 5.1534e-06 | PDE: 8.7698e-03 | Val: 3.1041e-06 | Test: 1.0065e-04 | LR=3.1e-04 *
Epoch  65/100 | Steps:  65000 | α=1e-03 | Loss: 1.3085e-05 | BC: 5.0302e-06 | PDE: 8.0552e-03 | Val: 7.7881e-06 | Test: 1.0665e-04 | LR=2.9e-04
Epoch  66/100 | Steps:  66000 | α=1e-03 | Loss: 1.2324e-05 | BC: 4.6441e-06 | PDE: 7.6795e-03 | Val: 5.6954e-06 | Test: 1.0155e-04 | LR=2.8e-04
Epoch  67/100 | Steps:  67000 | α=1e-03 | Loss: 1.1295e-05 | BC: 4.2803e-06 | PDE: 7.0150e-03 | Val: 2.4495e-06 | Test: 1.0288e-04 | LR=2.7e-04 *
Epoch  68/100 | Steps:  68000 | α=1e-03 | Loss: 1.0728e-05 | BC: 3.9633e-06 | PDE: 6.7645e-03 | Val: 2.8255e-06 | Test: 1.0385e-04 | LR=2.5e-04
Epoch  69/100 | Steps:  69000 | α=1e-03 | Loss: 1.0232e-05 | BC: 3.7404e-06 | PDE: 6.4914e-03 | Val: 2.5544e-06 | Test: 1.0130e-04 | LR=2.4e-04
Epoch  70/100 | Steps:  70000 | α=1e-03 | Loss: 9.1926e-06 | BC: 3.3717e-06 | PDE: 5.8209e-03 | Val: 2.8062e-06 | Test: 9.8726e-05 | LR=2.3e-04
Epoch  71/100 | Steps:  71000 | α=1e-03 | Loss: 8.9658e-06 | BC: 3.4836e-06 | PDE: 5.4822e-03 | Val: 4.0887e-06 | Test: 1.0453e-04 | LR=2.1e-04
Epoch  72/100 | Steps:  72000 | α=1e-03 | Loss: 8.2561e-06 | BC: 2.9913e-06 | PDE: 5.2648e-03 | Val: 2.9244e-06 | Test: 1.0052e-04 | LR=2.0e-04
Epoch  73/100 | Steps:  73000 | α=1e-03 | Loss: 7.6911e-06 | BC: 2.9564e-06 | PDE: 4.7347e-03 | Val: 2.1496e-06 | Test: 9.7729e-05 | LR=1.9e-04 *
Epoch  74/100 | Steps:  74000 | α=1e-03 | Loss: 7.3942e-06 | BC: 2.6774e-06 | PDE: 4.7168e-03 | Val: 2.2312e-06 | Test: 9.9138e-05 | LR=1.8e-04
Epoch  75/100 | Steps:  75000 | α=1e-03 | Loss: 6.5357e-06 | BC: 2.4898e-06 | PDE: 4.0458e-03 | Val: 4.5660e-06 | Test: 1.0178e-04 | LR=1.7e-04
Epoch  76/100 | Steps:  76000 | α=1e-03 | Loss: 6.4713e-06 | BC: 2.3790e-06 | PDE: 4.0923e-03 | Val: 2.2411e-06 | Test: 9.6957e-05 | LR=1.5e-04
Epoch  77/100 | Steps:  77000 | α=1e-03 | Loss: 6.0260e-06 | BC: 2.2388e-06 | PDE: 3.7871e-03 | Val: 2.9994e-06 | Test: 1.0275e-04 | LR=1.4e-04
Epoch  78/100 | Steps:  78000 | α=1e-03 | Loss: 5.6400e-06 | BC: 2.1233e-06 | PDE: 3.5167e-03 | Val: 1.7283e-06 | Test: 9.8794e-05 | LR=1.3e-04 *
Epoch  79/100 | Steps:  79000 | α=1e-03 | Loss: 5.5219e-06 | BC: 1.9748e-06 | PDE: 3.5471e-03 | Val: 1.8804e-06 | Test: 9.9310e-05 | LR=1.2e-04
Epoch  80/100 | Steps:  80000 | α=1e-03 | Loss: 5.1217e-06 | BC: 1.8844e-06 | PDE: 3.2374e-03 | Val: 1.6777e-06 | Test: 9.8569e-05 | LR=1.1e-04 *
Epoch  81/100 | Steps:  81000 | α=1e-03 | Loss: 4.8423e-06 | BC: 1.7604e-06 | PDE: 3.0820e-03 | Val: 1.6669e-06 | Test: 9.8642e-05 | LR=1.0e-04 *
Epoch  82/100 | Steps:  82000 | α=1e-03 | Loss: 4.6557e-06 | BC: 1.6487e-06 | PDE: 3.0070e-03 | Val: 1.9748e-06 | Test: 9.8735e-05 | LR=9.6e-05
Epoch  83/100 | Steps:  83000 | α=1e-03 | Loss: 4.3737e-06 | BC: 1.5998e-06 | PDE: 2.7740e-03 | Val: 1.5555e-06 | Test: 9.5495e-05 | LR=8.7e-05 *
Epoch  84/100 | Steps:  84000 | α=1e-03 | Loss: 4.0467e-06 | BC: 1.5022e-06 | PDE: 2.5446e-03 | Val: 1.9992e-06 | Test: 9.5758e-05 | LR=7.9e-05
Epoch  85/100 | Steps:  85000 | α=1e-03 | Loss: 4.0735e-06 | BC: 1.4383e-06 | PDE: 2.6352e-03 | Val: 1.3214e-06 | Test: 9.7090e-05 | LR=7.1e-05 *
Epoch  86/100 | Steps:  86000 | α=1e-03 | Loss: 3.8050e-06 | BC: 1.3833e-06 | PDE: 2.4217e-03 | Val: 1.2675e-06 | Test: 9.6761e-05 | LR=6.4e-05 *
Epoch  87/100 | Steps:  87000 | α=1e-03 | Loss: 3.6204e-06 | BC: 1.3081e-06 | PDE: 2.3123e-03 | Val: 1.4676e-06 | Test: 9.7577e-05 | LR=5.7e-05
Epoch  88/100 | Steps:  88000 | α=1e-03 | Loss: 3.5046e-06 | BC: 1.2636e-06 | PDE: 2.2410e-03 | Val: 1.3040e-06 | Test: 9.9207e-05 | LR=5.1e-05
Epoch  89/100 | Steps:  89000 | α=1e-03 | Loss: 3.3894e-06 | BC: 1.2266e-06 | PDE: 2.1628e-03 | Val: 1.3207e-06 | Test: 9.7937e-05 | LR=4.5e-05
Epoch  90/100 | Steps:  90000 | α=1e-03 | Loss: 3.3053e-06 | BC: 1.1790e-06 | PDE: 2.1263e-03 | Val: 1.2498e-06 | Test: 9.9498e-05 | LR=3.9e-05 *
Epoch  91/100 | Steps:  91000 | α=1e-03 | Loss: 3.1941e-06 | BC: 1.1501e-06 | PDE: 2.0440e-03 | Val: 1.1936e-06 | Test: 9.7954e-05 | LR=3.4e-05 *

>>> Alpha increased: 1e-03 → 1e-02 (BC=1.1320e-06) <<<
Epoch  92/100 | Steps:  92000 | α=1e-02 | Loss: 3.1413e-06 | BC: 1.1320e-06 | PDE: 2.0094e-03 | Val: 1.2390e-06 | Test: 9.9027e-05 | LR=3.0e-05 *
Epoch  93/100 | Steps:  93000 | α=1e-02 | Loss: 2.7356e-05 | BC: 1.6628e-06 | PDE: 2.5693e-03 | Val: 1.6306e-06 | Test: 1.0306e-04 | LR=2.6e-05
Epoch  94/100 | Steps:  94000 | α=1e-02 | Loss: 1.7589e-05 | BC: 1.7483e-06 | PDE: 1.5840e-03 | Val: 1.8707e-06 | Test: 1.0336e-04 | LR=2.2e-05
Epoch  95/100 | Steps:  95000 | α=1e-02 | Loss: 1.6397e-05 | BC: 1.8697e-06 | PDE: 1.4528e-03 | Val: 2.3166e-06 | Test: 1.0738e-04 | LR=1.9e-05
Epoch  96/100 | Steps:  96000 | α=1e-02 | Loss: 1.5766e-05 | BC: 1.9746e-06 | PDE: 1.3791e-03 | Val: 2.4040e-06 | Test: 1.0554e-04 | LR=1.6e-05
Epoch  97/100 | Steps:  97000 | α=1e-02 | Loss: 1.5478e-05 | BC: 2.0793e-06 | PDE: 1.3399e-03 | Val: 2.3204e-06 | Test: 1.0589e-04 | LR=1.4e-05
Epoch  98/100 | Steps:  98000 | α=1e-02 | Loss: 1.5067e-05 | BC: 2.1681e-06 | PDE: 1.2899e-03 | Val: 2.4138e-06 | Test: 1.0559e-04 | LR=1.2e-05
Epoch  99/100 | Steps:  99000 | α=1e-02 | Loss: 1.5037e-05 | BC: 2.2322e-06 | PDE: 1.2805e-03 | Val: 2.5909e-06 | Test: 1.0694e-04 | LR=1.1e-05

>>> Alpha increased: 1e-02 → 1e-01 (BC=2.3316e-06) <<<
Epoch 100/100 | Steps: 100000 | α=1e-01 | Loss: 1.4428e-05 | BC: 2.3316e-06 | PDE: 1.2096e-03 | Val: 2.4355e-06 | Test: 1.0568e-04 | LR=1.0e-05 *

Restored best model from epoch 100 (val_loss: 2.4355e-06, test_loss: 1.0568e-04)
Best checkpoint saved to: outputs/expr_6_3_simple/p10_square/eta0/checkpoints/best_model.pt
Final checkpoint saved to: outputs/expr_6_3_simple/p10_square/eta0/checkpoints/final_model.pt
Training completed in 1031.39s (100,000 total steps)

Final Test MSE: 1.0568e-04
Inference (per point): 1.6119e-04s | (full domain): 1.5757e-04s
p-Lap (p=10) PDE test (raw):        2.5758e+01
p-Lap (p=10) PDE test (normalized): 1.4592e-02
Inf-Lap PDE test (raw):                    1.2739e-01
Inf-Lap PDE test (normalized):             9.6712e-02
Saved .npz files to outputs/expr_6_3_simple/p10_square/eta0/npy/
Saved plot to outputs/expr_6_3_simple/p10_square/eta0/plots/results.png
