
============================================================
Running Example: absolute
============================================================

Generated full domain data:
  Boundary points: 40,000
  Interior points: 1,000,000
  Test points: 10,000
Re-sampling enabled: ~1,000,000 interior points per epoch

Splitting data: 80% train, 20% validation
  BC: 32,000 train, 8,000 val
  Interior: 800,000 train, 200,000 val

Model: InfinityLaplacianPINN
  Hidden layers: [128, 128, 128]
  Activation: tanh
  η: 1e-05 (normalized)
  Residual clipping: [-10.0, 10.0]
  Outlier removal: top 2.0%
  Parameters: 33,537

Training configuration:
  Boundary points (train): 32,000 -> 80 batches of 400
  Interior points (train): 1,000,000 -> 1000 batches of 1000
  Interior sampling: RE-SAMPLE each epoch
  Boundary points (val): 8,000
  Validation loss: BC only
  Steps per epoch: 1,000
  Total steps: 100,000
  Epochs: 100
  Loss balancing: AlphaPlateauScheduler
  LR scheduler: cosine (LR: 1.0e-03 -> 1.0e-05)

/usr/local/lib/python3.12/dist-packages/torch/autograd/graph.py:824: UserWarning: Attempting to run cuBLAS, but there was no current CUDA context! Attempting to set the primary context... (Triggered internally at /opt/pytorch/pytorch/aten/src/ATen/cuda/CublasHandlePool.cpp:181.)
  return Variable._execution_engine.run_backward(  # Calls into the C++ engine to run the backward pass
Epoch   1/100 | Steps:   1000 | α=1e-05 | Loss: 2.1929e-02 | BC: 2.1901e-02 | PDE: 2.7538e+00 | Val: 4.7008e-04 | Test: 6.8403e-03 | LR=1.0e-03 *
Epoch   2/100 | Steps:   2000 | α=1e-05 | Loss: 3.7953e-04 | BC: 3.5168e-04 | PDE: 2.7853e+00 | Val: 1.8374e-04 | Test: 5.5817e-03 | LR=1.0e-03 *
Epoch   3/100 | Steps:   3000 | α=1e-05 | Loss: 2.3444e-04 | BC: 2.0860e-04 | PDE: 2.5845e+00 | Val: 2.0936e-04 | Test: 3.1080e-03 | LR=1.0e-03
Epoch   4/100 | Steps:   4000 | α=1e-05 | Loss: 1.7053e-04 | BC: 1.4710e-04 | PDE: 2.3434e+00 | Val: 7.0559e-05 | Test: 1.9058e-03 | LR=1.0e-03 *
Epoch   5/100 | Steps:   5000 | α=1e-05 | Loss: 1.3821e-04 | BC: 1.1790e-04 | PDE: 2.0308e+00 | Val: 6.3498e-05 | Test: 1.1354e-03 | LR=1.0e-03 *
Epoch   6/100 | Steps:   6000 | α=1e-05 | Loss: 1.2603e-04 | BC: 1.0832e-04 | PDE: 1.7717e+00 | Val: 5.7816e-05 | Test: 1.3047e-03 | LR=9.9e-04 *
Epoch   7/100 | Steps:   7000 | α=1e-05 | Loss: 1.0947e-04 | BC: 9.3934e-05 | PDE: 1.5536e+00 | Val: 3.3167e-05 | Test: 9.6274e-04 | LR=9.9e-04 *
Epoch   8/100 | Steps:   8000 | α=1e-05 | Loss: 1.0119e-04 | BC: 8.8034e-05 | PDE: 1.3155e+00 | Val: 2.7964e-05 | Test: 8.2706e-04 | LR=9.9e-04 *
Epoch   9/100 | Steps:   9000 | α=1e-05 | Loss: 7.7457e-05 | BC: 6.6553e-05 | PDE: 1.0904e+00 | Val: 1.9108e-05 | Test: 8.6756e-04 | LR=9.8e-04 *
Epoch  10/100 | Steps:  10000 | α=1e-05 | Loss: 7.7867e-05 | BC: 6.8793e-05 | PDE: 9.0747e-01 | Val: 8.0987e-05 | Test: 7.7047e-04 | LR=9.8e-04
Epoch  11/100 | Steps:  11000 | α=1e-05 | Loss: 7.0118e-05 | BC: 6.3183e-05 | PDE: 6.9348e-01 | Val: 1.8599e-05 | Test: 9.5321e-04 | LR=9.8e-04 *
Epoch  12/100 | Steps:  12000 | α=1e-05 | Loss: 5.4772e-05 | BC: 4.8991e-05 | PDE: 5.7809e-01 | Val: 1.2823e-05 | Test: 7.5848e-04 | LR=9.7e-04 *
Epoch  13/100 | Steps:  13000 | α=1e-05 | Loss: 5.7352e-05 | BC: 5.2085e-05 | PDE: 5.2670e-01 | Val: 1.5286e-04 | Test: 6.8265e-04 | LR=9.7e-04
Epoch  14/100 | Steps:  14000 | α=1e-05 | Loss: 5.7994e-05 | BC: 5.3295e-05 | PDE: 4.6996e-01 | Val: 6.5396e-05 | Test: 6.6876e-04 | LR=9.6e-04
Epoch  15/100 | Steps:  15000 | α=1e-05 | Loss: 3.4521e-05 | BC: 3.0265e-05 | PDE: 4.2567e-01 | Val: 2.8796e-05 | Test: 5.9800e-04 | LR=9.5e-04
Epoch  16/100 | Steps:  16000 | α=1e-05 | Loss: 4.9181e-05 | BC: 4.5253e-05 | PDE: 3.9285e-01 | Val: 1.1122e-05 | Test: 4.9884e-04 | LR=9.5e-04 *
Epoch  17/100 | Steps:  17000 | α=1e-05 | Loss: 4.0778e-05 | BC: 3.6988e-05 | PDE: 3.7901e-01 | Val: 3.5909e-05 | Test: 4.3386e-04 | LR=9.4e-04
Epoch  18/100 | Steps:  18000 | α=1e-05 | Loss: 3.8561e-05 | BC: 3.5071e-05 | PDE: 3.4901e-01 | Val: 2.4647e-05 | Test: 4.6058e-04 | LR=9.3e-04
Epoch  19/100 | Steps:  19000 | α=1e-05 | Loss: 5.5311e-05 | BC: 5.1812e-05 | PDE: 3.4989e-01 | Val: 3.0358e-06 | Test: 5.7703e-04 | LR=9.2e-04 *

>>> Alpha increased: 1e-05 → 1e-04 (BC=2.4440e-05) <<<
Epoch  20/100 | Steps:  20000 | α=1e-04 | Loss: 2.7923e-05 | BC: 2.4440e-05 | PDE: 3.4836e-01 | Val: 1.4373e-05 | Test: 4.1853e-04 | LR=9.1e-04 *
Epoch  21/100 | Steps:  21000 | α=1e-04 | Loss: 5.1863e-05 | BC: 3.7021e-05 | PDE: 1.4842e-01 | Val: 4.9907e-06 | Test: 5.7475e-04 | LR=9.1e-04 *
Epoch  22/100 | Steps:  22000 | α=1e-04 | Loss: 4.1206e-05 | BC: 3.1544e-05 | PDE: 9.6618e-02 | Val: 7.8239e-06 | Test: 6.0729e-04 | LR=9.0e-04
Epoch  23/100 | Steps:  23000 | α=1e-04 | Loss: 3.8328e-05 | BC: 3.0164e-05 | PDE: 8.1646e-02 | Val: 6.4354e-05 | Test: 6.7372e-04 | LR=8.9e-04
Epoch  24/100 | Steps:  24000 | α=1e-04 | Loss: 3.6964e-05 | BC: 2.9325e-05 | PDE: 7.6393e-02 | Val: 1.1624e-05 | Test: 5.7470e-04 | LR=8.8e-04
Epoch  25/100 | Steps:  25000 | α=1e-04 | Loss: 3.5002e-05 | BC: 2.7976e-05 | PDE: 7.0262e-02 | Val: 8.3175e-06 | Test: 6.1329e-04 | LR=8.7e-04
Epoch  26/100 | Steps:  26000 | α=1e-04 | Loss: 3.3762e-05 | BC: 2.7113e-05 | PDE: 6.6497e-02 | Val: 8.8713e-06 | Test: 5.6928e-04 | LR=8.6e-04
Epoch  27/100 | Steps:  27000 | α=1e-04 | Loss: 3.2180e-05 | BC: 2.5887e-05 | PDE: 6.2933e-02 | Val: 3.9289e-06 | Test: 5.8420e-04 | LR=8.4e-04 *

>>> Alpha increased: 1e-04 → 1e-03 (BC=2.6737e-05) <<<
Epoch  28/100 | Steps:  28000 | α=1e-03 | Loss: 3.2743e-05 | BC: 2.6737e-05 | PDE: 6.0062e-02 | Val: 1.8233e-05 | Test: 5.9763e-04 | LR=8.3e-04 *
Epoch  29/100 | Steps:  29000 | α=1e-03 | Loss: 7.5686e-05 | BC: 3.6465e-05 | PDE: 3.9221e-02 | Val: 1.1496e-05 | Test: 6.9740e-04 | LR=8.2e-04 *
Epoch  30/100 | Steps:  30000 | α=1e-03 | Loss: 5.7607e-05 | BC: 2.7664e-05 | PDE: 2.9943e-02 | Val: 1.1802e-05 | Test: 6.7655e-04 | LR=8.1e-04
Epoch  31/100 | Steps:  31000 | α=1e-03 | Loss: 5.6354e-05 | BC: 2.9463e-05 | PDE: 2.6891e-02 | Val: 3.0100e-05 | Test: 6.8667e-04 | LR=8.0e-04
Epoch  32/100 | Steps:  32000 | α=1e-03 | Loss: 5.1019e-05 | BC: 2.6790e-05 | PDE: 2.4229e-02 | Val: 1.0430e-05 | Test: 6.6489e-04 | LR=7.8e-04 *
Epoch  33/100 | Steps:  33000 | α=1e-03 | Loss: 4.5228e-05 | BC: 2.3032e-05 | PDE: 2.2196e-02 | Val: 9.5480e-06 | Test: 6.6440e-04 | LR=7.7e-04 *
Epoch  34/100 | Steps:  34000 | α=1e-03 | Loss: 4.4242e-05 | BC: 2.4212e-05 | PDE: 2.0029e-02 | Val: 5.7775e-05 | Test: 7.0215e-04 | LR=7.6e-04
Epoch  35/100 | Steps:  35000 | α=1e-03 | Loss: 4.2348e-05 | BC: 2.3583e-05 | PDE: 1.8765e-02 | Val: 1.7946e-05 | Test: 6.3809e-04 | LR=7.4e-04
Epoch  36/100 | Steps:  36000 | α=1e-03 | Loss: 3.6314e-05 | BC: 1.8695e-05 | PDE: 1.7619e-02 | Val: 2.2990e-05 | Test: 6.5359e-04 | LR=7.3e-04
Epoch  37/100 | Steps:  37000 | α=1e-03 | Loss: 3.7589e-05 | BC: 2.1387e-05 | PDE: 1.6201e-02 | Val: 4.2538e-05 | Test: 6.7756e-04 | LR=7.2e-04
Epoch  38/100 | Steps:  38000 | α=1e-03 | Loss: 3.2453e-05 | BC: 1.7317e-05 | PDE: 1.5136e-02 | Val: 1.5702e-05 | Test: 6.4500e-04 | LR=7.0e-04
Epoch  39/100 | Steps:  39000 | α=1e-03 | Loss: 3.1628e-05 | BC: 1.6879e-05 | PDE: 1.4749e-02 | Val: 1.2625e-05 | Test: 6.3840e-04 | LR=6.9e-04
Epoch  40/100 | Steps:  40000 | α=1e-03 | Loss: 3.0140e-05 | BC: 1.6362e-05 | PDE: 1.3778e-02 | Val: 1.6837e-05 | Test: 6.3186e-04 | LR=6.7e-04
Epoch  41/100 | Steps:  41000 | α=1e-03 | Loss: 2.7654e-05 | BC: 1.4798e-05 | PDE: 1.2857e-02 | Val: 1.3641e-05 | Test: 6.5110e-04 | LR=6.6e-04
Epoch  42/100 | Steps:  42000 | α=1e-03 | Loss: 2.9018e-05 | BC: 1.5958e-05 | PDE: 1.3060e-02 | Val: 2.5934e-05 | Test: 6.4151e-04 | LR=6.4e-04
Epoch  43/100 | Steps:  43000 | α=1e-03 | Loss: 2.4945e-05 | BC: 1.3407e-05 | PDE: 1.1538e-02 | Val: 1.2996e-05 | Test: 6.5309e-04 | LR=6.3e-04
Epoch  44/100 | Steps:  44000 | α=1e-03 | Loss: 2.5848e-05 | BC: 1.4471e-05 | PDE: 1.1377e-02 | Val: 4.7184e-06 | Test: 5.9641e-04 | LR=6.1e-04 *
Epoch  45/100 | Steps:  45000 | α=1e-03 | Loss: 2.3761e-05 | BC: 1.2588e-05 | PDE: 1.1172e-02 | Val: 8.9657e-06 | Test: 6.1661e-04 | LR=6.0e-04
Epoch  46/100 | Steps:  46000 | α=1e-03 | Loss: 2.2538e-05 | BC: 1.1994e-05 | PDE: 1.0544e-02 | Val: 1.2780e-05 | Test: 6.1219e-04 | LR=5.8e-04
Epoch  47/100 | Steps:  47000 | α=1e-03 | Loss: 2.1154e-05 | BC: 1.1126e-05 | PDE: 1.0028e-02 | Val: 5.1052e-06 | Test: 5.8543e-04 | LR=5.7e-04
Epoch  48/100 | Steps:  48000 | α=1e-03 | Loss: 1.9673e-05 | BC: 1.0039e-05 | PDE: 9.6345e-03 | Val: 6.2872e-06 | Test: 6.0592e-04 | LR=5.5e-04
Epoch  49/100 | Steps:  49000 | α=1e-03 | Loss: 1.9679e-05 | BC: 1.0500e-05 | PDE: 9.1785e-03 | Val: 3.4986e-06 | Test: 5.8363e-04 | LR=5.4e-04 *
Epoch  50/100 | Steps:  50000 | α=1e-03 | Loss: 1.8654e-05 | BC: 9.6885e-06 | PDE: 8.9654e-03 | Val: 6.3910e-06 | Test: 5.8632e-04 | LR=5.2e-04
Epoch  51/100 | Steps:  51000 | α=1e-03 | Loss: 1.8354e-05 | BC: 9.4203e-06 | PDE: 8.9334e-03 | Val: 4.1720e-06 | Test: 5.8467e-04 | LR=5.1e-04
Epoch  52/100 | Steps:  52000 | α=1e-03 | Loss: 1.6833e-05 | BC: 8.6609e-06 | PDE: 8.1722e-03 | Val: 6.0388e-06 | Test: 5.9067e-04 | LR=4.9e-04
Epoch  53/100 | Steps:  53000 | α=1e-03 | Loss: 1.5340e-05 | BC: 7.2320e-06 | PDE: 8.1075e-03 | Val: 3.9341e-06 | Test: 6.1090e-04 | LR=4.7e-04
Epoch  54/100 | Steps:  54000 | α=1e-03 | Loss: 1.5243e-05 | BC: 7.5501e-06 | PDE: 7.6925e-03 | Val: 1.0621e-05 | Test: 6.2247e-04 | LR=4.6e-04
Epoch  55/100 | Steps:  55000 | α=1e-03 | Loss: 1.4524e-05 | BC: 6.9736e-06 | PDE: 7.5500e-03 | Val: 4.3953e-06 | Test: 5.9488e-04 | LR=4.4e-04
Epoch  56/100 | Steps:  56000 | α=1e-03 | Loss: 1.3390e-05 | BC: 6.4545e-06 | PDE: 6.9360e-03 | Val: 8.8755e-06 | Test: 6.0854e-04 | LR=4.3e-04
Epoch  57/100 | Steps:  57000 | α=1e-03 | Loss: 1.3256e-05 | BC: 6.2906e-06 | PDE: 6.9658e-03 | Val: 3.7565e-06 | Test: 5.6436e-04 | LR=4.1e-04

>>> Alpha increased: 1e-03 → 1e-02 (BC=6.0156e-06) <<<
Epoch  58/100 | Steps:  58000 | α=1e-02 | Loss: 1.2953e-05 | BC: 6.0156e-06 | PDE: 6.9373e-03 | Val: 4.2011e-06 | Test: 5.7395e-04 | LR=4.0e-04 *
Epoch  59/100 | Steps:  59000 | α=1e-02 | Loss: 1.0374e-04 | BC: 3.2880e-05 | PDE: 7.0862e-03 | Val: 3.3998e-05 | Test: 8.1367e-04 | LR=3.8e-04
Epoch  60/100 | Steps:  60000 | α=1e-02 | Loss: 7.3736e-05 | BC: 2.5219e-05 | PDE: 4.8518e-03 | Val: 1.6417e-05 | Test: 7.6509e-04 | LR=3.7e-04
Epoch  61/100 | Steps:  61000 | α=1e-02 | Loss: 8.2212e-05 | BC: 3.0679e-05 | PDE: 5.1533e-03 | Val: 2.0147e-05 | Test: 7.7881e-04 | LR=3.5e-04
Epoch  62/100 | Steps:  62000 | α=1e-02 | Loss: 5.1227e-05 | BC: 1.6167e-05 | PDE: 3.5060e-03 | Val: 1.4746e-05 | Test: 7.7211e-04 | LR=3.4e-04
Epoch  63/100 | Steps:  63000 | α=1e-02 | Loss: 5.6980e-05 | BC: 1.9193e-05 | PDE: 3.7787e-03 | Val: 1.2853e-05 | Test: 7.4077e-04 | LR=3.2e-04
Epoch  64/100 | Steps:  64000 | α=1e-02 | Loss: 5.0959e-05 | BC: 1.6153e-05 | PDE: 3.4807e-03 | Val: 1.5121e-05 | Test: 7.4837e-04 | LR=3.1e-04
Epoch  65/100 | Steps:  65000 | α=1e-02 | Loss: 4.8666e-05 | BC: 1.6347e-05 | PDE: 3.2319e-03 | Val: 1.8973e-05 | Test: 7.3558e-04 | LR=2.9e-04
Epoch  66/100 | Steps:  66000 | α=1e-02 | Loss: 4.6946e-05 | BC: 1.5346e-05 | PDE: 3.1600e-03 | Val: 1.3338e-05 | Test: 7.4421e-04 | LR=2.8e-04

>>> Alpha increased: 1e-02 → 1e-01 (BC=1.4833e-05) <<<
Epoch  67/100 | Steps:  67000 | α=1e-01 | Loss: 4.4911e-05 | BC: 1.4833e-05 | PDE: 3.0078e-03 | Val: 1.7176e-05 | Test: 7.3895e-04 | LR=2.7e-04 *
Epoch  68/100 | Steps:  68000 | α=1e-01 | Loss: 3.9938e-04 | BC: 9.7799e-05 | PDE: 3.0158e-03 | Val: 6.2935e-05 | Test: 1.0083e-03 | LR=2.5e-04
Epoch  69/100 | Steps:  69000 | α=1e-01 | Loss: 2.5911e-04 | BC: 6.8512e-05 | PDE: 1.9059e-03 | Val: 5.8056e-05 | Test: 9.9060e-04 | LR=2.4e-04
Epoch  70/100 | Steps:  70000 | α=1e-01 | Loss: 2.4625e-04 | BC: 6.9169e-05 | PDE: 1.7708e-03 | Val: 5.5746e-05 | Test: 1.0130e-03 | LR=2.3e-04
Epoch  71/100 | Steps:  71000 | α=1e-01 | Loss: 2.1508e-04 | BC: 6.3008e-05 | PDE: 1.5208e-03 | Val: 5.8660e-05 | Test: 9.9694e-04 | LR=2.1e-04
Epoch  72/100 | Steps:  72000 | α=1e-01 | Loss: 2.0391e-04 | BC: 6.0001e-05 | PDE: 1.4391e-03 | Val: 4.9737e-05 | Test: 9.7628e-04 | LR=2.0e-04
Epoch  73/100 | Steps:  73000 | α=1e-01 | Loss: 2.0306e-04 | BC: 5.8712e-05 | PDE: 1.4435e-03 | Val: 7.6253e-05 | Test: 9.4572e-04 | LR=1.9e-04
Epoch  74/100 | Steps:  74000 | α=1e-01 | Loss: 1.9167e-04 | BC: 6.0406e-05 | PDE: 1.3126e-03 | Val: 5.3739e-05 | Test: 1.0162e-03 | LR=1.8e-04
Epoch  75/100 | Steps:  75000 | α=1e-01 | Loss: 1.7257e-04 | BC: 5.3329e-05 | PDE: 1.1925e-03 | Val: 5.4882e-05 | Test: 9.7575e-04 | LR=1.7e-04
Epoch  76/100 | Steps:  76000 | α=1e-01 | Loss: 1.6143e-04 | BC: 5.1293e-05 | PDE: 1.1014e-03 | Val: 5.4416e-05 | Test: 9.7425e-04 | LR=1.5e-04
Epoch  77/100 | Steps:  77000 | α=1e-01 | Loss: 1.7168e-04 | BC: 5.3262e-05 | PDE: 1.1841e-03 | Val: 4.6381e-05 | Test: 9.4892e-04 | LR=1.4e-04
Epoch  78/100 | Steps:  78000 | α=1e-01 | Loss: 1.6268e-04 | BC: 5.2153e-05 | PDE: 1.1052e-03 | Val: 5.0567e-05 | Test: 9.7763e-04 | LR=1.3e-04
Epoch  79/100 | Steps:  79000 | α=1e-01 | Loss: 1.4910e-04 | BC: 4.9036e-05 | PDE: 1.0006e-03 | Val: 5.0376e-05 | Test: 9.8631e-04 | LR=1.2e-04
Epoch  80/100 | Steps:  80000 | α=1e-01 | Loss: 1.4010e-04 | BC: 4.6899e-05 | PDE: 9.3198e-04 | Val: 6.0130e-05 | Test: 1.0104e-03 | LR=1.1e-04
Epoch  81/100 | Steps:  81000 | α=1e-01 | Loss: 1.3555e-04 | BC: 4.6087e-05 | PDE: 8.9462e-04 | Val: 4.9153e-05 | Test: 9.7634e-04 | LR=1.0e-04
Epoch  82/100 | Steps:  82000 | α=1e-01 | Loss: 1.4016e-04 | BC: 4.5436e-05 | PDE: 9.4724e-04 | Val: 3.9439e-05 | Test: 9.5175e-04 | LR=9.6e-05
Epoch  83/100 | Steps:  83000 | α=1e-01 | Loss: 1.1902e-04 | BC: 4.0866e-05 | PDE: 7.8157e-04 | Val: 4.3389e-05 | Test: 9.4203e-04 | LR=8.7e-05
Epoch  84/100 | Steps:  84000 | α=1e-01 | Loss: 1.1785e-04 | BC: 4.0326e-05 | PDE: 7.7526e-04 | Val: 3.9882e-05 | Test: 9.3192e-04 | LR=7.9e-05
Epoch  85/100 | Steps:  85000 | α=1e-01 | Loss: 1.1392e-04 | BC: 3.8832e-05 | PDE: 7.5086e-04 | Val: 3.9720e-05 | Test: 9.2038e-04 | LR=7.1e-05
Epoch  86/100 | Steps:  86000 | α=1e-01 | Loss: 1.0802e-04 | BC: 3.7370e-05 | PDE: 7.0648e-04 | Val: 3.5980e-05 | Test: 9.2819e-04 | LR=6.4e-05
Epoch  87/100 | Steps:  87000 | α=1e-01 | Loss: 1.0691e-04 | BC: 3.7153e-05 | PDE: 6.9758e-04 | Val: 3.4420e-05 | Test: 9.1515e-04 | LR=5.7e-05
Epoch  88/100 | Steps:  88000 | α=1e-01 | Loss: 1.0618e-04 | BC: 3.6506e-05 | PDE: 6.9675e-04 | Val: 3.5239e-05 | Test: 9.1844e-04 | LR=5.1e-05
Epoch  89/100 | Steps:  89000 | α=1e-01 | Loss: 1.0076e-04 | BC: 3.4637e-05 | PDE: 6.6121e-04 | Val: 3.4408e-05 | Test: 9.2288e-04 | LR=4.5e-05
Epoch  90/100 | Steps:  90000 | α=1e-01 | Loss: 1.0071e-04 | BC: 3.3885e-05 | PDE: 6.6830e-04 | Val: 3.3141e-05 | Test: 9.1934e-04 | LR=3.9e-05
Epoch  91/100 | Steps:  91000 | α=1e-01 | Loss: 9.4081e-05 | BC: 3.2810e-05 | PDE: 6.1270e-04 | Val: 3.5938e-05 | Test: 9.3653e-04 | LR=3.4e-05
Epoch  92/100 | Steps:  92000 | α=1e-01 | Loss: 9.6928e-05 | BC: 3.3090e-05 | PDE: 6.3838e-04 | Val: 3.2993e-05 | Test: 9.1574e-04 | LR=3.0e-05
Epoch  93/100 | Steps:  93000 | α=1e-01 | Loss: 8.9730e-05 | BC: 3.1578e-05 | PDE: 5.8152e-04 | Val: 3.1868e-05 | Test: 9.1021e-04 | LR=2.6e-05
Epoch  94/100 | Steps:  94000 | α=1e-01 | Loss: 8.8920e-05 | BC: 3.1011e-05 | PDE: 5.7909e-04 | Val: 3.2639e-05 | Test: 9.2433e-04 | LR=2.2e-05
Epoch  95/100 | Steps:  95000 | α=1e-01 | Loss: 8.5439e-05 | BC: 3.0326e-05 | PDE: 5.5113e-04 | Val: 3.0703e-05 | Test: 9.1257e-04 | LR=1.9e-05
Epoch  96/100 | Steps:  96000 | α=1e-01 | Loss: 8.5873e-05 | BC: 2.9838e-05 | PDE: 5.6035e-04 | Val: 3.1260e-05 | Test: 9.0781e-04 | LR=1.6e-05
Epoch  97/100 | Steps:  97000 | α=1e-01 | Loss: 8.5276e-05 | BC: 3.0197e-05 | PDE: 5.5079e-04 | Val: 3.0433e-05 | Test: 9.0704e-04 | LR=1.4e-05
Epoch  98/100 | Steps:  98000 | α=1e-01 | Loss: 8.3221e-05 | BC: 2.9457e-05 | PDE: 5.3764e-04 | Val: 3.0257e-05 | Test: 8.9323e-04 | LR=1.2e-05
Epoch  99/100 | Steps:  99000 | α=1e-01 | Loss: 8.3260e-05 | BC: 2.8961e-05 | PDE: 5.4299e-04 | Val: 2.9784e-05 | Test: 9.0235e-04 | LR=1.1e-05
Epoch 100/100 | Steps: 100000 | α=1e-01 | Loss: 8.2072e-05 | BC: 2.9056e-05 | PDE: 5.3016e-04 | Val: 2.9224e-05 | Test: 9.0192e-04 | LR=1.0e-05

Restored best model from epoch 67 (val_loss: 1.7176e-05, test_loss: 7.3895e-04)
Best checkpoint saved to: outputs/expr_6_2/absolute/l3/checkpoints/best_model.pt
Final checkpoint saved to: outputs/expr_6_2/absolute/l3/checkpoints/final_model.pt
Training completed in 858.49s (100,000 total steps)

Final Test MSE: 9.0192e-04
Inference (per point): 6.3424e-05s | (full domain): 6.1488e-05s
Saved plot to outputs/expr_6_2/absolute/l3/plots/results.png
