
============================================================
Dist-to-Boundary  —  Unit Sphere  (3-D)
============================================================
Device: cuda
  Loaded p=5: 1835008 points, mse: 2.636162e-02
  Loaded p=10: 1835008 points, mse: 6.484154e-03
  Loaded p=15: 1835008 points, mse: 2.865527e-03
  Loaded p=20: 1835008 points, mse: 1.609515e-03
  Loaded p=25: 1835008 points, mse: 1.030594e-03
  Loaded p=30: 1835008 points, mse: 7.168137e-04
  Loaded p=35: 1835008 points, mse: 5.278223e-04
  Loaded p=40: 1835008 points, mse: 4.052088e-04
  Loaded p=45: 1835008 points, mse: 3.211492e-04
  Loaded p=50: 1835008 points, mse: 2.610018e-04
  Loaded p=55: 1835008 points, mse: 2.164748e-04
  Loaded p=60: 1835008 points, mse: 1.825836e-04
  Loaded p=65: 1835008 points, mse: 1.561857e-04
  Loaded p=70: 1835008 points, mse: 1.352195e-04
  Loaded p=75: 1835008 points, mse: 1.182871e-04
  Loaded p=80: 1835008 points, mse: 1.044138e-04
  Loaded p=85: 1835008 points, mse: 9.290200e-05
  Loaded p=90: 1835008 points, mse: 8.324315e-05
  Loaded p=95: 1835008 points, mse: 7.505817e-05
  Loaded p=100: 1835008 points, mse: 6.806067e-05
  Loaded p=105: 1835008 points, mse: 6.203056e-05
  Loaded p=110: 1835008 points, mse: 5.679637e-05
  Loaded p=115: 1835008 points, mse: 5.222337e-05
  Loaded p=120: 1835008 points, mse: 4.820407e-05
  Loaded p=125: 1835008 points, mse: 4.465197e-05
  Loaded p=130: 1835008 points, mse: 4.149695e-05
  Loaded p=135: 1835008 points, mse: 3.868154e-05
  Loaded p=140: 1835008 points, mse: 3.615833e-05
  Loaded p=145: 1835008 points, mse: 3.388796e-05
  Loaded p=150: 1835008 points, mse: 3.183748e-05
  Loaded p=155: 1835008 points, mse: 2.997906e-05
  Loaded p=160: 1835008 points, mse: 2.828930e-05
  Loaded p=165: 1835008 points, mse: 2.674819e-05
  Loaded p=170: 1835008 points, mse: 2.533857e-05
  Loaded p=175: 1835008 points, mse: 2.404580e-05
  Loaded p=180: 1835008 points, mse: 2.285717e-05
  Loaded p=185: 1835008 points, mse: 2.176162e-05
  Loaded p=190: 1835008 points, mse: 2.074959e-05
  Loaded p=195: 1835008 points, mse: 1.981265e-05
  Loaded p=200: 1835008 points, mse: 1.894357e-05
  PINNs architecture: input=3 hidden=[128, 128, 128, 128] output=1
  Cached PINNs prediction → outputs/expr_6_4_2/sphere/pinns_inf/npy/pinns_inf_boundary_sphere.npy
  Added p=∞ point: 1835008 pts, mse: 6.985027e-06
Training data: X=(75235328, 4)  Y=(75235328, 1)
Model: trunk=[3, 512, 512, 512, 128]  branch=[1, 128, 128, 128, 128]  params=642,945
Scheduler: CosineAnnealingLR  T_max=20  eta_min=1e-06
Epoch --- Train Loss --- LR --- p150 --- p200 --- p250 --- p500
    0 --- 1.383533e-03 --- 1.00e-04 --- 2.235654e-05 --- 1.910305e-05 --- 1.942020e-05 --- 1.991242e-05
    1 --- 1.327569e-05 --- 9.94e-05 --- 2.753331e-05 --- 2.184824e-05 --- 1.949209e-05 --- 1.165038e-05
    2 --- 6.758088e-06 --- 9.76e-05 --- 1.243366e-05 --- 8.553557e-06 --- 7.250923e-06 --- 5.066927e-06
    3 --- 3.851024e-06 --- 9.46e-05 --- 8.042510e-06 --- 5.436928e-06 --- 4.729850e-06 --- 4.183307e-06
    4 --- 2.396368e-06 --- 9.05e-05 --- 9.356302e-06 --- 6.136734e-06 --- 5.070548e-06 --- 3.766969e-06
    5 --- 1.665978e-06 --- 8.55e-05 --- 1.327968e-05 --- 8.915812e-06 --- 6.905438e-06 --- 3.353388e-06
    6 --- 1.252761e-06 --- 7.96e-05 --- 7.363667e-06 --- 4.466632e-06 --- 3.276921e-06 --- 2.100878e-06
    7 --- 9.807985e-07 --- 7.30e-05 --- 1.142399e-05 --- 7.302976e-06 --- 5.342952e-06 --- 1.967575e-06
    8 --- 7.855697e-07 --- 6.58e-05 --- 1.083367e-05 --- 6.930759e-06 --- 4.924698e-06 --- 1.725538e-06
    9 --- 6.303292e-07 --- 5.82e-05 --- 8.377820e-06 --- 5.003715e-06 --- 3.373544e-06 --- 2.005085e-06
   10 --- 5.113469e-07 --- 5.05e-05 --- 1.304249e-05 --- 8.695556e-06 --- 6.617493e-06 --- 3.727442e-06
   11 --- 4.138311e-07 --- 4.28e-05 --- 9.891217e-06 --- 5.856844e-06 --- 3.598217e-06 --- 1.630991e-06
   12 --- 3.387599e-07 --- 3.52e-05 --- 7.985018e-06 --- 4.335646e-06 --- 2.396212e-06 --- 1.843149e-06
   13 --- 2.835895e-07 --- 2.80e-05 --- 1.117176e-05 --- 6.628716e-06 --- 4.159343e-06 --- 1.481161e-06
   14 --- 2.397462e-07 --- 2.14e-05 --- 1.136785e-05 --- 6.869818e-06 --- 4.423329e-06 --- 1.818717e-06
   15 --- 2.085316e-07 --- 1.55e-05 --- 1.139106e-05 --- 6.773187e-06 --- 4.241070e-06 --- 1.772800e-06
   16 --- 1.867438e-07 --- 1.05e-05 --- 1.129504e-05 --- 6.761856e-06 --- 4.316577e-06 --- 1.660628e-06
   17 --- 1.723969e-07 --- 6.40e-06 --- 1.060236e-05 --- 6.277625e-06 --- 4.076387e-06 --- 1.582320e-06
   18 --- 1.636768e-07 --- 3.42e-06 --- 1.071131e-05 --- 6.399750e-06 --- 4.150733e-06 --- 1.565444e-06
   19 --- 1.585844e-07 --- 1.61e-06 --- 1.031106e-05 --- 6.037136e-06 --- 3.956807e-06 --- 1.525957e-06
Total training time: 15592.97s
Inference (per point): 1.4556e-04s | (full domain): 2.9480e-03s
  p=  5:  MSE=8.982974e-03
  p=105:  MSE=2.021502e-05
  p=205:  MSE=5.699556e-06
  p=305:  MSE=2.698329e-06
  p=405:  MSE=1.545812e-06
  Saved MSE curves → outputs/expr_6_4_2/sphere/pinns_inf/npy/mse.npz  (deeponet, fem, pred_train)

All experiments completed!
