
============================================================
Running Example: arctan
============================================================

Generated full domain data:
  Boundary points: 40,000
  Interior points: 1,000,000
  Test points: 10,000
Re-sampling enabled: ~1,000,000 interior points per epoch

Splitting data: 80% train, 20% validation
  BC: 32,000 train, 8,000 val
  Interior: 800,000 train, 200,000 val

Model: InfinityLaplacianPINN
  Hidden layers: [128, 128, 128, 128]
  Activation: tanh
  η: 1e-05 (normalized)
  Outlier removal: top 2.0%
  Parameters: 50,049

Training configuration:
  Boundary points (train): 32,000 -> 80 batches of 400
  Interior points (train): 1,000,000 -> 1000 batches of 1000
  Interior sampling: RE-SAMPLE each epoch
  Boundary points (val): 8,000
  Validation loss: BC only
  Steps per epoch: 1,000
  Total steps: 100,000
  Epochs: 100
  Loss balancing: AlphaPlateauScheduler
  LR scheduler: cosine (LR: 1.0e-03 -> 1.0e-05)

/usr/local/lib/python3.12/dist-packages/torch/autograd/graph.py:824: UserWarning: Attempting to run cuBLAS, but there was no current CUDA context! Attempting to set the primary context... (Triggered internally at /opt/pytorch/pytorch/aten/src/ATen/cuda/CublasHandlePool.cpp:181.)
  return Variable._execution_engine.run_backward(  # Calls into the C++ engine to run the backward pass
Epoch   1/100 | Steps:   1000 | α=1e-05 | Loss: 1.2700e-02 | BC: 1.2352e-02 | PDE: 3.4755e+01 | Val: 2.7222e-04 | Test: 3.0921e-04 | LR=1.0e-03 *
Epoch   2/100 | Steps:   2000 | α=1e-05 | Loss: 2.3905e-04 | BC: 2.2548e-04 | PDE: 1.3570e+00 | Val: 9.0702e-05 | Test: 4.0038e-04 | LR=1.0e-03 *
Epoch   3/100 | Steps:   3000 | α=1e-05 | Loss: 1.2886e-04 | BC: 1.2449e-04 | PDE: 4.3650e-01 | Val: 8.0357e-05 | Test: 5.9241e-05 | LR=1.0e-03 *
Epoch   4/100 | Steps:   4000 | α=1e-05 | Loss: 9.1690e-05 | BC: 8.8959e-05 | PDE: 2.7307e-01 | Val: 4.0861e-05 | Test: 2.8256e-05 | LR=1.0e-03 *
Epoch   5/100 | Steps:   5000 | α=1e-05 | Loss: 7.2733e-05 | BC: 7.0924e-05 | PDE: 1.8088e-01 | Val: 6.4023e-06 | Test: 2.5753e-05 | LR=1.0e-03 *
Epoch   6/100 | Steps:   6000 | α=1e-05 | Loss: 6.1931e-05 | BC: 6.0783e-05 | PDE: 1.1481e-01 | Val: 1.2210e-05 | Test: 3.1382e-05 | LR=9.9e-04
Epoch   7/100 | Steps:   7000 | α=1e-05 | Loss: 5.1316e-05 | BC: 5.0552e-05 | PDE: 7.6402e-02 | Val: 1.1787e-04 | Test: 1.2247e-04 | LR=9.9e-04
Epoch   8/100 | Steps:   8000 | α=1e-05 | Loss: 4.7733e-05 | BC: 4.7156e-05 | PDE: 5.7685e-02 | Val: 3.4347e-06 | Test: 5.2417e-06 | LR=9.9e-04 *
Epoch   9/100 | Steps:   9000 | α=1e-05 | Loss: 4.5134e-05 | BC: 4.4635e-05 | PDE: 4.9866e-02 | Val: 6.4945e-06 | Test: 3.7297e-06 | LR=9.8e-04
Epoch  10/100 | Steps:  10000 | α=1e-05 | Loss: 3.7031e-05 | BC: 3.6691e-05 | PDE: 3.4044e-02 | Val: 6.2297e-04 | Test: 4.6275e-04 | LR=9.8e-04
Epoch  11/100 | Steps:  11000 | α=1e-05 | Loss: 3.5150e-05 | BC: 3.4740e-05 | PDE: 4.1012e-02 | Val: 1.7963e-05 | Test: 2.2380e-05 | LR=9.8e-04
Epoch  12/100 | Steps:  12000 | α=1e-05 | Loss: 2.9663e-05 | BC: 2.9333e-05 | PDE: 3.3041e-02 | Val: 1.2325e-05 | Test: 1.0935e-05 | LR=9.7e-04
Epoch  13/100 | Steps:  13000 | α=1e-05 | Loss: 3.1369e-05 | BC: 3.0950e-05 | PDE: 4.1868e-02 | Val: 1.7770e-07 | Test: 9.5538e-07 | LR=9.7e-04 *
Epoch  14/100 | Steps:  14000 | α=1e-05 | Loss: 5.3018e-05 | BC: 5.2262e-05 | PDE: 7.5609e-02 | Val: 8.1184e-07 | Test: 3.5526e-06 | LR=9.6e-04
Epoch  15/100 | Steps:  15000 | α=1e-05 | Loss: 8.2088e-06 | BC: 7.8675e-06 | PDE: 3.4135e-02 | Val: 2.6800e-05 | Test: 3.4849e-05 | LR=9.5e-04
Epoch  16/100 | Steps:  16000 | α=1e-05 | Loss: 2.7530e-05 | BC: 2.6946e-05 | PDE: 5.8381e-02 | Val: 1.1127e-04 | Test: 1.1693e-04 | LR=9.5e-04
Epoch  17/100 | Steps:  17000 | α=1e-05 | Loss: 2.2600e-05 | BC: 2.2196e-05 | PDE: 4.0360e-02 | Val: 5.1346e-05 | Test: 5.0202e-05 | LR=9.4e-04
Epoch  18/100 | Steps:  18000 | α=1e-05 | Loss: 2.1847e-05 | BC: 2.1418e-05 | PDE: 4.2979e-02 | Val: 1.6816e-05 | Test: 1.2880e-05 | LR=9.3e-04
Epoch  19/100 | Steps:  19000 | α=1e-05 | Loss: 2.1106e-05 | BC: 2.0567e-05 | PDE: 5.3954e-02 | Val: 2.0916e-05 | Test: 9.9645e-06 | LR=9.2e-04

>>> Alpha increased: 1e-05 → 1e-04 (BC=2.2192e-05) <<<
Epoch  20/100 | Steps:  20000 | α=1e-04 | Loss: 2.2794e-05 | BC: 2.2192e-05 | PDE: 6.0183e-02 | Val: 1.6781e-07 | Test: 1.9757e-06 | LR=9.1e-04 *
Epoch  21/100 | Steps:  21000 | α=1e-04 | Loss: 2.7445e-05 | BC: 2.4479e-05 | PDE: 2.9663e-02 | Val: 7.9873e-06 | Test: 6.4648e-06 | LR=9.1e-04
Epoch  22/100 | Steps:  22000 | α=1e-04 | Loss: 2.8732e-05 | BC: 2.4970e-05 | PDE: 3.7621e-02 | Val: 1.0265e-06 | Test: 5.9013e-07 | LR=9.0e-04
Epoch  23/100 | Steps:  23000 | α=1e-04 | Loss: 1.1980e-05 | BC: 1.1033e-05 | PDE: 9.4720e-03 | Val: 8.5104e-05 | Test: 1.0430e-04 | LR=8.9e-04
Epoch  24/100 | Steps:  24000 | α=1e-04 | Loss: 1.3592e-05 | BC: 1.2670e-05 | PDE: 9.2159e-03 | Val: 4.4674e-05 | Test: 1.2500e-05 | LR=8.8e-04
Epoch  25/100 | Steps:  25000 | α=1e-04 | Loss: 1.9911e-05 | BC: 1.8117e-05 | PDE: 1.7942e-02 | Val: 8.6787e-06 | Test: 6.6765e-06 | LR=8.7e-04
Epoch  26/100 | Steps:  26000 | α=1e-04 | Loss: 2.2468e-05 | BC: 2.0891e-05 | PDE: 1.5773e-02 | Val: 9.2293e-08 | Test: 1.2564e-07 | LR=8.6e-04 *
Epoch  27/100 | Steps:  27000 | α=1e-04 | Loss: 7.9268e-06 | BC: 7.2977e-06 | PDE: 6.2915e-03 | Val: 1.4372e-06 | Test: 1.3099e-06 | LR=8.4e-04
Epoch  28/100 | Steps:  28000 | α=1e-04 | Loss: 1.5018e-05 | BC: 1.3765e-05 | PDE: 1.2521e-02 | Val: 5.8196e-06 | Test: 3.0574e-06 | LR=8.3e-04
Epoch  29/100 | Steps:  29000 | α=1e-04 | Loss: 1.6536e-05 | BC: 1.4661e-05 | PDE: 1.8746e-02 | Val: 1.8209e-07 | Test: 7.2842e-07 | LR=8.2e-04
Epoch  30/100 | Steps:  30000 | α=1e-04 | Loss: 1.2198e-05 | BC: 1.0997e-05 | PDE: 1.2010e-02 | Val: 2.7751e-07 | Test: 7.9767e-07 | LR=8.1e-04
Epoch  31/100 | Steps:  31000 | α=1e-04 | Loss: 1.2713e-05 | BC: 1.1470e-05 | PDE: 1.2428e-02 | Val: 3.3719e-05 | Test: 3.2199e-05 | LR=8.0e-04

>>> Alpha increased: 1e-04 → 1e-03 (BC=1.2248e-05) <<<
Epoch  32/100 | Steps:  32000 | α=1e-03 | Loss: 1.3593e-05 | BC: 1.2248e-05 | PDE: 1.3448e-02 | Val: 4.6900e-07 | Test: 5.1466e-07 | LR=7.8e-04 *
Epoch  33/100 | Steps:  33000 | α=1e-03 | Loss: 1.3437e-04 | BC: 4.4090e-05 | PDE: 9.0280e-02 | Val: 7.4484e-06 | Test: 1.0852e-05 | LR=7.7e-04
Epoch  34/100 | Steps:  34000 | α=1e-03 | Loss: 1.8729e-05 | BC: 1.6289e-05 | PDE: 2.4404e-03 | Val: 1.5449e-05 | Test: 1.3239e-05 | LR=7.6e-04
Epoch  35/100 | Steps:  35000 | α=1e-03 | Loss: 1.4900e-05 | BC: 1.2348e-05 | PDE: 2.5519e-03 | Val: 1.8196e-06 | Test: 1.9464e-06 | LR=7.4e-04
Epoch  36/100 | Steps:  36000 | α=1e-03 | Loss: 1.5303e-05 | BC: 1.2577e-05 | PDE: 2.7258e-03 | Val: 5.1908e-06 | Test: 5.9996e-06 | LR=7.3e-04
Epoch  37/100 | Steps:  37000 | α=1e-03 | Loss: 1.6588e-05 | BC: 1.2929e-05 | PDE: 3.6598e-03 | Val: 2.7063e-05 | Test: 2.8409e-05 | LR=7.2e-04
Epoch  38/100 | Steps:  38000 | α=1e-03 | Loss: 1.7106e-05 | BC: 1.2571e-05 | PDE: 4.5355e-03 | Val: 1.3682e-05 | Test: 7.8046e-06 | LR=7.0e-04
Epoch  39/100 | Steps:  39000 | α=1e-03 | Loss: 1.9304e-05 | BC: 1.5334e-05 | PDE: 3.9708e-03 | Val: 1.9948e-07 | Test: 6.7422e-07 | LR=6.9e-04 *
Epoch  40/100 | Steps:  40000 | α=1e-03 | Loss: 8.2995e-06 | BC: 6.5786e-06 | PDE: 1.7208e-03 | Val: 6.9801e-07 | Test: 9.1725e-07 | LR=6.7e-04
Epoch  41/100 | Steps:  41000 | α=1e-03 | Loss: 1.3594e-05 | BC: 1.0196e-05 | PDE: 3.3984e-03 | Val: 3.7096e-05 | Test: 4.0959e-05 | LR=6.6e-04
Epoch  42/100 | Steps:  42000 | α=1e-03 | Loss: 1.5350e-05 | BC: 1.1624e-05 | PDE: 3.7259e-03 | Val: 2.6372e-06 | Test: 1.9206e-06 | LR=6.4e-04
Epoch  43/100 | Steps:  43000 | α=1e-03 | Loss: 1.1140e-05 | BC: 8.6305e-06 | PDE: 2.5093e-03 | Val: 2.0482e-06 | Test: 3.0747e-06 | LR=6.3e-04
Epoch  44/100 | Steps:  44000 | α=1e-03 | Loss: 1.1258e-05 | BC: 8.7117e-06 | PDE: 2.5459e-03 | Val: 7.7116e-07 | Test: 1.0288e-06 | LR=6.1e-04

>>> Alpha increased: 1e-03 → 1e-02 (BC=8.4526e-06) <<<
Epoch  45/100 | Steps:  45000 | α=1e-02 | Loss: 1.0500e-05 | BC: 8.4526e-06 | PDE: 2.0469e-03 | Val: 2.5077e-06 | Test: 2.5338e-06 | LR=6.0e-04 *
Epoch  46/100 | Steps:  46000 | α=1e-02 | Loss: 7.0974e-04 | BC: 2.1949e-04 | PDE: 4.9025e-02 | Val: 1.8304e-06 | Test: 3.4506e-06 | LR=5.8e-04 *
Epoch  47/100 | Steps:  47000 | α=1e-02 | Loss: 1.2446e-05 | BC: 6.1067e-06 | PDE: 6.3392e-04 | Val: 1.3379e-06 | Test: 2.9480e-06 | LR=5.7e-04 *
Epoch  48/100 | Steps:  48000 | α=1e-02 | Loss: 4.0993e-05 | BC: 2.0571e-05 | PDE: 2.0421e-03 | Val: 1.6196e-04 | Test: 1.4432e-04 | LR=5.5e-04
Epoch  49/100 | Steps:  49000 | α=1e-02 | Loss: 3.2356e-05 | BC: 1.1462e-05 | PDE: 2.0894e-03 | Val: 3.8704e-07 | Test: 1.7066e-06 | LR=5.4e-04 *
Epoch  50/100 | Steps:  50000 | α=1e-02 | Loss: 2.6817e-05 | BC: 1.3601e-05 | PDE: 1.3217e-03 | Val: 4.7470e-06 | Test: 3.1270e-06 | LR=5.2e-04
Epoch  51/100 | Steps:  51000 | α=1e-02 | Loss: 4.4393e-05 | BC: 2.1694e-05 | PDE: 2.2698e-03 | Val: 4.2911e-05 | Test: 1.8634e-05 | LR=5.1e-04
Epoch  52/100 | Steps:  52000 | α=1e-02 | Loss: 3.2081e-05 | BC: 1.3345e-05 | PDE: 1.8737e-03 | Val: 5.2541e-07 | Test: 1.3014e-06 | LR=4.9e-04
Epoch  53/100 | Steps:  53000 | α=1e-02 | Loss: 1.3202e-05 | BC: 5.0366e-06 | PDE: 8.1657e-04 | Val: 3.4654e-07 | Test: 1.0253e-06 | LR=4.7e-04 *
Epoch  54/100 | Steps:  54000 | α=1e-02 | Loss: 5.1843e-05 | BC: 1.8474e-05 | PDE: 3.3370e-03 | Val: 4.5442e-07 | Test: 1.5885e-06 | LR=4.6e-04
Epoch  55/100 | Steps:  55000 | α=1e-02 | Loss: 2.1018e-05 | BC: 1.0280e-05 | PDE: 1.0739e-03 | Val: 1.0725e-05 | Test: 1.1069e-05 | LR=4.4e-04
Epoch  56/100 | Steps:  56000 | α=1e-02 | Loss: 6.5740e-05 | BC: 2.5631e-05 | PDE: 4.0109e-03 | Val: 3.5456e-07 | Test: 1.3608e-06 | LR=4.3e-04
Epoch  57/100 | Steps:  57000 | α=1e-02 | Loss: 1.7156e-06 | BC: 7.8292e-07 | PDE: 9.3270e-05 | Val: 6.8016e-07 | Test: 1.3715e-06 | LR=4.1e-04
Epoch  58/100 | Steps:  58000 | α=1e-02 | Loss: 1.7792e-05 | BC: 8.9359e-06 | PDE: 8.8557e-04 | Val: 4.2102e-06 | Test: 6.8303e-06 | LR=4.0e-04
Epoch  59/100 | Steps:  59000 | α=1e-02 | Loss: 3.0207e-05 | BC: 1.6076e-05 | PDE: 1.4131e-03 | Val: 2.9719e-07 | Test: 1.1633e-06 | LR=3.8e-04 *
Epoch  60/100 | Steps:  60000 | α=1e-02 | Loss: 5.8570e-06 | BC: 2.3695e-06 | PDE: 3.4875e-04 | Val: 8.9622e-06 | Test: 1.5736e-05 | LR=3.7e-04
Epoch  61/100 | Steps:  61000 | α=1e-02 | Loss: 1.3987e-05 | BC: 6.3674e-06 | PDE: 7.6192e-04 | Val: 3.1110e-07 | Test: 1.0691e-06 | LR=3.5e-04

>>> Alpha increased: 1e-02 → 1e-01 (BC=5.2581e-06) <<<
Epoch  62/100 | Steps:  62000 | α=1e-01 | Loss: 1.2461e-05 | BC: 5.2581e-06 | PDE: 7.2032e-04 | Val: 1.1609e-07 | Test: 1.2069e-06 | LR=3.4e-04 *
Epoch  63/100 | Steps:  63000 | α=1e-01 | Loss: 1.1437e-03 | BC: 2.0158e-04 | PDE: 9.4212e-03 | Val: 1.2511e-06 | Test: 3.3791e-06 | LR=3.2e-04
Epoch  64/100 | Steps:  64000 | α=1e-01 | Loss: 5.4807e-05 | BC: 6.4594e-06 | PDE: 4.8348e-04 | Val: 2.9016e-06 | Test: 3.7558e-06 | LR=3.1e-04
Epoch  65/100 | Steps:  65000 | α=1e-01 | Loss: 1.6671e-04 | BC: 2.0193e-05 | PDE: 1.4652e-03 | Val: 6.3449e-07 | Test: 2.0370e-06 | LR=2.9e-04
Epoch  66/100 | Steps:  66000 | α=1e-01 | Loss: 6.0650e-05 | BC: 6.7751e-06 | PDE: 5.3875e-04 | Val: 1.0152e-05 | Test: 8.7295e-06 | LR=2.8e-04
Epoch  67/100 | Steps:  67000 | α=1e-01 | Loss: 9.2385e-05 | BC: 9.5682e-06 | PDE: 8.2817e-04 | Val: 7.2861e-05 | Test: 1.8719e-05 | LR=2.7e-04
Epoch  68/100 | Steps:  68000 | α=1e-01 | Loss: 6.5762e-05 | BC: 9.9640e-06 | PDE: 5.5798e-04 | Val: 1.1671e-05 | Test: 1.1450e-05 | LR=2.5e-04
Epoch  69/100 | Steps:  69000 | α=1e-01 | Loss: 5.6671e-05 | BC: 6.6118e-06 | PDE: 5.0059e-04 | Val: 1.0811e-06 | Test: 2.1625e-06 | LR=2.4e-04
Epoch  70/100 | Steps:  70000 | α=1e-01 | Loss: 5.1555e-05 | BC: 6.8410e-06 | PDE: 4.4714e-04 | Val: 5.0471e-05 | Test: 5.1697e-05 | LR=2.3e-04
Epoch  71/100 | Steps:  71000 | α=1e-01 | Loss: 6.2456e-05 | BC: 6.2123e-06 | PDE: 5.6244e-04 | Val: 5.7415e-07 | Test: 2.1837e-06 | LR=2.1e-04
Epoch  72/100 | Steps:  72000 | α=1e-01 | Loss: 5.8373e-05 | BC: 7.4385e-06 | PDE: 5.0934e-04 | Val: 2.2878e-06 | Test: 4.2071e-06 | LR=2.0e-04
Epoch  73/100 | Steps:  73000 | α=1e-01 | Loss: 4.8178e-05 | BC: 9.4363e-06 | PDE: 3.8742e-04 | Val: 4.1736e-05 | Test: 2.4712e-05 | LR=1.9e-04
Epoch  74/100 | Steps:  74000 | α=1e-01 | Loss: 2.4855e-05 | BC: 3.3999e-06 | PDE: 2.1455e-04 | Val: 6.8785e-07 | Test: 2.4425e-06 | LR=1.8e-04
Epoch  75/100 | Steps:  75000 | α=1e-01 | Loss: 3.9022e-05 | BC: 3.1510e-06 | PDE: 3.5871e-04 | Val: 8.9699e-06 | Test: 1.2107e-05 | LR=1.7e-04
Epoch  76/100 | Steps:  76000 | α=1e-01 | Loss: 3.2766e-05 | BC: 4.0580e-06 | PDE: 2.8708e-04 | Val: 4.8076e-07 | Test: 1.8997e-06 | LR=1.5e-04
Epoch  77/100 | Steps:  77000 | α=1e-01 | Loss: 1.8487e-05 | BC: 2.4533e-06 | PDE: 1.6034e-04 | Val: 5.8504e-07 | Test: 2.1147e-06 | LR=1.4e-04
Epoch  78/100 | Steps:  78000 | α=1e-01 | Loss: 1.7888e-05 | BC: 2.0459e-06 | PDE: 1.5842e-04 | Val: 1.6397e-06 | Test: 3.3814e-06 | LR=1.3e-04
Epoch  79/100 | Steps:  79000 | α=1e-01 | Loss: 1.7336e-05 | BC: 1.7948e-06 | PDE: 1.5541e-04 | Val: 2.8731e-06 | Test: 4.9926e-06 | LR=1.2e-04
Epoch  80/100 | Steps:  80000 | α=1e-01 | Loss: 1.3687e-05 | BC: 1.4765e-06 | PDE: 1.2211e-04 | Val: 2.8459e-07 | Test: 1.9997e-06 | LR=1.1e-04
Epoch  81/100 | Steps:  81000 | α=1e-01 | Loss: 9.1154e-06 | BC: 1.1395e-06 | PDE: 7.9758e-05 | Val: 2.7261e-07 | Test: 2.1164e-06 | LR=1.0e-04
Epoch  82/100 | Steps:  82000 | α=1e-01 | Loss: 2.0595e-05 | BC: 2.0657e-06 | PDE: 1.8529e-04 | Val: 3.3717e-07 | Test: 2.0016e-06 | LR=9.6e-05
Epoch  83/100 | Steps:  83000 | α=1e-01 | Loss: 9.3615e-06 | BC: 1.3420e-06 | PDE: 8.0194e-05 | Val: 2.6343e-07 | Test: 2.2225e-06 | LR=8.7e-05
Epoch  84/100 | Steps:  84000 | α=1e-01 | Loss: 5.5610e-06 | BC: 6.6512e-07 | PDE: 4.8959e-05 | Val: 8.8106e-07 | Test: 3.0507e-06 | LR=7.9e-05
Epoch  85/100 | Steps:  85000 | α=1e-01 | Loss: 7.1047e-06 | BC: 8.3442e-07 | PDE: 6.2703e-05 | Val: 4.0608e-07 | Test: 2.3468e-06 | LR=7.1e-05
Epoch  86/100 | Steps:  86000 | α=1e-01 | Loss: 6.1697e-06 | BC: 7.3735e-07 | PDE: 5.4324e-05 | Val: 7.3821e-07 | Test: 2.0962e-06 | LR=6.4e-05
Epoch  87/100 | Steps:  87000 | α=1e-01 | Loss: 4.9773e-06 | BC: 5.4986e-07 | PDE: 4.4275e-05 | Val: 2.4692e-06 | Test: 5.0117e-06 | LR=5.7e-05
Epoch  88/100 | Steps:  88000 | α=1e-01 | Loss: 2.8742e-06 | BC: 3.7306e-07 | PDE: 2.5011e-05 | Val: 2.7166e-07 | Test: 1.9596e-06 | LR=5.1e-05
Epoch  89/100 | Steps:  89000 | α=1e-01 | Loss: 4.3493e-06 | BC: 5.2602e-07 | PDE: 3.8233e-05 | Val: 3.0894e-07 | Test: 1.9634e-06 | LR=4.5e-05
Epoch  90/100 | Steps:  90000 | α=1e-01 | Loss: 3.0076e-06 | BC: 3.6705e-07 | PDE: 2.6405e-05 | Val: 1.7827e-07 | Test: 1.9711e-06 | LR=3.9e-05
Epoch  91/100 | Steps:  91000 | α=1e-01 | Loss: 1.7291e-06 | BC: 2.5216e-07 | PDE: 1.4770e-05 | Val: 9.7223e-07 | Test: 3.0819e-06 | LR=3.4e-05
Epoch  92/100 | Steps:  92000 | α=1e-01 | Loss: 2.4234e-06 | BC: 3.1083e-07 | PDE: 2.1126e-05 | Val: 2.0632e-07 | Test: 1.9547e-06 | LR=3.0e-05
Epoch  93/100 | Steps:  93000 | α=1e-01 | Loss: 1.5143e-06 | BC: 2.2369e-07 | PDE: 1.2906e-05 | Val: 1.8362e-07 | Test: 2.0104e-06 | LR=2.6e-05
Epoch  94/100 | Steps:  94000 | α=1e-01 | Loss: 2.2680e-06 | BC: 3.2259e-07 | PDE: 1.9454e-05 | Val: 1.7398e-07 | Test: 1.9493e-06 | LR=2.2e-05
Epoch  95/100 | Steps:  95000 | α=1e-01 | Loss: 3.7638e-06 | BC: 4.1106e-07 | PDE: 3.3527e-05 | Val: 1.8267e-07 | Test: 1.7444e-06 | LR=1.9e-05
Epoch  96/100 | Steps:  96000 | α=1e-01 | Loss: 8.8836e-07 | BC: 1.7104e-07 | PDE: 7.1732e-06 | Val: 2.4399e-07 | Test: 1.8252e-06 | LR=1.6e-05
Epoch  97/100 | Steps:  97000 | α=1e-01 | Loss: 1.0829e-06 | BC: 1.7639e-07 | PDE: 9.0652e-06 | Val: 1.5530e-07 | Test: 1.8707e-06 | LR=1.4e-05
Epoch  98/100 | Steps:  98000 | α=1e-01 | Loss: 1.0823e-06 | BC: 1.8664e-07 | PDE: 8.9568e-06 | Val: 1.5078e-07 | Test: 1.9202e-06 | LR=1.2e-05
Epoch  99/100 | Steps:  99000 | α=1e-01 | Loss: 1.4491e-06 | BC: 2.0765e-07 | PDE: 1.2414e-05 | Val: 1.8787e-07 | Test: 1.8474e-06 | LR=1.1e-05
Epoch 100/100 | Steps: 100000 | α=1e-01 | Loss: 1.0804e-06 | BC: 1.7529e-07 | PDE: 9.0510e-06 | Val: 1.5789e-07 | Test: 1.8797e-06 | LR=1.0e-05

Restored best model from epoch 62 (val_loss: 1.1609e-07, test_loss: 1.2069e-06)
Best checkpoint saved to: outputs/expr_7_1/arctan/clip0/checkpoints/best_model.pt
Final checkpoint saved to: outputs/expr_7_1/arctan/clip0/checkpoints/final_model.pt
Training completed in 1150.76s (100,000 total steps)

Final Test MSE: 1.8797e-06
Inference (per point): 7.7779e-05s | (full domain): 7.7229e-05s
Saved plot to outputs/expr_7_1/arctan/clip0/plots/results.png
