
============================================================
p-Laplacian Aronsson Example
============================================================

Generated full domain data:
  Boundary points: 40,000
  Interior points: 1,000,000
  Test points: 10,000
Re-sampling enabled: ~1,000,000 interior points per epoch

Splitting data: 80% train, 20% validation
  BC: 32,000 train, 8,000 val
  Interior: 800,000 train, 200,000 val

Loading checkpoint: outputs/expr_7_2_iter/p25to50_square/fix_alpha_1e-5/checkpoints/best_model_p50.pt

Model: PLaplacianPINN on Square [-1,1]²
  Hidden layers: [128, 128, 128, 128], activation: tanh
  η=1e-05, clip_residual=100.0, clip_grad_norm=1.0
  Outlier removal: top 2.0%
  Parameters: 50,049

Iterative Training Schedule:
  p values: [60, 70, 80, 90, 100]
  Epochs per p: 20


============================================================
Stage 1/5: Training with p=60
============================================================

Training configuration:
  Boundary points (train): 32,000 -> 80 batches of 400
  Interior points (train): 1,000,000 -> 1000 batches of 1000
  Interior sampling: RE-SAMPLE each epoch
  Boundary points (val): 8,000
  Validation loss: BC only
  Steps per epoch: 1,000
  Total steps: 20,000
  Epochs: 20
  Loss balancing: FixedAlphaSchedule
  LR scheduler: None (constant LR=1.0e-05)

/usr/local/lib/python3.12/dist-packages/torch/autograd/graph.py:824: UserWarning: Attempting to run cuBLAS, but there was no current CUDA context! Attempting to set the primary context... (Triggered internally at /opt/pytorch/pytorch/aten/src/ATen/cuda/CublasHandlePool.cpp:181.)
  return Variable._execution_engine.run_backward(  # Calls into the C++ engine to run the backward pass
Epoch   1/20 | Steps:   1000 | α=1e-05 | Loss: 1.2690e-06 | BC: 3.4952e-07 | PDE: 9.1945e-02 | Val: 4.4135e-07 | Test: 4.6486e-06 |  *
Epoch   2/20 | Steps:   2000 | α=1e-05 | Loss: 1.1909e-06 | BC: 3.4881e-07 | PDE: 8.4209e-02 | Val: 3.7526e-07 | Test: 4.6960e-06 |  *
Epoch   3/20 | Steps:   3000 | α=1e-05 | Loss: 1.1867e-06 | BC: 3.5314e-07 | PDE: 8.3354e-02 | Val: 3.6960e-07 | Test: 4.8278e-06 |  *
Epoch   4/20 | Steps:   4000 | α=1e-05 | Loss: 1.1662e-06 | BC: 3.5757e-07 | PDE: 8.0867e-02 | Val: 3.7591e-07 | Test: 4.7345e-06 | 
Epoch   5/20 | Steps:   5000 | α=1e-05 | Loss: 1.1364e-06 | BC: 3.5174e-07 | PDE: 7.8471e-02 | Val: 3.7220e-07 | Test: 4.6112e-06 | 
Epoch   6/20 | Steps:   6000 | α=1e-05 | Loss: 1.1396e-06 | BC: 3.5608e-07 | PDE: 7.8353e-02 | Val: 3.9635e-07 | Test: 4.8373e-06 | 
Epoch   7/20 | Steps:   7000 | α=1e-05 | Loss: 1.1268e-06 | BC: 3.5624e-07 | PDE: 7.7061e-02 | Val: 3.6220e-07 | Test: 4.6941e-06 |  *
Epoch   8/20 | Steps:   8000 | α=1e-05 | Loss: 1.1467e-06 | BC: 3.5396e-07 | PDE: 7.9278e-02 | Val: 4.0884e-07 | Test: 4.6076e-06 | 
Epoch   9/20 | Steps:   9000 | α=1e-05 | Loss: 1.0580e-06 | BC: 3.4639e-07 | PDE: 7.1166e-02 | Val: 4.3233e-07 | Test: 4.7414e-06 | 
Epoch  10/20 | Steps:  10000 | α=1e-05 | Loss: 1.0426e-06 | BC: 3.4497e-07 | PDE: 6.9764e-02 | Val: 4.4062e-07 | Test: 4.6039e-06 | 
Epoch  11/20 | Steps:  11000 | α=1e-05 | Loss: 1.0344e-06 | BC: 3.4654e-07 | PDE: 6.8788e-02 | Val: 4.3401e-07 | Test: 4.6600e-06 | 
Epoch  12/20 | Steps:  12000 | α=1e-05 | Loss: 1.0525e-06 | BC: 3.4275e-07 | PDE: 7.0974e-02 | Val: 3.7352e-07 | Test: 4.7184e-06 | 
Epoch  13/20 | Steps:  13000 | α=1e-05 | Loss: 9.8109e-07 | BC: 3.3754e-07 | PDE: 6.4355e-02 | Val: 3.6386e-07 | Test: 4.7192e-06 | 
Epoch  14/20 | Steps:  14000 | α=1e-05 | Loss: 1.0039e-06 | BC: 3.3753e-07 | PDE: 6.6632e-02 | Val: 3.6669e-07 | Test: 4.4582e-06 | 
Epoch  15/20 | Steps:  15000 | α=1e-05 | Loss: 9.9205e-07 | BC: 3.3905e-07 | PDE: 6.5299e-02 | Val: 3.6148e-07 | Test: 4.6065e-06 |  *
Epoch  16/20 | Steps:  16000 | α=1e-05 | Loss: 9.8947e-07 | BC: 3.3832e-07 | PDE: 6.5116e-02 | Val: 4.3290e-07 | Test: 4.8345e-06 | 
Epoch  17/20 | Steps:  17000 | α=1e-05 | Loss: 9.5702e-07 | BC: 3.3670e-07 | PDE: 6.2032e-02 | Val: 3.5415e-07 | Test: 4.7027e-06 |  *
Epoch  18/20 | Steps:  18000 | α=1e-05 | Loss: 9.4305e-07 | BC: 3.3860e-07 | PDE: 6.0445e-02 | Val: 3.9889e-07 | Test: 4.6761e-06 | 
Epoch  19/20 | Steps:  19000 | α=1e-05 | Loss: 9.2743e-07 | BC: 3.3338e-07 | PDE: 5.9405e-02 | Val: 3.8239e-07 | Test: 4.5457e-06 | 
Epoch  20/20 | Steps:  20000 | α=1e-05 | Loss: 9.5079e-07 | BC: 3.3615e-07 | PDE: 6.1464e-02 | Val: 3.6446e-07 | Test: 4.6161e-06 | 

Restored best model from epoch 17 (val_loss: 3.5415e-07, test_loss: 4.7027e-06)
Best checkpoint saved to: outputs/expr_7_2_iter/p60to100_square/fix_alpha_1e-5/checkpoints/best_model.pt
Final checkpoint saved to: outputs/expr_7_2_iter/p60to100_square/fix_alpha_1e-5/checkpoints/final_model.pt
Training completed in 182.87s (20,000 total steps)
  Stage 1 (p=60) PDE diagnostics:
    p-Lap (p=60) raw:        1.1426e+27
    p-Lap (p=60) normalized: 5.4477e-03
    Inf-Lap raw:              8.9199e-03
    Inf-Lap normalized:       1.2197e-02

============================================================
Stage 2/5: Training with p=70
============================================================

Training configuration:
  Boundary points (train): 32,000 -> 80 batches of 400
  Interior points (train): 1,000,000 -> 1000 batches of 1000
  Interior sampling: RE-SAMPLE each epoch
  Boundary points (val): 8,000
  Validation loss: BC only
  Steps per epoch: 1,000
  Total steps: 20,000
  Epochs: 20
  Loss balancing: FixedAlphaSchedule
  LR scheduler: None (constant LR=1.0e-05)

Epoch   1/20 | Steps:   1000 | α=1e-05 | Loss: 1.2796e-06 | BC: 3.3681e-07 | PDE: 9.4276e-02 | Val: 3.4042e-07 | Test: 3.8601e-06 |  *
Epoch   2/20 | Steps:   2000 | α=1e-05 | Loss: 1.2197e-06 | BC: 3.3759e-07 | PDE: 8.8213e-02 | Val: 3.3368e-07 | Test: 3.8635e-06 |  *
Epoch   3/20 | Steps:   3000 | α=1e-05 | Loss: 1.2354e-06 | BC: 3.3571e-07 | PDE: 8.9971e-02 | Val: 3.7167e-07 | Test: 3.9240e-06 | 
Epoch   4/20 | Steps:   4000 | α=1e-05 | Loss: 1.2519e-06 | BC: 3.2860e-07 | PDE: 9.2325e-02 | Val: 3.2964e-07 | Test: 3.8926e-06 |  *
Epoch   5/20 | Steps:   5000 | α=1e-05 | Loss: 1.1871e-06 | BC: 3.2648e-07 | PDE: 8.6066e-02 | Val: 3.4490e-07 | Test: 3.7501e-06 | 
Epoch   6/20 | Steps:   6000 | α=1e-05 | Loss: 1.1201e-06 | BC: 3.2243e-07 | PDE: 7.9770e-02 | Val: 3.7228e-07 | Test: 3.8584e-06 | 
Epoch   7/20 | Steps:   7000 | α=1e-05 | Loss: 1.1737e-06 | BC: 3.2761e-07 | PDE: 8.4614e-02 | Val: 3.9002e-07 | Test: 3.9155e-06 | 
Epoch   8/20 | Steps:   8000 | α=1e-05 | Loss: 1.1361e-06 | BC: 3.2319e-07 | PDE: 8.1293e-02 | Val: 3.6202e-07 | Test: 3.7414e-06 | 
Epoch   9/20 | Steps:   9000 | α=1e-05 | Loss: 1.1733e-06 | BC: 3.2334e-07 | PDE: 8.4994e-02 | Val: 3.4269e-07 | Test: 3.8185e-06 | 
Epoch  10/20 | Steps:  10000 | α=1e-05 | Loss: 1.0799e-06 | BC: 3.1599e-07 | PDE: 7.6393e-02 | Val: 3.5179e-07 | Test: 3.8713e-06 | 
Epoch  11/20 | Steps:  11000 | α=1e-05 | Loss: 1.1396e-06 | BC: 3.1819e-07 | PDE: 8.2145e-02 | Val: 3.2144e-07 | Test: 3.8887e-06 |  *
Epoch  12/20 | Steps:  12000 | α=1e-05 | Loss: 1.1454e-06 | BC: 3.2326e-07 | PDE: 8.2215e-02 | Val: 3.3700e-07 | Test: 3.9848e-06 | 
Epoch  13/20 | Steps:  13000 | α=1e-05 | Loss: 1.0573e-06 | BC: 3.1253e-07 | PDE: 7.4473e-02 | Val: 3.8443e-07 | Test: 3.8643e-06 | 
Epoch  14/20 | Steps:  14000 | α=1e-05 | Loss: 1.0613e-06 | BC: 3.1188e-07 | PDE: 7.4942e-02 | Val: 3.3830e-07 | Test: 3.9160e-06 | 
Epoch  15/20 | Steps:  15000 | α=1e-05 | Loss: 1.0805e-06 | BC: 3.1336e-07 | PDE: 7.6715e-02 | Val: 3.4511e-07 | Test: 3.8171e-06 | 
Epoch  16/20 | Steps:  16000 | α=1e-05 | Loss: 1.0206e-06 | BC: 3.0508e-07 | PDE: 7.1549e-02 | Val: 3.3046e-07 | Test: 3.8660e-06 | 
Epoch  17/20 | Steps:  17000 | α=1e-05 | Loss: 1.0570e-06 | BC: 3.1260e-07 | PDE: 7.4445e-02 | Val: 3.2458e-07 | Test: 3.5521e-06 | 
Epoch  18/20 | Steps:  18000 | α=1e-05 | Loss: 1.0611e-06 | BC: 3.0988e-07 | PDE: 7.5126e-02 | Val: 3.8289e-07 | Test: 3.8226e-06 | 
Epoch  19/20 | Steps:  19000 | α=1e-05 | Loss: 1.0136e-06 | BC: 2.9918e-07 | PDE: 7.1439e-02 | Val: 3.4670e-07 | Test: 3.6796e-06 | 
Epoch  20/20 | Steps:  20000 | α=1e-05 | Loss: 9.9651e-07 | BC: 2.9571e-07 | PDE: 7.0080e-02 | Val: 6.0189e-07 | Test: 3.9676e-06 | 

Restored best model from epoch 11 (val_loss: 3.2144e-07, test_loss: 3.8887e-06)
Best checkpoint saved to: outputs/expr_7_2_iter/p60to100_square/fix_alpha_1e-5/checkpoints/best_model.pt
Final checkpoint saved to: outputs/expr_7_2_iter/p60to100_square/fix_alpha_1e-5/checkpoints/final_model.pt
Training completed in 163.43s (20,000 total steps)
  Stage 2 (p=70) PDE diagnostics:
    p-Lap (p=70) raw:        3.8074e+32
    p-Lap (p=70) normalized: 5.6177e-03
    Inf-Lap raw:              7.5602e-03
    Inf-Lap normalized:       1.1146e-02

============================================================
Stage 3/5: Training with p=80
============================================================

Training configuration:
  Boundary points (train): 32,000 -> 80 batches of 400
  Interior points (train): 1,000,000 -> 1000 batches of 1000
  Interior sampling: RE-SAMPLE each epoch
  Boundary points (val): 8,000
  Validation loss: BC only
  Steps per epoch: 1,000
  Total steps: 20,000
  Epochs: 20
  Loss balancing: FixedAlphaSchedule
  LR scheduler: None (constant LR=1.0e-05)

Epoch   1/20 | Steps:   1000 | α=1e-05 | Loss: 1.4076e-06 | BC: 3.1385e-07 | PDE: 1.0938e-01 | Val: 3.3315e-07 | Test: 3.2594e-06 |  *
Epoch   2/20 | Steps:   2000 | α=1e-05 | Loss: 1.4072e-06 | BC: 3.1635e-07 | PDE: 1.0909e-01 | Val: 3.6238e-07 | Test: 3.1559e-06 | 
Epoch   3/20 | Steps:   3000 | α=1e-05 | Loss: 1.3860e-06 | BC: 3.1118e-07 | PDE: 1.0748e-01 | Val: 4.2086e-07 | Test: 3.2632e-06 | 
Epoch   4/20 | Steps:   4000 | α=1e-05 | Loss: 1.4501e-06 | BC: 3.1241e-07 | PDE: 1.1377e-01 | Val: 3.4651e-07 | Test: 3.3597e-06 | 
Epoch   5/20 | Steps:   5000 | α=1e-05 | Loss: 1.2345e-06 | BC: 2.9923e-07 | PDE: 9.3529e-02 | Val: 3.2049e-07 | Test: 3.3004e-06 |  *
Epoch   6/20 | Steps:   6000 | α=1e-05 | Loss: 1.3675e-06 | BC: 3.1002e-07 | PDE: 1.0575e-01 | Val: 3.7004e-07 | Test: 3.3216e-06 | 
Epoch   7/20 | Steps:   7000 | α=1e-05 | Loss: 1.3475e-06 | BC: 3.0692e-07 | PDE: 1.0406e-01 | Val: 2.9841e-07 | Test: 3.2532e-06 |  *
Epoch   8/20 | Steps:   8000 | α=1e-05 | Loss: 1.3455e-06 | BC: 3.0999e-07 | PDE: 1.0355e-01 | Val: 3.1130e-07 | Test: 3.1687e-06 | 
Epoch   9/20 | Steps:   9000 | α=1e-05 | Loss: 1.3123e-06 | BC: 3.0281e-07 | PDE: 1.0095e-01 | Val: 3.0989e-07 | Test: 3.2761e-06 | 
Epoch  10/20 | Steps:  10000 | α=1e-05 | Loss: 1.2886e-06 | BC: 3.0497e-07 | PDE: 9.8360e-02 | Val: 3.5059e-07 | Test: 3.2674e-06 | 
Epoch  11/20 | Steps:  11000 | α=1e-05 | Loss: 1.2673e-06 | BC: 2.9794e-07 | PDE: 9.6936e-02 | Val: 3.1501e-07 | Test: 3.2177e-06 | 
Epoch  12/20 | Steps:  12000 | α=1e-05 | Loss: 1.2274e-06 | BC: 3.0032e-07 | PDE: 9.2712e-02 | Val: 3.3025e-07 | Test: 3.2490e-06 | 
Epoch  13/20 | Steps:  13000 | α=1e-05 | Loss: 1.2152e-06 | BC: 2.9595e-07 | PDE: 9.1927e-02 | Val: 5.2148e-07 | Test: 3.2901e-06 | 
Epoch  14/20 | Steps:  14000 | α=1e-05 | Loss: 1.2340e-06 | BC: 2.9760e-07 | PDE: 9.3639e-02 | Val: 3.0411e-07 | Test: 3.3175e-06 | 
Epoch  15/20 | Steps:  15000 | α=1e-05 | Loss: 1.1476e-06 | BC: 2.8758e-07 | PDE: 8.6000e-02 | Val: 3.7278e-07 | Test: 3.1855e-06 | 
Epoch  16/20 | Steps:  16000 | α=1e-05 | Loss: 1.1230e-06 | BC: 2.8793e-07 | PDE: 8.3504e-02 | Val: 3.2065e-07 | Test: 3.2002e-06 | 
Epoch  17/20 | Steps:  17000 | α=1e-05 | Loss: 1.0935e-06 | BC: 2.8497e-07 | PDE: 8.0848e-02 | Val: 3.2832e-07 | Test: 3.2427e-06 | 
Epoch  18/20 | Steps:  18000 | α=1e-05 | Loss: 1.0943e-06 | BC: 2.9635e-07 | PDE: 7.9796e-02 | Val: 3.3030e-07 | Test: 3.1605e-06 | 
Epoch  19/20 | Steps:  19000 | α=1e-05 | Loss: 1.1228e-06 | BC: 2.9266e-07 | PDE: 8.3014e-02 | Val: 3.1304e-07 | Test: 3.2377e-06 | 
Epoch  20/20 | Steps:  20000 | α=1e-05 | Loss: 1.0856e-06 | BC: 2.8857e-07 | PDE: 7.9699e-02 | Val: 3.1863e-07 | Test: 3.1488e-06 | 

Restored best model from epoch 7 (val_loss: 2.9841e-07, test_loss: 3.2532e-06)
Best checkpoint saved to: outputs/expr_7_2_iter/p60to100_square/fix_alpha_1e-5/checkpoints/best_model.pt
Final checkpoint saved to: outputs/expr_7_2_iter/p60to100_square/fix_alpha_1e-5/checkpoints/final_model.pt
Training completed in 171.50s (20,000 total steps)
  Stage 3 (p=80) PDE diagnostics:
    p-Lap (p=80) raw:        inf
    p-Lap (p=80) normalized: 5.1253e-03
    Inf-Lap raw:              6.4885e-03
    Inf-Lap normalized:       9.6646e-03

============================================================
Stage 4/5: Training with p=90
============================================================

Training configuration:
  Boundary points (train): 32,000 -> 80 batches of 400
  Interior points (train): 1,000,000 -> 1000 batches of 1000
  Interior sampling: RE-SAMPLE each epoch
  Boundary points (val): 8,000
  Validation loss: BC only
  Steps per epoch: 1,000
  Total steps: 20,000
  Epochs: 20
  Loss balancing: FixedAlphaSchedule
  LR scheduler: None (constant LR=1.0e-05)

Epoch   1/20 | Steps:   1000 | α=1e-05 | Loss: 1.6978e-06 | BC: 3.1276e-07 | PDE: 1.3851e-01 | Val: 2.9928e-07 | Test: 2.9445e-06 |  *
Epoch   2/20 | Steps:   2000 | α=1e-05 | Loss: 1.4767e-06 | BC: 2.9629e-07 | PDE: 1.1804e-01 | Val: 3.6958e-07 | Test: 2.9339e-06 | 
Epoch   3/20 | Steps:   3000 | α=1e-05 | Loss: 1.5471e-06 | BC: 3.0520e-07 | PDE: 1.2419e-01 | Val: 3.5222e-07 | Test: 2.9309e-06 | 
Epoch   4/20 | Steps:   4000 | α=1e-05 | Loss: 1.5449e-06 | BC: 3.0338e-07 | PDE: 1.2415e-01 | Val: 3.1073e-07 | Test: 2.8235e-06 | 
Epoch   5/20 | Steps:   5000 | α=1e-05 | Loss: 1.5303e-06 | BC: 2.9423e-07 | PDE: 1.2361e-01 | Val: 4.2803e-07 | Test: 2.8580e-06 | 
Epoch   6/20 | Steps:   6000 | α=1e-05 | Loss: 1.5924e-06 | BC: 3.0830e-07 | PDE: 1.2841e-01 | Val: 4.4073e-07 | Test: 2.9274e-06 | 
Epoch   7/20 | Steps:   7000 | α=1e-05 | Loss: 1.5911e-06 | BC: 2.9779e-07 | PDE: 1.2933e-01 | Val: 3.1638e-07 | Test: 2.8776e-06 | 
Epoch   8/20 | Steps:   8000 | α=1e-05 | Loss: 1.4490e-06 | BC: 2.9118e-07 | PDE: 1.1578e-01 | Val: 3.2952e-07 | Test: 2.9197e-06 | 
Epoch   9/20 | Steps:   9000 | α=1e-05 | Loss: 1.5260e-06 | BC: 3.0563e-07 | PDE: 1.2204e-01 | Val: 3.0076e-07 | Test: 2.7914e-06 | 
Epoch  10/20 | Steps:  10000 | α=1e-05 | Loss: 1.5160e-06 | BC: 2.9157e-07 | PDE: 1.2244e-01 | Val: 2.9259e-07 | Test: 2.7623e-06 |  *
Epoch  11/20 | Steps:  11000 | α=1e-05 | Loss: 1.4451e-06 | BC: 2.9197e-07 | PDE: 1.1531e-01 | Val: 3.2595e-07 | Test: 2.8575e-06 | 
Epoch  12/20 | Steps:  12000 | α=1e-05 | Loss: 1.4349e-06 | BC: 2.9038e-07 | PDE: 1.1445e-01 | Val: 3.4600e-07 | Test: 2.9372e-06 | 
Epoch  13/20 | Steps:  13000 | α=1e-05 | Loss: 1.2885e-06 | BC: 2.7797e-07 | PDE: 1.0106e-01 | Val: 3.1070e-07 | Test: 2.8509e-06 | 
Epoch  14/20 | Steps:  14000 | α=1e-05 | Loss: 1.4562e-06 | BC: 2.9413e-07 | PDE: 1.1621e-01 | Val: 3.0156e-07 | Test: 2.7396e-06 | 
Epoch  15/20 | Steps:  15000 | α=1e-05 | Loss: 1.3839e-06 | BC: 2.8927e-07 | PDE: 1.0947e-01 | Val: 3.0523e-07 | Test: 2.7024e-06 | 
Epoch  16/20 | Steps:  16000 | α=1e-05 | Loss: 1.3511e-06 | BC: 2.8099e-07 | PDE: 1.0701e-01 | Val: 3.2789e-07 | Test: 2.7733e-06 | 
Epoch  17/20 | Steps:  17000 | α=1e-05 | Loss: 1.3614e-06 | BC: 2.9152e-07 | PDE: 1.0698e-01 | Val: 2.8210e-07 | Test: 2.7533e-06 |  *
Epoch  18/20 | Steps:  18000 | α=1e-05 | Loss: 1.3769e-06 | BC: 2.9004e-07 | PDE: 1.0868e-01 | Val: 4.3736e-07 | Test: 2.9257e-06 | 
Epoch  19/20 | Steps:  19000 | α=1e-05 | Loss: 1.2832e-06 | BC: 2.7736e-07 | PDE: 1.0058e-01 | Val: 5.0369e-07 | Test: 2.8279e-06 | 
Epoch  20/20 | Steps:  20000 | α=1e-05 | Loss: 1.2533e-06 | BC: 2.7782e-07 | PDE: 9.7549e-02 | Val: 3.0584e-07 | Test: 2.7562e-06 | 

Restored best model from epoch 17 (val_loss: 2.8210e-07, test_loss: 2.7533e-06)
Best checkpoint saved to: outputs/expr_7_2_iter/p60to100_square/fix_alpha_1e-5/checkpoints/best_model.pt
Final checkpoint saved to: outputs/expr_7_2_iter/p60to100_square/fix_alpha_1e-5/checkpoints/final_model.pt
Training completed in 185.49s (20,000 total steps)
  Stage 4 (p=90) PDE diagnostics:
    p-Lap (p=90) raw:        inf
    p-Lap (p=90) normalized: 4.5244e-03
    Inf-Lap raw:              5.3992e-03
    Inf-Lap normalized:       8.2074e-03

============================================================
Stage 5/5: Training with p=100
============================================================

Training configuration:
  Boundary points (train): 32,000 -> 80 batches of 400
  Interior points (train): 1,000,000 -> 1000 batches of 1000
  Interior sampling: RE-SAMPLE each epoch
  Boundary points (val): 8,000
  Validation loss: BC only
  Steps per epoch: 1,000
  Total steps: 20,000
  Epochs: 20
  Loss balancing: FixedAlphaSchedule
  LR scheduler: None (constant LR=1.0e-05)

Epoch   1/20 | Steps:   1000 | α=1e-05 | Loss: 1.6710e-06 | BC: 2.8598e-07 | PDE: 1.3851e-01 | Val: 3.4659e-07 | Test: 2.4773e-06 |  *
Epoch   2/20 | Steps:   2000 | α=1e-05 | Loss: 1.7530e-06 | BC: 2.9885e-07 | PDE: 1.4542e-01 | Val: 3.3479e-07 | Test: 2.4459e-06 |  *
Epoch   3/20 | Steps:   3000 | α=1e-05 | Loss: 1.6350e-06 | BC: 2.8744e-07 | PDE: 1.3476e-01 | Val: 3.9076e-07 | Test: 2.4825e-06 | 
Epoch   4/20 | Steps:   4000 | α=1e-05 | Loss: 1.5923e-06 | BC: 2.8679e-07 | PDE: 1.3055e-01 | Val: 3.2473e-07 | Test: 2.6082e-06 |  *
Epoch   5/20 | Steps:   5000 | α=1e-05 | Loss: 1.6754e-06 | BC: 2.9056e-07 | PDE: 1.3848e-01 | Val: 3.3555e-07 | Test: 2.5647e-06 | 
Epoch   6/20 | Steps:   6000 | α=1e-05 | Loss: 1.4638e-06 | BC: 2.7684e-07 | PDE: 1.1869e-01 | Val: 2.7272e-07 | Test: 2.5943e-06 |  *
Epoch   7/20 | Steps:   7000 | α=1e-05 | Loss: 1.6067e-06 | BC: 2.9448e-07 | PDE: 1.3122e-01 | Val: 2.7232e-07 | Test: 2.4569e-06 |  *
Epoch   8/20 | Steps:   8000 | α=1e-05 | Loss: 1.5033e-06 | BC: 2.8275e-07 | PDE: 1.2206e-01 | Val: 3.9129e-07 | Test: 2.5439e-06 | 
Epoch   9/20 | Steps:   9000 | α=1e-05 | Loss: 1.4574e-06 | BC: 2.7413e-07 | PDE: 1.1833e-01 | Val: 2.8931e-07 | Test: 2.4725e-06 | 
Epoch  10/20 | Steps:  10000 | α=1e-05 | Loss: 1.5913e-06 | BC: 2.8333e-07 | PDE: 1.3079e-01 | Val: 3.5974e-07 | Test: 2.5308e-06 | 
Epoch  11/20 | Steps:  11000 | α=1e-05 | Loss: 1.5393e-06 | BC: 2.7835e-07 | PDE: 1.2610e-01 | Val: 2.8170e-07 | Test: 2.5265e-06 | 
Epoch  12/20 | Steps:  12000 | α=1e-05 | Loss: 1.4698e-06 | BC: 2.7633e-07 | PDE: 1.1934e-01 | Val: 2.9032e-07 | Test: 2.5091e-06 | 
Epoch  13/20 | Steps:  13000 | α=1e-05 | Loss: 1.5345e-06 | BC: 2.8348e-07 | PDE: 1.2510e-01 | Val: 3.2078e-07 | Test: 2.4922e-06 | 
Epoch  14/20 | Steps:  14000 | α=1e-05 | Loss: 1.4924e-06 | BC: 2.7798e-07 | PDE: 1.2144e-01 | Val: 2.7761e-07 | Test: 2.4863e-06 | 
Epoch  15/20 | Steps:  15000 | α=1e-05 | Loss: 1.5595e-06 | BC: 2.8775e-07 | PDE: 1.2718e-01 | Val: 2.6785e-07 | Test: 2.4700e-06 |  *
Epoch  16/20 | Steps:  16000 | α=1e-05 | Loss: 1.4423e-06 | BC: 2.6682e-07 | PDE: 1.1755e-01 | Val: 3.1690e-07 | Test: 2.5727e-06 | 
Epoch  17/20 | Steps:  17000 | α=1e-05 | Loss: 1.4011e-06 | BC: 2.6894e-07 | PDE: 1.1321e-01 | Val: 2.5868e-07 | Test: 2.4644e-06 |  *
Epoch  18/20 | Steps:  18000 | α=1e-05 | Loss: 1.3656e-06 | BC: 2.6715e-07 | PDE: 1.0985e-01 | Val: 3.3791e-07 | Test: 2.4724e-06 | 
Epoch  19/20 | Steps:  19000 | α=1e-05 | Loss: 1.4016e-06 | BC: 2.6728e-07 | PDE: 1.1343e-01 | Val: 3.0253e-07 | Test: 2.5371e-06 | 
Epoch  20/20 | Steps:  20000 | α=1e-05 | Loss: 1.5290e-06 | BC: 2.9281e-07 | PDE: 1.2362e-01 | Val: 4.0509e-07 | Test: 2.4606e-06 | 

Restored best model from epoch 17 (val_loss: 2.5868e-07, test_loss: 2.4644e-06)
Best checkpoint saved to: outputs/expr_7_2_iter/p60to100_square/fix_alpha_1e-5/checkpoints/best_model.pt
Final checkpoint saved to: outputs/expr_7_2_iter/p60to100_square/fix_alpha_1e-5/checkpoints/final_model.pt
Training completed in 176.79s (20,000 total steps)
  Stage 5 (p=100) PDE diagnostics:
    p-Lap (p=100) raw:        inf
    p-Lap (p=100) normalized: 3.9985e-03
    Inf-Lap raw:              4.7272e-03
    Inf-Lap normalized:       7.1061e-03

Iterative training completed in 880.09s
Total epochs: 100

Final Test MSE: 2.4606e-06
Inference (per point): 7.8461e-05s | (full domain): 7.7066e-05s
p-Lap (p=100) PDE test (raw):        inf
p-Lap (p=100) PDE test (normalized): 3.9985e-03
Inf-Lap PDE test (raw):                    4.7272e-03
Inf-Lap PDE test (normalized):             7.1061e-03
Saved .npz files to outputs/expr_7_2_iter/p60to100_square/fix_alpha_1e-5/npy/
Saved plot to outputs/expr_7_2_iter/p60to100_square/fix_alpha_1e-5/plots/results.png
