
============================================================
p-Laplacian Aronsson Example
============================================================

Generated full domain data:
  Boundary points: 40,000
  Interior points: 1,000,000
  Test points: 10,000
Re-sampling enabled: ~1,000,000 interior points per epoch

Splitting data: 80% train, 20% validation
  BC: 32,000 train, 8,000 val
  Interior: 800,000 train, 200,000 val

Model: PLaplacianPINN on Square [-1,1]²
  Hidden layers: [128, 128, 128, 128], activation: tanh
  η=1e-05, clip_residual=0.0, clip_grad_norm=0.0
  Parameters: 50,049

Training configuration:
  Boundary points (train): 32,000 -> 80 batches of 400
  Interior points (train): 1,000,000 -> 1000 batches of 1000
  Interior sampling: RE-SAMPLE each epoch
  Boundary points (val): 8,000
  Validation loss: BC only
  Steps per epoch: 1,000
  Total steps: 100,000
  Epochs: 100
  Loss balancing: AlphaPlateauScheduler
  LR scheduler: cosine (LR: 1.0e-03 -> 1.0e-05)

/usr/local/lib/python3.12/dist-packages/torch/autograd/graph.py:824: UserWarning: Attempting to run cuBLAS, but there was no current CUDA context! Attempting to set the primary context... (Triggered internally at /opt/pytorch/pytorch/aten/src/ATen/cuda/CublasHandlePool.cpp:181.)
  return Variable._execution_engine.run_backward(  # Calls into the C++ engine to run the backward pass
Epoch   1/100 | Steps:   1000 | α=1e-05 | Loss: 3.0175e-02 | BC: 2.7286e-02 | PDE: 2.8882e+02 | Val: 3.8602e-04 | Test: 9.3163e-04 | LR=1.0e-03 *
Epoch   2/100 | Steps:   2000 | α=1e-05 | Loss: 8.6297e-04 | BC: 3.4994e-04 | PDE: 5.1303e+01 | Val: 1.0958e-04 | Test: 4.1620e-04 | LR=1.0e-03 *
Epoch   3/100 | Steps:   3000 | α=1e-05 | Loss: 6.4352e-04 | BC: 2.9257e-04 | PDE: 3.5095e+01 | Val: 1.0876e-04 | Test: 3.2076e-04 | LR=1.0e-03 *
Epoch   4/100 | Steps:   4000 | α=1e-05 | Loss: 5.7025e-04 | BC: 2.7053e-04 | PDE: 2.9972e+01 | Val: 1.6216e-04 | Test: 3.8099e-04 | LR=1.0e-03
Epoch   5/100 | Steps:   5000 | α=1e-05 | Loss: 4.4303e-04 | BC: 2.0873e-04 | PDE: 2.3429e+01 | Val: 3.5984e-04 | Test: 4.3764e-04 | LR=1.0e-03
Epoch   6/100 | Steps:   6000 | α=1e-05 | Loss: 4.5440e-04 | BC: 2.2342e-04 | PDE: 2.3099e+01 | Val: 3.7555e-04 | Test: 4.1894e-04 | LR=9.9e-04
Epoch   7/100 | Steps:   7000 | α=1e-05 | Loss: 4.1535e-04 | BC: 2.1226e-04 | PDE: 2.0309e+01 | Val: 1.9317e-04 | Test: 3.0713e-04 | LR=9.9e-04
Epoch   8/100 | Steps:   8000 | α=1e-05 | Loss: 3.4535e-04 | BC: 1.9003e-04 | PDE: 1.5533e+01 | Val: 1.3052e-04 | Test: 2.6651e-04 | LR=9.9e-04
Epoch   9/100 | Steps:   9000 | α=1e-05 | Loss: 4.4718e-04 | BC: 2.4057e-04 | PDE: 2.0661e+01 | Val: 2.1696e-04 | Test: 2.7022e-04 | LR=9.8e-04

>>> Alpha increased: 1e-05 → 1e-04 (BC=1.8822e-04) <<<
Epoch  10/100 | Steps:  10000 | α=1e-04 | Loss: 3.3795e-04 | BC: 1.8822e-04 | PDE: 1.4973e+01 | Val: 1.7581e-04 | Test: 2.5853e-04 | LR=9.8e-04 *
Epoch  11/100 | Steps:  11000 | α=1e-04 | Loss: 7.9075e-03 | BC: 4.4674e-03 | PDE: 3.4401e+01 | Val: 4.2972e-04 | Test: 4.1828e-04 | LR=9.8e-04
Epoch  12/100 | Steps:  12000 | α=1e-04 | Loss: 2.1241e-03 | BC: 7.2215e-04 | PDE: 1.4019e+01 | Val: 2.9326e-04 | Test: 3.3306e-04 | LR=9.7e-04
Epoch  13/100 | Steps:  13000 | α=1e-04 | Loss: 1.5407e-03 | BC: 4.8700e-04 | PDE: 1.0537e+01 | Val: 3.0155e-04 | Test: 3.3928e-04 | LR=9.7e-04
Epoch  14/100 | Steps:  14000 | α=1e-04 | Loss: 1.2878e-03 | BC: 3.9209e-04 | PDE: 8.9575e+00 | Val: 2.0924e-04 | Test: 2.4901e-04 | LR=9.6e-04
Epoch  15/100 | Steps:  15000 | α=1e-04 | Loss: 1.2549e-03 | BC: 3.8377e-04 | PDE: 8.7114e+00 | Val: 9.6741e-04 | Test: 7.3204e-04 | LR=9.5e-04
Epoch  16/100 | Steps:  16000 | α=1e-04 | Loss: 1.1844e-03 | BC: 3.5424e-04 | PDE: 8.3015e+00 | Val: 6.8321e-04 | Test: 6.4145e-04 | LR=9.5e-04
Epoch  17/100 | Steps:  17000 | α=1e-04 | Loss: 1.1020e-03 | BC: 3.4026e-04 | PDE: 7.6172e+00 | Val: 2.6240e-04 | Test: 2.7868e-04 | LR=9.4e-04
Epoch  18/100 | Steps:  18000 | α=1e-04 | Loss: 9.6197e-04 | BC: 2.6760e-04 | PDE: 6.9437e+00 | Val: 1.6866e-04 | Test: 2.4346e-04 | LR=9.3e-04 *
Epoch  19/100 | Steps:  19000 | α=1e-04 | Loss: 8.8183e-04 | BC: 2.4428e-04 | PDE: 6.3755e+00 | Val: 2.3950e-04 | Test: 2.9646e-04 | LR=9.2e-04
Epoch  20/100 | Steps:  20000 | α=1e-04 | Loss: 1.0006e-03 | BC: 3.0114e-04 | PDE: 6.9946e+00 | Val: 1.9039e-04 | Test: 1.8532e-04 | LR=9.1e-04
Epoch  21/100 | Steps:  21000 | α=1e-04 | Loss: 8.3151e-04 | BC: 2.3682e-04 | PDE: 5.9470e+00 | Val: 2.8951e-04 | Test: 3.7927e-04 | LR=9.1e-04
Epoch  22/100 | Steps:  22000 | α=1e-04 | Loss: 7.7255e-04 | BC: 2.0991e-04 | PDE: 5.6264e+00 | Val: 1.3315e-04 | Test: 2.0523e-04 | LR=9.0e-04 *
Epoch  23/100 | Steps:  23000 | α=1e-04 | Loss: 7.8114e-04 | BC: 2.2729e-04 | PDE: 5.5386e+00 | Val: 9.0404e-05 | Test: 1.7558e-04 | LR=8.9e-04 *
Epoch  24/100 | Steps:  24000 | α=1e-04 | Loss: 7.2377e-04 | BC: 2.0058e-04 | PDE: 5.2319e+00 | Val: 2.6419e-04 | Test: 3.7177e-04 | LR=8.8e-04
Epoch  25/100 | Steps:  25000 | α=1e-04 | Loss: 7.4617e-04 | BC: 2.1658e-04 | PDE: 5.2959e+00 | Val: 7.0736e-05 | Test: 1.5703e-04 | LR=8.7e-04 *
Epoch  26/100 | Steps:  26000 | α=1e-04 | Loss: 7.0895e-04 | BC: 2.1010e-04 | PDE: 4.9885e+00 | Val: 8.0143e-05 | Test: 1.8807e-04 | LR=8.6e-04

>>> Alpha increased: 1e-04 → 1e-03 (BC=1.7220e-04) <<<
Epoch  27/100 | Steps:  27000 | α=1e-03 | Loss: 6.1671e-04 | BC: 1.7220e-04 | PDE: 4.4452e+00 | Val: 1.7588e-04 | Test: 2.3816e-04 | LR=8.4e-04 *
Epoch  28/100 | Steps:  28000 | α=1e-03 | Loss: 1.1179e-02 | BC: 5.2189e-03 | PDE: 5.9602e+00 | Val: 2.2824e-03 | Test: 1.4022e-03 | LR=8.3e-04
Epoch  29/100 | Steps:  29000 | α=1e-03 | Loss: 6.2864e-03 | BC: 2.5063e-03 | PDE: 3.7800e+00 | Val: 2.7355e-03 | Test: 1.5220e-03 | LR=8.2e-04
Epoch  30/100 | Steps:  30000 | α=1e-03 | Loss: 5.4929e-03 | BC: 2.1472e-03 | PDE: 3.3457e+00 | Val: 2.1939e-03 | Test: 1.3045e-03 | LR=8.1e-04
Epoch  31/100 | Steps:  31000 | α=1e-03 | Loss: 5.0180e-03 | BC: 1.7690e-03 | PDE: 3.2490e+00 | Val: 3.3443e-03 | Test: 1.9449e-03 | LR=8.0e-04
Epoch  32/100 | Steps:  32000 | α=1e-03 | Loss: 4.5598e-03 | BC: 1.6260e-03 | PDE: 2.9338e+00 | Val: 7.7342e-04 | Test: 5.9067e-04 | LR=7.8e-04
Epoch  33/100 | Steps:  33000 | α=1e-03 | Loss: 4.4286e-03 | BC: 1.5168e-03 | PDE: 2.9117e+00 | Val: 1.3847e-03 | Test: 8.8573e-04 | LR=7.7e-04
Epoch  34/100 | Steps:  34000 | α=1e-03 | Loss: 4.5269e-03 | BC: 1.5432e-03 | PDE: 2.9837e+00 | Val: 3.1144e-03 | Test: 1.8033e-03 | LR=7.6e-04
Epoch  35/100 | Steps:  35000 | α=1e-03 | Loss: 3.9952e-03 | BC: 1.3271e-03 | PDE: 2.6681e+00 | Val: 4.6193e-04 | Test: 3.8806e-04 | LR=7.4e-04
Epoch  36/100 | Steps:  36000 | α=1e-03 | Loss: 3.9633e-03 | BC: 1.3166e-03 | PDE: 2.6467e+00 | Val: 6.1502e-04 | Test: 4.7531e-04 | LR=7.3e-04
Epoch  37/100 | Steps:  37000 | α=1e-03 | Loss: 3.7971e-03 | BC: 1.2693e-03 | PDE: 2.5278e+00 | Val: 1.3804e-03 | Test: 8.6566e-04 | LR=7.2e-04
Epoch  38/100 | Steps:  38000 | α=1e-03 | Loss: 3.4594e-03 | BC: 1.0885e-03 | PDE: 2.3709e+00 | Val: 9.4657e-04 | Test: 7.0459e-04 | LR=7.0e-04
Epoch  39/100 | Steps:  39000 | α=1e-03 | Loss: 3.7789e-03 | BC: 1.1864e-03 | PDE: 2.5925e+00 | Val: 1.3254e-03 | Test: 8.6408e-04 | LR=6.9e-04
Epoch  40/100 | Steps:  40000 | α=1e-03 | Loss: 3.6431e-03 | BC: 1.1711e-03 | PDE: 2.4720e+00 | Val: 1.7639e-03 | Test: 1.1490e-03 | LR=6.7e-04
Epoch  41/100 | Steps:  41000 | α=1e-03 | Loss: 3.2673e-03 | BC: 1.0121e-03 | PDE: 2.2552e+00 | Val: 4.9618e-04 | Test: 4.0027e-04 | LR=6.6e-04
Epoch  42/100 | Steps:  42000 | α=1e-03 | Loss: 2.9783e-03 | BC: 8.6826e-04 | PDE: 2.1100e+00 | Val: 1.3315e-03 | Test: 8.8423e-04 | LR=6.4e-04
Epoch  43/100 | Steps:  43000 | α=1e-03 | Loss: 2.9889e-03 | BC: 8.9672e-04 | PDE: 2.0922e+00 | Val: 1.2862e-03 | Test: 8.5117e-04 | LR=6.3e-04
Epoch  44/100 | Steps:  44000 | α=1e-03 | Loss: 2.8192e-03 | BC: 8.2915e-04 | PDE: 1.9901e+00 | Val: 1.0327e-03 | Test: 7.1085e-04 | LR=6.1e-04
Epoch  45/100 | Steps:  45000 | α=1e-03 | Loss: 2.6303e-03 | BC: 7.3146e-04 | PDE: 1.8989e+00 | Val: 1.0778e-03 | Test: 7.6397e-04 | LR=6.0e-04
Epoch  46/100 | Steps:  46000 | α=1e-03 | Loss: 2.6186e-03 | BC: 7.3888e-04 | PDE: 1.8798e+00 | Val: 4.1309e-04 | Test: 3.7794e-04 | LR=5.8e-04
Epoch  47/100 | Steps:  47000 | α=1e-03 | Loss: 2.5339e-03 | BC: 7.1001e-04 | PDE: 1.8239e+00 | Val: 6.9534e-04 | Test: 5.3571e-04 | LR=5.7e-04
Epoch  48/100 | Steps:  48000 | α=1e-03 | Loss: 2.3291e-03 | BC: 6.1693e-04 | PDE: 1.7122e+00 | Val: 8.3161e-04 | Test: 6.1683e-04 | LR=5.5e-04
Epoch  49/100 | Steps:  49000 | α=1e-03 | Loss: 2.2250e-03 | BC: 5.7969e-04 | PDE: 1.6453e+00 | Val: 9.7897e-04 | Test: 7.0961e-04 | LR=5.4e-04
Epoch  50/100 | Steps:  50000 | α=1e-03 | Loss: 1.9104e-03 | BC: 4.7436e-04 | PDE: 1.4360e+00 | Val: 1.8300e-04 | Test: 2.3141e-04 | LR=5.2e-04
Epoch  51/100 | Steps:  51000 | α=1e-03 | Loss: 2.1510e-03 | BC: 5.4612e-04 | PDE: 1.6048e+00 | Val: 4.3645e-04 | Test: 3.8485e-04 | LR=5.1e-04
Epoch  52/100 | Steps:  52000 | α=1e-03 | Loss: 1.9307e-03 | BC: 4.7217e-04 | PDE: 1.4585e+00 | Val: 5.8340e-04 | Test: 4.7607e-04 | LR=4.9e-04
Epoch  53/100 | Steps:  53000 | α=1e-03 | Loss: 1.4526e-03 | BC: 3.2683e-04 | PDE: 1.1258e+00 | Val: 2.1872e-04 | Test: 2.8058e-04 | LR=4.7e-04
Epoch  54/100 | Steps:  54000 | α=1e-03 | Loss: 1.8094e-03 | BC: 4.2181e-04 | PDE: 1.3876e+00 | Val: 3.9059e-04 | Test: 3.7571e-04 | LR=4.6e-04
Epoch  55/100 | Steps:  55000 | α=1e-03 | Loss: 1.7387e-03 | BC: 4.1183e-04 | PDE: 1.3269e+00 | Val: 1.3068e-04 | Test: 1.9464e-04 | LR=4.4e-04 *
Epoch  56/100 | Steps:  56000 | α=1e-03 | Loss: 1.4732e-03 | BC: 3.1043e-04 | PDE: 1.1628e+00 | Val: 2.8117e-04 | Test: 3.0992e-04 | LR=4.3e-04
Epoch  57/100 | Steps:  57000 | α=1e-03 | Loss: 1.3607e-03 | BC: 2.9438e-04 | PDE: 1.0663e+00 | Val: 4.5598e-04 | Test: 4.3359e-04 | LR=4.1e-04
Epoch  58/100 | Steps:  58000 | α=1e-03 | Loss: 1.2215e-03 | BC: 2.6079e-04 | PDE: 9.6067e-01 | Val: 1.2162e-04 | Test: 1.9674e-04 | LR=4.0e-04 *
Epoch  59/100 | Steps:  59000 | α=1e-03 | Loss: 1.1219e-03 | BC: 2.3708e-04 | PDE: 8.8484e-01 | Val: 2.1376e-04 | Test: 2.7126e-04 | LR=3.8e-04
Epoch  60/100 | Steps:  60000 | α=1e-03 | Loss: 8.9806e-04 | BC: 1.6992e-04 | PDE: 7.2814e-01 | Val: 1.1946e-04 | Test: 2.0286e-04 | LR=3.7e-04 *
Epoch  61/100 | Steps:  61000 | α=1e-03 | Loss: 1.1368e-03 | BC: 2.1051e-04 | PDE: 9.2631e-01 | Val: 8.7473e-05 | Test: 1.6985e-04 | LR=3.5e-04 *
Epoch  62/100 | Steps:  62000 | α=1e-03 | Loss: 8.1796e-04 | BC: 1.5217e-04 | PDE: 6.6579e-01 | Val: 1.1924e-04 | Test: 2.0575e-04 | LR=3.4e-04
Epoch  63/100 | Steps:  63000 | α=1e-03 | Loss: 8.5417e-04 | BC: 1.6657e-04 | PDE: 6.8759e-01 | Val: 9.4048e-05 | Test: 1.8811e-04 | LR=3.2e-04
Epoch  64/100 | Steps:  64000 | α=1e-03 | Loss: 6.9915e-04 | BC: 1.2528e-04 | PDE: 5.7386e-01 | Val: 1.0205e-04 | Test: 1.9065e-04 | LR=3.1e-04
Epoch  65/100 | Steps:  65000 | α=1e-03 | Loss: 6.0924e-04 | BC: 1.0969e-04 | PDE: 4.9955e-01 | Val: 8.7640e-05 | Test: 1.8363e-04 | LR=2.9e-04
Epoch  66/100 | Steps:  66000 | α=1e-03 | Loss: 4.2454e-04 | BC: 7.6890e-05 | PDE: 3.4765e-01 | Val: 1.0488e-04 | Test: 2.1000e-04 | LR=2.8e-04
Epoch  67/100 | Steps:  67000 | α=1e-03 | Loss: 4.5364e-04 | BC: 8.5258e-05 | PDE: 3.6839e-01 | Val: 6.6262e-05 | Test: 1.6913e-04 | LR=2.7e-04 *
Epoch  68/100 | Steps:  68000 | α=1e-03 | Loss: 4.9802e-04 | BC: 9.0151e-05 | PDE: 4.0787e-01 | Val: 6.2644e-05 | Test: 1.6254e-04 | LR=2.5e-04 *
Epoch  69/100 | Steps:  69000 | α=1e-03 | Loss: 3.5202e-04 | BC: 6.7213e-05 | PDE: 2.8481e-01 | Val: 2.4596e-04 | Test: 3.2521e-04 | LR=2.4e-04
Epoch  70/100 | Steps:  70000 | α=1e-03 | Loss: 4.0815e-04 | BC: 7.8362e-05 | PDE: 3.2979e-01 | Val: 6.0337e-05 | Test: 1.6515e-04 | LR=2.3e-04 *

>>> Alpha increased: 1e-03 → 1e-02 (BC=7.4432e-05) <<<
Epoch  71/100 | Steps:  71000 | α=1e-02 | Loss: 3.9630e-04 | BC: 7.4432e-05 | PDE: 3.2187e-01 | Val: 5.2851e-05 | Test: 1.5517e-04 | LR=2.1e-04 *
Epoch  72/100 | Steps:  72000 | α=1e-02 | Loss: 5.1362e-03 | BC: 1.6266e-03 | PDE: 3.5097e-01 | Val: 1.2022e-03 | Test: 8.6439e-04 | LR=2.0e-04
Epoch  73/100 | Steps:  73000 | α=1e-02 | Loss: 3.4564e-03 | BC: 1.1024e-03 | PDE: 2.3540e-01 | Val: 9.1012e-04 | Test: 7.0099e-04 | LR=1.9e-04
Epoch  74/100 | Steps:  74000 | α=1e-02 | Loss: 3.0356e-03 | BC: 8.9723e-04 | PDE: 2.1383e-01 | Val: 9.1986e-04 | Test: 7.0964e-04 | LR=1.8e-04
Epoch  75/100 | Steps:  75000 | α=1e-02 | Loss: 2.6267e-03 | BC: 7.5873e-04 | PDE: 1.8680e-01 | Val: 6.8336e-04 | Test: 5.7573e-04 | LR=1.7e-04
Epoch  76/100 | Steps:  76000 | α=1e-02 | Loss: 2.4646e-03 | BC: 6.6474e-04 | PDE: 1.7998e-01 | Val: 7.0215e-04 | Test: 5.8977e-04 | LR=1.5e-04
Epoch  77/100 | Steps:  77000 | α=1e-02 | Loss: 2.2676e-03 | BC: 5.9050e-04 | PDE: 1.6771e-01 | Val: 5.4105e-04 | Test: 4.9430e-04 | LR=1.4e-04
Epoch  78/100 | Steps:  78000 | α=1e-02 | Loss: 2.0251e-03 | BC: 5.0639e-04 | PDE: 1.5187e-01 | Val: 4.4661e-04 | Test: 4.4061e-04 | LR=1.3e-04
Epoch  79/100 | Steps:  79000 | α=1e-02 | Loss: 1.8381e-03 | BC: 4.3787e-04 | PDE: 1.4003e-01 | Val: 3.9622e-04 | Test: 4.1077e-04 | LR=1.2e-04
Epoch  80/100 | Steps:  80000 | α=1e-02 | Loss: 1.7007e-03 | BC: 3.8052e-04 | PDE: 1.3202e-01 | Val: 3.7799e-04 | Test: 4.0087e-04 | LR=1.1e-04
Epoch  81/100 | Steps:  81000 | α=1e-02 | Loss: 1.4413e-03 | BC: 3.1848e-04 | PDE: 1.1229e-01 | Val: 2.9888e-04 | Test: 3.5271e-04 | LR=1.0e-04
Epoch  82/100 | Steps:  82000 | α=1e-02 | Loss: 1.3137e-03 | BC: 2.7497e-04 | PDE: 1.0387e-01 | Val: 2.6241e-04 | Test: 3.3041e-04 | LR=9.6e-05
Epoch  83/100 | Steps:  83000 | α=1e-02 | Loss: 1.2214e-03 | BC: 2.4148e-04 | PDE: 9.7997e-02 | Val: 2.1972e-04 | Test: 3.0330e-04 | LR=8.7e-05
Epoch  84/100 | Steps:  84000 | α=1e-02 | Loss: 1.1510e-03 | BC: 2.1749e-04 | PDE: 9.3355e-02 | Val: 2.1149e-04 | Test: 2.9733e-04 | LR=7.9e-05
Epoch  85/100 | Steps:  85000 | α=1e-02 | Loss: 9.4834e-04 | BC: 1.7701e-04 | PDE: 7.7133e-02 | Val: 1.6678e-04 | Test: 2.6719e-04 | LR=7.1e-05
Epoch  86/100 | Steps:  86000 | α=1e-02 | Loss: 8.9313e-04 | BC: 1.5748e-04 | PDE: 7.3566e-02 | Val: 1.5357e-04 | Test: 2.5896e-04 | LR=6.4e-05
Epoch  87/100 | Steps:  87000 | α=1e-02 | Loss: 7.5441e-04 | BC: 1.3245e-04 | PDE: 6.2196e-02 | Val: 1.3264e-04 | Test: 2.4379e-04 | LR=5.7e-05
Epoch  88/100 | Steps:  88000 | α=1e-02 | Loss: 7.1436e-04 | BC: 1.2092e-04 | PDE: 5.9345e-02 | Val: 1.1826e-04 | Test: 2.3341e-04 | LR=5.1e-05
Epoch  89/100 | Steps:  89000 | α=1e-02 | Loss: 6.3987e-04 | BC: 1.0739e-04 | PDE: 5.3249e-02 | Val: 1.0465e-04 | Test: 2.2325e-04 | LR=4.5e-05
Epoch  90/100 | Steps:  90000 | α=1e-02 | Loss: 5.5590e-04 | BC: 9.3332e-05 | PDE: 4.6257e-02 | Val: 9.2269e-05 | Test: 2.1330e-04 | LR=3.9e-05
Epoch  91/100 | Steps:  91000 | α=1e-02 | Loss: 5.1136e-04 | BC: 8.5552e-05 | PDE: 4.2580e-02 | Val: 8.3055e-05 | Test: 2.0533e-04 | LR=3.4e-05
Epoch  92/100 | Steps:  92000 | α=1e-02 | Loss: 4.6881e-04 | BC: 7.7763e-05 | PDE: 3.9105e-02 | Val: 7.8160e-05 | Test: 2.0161e-04 | LR=3.0e-05
Epoch  93/100 | Steps:  93000 | α=1e-02 | Loss: 4.1402e-04 | BC: 7.1800e-05 | PDE: 3.4222e-02 | Val: 6.9963e-05 | Test: 1.9423e-04 | LR=2.6e-05
Epoch  94/100 | Steps:  94000 | α=1e-02 | Loss: 3.8974e-04 | BC: 6.7410e-05 | PDE: 3.2233e-02 | Val: 6.7298e-05 | Test: 1.9146e-04 | LR=2.2e-05
Epoch  95/100 | Steps:  95000 | α=1e-02 | Loss: 3.6197e-04 | BC: 6.4314e-05 | PDE: 2.9766e-02 | Val: 6.4287e-05 | Test: 1.9010e-04 | LR=1.9e-05
Epoch  96/100 | Steps:  96000 | α=1e-02 | Loss: 3.4321e-04 | BC: 6.1539e-05 | PDE: 2.8167e-02 | Val: 6.2943e-05 | Test: 1.8872e-04 | LR=1.6e-05
Epoch  97/100 | Steps:  97000 | α=1e-02 | Loss: 3.3518e-04 | BC: 6.0499e-05 | PDE: 2.7468e-02 | Val: 6.1226e-05 | Test: 1.8736e-04 | LR=1.4e-05

>>> Alpha increased: 1e-02 → 1e-01 (BC=5.9183e-05) <<<
Epoch  98/100 | Steps:  98000 | α=1e-01 | Loss: 3.2531e-04 | BC: 5.9183e-05 | PDE: 2.6613e-02 | Val: 6.0441e-05 | Test: 1.8698e-04 | LR=1.2e-05 *
Epoch  99/100 | Steps:  99000 | α=1e-01 | Loss: 2.5078e-03 | BC: 1.7224e-04 | PDE: 2.3355e-02 | Val: 2.8946e-04 | Test: 3.7665e-04 | LR=1.1e-05
Epoch 100/100 | Steps: 100000 | α=1e-01 | Loss: 2.1620e-03 | BC: 3.6428e-04 | PDE: 1.7977e-02 | Val: 4.2202e-04 | Test: 4.6383e-04 | LR=1.0e-05

Restored best model from epoch 98 (val_loss: 6.0441e-05, test_loss: 1.8698e-04)
Best checkpoint saved to: outputs/expr_7_2_simple/p10_square/clip0_gradclip0_out0/checkpoints/best_model.pt
Final checkpoint saved to: outputs/expr_7_2_simple/p10_square/clip0_gradclip0_out0/checkpoints/final_model.pt
Training completed in 1110.26s (100,000 total steps)

Final Test MSE: 4.6383e-04
Inference (per point): 7.8197e-05s | (full domain): 7.6342e-05s
p-Lap (p=10) PDE test (raw):        3.0250e-02
p-Lap (p=10) PDE test (normalized): 2.5645e-02
Inf-Lap PDE test (raw):                    1.2073e-01
Inf-Lap PDE test (normalized):             1.1705e-01
Saved .npz files to outputs/expr_7_2_simple/p10_square/clip0_gradclip0_out0/npy/
Saved plot to outputs/expr_7_2_simple/p10_square/clip0_gradclip0_out0/plots/results.png
