
============================================================
Running Example: arctan
============================================================

Generated full domain data:
  Boundary points: 40,000
  Interior points: 1,000,000
  Test points: 10,000
Re-sampling enabled: ~1,000,000 interior points per epoch

Splitting data: 80% train, 20% validation
  BC: 32,000 train, 8,000 val
  Interior: 800,000 train, 200,000 val

Model: InfinityLaplacianPINN
  Hidden layers: [128, 128, 128]
  Activation: tanh
  η: 1e-05 (normalized)
  Residual clipping: [-10.0, 10.0]
  Outlier removal: top 2.0%
  Parameters: 33,537

Training configuration:
  Boundary points (train): 32,000 -> 80 batches of 400
  Interior points (train): 1,000,000 -> 1000 batches of 1000
  Interior sampling: RE-SAMPLE each epoch
  Boundary points (val): 8,000
  Validation loss: BC only
  Steps per epoch: 1,000
  Total steps: 100,000
  Epochs: 100
  Loss balancing: AlphaPlateauScheduler
  LR scheduler: cosine (LR: 1.0e-03 -> 1.0e-05)

/usr/local/lib/python3.12/dist-packages/torch/autograd/graph.py:824: UserWarning: Attempting to run cuBLAS, but there was no current CUDA context! Attempting to set the primary context... (Triggered internally at /opt/pytorch/pytorch/aten/src/ATen/cuda/CublasHandlePool.cpp:181.)
  return Variable._execution_engine.run_backward(  # Calls into the C++ engine to run the backward pass
Epoch   1/100 | Steps:   1000 | α=1e-05 | Loss: 1.7562e-02 | BC: 1.7436e-02 | PDE: 1.2586e+01 | Val: 7.0079e-04 | Test: 4.9232e-03 | LR=1.0e-03 *
Epoch   2/100 | Steps:   2000 | α=1e-05 | Loss: 6.3282e-04 | BC: 5.4967e-04 | PDE: 8.3146e+00 | Val: 2.5299e-04 | Test: 1.6955e-03 | LR=1.0e-03 *
Epoch   3/100 | Steps:   3000 | α=1e-05 | Loss: 2.9628e-04 | BC: 2.4062e-04 | PDE: 5.5664e+00 | Val: 9.1887e-05 | Test: 9.9517e-04 | LR=1.0e-03 *
Epoch   4/100 | Steps:   4000 | α=1e-05 | Loss: 1.8550e-04 | BC: 1.4550e-04 | PDE: 4.0003e+00 | Val: 3.8192e-05 | Test: 6.0696e-04 | LR=1.0e-03 *
Epoch   5/100 | Steps:   5000 | α=1e-05 | Loss: 1.1797e-04 | BC: 8.9831e-05 | PDE: 2.8136e+00 | Val: 8.8942e-05 | Test: 4.0118e-04 | LR=1.0e-03
Epoch   6/100 | Steps:   6000 | α=1e-05 | Loss: 9.2273e-05 | BC: 7.4551e-05 | PDE: 1.7722e+00 | Val: 2.1983e-05 | Test: 3.2848e-04 | LR=9.9e-04 *
Epoch   7/100 | Steps:   7000 | α=1e-05 | Loss: 6.6569e-05 | BC: 5.6717e-05 | PDE: 9.8519e-01 | Val: 2.9719e-05 | Test: 2.6648e-04 | LR=9.9e-04
Epoch   8/100 | Steps:   8000 | α=1e-05 | Loss: 4.9210e-05 | BC: 4.3377e-05 | PDE: 5.8330e-01 | Val: 2.6018e-05 | Test: 2.3829e-04 | LR=9.9e-04
Epoch   9/100 | Steps:   9000 | α=1e-05 | Loss: 4.3584e-05 | BC: 4.0056e-05 | PDE: 3.5280e-01 | Val: 1.1500e-04 | Test: 2.1807e-04 | LR=9.8e-04
Epoch  10/100 | Steps:  10000 | α=1e-05 | Loss: 4.4072e-05 | BC: 4.2062e-05 | PDE: 2.0100e-01 | Val: 2.6951e-06 | Test: 1.9169e-04 | LR=9.8e-04 *
Epoch  11/100 | Steps:  11000 | α=1e-05 | Loss: 2.6768e-05 | BC: 2.5259e-05 | PDE: 1.5081e-01 | Val: 1.9599e-05 | Test: 1.8681e-04 | LR=9.8e-04
Epoch  12/100 | Steps:  12000 | α=1e-05 | Loss: 2.8487e-05 | BC: 2.7419e-05 | PDE: 1.0675e-01 | Val: 5.1754e-05 | Test: 1.6922e-04 | LR=9.7e-04
Epoch  13/100 | Steps:  13000 | α=1e-05 | Loss: 2.5031e-05 | BC: 2.4365e-05 | PDE: 6.6586e-02 | Val: 5.0515e-05 | Test: 1.6952e-04 | LR=9.7e-04
Epoch  14/100 | Steps:  14000 | α=1e-05 | Loss: 2.7222e-05 | BC: 2.6464e-05 | PDE: 7.5798e-02 | Val: 2.8630e-04 | Test: 4.3731e-04 | LR=9.6e-04
Epoch  15/100 | Steps:  15000 | α=1e-05 | Loss: 2.1682e-05 | BC: 2.1113e-05 | PDE: 5.6915e-02 | Val: 5.4538e-05 | Test: 1.3510e-04 | LR=9.5e-04
Epoch  16/100 | Steps:  16000 | α=1e-05 | Loss: 1.5914e-05 | BC: 1.5557e-05 | PDE: 3.5717e-02 | Val: 5.2012e-06 | Test: 7.1797e-05 | LR=9.5e-04
Epoch  17/100 | Steps:  17000 | α=1e-05 | Loss: 1.9221e-05 | BC: 1.8886e-05 | PDE: 3.3463e-02 | Val: 4.2682e-07 | Test: 5.2907e-05 | LR=9.4e-04 *
Epoch  18/100 | Steps:  18000 | α=1e-05 | Loss: 2.0101e-05 | BC: 1.9758e-05 | PDE: 3.4309e-02 | Val: 2.0344e-07 | Test: 4.1472e-05 | LR=9.3e-04 *
Epoch  19/100 | Steps:  19000 | α=1e-05 | Loss: 1.5277e-05 | BC: 1.4985e-05 | PDE: 2.9180e-02 | Val: 3.3105e-07 | Test: 3.6361e-05 | LR=9.2e-04
Epoch  20/100 | Steps:  20000 | α=1e-05 | Loss: 1.7088e-05 | BC: 1.6829e-05 | PDE: 2.5901e-02 | Val: 4.5735e-07 | Test: 2.5707e-05 | LR=9.1e-04

>>> Alpha increased: 1e-05 → 1e-04 (BC=2.1346e-05) <<<
Epoch  21/100 | Steps:  21000 | α=1e-04 | Loss: 2.1590e-05 | BC: 2.1346e-05 | PDE: 2.4485e-02 | Val: 4.0411e-05 | Test: 5.7070e-05 | LR=9.1e-04 *
Epoch  22/100 | Steps:  22000 | α=1e-04 | Loss: 1.0617e-05 | BC: 8.7927e-06 | PDE: 1.8247e-02 | Val: 2.6464e-07 | Test: 1.8396e-05 | LR=9.0e-04 *
Epoch  23/100 | Steps:  23000 | α=1e-04 | Loss: 2.3785e-05 | BC: 2.2449e-05 | PDE: 1.3367e-02 | Val: 1.8237e-04 | Test: 1.1013e-04 | LR=8.9e-04
Epoch  24/100 | Steps:  24000 | α=1e-04 | Loss: 7.3372e-06 | BC: 6.6471e-06 | PDE: 6.9007e-03 | Val: 4.9876e-07 | Test: 1.7223e-05 | LR=8.8e-04
Epoch  25/100 | Steps:  25000 | α=1e-04 | Loss: 1.0091e-05 | BC: 9.4450e-06 | PDE: 6.4560e-03 | Val: 1.1688e-06 | Test: 1.6236e-05 | LR=8.7e-04
Epoch  26/100 | Steps:  26000 | α=1e-04 | Loss: 9.8681e-06 | BC: 9.2980e-06 | PDE: 5.7004e-03 | Val: 4.0381e-07 | Test: 1.4730e-05 | LR=8.6e-04
Epoch  27/100 | Steps:  27000 | α=1e-04 | Loss: 1.7474e-05 | BC: 1.6745e-05 | PDE: 7.2963e-03 | Val: 1.0096e-07 | Test: 1.1537e-05 | LR=8.4e-04 *
Epoch  28/100 | Steps:  28000 | α=1e-04 | Loss: 4.7065e-06 | BC: 4.3335e-06 | PDE: 3.7307e-03 | Val: 5.6041e-06 | Test: 1.7298e-05 | LR=8.3e-04
Epoch  29/100 | Steps:  29000 | α=1e-04 | Loss: 1.0496e-05 | BC: 9.7012e-06 | PDE: 7.9511e-03 | Val: 1.3666e-05 | Test: 2.1121e-05 | LR=8.2e-04
Epoch  30/100 | Steps:  30000 | α=1e-04 | Loss: 7.9170e-06 | BC: 7.5075e-06 | PDE: 4.0950e-03 | Val: 3.0447e-05 | Test: 2.6581e-05 | LR=8.1e-04
Epoch  31/100 | Steps:  31000 | α=1e-04 | Loss: 3.4943e-05 | BC: 3.4051e-05 | PDE: 8.9115e-03 | Val: 3.8883e-08 | Test: 6.5433e-06 | LR=8.0e-04 *
Epoch  32/100 | Steps:  32000 | α=1e-04 | Loss: 2.9661e-07 | BC: 1.0803e-07 | PDE: 1.8859e-03 | Val: 2.6518e-07 | Test: 6.6896e-06 | LR=7.8e-04
Epoch  33/100 | Steps:  33000 | α=1e-04 | Loss: 7.1961e-06 | BC: 6.7391e-06 | PDE: 4.5696e-03 | Val: 2.1835e-06 | Test: 9.7244e-06 | LR=7.7e-04
Epoch  34/100 | Steps:  34000 | α=1e-04 | Loss: 8.3852e-06 | BC: 7.8999e-06 | PDE: 4.8534e-03 | Val: 2.0002e-06 | Test: 5.9416e-06 | LR=7.6e-04
Epoch  35/100 | Steps:  35000 | α=1e-04 | Loss: 6.8712e-06 | BC: 6.4500e-06 | PDE: 4.2127e-03 | Val: 2.1971e-07 | Test: 5.1852e-06 | LR=7.4e-04
Epoch  36/100 | Steps:  36000 | α=1e-04 | Loss: 6.7842e-06 | BC: 6.4242e-06 | PDE: 3.5998e-03 | Val: 4.2059e-07 | Test: 4.9172e-06 | LR=7.3e-04

>>> Alpha increased: 1e-04 → 1e-03 (BC=6.4302e-06) <<<
Epoch  37/100 | Steps:  37000 | α=1e-03 | Loss: 6.8077e-06 | BC: 6.4302e-06 | PDE: 3.7747e-03 | Val: 9.1194e-07 | Test: 4.9698e-06 | LR=7.2e-04 *
Epoch  38/100 | Steps:  38000 | α=1e-03 | Loss: 2.2881e-05 | BC: 8.7896e-06 | PDE: 1.4091e-02 | Val: 5.2100e-06 | Test: 4.7853e-06 | LR=7.0e-04
Epoch  39/100 | Steps:  39000 | α=1e-03 | Loss: 6.4317e-06 | BC: 4.2233e-06 | PDE: 2.2084e-03 | Val: 8.7299e-07 | Test: 3.4284e-06 | LR=6.9e-04 *
Epoch  40/100 | Steps:  40000 | α=1e-03 | Loss: 7.3524e-06 | BC: 4.7483e-06 | PDE: 2.6040e-03 | Val: 6.5696e-07 | Test: 2.8985e-06 | LR=6.7e-04 *
Epoch  41/100 | Steps:  41000 | α=1e-03 | Loss: 7.6554e-06 | BC: 5.5265e-06 | PDE: 2.1289e-03 | Val: 2.0072e-06 | Test: 5.4694e-06 | LR=6.6e-04
Epoch  42/100 | Steps:  42000 | α=1e-03 | Loss: 7.6117e-06 | BC: 5.1389e-06 | PDE: 2.4728e-03 | Val: 1.1759e-06 | Test: 3.4080e-06 | LR=6.4e-04
Epoch  43/100 | Steps:  43000 | α=1e-03 | Loss: 6.9133e-06 | BC: 4.6935e-06 | PDE: 2.2198e-03 | Val: 2.3451e-06 | Test: 4.1456e-06 | LR=6.3e-04
Epoch  44/100 | Steps:  44000 | α=1e-03 | Loss: 1.0399e-05 | BC: 7.1655e-06 | PDE: 3.2331e-03 | Val: 2.3604e-07 | Test: 3.0490e-06 | LR=6.1e-04 *
Epoch  45/100 | Steps:  45000 | α=1e-03 | Loss: 3.6213e-06 | BC: 2.6097e-06 | PDE: 1.0117e-03 | Val: 2.7774e-05 | Test: 3.2940e-05 | LR=6.0e-04
Epoch  46/100 | Steps:  46000 | α=1e-03 | Loss: 6.1339e-06 | BC: 4.1848e-06 | PDE: 1.9491e-03 | Val: 2.8519e-06 | Test: 5.3358e-06 | LR=5.8e-04
Epoch  47/100 | Steps:  47000 | α=1e-03 | Loss: 1.0084e-05 | BC: 7.7160e-06 | PDE: 2.3680e-03 | Val: 1.3955e-07 | Test: 4.5703e-06 | LR=5.7e-04 *
Epoch  48/100 | Steps:  48000 | α=1e-03 | Loss: 3.3288e-06 | BC: 2.2369e-06 | PDE: 1.0918e-03 | Val: 9.5420e-06 | Test: 5.0181e-06 | LR=5.5e-04
Epoch  49/100 | Steps:  49000 | α=1e-03 | Loss: 5.0959e-06 | BC: 3.5176e-06 | PDE: 1.5783e-03 | Val: 6.5110e-07 | Test: 6.3109e-06 | LR=5.4e-04

>>> Alpha increased: 1e-03 → 1e-02 (BC=2.9946e-06) <<<
Epoch  50/100 | Steps:  50000 | α=1e-02 | Loss: 4.3381e-06 | BC: 2.9946e-06 | PDE: 1.3435e-03 | Val: 5.8195e-06 | Test: 1.2381e-05 | LR=5.2e-04 *
Epoch  51/100 | Steps:  51000 | α=1e-02 | Loss: 1.6313e-04 | BC: 2.2245e-05 | PDE: 1.4089e-02 | Val: 1.0031e-05 | Test: 1.2875e-05 | LR=5.1e-04
Epoch  52/100 | Steps:  52000 | α=1e-02 | Loss: 6.4766e-05 | BC: 4.1710e-05 | PDE: 2.3056e-03 | Val: 1.0454e-06 | Test: 2.2955e-06 | LR=4.9e-04 *
Epoch  53/100 | Steps:  53000 | α=1e-02 | Loss: 1.4557e-05 | BC: 3.3959e-06 | PDE: 1.1161e-03 | Val: 1.5976e-06 | Test: 2.8208e-06 | LR=4.7e-04
Epoch  54/100 | Steps:  54000 | α=1e-02 | Loss: 1.5703e-05 | BC: 3.2911e-06 | PDE: 1.2412e-03 | Val: 6.8081e-07 | Test: 1.9659e-06 | LR=4.6e-04 *
Epoch  55/100 | Steps:  55000 | α=1e-02 | Loss: 1.9992e-05 | BC: 4.5583e-06 | PDE: 1.5434e-03 | Val: 7.3397e-07 | Test: 2.4442e-06 | LR=4.4e-04
Epoch  56/100 | Steps:  56000 | α=1e-02 | Loss: 1.3210e-05 | BC: 3.1778e-06 | PDE: 1.0033e-03 | Val: 3.1207e-06 | Test: 4.0836e-06 | LR=4.3e-04
Epoch  57/100 | Steps:  57000 | α=1e-02 | Loss: 1.2745e-05 | BC: 3.2649e-06 | PDE: 9.4801e-04 | Val: 3.1267e-06 | Test: 3.6753e-06 | LR=4.1e-04

>>> Alpha increased: 1e-02 → 1e-01 (BC=3.7312e-06) <<<
Epoch  58/100 | Steps:  58000 | α=1e-01 | Loss: 1.4087e-05 | BC: 3.7312e-06 | PDE: 1.0356e-03 | Val: 1.2782e-05 | Test: 1.3601e-05 | LR=4.0e-04 *
Epoch  59/100 | Steps:  59000 | α=1e-01 | Loss: 8.5191e-04 | BC: 1.2592e-04 | PDE: 7.2599e-03 | Val: 6.2400e-06 | Test: 3.7702e-06 | LR=3.8e-04 *
Epoch  60/100 | Steps:  60000 | α=1e-01 | Loss: 1.2651e-04 | BC: 2.2861e-05 | PDE: 1.0365e-03 | Val: 4.7965e-06 | Test: 4.4952e-06 | LR=3.7e-04 *
Epoch  61/100 | Steps:  61000 | α=1e-01 | Loss: 9.4559e-05 | BC: 1.1020e-05 | PDE: 8.3540e-04 | Val: 5.6758e-06 | Test: 6.9019e-06 | LR=3.5e-04
Epoch  62/100 | Steps:  62000 | α=1e-01 | Loss: 8.6677e-05 | BC: 1.1005e-05 | PDE: 7.5672e-04 | Val: 2.5541e-06 | Test: 3.9905e-06 | LR=3.4e-04 *
Epoch  63/100 | Steps:  63000 | α=1e-01 | Loss: 1.6527e-04 | BC: 3.9555e-05 | PDE: 1.2572e-03 | Val: 9.7890e-06 | Test: 1.1598e-05 | LR=3.2e-04
Epoch  64/100 | Steps:  64000 | α=1e-01 | Loss: 6.8380e-05 | BC: 9.6724e-06 | PDE: 5.8708e-04 | Val: 4.4646e-06 | Test: 5.2709e-06 | LR=3.1e-04
Epoch  65/100 | Steps:  65000 | α=1e-01 | Loss: 1.7317e-04 | BC: 3.5825e-05 | PDE: 1.3735e-03 | Val: 4.6822e-06 | Test: 5.1309e-06 | LR=2.9e-04
Epoch  66/100 | Steps:  66000 | α=1e-01 | Loss: 3.9574e-05 | BC: 6.6745e-06 | PDE: 3.2899e-04 | Val: 2.4870e-06 | Test: 3.7509e-06 | LR=2.8e-04 *
Epoch  67/100 | Steps:  67000 | α=1e-01 | Loss: 5.0680e-05 | BC: 8.3864e-06 | PDE: 4.2294e-04 | Val: 2.3425e-05 | Test: 6.6624e-06 | LR=2.7e-04
Epoch  68/100 | Steps:  68000 | α=1e-01 | Loss: 1.3907e-04 | BC: 6.0660e-05 | PDE: 7.8409e-04 | Val: 4.6648e-06 | Test: 3.7346e-06 | LR=2.5e-04
Epoch  69/100 | Steps:  69000 | α=1e-01 | Loss: 9.0021e-05 | BC: 1.6219e-05 | PDE: 7.3802e-04 | Val: 3.3946e-06 | Test: 3.2754e-06 | LR=2.4e-04
Epoch  70/100 | Steps:  70000 | α=1e-01 | Loss: 6.1346e-05 | BC: 9.7130e-06 | PDE: 5.1633e-04 | Val: 1.4083e-04 | Test: 2.2575e-05 | LR=2.3e-04
Epoch  71/100 | Steps:  71000 | α=1e-01 | Loss: 4.7508e-05 | BC: 9.0211e-06 | PDE: 3.8487e-04 | Val: 2.5104e-06 | Test: 2.6104e-06 | LR=2.1e-04
Epoch  72/100 | Steps:  72000 | α=1e-01 | Loss: 5.1527e-05 | BC: 2.1781e-05 | PDE: 2.9746e-04 | Val: 3.1873e-06 | Test: 2.3261e-06 | LR=2.0e-04
Epoch  73/100 | Steps:  73000 | α=1e-01 | Loss: 4.0371e-05 | BC: 7.7155e-06 | PDE: 3.2655e-04 | Val: 2.3488e-06 | Test: 2.1791e-06 | LR=1.9e-04 *
Epoch  74/100 | Steps:  74000 | α=1e-01 | Loss: 3.1208e-05 | BC: 1.1080e-05 | PDE: 2.0128e-04 | Val: 2.5013e-06 | Test: 2.3823e-06 | LR=1.8e-04
Epoch  75/100 | Steps:  75000 | α=1e-01 | Loss: 3.2467e-05 | BC: 4.0423e-06 | PDE: 2.8425e-04 | Val: 2.3248e-06 | Test: 2.9434e-06 | LR=1.7e-04 *
Epoch  76/100 | Steps:  76000 | α=1e-01 | Loss: 3.0688e-05 | BC: 4.5024e-06 | PDE: 2.6186e-04 | Val: 4.0418e-06 | Test: 3.8637e-06 | LR=1.5e-04
Epoch  77/100 | Steps:  77000 | α=1e-01 | Loss: 2.2818e-05 | BC: 3.1115e-06 | PDE: 1.9706e-04 | Val: 1.4658e-06 | Test: 2.4027e-06 | LR=1.4e-04 *
Epoch  78/100 | Steps:  78000 | α=1e-01 | Loss: 2.4622e-05 | BC: 3.3842e-06 | PDE: 2.1238e-04 | Val: 1.4370e-06 | Test: 2.2056e-06 | LR=1.3e-04 *
Epoch  79/100 | Steps:  79000 | α=1e-01 | Loss: 2.2963e-05 | BC: 2.9200e-06 | PDE: 2.0043e-04 | Val: 1.2879e-06 | Test: 2.2097e-06 | LR=1.2e-04 *
Epoch  80/100 | Steps:  80000 | α=1e-01 | Loss: 1.5669e-05 | BC: 2.5900e-06 | PDE: 1.3079e-04 | Val: 1.0206e-05 | Test: 1.2071e-05 | LR=1.1e-04
Epoch  81/100 | Steps:  81000 | α=1e-01 | Loss: 1.5172e-05 | BC: 2.0437e-06 | PDE: 1.3128e-04 | Val: 1.0275e-06 | Test: 2.2319e-06 | LR=1.0e-04 *
Epoch  82/100 | Steps:  82000 | α=1e-01 | Loss: 2.7264e-05 | BC: 4.6821e-06 | PDE: 2.2582e-04 | Val: 2.8637e-06 | Test: 2.7882e-06 | LR=9.6e-05
Epoch  83/100 | Steps:  83000 | α=1e-01 | Loss: 1.4254e-05 | BC: 2.1335e-06 | PDE: 1.2121e-04 | Val: 1.1636e-06 | Test: 2.1362e-06 | LR=8.7e-05
Epoch  84/100 | Steps:  84000 | α=1e-01 | Loss: 1.8433e-05 | BC: 2.7520e-06 | PDE: 1.5681e-04 | Val: 1.4245e-06 | Test: 2.3155e-06 | LR=7.9e-05
Epoch  85/100 | Steps:  85000 | α=1e-01 | Loss: 2.2087e-05 | BC: 4.3578e-06 | PDE: 1.7729e-04 | Val: 3.8062e-06 | Test: 2.8363e-06 | LR=7.1e-05
Epoch  86/100 | Steps:  86000 | α=1e-01 | Loss: 9.7334e-06 | BC: 1.9153e-06 | PDE: 7.8181e-05 | Val: 9.2576e-07 | Test: 1.9993e-06 | LR=6.4e-05 *
Epoch  87/100 | Steps:  87000 | α=1e-01 | Loss: 7.1281e-06 | BC: 1.2307e-06 | PDE: 5.8974e-05 | Val: 1.0386e-06 | Test: 2.3158e-06 | LR=5.7e-05
Epoch  88/100 | Steps:  88000 | α=1e-01 | Loss: 8.2781e-06 | BC: 1.2565e-06 | PDE: 7.0217e-05 | Val: 1.6200e-06 | Test: 1.9520e-06 | LR=5.1e-05
Epoch  89/100 | Steps:  89000 | α=1e-01 | Loss: 1.0927e-05 | BC: 1.5854e-06 | PDE: 9.3413e-05 | Val: 8.3329e-07 | Test: 2.1821e-06 | LR=4.5e-05 *
Epoch  90/100 | Steps:  90000 | α=1e-01 | Loss: 7.4399e-06 | BC: 1.2365e-06 | PDE: 6.2034e-05 | Val: 1.0664e-06 | Test: 2.3271e-06 | LR=3.9e-05
Epoch  91/100 | Steps:  91000 | α=1e-01 | Loss: 6.0747e-06 | BC: 1.0808e-06 | PDE: 4.9939e-05 | Val: 7.4243e-07 | Test: 2.1782e-06 | LR=3.4e-05 *
Epoch  92/100 | Steps:  92000 | α=1e-01 | Loss: 5.2759e-06 | BC: 9.4701e-07 | PDE: 4.3289e-05 | Val: 7.9331e-07 | Test: 2.1554e-06 | LR=3.0e-05
Epoch  93/100 | Steps:  93000 | α=1e-01 | Loss: 6.9804e-06 | BC: 1.1757e-06 | PDE: 5.8048e-05 | Val: 6.9245e-07 | Test: 2.1237e-06 | LR=2.6e-05 *
Epoch  94/100 | Steps:  94000 | α=1e-01 | Loss: 3.9680e-06 | BC: 8.2902e-07 | PDE: 3.1390e-05 | Val: 7.2641e-07 | Test: 2.2586e-06 | LR=2.2e-05
Epoch  95/100 | Steps:  95000 | α=1e-01 | Loss: 1.0149e-05 | BC: 1.6485e-06 | PDE: 8.5009e-05 | Val: 7.8936e-07 | Test: 2.2925e-06 | LR=1.9e-05
Epoch  96/100 | Steps:  96000 | α=1e-01 | Loss: 3.1608e-06 | BC: 7.3384e-07 | PDE: 2.4270e-05 | Val: 7.6841e-07 | Test: 2.2166e-06 | LR=1.6e-05
Epoch  97/100 | Steps:  97000 | α=1e-01 | Loss: 4.8295e-06 | BC: 8.1124e-07 | PDE: 4.0183e-05 | Val: 6.4982e-07 | Test: 2.0691e-06 | LR=1.4e-05 *
Epoch  98/100 | Steps:  98000 | α=1e-01 | Loss: 3.4528e-06 | BC: 7.2756e-07 | PDE: 2.7253e-05 | Val: 6.2011e-07 | Test: 2.1561e-06 | LR=1.2e-05 *
Epoch  99/100 | Steps:  99000 | α=1e-01 | Loss: 3.6790e-06 | BC: 7.1184e-07 | PDE: 2.9671e-05 | Val: 6.1658e-07 | Test: 2.1722e-06 | LR=1.1e-05 *
Epoch 100/100 | Steps: 100000 | α=1e-01 | Loss: 4.5785e-06 | BC: 8.0475e-07 | PDE: 3.7738e-05 | Val: 6.0190e-07 | Test: 2.2035e-06 | LR=1.0e-05 *

Restored best model from epoch 100 (val_loss: 6.0190e-07, test_loss: 2.2035e-06)
Best checkpoint saved to: outputs/expr_7_1/arctan/l3/checkpoints/best_model.pt
Final checkpoint saved to: outputs/expr_7_1/arctan/l3/checkpoints/final_model.pt
Training completed in 891.11s (100,000 total steps)

Final Test MSE: 2.2035e-06
Inference (per point): 6.3467e-05s | (full domain): 6.0887e-05s
Saved plot to outputs/expr_7_1/arctan/l3/plots/results.png
