
============================================================
Dist-to-Boundary  —  Ellipse 2 (rotated −π/4)  (2-D)
============================================================
Device: cuda
  Loaded p=5: 372736 points, mse: 2.419213e-03
  Loaded p=10: 372736 points, mse: 6.431422e-04
  Loaded p=15: 372736 points, mse: 2.912427e-04
  Loaded p=20: 372736 points, mse: 1.655515e-04
  Loaded p=25: 372736 points, mse: 1.067618e-04
  Loaded p=30: 372736 points, mse: 7.460598e-05
  Loaded p=35: 372736 points, mse: 5.511838e-05
  Loaded p=40: 372736 points, mse: 4.241853e-05
  Loaded p=45: 372736 points, mse: 3.368090e-05
  Loaded p=50: 372736 points, mse: 2.741244e-05
  Loaded p=55: 372736 points, mse: 2.276163e-05
  Loaded p=60: 372736 points, mse: 1.921524e-05
  Loaded p=65: 372736 points, mse: 1.644868e-05
  Loaded p=70: 372736 points, mse: 1.424848e-05
  Loaded p=75: 372736 points, mse: 1.246959e-05
  Loaded p=80: 372736 points, mse: 1.101062e-05
  Loaded p=85: 372736 points, mse: 9.798981e-06
  Loaded p=90: 372736 points, mse: 8.781587e-06
  Loaded p=95: 372736 points, mse: 8.196179e-06
  Loaded p=100: 372736 points, mse: 7.581733e-06
  Loaded p=105: 372736 points, mse: 7.239859e-06
  Loaded p=110: 372736 points, mse: 7.079013e-06
Training data: X=(8200192, 3)  Y=(8200192, 1)
Model: trunk=[2, 512, 512, 512, 128]  branch=[1, 128, 128, 128, 128]  params=642,433
Scheduler: CosineAnnealingLR  T_max=20  eta_min=1e-06
Epoch --- Train Loss --- LR --- p150 --- p200 --- p250 --- p500
    0 --- 1.507439e-03 --- 1.00e-04 --- 4.308113e-04 --- 9.951011e-04 --- 1.806430e-03 --- 8.736617e-03
    1 --- 1.194132e-04 --- 9.94e-05 --- 1.584645e-04 --- 4.371558e-04 --- 8.599260e-04 --- 3.861391e-03
    2 --- 1.010631e-04 --- 9.76e-05 --- 3.600527e-04 --- 2.162620e-03 --- 6.327134e-03 --- 5.863840e-02
    3 --- 8.387548e-05 --- 9.46e-05 --- 2.723012e-04 --- 4.623218e-04 --- 6.154389e-04 --- 1.220229e-03
    4 --- 6.697087e-05 --- 9.05e-05 --- 2.047825e-04 --- 1.173552e-03 --- 3.108769e-03 --- 1.578116e-02
    5 --- 5.579774e-05 --- 8.55e-05 --- 6.233142e-05 --- 1.115817e-04 --- 1.907721e-04 --- 5.784102e-04
    6 --- 3.535475e-05 --- 7.96e-05 --- 9.970526e-05 --- 3.258333e-04 --- 8.012853e-04 --- 5.432392e-03
    7 --- 1.918346e-05 --- 7.30e-05 --- 4.538055e-05 --- 1.738022e-04 --- 4.441756e-04 --- 2.789703e-03
    8 --- 1.485090e-05 --- 6.58e-05 --- 4.900568e-05 --- 1.053252e-04 --- 1.988665e-04 --- 8.214487e-04
    9 --- 1.187331e-05 --- 5.82e-05 --- 9.633121e-06 --- 1.797912e-05 --- 4.015216e-05 --- 2.873489e-04
   10 --- 9.056430e-06 --- 5.05e-05 --- 1.112549e-05 --- 2.333902e-05 --- 5.441486e-05 --- 3.741511e-04
   11 --- 6.238991e-06 --- 4.28e-05 --- 9.201427e-06 --- 1.841126e-05 --- 4.617096e-05 --- 3.360703e-04
   12 --- 4.960316e-06 --- 3.52e-05 --- 6.691685e-06 --- 1.707165e-05 --- 4.244492e-05 --- 2.865679e-04
   13 --- 4.291384e-06 --- 2.80e-05 --- 8.805046e-06 --- 1.409218e-05 --- 3.340315e-05 --- 2.326316e-04
   14 --- 3.709232e-06 --- 2.14e-05 --- 4.650689e-06 --- 1.182719e-05 --- 2.947742e-05 --- 1.951228e-04
   15 --- 3.343143e-06 --- 1.55e-05 --- 4.958423e-06 --- 9.309151e-06 --- 2.316619e-05 --- 1.611507e-04
   16 --- 3.108038e-06 --- 1.05e-05 --- 5.769825e-06 --- 9.029070e-06 --- 2.092174e-05 --- 1.473049e-04
   17 --- 2.954353e-06 --- 6.40e-06 --- 5.693581e-06 --- 7.748735e-06 --- 1.785110e-05 --- 1.335926e-04
   18 --- 2.847620e-06 --- 3.42e-06 --- 8.222348e-06 --- 9.121047e-06 --- 1.820581e-05 --- 1.313020e-04
   19 --- 2.789600e-06 --- 1.61e-06 --- 6.551683e-06 --- 8.126503e-06 --- 1.746693e-05 --- 1.318916e-04
Total training time: 742.44s
Inference (per point): 1.4061e-04s | (full domain): 1.4053e-04s
  p=  5:  MSE=2.519263e-03
  p=105:  MSE=1.087569e-05
  p=205:  MSE=8.700529e-06
  p=305:  MSE=3.656223e-05
  p=405:  MSE=8.455737e-05
  Saved MSE curves → outputs/expr_7_3_2/ellipse2/no_inf/npy/mse.npz  (deeponet, fem, pred_train)

All experiments completed!
