
============================================================
Eikonal Equation |∇u|² = 1 (3D)
Case: boundary | Domain: torus
============================================================

  Interior: 453,208  |  Test: 54,856
  Boundary points: 20,000
  Re-sampling enabled: ~453,208 interior points per epoch

  Splitting: 80% train, 20% val
  BC: 16,000 train, 4,000 val
  Interior: 362,566 train, 90,642 val

Model: EikonalPINN (input_dim=3)
  Hidden layers: [128, 128, 128, 128], activation: tanh
  Residual clipping: [-10.0, 10.0]
  Outlier removal: top 2.0%
  Positivity weight: 0.5
  Parameters: 50,177

Training configuration:
  Boundary points (train): 16,000 -> 40 batches of 400
  Interior points (train): 453,208 -> 454 batches of 1000
  Interior sampling: RE-SAMPLE each epoch
  Boundary points (val): 4,000
  Validation loss: BC only
  Steps per epoch: 454
  Total steps: 45,400
  Epochs: 100
  Loss balancing: AlphaPlateauScheduler
  LR scheduler: cosine (LR: 1.0e-03 -> 1.0e-05)

/usr/local/lib/python3.12/dist-packages/torch/autograd/graph.py:824: UserWarning: Attempting to run cuBLAS, but there was no current CUDA context! Attempting to set the primary context... (Triggered internally at /opt/pytorch/pytorch/aten/src/ATen/cuda/CublasHandlePool.cpp:181.)
  return Variable._execution_engine.run_backward(  # Calls into the C++ engine to run the backward pass
Epoch   1/100 | Steps:    454 | α=1e-01 | Loss: 5.1004e-02 | BC: 1.0462e-03 | PDE: 4.9958e-01 | Val: 2.4307e-06 | Test: 1.6697e-01 | LR=1.0e-03 *
Epoch   2/100 | Steps:    908 | α=1e-01 | Loss: 5.0060e-02 | BC: 6.6536e-05 | PDE: 4.9993e-01 | Val: 8.6330e-06 | Test: 1.6647e-01 | LR=1.0e-03
Epoch   3/100 | Steps:   1362 | α=1e-01 | Loss: 5.0049e-02 | BC: 2.1123e-03 | PDE: 4.7937e-01 | Val: 1.0855e-02 | Test: 1.7301e-01 | LR=1.0e-03
Epoch   4/100 | Steps:   1816 | α=1e-01 | Loss: 3.5373e-02 | BC: 1.1143e-02 | PDE: 2.4230e-01 | Val: 8.9869e-03 | Test: 1.7797e-01 | LR=1.0e-03
Epoch   5/100 | Steps:   2270 | α=1e-01 | Loss: 2.5821e-02 | BC: 8.8519e-03 | PDE: 1.6969e-01 | Val: 8.1226e-03 | Test: 1.8536e-01 | LR=1.0e-03
Epoch   6/100 | Steps:   2724 | α=1e-01 | Loss: 2.2248e-02 | BC: 8.3058e-03 | PDE: 1.3942e-01 | Val: 7.7593e-03 | Test: 1.8134e-01 | LR=9.9e-04

>>> Alpha increased: 1e-01 → 1e+00 (BC=4.1786e-03) <<<
Epoch   7/100 | Steps:   3178 | α=1e+00 | Loss: 1.2382e-02 | BC: 4.1786e-03 | PDE: 8.2032e-02 | Val: 2.9736e-03 | Test: 3.0764e-01 | LR=9.9e-04 *
Epoch   8/100 | Steps:   3632 | α=1e+00 | Loss: 2.6307e-02 | BC: 5.8440e-03 | PDE: 2.0463e-02 | Val: 4.3428e-03 | Test: 2.9140e-01 | LR=9.9e-04
Epoch   9/100 | Steps:   4086 | α=1e+00 | Loss: 1.8137e-02 | BC: 3.7821e-03 | PDE: 1.4355e-02 | Val: 3.7453e-03 | Test: 2.8289e-01 | LR=9.8e-04
Epoch  10/100 | Steps:   4540 | α=1e+00 | Loss: 1.6673e-02 | BC: 3.2861e-03 | PDE: 1.3387e-02 | Val: 3.7695e-03 | Test: 3.0681e-01 | LR=9.8e-04
Epoch  11/100 | Steps:   4994 | α=1e+00 | Loss: 1.5856e-02 | BC: 3.2381e-03 | PDE: 1.2618e-02 | Val: 2.2329e-03 | Test: 2.8601e-01 | LR=9.8e-04 *
Epoch  12/100 | Steps:   5448 | α=1e+00 | Loss: 1.4299e-02 | BC: 2.7406e-03 | PDE: 1.1559e-02 | Val: 3.0566e-03 | Test: 2.7376e-01 | LR=9.7e-04
Epoch  13/100 | Steps:   5902 | α=1e+00 | Loss: 1.3145e-02 | BC: 2.1976e-03 | PDE: 1.0948e-02 | Val: 1.7650e-03 | Test: 2.8769e-01 | LR=9.7e-04 *
Epoch  14/100 | Steps:   6356 | α=1e+00 | Loss: 1.4882e-02 | BC: 2.9091e-03 | PDE: 1.1973e-02 | Val: 1.8508e-03 | Test: 2.7957e-01 | LR=9.6e-04
Epoch  15/100 | Steps:   6810 | α=1e+00 | Loss: 1.0942e-02 | BC: 1.5085e-03 | PDE: 9.4337e-03 | Val: 1.5424e-03 | Test: 2.8045e-01 | LR=9.5e-04 *
Epoch  16/100 | Steps:   7264 | α=1e+00 | Loss: 1.1583e-02 | BC: 1.7564e-03 | PDE: 9.8269e-03 | Val: 1.5570e-03 | Test: 2.8350e-01 | LR=9.5e-04
Epoch  17/100 | Steps:   7718 | α=1e+00 | Loss: 1.0859e-02 | BC: 1.4826e-03 | PDE: 9.3766e-03 | Val: 1.8226e-03 | Test: 3.0702e-01 | LR=9.4e-04
Epoch  18/100 | Steps:   8172 | α=1e+00 | Loss: 1.1704e-02 | BC: 2.0277e-03 | PDE: 9.6763e-03 | Val: 2.0418e-03 | Test: 2.7685e-01 | LR=9.3e-04
Epoch  19/100 | Steps:   8626 | α=1e+00 | Loss: 1.0850e-02 | BC: 1.4755e-03 | PDE: 9.3743e-03 | Val: 2.2067e-03 | Test: 2.7227e-01 | LR=9.2e-04

>>> Alpha increased: 1e+00 → 1e+01 (BC=1.3786e-03) <<<
Epoch  20/100 | Steps:   9080 | α=1e+01 | Loss: 1.0596e-02 | BC: 1.3786e-03 | PDE: 9.2172e-03 | Val: 1.5334e-03 | Test: 2.8762e-01 | LR=9.1e-04 *
Epoch  21/100 | Steps:   9534 | α=1e+01 | Loss: 1.5237e-01 | BC: 3.0068e-02 | PDE: 1.2230e-02 | Val: 2.4973e-02 | Test: 1.7921e-01 | LR=9.1e-04
Epoch  22/100 | Steps:   9988 | α=1e+01 | Loss: 7.0061e-02 | BC: 2.2076e-02 | PDE: 4.7984e-03 | Val: 2.2107e-02 | Test: 1.7991e-01 | LR=9.0e-04
Epoch  23/100 | Steps:  10442 | α=1e+01 | Loss: 6.0906e-02 | BC: 2.0167e-02 | PDE: 4.0739e-03 | Val: 2.1698e-02 | Test: 1.6673e-01 | LR=8.9e-04
Epoch  24/100 | Steps:  10896 | α=1e+01 | Loss: 6.0694e-02 | BC: 1.9860e-02 | PDE: 4.0833e-03 | Val: 1.9701e-02 | Test: 1.7320e-01 | LR=8.8e-04
Epoch  25/100 | Steps:  11350 | α=1e+01 | Loss: 5.6231e-02 | BC: 1.9182e-02 | PDE: 3.7050e-03 | Val: 1.6576e-02 | Test: 1.6524e-01 | LR=8.7e-04
Epoch  26/100 | Steps:  11804 | α=1e+01 | Loss: 5.2512e-02 | BC: 1.8041e-02 | PDE: 3.4471e-03 | Val: 1.7137e-02 | Test: 1.5206e-01 | LR=8.6e-04
Epoch  27/100 | Steps:  12258 | α=1e+01 | Loss: 5.2241e-02 | BC: 1.7655e-02 | PDE: 3.4586e-03 | Val: 1.2884e-02 | Test: 1.3277e-01 | LR=8.4e-04
Epoch  28/100 | Steps:  12712 | α=1e+01 | Loss: 8.2235e-02 | BC: 1.6655e-02 | PDE: 6.5580e-03 | Val: 1.3987e-02 | Test: 4.1810e-02 | LR=8.3e-04
Epoch  29/100 | Steps:  13166 | α=1e+01 | Loss: 2.8061e-02 | BC: 8.4151e-03 | PDE: 1.9646e-03 | Val: 4.7196e-03 | Test: 4.8843e-02 | LR=8.2e-04
Epoch  30/100 | Steps:  13620 | α=1e+01 | Loss: 1.3859e-02 | BC: 3.9453e-03 | PDE: 9.9138e-04 | Val: 3.0536e-03 | Test: 4.2280e-03 | LR=8.1e-04
Epoch  31/100 | Steps:  14074 | α=1e+01 | Loss: 2.0642e-03 | BC: 8.3289e-04 | PDE: 1.2313e-04 | Val: 5.5003e-04 | Test: 5.4528e-04 | LR=8.0e-04 *
Epoch  32/100 | Steps:  14528 | α=1e+01 | Loss: 1.1376e-03 | BC: 4.6472e-04 | PDE: 6.7283e-05 | Val: 4.5534e-04 | Test: 4.3773e-04 | LR=7.8e-04 *
Epoch  33/100 | Steps:  14982 | α=1e+01 | Loss: 1.1074e-03 | BC: 3.7967e-04 | PDE: 7.2778e-05 | Val: 2.8224e-04 | Test: 3.0654e-04 | LR=7.7e-04 *
Epoch  34/100 | Steps:  15436 | α=1e+01 | Loss: 1.0348e-03 | BC: 3.1449e-04 | PDE: 7.2034e-05 | Val: 2.5862e-04 | Test: 2.5207e-04 | LR=7.6e-04 *
Epoch  35/100 | Steps:  15890 | α=1e+01 | Loss: 1.0153e-03 | BC: 2.5765e-04 | PDE: 7.5761e-05 | Val: 2.7037e-04 | Test: 2.6297e-04 | LR=7.4e-04
Epoch  36/100 | Steps:  16344 | α=1e+01 | Loss: 8.8120e-04 | BC: 2.0357e-04 | PDE: 6.7763e-05 | Val: 1.6552e-04 | Test: 1.6304e-04 | LR=7.3e-04 *
Epoch  37/100 | Steps:  16798 | α=1e+01 | Loss: 7.5410e-04 | BC: 1.5146e-04 | PDE: 6.0265e-05 | Val: 8.3941e-05 | Test: 9.5972e-05 | LR=7.2e-04 *
Epoch  38/100 | Steps:  17252 | α=1e+01 | Loss: 1.0442e-03 | BC: 1.6717e-04 | PDE: 8.7701e-05 | Val: 1.1267e-04 | Test: 9.7863e-05 | LR=7.0e-04
Epoch  39/100 | Steps:  17706 | α=1e+01 | Loss: 5.1498e-04 | BC: 9.4711e-05 | PDE: 4.2027e-05 | Val: 7.9561e-05 | Test: 8.0902e-05 | LR=6.9e-04 *
Epoch  40/100 | Steps:  18160 | α=1e+01 | Loss: 5.4495e-04 | BC: 8.4555e-05 | PDE: 4.6039e-05 | Val: 7.0385e-05 | Test: 7.3437e-05 | LR=6.7e-04 *
Epoch  41/100 | Steps:  18614 | α=1e+01 | Loss: 5.1150e-04 | BC: 7.2208e-05 | PDE: 4.3929e-05 | Val: 6.8277e-05 | Test: 7.1624e-05 | LR=6.6e-04 *
Epoch  42/100 | Steps:  19068 | α=1e+01 | Loss: 4.8724e-04 | BC: 7.3779e-05 | PDE: 4.1346e-05 | Val: 9.4599e-05 | Test: 7.2581e-05 | LR=6.4e-04
Epoch  43/100 | Steps:  19522 | α=1e+01 | Loss: 4.5778e-04 | BC: 6.0335e-05 | PDE: 3.9744e-05 | Val: 6.3232e-05 | Test: 5.4323e-05 | LR=6.3e-04 *
Epoch  44/100 | Steps:  19976 | α=1e+01 | Loss: 4.3060e-04 | BC: 5.6809e-05 | PDE: 3.7379e-05 | Val: 6.8433e-05 | Test: 6.5832e-05 | LR=6.1e-04
Epoch  45/100 | Steps:  20430 | α=1e+01 | Loss: 3.8523e-04 | BC: 4.8234e-05 | PDE: 3.3700e-05 | Val: 5.1298e-05 | Test: 5.1483e-05 | LR=6.0e-04 *
Epoch  46/100 | Steps:  20884 | α=1e+01 | Loss: 3.9473e-04 | BC: 4.8001e-05 | PDE: 3.4673e-05 | Val: 8.5271e-05 | Test: 6.9933e-05 | LR=5.8e-04
Epoch  47/100 | Steps:  21338 | α=1e+01 | Loss: 3.4367e-04 | BC: 4.0529e-05 | PDE: 3.0315e-05 | Val: 4.8062e-05 | Test: 4.7800e-05 | LR=5.7e-04 *
Epoch  48/100 | Steps:  21792 | α=1e+01 | Loss: 3.2742e-04 | BC: 3.8416e-05 | PDE: 2.8900e-05 | Val: 2.9436e-05 | Test: 3.1123e-05 | LR=5.5e-04 *
Epoch  49/100 | Steps:  22246 | α=1e+01 | Loss: 3.5319e-04 | BC: 3.9637e-05 | PDE: 3.1356e-05 | Val: 3.2165e-05 | Test: 3.4917e-05 | LR=5.4e-04
Epoch  50/100 | Steps:  22700 | α=1e+01 | Loss: 2.7266e-04 | BC: 3.0266e-05 | PDE: 2.4239e-05 | Val: 2.8671e-05 | Test: 2.1998e-05 | LR=5.2e-04 *
Epoch  51/100 | Steps:  23154 | α=1e+01 | Loss: 2.7128e-04 | BC: 3.0633e-05 | PDE: 2.4064e-05 | Val: 8.9522e-05 | Test: 7.0194e-05 | LR=5.1e-04
Epoch  52/100 | Steps:  23608 | α=1e+01 | Loss: 2.5999e-04 | BC: 2.8753e-05 | PDE: 2.3124e-05 | Val: 1.2199e-05 | Test: 1.6518e-05 | LR=4.9e-04 *
Epoch  53/100 | Steps:  24062 | α=1e+01 | Loss: 2.0690e-04 | BC: 2.2665e-05 | PDE: 1.8424e-05 | Val: 1.4864e-05 | Test: 1.4879e-05 | LR=4.7e-04
Epoch  54/100 | Steps:  24516 | α=1e+01 | Loss: 2.5569e-04 | BC: 2.6966e-05 | PDE: 2.2873e-05 | Val: 2.2312e-05 | Test: 2.1871e-05 | LR=4.6e-04
Epoch  55/100 | Steps:  24970 | α=1e+01 | Loss: 1.8366e-04 | BC: 2.1428e-05 | PDE: 1.6223e-05 | Val: 1.2182e-05 | Test: 1.2247e-05 | LR=4.4e-04 *
Epoch  56/100 | Steps:  25424 | α=1e+01 | Loss: 2.0198e-04 | BC: 2.0479e-05 | PDE: 1.8150e-05 | Val: 1.2844e-05 | Test: 1.4963e-05 | LR=4.3e-04
Epoch  57/100 | Steps:  25878 | α=1e+01 | Loss: 1.9891e-04 | BC: 2.1097e-05 | PDE: 1.7781e-05 | Val: 1.7899e-05 | Test: 1.5312e-05 | LR=4.1e-04
Epoch  58/100 | Steps:  26332 | α=1e+01 | Loss: 1.6577e-04 | BC: 1.7471e-05 | PDE: 1.4830e-05 | Val: 2.3728e-05 | Test: 2.2338e-05 | LR=4.0e-04
Epoch  59/100 | Steps:  26786 | α=1e+01 | Loss: 1.7998e-04 | BC: 1.8045e-05 | PDE: 1.6193e-05 | Val: 5.5583e-05 | Test: 5.0922e-05 | LR=3.8e-04
Epoch  60/100 | Steps:  27240 | α=1e+01 | Loss: 1.5376e-04 | BC: 1.6179e-05 | PDE: 1.3759e-05 | Val: 1.3931e-05 | Test: 1.2851e-05 | LR=3.7e-04
Epoch  61/100 | Steps:  27694 | α=1e+01 | Loss: 1.4680e-04 | BC: 1.5726e-05 | PDE: 1.3108e-05 | Val: 1.6660e-05 | Test: 1.8950e-05 | LR=3.5e-04
Epoch  62/100 | Steps:  28148 | α=1e+01 | Loss: 1.2333e-04 | BC: 1.2776e-05 | PDE: 1.1056e-05 | Val: 1.2881e-05 | Test: 1.2225e-05 | LR=3.4e-04
Epoch  63/100 | Steps:  28602 | α=1e+01 | Loss: 1.2742e-04 | BC: 1.2615e-05 | PDE: 1.1480e-05 | Val: 1.5050e-05 | Test: 1.3238e-05 | LR=3.2e-04
Epoch  64/100 | Steps:  29056 | α=1e+01 | Loss: 1.3144e-04 | BC: 1.2786e-05 | PDE: 1.1865e-05 | Val: 3.1904e-03 | Test: 2.8833e-03 | LR=3.1e-04
Epoch  65/100 | Steps:  29510 | α=1e+01 | Loss: 2.4636e-04 | BC: 5.5655e-05 | PDE: 1.9070e-05 | Val: 1.1118e-05 | Test: 1.3629e-05 | LR=2.9e-04 *
Epoch  66/100 | Steps:  29964 | α=1e+01 | Loss: 9.5498e-05 | BC: 1.0054e-05 | PDE: 8.5444e-06 | Val: 1.0068e-05 | Test: 9.1921e-06 | LR=2.8e-04 *
Epoch  67/100 | Steps:  30418 | α=1e+01 | Loss: 9.7753e-05 | BC: 1.0605e-05 | PDE: 8.7148e-06 | Val: 1.2067e-05 | Test: 1.4457e-05 | LR=2.7e-04
Epoch  68/100 | Steps:  30872 | α=1e+01 | Loss: 9.2718e-05 | BC: 1.0168e-05 | PDE: 8.2549e-06 | Val: 7.5047e-06 | Test: 8.9959e-06 | LR=2.5e-04 *
Epoch  69/100 | Steps:  31326 | α=1e+01 | Loss: 8.7088e-05 | BC: 9.5909e-06 | PDE: 7.7497e-06 | Val: 1.0110e-05 | Test: 9.5858e-06 | LR=2.4e-04
Epoch  70/100 | Steps:  31780 | α=1e+01 | Loss: 8.6393e-05 | BC: 8.8083e-06 | PDE: 7.7585e-06 | Val: 7.2780e-06 | Test: 8.9320e-06 | LR=2.3e-04 *
Epoch  71/100 | Steps:  32234 | α=1e+01 | Loss: 8.1270e-05 | BC: 8.9661e-06 | PDE: 7.2304e-06 | Val: 7.3122e-06 | Test: 7.9258e-06 | LR=2.1e-04
Epoch  72/100 | Steps:  32688 | α=1e+01 | Loss: 7.2173e-05 | BC: 7.9610e-06 | PDE: 6.4213e-06 | Val: 1.6949e-05 | Test: 1.8320e-05 | LR=2.0e-04
Epoch  73/100 | Steps:  33142 | α=1e+01 | Loss: 7.8854e-05 | BC: 8.4526e-06 | PDE: 7.0402e-06 | Val: 6.9832e-06 | Test: 7.1328e-06 | LR=1.9e-04 *
Epoch  74/100 | Steps:  33596 | α=1e+01 | Loss: 5.9242e-05 | BC: 6.5889e-06 | PDE: 5.2653e-06 | Val: 6.1265e-06 | Test: 6.4813e-06 | LR=1.8e-04 *
Epoch  75/100 | Steps:  34050 | α=1e+01 | Loss: 6.6417e-05 | BC: 7.1931e-06 | PDE: 5.9224e-06 | Val: 1.6398e-05 | Test: 1.5840e-05 | LR=1.7e-04
Epoch  76/100 | Steps:  34504 | α=1e+01 | Loss: 6.0962e-05 | BC: 6.8252e-06 | PDE: 5.4137e-06 | Val: 7.5880e-06 | Test: 7.0623e-06 | LR=1.5e-04
Epoch  77/100 | Steps:  34958 | α=1e+01 | Loss: 5.5284e-05 | BC: 6.2999e-06 | PDE: 4.8984e-06 | Val: 7.5581e-06 | Test: 7.6819e-06 | LR=1.4e-04
Epoch  78/100 | Steps:  35412 | α=1e+01 | Loss: 5.6474e-05 | BC: 5.9923e-06 | PDE: 5.0481e-06 | Val: 3.6924e-06 | Test: 5.3960e-06 | LR=1.3e-04 *
Epoch  79/100 | Steps:  35866 | α=1e+01 | Loss: 5.0402e-05 | BC: 5.7160e-06 | PDE: 4.4686e-06 | Val: 3.6825e-06 | Test: 4.6970e-06 | LR=1.2e-04 *
Epoch  80/100 | Steps:  36320 | α=1e+01 | Loss: 4.9342e-05 | BC: 5.8246e-06 | PDE: 4.3518e-06 | Val: 5.8132e-06 | Test: 6.1478e-06 | LR=1.1e-04
Epoch  81/100 | Steps:  36774 | α=1e+01 | Loss: 4.4297e-05 | BC: 5.1341e-06 | PDE: 3.9163e-06 | Val: 4.9151e-06 | Test: 5.8741e-06 | LR=1.0e-04
Epoch  82/100 | Steps:  37228 | α=1e+01 | Loss: 4.7061e-05 | BC: 5.2520e-06 | PDE: 4.1809e-06 | Val: 4.4211e-06 | Test: 5.2002e-06 | LR=9.6e-05
Epoch  83/100 | Steps:  37682 | α=1e+01 | Loss: 3.7902e-05 | BC: 4.2512e-06 | PDE: 3.3651e-06 | Val: 7.4969e-06 | Test: 7.3491e-06 | LR=8.7e-05
Epoch  84/100 | Steps:  38136 | α=1e+01 | Loss: 4.1243e-05 | BC: 4.4830e-06 | PDE: 3.6760e-06 | Val: 4.0813e-06 | Test: 4.5536e-06 | LR=7.9e-05
Epoch  85/100 | Steps:  38590 | α=1e+01 | Loss: 3.6844e-05 | BC: 4.1029e-06 | PDE: 3.2741e-06 | Val: 4.2196e-06 | Test: 4.6700e-06 | LR=7.1e-05
Epoch  86/100 | Steps:  39044 | α=1e+01 | Loss: 3.7873e-05 | BC: 4.3500e-06 | PDE: 3.3523e-06 | Val: 1.8528e-05 | Test: 1.6424e-05 | LR=6.4e-05
Epoch  87/100 | Steps:  39498 | α=1e+01 | Loss: 3.7260e-05 | BC: 4.5112e-06 | PDE: 3.2748e-06 | Val: 5.8471e-06 | Test: 6.8360e-06 | LR=5.7e-05
Epoch  88/100 | Steps:  39952 | α=1e+01 | Loss: 3.5221e-05 | BC: 4.1366e-06 | PDE: 3.1085e-06 | Val: 4.1313e-06 | Test: 5.1409e-06 | LR=5.1e-05
Epoch  89/100 | Steps:  40406 | α=1e+01 | Loss: 3.4043e-05 | BC: 3.8539e-06 | PDE: 3.0190e-06 | Val: 3.5896e-06 | Test: 4.3859e-06 | LR=4.5e-05 *
Epoch  90/100 | Steps:  40860 | α=1e+01 | Loss: 3.1547e-05 | BC: 3.5020e-06 | PDE: 2.8045e-06 | Val: 3.7929e-06 | Test: 4.8639e-06 | LR=3.9e-05
Epoch  91/100 | Steps:  41314 | α=1e+01 | Loss: 3.3578e-05 | BC: 3.5794e-06 | PDE: 2.9998e-06 | Val: 8.3753e-05 | Test: 7.2200e-05 | LR=3.4e-05
Epoch  92/100 | Steps:  41768 | α=1e+01 | Loss: 3.7567e-05 | BC: 6.0832e-06 | PDE: 3.1483e-06 | Val: 3.1813e-06 | Test: 4.0656e-06 | LR=3.0e-05 *
Epoch  93/100 | Steps:  42222 | α=1e+01 | Loss: 3.1146e-05 | BC: 3.4089e-06 | PDE: 2.7737e-06 | Val: 3.4924e-06 | Test: 4.2854e-06 | LR=2.6e-05
Epoch  94/100 | Steps:  42676 | α=1e+01 | Loss: 2.8171e-05 | BC: 3.2191e-06 | PDE: 2.4952e-06 | Val: 3.6005e-06 | Test: 4.2928e-06 | LR=2.2e-05
Epoch  95/100 | Steps:  43130 | α=1e+01 | Loss: 2.9588e-05 | BC: 3.3330e-06 | PDE: 2.6255e-06 | Val: 4.0498e-06 | Test: 4.5795e-06 | LR=1.9e-05
Epoch  96/100 | Steps:  43584 | α=1e+01 | Loss: 2.7716e-05 | BC: 3.1629e-06 | PDE: 2.4553e-06 | Val: 3.0889e-06 | Test: 3.9987e-06 | LR=1.6e-05 *
Epoch  97/100 | Steps:  44038 | α=1e+01 | Loss: 2.8930e-05 | BC: 3.3388e-06 | PDE: 2.5591e-06 | Val: 3.1211e-06 | Test: 4.1536e-06 | LR=1.4e-05
Epoch  98/100 | Steps:  44492 | α=1e+01 | Loss: 2.7118e-05 | BC: 3.0349e-06 | PDE: 2.4083e-06 | Val: 3.0588e-06 | Test: 3.9737e-06 | LR=1.2e-05 *
Epoch  99/100 | Steps:  44946 | α=1e+01 | Loss: 2.7357e-05 | BC: 3.1355e-06 | PDE: 2.4221e-06 | Val: 3.0984e-06 | Test: 3.9533e-06 | LR=1.1e-05
Epoch 100/100 | Steps:  45400 | α=1e+01 | Loss: 2.6996e-05 | BC: 3.0681e-06 | PDE: 2.3928e-06 | Val: 3.2120e-06 | Test: 4.2644e-06 | LR=1.0e-05

Restored best model from epoch 98 (val_loss: 3.0588e-06, test_loss: 3.9737e-06)
Best checkpoint saved to: outputs/expr_6_4_eikonal/eikonal3d_torus/checkpoints/best_model.pt
Final checkpoint saved to: outputs/expr_6_4_eikonal/eikonal3d_torus/checkpoints/final_model.pt
Training completed in 306.26s (45,400 total steps)

Final Test MSE: 4.2644e-06
Inference (per point): 8.0466e-05s | (full domain): 3.1438e-04s
Saved .npz files to outputs/expr_6_4_eikonal/eikonal3d_torus/npy/
Saved plot to outputs/expr_6_4_eikonal/eikonal3d_torus/plots/results.png
