
============================================================
p-Laplacian Aronsson Example
============================================================

Generated full domain data:
  Boundary points: 40,000
  Interior points: 1,000,000
  Test points: 10,000
Re-sampling enabled: ~1,000,000 interior points per epoch

Splitting data: 80% train, 20% validation
  BC: 32,000 train, 8,000 val
  Interior: 800,000 train, 200,000 val

Loading checkpoint: outputs/expr_7_2_iter/p2to20_square/checkpoints/best_model_p20.pt

Model: PLaplacianPINN on Square [-1,1]²
  Hidden layers: [128, 128, 128, 128], activation: tanh
  η=1e-05, clip_residual=0.0, clip_grad_norm=0.0
  Parameters: 50,049

Iterative Training Schedule:
  p values: [25, 30, 40, 50]
  Epochs per p: 20


============================================================
Stage 1/4: Training with p=25
============================================================

Training configuration:
  Boundary points (train): 32,000 -> 80 batches of 400
  Interior points (train): 1,000,000 -> 1000 batches of 1000
  Interior sampling: RE-SAMPLE each epoch
  Boundary points (val): 8,000
  Validation loss: BC only
  Steps per epoch: 1,000
  Total steps: 20,000
  Epochs: 20
  Loss balancing: FixedAlphaSchedule
  LR scheduler: None (constant LR=1.0e-05)

/usr/local/lib/python3.12/dist-packages/torch/autograd/graph.py:824: UserWarning: Attempting to run cuBLAS, but there was no current CUDA context! Attempting to set the primary context... (Triggered internally at /opt/pytorch/pytorch/aten/src/ATen/cuda/CublasHandlePool.cpp:181.)
  return Variable._execution_engine.run_backward(  # Calls into the C++ engine to run the backward pass
Epoch   1/20 | Steps:   1000 | α=1e-02 | Loss: 2.5667e+04 | BC: 3.8580e-05 | PDE: 2.5667e+06 | Val: 8.8607e-05 | Test: 1.0025e-04 |  *
Epoch   2/20 | Steps:   2000 | α=1e-02 | Loss: 1.0916e+04 | BC: 1.7302e-04 | PDE: 1.0916e+06 | Val: 2.7425e-04 | Test: 2.0835e-04 | 
Epoch   3/20 | Steps:   3000 | α=1e-02 | Loss: 5.7426e+03 | BC: 3.9888e-04 | PDE: 5.7426e+05 | Val: 5.3116e-04 | Test: 3.4343e-04 | 
Epoch   4/20 | Steps:   4000 | α=1e-02 | Loss: 3.2628e+03 | BC: 6.9618e-04 | PDE: 3.2628e+05 | Val: 8.6619e-04 | Test: 5.1394e-04 | 
Epoch   5/20 | Steps:   5000 | α=1e-02 | Loss: 2.0688e+03 | BC: 1.0662e-03 | PDE: 2.0688e+05 | Val: 1.2693e-03 | Test: 7.1087e-04 | 
Epoch   6/20 | Steps:   6000 | α=1e-02 | Loss: 1.2197e+03 | BC: 1.4981e-03 | PDE: 1.2197e+05 | Val: 1.7435e-03 | Test: 9.3824e-04 | 
Epoch   7/20 | Steps:   7000 | α=1e-02 | Loss: 6.6944e+02 | BC: 2.0000e-03 | PDE: 6.6944e+04 | Val: 2.2792e-03 | Test: 1.1902e-03 | 
Epoch   8/20 | Steps:   8000 | α=1e-02 | Loss: 4.6010e+02 | BC: 2.5648e-03 | PDE: 4.6010e+04 | Val: 2.8572e-03 | Test: 1.4561e-03 | 
Epoch   9/20 | Steps:   9000 | α=1e-02 | Loss: 2.9065e+02 | BC: 3.1794e-03 | PDE: 2.9064e+04 | Val: 3.5128e-03 | Test: 1.7564e-03 | 
Epoch  10/20 | Steps:  10000 | α=1e-02 | Loss: 1.8659e+02 | BC: 3.8594e-03 | PDE: 1.8659e+04 | Val: 4.2418e-03 | Test: 2.0897e-03 | 
Epoch  11/20 | Steps:  11000 | α=1e-02 | Loss: 1.1197e+02 | BC: 4.6249e-03 | PDE: 1.1197e+04 | Val: 5.0403e-03 | Test: 2.4552e-03 | 
Epoch  12/20 | Steps:  12000 | α=1e-02 | Loss: 6.5110e+01 | BC: 5.4539e-03 | PDE: 6.5104e+03 | Val: 5.8996e-03 | Test: 2.8489e-03 | 
Epoch  13/20 | Steps:  13000 | α=1e-02 | Loss: 4.1287e+01 | BC: 6.3367e-03 | PDE: 4.1280e+03 | Val: 6.8172e-03 | Test: 3.2703e-03 | 
Epoch  14/20 | Steps:  14000 | α=1e-02 | Loss: 2.6318e+01 | BC: 7.2995e-03 | PDE: 2.6310e+03 | Val: 7.8225e-03 | Test: 3.7314e-03 | 
Epoch  15/20 | Steps:  15000 | α=1e-02 | Loss: 1.5729e+01 | BC: 8.3229e-03 | PDE: 1.5721e+03 | Val: 8.8795e-03 | Test: 4.2145e-03 | 
Epoch  16/20 | Steps:  16000 | α=1e-02 | Loss: 8.9694e+00 | BC: 9.4259e-03 | PDE: 8.9599e+02 | Val: 1.0013e-02 | Test: 4.7302e-03 | 
Epoch  17/20 | Steps:  17000 | α=1e-02 | Loss: 5.5580e+00 | BC: 1.0581e-02 | PDE: 5.5474e+02 | Val: 1.1203e-02 | Test: 5.2731e-03 | 
Epoch  18/20 | Steps:  18000 | α=1e-02 | Loss: 3.6491e+00 | BC: 1.1804e-02 | PDE: 3.6373e+02 | Val: 1.2477e-02 | Test: 5.8525e-03 | 
Epoch  19/20 | Steps:  19000 | α=1e-02 | Loss: 2.1170e+00 | BC: 1.3106e-02 | PDE: 2.1039e+02 | Val: 1.3806e-02 | Test: 6.4551e-03 | 
Epoch  20/20 | Steps:  20000 | α=1e-02 | Loss: 1.3957e+00 | BC: 1.4434e-02 | PDE: 1.3812e+02 | Val: 1.5131e-02 | Test: 7.0511e-03 | 

Restored best model from epoch 1 (val_loss: 8.8607e-05, test_loss: 1.0025e-04)
Best checkpoint saved to: outputs/expr_7_2_iter/p25to50_square/clip0_gradclip0_out0/checkpoints/best_model.pt
Final checkpoint saved to: outputs/expr_7_2_iter/p25to50_square/clip0_gradclip0_out0/checkpoints/final_model.pt
Training completed in 160.79s (20,000 total steps)
  Stage 1 (p=25) PDE diagnostics:
    p-Lap (p=25) raw:        2.0009e+06
    p-Lap (p=25) normalized: 1.6063e-02
    Inf-Lap raw:              3.0999e-02
    Inf-Lap normalized:       4.3634e-02

============================================================
Stage 2/4: Training with p=30
============================================================

Training configuration:
  Boundary points (train): 32,000 -> 80 batches of 400
  Interior points (train): 1,000,000 -> 1000 batches of 1000
  Interior sampling: RE-SAMPLE each epoch
  Boundary points (val): 8,000
  Validation loss: BC only
  Steps per epoch: 1,000
  Total steps: 20,000
  Epochs: 20
  Loss balancing: FixedAlphaSchedule
  LR scheduler: None (constant LR=1.0e-05)

Epoch   1/20 | Steps:   1000 | α=1e-02 | Loss: 4.5111e+06 | BC: 1.7942e-04 | PDE: 4.5111e+08 | Val: 2.9044e-04 | Test: 2.1951e-04 |  *
Epoch   2/20 | Steps:   2000 | α=1e-02 | Loss: 1.9180e+06 | BC: 4.4192e-04 | PDE: 1.9180e+08 | Val: 6.0452e-04 | Test: 3.8881e-04 | 
Epoch   3/20 | Steps:   3000 | α=1e-02 | Loss: 9.4601e+05 | BC: 7.9872e-04 | PDE: 9.4601e+07 | Val: 1.0105e-03 | Test: 5.9817e-04 | 
Epoch   4/20 | Steps:   4000 | α=1e-02 | Loss: 4.5661e+05 | BC: 1.2546e-03 | PDE: 4.5661e+07 | Val: 1.5093e-03 | Test: 8.4649e-04 | 
Epoch   5/20 | Steps:   5000 | α=1e-02 | Loss: 2.2229e+05 | BC: 1.8000e-03 | PDE: 2.2229e+07 | Val: 2.1022e-03 | Test: 1.1375e-03 | 
Epoch   6/20 | Steps:   6000 | α=1e-02 | Loss: 1.1209e+05 | BC: 2.4412e-03 | PDE: 1.1209e+07 | Val: 2.7900e-03 | Test: 1.4731e-03 | 
Epoch   7/20 | Steps:   7000 | α=1e-02 | Loss: 6.2469e+04 | BC: 3.1619e-03 | PDE: 6.2469e+06 | Val: 3.5665e-03 | Test: 1.8474e-03 | 
Epoch   8/20 | Steps:   8000 | α=1e-02 | Loss: 3.3778e+04 | BC: 3.9919e-03 | PDE: 3.3778e+06 | Val: 4.4337e-03 | Test: 2.2634e-03 | 
Epoch   9/20 | Steps:   9000 | α=1e-02 | Loss: 1.6317e+04 | BC: 4.9110e-03 | PDE: 1.6317e+06 | Val: 5.3981e-03 | Test: 2.7205e-03 | 
Epoch  10/20 | Steps:  10000 | α=1e-02 | Loss: 8.2094e+03 | BC: 5.9134e-03 | PDE: 8.2094e+05 | Val: 6.4481e-03 | Test: 3.2149e-03 | 
Epoch  11/20 | Steps:  11000 | α=1e-02 | Loss: 4.1739e+03 | BC: 7.0297e-03 | PDE: 4.1739e+05 | Val: 7.6246e-03 | Test: 3.7671e-03 | 
Epoch  12/20 | Steps:  12000 | α=1e-02 | Loss: 2.2572e+03 | BC: 8.2338e-03 | PDE: 2.2572e+05 | Val: 8.8908e-03 | Test: 4.3510e-03 | 
Epoch  13/20 | Steps:  13000 | α=1e-02 | Loss: 9.9585e+02 | BC: 9.5414e-03 | PDE: 9.9584e+04 | Val: 1.0189e-02 | Test: 4.9251e-03 | 
Epoch  14/20 | Steps:  14000 | α=1e-02 | Loss: 5.2706e+02 | BC: 1.0891e-02 | PDE: 5.2704e+04 | Val: 1.1612e-02 | Test: 5.5443e-03 | 
Epoch  15/20 | Steps:  15000 | α=1e-02 | Loss: 2.4198e+02 | BC: 1.2346e-02 | PDE: 2.4197e+04 | Val: 1.3122e-02 | Test: 6.1788e-03 | 
Epoch  16/20 | Steps:  16000 | α=1e-02 | Loss: 1.1309e+02 | BC: 1.3905e-02 | PDE: 1.1308e+04 | Val: 1.4749e-02 | Test: 6.8742e-03 | 
Epoch  17/20 | Steps:  17000 | α=1e-02 | Loss: 5.3657e+01 | BC: 1.5587e-02 | PDE: 5.3641e+03 | Val: 1.6499e-02 | Test: 7.6400e-03 | 
Epoch  18/20 | Steps:  18000 | α=1e-02 | Loss: 2.4033e+01 | BC: 1.7408e-02 | PDE: 2.4016e+03 | Val: 1.8397e-02 | Test: 8.4885e-03 | 
Epoch  19/20 | Steps:  19000 | α=1e-02 | Loss: 1.1362e+01 | BC: 1.9366e-02 | PDE: 1.1343e+03 | Val: 2.0392e-02 | Test: 9.3817e-03 | 
Epoch  20/20 | Steps:  20000 | α=1e-02 | Loss: 5.3320e+00 | BC: 2.1448e-02 | PDE: 5.3106e+02 | Val: 2.2598e-02 | Test: 1.0372e-02 | 

Restored best model from epoch 1 (val_loss: 2.9044e-04, test_loss: 2.1951e-04)
Best checkpoint saved to: outputs/expr_7_2_iter/p25to50_square/clip0_gradclip0_out0/checkpoints/best_model.pt
Final checkpoint saved to: outputs/expr_7_2_iter/p25to50_square/clip0_gradclip0_out0/checkpoints/final_model.pt
Training completed in 167.61s (20,000 total steps)
  Stage 2 (p=30) PDE diagnostics:
    p-Lap (p=30) raw:        2.9320e+08
    p-Lap (p=30) normalized: 1.9573e-02
    Inf-Lap raw:              2.7784e-02
    Inf-Lap normalized:       4.3685e-02

============================================================
Stage 3/4: Training with p=40
============================================================

Training configuration:
  Boundary points (train): 32,000 -> 80 batches of 400
  Interior points (train): 1,000,000 -> 1000 batches of 1000
  Interior sampling: RE-SAMPLE each epoch
  Boundary points (val): 8,000
  Validation loss: BC only
  Steps per epoch: 1,000
  Total steps: 20,000
  Epochs: 20
  Loss balancing: FixedAlphaSchedule
  LR scheduler: None (constant LR=1.0e-05)

Epoch   1/20 | Steps:   1000 | α=1e-02 | Loss: 3.2564e+11 | BC: 4.8867e-04 | PDE: 3.2564e+13 | Val: 7.0891e-04 | Test: 4.4501e-04 |  *
Epoch   2/20 | Steps:   2000 | α=1e-02 | Loss: 8.8912e+10 | BC: 9.9811e-04 | PDE: 8.8912e+12 | Val: 1.3021e-03 | Test: 7.5074e-04 | 
Epoch   3/20 | Steps:   3000 | α=1e-02 | Loss: 2.2582e+10 | BC: 1.6658e-03 | PDE: 2.2582e+12 | Val: 2.0404e-03 | Test: 1.1202e-03 | 
Epoch   4/20 | Steps:   4000 | α=1e-02 | Loss: 7.1691e+09 | BC: 2.4993e-03 | PDE: 7.1691e+11 | Val: 2.9630e-03 | Test: 1.5748e-03 | 
Epoch   5/20 | Steps:   5000 | α=1e-02 | Loss: 2.1665e+09 | BC: 3.4841e-03 | PDE: 2.1665e+11 | Val: 4.0161e-03 | Test: 2.0868e-03 | 
Epoch   6/20 | Steps:   6000 | α=1e-02 | Loss: 6.1202e+08 | BC: 4.6210e-03 | PDE: 6.1202e+10 | Val: 5.2275e-03 | Test: 2.6661e-03 | 
Epoch   7/20 | Steps:   7000 | α=1e-02 | Loss: 2.0194e+08 | BC: 5.9084e-03 | PDE: 2.0194e+10 | Val: 6.6049e-03 | Test: 3.3226e-03 | 
Epoch   8/20 | Steps:   8000 | α=1e-02 | Loss: 6.4303e+07 | BC: 7.3799e-03 | PDE: 6.4303e+09 | Val: 8.1358e-03 | Test: 4.0451e-03 | 
Epoch   9/20 | Steps:   9000 | α=1e-02 | Loss: 2.0164e+07 | BC: 9.0538e-03 | PDE: 2.0164e+09 | Val: 9.9236e-03 | Test: 4.8896e-03 | 
Epoch  10/20 | Steps:  10000 | α=1e-02 | Loss: 5.4098e+06 | BC: 1.0953e-02 | PDE: 5.4098e+08 | Val: 1.1955e-02 | Test: 5.8399e-03 | 
Epoch  11/20 | Steps:  11000 | α=1e-02 | Loss: 1.4876e+06 | BC: 1.3098e-02 | PDE: 1.4876e+08 | Val: 1.4219e-02 | Test: 6.8984e-03 | 
Epoch  12/20 | Steps:  12000 | α=1e-02 | Loss: 3.3712e+05 | BC: 1.5473e-02 | PDE: 3.3712e+07 | Val: 1.6709e-02 | Test: 8.0476e-03 | 
Epoch  13/20 | Steps:  13000 | α=1e-02 | Loss: 7.9137e+04 | BC: 1.8134e-02 | PDE: 7.9137e+06 | Val: 1.9527e-02 | Test: 9.3533e-03 | 
Epoch  14/20 | Steps:  14000 | α=1e-02 | Loss: 1.8201e+04 | BC: 2.1101e-02 | PDE: 1.8201e+06 | Val: 2.2646e-02 | Test: 1.0781e-02 | 
Epoch  15/20 | Steps:  15000 | α=1e-02 | Loss: 3.4647e+03 | BC: 2.4347e-02 | PDE: 3.4646e+05 | Val: 2.6023e-02 | Test: 1.2290e-02 | 
Epoch  16/20 | Steps:  16000 | α=1e-02 | Loss: 6.8136e+02 | BC: 2.7919e-02 | PDE: 6.8133e+04 | Val: 2.9629e-02 | Test: 1.3799e-02 | 
Epoch  17/20 | Steps:  17000 | α=1e-02 | Loss: 1.1197e+02 | BC: 3.1534e-02 | PDE: 1.1194e+04 | Val: 3.3372e-02 | Test: 1.5299e-02 | 
Epoch  18/20 | Steps:  18000 | α=1e-02 | Loss: 1.6928e+01 | BC: 3.5547e-02 | PDE: 1.6893e+03 | Val: 3.7705e-02 | Test: 1.7140e-02 | 
Epoch  19/20 | Steps:  19000 | α=1e-02 | Loss: 2.4049e+00 | BC: 4.0157e-02 | PDE: 2.3648e+02 | Val: 4.2549e-02 | Test: 1.9295e-02 | 
Epoch  20/20 | Steps:  20000 | α=1e-02 | Loss: 3.4863e-01 | BC: 4.5287e-02 | PDE: 3.0334e+01 | Val: 4.7894e-02 | Test: 2.1666e-02 | 

Restored best model from epoch 1 (val_loss: 7.0891e-04, test_loss: 4.4501e-04)
Best checkpoint saved to: outputs/expr_7_2_iter/p25to50_square/clip0_gradclip0_out0/checkpoints/best_model.pt
Final checkpoint saved to: outputs/expr_7_2_iter/p25to50_square/clip0_gradclip0_out0/checkpoints/final_model.pt
Training completed in 176.06s (20,000 total steps)
  Stage 3 (p=40) PDE diagnostics:
    p-Lap (p=40) raw:        3.0173e+13
    p-Lap (p=40) normalized: 2.4621e-02
    Inf-Lap raw:              2.4894e-02
    Inf-Lap normalized:       4.3760e-02

============================================================
Stage 4/4: Training with p=50
============================================================

Training configuration:
  Boundary points (train): 32,000 -> 80 batches of 400
  Interior points (train): 1,000,000 -> 1000 batches of 1000
  Interior sampling: RE-SAMPLE each epoch
  Boundary points (val): 8,000
  Validation loss: BC only
  Steps per epoch: 1,000
  Total steps: 20,000
  Epochs: 20
  Loss balancing: FixedAlphaSchedule
  LR scheduler: None (constant LR=1.0e-05)

Epoch   1/20 | Steps:   1000 | α=1e-02 | Loss: 4.5107e+16 | BC: 7.0953e-04 | PDE: 4.5107e+18 | Val: 7.0891e-04 | Test: 4.4501e-04 |  *
Epoch   2/20 | Steps:   2000 | α=1e-02 | Loss: 4.4926e+16 | BC: 7.0957e-04 | PDE: 4.4926e+18 | Val: 7.0891e-04 | Test: 4.4501e-04 | 
Epoch   3/20 | Steps:   3000 | α=1e-02 | Loss: 4.4278e+16 | BC: 7.0955e-04 | PDE: 4.4278e+18 | Val: 7.0891e-04 | Test: 4.4501e-04 | 
Epoch   4/20 | Steps:   4000 | α=1e-02 | Loss: 4.4095e+16 | BC: 7.0923e-04 | PDE: 4.4095e+18 | Val: 7.0891e-04 | Test: 4.4501e-04 | 
Epoch   5/20 | Steps:   5000 | α=1e-02 | Loss: 4.6079e+16 | BC: 7.0934e-04 | PDE: 4.6079e+18 | Val: 7.0891e-04 | Test: 4.4501e-04 | 
Epoch   6/20 | Steps:   6000 | α=1e-02 | Loss: 4.4973e+16 | BC: 7.0947e-04 | PDE: 4.4973e+18 | Val: 7.0891e-04 | Test: 4.4501e-04 | 
Epoch   7/20 | Steps:   7000 | α=1e-02 | Loss: 4.4758e+16 | BC: 7.0934e-04 | PDE: 4.4758e+18 | Val: 7.0891e-04 | Test: 4.4501e-04 | 
Epoch   8/20 | Steps:   8000 | α=1e-02 | Loss: 4.4862e+16 | BC: 7.0960e-04 | PDE: 4.4862e+18 | Val: 7.0891e-04 | Test: 4.4501e-04 | 
Epoch   9/20 | Steps:   9000 | α=1e-02 | Loss: 4.5157e+16 | BC: 7.0967e-04 | PDE: 4.5157e+18 | Val: 7.0891e-04 | Test: 4.4501e-04 | 
Epoch  10/20 | Steps:  10000 | α=1e-02 | Loss: 4.4947e+16 | BC: 7.0934e-04 | PDE: 4.4947e+18 | Val: 7.0891e-04 | Test: 4.4501e-04 | 
Epoch  11/20 | Steps:  11000 | α=1e-02 | Loss: 4.4501e+16 | BC: 7.0972e-04 | PDE: 4.4501e+18 | Val: 7.0891e-04 | Test: 4.4501e-04 | 
Epoch  12/20 | Steps:  12000 | α=1e-02 | Loss: 4.5712e+16 | BC: 7.0939e-04 | PDE: 4.5712e+18 | Val: 7.0891e-04 | Test: 4.4501e-04 | 
Epoch  13/20 | Steps:  13000 | α=1e-02 | Loss: 4.4744e+16 | BC: 7.0942e-04 | PDE: 4.4744e+18 | Val: 7.0891e-04 | Test: 4.4501e-04 | 
Epoch  14/20 | Steps:  14000 | α=1e-02 | Loss: 4.4582e+16 | BC: 7.0945e-04 | PDE: 4.4582e+18 | Val: 7.0891e-04 | Test: 4.4501e-04 | 
Epoch  15/20 | Steps:  15000 | α=1e-02 | Loss: 4.4788e+16 | BC: 7.0923e-04 | PDE: 4.4788e+18 | Val: 7.0891e-04 | Test: 4.4501e-04 | 
Epoch  16/20 | Steps:  16000 | α=1e-02 | Loss: 4.5006e+16 | BC: 7.0971e-04 | PDE: 4.5006e+18 | Val: 7.0891e-04 | Test: 4.4501e-04 | 
Epoch  17/20 | Steps:  17000 | α=1e-02 | Loss: 4.5106e+16 | BC: 7.0931e-04 | PDE: 4.5106e+18 | Val: 7.0891e-04 | Test: 4.4501e-04 | 
Epoch  18/20 | Steps:  18000 | α=1e-02 | Loss: 4.4991e+16 | BC: 7.0941e-04 | PDE: 4.4991e+18 | Val: 7.0891e-04 | Test: 4.4501e-04 | 
Epoch  19/20 | Steps:  19000 | α=1e-02 | Loss: 4.4658e+16 | BC: 7.0939e-04 | PDE: 4.4658e+18 | Val: 7.0891e-04 | Test: 4.4501e-04 | 
Epoch  20/20 | Steps:  20000 | α=1e-02 | Loss: 4.4524e+16 | BC: 7.0929e-04 | PDE: 4.4524e+18 | Val: 7.0891e-04 | Test: 4.4501e-04 | 

Restored best model from epoch 1 (val_loss: 7.0891e-04, test_loss: 4.4501e-04)
Best checkpoint saved to: outputs/expr_7_2_iter/p25to50_square/clip0_gradclip0_out0/checkpoints/best_model.pt
Final checkpoint saved to: outputs/expr_7_2_iter/p25to50_square/clip0_gradclip0_out0/checkpoints/final_model.pt
Training completed in 154.42s (20,000 total steps)
  Stage 4 (p=50) PDE diagnostics:
    p-Lap (p=50) raw:        5.0687e+18
    p-Lap (p=50) normalized: 2.7726e-02
    Inf-Lap raw:              2.4894e-02
    Inf-Lap normalized:       4.3760e-02

Iterative training completed in 658.88s
Total epochs: 80

Final Test MSE: 4.4501e-04
Inference (per point): 7.8642e-05s | (full domain): 7.8020e-05s
p-Lap (p=50) PDE test (raw):        5.0687e+18
p-Lap (p=50) PDE test (normalized): 2.7726e-02
Inf-Lap PDE test (raw):                    2.4894e-02
Inf-Lap PDE test (normalized):             4.3760e-02
Saved .npz files to outputs/expr_7_2_iter/p25to50_square/clip0_gradclip0_out0/npy/
Saved plot to outputs/expr_7_2_iter/p25to50_square/clip0_gradclip0_out0/plots/results.png
