
============================================================
Running Example: absolute
============================================================

Generated full domain data:
  Boundary points: 40,000
  Interior points: 1,000,000
  Test points: 10,000
Re-sampling enabled: ~1,000,000 interior points per epoch

Splitting data: 80% train, 20% validation
  BC: 32,000 train, 8,000 val
  Interior: 800,000 train, 200,000 val

Model: DomainDecompositionPINN
  Hidden layers: [32, 32, 32, 32]
  Activation: tanh
  η: 1e-05 (normalized)
  Parameters: 13,188

Training configuration:
  Boundary points (train): 32,000 -> 80 batches of 400
  Interior points (train): 1,000,000 -> 1000 batches of 1000
  Interior sampling: RE-SAMPLE each epoch
  Boundary points (val): 8,000
  Validation loss: BC only
  Steps per epoch: 1,000
  Total steps: 100,000
  Epochs: 100
  Loss balancing: AlphaPlateauScheduler
  LR scheduler: cosine (LR: 1.0e-03 -> 1.0e-05)

/usr/local/lib/python3.12/dist-packages/torch/autograd/graph.py:824: UserWarning: Attempting to run cuBLAS, but there was no current CUDA context! Attempting to set the primary context... (Triggered internally at /opt/pytorch/pytorch/aten/src/ATen/cuda/CublasHandlePool.cpp:181.)
  return Variable._execution_engine.run_backward(  # Calls into the C++ engine to run the backward pass
Epoch   1/100 | Steps:   1000 | α=1e-05 | Loss: 3.6103e-03 | BC: 3.4047e-03 | PDE: 2.4377e-01 | Intf: 2.0311e-04 | Val: 1.1761e-04 | Test: 9.2016e-04 | LR=1.0e-03 *
Epoch   2/100 | Steps:   2000 | α=1e-05 | Loss: 3.2922e-04 | BC: 1.9701e-04 | PDE: 2.5697e-01 | Intf: 1.2964e-04 | Val: 4.0485e-05 | Test: 7.8705e-04 | LR=1.0e-03 *
Epoch   3/100 | Steps:   3000 | α=1e-05 | Loss: 2.4743e-04 | BC: 1.5616e-04 | PDE: 2.5547e-01 | Intf: 8.8723e-05 | Val: 4.8456e-05 | Test: 7.2117e-04 | LR=1.0e-03
Epoch   4/100 | Steps:   4000 | α=1e-05 | Loss: 2.1755e-04 | BC: 1.2260e-04 | PDE: 2.5202e-01 | Intf: 9.2433e-05 | Val: 2.3009e-05 | Test: 6.6322e-04 | LR=1.0e-03 *
Epoch   5/100 | Steps:   5000 | α=1e-05 | Loss: 2.0617e-04 | BC: 1.1413e-04 | PDE: 2.5092e-01 | Intf: 8.9525e-05 | Val: 5.7099e-05 | Test: 7.1395e-04 | LR=1.0e-03
Epoch   6/100 | Steps:   6000 | α=1e-05 | Loss: 1.9515e-04 | BC: 1.1183e-04 | PDE: 2.5085e-01 | Intf: 8.0803e-05 | Val: 3.5077e-05 | Test: 6.6736e-04 | LR=9.9e-04
Epoch   7/100 | Steps:   7000 | α=1e-05 | Loss: 2.0416e-04 | BC: 1.2158e-04 | PDE: 2.5379e-01 | Intf: 8.0034e-05 | Val: 2.1937e-04 | Test: 7.5775e-04 | LR=9.9e-04
Epoch   8/100 | Steps:   8000 | α=1e-05 | Loss: 1.6259e-04 | BC: 9.1511e-05 | PDE: 2.5560e-01 | Intf: 6.8523e-05 | Val: 1.1774e-04 | Test: 7.2613e-04 | LR=9.9e-04
Epoch   9/100 | Steps:   9000 | α=1e-05 | Loss: 1.7371e-04 | BC: 9.8529e-05 | PDE: 2.5839e-01 | Intf: 7.2600e-05 | Val: 5.6756e-05 | Test: 6.7219e-04 | LR=9.8e-04
Epoch  10/100 | Steps:  10000 | α=1e-05 | Loss: 1.7253e-04 | BC: 1.0952e-04 | PDE: 2.6219e-01 | Intf: 6.0390e-05 | Val: 5.9763e-05 | Test: 6.8855e-04 | LR=9.8e-04
Epoch  11/100 | Steps:  11000 | α=1e-05 | Loss: 2.6530e-04 | BC: 1.4278e-04 | PDE: 2.6790e-01 | Intf: 1.1984e-04 | Val: 1.8461e-05 | Test: 6.7429e-04 | LR=9.8e-04 *
Epoch  12/100 | Steps:  12000 | α=1e-05 | Loss: 7.9150e-05 | BC: 5.9672e-05 | PDE: 2.6314e-01 | Intf: 1.6846e-05 | Val: 1.1358e-04 | Test: 6.9108e-04 | LR=9.7e-04
Epoch  13/100 | Steps:  13000 | α=1e-05 | Loss: 1.4658e-04 | BC: 8.9854e-05 | PDE: 2.6515e-01 | Intf: 5.4072e-05 | Val: 5.2163e-05 | Test: 6.8184e-04 | LR=9.7e-04
Epoch  14/100 | Steps:  14000 | α=1e-05 | Loss: 1.2612e-04 | BC: 7.6358e-05 | PDE: 2.6526e-01 | Intf: 4.7109e-05 | Val: 3.5180e-05 | Test: 6.4832e-04 | LR=9.6e-04
Epoch  15/100 | Steps:  15000 | α=1e-05 | Loss: 1.3554e-04 | BC: 8.4609e-05 | PDE: 2.6408e-01 | Intf: 4.8292e-05 | Val: 8.2177e-04 | Test: 1.0849e-03 | LR=9.5e-04
Epoch  16/100 | Steps:  16000 | α=1e-05 | Loss: 1.6719e-04 | BC: 9.1431e-05 | PDE: 2.6658e-01 | Intf: 7.3090e-05 | Val: 3.8263e-05 | Test: 6.5527e-04 | LR=9.5e-04

>>> Alpha increased: 1e-05 → 1e-04 (BC=6.1591e-05) <<<
Epoch  17/100 | Steps:  17000 | α=1e-04 | Loss: 9.9417e-05 | BC: 6.1591e-05 | PDE: 2.6269e-01 | Intf: 3.5199e-05 | Val: 8.2480e-05 | Test: 7.1423e-04 | LR=9.4e-04 *
Epoch  18/100 | Steps:  18000 | α=1e-04 | Loss: 1.4212e-04 | BC: 7.2617e-05 | PDE: 2.5056e-01 | Intf: 4.4443e-05 | Val: 5.2026e-05 | Test: 6.3084e-04 | LR=9.3e-04 *
Epoch  19/100 | Steps:  19000 | α=1e-04 | Loss: 1.5469e-04 | BC: 8.6343e-05 | PDE: 2.3565e-01 | Intf: 4.4782e-05 | Val: 4.6723e-05 | Test: 5.9701e-04 | LR=9.2e-04 *
Epoch  20/100 | Steps:  20000 | α=1e-04 | Loss: 1.8834e-04 | BC: 9.4196e-05 | PDE: 2.2639e-01 | Intf: 7.1507e-05 | Val: 2.5973e-05 | Test: 5.7103e-04 | LR=9.1e-04 *
Epoch  21/100 | Steps:  21000 | α=1e-04 | Loss: 8.1200e-05 | BC: 4.2186e-05 | PDE: 2.1498e-01 | Intf: 1.7517e-05 | Val: 4.4302e-05 | Test: 5.3990e-04 | LR=9.1e-04
Epoch  22/100 | Steps:  22000 | α=1e-04 | Loss: 1.1455e-04 | BC: 6.0148e-05 | PDE: 2.0850e-01 | Intf: 3.3549e-05 | Val: 2.9980e-05 | Test: 5.3922e-04 | LR=9.0e-04
Epoch  23/100 | Steps:  23000 | α=1e-04 | Loss: 2.3712e-04 | BC: 1.3147e-04 | PDE: 2.0794e-01 | Intf: 8.4860e-05 | Val: 1.2845e-05 | Test: 5.0933e-04 | LR=8.9e-04 *
Epoch  24/100 | Steps:  24000 | α=1e-04 | Loss: 9.5013e-05 | BC: 4.9810e-05 | PDE: 2.0247e-01 | Intf: 2.4957e-05 | Val: 7.0606e-05 | Test: 5.4669e-04 | LR=8.8e-04
Epoch  25/100 | Steps:  25000 | α=1e-04 | Loss: 1.2936e-04 | BC: 7.0617e-05 | PDE: 2.0121e-01 | Intf: 3.8622e-05 | Val: 2.1616e-04 | Test: 6.1907e-04 | LR=8.7e-04

>>> Alpha increased: 1e-04 → 1e-03 (BC=6.9348e-05) <<<
Epoch  26/100 | Steps:  26000 | α=1e-03 | Loss: 1.2852e-04 | BC: 6.9348e-05 | PDE: 1.9880e-01 | Intf: 3.9293e-05 | Val: 3.7689e-05 | Test: 4.7842e-04 | LR=8.6e-04 *
Epoch  27/100 | Steps:  27000 | α=1e-03 | Loss: 3.0896e-04 | BC: 9.5534e-05 | PDE: 1.5638e-01 | Intf: 5.7044e-05 | Val: 3.6292e-04 | Test: 6.1446e-04 | LR=8.4e-04
Epoch  28/100 | Steps:  28000 | α=1e-03 | Loss: 2.4440e-04 | BC: 7.6421e-05 | PDE: 1.2226e-01 | Intf: 4.5717e-05 | Val: 3.2592e-05 | Test: 3.2224e-04 | LR=8.3e-04 *
Epoch  29/100 | Steps:  29000 | α=1e-03 | Loss: 2.2938e-04 | BC: 7.6475e-05 | PDE: 1.0434e-01 | Intf: 4.8571e-05 | Val: 1.3632e-04 | Test: 3.4763e-04 | LR=8.2e-04
Epoch  30/100 | Steps:  30000 | α=1e-03 | Loss: 2.1763e-04 | BC: 7.9830e-05 | PDE: 9.2405e-02 | Intf: 4.5399e-05 | Val: 3.3499e-05 | Test: 2.5091e-04 | LR=8.1e-04
Epoch  31/100 | Steps:  31000 | α=1e-03 | Loss: 1.8236e-04 | BC: 5.9332e-05 | PDE: 8.3360e-02 | Intf: 3.9666e-05 | Val: 7.2563e-05 | Test: 2.5671e-04 | LR=8.0e-04
Epoch  32/100 | Steps:  32000 | α=1e-03 | Loss: 2.0074e-04 | BC: 7.7469e-05 | PDE: 7.6848e-02 | Intf: 4.6420e-05 | Val: 1.1834e-05 | Test: 1.8781e-04 | LR=7.8e-04 *
Epoch  33/100 | Steps:  33000 | α=1e-03 | Loss: 1.7880e-04 | BC: 6.5210e-05 | PDE: 7.1277e-02 | Intf: 4.2309e-05 | Val: 7.5078e-06 | Test: 1.7774e-04 | LR=7.7e-04 *
Epoch  34/100 | Steps:  34000 | α=1e-03 | Loss: 1.5127e-04 | BC: 5.2918e-05 | PDE: 6.6841e-02 | Intf: 3.1512e-05 | Val: 8.2375e-05 | Test: 1.9666e-04 | LR=7.6e-04
Epoch  35/100 | Steps:  35000 | α=1e-03 | Loss: 1.5675e-04 | BC: 5.7520e-05 | PDE: 6.2719e-02 | Intf: 3.6507e-05 | Val: 5.3313e-05 | Test: 1.9195e-04 | LR=7.4e-04

>>> Alpha increased: 1e-03 → 1e-02 (BC=5.9712e-05) <<<
Epoch  36/100 | Steps:  36000 | α=1e-02 | Loss: 1.5843e-04 | BC: 5.9712e-05 | PDE: 5.9417e-02 | Intf: 3.9302e-05 | Val: 3.9544e-05 | Test: 1.7084e-04 | LR=7.3e-04 *
Epoch  37/100 | Steps:  37000 | α=1e-02 | Loss: 5.8553e-04 | BC: 1.2455e-04 | PDE: 3.8907e-02 | Intf: 7.1909e-05 | Val: 6.3247e-05 | Test: 1.4137e-04 | LR=7.2e-04
Epoch  38/100 | Steps:  38000 | α=1e-02 | Loss: 4.0853e-04 | BC: 1.0470e-04 | PDE: 2.4068e-02 | Intf: 6.3150e-05 | Val: 1.2109e-04 | Test: 1.7153e-04 | LR=7.0e-04
Epoch  39/100 | Steps:  39000 | α=1e-02 | Loss: 3.5418e-04 | BC: 1.1506e-04 | PDE: 1.7110e-02 | Intf: 6.8024e-05 | Val: 6.1537e-05 | Test: 9.3444e-05 | LR=6.9e-04
Epoch  40/100 | Steps:  40000 | α=1e-02 | Loss: 3.0263e-04 | BC: 1.1274e-04 | PDE: 1.1973e-02 | Intf: 7.0154e-05 | Val: 1.2612e-04 | Test: 1.3226e-04 | LR=6.7e-04
Epoch  41/100 | Steps:  41000 | α=1e-02 | Loss: 2.5453e-04 | BC: 1.0579e-04 | PDE: 8.9361e-03 | Intf: 5.9379e-05 | Val: 3.3209e-05 | Test: 4.7691e-05 | LR=6.6e-04 *
Epoch  42/100 | Steps:  42000 | α=1e-02 | Loss: 3.0770e-04 | BC: 1.3598e-04 | PDE: 8.3153e-03 | Intf: 8.8573e-05 | Val: 7.8218e-05 | Test: 8.5073e-05 | LR=6.4e-04
Epoch  43/100 | Steps:  43000 | α=1e-02 | Loss: 2.2911e-04 | BC: 9.0949e-05 | PDE: 6.9900e-03 | Intf: 6.8258e-05 | Val: 2.7989e-04 | Test: 2.4482e-04 | LR=6.3e-04
Epoch  44/100 | Steps:  44000 | α=1e-02 | Loss: 2.1515e-04 | BC: 9.1486e-05 | PDE: 6.2143e-03 | Intf: 6.1520e-05 | Val: 1.8010e-04 | Test: 1.6400e-04 | LR=6.1e-04
Epoch  45/100 | Steps:  45000 | α=1e-02 | Loss: 2.0837e-04 | BC: 8.8136e-05 | PDE: 5.5814e-03 | Intf: 6.4420e-05 | Val: 9.5817e-05 | Test: 9.8949e-05 | LR=6.0e-04
Epoch  46/100 | Steps:  46000 | α=1e-02 | Loss: 1.8537e-04 | BC: 8.0072e-05 | PDE: 4.8544e-03 | Intf: 5.6756e-05 | Val: 2.2396e-04 | Test: 1.9100e-04 | LR=5.8e-04
Epoch  47/100 | Steps:  47000 | α=1e-02 | Loss: 2.8799e-04 | BC: 1.5182e-04 | PDE: 4.5560e-03 | Intf: 9.0616e-05 | Val: 1.0689e-05 | Test: 2.7578e-05 | LR=5.7e-04 *
Epoch  48/100 | Steps:  48000 | α=1e-02 | Loss: 1.4880e-04 | BC: 5.3110e-05 | PDE: 4.2670e-03 | Intf: 5.3023e-05 | Val: 1.3240e-04 | Test: 1.0833e-04 | LR=5.5e-04
Epoch  49/100 | Steps:  49000 | α=1e-02 | Loss: 1.6028e-04 | BC: 6.1294e-05 | PDE: 3.9104e-03 | Intf: 5.9883e-05 | Val: 2.6662e-04 | Test: 1.8848e-04 | LR=5.4e-04
Epoch  50/100 | Steps:  50000 | α=1e-02 | Loss: 1.5165e-04 | BC: 5.8522e-05 | PDE: 3.5643e-03 | Intf: 5.7482e-05 | Val: 3.8624e-05 | Test: 4.2606e-05 | LR=5.2e-04
Epoch  51/100 | Steps:  51000 | α=1e-02 | Loss: 1.5175e-04 | BC: 5.9724e-05 | PDE: 3.3136e-03 | Intf: 5.8889e-05 | Val: 9.8470e-05 | Test: 8.8162e-05 | LR=5.1e-04
Epoch  52/100 | Steps:  52000 | α=1e-02 | Loss: 1.3057e-04 | BC: 5.0238e-05 | PDE: 3.0921e-03 | Intf: 4.9415e-05 | Val: 1.0587e-04 | Test: 9.2579e-05 | LR=4.9e-04

>>> Alpha increased: 1e-02 → 1e-01 (BC=5.8129e-05) <<<
Epoch  53/100 | Steps:  53000 | α=1e-01 | Loss: 1.4118e-04 | BC: 5.8129e-05 | PDE: 2.9524e-03 | Intf: 5.3528e-05 | Val: 6.1923e-06 | Test: 1.3406e-05 | LR=4.7e-04 *
Epoch  54/100 | Steps:  54000 | α=1e-01 | Loss: 3.1211e-04 | BC: 7.3874e-05 | PDE: 1.6534e-03 | Intf: 7.2897e-05 | Val: 1.0382e-04 | Test: 8.0641e-05 | LR=4.6e-04
Epoch  55/100 | Steps:  55000 | α=1e-01 | Loss: 2.2226e-04 | BC: 6.5658e-05 | PDE: 1.0086e-03 | Intf: 5.5742e-05 | Val: 3.1344e-04 | Test: 2.5859e-04 | LR=4.4e-04
Epoch  56/100 | Steps:  56000 | α=1e-01 | Loss: 2.0807e-04 | BC: 6.8119e-05 | PDE: 7.8201e-04 | Intf: 6.1747e-05 | Val: 1.3295e-04 | Test: 1.0663e-04 | LR=4.3e-04
Epoch  57/100 | Steps:  57000 | α=1e-01 | Loss: 1.8067e-04 | BC: 6.1440e-05 | PDE: 6.4724e-04 | Intf: 5.4501e-05 | Val: 4.7206e-06 | Test: 7.5575e-06 | LR=4.1e-04 *
Epoch  58/100 | Steps:  58000 | α=1e-01 | Loss: 1.3496e-04 | BC: 4.2021e-05 | PDE: 5.5454e-04 | Intf: 3.7489e-05 | Val: 2.1345e-04 | Test: 1.6782e-04 | LR=4.0e-04
Epoch  59/100 | Steps:  59000 | α=1e-01 | Loss: 1.5497e-04 | BC: 5.5414e-05 | PDE: 4.8845e-04 | Intf: 5.0711e-05 | Val: 1.5072e-04 | Test: 1.2375e-04 | LR=3.8e-04
Epoch  60/100 | Steps:  60000 | α=1e-01 | Loss: 1.2665e-04 | BC: 4.4369e-05 | PDE: 4.3353e-04 | Intf: 3.8924e-05 | Val: 1.0905e-05 | Test: 1.2697e-05 | LR=3.7e-04
Epoch  61/100 | Steps:  61000 | α=1e-01 | Loss: 1.2432e-04 | BC: 4.4316e-05 | PDE: 3.9174e-04 | Intf: 4.0832e-05 | Val: 2.8337e-06 | Test: 5.4850e-06 | LR=3.5e-04 *
Epoch  62/100 | Steps:  62000 | α=1e-01 | Loss: 1.0906e-04 | BC: 3.8934e-05 | PDE: 3.5493e-04 | Intf: 3.4631e-05 | Val: 2.1762e-06 | Test: 5.2802e-06 | LR=3.4e-04 *
Epoch  63/100 | Steps:  63000 | α=1e-01 | Loss: 9.6549e-05 | BC: 3.3127e-05 | PDE: 3.2638e-04 | Intf: 3.0784e-05 | Val: 1.8653e-05 | Test: 1.4831e-05 | LR=3.2e-04
Epoch  64/100 | Steps:  64000 | α=1e-01 | Loss: 9.3050e-05 | BC: 3.2526e-05 | PDE: 3.0423e-04 | Intf: 3.0101e-05 | Val: 1.6316e-05 | Test: 1.2487e-05 | LR=3.1e-04
Epoch  65/100 | Steps:  65000 | α=1e-01 | Loss: 8.1829e-05 | BC: 2.8278e-05 | PDE: 2.7954e-04 | Intf: 2.5597e-05 | Val: 4.7012e-05 | Test: 3.8322e-05 | LR=2.9e-04
Epoch  66/100 | Steps:  66000 | α=1e-01 | Loss: 8.1205e-05 | BC: 2.8530e-05 | PDE: 2.6374e-04 | Intf: 2.6301e-05 | Val: 4.6940e-05 | Test: 3.9255e-05 | LR=2.8e-04
Epoch  67/100 | Steps:  67000 | α=1e-01 | Loss: 7.4425e-05 | BC: 2.5640e-05 | PDE: 2.4598e-04 | Intf: 2.4187e-05 | Val: 4.7073e-05 | Test: 3.7059e-05 | LR=2.7e-04
Epoch  68/100 | Steps:  68000 | α=1e-01 | Loss: 6.4789e-05 | BC: 2.2071e-05 | PDE: 2.2985e-04 | Intf: 1.9734e-05 | Val: 8.6108e-05 | Test: 7.4417e-05 | LR=2.5e-04
Epoch  69/100 | Steps:  69000 | α=1e-01 | Loss: 6.2864e-05 | BC: 2.1222e-05 | PDE: 2.1758e-04 | Intf: 1.9884e-05 | Val: 4.3987e-05 | Test: 3.7885e-05 | LR=2.4e-04
Epoch  70/100 | Steps:  70000 | α=1e-01 | Loss: 5.5971e-05 | BC: 1.8742e-05 | PDE: 2.0157e-04 | Intf: 1.7072e-05 | Val: 4.0958e-05 | Test: 3.4277e-05 | LR=2.3e-04
Epoch  71/100 | Steps:  71000 | α=1e-01 | Loss: 5.1535e-05 | BC: 1.7102e-05 | PDE: 1.8931e-04 | Intf: 1.5502e-05 | Val: 2.4861e-05 | Test: 1.7429e-05 | LR=2.1e-04
Epoch  72/100 | Steps:  72000 | α=1e-01 | Loss: 4.5459e-05 | BC: 1.4822e-05 | PDE: 1.7555e-04 | Intf: 1.3082e-05 | Val: 3.2112e-05 | Test: 2.7478e-05 | LR=2.0e-04
Epoch  73/100 | Steps:  73000 | α=1e-01 | Loss: 4.4369e-05 | BC: 1.5000e-05 | PDE: 1.6267e-04 | Intf: 1.3102e-05 | Val: 6.8028e-05 | Test: 5.3551e-05 | LR=1.9e-04
Epoch  74/100 | Steps:  74000 | α=1e-01 | Loss: 3.7436e-05 | BC: 1.2548e-05 | PDE: 1.4448e-04 | Intf: 1.0441e-05 | Val: 3.0239e-05 | Test: 2.6076e-05 | LR=1.8e-04
Epoch  75/100 | Steps:  75000 | α=1e-01 | Loss: 2.7962e-05 | BC: 8.9007e-06 | PDE: 1.1809e-04 | Intf: 7.2520e-06 | Val: 1.5821e-06 | Test: 1.8556e-06 | LR=1.7e-04 *
Epoch  76/100 | Steps:  76000 | α=1e-01 | Loss: 2.3407e-05 | BC: 8.5069e-06 | PDE: 8.7636e-05 | Intf: 6.1367e-06 | Val: 8.1643e-06 | Test: 8.5771e-06 | LR=1.5e-04
Epoch  77/100 | Steps:  77000 | α=1e-01 | Loss: 2.1131e-05 | BC: 8.2310e-06 | PDE: 7.8048e-05 | Intf: 5.0947e-06 | Val: 1.5259e-05 | Test: 1.1348e-05 | LR=1.4e-04
Epoch  78/100 | Steps:  78000 | α=1e-01 | Loss: 1.7595e-05 | BC: 6.6236e-06 | PDE: 7.0421e-05 | Intf: 3.9295e-06 | Val: 9.7710e-06 | Test: 6.4718e-06 | LR=1.3e-04
Epoch  79/100 | Steps:  79000 | α=1e-01 | Loss: 1.8208e-05 | BC: 7.1252e-06 | PDE: 6.5466e-05 | Intf: 4.5362e-06 | Val: 1.1584e-05 | Test: 9.2410e-06 | LR=1.2e-04
Epoch  80/100 | Steps:  80000 | α=1e-01 | Loss: 1.4181e-05 | BC: 5.4141e-06 | PDE: 6.1098e-05 | Intf: 2.6570e-06 | Val: 1.9320e-06 | Test: 1.7126e-06 | LR=1.1e-04
Epoch  81/100 | Steps:  81000 | α=1e-01 | Loss: 1.3849e-05 | BC: 5.0226e-06 | PDE: 5.6778e-05 | Intf: 3.1481e-06 | Val: 2.4798e-06 | Test: 2.6322e-06 | LR=1.0e-04
Epoch  82/100 | Steps:  82000 | α=1e-01 | Loss: 1.1667e-05 | BC: 4.1275e-06 | PDE: 5.2882e-05 | Intf: 2.2516e-06 | Val: 2.8185e-06 | Test: 2.6372e-06 | LR=9.6e-05
Epoch  83/100 | Steps:  83000 | α=1e-01 | Loss: 1.0499e-05 | BC: 3.6803e-06 | PDE: 4.8729e-05 | Intf: 1.9460e-06 | Val: 1.6756e-06 | Test: 1.8769e-06 | LR=8.7e-05
Epoch  84/100 | Steps:  84000 | α=1e-01 | Loss: 9.1934e-06 | BC: 3.1956e-06 | PDE: 4.3143e-05 | Intf: 1.6836e-06 | Val: 9.7827e-07 | Test: 1.2346e-06 | LR=7.9e-05 *
Epoch  85/100 | Steps:  85000 | α=1e-01 | Loss: 8.4035e-06 | BC: 3.2738e-06 | PDE: 3.6904e-05 | Intf: 1.4393e-06 | Val: 3.4285e-06 | Test: 2.1319e-06 | LR=7.1e-05
Epoch  86/100 | Steps:  86000 | α=1e-01 | Loss: 6.1029e-06 | BC: 2.0840e-06 | PDE: 2.9974e-05 | Intf: 1.0215e-06 | Val: 9.1808e-06 | Test: 7.2695e-06 | LR=6.4e-05
Epoch  87/100 | Steps:  87000 | α=1e-01 | Loss: 6.1352e-06 | BC: 2.5690e-06 | PDE: 2.3173e-05 | Intf: 1.2489e-06 | Val: 2.5027e-07 | Test: 5.9236e-07 | LR=5.7e-05 *
Epoch  88/100 | Steps:  88000 | α=1e-01 | Loss: 3.8188e-06 | BC: 1.4334e-06 | PDE: 1.7904e-05 | Intf: 5.9493e-07 | Val: 4.2937e-07 | Test: 1.1156e-06 | LR=5.1e-05
Epoch  89/100 | Steps:  89000 | α=1e-01 | Loss: 3.4920e-06 | BC: 1.4748e-06 | PDE: 1.3817e-05 | Intf: 6.3554e-07 | Val: 2.8020e-06 | Test: 3.2497e-06 | LR=4.5e-05
Epoch  90/100 | Steps:  90000 | α=1e-01 | Loss: 2.5760e-06 | BC: 1.0299e-06 | PDE: 1.0825e-05 | Intf: 4.6364e-07 | Val: 2.0847e-06 | Test: 2.7432e-06 | LR=3.9e-05
Epoch  91/100 | Steps:  91000 | α=1e-01 | Loss: 1.9158e-06 | BC: 7.4735e-07 | PDE: 8.6233e-06 | Intf: 3.0611e-07 | Val: 3.1985e-07 | Test: 1.2289e-06 | LR=3.4e-05
Epoch  92/100 | Steps:  92000 | α=1e-01 | Loss: 1.7266e-06 | BC: 7.1060e-07 | PDE: 7.0557e-06 | Intf: 3.1046e-07 | Val: 1.0526e-06 | Test: 2.9130e-06 | LR=3.0e-05
Epoch  93/100 | Steps:  93000 | α=1e-01 | Loss: 1.3973e-06 | BC: 5.6910e-07 | PDE: 5.9901e-06 | Intf: 2.2914e-07 | Val: 8.6840e-07 | Test: 1.0379e-06 | LR=2.6e-05
Epoch  94/100 | Steps:  94000 | α=1e-01 | Loss: 1.1885e-06 | BC: 4.9927e-07 | PDE: 5.2002e-06 | Intf: 1.6918e-07 | Val: 2.9302e-07 | Test: 1.0367e-06 | LR=2.2e-05
Epoch  95/100 | Steps:  95000 | α=1e-01 | Loss: 9.2133e-07 | BC: 3.3810e-07 | PDE: 4.6318e-06 | Intf: 1.2005e-07 | Val: 4.8826e-07 | Test: 1.1007e-06 | LR=1.9e-05
Epoch  96/100 | Steps:  96000 | α=1e-01 | Loss: 7.6984e-07 | BC: 2.6943e-07 | PDE: 4.1890e-06 | Intf: 8.1512e-08 | Val: 2.2117e-07 | Test: 1.5244e-06 | LR=1.6e-05 *
Epoch  97/100 | Steps:  97000 | α=1e-01 | Loss: 7.8310e-07 | BC: 2.9880e-07 | PDE: 3.8471e-06 | Intf: 9.9595e-08 | Val: 1.8250e-07 | Test: 1.2793e-06 | LR=1.4e-05 *
Epoch  98/100 | Steps:  98000 | α=1e-01 | Loss: 6.1236e-07 | BC: 2.0034e-07 | PDE: 3.5820e-06 | Intf: 5.3821e-08 | Val: 1.3404e-07 | Test: 1.1491e-06 | LR=1.2e-05 *
Epoch  99/100 | Steps:  99000 | α=1e-01 | Loss: 6.1269e-07 | BC: 2.1186e-07 | PDE: 3.3898e-06 | Intf: 6.1862e-08 | Val: 3.0571e-07 | Test: 1.4129e-06 | LR=1.1e-05
Epoch 100/100 | Steps: 100000 | α=1e-01 | Loss: 5.7429e-07 | BC: 2.0118e-07 | PDE: 3.2206e-06 | Intf: 5.1052e-08 | Val: 1.2567e-07 | Test: 1.0832e-06 | LR=1.0e-05 *

Restored best model from epoch 100 (val_loss: 1.2567e-07, test_loss: 1.0832e-06)
Best checkpoint saved to: outputs/expr_7_1/absolute_dd/clip0_out0/checkpoints/best_model.pt
Final checkpoint saved to: outputs/expr_7_1/absolute_dd/clip0_out0/checkpoints/final_model.pt
Training completed in 4086.96s (100,000 total steps)

Final Test MSE: 1.0832e-06
Inference (per point): 5.7312e-04s | (full domain): 1.4472e-03s
Saved plot to outputs/expr_7_1/absolute_dd/clip0_out0/plots/results.png
