
============================================================
Running Example: absolute
============================================================

Generated full domain data:
  Boundary points: 40,000
  Interior points: 1,000,000
  Test points: 10,000
Re-sampling enabled: ~1,000,000 interior points per epoch

Splitting data: 80% train, 20% validation
  BC: 32,000 train, 8,000 val
  Interior: 800,000 train, 200,000 val

Model: DomainDecompositionPINN
  Hidden layers: [32, 32, 32, 32]
  Activation: tanh
  η: 1e-05 (normalized)
  Residual clipping: [-10.0, 10.0]
  Outlier removal: top 2.0%
  Parameters: 13,188

Training configuration:
  Boundary points (train): 32,000 -> 80 batches of 400
  Interior points (train): 1,000,000 -> 1000 batches of 1000
  Interior sampling: RE-SAMPLE each epoch
  Boundary points (val): 8,000
  Validation loss: BC only
  Steps per epoch: 1,000
  Total steps: 100,000
  Epochs: 100
  Loss balancing: FixedAlphaSchedule
  LR scheduler: cosine (LR: 1.0e-03 -> 1.0e-05)

/usr/local/lib/python3.12/dist-packages/torch/autograd/graph.py:824: UserWarning: Attempting to run cuBLAS, but there was no current CUDA context! Attempting to set the primary context... (Triggered internally at /opt/pytorch/pytorch/aten/src/ATen/cuda/CublasHandlePool.cpp:181.)
  return Variable._execution_engine.run_backward(  # Calls into the C++ engine to run the backward pass
Epoch   1/100 | Steps:   1000 | α=0e+00 | Loss: 3.6410e-03 | BC: 3.4264e-03 | PDE: 2.3331e-01 | Intf: 2.1462e-04 | Val: 1.1112e-04 | Test: 8.8456e-04 | LR=1.0e-03 *
Epoch   2/100 | Steps:   2000 | α=0e+00 | Loss: 2.4111e-04 | BC: 1.3144e-04 | PDE: 2.4468e-01 | Intf: 1.0967e-04 | Val: 1.2524e-04 | Test: 8.9821e-04 | LR=1.0e-03
Epoch   3/100 | Steps:   3000 | α=0e+00 | Loss: 2.5334e-04 | BC: 1.4551e-04 | PDE: 2.4568e-01 | Intf: 1.0782e-04 | Val: 2.7479e-05 | Test: 7.3263e-04 | LR=1.0e-03 *
Epoch   4/100 | Steps:   4000 | α=0e+00 | Loss: 2.3322e-04 | BC: 1.2468e-04 | PDE: 2.4345e-01 | Intf: 1.0854e-04 | Val: 8.6248e-04 | Test: 1.1385e-03 | LR=1.0e-03
Epoch   5/100 | Steps:   5000 | α=0e+00 | Loss: 1.9405e-04 | BC: 1.1365e-04 | PDE: 2.4440e-01 | Intf: 8.0401e-05 | Val: 4.2096e-04 | Test: 9.6127e-04 | LR=1.0e-03
Epoch   6/100 | Steps:   6000 | α=0e+00 | Loss: 2.1389e-04 | BC: 1.2209e-04 | PDE: 2.4666e-01 | Intf: 9.1798e-05 | Val: 1.2029e-04 | Test: 6.6113e-04 | LR=9.9e-04
Epoch   7/100 | Steps:   7000 | α=0e+00 | Loss: 1.6949e-04 | BC: 1.0621e-04 | PDE: 2.5028e-01 | Intf: 6.3275e-05 | Val: 6.6674e-05 | Test: 7.2426e-04 | LR=9.9e-04
Epoch   8/100 | Steps:   8000 | α=0e+00 | Loss: 1.7949e-04 | BC: 1.0246e-04 | PDE: 2.5280e-01 | Intf: 7.7035e-05 | Val: 6.0009e-05 | Test: 7.2526e-04 | LR=9.9e-04
Epoch   9/100 | Steps:   9000 | α=0e+00 | Loss: 1.7185e-04 | BC: 9.8135e-05 | PDE: 2.5484e-01 | Intf: 7.3715e-05 | Val: 4.6487e-04 | Test: 9.1774e-04 | LR=9.8e-04
Epoch  10/100 | Steps:  10000 | α=0e+00 | Loss: 1.6344e-04 | BC: 1.0503e-04 | PDE: 2.5984e-01 | Intf: 5.8404e-05 | Val: 3.5999e-05 | Test: 7.0058e-04 | LR=9.8e-04
Epoch  11/100 | Steps:  11000 | α=0e+00 | Loss: 1.4455e-04 | BC: 8.7356e-05 | PDE: 2.6199e-01 | Intf: 5.7198e-05 | Val: 6.1510e-05 | Test: 7.3407e-04 | LR=9.8e-04
Epoch  12/100 | Steps:  12000 | α=0e+00 | Loss: 1.5636e-04 | BC: 9.5362e-05 | PDE: 2.6297e-01 | Intf: 6.0998e-05 | Val: 1.2147e-03 | Test: 1.4028e-03 | LR=9.7e-04
Epoch  13/100 | Steps:  13000 | α=0e+00 | Loss: 2.1163e-04 | BC: 1.0848e-04 | PDE: 2.7423e-01 | Intf: 1.0315e-04 | Val: 5.6485e-05 | Test: 7.0101e-04 | LR=9.7e-04
Epoch  14/100 | Steps:  14000 | α=0e+00 | Loss: 1.1928e-04 | BC: 7.8625e-05 | PDE: 2.6674e-01 | Intf: 4.0654e-05 | Val: 3.5255e-05 | Test: 7.0209e-04 | LR=9.6e-04
Epoch  15/100 | Steps:  15000 | α=0e+00 | Loss: 1.1125e-04 | BC: 7.3055e-05 | PDE: 2.6815e-01 | Intf: 3.8192e-05 | Val: 2.5116e-04 | Test: 8.6415e-04 | LR=9.5e-04
Epoch  16/100 | Steps:  16000 | α=0e+00 | Loss: 1.1773e-04 | BC: 7.2903e-05 | PDE: 2.6972e-01 | Intf: 4.4823e-05 | Val: 4.9421e-05 | Test: 7.1563e-04 | LR=9.5e-04
Epoch  17/100 | Steps:  17000 | α=0e+00 | Loss: 1.1781e-04 | BC: 7.1749e-05 | PDE: 2.6748e-01 | Intf: 4.6062e-05 | Val: 5.2365e-05 | Test: 7.4872e-04 | LR=9.4e-04
Epoch  18/100 | Steps:  18000 | α=0e+00 | Loss: 2.0607e-04 | BC: 1.0438e-04 | PDE: 2.7671e-01 | Intf: 1.0170e-04 | Val: 1.7018e-05 | Test: 7.5293e-04 | LR=9.3e-04 *
Epoch  19/100 | Steps:  19000 | α=0e+00 | Loss: 6.0880e-05 | BC: 4.8052e-05 | PDE: 2.6733e-01 | Intf: 1.2828e-05 | Val: 5.6581e-05 | Test: 7.3273e-04 | LR=9.2e-04
Epoch  20/100 | Steps:  20000 | α=0e+00 | Loss: 1.0171e-04 | BC: 6.5370e-05 | PDE: 2.6978e-01 | Intf: 3.6342e-05 | Val: 2.3555e-05 | Test: 7.3574e-04 | LR=9.1e-04
Epoch  21/100 | Steps:  21000 | α=0e+00 | Loss: 9.9685e-05 | BC: 6.0973e-05 | PDE: 2.6813e-01 | Intf: 3.8712e-05 | Val: 1.8478e-04 | Test: 7.6546e-04 | LR=9.1e-04
Epoch  22/100 | Steps:  22000 | α=0e+00 | Loss: 1.0930e-04 | BC: 7.0603e-05 | PDE: 2.6794e-01 | Intf: 3.8702e-05 | Val: 3.7182e-05 | Test: 7.2922e-04 | LR=9.0e-04
Epoch  23/100 | Steps:  23000 | α=0e+00 | Loss: 8.1914e-05 | BC: 5.3037e-05 | PDE: 2.6768e-01 | Intf: 2.8877e-05 | Val: 3.6212e-05 | Test: 7.1744e-04 | LR=8.9e-04
Epoch  24/100 | Steps:  24000 | α=0e+00 | Loss: 3.1540e-04 | BC: 1.9701e-04 | PDE: 2.8871e-01 | Intf: 1.1839e-04 | Val: 2.8819e-05 | Test: 7.7446e-04 | LR=8.8e-04
Epoch  25/100 | Steps:  25000 | α=0e+00 | Loss: 1.0340e-04 | BC: 7.0113e-05 | PDE: 2.8358e-01 | Intf: 3.3286e-05 | Val: 5.5186e-05 | Test: 7.7333e-04 | LR=8.7e-04
Epoch  26/100 | Steps:  26000 | α=0e+00 | Loss: 1.1341e-04 | BC: 7.3846e-05 | PDE: 2.9042e-01 | Intf: 3.9567e-05 | Val: 5.1888e-05 | Test: 7.8274e-04 | LR=8.6e-04
Epoch  27/100 | Steps:  27000 | α=0e+00 | Loss: 1.4954e-04 | BC: 9.7829e-05 | PDE: 2.9921e-01 | Intf: 5.1715e-05 | Val: 4.6234e-05 | Test: 8.0496e-04 | LR=8.4e-04
Epoch  28/100 | Steps:  28000 | α=0e+00 | Loss: 1.1180e-04 | BC: 7.3093e-05 | PDE: 3.0189e-01 | Intf: 3.8702e-05 | Val: 1.9735e-04 | Test: 8.9386e-04 | LR=8.3e-04
Epoch  29/100 | Steps:  29000 | α=0e+00 | Loss: 1.2374e-04 | BC: 8.1118e-05 | PDE: 3.0623e-01 | Intf: 4.2626e-05 | Val: 1.3857e-04 | Test: 8.7421e-04 | LR=8.2e-04
Epoch  30/100 | Steps:  30000 | α=0e+00 | Loss: 1.0999e-04 | BC: 7.2557e-05 | PDE: 3.0954e-01 | Intf: 3.7437e-05 | Val: 6.1638e-05 | Test: 8.3235e-04 | LR=8.1e-04
Epoch  31/100 | Steps:  31000 | α=0e+00 | Loss: 1.1251e-04 | BC: 7.3925e-05 | PDE: 3.1114e-01 | Intf: 3.8583e-05 | Val: 1.0345e-04 | Test: 8.4588e-04 | LR=8.0e-04
Epoch  32/100 | Steps:  32000 | α=0e+00 | Loss: 9.6580e-05 | BC: 6.3748e-05 | PDE: 3.1233e-01 | Intf: 3.2832e-05 | Val: 2.5302e-04 | Test: 9.6132e-04 | LR=7.8e-04
Epoch  33/100 | Steps:  33000 | α=0e+00 | Loss: 1.0559e-04 | BC: 6.8457e-05 | PDE: 3.1558e-01 | Intf: 3.7136e-05 | Val: 8.0174e-05 | Test: 8.4756e-04 | LR=7.7e-04
Epoch  34/100 | Steps:  34000 | α=0e+00 | Loss: 1.0136e-04 | BC: 6.9173e-05 | PDE: 3.1470e-01 | Intf: 3.2191e-05 | Val: 3.5227e-05 | Test: 8.1264e-04 | LR=7.6e-04
Epoch  35/100 | Steps:  35000 | α=0e+00 | Loss: 8.8203e-05 | BC: 6.0972e-05 | PDE: 3.1504e-01 | Intf: 2.7231e-05 | Val: 3.0116e-05 | Test: 8.3402e-04 | LR=7.4e-04
Epoch  36/100 | Steps:  36000 | α=0e+00 | Loss: 9.5079e-05 | BC: 6.4127e-05 | PDE: 3.1364e-01 | Intf: 3.0952e-05 | Val: 8.7405e-05 | Test: 8.3008e-04 | LR=7.3e-04
Epoch  37/100 | Steps:  37000 | α=0e+00 | Loss: 7.6111e-05 | BC: 4.8335e-05 | PDE: 3.1346e-01 | Intf: 2.7776e-05 | Val: 4.5770e-05 | Test: 8.7106e-04 | LR=7.2e-04
Epoch  38/100 | Steps:  38000 | α=0e+00 | Loss: 8.6085e-05 | BC: 5.8709e-05 | PDE: 3.1373e-01 | Intf: 2.7376e-05 | Val: 6.3517e-05 | Test: 8.7391e-04 | LR=7.0e-04
Epoch  39/100 | Steps:  39000 | α=0e+00 | Loss: 8.2544e-05 | BC: 5.5185e-05 | PDE: 3.1363e-01 | Intf: 2.7358e-05 | Val: 1.4336e-04 | Test: 9.0778e-04 | LR=6.9e-04
Epoch  40/100 | Steps:  40000 | α=0e+00 | Loss: 8.1919e-05 | BC: 5.3048e-05 | PDE: 3.1382e-01 | Intf: 2.8871e-05 | Val: 2.4741e-05 | Test: 8.4062e-04 | LR=6.7e-04
Epoch  41/100 | Steps:  41000 | α=0e+00 | Loss: 7.2287e-05 | BC: 5.0507e-05 | PDE: 3.1048e-01 | Intf: 2.1780e-05 | Val: 1.5031e-04 | Test: 9.1552e-04 | LR=6.6e-04
Epoch  42/100 | Steps:  42000 | α=0e+00 | Loss: 6.5687e-05 | BC: 4.3431e-05 | PDE: 3.1183e-01 | Intf: 2.2256e-05 | Val: 9.5781e-05 | Test: 9.2671e-04 | LR=6.4e-04
Epoch  43/100 | Steps:  43000 | α=0e+00 | Loss: 6.5916e-05 | BC: 4.6434e-05 | PDE: 3.1148e-01 | Intf: 1.9482e-05 | Val: 3.9314e-05 | Test: 8.8780e-04 | LR=6.3e-04
Epoch  44/100 | Steps:  44000 | α=0e+00 | Loss: 6.3289e-05 | BC: 4.0876e-05 | PDE: 3.1055e-01 | Intf: 2.2413e-05 | Val: 2.8577e-05 | Test: 8.9167e-04 | LR=6.1e-04
Epoch  45/100 | Steps:  45000 | α=0e+00 | Loss: 6.7153e-05 | BC: 4.5343e-05 | PDE: 3.1164e-01 | Intf: 2.1811e-05 | Val: 3.0042e-05 | Test: 9.1442e-04 | LR=6.0e-04
Epoch  46/100 | Steps:  46000 | α=0e+00 | Loss: 5.0874e-05 | BC: 3.5712e-05 | PDE: 3.1159e-01 | Intf: 1.5162e-05 | Val: 4.2647e-05 | Test: 9.2648e-04 | LR=5.8e-04
Epoch  47/100 | Steps:  47000 | α=0e+00 | Loss: 4.2196e-05 | BC: 2.7573e-05 | PDE: 3.1247e-01 | Intf: 1.4623e-05 | Val: 9.2775e-05 | Test: 1.0339e-03 | LR=5.7e-04
Epoch  48/100 | Steps:  48000 | α=0e+00 | Loss: 4.8730e-05 | BC: 3.1991e-05 | PDE: 3.1287e-01 | Intf: 1.6739e-05 | Val: 2.1862e-05 | Test: 9.9777e-04 | LR=5.5e-04
Epoch  49/100 | Steps:  49000 | α=0e+00 | Loss: 3.9349e-05 | BC: 2.5112e-05 | PDE: 3.1596e-01 | Intf: 1.4236e-05 | Val: 2.0324e-05 | Test: 1.0024e-03 | LR=5.4e-04
Epoch  50/100 | Steps:  50000 | α=0e+00 | Loss: 4.2972e-05 | BC: 2.6868e-05 | PDE: 3.1850e-01 | Intf: 1.6104e-05 | Val: 2.0373e-05 | Test: 1.0576e-03 | LR=5.2e-04
Epoch  51/100 | Steps:  51000 | α=0e+00 | Loss: 3.2055e-05 | BC: 2.1457e-05 | PDE: 3.2339e-01 | Intf: 1.0598e-05 | Val: 3.9981e-05 | Test: 1.0986e-03 | LR=5.1e-04
Epoch  52/100 | Steps:  52000 | α=0e+00 | Loss: 3.4327e-05 | BC: 2.1925e-05 | PDE: 3.2831e-01 | Intf: 1.2401e-05 | Val: 1.1501e-05 | Test: 1.1050e-03 | LR=4.9e-04 *
Epoch  53/100 | Steps:  53000 | α=0e+00 | Loss: 2.7650e-05 | BC: 1.7367e-05 | PDE: 3.3125e-01 | Intf: 1.0283e-05 | Val: 1.2626e-05 | Test: 1.1077e-03 | LR=4.7e-04
Epoch  54/100 | Steps:  54000 | α=0e+00 | Loss: 2.7512e-05 | BC: 1.7386e-05 | PDE: 3.3555e-01 | Intf: 1.0126e-05 | Val: 1.5225e-05 | Test: 1.1219e-03 | LR=4.6e-04
Epoch  55/100 | Steps:  55000 | α=0e+00 | Loss: 3.0395e-05 | BC: 1.9423e-05 | PDE: 3.3888e-01 | Intf: 1.0972e-05 | Val: 3.3584e-05 | Test: 1.1610e-03 | LR=4.4e-04
Epoch  56/100 | Steps:  56000 | α=0e+00 | Loss: 2.2245e-05 | BC: 1.4040e-05 | PDE: 3.4089e-01 | Intf: 8.2047e-06 | Val: 2.7842e-05 | Test: 1.1532e-03 | LR=4.3e-04
Epoch  57/100 | Steps:  57000 | α=0e+00 | Loss: 2.3475e-05 | BC: 1.4772e-05 | PDE: 3.4290e-01 | Intf: 8.7022e-06 | Val: 2.5050e-05 | Test: 1.1692e-03 | LR=4.1e-04
Epoch  58/100 | Steps:  58000 | α=0e+00 | Loss: 1.9788e-05 | BC: 1.2518e-05 | PDE: 3.4591e-01 | Intf: 7.2697e-06 | Val: 2.5305e-05 | Test: 1.1700e-03 | LR=4.0e-04
Epoch  59/100 | Steps:  59000 | α=0e+00 | Loss: 1.4856e-05 | BC: 9.4804e-06 | PDE: 3.4711e-01 | Intf: 5.3756e-06 | Val: 5.5506e-06 | Test: 1.2236e-03 | LR=3.8e-04 *
Epoch  60/100 | Steps:  60000 | α=0e+00 | Loss: 1.8288e-05 | BC: 1.1721e-05 | PDE: 3.4819e-01 | Intf: 6.5672e-06 | Val: 1.1968e-05 | Test: 1.1674e-03 | LR=3.7e-04
Epoch  61/100 | Steps:  61000 | α=0e+00 | Loss: 1.5116e-05 | BC: 9.9758e-06 | PDE: 3.5056e-01 | Intf: 5.1402e-06 | Val: 3.3694e-06 | Test: 1.2524e-03 | LR=3.5e-04 *
Epoch  62/100 | Steps:  62000 | α=0e+00 | Loss: 1.3873e-05 | BC: 8.9241e-06 | PDE: 3.5266e-01 | Intf: 4.9488e-06 | Val: 2.7421e-05 | Test: 1.2114e-03 | LR=3.4e-04
Epoch  63/100 | Steps:  63000 | α=0e+00 | Loss: 1.3572e-05 | BC: 8.7125e-06 | PDE: 3.5335e-01 | Intf: 4.8594e-06 | Val: 1.8891e-05 | Test: 1.1784e-03 | LR=3.2e-04
Epoch  64/100 | Steps:  64000 | α=0e+00 | Loss: 1.0479e-05 | BC: 6.8353e-06 | PDE: 3.5338e-01 | Intf: 3.6439e-06 | Val: 3.2159e-06 | Test: 1.2442e-03 | LR=3.1e-04 *
Epoch  65/100 | Steps:  65000 | α=0e+00 | Loss: 8.8787e-06 | BC: 5.5350e-06 | PDE: 3.5322e-01 | Intf: 3.3438e-06 | Val: 2.6301e-06 | Test: 1.2394e-03 | LR=2.9e-04 *
Epoch  66/100 | Steps:  66000 | α=0e+00 | Loss: 7.3492e-06 | BC: 4.6107e-06 | PDE: 3.5289e-01 | Intf: 2.7385e-06 | Val: 3.5494e-06 | Test: 1.2789e-03 | LR=2.8e-04
Epoch  67/100 | Steps:  67000 | α=0e+00 | Loss: 7.4895e-06 | BC: 4.4620e-06 | PDE: 3.5239e-01 | Intf: 3.0275e-06 | Val: 1.6175e-06 | Test: 1.2862e-03 | LR=2.7e-04 *
Epoch  68/100 | Steps:  68000 | α=0e+00 | Loss: 6.3457e-06 | BC: 3.8999e-06 | PDE: 3.5217e-01 | Intf: 2.4459e-06 | Val: 3.5803e-06 | Test: 1.3029e-03 | LR=2.5e-04
Epoch  69/100 | Steps:  69000 | α=0e+00 | Loss: 6.5268e-06 | BC: 4.0239e-06 | PDE: 3.4940e-01 | Intf: 2.5029e-06 | Val: 2.0527e-06 | Test: 1.2762e-03 | LR=2.4e-04
Epoch  70/100 | Steps:  70000 | α=0e+00 | Loss: 4.9494e-06 | BC: 3.0079e-06 | PDE: 3.5151e-01 | Intf: 1.9415e-06 | Val: 7.5137e-06 | Test: 1.2728e-03 | LR=2.3e-04
Epoch  71/100 | Steps:  71000 | α=0e+00 | Loss: 4.7814e-06 | BC: 2.9131e-06 | PDE: 3.4933e-01 | Intf: 1.8682e-06 | Val: 2.7605e-06 | Test: 1.2878e-03 | LR=2.1e-04
Epoch  72/100 | Steps:  72000 | α=0e+00 | Loss: 4.1441e-06 | BC: 2.6917e-06 | PDE: 3.5047e-01 | Intf: 1.4524e-06 | Val: 3.1637e-06 | Test: 1.3109e-03 | LR=2.0e-04
Epoch  73/100 | Steps:  73000 | α=0e+00 | Loss: 3.9684e-06 | BC: 2.4214e-06 | PDE: 3.5020e-01 | Intf: 1.5470e-06 | Val: 1.2192e-06 | Test: 1.2988e-03 | LR=1.9e-04 *
Epoch  74/100 | Steps:  74000 | α=0e+00 | Loss: 3.2798e-06 | BC: 1.9766e-06 | PDE: 3.4991e-01 | Intf: 1.3032e-06 | Val: 3.5832e-06 | Test: 1.2961e-03 | LR=1.8e-04
Epoch  75/100 | Steps:  75000 | α=0e+00 | Loss: 2.7120e-06 | BC: 1.7594e-06 | PDE: 3.4940e-01 | Intf: 9.5258e-07 | Val: 1.0604e-06 | Test: 1.3266e-03 | LR=1.7e-04 *
Epoch  76/100 | Steps:  76000 | α=0e+00 | Loss: 2.3768e-06 | BC: 1.4563e-06 | PDE: 3.5006e-01 | Intf: 9.2050e-07 | Val: 1.2977e-06 | Test: 1.3310e-03 | LR=1.5e-04
Epoch  77/100 | Steps:  77000 | α=0e+00 | Loss: 2.2721e-06 | BC: 1.4120e-06 | PDE: 3.5035e-01 | Intf: 8.6013e-07 | Val: 3.8393e-06 | Test: 1.3497e-03 | LR=1.4e-04
Epoch  78/100 | Steps:  78000 | α=0e+00 | Loss: 1.8467e-06 | BC: 1.1651e-06 | PDE: 3.5117e-01 | Intf: 6.8153e-07 | Val: 5.1597e-07 | Test: 1.3610e-03 | LR=1.3e-04 *
Epoch  79/100 | Steps:  79000 | α=0e+00 | Loss: 1.7071e-06 | BC: 1.0861e-06 | PDE: 3.5226e-01 | Intf: 6.2103e-07 | Val: 4.9315e-07 | Test: 1.3619e-03 | LR=1.2e-04 *
Epoch  80/100 | Steps:  80000 | α=0e+00 | Loss: 1.3535e-06 | BC: 8.9591e-07 | PDE: 3.5345e-01 | Intf: 4.5763e-07 | Val: 8.0715e-07 | Test: 1.3856e-03 | LR=1.1e-04
Epoch  81/100 | Steps:  81000 | α=0e+00 | Loss: 1.1926e-06 | BC: 7.5919e-07 | PDE: 3.5437e-01 | Intf: 4.3341e-07 | Val: 5.0011e-07 | Test: 1.3961e-03 | LR=1.0e-04
Epoch  82/100 | Steps:  82000 | α=0e+00 | Loss: 1.0551e-06 | BC: 6.8606e-07 | PDE: 3.5490e-01 | Intf: 3.6904e-07 | Val: 2.6325e-07 | Test: 1.4097e-03 | LR=9.6e-05 *
Epoch  83/100 | Steps:  83000 | α=0e+00 | Loss: 9.2392e-07 | BC: 6.2274e-07 | PDE: 3.5516e-01 | Intf: 3.0119e-07 | Val: 3.3231e-07 | Test: 1.4188e-03 | LR=8.7e-05
Epoch  84/100 | Steps:  84000 | α=0e+00 | Loss: 8.1990e-07 | BC: 5.4740e-07 | PDE: 3.5666e-01 | Intf: 2.7250e-07 | Val: 4.5345e-07 | Test: 1.4191e-03 | LR=7.9e-05
Epoch  85/100 | Steps:  85000 | α=0e+00 | Loss: 4.6752e-07 | BC: 3.3301e-07 | PDE: 3.5773e-01 | Intf: 1.3451e-07 | Val: 8.4926e-07 | Test: 1.4483e-03 | LR=7.1e-05
Epoch  86/100 | Steps:  86000 | α=0e+00 | Loss: 5.7115e-07 | BC: 3.9787e-07 | PDE: 3.5862e-01 | Intf: 1.7327e-07 | Val: 2.3895e-07 | Test: 1.4551e-03 | LR=6.4e-05 *
Epoch  87/100 | Steps:  87000 | α=0e+00 | Loss: 4.7275e-07 | BC: 3.3295e-07 | PDE: 3.5953e-01 | Intf: 1.3981e-07 | Val: 3.7341e-07 | Test: 1.4698e-03 | LR=5.7e-05
Epoch  88/100 | Steps:  88000 | α=0e+00 | Loss: 3.5056e-07 | BC: 2.7547e-07 | PDE: 3.6070e-01 | Intf: 7.5086e-08 | Val: 1.9647e-07 | Test: 1.4809e-03 | LR=5.1e-05 *
Epoch  89/100 | Steps:  89000 | α=0e+00 | Loss: 3.6443e-07 | BC: 2.4991e-07 | PDE: 3.6307e-01 | Intf: 1.1452e-07 | Val: 1.3442e-07 | Test: 1.4821e-03 | LR=4.5e-05 *
Epoch  90/100 | Steps:  90000 | α=0e+00 | Loss: 2.3493e-07 | BC: 1.9151e-07 | PDE: 3.6253e-01 | Intf: 4.3418e-08 | Val: 1.8536e-07 | Test: 1.4986e-03 | LR=3.9e-05
Epoch  91/100 | Steps:  91000 | α=0e+00 | Loss: 2.2499e-07 | BC: 1.8128e-07 | PDE: 3.6407e-01 | Intf: 4.3717e-08 | Val: 1.6078e-07 | Test: 1.5104e-03 | LR=3.4e-05
Epoch  92/100 | Steps:  92000 | α=0e+00 | Loss: 1.9958e-07 | BC: 1.6475e-07 | PDE: 3.6528e-01 | Intf: 3.4830e-08 | Val: 1.8389e-07 | Test: 1.5222e-03 | LR=3.0e-05
Epoch  93/100 | Steps:  93000 | α=0e+00 | Loss: 1.7992e-07 | BC: 1.5650e-07 | PDE: 3.6603e-01 | Intf: 2.3428e-08 | Val: 1.5743e-07 | Test: 1.5329e-03 | LR=2.6e-05
Epoch  94/100 | Steps:  94000 | α=0e+00 | Loss: 1.6810e-07 | BC: 1.4441e-07 | PDE: 3.6766e-01 | Intf: 2.3688e-08 | Val: 2.3317e-07 | Test: 1.5453e-03 | LR=2.2e-05
Epoch  95/100 | Steps:  95000 | α=0e+00 | Loss: 1.5468e-07 | BC: 1.3700e-07 | PDE: 3.6821e-01 | Intf: 1.7681e-08 | Val: 1.1424e-07 | Test: 1.5496e-03 | LR=1.9e-05 *
Epoch  96/100 | Steps:  96000 | α=0e+00 | Loss: 1.5563e-07 | BC: 1.3481e-07 | PDE: 3.6900e-01 | Intf: 2.0821e-08 | Val: 1.7181e-07 | Test: 1.5562e-03 | LR=1.6e-05
Epoch  97/100 | Steps:  97000 | α=0e+00 | Loss: 1.3748e-07 | BC: 1.2250e-07 | PDE: 3.6982e-01 | Intf: 1.4980e-08 | Val: 1.6900e-07 | Test: 1.5631e-03 | LR=1.4e-05
Epoch  98/100 | Steps:  98000 | α=0e+00 | Loss: 1.3628e-07 | BC: 1.2090e-07 | PDE: 3.7087e-01 | Intf: 1.5380e-08 | Val: 1.3676e-07 | Test: 1.5689e-03 | LR=1.2e-05
Epoch  99/100 | Steps:  99000 | α=0e+00 | Loss: 1.3175e-07 | BC: 1.1769e-07 | PDE: 3.7197e-01 | Intf: 1.4061e-08 | Val: 1.1842e-07 | Test: 1.5744e-03 | LR=1.1e-05
Epoch 100/100 | Steps: 100000 | α=0e+00 | Loss: 1.3077e-07 | BC: 1.1785e-07 | PDE: 3.7113e-01 | Intf: 1.2913e-08 | Val: 1.1059e-07 | Test: 1.5793e-03 | LR=1.0e-05 *

Restored best model from epoch 100 (val_loss: 1.1059e-07, test_loss: 1.5793e-03)
Best checkpoint saved to: outputs/expr_7_1/absolute_dd/alpha0/checkpoints/best_model.pt
Final checkpoint saved to: outputs/expr_7_1/absolute_dd/alpha0/checkpoints/final_model.pt
Training completed in 3492.90s (100,000 total steps)

Final Test MSE: 1.5793e-03
Inference (per point): 2.9037e-04s | (full domain): 7.2221e-04s
Saved plot to outputs/expr_7_1/absolute_dd/alpha0/plots/results.png
