
============================================================
Eikonal Equation |∇u|² = 1 (2D)
Case: boundary | Domain: ellipse3
============================================================

  Interior: 998,511  |  Test: 3,172
  Boundary points: 10,000
  Re-sampling enabled: ~998,511 interior points per epoch

  Splitting: 80% train, 20% val
  BC: 8,000 train, 2,000 val
  Interior: 798,808 train, 199,703 val

Model: EikonalPINN (input_dim=2)
  Hidden layers: [128, 128, 128, 128], activation: tanh
  Residual clipping: [-10.0, 10.0]
  Outlier removal: top 2.0%
  Positivity weight: 100.0
  Parameters: 50,049

Training configuration:
  Boundary points (train): 8,000 -> 20 batches of 400
  Interior points (train): 998,511 -> 999 batches of 1000
  Interior sampling: RE-SAMPLE each epoch
  Boundary points (val): 2,000
  Validation loss: BC only
  Steps per epoch: 999
  Total steps: 99,900
  Epochs: 100
  Loss balancing: AlphaPlateauScheduler
  LR scheduler: cosine (LR: 1.0e-03 -> 1.0e-05)

/usr/local/lib/python3.12/dist-packages/torch/autograd/graph.py:824: UserWarning: Attempting to run cuBLAS, but there was no current CUDA context! Attempting to set the primary context... (Triggered internally at /opt/pytorch/pytorch/aten/src/ATen/cuda/CublasHandlePool.cpp:181.)
  return Variable._execution_engine.run_backward(  # Calls into the C++ engine to run the backward pass
Epoch   1/100 | Steps:    999 | α=1e+00 | Loss: 2.9149e-01 | BC: 1.1363e-01 | PDE: 1.7786e-01 | Val: 1.2711e-02 | Test: 1.7663e-02 | LR=1.0e-03 *
Epoch   2/100 | Steps:   1998 | α=1e+00 | Loss: 3.1313e-02 | BC: 5.2683e-03 | PDE: 2.6045e-02 | Val: 8.8500e-04 | Test: 1.2088e-03 | LR=1.0e-03 *
Epoch   3/100 | Steps:   2997 | α=1e+00 | Loss: 8.6234e-03 | BC: 1.5450e-03 | PDE: 7.0784e-03 | Val: 1.2429e-03 | Test: 1.2755e-03 | LR=1.0e-03
Epoch   4/100 | Steps:   3996 | α=1e+00 | Loss: 5.6077e-03 | BC: 1.0578e-03 | PDE: 4.5499e-03 | Val: 2.2959e-03 | Test: 2.0518e-03 | LR=1.0e-03
Epoch   5/100 | Steps:   4995 | α=1e+00 | Loss: 4.8514e-03 | BC: 1.0332e-03 | PDE: 3.8182e-03 | Val: 1.7787e-03 | Test: 9.5511e-04 | LR=1.0e-03
Epoch   6/100 | Steps:   5994 | α=1e+00 | Loss: 3.4128e-03 | BC: 8.0962e-04 | PDE: 2.6032e-03 | Val: 2.3957e-04 | Test: 3.1552e-04 | LR=9.9e-04 *
Epoch   7/100 | Steps:   6993 | α=1e+00 | Loss: 3.5092e-03 | BC: 8.7650e-04 | PDE: 2.6327e-03 | Val: 8.9439e-05 | Test: 5.0253e-05 | LR=9.9e-04 *
Epoch   8/100 | Steps:   7992 | α=1e+00 | Loss: 2.8641e-03 | BC: 8.3330e-04 | PDE: 2.0308e-03 | Val: 1.7675e-03 | Test: 1.2143e-03 | LR=9.9e-04
Epoch   9/100 | Steps:   8991 | α=1e+00 | Loss: 2.6792e-03 | BC: 7.6858e-04 | PDE: 1.9106e-03 | Val: 1.3383e-03 | Test: 1.5828e-03 | LR=9.8e-04
Epoch  10/100 | Steps:   9990 | α=1e+00 | Loss: 2.4160e-03 | BC: 6.9886e-04 | PDE: 1.7172e-03 | Val: 3.3225e-04 | Test: 2.4608e-04 | LR=9.8e-04

>>> Alpha increased: 1e+00 → 1e+01 (BC=6.9200e-04) <<<
Epoch  11/100 | Steps:  10989 | α=1e+01 | Loss: 2.2539e-03 | BC: 6.9200e-04 | PDE: 1.5619e-03 | Val: 2.6764e-04 | Test: 2.6962e-04 | LR=9.8e-04 *
Epoch  12/100 | Steps:  11988 | α=1e+01 | Loss: 2.4112e-02 | BC: 2.5266e-03 | PDE: 2.1586e-03 | Val: 4.9891e-03 | Test: 4.3321e-03 | LR=9.7e-04
Epoch  13/100 | Steps:  12987 | α=1e+01 | Loss: 1.4596e-02 | BC: 1.6210e-03 | PDE: 1.2975e-03 | Val: 1.2492e-03 | Test: 1.2286e-03 | LR=9.7e-04
Epoch  14/100 | Steps:  13986 | α=1e+01 | Loss: 1.2053e-02 | BC: 1.5113e-03 | PDE: 1.0542e-03 | Val: 7.7212e-04 | Test: 8.2898e-04 | LR=9.6e-04
Epoch  15/100 | Steps:  14985 | α=1e+01 | Loss: 1.1205e-02 | BC: 1.2273e-03 | PDE: 9.9779e-04 | Val: 8.1708e-04 | Test: 9.2907e-04 | LR=9.5e-04
Epoch  16/100 | Steps:  15984 | α=1e+01 | Loss: 9.3505e-03 | BC: 1.1809e-03 | PDE: 8.1696e-04 | Val: 1.1538e-04 | Test: 1.4496e-04 | LR=9.5e-04 *
Epoch  17/100 | Steps:  16983 | α=1e+01 | Loss: 7.4288e-03 | BC: 8.6777e-04 | PDE: 6.5610e-04 | Val: 1.7231e-04 | Test: 1.8900e-04 | LR=9.4e-04
Epoch  18/100 | Steps:  17982 | α=1e+01 | Loss: 9.8876e-03 | BC: 1.2185e-03 | PDE: 8.6691e-04 | Val: 1.5148e-03 | Test: 1.5694e-03 | LR=9.3e-04
Epoch  19/100 | Steps:  18981 | α=1e+01 | Loss: 6.4175e-03 | BC: 9.0915e-04 | PDE: 5.5083e-04 | Val: 5.2905e-04 | Test: 4.5516e-04 | LR=9.2e-04
Epoch  20/100 | Steps:  19980 | α=1e+01 | Loss: 1.1922e-02 | BC: 1.3499e-03 | PDE: 1.0573e-03 | Val: 3.7483e-03 | Test: 3.8424e-03 | LR=9.1e-04
Epoch  21/100 | Steps:  20979 | α=1e+01 | Loss: 9.4696e-03 | BC: 1.5655e-03 | PDE: 7.9041e-04 | Val: 6.7643e-04 | Test: 7.0512e-04 | LR=9.1e-04
Epoch  22/100 | Steps:  21978 | α=1e+01 | Loss: 5.3368e-03 | BC: 7.0021e-04 | PDE: 4.6366e-04 | Val: 9.8694e-05 | Test: 7.3801e-05 | LR=9.0e-04 *
Epoch  23/100 | Steps:  22977 | α=1e+01 | Loss: 5.1959e-03 | BC: 5.9902e-04 | PDE: 4.5969e-04 | Val: 1.3495e-04 | Test: 8.1632e-05 | LR=8.9e-04
Epoch  24/100 | Steps:  23976 | α=1e+01 | Loss: 4.5433e-03 | BC: 6.8528e-04 | PDE: 3.8580e-04 | Val: 2.5145e-03 | Test: 2.2468e-03 | LR=8.8e-04
Epoch  25/100 | Steps:  24975 | α=1e+01 | Loss: 4.8239e-03 | BC: 7.3502e-04 | PDE: 4.0889e-04 | Val: 7.4022e-05 | Test: 5.3424e-05 | LR=8.7e-04 *
Epoch  26/100 | Steps:  25974 | α=1e+01 | Loss: 4.7603e-03 | BC: 6.7516e-04 | PDE: 4.0852e-04 | Val: 5.1155e-04 | Test: 4.9071e-04 | LR=8.6e-04
Epoch  27/100 | Steps:  26973 | α=1e+01 | Loss: 3.8092e-03 | BC: 5.8479e-04 | PDE: 3.2244e-04 | Val: 4.5200e-04 | Test: 5.8027e-04 | LR=8.4e-04
Epoch  28/100 | Steps:  27972 | α=1e+01 | Loss: 4.0197e-03 | BC: 6.0858e-04 | PDE: 3.4111e-04 | Val: 8.2620e-04 | Test: 6.0622e-04 | LR=8.3e-04
Epoch  29/100 | Steps:  28971 | α=1e+01 | Loss: 3.2871e-03 | BC: 5.2620e-04 | PDE: 2.7609e-04 | Val: 2.9085e-04 | Test: 1.7183e-04 | LR=8.2e-04
Epoch  30/100 | Steps:  29970 | α=1e+01 | Loss: 3.8091e-03 | BC: 6.1581e-04 | PDE: 3.1933e-04 | Val: 7.4115e-04 | Test: 6.8341e-04 | LR=8.1e-04
Epoch  31/100 | Steps:  30969 | α=1e+01 | Loss: 4.8885e-03 | BC: 1.0461e-03 | PDE: 3.8424e-04 | Val: 8.4015e-04 | Test: 7.4146e-04 | LR=8.0e-04
Epoch  32/100 | Steps:  31968 | α=1e+01 | Loss: 2.6832e-03 | BC: 4.6755e-04 | PDE: 2.2157e-04 | Val: 6.4778e-04 | Test: 5.7735e-04 | LR=7.8e-04
Epoch  33/100 | Steps:  32967 | α=1e+01 | Loss: 2.8672e-03 | BC: 4.2796e-04 | PDE: 2.4393e-04 | Val: 8.9649e-04 | Test: 9.1161e-04 | LR=7.7e-04
Epoch  34/100 | Steps:  33966 | α=1e+01 | Loss: 2.4179e-03 | BC: 4.1692e-04 | PDE: 2.0009e-04 | Val: 3.4510e-04 | Test: 3.6845e-04 | LR=7.6e-04
Epoch  35/100 | Steps:  34965 | α=1e+01 | Loss: 2.3761e-03 | BC: 4.3441e-04 | PDE: 1.9416e-04 | Val: 3.9844e-04 | Test: 2.3524e-04 | LR=7.4e-04
Epoch  36/100 | Steps:  35964 | α=1e+01 | Loss: 2.3198e-03 | BC: 4.2037e-04 | PDE: 1.8994e-04 | Val: 5.7343e-04 | Test: 5.5269e-04 | LR=7.3e-04
Epoch  37/100 | Steps:  36963 | α=1e+01 | Loss: 2.6774e-03 | BC: 4.8535e-04 | PDE: 2.1920e-04 | Val: 3.2399e-04 | Test: 4.5875e-04 | LR=7.2e-04
Epoch  38/100 | Steps:  37962 | α=1e+01 | Loss: 2.0444e-03 | BC: 3.6133e-04 | PDE: 1.6831e-04 | Val: 2.1160e-04 | Test: 2.2444e-04 | LR=7.0e-04
Epoch  39/100 | Steps:  38961 | α=1e+01 | Loss: 1.4953e-03 | BC: 2.9751e-04 | PDE: 1.1978e-04 | Val: 2.4358e-04 | Test: 2.6805e-04 | LR=6.9e-04
Epoch  40/100 | Steps:  39960 | α=1e+01 | Loss: 2.5061e-03 | BC: 4.5922e-04 | PDE: 2.0468e-04 | Val: 1.0909e-03 | Test: 1.0835e-03 | LR=6.7e-04
Epoch  41/100 | Steps:  40959 | α=1e+01 | Loss: 1.7548e-03 | BC: 3.6803e-04 | PDE: 1.3868e-04 | Val: 7.7545e-04 | Test: 6.7072e-04 | LR=6.6e-04
Epoch  42/100 | Steps:  41958 | α=1e+01 | Loss: 1.5777e-03 | BC: 3.0670e-04 | PDE: 1.2710e-04 | Val: 9.3617e-04 | Test: 9.2737e-04 | LR=6.4e-04
Epoch  43/100 | Steps:  42957 | α=1e+01 | Loss: 1.7634e-03 | BC: 3.6878e-04 | PDE: 1.3946e-04 | Val: 1.4133e-04 | Test: 1.3166e-04 | LR=6.3e-04
Epoch  44/100 | Steps:  43956 | α=1e+01 | Loss: 1.3156e-03 | BC: 2.7011e-04 | PDE: 1.0455e-04 | Val: 1.5276e-04 | Test: 9.7562e-05 | LR=6.1e-04
Epoch  45/100 | Steps:  44955 | α=1e+01 | Loss: 1.1779e-03 | BC: 2.5821e-04 | PDE: 9.1974e-05 | Val: 8.3245e-05 | Test: 7.5385e-05 | LR=6.0e-04
Epoch  46/100 | Steps:  45954 | α=1e+01 | Loss: 1.5102e-03 | BC: 3.3167e-04 | PDE: 1.1786e-04 | Val: 2.9996e-04 | Test: 2.8018e-04 | LR=5.8e-04
Epoch  47/100 | Steps:  46953 | α=1e+01 | Loss: 1.3897e-03 | BC: 3.5746e-04 | PDE: 1.0322e-04 | Val: 5.5485e-05 | Test: 5.1614e-05 | LR=5.7e-04 *
Epoch  48/100 | Steps:  47952 | α=1e+01 | Loss: 8.2471e-04 | BC: 1.9250e-04 | PDE: 6.3220e-05 | Val: 2.9450e-04 | Test: 3.2278e-04 | LR=5.5e-04
Epoch  49/100 | Steps:  48951 | α=1e+01 | Loss: 1.5413e-03 | BC: 3.9480e-04 | PDE: 1.1465e-04 | Val: 5.6762e-05 | Test: 6.4676e-05 | LR=5.4e-04
Epoch  50/100 | Steps:  49950 | α=1e+01 | Loss: 8.0985e-04 | BC: 2.0486e-04 | PDE: 6.0499e-05 | Val: 3.4236e-04 | Test: 3.1678e-04 | LR=5.2e-04
Epoch  51/100 | Steps:  50949 | α=1e+01 | Loss: 1.2589e-03 | BC: 2.9938e-04 | PDE: 9.5949e-05 | Val: 3.3453e-04 | Test: 2.7261e-04 | LR=5.1e-04
Epoch  52/100 | Steps:  51948 | α=1e+01 | Loss: 1.6157e-03 | BC: 4.5610e-04 | PDE: 1.1596e-04 | Val: 2.6827e-05 | Test: 2.3626e-05 | LR=4.9e-04 *
Epoch  53/100 | Steps:  52947 | α=1e+01 | Loss: 7.6239e-04 | BC: 1.8356e-04 | PDE: 5.7883e-05 | Val: 1.9276e-04 | Test: 1.7574e-04 | LR=4.7e-04
Epoch  54/100 | Steps:  53946 | α=1e+01 | Loss: 7.3432e-04 | BC: 2.1225e-04 | PDE: 5.2207e-05 | Val: 3.7668e-04 | Test: 4.4714e-04 | LR=4.6e-04
Epoch  55/100 | Steps:  54945 | α=1e+01 | Loss: 1.0276e-03 | BC: 2.7312e-04 | PDE: 7.5445e-05 | Val: 1.5088e-04 | Test: 1.1862e-04 | LR=4.4e-04
Epoch  56/100 | Steps:  55944 | α=1e+01 | Loss: 5.3752e-04 | BC: 1.4681e-04 | PDE: 3.9071e-05 | Val: 2.5611e-05 | Test: 3.0546e-05 | LR=4.3e-04 *
Epoch  57/100 | Steps:  56943 | α=1e+01 | Loss: 7.3765e-04 | BC: 2.0835e-04 | PDE: 5.2931e-05 | Val: 1.8087e-04 | Test: 1.4596e-04 | LR=4.1e-04
Epoch  58/100 | Steps:  57942 | α=1e+01 | Loss: 7.5296e-04 | BC: 2.3943e-04 | PDE: 5.1353e-05 | Val: 3.4859e-04 | Test: 2.8135e-04 | LR=4.0e-04
Epoch  59/100 | Steps:  58941 | α=1e+01 | Loss: 9.7220e-04 | BC: 3.1534e-04 | PDE: 6.5686e-05 | Val: 2.0468e-04 | Test: 1.8415e-04 | LR=3.8e-04
Epoch  60/100 | Steps:  59940 | α=1e+01 | Loss: 6.7075e-04 | BC: 2.1914e-04 | PDE: 4.5160e-05 | Val: 3.2652e-04 | Test: 2.6064e-04 | LR=3.7e-04
Epoch  61/100 | Steps:  60939 | α=1e+01 | Loss: 4.9255e-04 | BC: 1.4839e-04 | PDE: 3.4416e-05 | Val: 2.5203e-05 | Test: 2.5168e-05 | LR=3.5e-04 *
Epoch  62/100 | Steps:  61938 | α=1e+01 | Loss: 6.2386e-04 | BC: 2.0362e-04 | PDE: 4.2024e-05 | Val: 3.1662e-04 | Test: 2.8666e-04 | LR=3.4e-04
Epoch  63/100 | Steps:  62937 | α=1e+01 | Loss: 7.5790e-04 | BC: 2.4533e-04 | PDE: 5.1257e-05 | Val: 5.0061e-05 | Test: 4.1203e-05 | LR=3.2e-04
Epoch  64/100 | Steps:  63936 | α=1e+01 | Loss: 3.4545e-04 | BC: 1.1265e-04 | PDE: 2.3281e-05 | Val: 2.3013e-05 | Test: 2.1829e-05 | LR=3.1e-04 *
Epoch  65/100 | Steps:  64935 | α=1e+01 | Loss: 3.5312e-04 | BC: 1.0982e-04 | PDE: 2.4330e-05 | Val: 2.5934e-04 | Test: 2.4123e-04 | LR=2.9e-04
Epoch  66/100 | Steps:  65934 | α=1e+01 | Loss: 3.5227e-04 | BC: 1.2426e-04 | PDE: 2.2801e-05 | Val: 2.7623e-04 | Test: 2.2943e-04 | LR=2.8e-04
Epoch  67/100 | Steps:  66933 | α=1e+01 | Loss: 3.4220e-04 | BC: 1.1854e-04 | PDE: 2.2366e-05 | Val: 1.7314e-04 | Test: 1.4047e-04 | LR=2.7e-04
Epoch  68/100 | Steps:  67932 | α=1e+01 | Loss: 3.3938e-04 | BC: 1.0624e-04 | PDE: 2.3314e-05 | Val: 1.0160e-04 | Test: 8.1468e-05 | LR=2.5e-04
Epoch  69/100 | Steps:  68931 | α=1e+01 | Loss: 3.2567e-04 | BC: 1.0920e-04 | PDE: 2.1647e-05 | Val: 1.2856e-04 | Test: 1.2633e-04 | LR=2.4e-04
Epoch  70/100 | Steps:  69930 | α=1e+01 | Loss: 2.8591e-04 | BC: 1.0309e-04 | PDE: 1.8283e-05 | Val: 1.5762e-04 | Test: 1.3440e-04 | LR=2.3e-04
Epoch  71/100 | Steps:  70929 | α=1e+01 | Loss: 2.8739e-04 | BC: 9.9730e-05 | PDE: 1.8766e-05 | Val: 1.4112e-04 | Test: 1.2974e-04 | LR=2.1e-04
Epoch  72/100 | Steps:  71928 | α=1e+01 | Loss: 1.9824e-04 | BC: 7.4477e-05 | PDE: 1.2377e-05 | Val: 3.4278e-05 | Test: 2.9178e-05 | LR=2.0e-04
Epoch  73/100 | Steps:  72927 | α=1e+01 | Loss: 2.8874e-04 | BC: 1.0465e-04 | PDE: 1.8408e-05 | Val: 5.8335e-05 | Test: 7.3111e-05 | LR=1.9e-04
Epoch  74/100 | Steps:  73926 | α=1e+01 | Loss: 1.8881e-04 | BC: 7.0088e-05 | PDE: 1.1872e-05 | Val: 1.5392e-04 | Test: 1.3923e-04 | LR=1.8e-04
Epoch  75/100 | Steps:  74925 | α=1e+01 | Loss: 1.9486e-04 | BC: 7.5865e-05 | PDE: 1.1899e-05 | Val: 2.8226e-04 | Test: 2.4160e-04 | LR=1.7e-04
Epoch  76/100 | Steps:  75924 | α=1e+01 | Loss: 2.0158e-04 | BC: 7.6449e-05 | PDE: 1.2514e-05 | Val: 1.3595e-05 | Test: 1.3111e-05 | LR=1.5e-04 *
Epoch  77/100 | Steps:  76923 | α=1e+01 | Loss: 1.7345e-04 | BC: 6.8553e-05 | PDE: 1.0490e-05 | Val: 6.4332e-05 | Test: 5.8944e-05 | LR=1.4e-04
Epoch  78/100 | Steps:  77922 | α=1e+01 | Loss: 1.7464e-04 | BC: 7.3219e-05 | PDE: 1.0142e-05 | Val: 2.9153e-05 | Test: 2.7655e-05 | LR=1.3e-04
Epoch  79/100 | Steps:  78921 | α=1e+01 | Loss: 1.5056e-04 | BC: 6.2919e-05 | PDE: 8.7644e-06 | Val: 2.2632e-05 | Test: 1.7969e-05 | LR=1.2e-04
Epoch  80/100 | Steps:  79920 | α=1e+01 | Loss: 1.3126e-04 | BC: 5.7144e-05 | PDE: 7.4119e-06 | Val: 2.1170e-04 | Test: 1.9326e-04 | LR=1.1e-04
Epoch  81/100 | Steps:  80919 | α=1e+01 | Loss: 1.2762e-04 | BC: 5.6324e-05 | PDE: 7.1293e-06 | Val: 1.6518e-04 | Test: 1.4506e-04 | LR=1.0e-04
Epoch  82/100 | Steps:  81918 | α=1e+01 | Loss: 1.0281e-04 | BC: 4.6968e-05 | PDE: 5.5846e-06 | Val: 3.8435e-05 | Test: 3.3519e-05 | LR=9.6e-05
Epoch  83/100 | Steps:  82917 | α=1e+01 | Loss: 1.1867e-04 | BC: 5.0932e-05 | PDE: 6.7735e-06 | Val: 5.0476e-05 | Test: 3.6274e-05 | LR=8.7e-05
Epoch  84/100 | Steps:  83916 | α=1e+01 | Loss: 9.6122e-05 | BC: 4.0093e-05 | PDE: 5.6029e-06 | Val: 1.5267e-05 | Test: 1.2566e-05 | LR=7.9e-05
Epoch  85/100 | Steps:  84915 | α=1e+01 | Loss: 9.7479e-05 | BC: 4.2559e-05 | PDE: 5.4919e-06 | Val: 3.3695e-05 | Test: 3.7994e-05 | LR=7.1e-05
Epoch  86/100 | Steps:  85914 | α=1e+01 | Loss: 9.0811e-05 | BC: 4.1254e-05 | PDE: 4.9557e-06 | Val: 6.6719e-05 | Test: 7.6892e-05 | LR=6.4e-05
Epoch  87/100 | Steps:  86913 | α=1e+01 | Loss: 7.6834e-05 | BC: 3.7507e-05 | PDE: 3.9327e-06 | Val: 2.0437e-05 | Test: 1.9669e-05 | LR=5.7e-05
Epoch  88/100 | Steps:  87912 | α=1e+01 | Loss: 6.4450e-05 | BC: 3.0906e-05 | PDE: 3.3544e-06 | Val: 7.1925e-05 | Test: 6.1202e-05 | LR=5.1e-05
Epoch  89/100 | Steps:  88911 | α=1e+01 | Loss: 6.0854e-05 | BC: 3.0492e-05 | PDE: 3.0362e-06 | Val: 6.5533e-05 | Test: 5.6340e-05 | LR=4.5e-05
Epoch  90/100 | Steps:  89910 | α=1e+01 | Loss: 5.7625e-05 | BC: 2.8780e-05 | PDE: 2.8844e-06 | Val: 2.0401e-05 | Test: 2.0506e-05 | LR=3.9e-05
Epoch  91/100 | Steps:  90909 | α=1e+01 | Loss: 5.9692e-05 | BC: 3.0813e-05 | PDE: 2.8879e-06 | Val: 3.8562e-05 | Test: 4.1063e-05 | LR=3.4e-05
Epoch  92/100 | Steps:  91908 | α=1e+01 | Loss: 4.6785e-05 | BC: 2.3887e-05 | PDE: 2.2897e-06 | Val: 4.0124e-05 | Test: 4.2849e-05 | LR=3.0e-05
Epoch  93/100 | Steps:  92907 | α=1e+01 | Loss: 4.7451e-05 | BC: 2.3904e-05 | PDE: 2.3547e-06 | Val: 1.1952e-05 | Test: 1.0772e-05 | LR=2.6e-05 *
Epoch  94/100 | Steps:  93906 | α=1e+01 | Loss: 4.4442e-05 | BC: 2.2591e-05 | PDE: 2.1851e-06 | Val: 1.3765e-05 | Test: 1.0588e-05 | LR=2.2e-05
Epoch  95/100 | Steps:  94905 | α=1e+01 | Loss: 4.0150e-05 | BC: 2.0981e-05 | PDE: 1.9169e-06 | Val: 2.3179e-05 | Test: 1.8018e-05 | LR=1.9e-05
Epoch  96/100 | Steps:  95904 | α=1e+01 | Loss: 3.7043e-05 | BC: 1.9388e-05 | PDE: 1.7654e-06 | Val: 1.3944e-05 | Test: 1.0826e-05 | LR=1.6e-05
Epoch  97/100 | Steps:  96903 | α=1e+01 | Loss: 3.4527e-05 | BC: 1.8362e-05 | PDE: 1.6165e-06 | Val: 1.3028e-05 | Test: 9.5849e-06 | LR=1.4e-05
Epoch  98/100 | Steps:  97902 | α=1e+01 | Loss: 3.5483e-05 | BC: 1.8210e-05 | PDE: 1.7273e-06 | Val: 2.8175e-05 | Test: 2.1385e-05 | LR=1.2e-05
Epoch  99/100 | Steps:  98901 | α=1e+01 | Loss: 3.1432e-05 | BC: 1.7046e-05 | PDE: 1.4386e-06 | Val: 2.0441e-05 | Test: 1.5508e-05 | LR=1.1e-05
Epoch 100/100 | Steps:  99900 | α=1e+01 | Loss: 3.1204e-05 | BC: 1.6596e-05 | PDE: 1.4608e-06 | Val: 2.3079e-05 | Test: 1.7266e-05 | LR=1.0e-05

Restored best model from epoch 93 (val_loss: 1.1952e-05, test_loss: 1.0772e-05)
Best checkpoint saved to: outputs/expr_6_4_eikonal/eikonal_ellipse3/checkpoints/best_model.pt
Final checkpoint saved to: outputs/expr_6_4_eikonal/eikonal_ellipse3/checkpoints/final_model.pt
Training completed in 642.40s (99,900 total steps)

Final Test MSE: 1.7266e-05
Inference (per point): 7.7600e-05s | (full domain): 7.5965e-05s
Saved .npz files to outputs/expr_6_4_eikonal/eikonal_ellipse3/npy/
Saved plot to outputs/expr_6_4_eikonal/eikonal_ellipse3/plots/results.png
