
============================================================
Experiment 6.3.1  —  Distance to Origin  —  Square
============================================================
Device: cuda
  Loaded p=5: 1048576 points, mse: 2.376532e-02
  Loaded p=10: 1048576 points, mse: 3.019401e-03
  Loaded p=15: 1048576 points, mse: 1.106648e-03
  Loaded p=25: 1048576 points, mse: 3.383036e-04
  Loaded p=30: 1048576 points, mse: 2.232981e-04
  Loaded p=35: 1048576 points, mse: 1.570591e-04
  Loaded p=40: 1048576 points, mse: 1.155591e-04
  Loaded p=45: 1048576 points, mse: 8.792290e-05
  Loaded p=50: 1048576 points, mse: 6.864928e-05
  Loaded p=55: 1048576 points, mse: 5.471246e-05
  Loaded p=60: 1048576 points, mse: 4.433771e-05
  Loaded p=65: 1048576 points, mse: 3.642855e-05
  Loaded p=70: 1048576 points, mse: 3.027831e-05
  Loaded p=75: 1048576 points, mse: 2.541514e-05
  Loaded p=80: 1048576 points, mse: 2.151444e-05
  Loaded p=85: 1048576 points, mse: 1.834706e-05
  Loaded p=90: 1048576 points, mse: 1.574758e-05
  Loaded p=95: 1048576 points, mse: 1.359436e-05
  Loaded p=100: 1048576 points, mse: 1.179612e-05
  Loaded p=105: 1048576 points, mse: 1.028366e-05
  Loaded p=110: 1048576 points, mse: 9.003449e-06
  Loaded p=115: 1048576 points, mse: 7.913833e-06
  Loaded p=120: 1048576 points, mse: 6.981888e-06
  Loaded p=125: 1048576 points, mse: 6.181343e-06
  Loaded p=130: 1048576 points, mse: 5.491085e-06
  Loaded p=140: 1048576 points, mse: 4.375969e-06
  Loaded p=145: 1048576 points, mse: 3.925530e-06
  Loaded p=150: 1048576 points, mse: 3.533067e-06
  Loaded p=155: 1048576 points, mse: 3.190578e-06
  Loaded p=160: 1048576 points, mse: 2.891349e-06
  Loaded p=165: 1048576 points, mse: 2.629711e-06
  Loaded p=170: 1048576 points, mse: 2.400858e-06
  Loaded p=175: 1048576 points, mse: 2.200691e-06
  Loaded p=180: 1048576 points, mse: 2.025707e-06
  Loaded p=185: 1048576 points, mse: 1.872889e-06
  Loaded p=190: 1048576 points, mse: 1.739638e-06
  Loaded p=195: 1048576 points, mse: 1.623701e-06
  Loaded p=200: 1048576 points, mse: 1.523124e-06
  PINNs architecture: input=2 hidden=[128, 128, 128, 128] output=1
  Cached PINNs prediction → outputs/npy/pinns_inf_origin_square.npy
  Added p=∞ point: 1048576 pts, mse: 2.733939e-07
Training data: X=(40894464, 3)  Y=(40894464, 1)
Model: trunk=[2, 512, 512, 512, 128]  branch=[1, 128, 128, 128, 128]  params=642,433
Scheduler: CosineAnnealingLR  T_max=20  eta_min=1e-06
Epoch --- Train Loss --- LR --- p150 --- p200 --- p250 --- p500
    0 --- 4.362558e-03 --- 1.00e-04 --- 1.084497e-04 --- 5.149258e-05 --- 2.401518e-04 --- 1.092053e-04
    1 --- 1.035938e-04 --- 9.94e-05 --- 2.231119e-05 --- 2.413741e-05 --- 3.976116e-05 --- 2.431776e-05
    2 --- 3.264720e-05 --- 9.76e-05 --- 1.347111e-05 --- 1.151530e-05 --- 1.024911e-05 --- 1.637380e-05
    3 --- 1.933570e-05 --- 9.46e-05 --- 1.325080e-05 --- 1.174506e-05 --- 1.526898e-05 --- 1.402687e-05
    4 --- 1.337130e-05 --- 9.05e-05 --- 2.148970e-05 --- 1.825177e-05 --- 2.017344e-05 --- 1.267780e-05
    5 --- 1.002734e-05 --- 8.55e-05 --- 6.653830e-06 --- 5.128270e-06 --- 4.080622e-06 --- 5.012587e-06
    6 --- 7.559884e-06 --- 7.96e-05 --- 5.746230e-06 --- 4.309567e-06 --- 3.871331e-06 --- 3.904114e-06
    7 --- 5.670556e-06 --- 7.30e-05 --- 6.474507e-06 --- 4.443407e-06 --- 3.754872e-06 --- 2.081002e-06
    8 --- 4.247909e-06 --- 6.58e-05 --- 4.549260e-06 --- 3.100880e-06 --- 2.915000e-06 --- 1.845341e-06
    9 --- 3.214484e-06 --- 5.82e-05 --- 1.083992e-05 --- 6.740424e-06 --- 4.435547e-06 --- 6.592740e-06
   10 --- 2.451914e-06 --- 5.05e-05 --- 4.123029e-06 --- 2.817885e-06 --- 4.045317e-06 --- 1.392959e-06
   11 --- 1.843429e-06 --- 4.28e-05 --- 3.708026e-06 --- 3.008857e-06 --- 4.583776e-06 --- 1.219718e-06
   12 --- 1.401564e-06 --- 3.52e-05 --- 3.763025e-06 --- 3.145727e-06 --- 6.538328e-06 --- 1.760586e-06
   13 --- 1.074809e-06 --- 2.80e-05 --- 3.541265e-06 --- 2.612937e-06 --- 5.286548e-06 --- 1.170042e-06
   14 --- 8.386165e-07 --- 2.14e-05 --- 3.679826e-06 --- 2.702577e-06 --- 5.357059e-06 --- 1.047218e-06
   15 --- 6.697154e-07 --- 1.55e-05 --- 5.690972e-06 --- 2.876860e-06 --- 3.001041e-06 --- 1.181289e-06
   16 --- 5.567682e-07 --- 1.05e-05 --- 4.277001e-06 --- 2.481233e-06 --- 4.486353e-06 --- 8.354095e-07
   17 --- 4.901070e-07 --- 6.40e-06 --- 4.204662e-06 --- 2.162704e-06 --- 2.979986e-06 --- 9.652051e-07
   18 --- 4.477221e-07 --- 3.42e-06 --- 4.184167e-06 --- 2.244340e-06 --- 3.492623e-06 --- 7.767380e-07
   19 --- 4.263950e-07 --- 1.61e-06 --- 3.805568e-06 --- 2.215569e-06 --- 3.360027e-06 --- 7.147794e-07
Total training time: 6029.17s
Inference (per point): 1.3923e-04s | (full domain): 2.4658e-04s
  p=  5:  MSE=2.328330e-02
  p=105:  MSE=1.044425e-05
  p=205:  MSE=2.179652e-06
  p=305:  MSE=6.534539e-06
  p=405:  MSE=5.175188e-06
  Saved MSE curves → outputs/expr_7_3_1/square/pinns_inf/npy/mse.npz  (deeponet, fem, pred_train)

All experiments completed!
