
============================================================
Running Example: aronsson_disc
============================================================

Generated full disc domain data:
  Boundary points: 10,000
  Interior points: 783,764
  Test points: 7,668
Re-sampling enabled: ~783,764 interior points per epoch

Splitting data: 80% train, 20% validation
  BC: 8,000 train, 2,000 val
  Interior: 627,011 train, 156,753 val

Model: InfinityLaplacianPINN
  Hidden layers: [128, 128, 128, 128]
  Activation: tanh
  η: 1e-05 (normalized)
  Residual clipping: [-10.0, 10.0]
  Outlier removal: top 2.0%
  Parameters: 50,049

Training configuration:
  Boundary points (train): 8,000 -> 20 batches of 400
  Interior points (train): 783,764 -> 784 batches of 1000
  Interior sampling: RE-SAMPLE each epoch
  Boundary points (val): 2,000
  Validation loss: BC only
  Steps per epoch: 784
  Total steps: 78,400
  Epochs: 100
  Loss balancing: FixedAlphaSchedule
  LR scheduler: cosine (LR: 1.0e-03 -> 1.0e-05)

/usr/local/lib/python3.12/dist-packages/torch/autograd/graph.py:824: UserWarning: Attempting to run cuBLAS, but there was no current CUDA context! Attempting to set the primary context... (Triggered internally at /opt/pytorch/pytorch/aten/src/ATen/cuda/CublasHandlePool.cpp:181.)
  return Variable._execution_engine.run_backward(  # Calls into the C++ engine to run the backward pass
Epoch   1/100 | Steps:    784 | α=0e+00 | Loss: 2.6134e-02 | BC: 2.6134e-02 | PDE: 5.0421e+00 | Val: 3.5282e-04 | Test: 8.9833e-02 | LR=1.0e-03 *
Epoch   2/100 | Steps:   1568 | α=0e+00 | Loss: 2.3593e-04 | BC: 2.3593e-04 | PDE: 4.4180e+00 | Val: 2.7454e-04 | Test: 9.1977e-02 | LR=1.0e-03 *
Epoch   3/100 | Steps:   2352 | α=0e+00 | Loss: 2.1181e-04 | BC: 2.1181e-04 | PDE: 4.4357e+00 | Val: 4.9268e-05 | Test: 6.5002e-02 | LR=1.0e-03 *
Epoch   4/100 | Steps:   3136 | α=0e+00 | Loss: 1.6896e-04 | BC: 1.6896e-04 | PDE: 4.0879e+00 | Val: 1.8020e-04 | Test: 5.4622e-02 | LR=1.0e-03
Epoch   5/100 | Steps:   3920 | α=0e+00 | Loss: 1.7998e-04 | BC: 1.7998e-04 | PDE: 3.8089e+00 | Val: 7.6257e-05 | Test: 3.8897e-02 | LR=1.0e-03
Epoch   6/100 | Steps:   4704 | α=0e+00 | Loss: 1.2371e-04 | BC: 1.2371e-04 | PDE: 3.7254e+00 | Val: 2.7440e-04 | Test: 4.0069e-02 | LR=9.9e-04
Epoch   7/100 | Steps:   5488 | α=0e+00 | Loss: 1.2807e-04 | BC: 1.2807e-04 | PDE: 4.2814e+00 | Val: 6.1992e-05 | Test: 3.6548e-02 | LR=9.9e-04
Epoch   8/100 | Steps:   6272 | α=0e+00 | Loss: 7.5520e-05 | BC: 7.5520e-05 | PDE: 4.9826e+00 | Val: 2.9085e-05 | Test: 3.6424e-02 | LR=9.9e-04 *
Epoch   9/100 | Steps:   7056 | α=0e+00 | Loss: 1.0294e-04 | BC: 1.0294e-04 | PDE: 5.3274e+00 | Val: 5.6785e-04 | Test: 3.1297e-02 | LR=9.8e-04
Epoch  10/100 | Steps:   7840 | α=0e+00 | Loss: 8.1808e-05 | BC: 8.1808e-05 | PDE: 5.5555e+00 | Val: 5.1195e-04 | Test: 3.5603e-02 | LR=9.8e-04
Epoch  11/100 | Steps:   8624 | α=0e+00 | Loss: 7.5066e-05 | BC: 7.5066e-05 | PDE: 5.7909e+00 | Val: 4.5101e-04 | Test: 3.0355e-02 | LR=9.8e-04
Epoch  12/100 | Steps:   9408 | α=0e+00 | Loss: 8.0559e-05 | BC: 8.0559e-05 | PDE: 6.0553e+00 | Val: 6.4549e-05 | Test: 3.4020e-02 | LR=9.7e-04
Epoch  13/100 | Steps:  10192 | α=0e+00 | Loss: 6.5915e-05 | BC: 6.5915e-05 | PDE: 6.2656e+00 | Val: 1.1074e-05 | Test: 3.5373e-02 | LR=9.7e-04 *
Epoch  14/100 | Steps:  10976 | α=0e+00 | Loss: 6.6619e-05 | BC: 6.6619e-05 | PDE: 6.4167e+00 | Val: 7.5163e-06 | Test: 3.4715e-02 | LR=9.6e-04 *
Epoch  15/100 | Steps:  11760 | α=0e+00 | Loss: 6.1347e-05 | BC: 6.1347e-05 | PDE: 6.4404e+00 | Val: 3.0588e-05 | Test: 3.2970e-02 | LR=9.5e-04
Epoch  16/100 | Steps:  12544 | α=0e+00 | Loss: 6.9879e-05 | BC: 6.9879e-05 | PDE: 6.5061e+00 | Val: 1.5926e-04 | Test: 3.3854e-02 | LR=9.5e-04
Epoch  17/100 | Steps:  13328 | α=0e+00 | Loss: 4.7564e-05 | BC: 4.7564e-05 | PDE: 6.7074e+00 | Val: 3.1356e-05 | Test: 3.3485e-02 | LR=9.4e-04
Epoch  18/100 | Steps:  14112 | α=0e+00 | Loss: 4.4020e-05 | BC: 4.4020e-05 | PDE: 6.8322e+00 | Val: 1.8782e-05 | Test: 3.4373e-02 | LR=9.3e-04
Epoch  19/100 | Steps:  14896 | α=0e+00 | Loss: 4.5176e-05 | BC: 4.5176e-05 | PDE: 6.9058e+00 | Val: 5.6512e-05 | Test: 3.4309e-02 | LR=9.2e-04
Epoch  20/100 | Steps:  15680 | α=0e+00 | Loss: 5.0444e-05 | BC: 5.0444e-05 | PDE: 7.1276e+00 | Val: 6.0746e-05 | Test: 3.2696e-02 | LR=9.1e-04
Epoch  21/100 | Steps:  16464 | α=0e+00 | Loss: 4.6139e-05 | BC: 4.6139e-05 | PDE: 7.1773e+00 | Val: 2.5848e-06 | Test: 3.3335e-02 | LR=9.1e-04 *
Epoch  22/100 | Steps:  17248 | α=0e+00 | Loss: 4.9420e-05 | BC: 4.9420e-05 | PDE: 7.5316e+00 | Val: 2.7077e-06 | Test: 3.4551e-02 | LR=9.0e-04
Epoch  23/100 | Steps:  18032 | α=0e+00 | Loss: 2.6670e-05 | BC: 2.6670e-05 | PDE: 7.6794e+00 | Val: 8.4914e-06 | Test: 3.4654e-02 | LR=8.9e-04
Epoch  24/100 | Steps:  18816 | α=0e+00 | Loss: 3.5902e-05 | BC: 3.5902e-05 | PDE: 7.8641e+00 | Val: 1.2846e-05 | Test: 3.4199e-02 | LR=8.8e-04
Epoch  25/100 | Steps:  19600 | α=0e+00 | Loss: 3.2533e-05 | BC: 3.2533e-05 | PDE: 8.0935e+00 | Val: 1.7204e-05 | Test: 3.6352e-02 | LR=8.7e-04
Epoch  26/100 | Steps:  20384 | α=0e+00 | Loss: 3.2377e-05 | BC: 3.2377e-05 | PDE: 8.2676e+00 | Val: 2.6553e-05 | Test: 3.5064e-02 | LR=8.6e-04
Epoch  27/100 | Steps:  21168 | α=0e+00 | Loss: 4.0658e-05 | BC: 4.0658e-05 | PDE: 8.1146e+00 | Val: 2.0611e-05 | Test: 3.5703e-02 | LR=8.4e-04
Epoch  28/100 | Steps:  21952 | α=0e+00 | Loss: 1.9946e-05 | BC: 1.9946e-05 | PDE: 8.2576e+00 | Val: 5.5027e-06 | Test: 3.5608e-02 | LR=8.3e-04
Epoch  29/100 | Steps:  22736 | α=0e+00 | Loss: 2.7036e-05 | BC: 2.7036e-05 | PDE: 8.7333e+00 | Val: 4.5098e-06 | Test: 3.6280e-02 | LR=8.2e-04
Epoch  30/100 | Steps:  23520 | α=0e+00 | Loss: 2.9704e-05 | BC: 2.9704e-05 | PDE: 8.9784e+00 | Val: 4.8632e-05 | Test: 3.6625e-02 | LR=8.1e-04
Epoch  31/100 | Steps:  24304 | α=0e+00 | Loss: 2.9499e-05 | BC: 2.9499e-05 | PDE: 9.2674e+00 | Val: 2.5298e-06 | Test: 3.7463e-02 | LR=8.0e-04 *
Epoch  32/100 | Steps:  25088 | α=0e+00 | Loss: 2.9902e-05 | BC: 2.9902e-05 | PDE: 9.3604e+00 | Val: 8.2364e-07 | Test: 3.7274e-02 | LR=7.8e-04 *
Epoch  33/100 | Steps:  25872 | α=0e+00 | Loss: 1.7496e-05 | BC: 1.7496e-05 | PDE: 9.4079e+00 | Val: 2.2770e-06 | Test: 3.7405e-02 | LR=7.7e-04
Epoch  34/100 | Steps:  26656 | α=0e+00 | Loss: 2.0841e-05 | BC: 2.0841e-05 | PDE: 9.6581e+00 | Val: 9.9170e-05 | Test: 3.6758e-02 | LR=7.6e-04
Epoch  35/100 | Steps:  27440 | α=0e+00 | Loss: 1.7967e-05 | BC: 1.7967e-05 | PDE: 9.6874e+00 | Val: 4.1735e-05 | Test: 3.8272e-02 | LR=7.4e-04
Epoch  36/100 | Steps:  28224 | α=0e+00 | Loss: 1.9617e-05 | BC: 1.9617e-05 | PDE: 9.7266e+00 | Val: 3.2731e-06 | Test: 3.7763e-02 | LR=7.3e-04
Epoch  37/100 | Steps:  29008 | α=0e+00 | Loss: 1.6626e-05 | BC: 1.6626e-05 | PDE: 9.8259e+00 | Val: 8.5387e-06 | Test: 3.8079e-02 | LR=7.2e-04
Epoch  38/100 | Steps:  29792 | α=0e+00 | Loss: 2.2382e-05 | BC: 2.2382e-05 | PDE: 9.9892e+00 | Val: 1.8419e-04 | Test: 3.6274e-02 | LR=7.0e-04
Epoch  39/100 | Steps:  30576 | α=0e+00 | Loss: 1.6782e-05 | BC: 1.6782e-05 | PDE: 1.0143e+01 | Val: 6.6520e-06 | Test: 3.9224e-02 | LR=6.9e-04
Epoch  40/100 | Steps:  31360 | α=0e+00 | Loss: 1.2831e-05 | BC: 1.2831e-05 | PDE: 1.0355e+01 | Val: 3.2797e-06 | Test: 3.8635e-02 | LR=6.7e-04
Epoch  41/100 | Steps:  32144 | α=0e+00 | Loss: 1.1605e-05 | BC: 1.1605e-05 | PDE: 1.0508e+01 | Val: 3.1849e-06 | Test: 3.8837e-02 | LR=6.6e-04
Epoch  42/100 | Steps:  32928 | α=0e+00 | Loss: 1.8808e-05 | BC: 1.8808e-05 | PDE: 1.0426e+01 | Val: 6.6759e-07 | Test: 3.8068e-02 | LR=6.4e-04 *
Epoch  43/100 | Steps:  33712 | α=0e+00 | Loss: 7.1332e-06 | BC: 7.1332e-06 | PDE: 1.0348e+01 | Val: 1.2032e-05 | Test: 3.9189e-02 | LR=6.3e-04
Epoch  44/100 | Steps:  34496 | α=0e+00 | Loss: 1.5710e-05 | BC: 1.5710e-05 | PDE: 1.0635e+01 | Val: 1.3377e-06 | Test: 3.8778e-02 | LR=6.1e-04
Epoch  45/100 | Steps:  35280 | α=0e+00 | Loss: 9.1423e-06 | BC: 9.1423e-06 | PDE: 1.0693e+01 | Val: 2.1394e-05 | Test: 4.0431e-02 | LR=6.0e-04
Epoch  46/100 | Steps:  36064 | α=0e+00 | Loss: 1.0130e-05 | BC: 1.0130e-05 | PDE: 1.0915e+01 | Val: 9.8589e-06 | Test: 4.0189e-02 | LR=5.8e-04
Epoch  47/100 | Steps:  36848 | α=0e+00 | Loss: 9.1952e-06 | BC: 9.1952e-06 | PDE: 1.1046e+01 | Val: 5.7904e-06 | Test: 4.0162e-02 | LR=5.7e-04
Epoch  48/100 | Steps:  37632 | α=0e+00 | Loss: 8.3083e-06 | BC: 8.3083e-06 | PDE: 1.1222e+01 | Val: 1.9698e-05 | Test: 4.0406e-02 | LR=5.5e-04
Epoch  49/100 | Steps:  38416 | α=0e+00 | Loss: 1.0749e-05 | BC: 1.0749e-05 | PDE: 1.1428e+01 | Val: 1.5004e-06 | Test: 4.0133e-02 | LR=5.4e-04
Epoch  50/100 | Steps:  39200 | α=0e+00 | Loss: 8.4372e-06 | BC: 8.4372e-06 | PDE: 1.1399e+01 | Val: 3.8969e-07 | Test: 4.0317e-02 | LR=5.2e-04 *
Epoch  51/100 | Steps:  39984 | α=0e+00 | Loss: 5.9214e-06 | BC: 5.9214e-06 | PDE: 1.1526e+01 | Val: 9.0256e-06 | Test: 4.0843e-02 | LR=5.1e-04
Epoch  52/100 | Steps:  40768 | α=0e+00 | Loss: 5.9502e-06 | BC: 5.9502e-06 | PDE: 1.1583e+01 | Val: 7.9981e-07 | Test: 4.0610e-02 | LR=4.9e-04
Epoch  53/100 | Steps:  41552 | α=0e+00 | Loss: 8.0634e-06 | BC: 8.0634e-06 | PDE: 1.1708e+01 | Val: 5.3234e-07 | Test: 4.0778e-02 | LR=4.7e-04
Epoch  54/100 | Steps:  42336 | α=0e+00 | Loss: 4.1452e-06 | BC: 4.1452e-06 | PDE: 1.1851e+01 | Val: 1.7924e-06 | Test: 4.0741e-02 | LR=4.6e-04
Epoch  55/100 | Steps:  43120 | α=0e+00 | Loss: 6.1249e-06 | BC: 6.1249e-06 | PDE: 1.1869e+01 | Val: 5.4415e-06 | Test: 4.0938e-02 | LR=4.4e-04
Epoch  56/100 | Steps:  43904 | α=0e+00 | Loss: 7.7081e-06 | BC: 7.7081e-06 | PDE: 1.2030e+01 | Val: 1.8893e-05 | Test: 4.1213e-02 | LR=4.3e-04
Epoch  57/100 | Steps:  44688 | α=0e+00 | Loss: 3.3050e-06 | BC: 3.3050e-06 | PDE: 1.1770e+01 | Val: 2.1959e-06 | Test: 4.0940e-02 | LR=4.1e-04
Epoch  58/100 | Steps:  45472 | α=0e+00 | Loss: 4.0307e-06 | BC: 4.0307e-06 | PDE: 1.1967e+01 | Val: 3.4332e-07 | Test: 4.1311e-02 | LR=4.0e-04 *
Epoch  59/100 | Steps:  46256 | α=0e+00 | Loss: 3.8852e-06 | BC: 3.8852e-06 | PDE: 1.2215e+01 | Val: 3.8129e-06 | Test: 4.1557e-02 | LR=3.8e-04
Epoch  60/100 | Steps:  47040 | α=0e+00 | Loss: 2.5612e-06 | BC: 2.5612e-06 | PDE: 1.2181e+01 | Val: 4.2618e-06 | Test: 4.1560e-02 | LR=3.7e-04
Epoch  61/100 | Steps:  47824 | α=0e+00 | Loss: 3.7754e-06 | BC: 3.7754e-06 | PDE: 1.2312e+01 | Val: 2.5417e-06 | Test: 4.1435e-02 | LR=3.5e-04
Epoch  62/100 | Steps:  48608 | α=0e+00 | Loss: 3.3361e-06 | BC: 3.3361e-06 | PDE: 1.2336e+01 | Val: 1.2870e-06 | Test: 4.1492e-02 | LR=3.4e-04
Epoch  63/100 | Steps:  49392 | α=0e+00 | Loss: 2.5937e-06 | BC: 2.5937e-06 | PDE: 1.2279e+01 | Val: 5.7105e-07 | Test: 4.1228e-02 | LR=3.2e-04
Epoch  64/100 | Steps:  50176 | α=0e+00 | Loss: 2.6797e-06 | BC: 2.6797e-06 | PDE: 1.2361e+01 | Val: 7.6854e-07 | Test: 4.1603e-02 | LR=3.1e-04
Epoch  65/100 | Steps:  50960 | α=0e+00 | Loss: 1.8094e-06 | BC: 1.8094e-06 | PDE: 1.2446e+01 | Val: 2.1617e-06 | Test: 4.1590e-02 | LR=2.9e-04
Epoch  66/100 | Steps:  51744 | α=0e+00 | Loss: 2.4717e-06 | BC: 2.4717e-06 | PDE: 1.2387e+01 | Val: 2.6829e-07 | Test: 4.1486e-02 | LR=2.8e-04 *
Epoch  67/100 | Steps:  52528 | α=0e+00 | Loss: 1.6314e-06 | BC: 1.6314e-06 | PDE: 1.2457e+01 | Val: 6.0308e-07 | Test: 4.1372e-02 | LR=2.7e-04
Epoch  68/100 | Steps:  53312 | α=0e+00 | Loss: 1.5001e-06 | BC: 1.5001e-06 | PDE: 1.2440e+01 | Val: 3.6089e-06 | Test: 4.1647e-02 | LR=2.5e-04
Epoch  69/100 | Steps:  54096 | α=0e+00 | Loss: 1.7651e-06 | BC: 1.7651e-06 | PDE: 1.2518e+01 | Val: 5.0421e-06 | Test: 4.1128e-02 | LR=2.4e-04
Epoch  70/100 | Steps:  54880 | α=0e+00 | Loss: 1.7168e-06 | BC: 1.7168e-06 | PDE: 1.2394e+01 | Val: 3.3969e-06 | Test: 4.1469e-02 | LR=2.3e-04
Epoch  71/100 | Steps:  55664 | α=0e+00 | Loss: 1.0362e-06 | BC: 1.0362e-06 | PDE: 1.2544e+01 | Val: 3.9079e-07 | Test: 4.1435e-02 | LR=2.1e-04
Epoch  72/100 | Steps:  56448 | α=0e+00 | Loss: 8.2119e-07 | BC: 8.2119e-07 | PDE: 1.2518e+01 | Val: 2.7381e-06 | Test: 4.1475e-02 | LR=2.0e-04
Epoch  73/100 | Steps:  57232 | α=0e+00 | Loss: 9.8513e-07 | BC: 9.8513e-07 | PDE: 1.2479e+01 | Val: 1.9021e-06 | Test: 4.1232e-02 | LR=1.9e-04
Epoch  74/100 | Steps:  58016 | α=0e+00 | Loss: 9.4857e-07 | BC: 9.4857e-07 | PDE: 1.2485e+01 | Val: 2.1179e-06 | Test: 4.1513e-02 | LR=1.8e-04
Epoch  75/100 | Steps:  58800 | α=0e+00 | Loss: 6.8789e-07 | BC: 6.8789e-07 | PDE: 1.2474e+01 | Val: 2.9916e-07 | Test: 4.1341e-02 | LR=1.7e-04
Epoch  76/100 | Steps:  59584 | α=0e+00 | Loss: 6.1666e-07 | BC: 6.1666e-07 | PDE: 1.2503e+01 | Val: 2.0742e-07 | Test: 4.1240e-02 | LR=1.5e-04 *
Epoch  77/100 | Steps:  60368 | α=0e+00 | Loss: 5.8375e-07 | BC: 5.8375e-07 | PDE: 1.2511e+01 | Val: 4.0403e-07 | Test: 4.1209e-02 | LR=1.4e-04
Epoch  78/100 | Steps:  61152 | α=0e+00 | Loss: 5.4619e-07 | BC: 5.4619e-07 | PDE: 1.2455e+01 | Val: 3.8447e-06 | Test: 4.1035e-02 | LR=1.3e-04
Epoch  79/100 | Steps:  61936 | α=0e+00 | Loss: 5.5014e-07 | BC: 5.5014e-07 | PDE: 1.2487e+01 | Val: 2.6726e-07 | Test: 4.1202e-02 | LR=1.2e-04
Epoch  80/100 | Steps:  62720 | α=0e+00 | Loss: 4.1672e-07 | BC: 4.1672e-07 | PDE: 1.2503e+01 | Val: 6.4875e-07 | Test: 4.1151e-02 | LR=1.1e-04
Epoch  81/100 | Steps:  63504 | α=0e+00 | Loss: 3.2255e-07 | BC: 3.2255e-07 | PDE: 1.2513e+01 | Val: 4.2045e-07 | Test: 4.1173e-02 | LR=1.0e-04
Epoch  82/100 | Steps:  64288 | α=0e+00 | Loss: 3.4850e-07 | BC: 3.4850e-07 | PDE: 1.2433e+01 | Val: 5.6252e-07 | Test: 4.1145e-02 | LR=9.6e-05
Epoch  83/100 | Steps:  65072 | α=0e+00 | Loss: 2.6937e-07 | BC: 2.6937e-07 | PDE: 1.2470e+01 | Val: 3.5021e-07 | Test: 4.1101e-02 | LR=8.7e-05
Epoch  84/100 | Steps:  65856 | α=0e+00 | Loss: 2.5266e-07 | BC: 2.5266e-07 | PDE: 1.2452e+01 | Val: 2.1119e-07 | Test: 4.1011e-02 | LR=7.9e-05
Epoch  85/100 | Steps:  66640 | α=0e+00 | Loss: 2.2216e-07 | BC: 2.2216e-07 | PDE: 1.2386e+01 | Val: 3.9625e-07 | Test: 4.0916e-02 | LR=7.1e-05
Epoch  86/100 | Steps:  67424 | α=0e+00 | Loss: 1.9686e-07 | BC: 1.9686e-07 | PDE: 1.2453e+01 | Val: 2.3581e-07 | Test: 4.0968e-02 | LR=6.4e-05
Epoch  87/100 | Steps:  68208 | α=0e+00 | Loss: 1.8878e-07 | BC: 1.8878e-07 | PDE: 1.2460e+01 | Val: 2.1175e-07 | Test: 4.0907e-02 | LR=5.7e-05
Epoch  88/100 | Steps:  68992 | α=0e+00 | Loss: 1.4605e-07 | BC: 1.4605e-07 | PDE: 1.2363e+01 | Val: 1.5234e-07 | Test: 4.0812e-02 | LR=5.1e-05 *
Epoch  89/100 | Steps:  69776 | α=0e+00 | Loss: 1.4380e-07 | BC: 1.4380e-07 | PDE: 1.2335e+01 | Val: 2.0329e-07 | Test: 4.0842e-02 | LR=4.5e-05
Epoch  90/100 | Steps:  70560 | α=0e+00 | Loss: 1.1679e-07 | BC: 1.1679e-07 | PDE: 1.2370e+01 | Val: 2.1989e-07 | Test: 4.0759e-02 | LR=3.9e-05
Epoch  91/100 | Steps:  71344 | α=0e+00 | Loss: 1.2137e-07 | BC: 1.2137e-07 | PDE: 1.2445e+01 | Val: 1.3404e-07 | Test: 4.0789e-02 | LR=3.4e-05 *
Epoch  92/100 | Steps:  72128 | α=0e+00 | Loss: 1.0523e-07 | BC: 1.0523e-07 | PDE: 1.2411e+01 | Val: 1.9791e-07 | Test: 4.0801e-02 | LR=3.0e-05
Epoch  93/100 | Steps:  72912 | α=0e+00 | Loss: 1.0406e-07 | BC: 1.0406e-07 | PDE: 1.2390e+01 | Val: 1.3498e-07 | Test: 4.0724e-02 | LR=2.6e-05
Epoch  94/100 | Steps:  73696 | α=0e+00 | Loss: 9.6762e-08 | BC: 9.6762e-08 | PDE: 1.2487e+01 | Val: 1.2708e-07 | Test: 4.0710e-02 | LR=2.2e-05 *
Epoch  95/100 | Steps:  74480 | α=0e+00 | Loss: 8.9839e-08 | BC: 8.9839e-08 | PDE: 1.2351e+01 | Val: 1.5282e-07 | Test: 4.0669e-02 | LR=1.9e-05
Epoch  96/100 | Steps:  75264 | α=0e+00 | Loss: 8.6335e-08 | BC: 8.6335e-08 | PDE: 1.2443e+01 | Val: 1.4145e-07 | Test: 4.0656e-02 | LR=1.6e-05
Epoch  97/100 | Steps:  76048 | α=0e+00 | Loss: 8.3334e-08 | BC: 8.3334e-08 | PDE: 1.2375e+01 | Val: 1.1828e-07 | Test: 4.0634e-02 | LR=1.4e-05 *
Epoch  98/100 | Steps:  76832 | α=0e+00 | Loss: 8.3126e-08 | BC: 8.3126e-08 | PDE: 1.2374e+01 | Val: 1.3707e-07 | Test: 4.0598e-02 | LR=1.2e-05
Epoch  99/100 | Steps:  77616 | α=0e+00 | Loss: 8.1599e-08 | BC: 8.1599e-08 | PDE: 1.2466e+01 | Val: 1.1671e-07 | Test: 4.0603e-02 | LR=1.1e-05 *
Epoch 100/100 | Steps:  78400 | α=0e+00 | Loss: 7.9610e-08 | BC: 7.9610e-08 | PDE: 1.2388e+01 | Val: 1.3205e-07 | Test: 4.0571e-02 | LR=1.0e-05

Restored best model from epoch 99 (val_loss: 1.1671e-07, test_loss: 4.0603e-02)
Best checkpoint saved to: outputs/expr_6_2/aronsson_disc/alpha0/checkpoints/best_model.pt
Final checkpoint saved to: outputs/expr_6_2/aronsson_disc/alpha0/checkpoints/final_model.pt
Training completed in 1087.96s (78,400 total steps)

Final Test MSE: 4.0571e-02
Inference (per point): 1.0786e-04s | (full domain): 8.8377e-05s
Saved plot to outputs/expr_6_2/aronsson_disc/alpha0/plots/results.png
