
============================================================
Dist-to-Boundary  —  Cylinder  (3-D)
============================================================
Device: cuda
  Loaded p=5: 2621440 points, mse: 9.802090e-03
  Loaded p=10: 2621440 points, mse: 2.208259e-03
  Loaded p=15: 2621440 points, mse: 9.494493e-04
  Loaded p=20: 2621440 points, mse: 5.260684e-04
  Loaded p=25: 2621440 points, mse: 3.340335e-04
  Loaded p=30: 2621440 points, mse: 2.309825e-04
  Loaded p=35: 2621440 points, mse: 1.693412e-04
  Loaded p=40: 2621440 points, mse: 1.295543e-04
  Loaded p=45: 2621440 points, mse: 1.077709e-04
  Loaded p=50: 2621440 points, mse: 9.127410e-05
  Loaded p=55: 2621440 points, mse: 7.692332e-05
  Loaded p=60: 2621440 points, mse: 7.104091e-05
  Loaded p=65: 2621440 points, mse: 6.832363e-05
  Loaded p=70: 2621440 points, mse: 6.740571e-05
  Loaded p=75: 2621440 points, mse: 6.740571e-05
  Loaded p=80: 2621440 points, mse: 6.740571e-05
  Loaded p=85: 2621440 points, mse: 6.740571e-05
  Loaded p=90: 2621440 points, mse: 6.740571e-05
  Loaded p=95: 2621440 points, mse: 6.740571e-05
  Loaded p=100: 2621440 points, mse: 6.740571e-05
  Loaded p=105: 2621440 points, mse: 6.740571e-05
  PINNs architecture: input=3 hidden=[128, 128, 128, 128] output=1
  Cached PINNs prediction → outputs/expr_6_4_2/cylinder/pinns_inf/npy/pinns_inf_boundary_cylinder.npy
  Added p=∞ point: 2621440 pts, mse: 2.572286e-05
Training data: X=(57671680, 4)  Y=(57671680, 1)
Model: trunk=[3, 512, 512, 512, 128]  branch=[1, 128, 128, 128, 128]  params=642,945
Scheduler: CosineAnnealingLR  T_max=20  eta_min=1e-06
Epoch --- Train Loss --- LR --- p150 --- p200 --- p250 --- p500
    0 --- 1.243016e-03 --- 1.00e-04 --- 4.407804e-04 --- 7.968496e-04 --- 1.044078e-03 --- 1.126299e-04
    1 --- 3.450681e-05 --- 9.94e-05 --- 9.902357e-05 --- 1.084660e-04 --- 1.180996e-04 --- 4.390081e-05
    2 --- 1.360460e-05 --- 9.76e-05 --- 7.982960e-05 --- 8.187582e-05 --- 8.296013e-05 --- 3.882593e-05
    3 --- 8.087895e-06 --- 9.46e-05 --- 5.728013e-05 --- 6.387143e-05 --- 6.974342e-05 --- 3.637421e-05
    4 --- 5.449955e-06 --- 9.05e-05 --- 8.675722e-05 --- 8.224934e-05 --- 7.374053e-05 --- 2.989565e-05
    5 --- 3.933827e-06 --- 8.55e-05 --- 5.471711e-05 --- 5.293500e-05 --- 4.721741e-05 --- 2.953337e-05
    6 --- 3.001997e-06 --- 7.96e-05 --- 4.754012e-05 --- 4.742375e-05 --- 4.400623e-05 --- 3.247719e-05
    7 --- 2.363751e-06 --- 7.30e-05 --- 6.066919e-05 --- 5.735974e-05 --- 4.973247e-05 --- 2.718930e-05
    8 --- 1.917945e-06 --- 6.58e-05 --- 7.069781e-05 --- 6.719214e-05 --- 5.777077e-05 --- 2.859062e-05
    9 --- 1.587359e-06 --- 5.82e-05 --- 5.078036e-05 --- 4.935873e-05 --- 4.318031e-05 --- 2.768720e-05
   10 --- 1.334783e-06 --- 5.05e-05 --- 6.432020e-05 --- 6.232588e-05 --- 5.456196e-05 --- 2.742497e-05
   11 --- 1.135898e-06 --- 4.28e-05 --- 5.827412e-05 --- 5.794218e-05 --- 5.214370e-05 --- 2.660164e-05
   12 --- 9.825257e-07 --- 3.52e-05 --- 5.314595e-05 --- 5.369715e-05 --- 4.788845e-05 --- 2.683186e-05
   13 --- 8.628708e-07 --- 2.80e-05 --- 6.402152e-05 --- 6.463801e-05 --- 5.793795e-05 --- 2.721017e-05
   14 --- 7.709424e-07 --- 2.14e-05 --- 6.064236e-05 --- 6.308846e-05 --- 5.794717e-05 --- 2.741359e-05
   15 --- 7.007504e-07 --- 1.55e-05 --- 5.663783e-05 --- 5.883198e-05 --- 5.336959e-05 --- 2.667607e-05
   16 --- 6.503643e-07 --- 1.05e-05 --- 5.742360e-05 --- 6.012125e-05 --- 5.450873e-05 --- 2.830875e-05
   17 --- 6.129230e-07 --- 6.40e-06 --- 5.881005e-05 --- 6.101870e-05 --- 5.491953e-05 --- 2.741212e-05
   18 --- 5.881704e-07 --- 3.42e-06 --- 5.960791e-05 --- 6.225745e-05 --- 5.572260e-05 --- 2.721086e-05
   19 --- 5.729792e-07 --- 1.61e-06 --- 5.916610e-05 --- 6.125635e-05 --- 5.413409e-05 --- 2.701820e-05
Total training time: 10220.65s
Inference (per point): 1.4634e-04s | (full domain): 4.5761e-03s
  p=  5:  MSE=6.886961e-03
  p=105:  MSE=5.118781e-05
  p=205:  MSE=6.102203e-05
  p=305:  MSE=4.101209e-05
  p=405:  MSE=2.306177e-05
  Saved MSE curves → outputs/expr_6_4_2/cylinder/pinns_inf/npy/mse.npz  (deeponet, fem, pred_train)

All experiments completed!
