
============================================================
p-Laplacian Aronsson Example
============================================================

Generated full domain data:
  Boundary points: 40,000
  Interior points: 1,000,000
  Test points: 10,000
Re-sampling enabled: ~1,000,000 interior points per epoch

Splitting data: 80% train, 20% validation
  BC: 32,000 train, 8,000 val
  Interior: 800,000 train, 200,000 val

Loading checkpoint: outputs/expr_6_3_iter/p2to20_square/fix_alpha_1e-3/checkpoints/best_model_p20.pt

Model: PLaplacianPINN on Square [-1,1]²
  Hidden layers: [128, 128, 128, 128], activation: tanh
  η=1e-05, clip_residual=100.0, clip_grad_norm=1.0
  Outlier removal: top 2.0%
  Parameters: 50,049

Iterative Training Schedule:
  p values: [25, 30, 40, 50]
  Epochs per p: 20


============================================================
Stage 1/4: Training with p=25
============================================================

Training configuration:
  Boundary points (train): 32,000 -> 80 batches of 400
  Interior points (train): 1,000,000 -> 1000 batches of 1000
  Interior sampling: RE-SAMPLE each epoch
  Boundary points (val): 8,000
  Validation loss: BC only
  Steps per epoch: 1,000
  Total steps: 20,000
  Epochs: 20
  Loss balancing: FixedAlphaSchedule
  LR scheduler: None (constant LR=1.0e-05)

/usr/local/lib/python3.12/dist-packages/torch/autograd/graph.py:824: UserWarning: Attempting to run cuBLAS, but there was no current CUDA context! Attempting to set the primary context... (Triggered internally at /opt/pytorch/pytorch/aten/src/ATen/cuda/CublasHandlePool.cpp:181.)
  return Variable._execution_engine.run_backward(  # Calls into the C++ engine to run the backward pass
Epoch   1/20 | Steps:   1000 | α=1e-03 | Loss: 2.1067e-05 | BC: 8.0488e-06 | PDE: 1.3018e-02 | Val: 8.0429e-06 | Test: 2.4787e-05 |  *
Epoch   2/20 | Steps:   2000 | α=1e-03 | Loss: 1.3245e-05 | BC: 7.3674e-06 | PDE: 5.8775e-03 | Val: 7.1354e-06 | Test: 2.4679e-05 |  *
Epoch   3/20 | Steps:   3000 | α=1e-03 | Loss: 1.1949e-05 | BC: 6.7660e-06 | PDE: 5.1833e-03 | Val: 6.5905e-06 | Test: 2.4595e-05 |  *
Epoch   4/20 | Steps:   4000 | α=1e-03 | Loss: 1.1018e-05 | BC: 6.3089e-06 | PDE: 4.7094e-03 | Val: 6.2555e-06 | Test: 2.5217e-05 |  *
Epoch   5/20 | Steps:   5000 | α=1e-03 | Loss: 1.0227e-05 | BC: 5.9535e-06 | PDE: 4.2740e-03 | Val: 6.0060e-06 | Test: 2.4684e-05 |  *
Epoch   6/20 | Steps:   6000 | α=1e-03 | Loss: 9.9702e-06 | BC: 5.7045e-06 | PDE: 4.2657e-03 | Val: 5.7598e-06 | Test: 2.5407e-05 |  *
Epoch   7/20 | Steps:   7000 | α=1e-03 | Loss: 9.6108e-06 | BC: 5.5037e-06 | PDE: 4.1070e-03 | Val: 5.5184e-06 | Test: 2.4888e-05 |  *
Epoch   8/20 | Steps:   8000 | α=1e-03 | Loss: 9.4150e-06 | BC: 5.3355e-06 | PDE: 4.0794e-03 | Val: 5.5838e-06 | Test: 2.4857e-05 | 
Epoch   9/20 | Steps:   9000 | α=1e-03 | Loss: 8.9521e-06 | BC: 5.1611e-06 | PDE: 3.7911e-03 | Val: 5.2535e-06 | Test: 2.5084e-05 |  *
Epoch  10/20 | Steps:  10000 | α=1e-03 | Loss: 8.7681e-06 | BC: 5.0276e-06 | PDE: 3.7404e-03 | Val: 5.0554e-06 | Test: 2.4798e-05 |  *
Epoch  11/20 | Steps:  11000 | α=1e-03 | Loss: 8.6113e-06 | BC: 4.9165e-06 | PDE: 3.6948e-03 | Val: 5.1000e-06 | Test: 2.4975e-05 | 
Epoch  12/20 | Steps:  12000 | α=1e-03 | Loss: 8.4478e-06 | BC: 4.8084e-06 | PDE: 3.6394e-03 | Val: 4.9143e-06 | Test: 2.5178e-05 |  *
Epoch  13/20 | Steps:  13000 | α=1e-03 | Loss: 8.2578e-06 | BC: 4.7098e-06 | PDE: 3.5480e-03 | Val: 4.9259e-06 | Test: 2.5062e-05 | 
Epoch  14/20 | Steps:  14000 | α=1e-03 | Loss: 8.1793e-06 | BC: 4.5967e-06 | PDE: 3.5826e-03 | Val: 4.6112e-06 | Test: 2.4815e-05 |  *
Epoch  15/20 | Steps:  15000 | α=1e-03 | Loss: 8.0082e-06 | BC: 4.4944e-06 | PDE: 3.5138e-03 | Val: 4.5399e-06 | Test: 2.4799e-05 |  *
Epoch  16/20 | Steps:  16000 | α=1e-03 | Loss: 7.9932e-06 | BC: 4.4188e-06 | PDE: 3.5744e-03 | Val: 4.5177e-06 | Test: 2.4712e-05 |  *
Epoch  17/20 | Steps:  17000 | α=1e-03 | Loss: 7.8063e-06 | BC: 4.3431e-06 | PDE: 3.4632e-03 | Val: 4.3723e-06 | Test: 2.4359e-05 |  *
Epoch  18/20 | Steps:  18000 | α=1e-03 | Loss: 7.6673e-06 | BC: 4.2535e-06 | PDE: 3.4139e-03 | Val: 4.3759e-06 | Test: 2.4847e-05 | 
Epoch  19/20 | Steps:  19000 | α=1e-03 | Loss: 7.5457e-06 | BC: 4.1824e-06 | PDE: 3.3632e-03 | Val: 4.2103e-06 | Test: 2.4523e-05 |  *
Epoch  20/20 | Steps:  20000 | α=1e-03 | Loss: 7.4901e-06 | BC: 4.0970e-06 | PDE: 3.3931e-03 | Val: 4.1615e-06 | Test: 2.3979e-05 |  *

Restored best model from epoch 20 (val_loss: 4.1615e-06, test_loss: 2.3979e-05)
Best checkpoint saved to: outputs/expr_6_3_iter/p25to50_square/fix_alpha_1e-3/checkpoints/best_model.pt
Final checkpoint saved to: outputs/expr_6_3_iter/p25to50_square/fix_alpha_1e-3/checkpoints/final_model.pt
Training completed in 198.64s (20,000 total steps)
  Stage 1 (p=25) PDE diagnostics:
    p-Lap (p=25) raw:        7.5581e+06
    p-Lap (p=25) normalized: 1.0857e-02
    Inf-Lap raw:              2.7186e-02
    Inf-Lap normalized:       3.4734e-02

============================================================
Stage 2/4: Training with p=30
============================================================

Training configuration:
  Boundary points (train): 32,000 -> 80 batches of 400
  Interior points (train): 1,000,000 -> 1000 batches of 1000
  Interior sampling: RE-SAMPLE each epoch
  Boundary points (val): 8,000
  Validation loss: BC only
  Steps per epoch: 1,000
  Total steps: 20,000
  Epochs: 20
  Loss balancing: FixedAlphaSchedule
  LR scheduler: None (constant LR=1.0e-05)

Epoch   1/20 | Steps:   1000 | α=1e-03 | Loss: 1.5277e-05 | BC: 3.8243e-06 | PDE: 1.1453e-02 | Val: 3.7772e-06 | Test: 1.7433e-05 |  *
Epoch   2/20 | Steps:   2000 | α=1e-03 | Loss: 1.1702e-05 | BC: 3.6588e-06 | PDE: 8.0431e-03 | Val: 3.5029e-06 | Test: 1.7070e-05 |  *
Epoch   3/20 | Steps:   3000 | α=1e-03 | Loss: 1.1398e-05 | BC: 3.4779e-06 | PDE: 7.9200e-03 | Val: 3.3789e-06 | Test: 1.6979e-05 |  *
Epoch   4/20 | Steps:   4000 | α=1e-03 | Loss: 1.1290e-05 | BC: 3.3464e-06 | PDE: 7.9437e-03 | Val: 3.8327e-06 | Test: 1.8005e-05 | 
Epoch   5/20 | Steps:   5000 | α=1e-03 | Loss: 1.0487e-05 | BC: 3.2679e-06 | PDE: 7.2193e-03 | Val: 3.2923e-06 | Test: 1.7337e-05 |  *
Epoch   6/20 | Steps:   6000 | α=1e-03 | Loss: 1.0037e-05 | BC: 3.2036e-06 | PDE: 6.8333e-03 | Val: 3.3033e-06 | Test: 1.7768e-05 | 
Epoch   7/20 | Steps:   7000 | α=1e-03 | Loss: 1.0165e-05 | BC: 3.1745e-06 | PDE: 6.9902e-03 | Val: 3.1276e-06 | Test: 1.7620e-05 |  *
Epoch   8/20 | Steps:   8000 | α=1e-03 | Loss: 9.7824e-06 | BC: 3.1374e-06 | PDE: 6.6450e-03 | Val: 3.2773e-06 | Test: 1.7732e-05 | 
Epoch   9/20 | Steps:   9000 | α=1e-03 | Loss: 9.7094e-06 | BC: 3.0572e-06 | PDE: 6.6523e-03 | Val: 3.0477e-06 | Test: 1.7733e-05 |  *
Epoch  10/20 | Steps:  10000 | α=1e-03 | Loss: 9.3219e-06 | BC: 2.9821e-06 | PDE: 6.3398e-03 | Val: 3.1291e-06 | Test: 1.7873e-05 | 
Epoch  11/20 | Steps:  11000 | α=1e-03 | Loss: 9.3718e-06 | BC: 2.9580e-06 | PDE: 6.4138e-03 | Val: 2.9574e-06 | Test: 1.7639e-05 |  *
Epoch  12/20 | Steps:  12000 | α=1e-03 | Loss: 9.5229e-06 | BC: 2.9589e-06 | PDE: 6.5640e-03 | Val: 2.9002e-06 | Test: 1.7714e-05 |  *
Epoch  13/20 | Steps:  13000 | α=1e-03 | Loss: 9.1652e-06 | BC: 2.9218e-06 | PDE: 6.2434e-03 | Val: 3.0030e-06 | Test: 1.7599e-05 | 
Epoch  14/20 | Steps:  14000 | α=1e-03 | Loss: 8.9228e-06 | BC: 2.8900e-06 | PDE: 6.0329e-03 | Val: 3.1578e-06 | Test: 1.7784e-05 | 
Epoch  15/20 | Steps:  15000 | α=1e-03 | Loss: 9.0084e-06 | BC: 2.8661e-06 | PDE: 6.1423e-03 | Val: 2.8691e-06 | Test: 1.7553e-05 |  *
Epoch  16/20 | Steps:  16000 | α=1e-03 | Loss: 8.8470e-06 | BC: 2.8613e-06 | PDE: 5.9858e-03 | Val: 2.8598e-06 | Test: 1.7528e-05 |  *
Epoch  17/20 | Steps:  17000 | α=1e-03 | Loss: 8.7609e-06 | BC: 2.8212e-06 | PDE: 5.9397e-03 | Val: 2.8648e-06 | Test: 1.7660e-05 | 
Epoch  18/20 | Steps:  18000 | α=1e-03 | Loss: 9.0243e-06 | BC: 2.8176e-06 | PDE: 6.2067e-03 | Val: 3.0134e-06 | Test: 1.7675e-05 | 
Epoch  19/20 | Steps:  19000 | α=1e-03 | Loss: 8.5496e-06 | BC: 2.7751e-06 | PDE: 5.7745e-03 | Val: 2.7516e-06 | Test: 1.7401e-05 |  *
Epoch  20/20 | Steps:  20000 | α=1e-03 | Loss: 8.3319e-06 | BC: 2.7404e-06 | PDE: 5.5915e-03 | Val: 2.7369e-06 | Test: 1.7233e-05 |  *

Restored best model from epoch 20 (val_loss: 2.7369e-06, test_loss: 1.7233e-05)
Best checkpoint saved to: outputs/expr_6_3_iter/p25to50_square/fix_alpha_1e-3/checkpoints/best_model.pt
Final checkpoint saved to: outputs/expr_6_3_iter/p25to50_square/fix_alpha_1e-3/checkpoints/final_model.pt
Training completed in 159.62s (20,000 total steps)
  Stage 2 (p=30) PDE diagnostics:
    p-Lap (p=30) raw:        5.4481e+09
    p-Lap (p=30) normalized: 8.7927e-03
    Inf-Lap raw:              2.0765e-02
    Inf-Lap normalized:       2.6964e-02

============================================================
Stage 3/4: Training with p=40
============================================================

Training configuration:
  Boundary points (train): 32,000 -> 80 batches of 400
  Interior points (train): 1,000,000 -> 1000 batches of 1000
  Interior sampling: RE-SAMPLE each epoch
  Boundary points (val): 8,000
  Validation loss: BC only
  Steps per epoch: 1,000
  Total steps: 20,000
  Epochs: 20
  Loss balancing: FixedAlphaSchedule
  LR scheduler: None (constant LR=1.0e-05)

Epoch   1/20 | Steps:   1000 | α=1e-03 | Loss: 3.2359e-05 | BC: 3.0581e-06 | PDE: 2.9301e-02 | Val: 2.7597e-06 | Test: 1.0601e-05 |  *
Epoch   2/20 | Steps:   2000 | α=1e-03 | Loss: 2.2852e-05 | BC: 2.9015e-06 | PDE: 1.9951e-02 | Val: 2.4863e-06 | Test: 1.0262e-05 |  *
Epoch   3/20 | Steps:   3000 | α=1e-03 | Loss: 2.1537e-05 | BC: 2.7549e-06 | PDE: 1.8782e-02 | Val: 3.1920e-06 | Test: 1.1136e-05 | 
Epoch   4/20 | Steps:   4000 | α=1e-03 | Loss: 2.1520e-05 | BC: 2.6367e-06 | PDE: 1.8883e-02 | Val: 2.3526e-06 | Test: 1.0578e-05 |  *
Epoch   5/20 | Steps:   5000 | α=1e-03 | Loss: 1.8555e-05 | BC: 2.4154e-06 | PDE: 1.6140e-02 | Val: 2.6520e-06 | Test: 1.0997e-05 | 
Epoch   6/20 | Steps:   6000 | α=1e-03 | Loss: 1.9502e-05 | BC: 2.3958e-06 | PDE: 1.7106e-02 | Val: 2.5188e-06 | Test: 1.0662e-05 | 
Epoch   7/20 | Steps:   7000 | α=1e-03 | Loss: 1.9355e-05 | BC: 2.3229e-06 | PDE: 1.7032e-02 | Val: 2.1161e-06 | Test: 1.0732e-05 |  *
Epoch   8/20 | Steps:   8000 | α=1e-03 | Loss: 1.8978e-05 | BC: 2.2519e-06 | PDE: 1.6726e-02 | Val: 2.8583e-06 | Test: 1.1010e-05 | 
Epoch   9/20 | Steps:   9000 | α=1e-03 | Loss: 1.7949e-05 | BC: 2.1767e-06 | PDE: 1.5773e-02 | Val: 2.6867e-06 | Test: 1.1501e-05 | 
Epoch  10/20 | Steps:  10000 | α=1e-03 | Loss: 1.7388e-05 | BC: 2.1135e-06 | PDE: 1.5274e-02 | Val: 1.8698e-06 | Test: 1.0550e-05 |  *
Epoch  11/20 | Steps:  11000 | α=1e-03 | Loss: 1.7164e-05 | BC: 2.1524e-06 | PDE: 1.5012e-02 | Val: 1.8082e-06 | Test: 1.0897e-05 |  *
Epoch  12/20 | Steps:  12000 | α=1e-03 | Loss: 1.6691e-05 | BC: 2.1280e-06 | PDE: 1.4563e-02 | Val: 2.2976e-06 | Test: 1.0899e-05 | 
Epoch  13/20 | Steps:  13000 | α=1e-03 | Loss: 1.6301e-05 | BC: 2.1451e-06 | PDE: 1.4156e-02 | Val: 2.6582e-06 | Test: 1.1585e-05 | 
Epoch  14/20 | Steps:  14000 | α=1e-03 | Loss: 1.6317e-05 | BC: 2.0327e-06 | PDE: 1.4284e-02 | Val: 1.8271e-06 | Test: 1.0893e-05 | 
Epoch  15/20 | Steps:  15000 | α=1e-03 | Loss: 1.4961e-05 | BC: 1.9431e-06 | PDE: 1.3018e-02 | Val: 2.2717e-06 | Test: 1.1216e-05 | 
Epoch  16/20 | Steps:  16000 | α=1e-03 | Loss: 1.5324e-05 | BC: 2.0047e-06 | PDE: 1.3319e-02 | Val: 1.8102e-06 | Test: 1.0876e-05 | 
Epoch  17/20 | Steps:  17000 | α=1e-03 | Loss: 1.4505e-05 | BC: 1.9083e-06 | PDE: 1.2596e-02 | Val: 2.1132e-06 | Test: 1.1268e-05 | 
Epoch  18/20 | Steps:  18000 | α=1e-03 | Loss: 1.4282e-05 | BC: 1.9756e-06 | PDE: 1.2306e-02 | Val: 2.2786e-06 | Test: 1.1431e-05 | 
Epoch  19/20 | Steps:  19000 | α=1e-03 | Loss: 1.4677e-05 | BC: 1.9831e-06 | PDE: 1.2694e-02 | Val: 1.9785e-06 | Test: 1.1124e-05 | 
Epoch  20/20 | Steps:  20000 | α=1e-03 | Loss: 1.4513e-05 | BC: 1.9339e-06 | PDE: 1.2579e-02 | Val: 1.7258e-06 | Test: 1.0974e-05 |  *

Restored best model from epoch 20 (val_loss: 1.7258e-06, test_loss: 1.0974e-05)
Best checkpoint saved to: outputs/expr_6_3_iter/p25to50_square/fix_alpha_1e-3/checkpoints/best_model.pt
Final checkpoint saved to: outputs/expr_6_3_iter/p25to50_square/fix_alpha_1e-3/checkpoints/final_model.pt
Training completed in 162.23s (20,000 total steps)
  Stage 3 (p=40) PDE diagnostics:
    p-Lap (p=40) raw:        2.0225e+15
    p-Lap (p=40) normalized: 6.9978e-03
    Inf-Lap raw:              1.4040e-02
    Inf-Lap normalized:       1.9004e-02

============================================================
Stage 4/4: Training with p=50
============================================================

Training configuration:
  Boundary points (train): 32,000 -> 80 batches of 400
  Interior points (train): 1,000,000 -> 1000 batches of 1000
  Interior sampling: RE-SAMPLE each epoch
  Boundary points (val): 8,000
  Validation loss: BC only
  Steps per epoch: 1,000
  Total steps: 20,000
  Epochs: 20
  Loss balancing: FixedAlphaSchedule
  LR scheduler: None (constant LR=1.0e-05)

Epoch   1/20 | Steps:   1000 | α=1e-03 | Loss: 3.5454e-05 | BC: 2.2887e-06 | PDE: 3.3165e-02 | Val: 1.7930e-06 | Test: 7.8320e-06 |  *
Epoch   2/20 | Steps:   2000 | α=1e-03 | Loss: 2.6979e-05 | BC: 2.0701e-06 | PDE: 2.4909e-02 | Val: 2.9157e-06 | Test: 8.7053e-06 | 
Epoch   3/20 | Steps:   3000 | α=1e-03 | Loss: 2.8392e-05 | BC: 2.1250e-06 | PDE: 2.6267e-02 | Val: 2.9133e-06 | Test: 9.1611e-06 | 
Epoch   4/20 | Steps:   4000 | α=1e-03 | Loss: 2.8324e-05 | BC: 2.1557e-06 | PDE: 2.6169e-02 | Val: 1.6041e-06 | Test: 7.6365e-06 |  *
Epoch   5/20 | Steps:   5000 | α=1e-03 | Loss: 2.7197e-05 | BC: 2.0227e-06 | PDE: 2.5174e-02 | Val: 1.5650e-06 | Test: 7.5213e-06 |  *
Epoch   6/20 | Steps:   6000 | α=1e-03 | Loss: 2.7828e-05 | BC: 1.9891e-06 | PDE: 2.5839e-02 | Val: 3.5555e-06 | Test: 8.8784e-06 | 
Epoch   7/20 | Steps:   7000 | α=1e-03 | Loss: 2.7604e-05 | BC: 1.9920e-06 | PDE: 2.5612e-02 | Val: 1.3632e-06 | Test: 7.4983e-06 |  *
Epoch   8/20 | Steps:   8000 | α=1e-03 | Loss: 2.5623e-05 | BC: 1.9338e-06 | PDE: 2.3689e-02 | Val: 1.6577e-06 | Test: 7.9700e-06 | 
Epoch   9/20 | Steps:   9000 | α=1e-03 | Loss: 2.6383e-05 | BC: 1.8705e-06 | PDE: 2.4513e-02 | Val: 1.4152e-06 | Test: 7.7537e-06 | 
Epoch  10/20 | Steps:  10000 | α=1e-03 | Loss: 2.6116e-05 | BC: 1.9164e-06 | PDE: 2.4200e-02 | Val: 1.8121e-06 | Test: 7.9285e-06 | 
Epoch  11/20 | Steps:  11000 | α=1e-03 | Loss: 2.4639e-05 | BC: 1.8380e-06 | PDE: 2.2801e-02 | Val: 3.6753e-06 | Test: 9.4291e-06 | 
Epoch  12/20 | Steps:  12000 | α=1e-03 | Loss: 2.4126e-05 | BC: 1.8054e-06 | PDE: 2.2321e-02 | Val: 1.4290e-06 | Test: 7.8824e-06 | 
Epoch  13/20 | Steps:  13000 | α=1e-03 | Loss: 2.1735e-05 | BC: 1.6421e-06 | PDE: 2.0093e-02 | Val: 1.5930e-06 | Test: 8.1143e-06 | 
Epoch  14/20 | Steps:  14000 | α=1e-03 | Loss: 2.4798e-05 | BC: 1.7953e-06 | PDE: 2.3003e-02 | Val: 1.5509e-06 | Test: 7.9185e-06 | 
Epoch  15/20 | Steps:  15000 | α=1e-03 | Loss: 2.4053e-05 | BC: 1.7681e-06 | PDE: 2.2285e-02 | Val: 1.7163e-06 | Test: 7.9300e-06 | 
Epoch  16/20 | Steps:  16000 | α=1e-03 | Loss: 2.2982e-05 | BC: 1.7650e-06 | PDE: 2.1217e-02 | Val: 1.4252e-06 | Test: 7.9087e-06 | 
Epoch  17/20 | Steps:  17000 | α=1e-03 | Loss: 2.2054e-05 | BC: 1.7842e-06 | PDE: 2.0270e-02 | Val: 1.2849e-06 | Test: 7.7059e-06 |  *
Epoch  18/20 | Steps:  18000 | α=1e-03 | Loss: 2.2697e-05 | BC: 1.7541e-06 | PDE: 2.0943e-02 | Val: 4.4893e-06 | Test: 1.0565e-05 | 
Epoch  19/20 | Steps:  19000 | α=1e-03 | Loss: 2.1412e-05 | BC: 1.6898e-06 | PDE: 1.9723e-02 | Val: 5.1856e-06 | Test: 1.0573e-05 | 
Epoch  20/20 | Steps:  20000 | α=1e-03 | Loss: 2.1745e-05 | BC: 1.7203e-06 | PDE: 2.0025e-02 | Val: 1.2595e-06 | Test: 7.5087e-06 |  *

Restored best model from epoch 20 (val_loss: 1.2595e-06, test_loss: 7.5087e-06)
Best checkpoint saved to: outputs/expr_6_3_iter/p25to50_square/fix_alpha_1e-3/checkpoints/best_model.pt
Final checkpoint saved to: outputs/expr_6_3_iter/p25to50_square/fix_alpha_1e-3/checkpoints/final_model.pt
Training completed in 160.99s (20,000 total steps)
  Stage 4 (p=50) PDE diagnostics:
    p-Lap (p=50) raw:        1.1561e+21
    p-Lap (p=50) normalized: 5.9463e-03
    Inf-Lap raw:              1.0321e-02
    Inf-Lap normalized:       1.4513e-02

Iterative training completed in 681.48s
Total epochs: 80

Final Test MSE: 7.5087e-06
Inference (per point): 7.8416e-05s | (full domain): 7.7243e-05s
p-Lap (p=50) PDE test (raw):        1.1561e+21
p-Lap (p=50) PDE test (normalized): 5.9463e-03
Inf-Lap PDE test (raw):                    1.0321e-02
Inf-Lap PDE test (normalized):             1.4513e-02
Saved .npz files to outputs/expr_6_3_iter/p25to50_square/fix_alpha_1e-3/npy/
Saved plot to outputs/expr_6_3_iter/p25to50_square/fix_alpha_1e-3/plots/results.png
