
============================================================
Running Example: aronsson_disc
============================================================

Generated full disc domain data:
  Boundary points: 10,000
  Interior points: 783,764
  Test points: 7,668
Re-sampling enabled: ~783,764 interior points per epoch

Splitting data: 80% train, 20% validation
  BC: 8,000 train, 2,000 val
  Interior: 627,011 train, 156,753 val

Model: InfinityLaplacianPINN
  Hidden layers: [128, 128, 128, 128]
  Activation: tanh
  η: 1e-05 (normalized)
  Residual clipping: [-10.0, 10.0]
  Parameters: 50,049

Training configuration:
  Boundary points (train): 8,000 -> 20 batches of 400
  Interior points (train): 783,764 -> 784 batches of 1000
  Interior sampling: RE-SAMPLE each epoch
  Boundary points (val): 2,000
  Validation loss: BC only
  Steps per epoch: 784
  Total steps: 78,400
  Epochs: 100
  Loss balancing: AlphaPlateauScheduler
  LR scheduler: cosine (LR: 1.0e-03 -> 1.0e-05)

/usr/local/lib/python3.12/dist-packages/torch/autograd/graph.py:824: UserWarning: Attempting to run cuBLAS, but there was no current CUDA context! Attempting to set the primary context... (Triggered internally at /opt/pytorch/pytorch/aten/src/ATen/cuda/CublasHandlePool.cpp:181.)
  return Variable._execution_engine.run_backward(  # Calls into the C++ engine to run the backward pass
Epoch   1/100 | Steps:    784 | α=1e-05 | Loss: 2.6147e-02 | BC: 2.6100e-02 | PDE: 4.7436e+00 | Val: 6.2465e-04 | Test: 5.9802e-02 | LR=1.0e-03 *
Epoch   2/100 | Steps:   1568 | α=1e-05 | Loss: 2.5384e-04 | BC: 2.2876e-04 | PDE: 2.5081e+00 | Val: 8.8994e-05 | Test: 2.6253e-02 | LR=1.0e-03 *
Epoch   3/100 | Steps:   2352 | α=1e-05 | Loss: 2.3138e-04 | BC: 2.1253e-04 | PDE: 1.8845e+00 | Val: 1.3880e-04 | Test: 1.2565e-02 | LR=1.0e-03
Epoch   4/100 | Steps:   3136 | α=1e-05 | Loss: 2.0310e-04 | BC: 1.8684e-04 | PDE: 1.6250e+00 | Val: 2.8015e-04 | Test: 8.3141e-03 | LR=1.0e-03
Epoch   5/100 | Steps:   3920 | α=1e-05 | Loss: 1.8154e-04 | BC: 1.6716e-04 | PDE: 1.4383e+00 | Val: 4.9528e-05 | Test: 4.4306e-03 | LR=1.0e-03 *
Epoch   6/100 | Steps:   4704 | α=1e-05 | Loss: 1.3308e-04 | BC: 1.2082e-04 | PDE: 1.2263e+00 | Val: 1.2073e-04 | Test: 3.8063e-03 | LR=9.9e-04
Epoch   7/100 | Steps:   5488 | α=1e-05 | Loss: 1.4859e-04 | BC: 1.3713e-04 | PDE: 1.1461e+00 | Val: 1.9737e-05 | Test: 2.8307e-03 | LR=9.9e-04 *
Epoch   8/100 | Steps:   6272 | α=1e-05 | Loss: 1.2846e-04 | BC: 1.1799e-04 | PDE: 1.0475e+00 | Val: 7.1964e-05 | Test: 2.8942e-03 | LR=9.9e-04
Epoch   9/100 | Steps:   7056 | α=1e-05 | Loss: 1.1609e-04 | BC: 1.0545e-04 | PDE: 1.0639e+00 | Val: 1.3088e-05 | Test: 2.8318e-03 | LR=9.8e-04 *
Epoch  10/100 | Steps:   7840 | α=1e-05 | Loss: 1.0780e-04 | BC: 9.7324e-05 | PDE: 1.0477e+00 | Val: 1.5269e-05 | Test: 2.7172e-03 | LR=9.8e-04
Epoch  11/100 | Steps:   8624 | α=1e-05 | Loss: 9.6907e-05 | BC: 8.6700e-05 | PDE: 1.0206e+00 | Val: 5.0592e-05 | Test: 2.2158e-03 | LR=9.8e-04
Epoch  12/100 | Steps:   9408 | α=1e-05 | Loss: 1.1030e-04 | BC: 1.0033e-04 | PDE: 9.9726e-01 | Val: 2.2031e-05 | Test: 2.5393e-03 | LR=9.7e-04
Epoch  13/100 | Steps:  10192 | α=1e-05 | Loss: 8.4022e-05 | BC: 7.3990e-05 | PDE: 1.0032e+00 | Val: 1.4823e-05 | Test: 2.2280e-03 | LR=9.7e-04
Epoch  14/100 | Steps:  10976 | α=1e-05 | Loss: 7.7104e-05 | BC: 6.7520e-05 | PDE: 9.5832e-01 | Val: 6.7455e-05 | Test: 2.3041e-03 | LR=9.6e-04
Epoch  15/100 | Steps:  11760 | α=1e-05 | Loss: 8.5773e-05 | BC: 7.6476e-05 | PDE: 9.2971e-01 | Val: 8.3450e-05 | Test: 2.0802e-03 | LR=9.5e-04
Epoch  16/100 | Steps:  12544 | α=1e-05 | Loss: 7.5105e-05 | BC: 6.6190e-05 | PDE: 8.9147e-01 | Val: 1.0131e-05 | Test: 1.4697e-03 | LR=9.5e-04 *
Epoch  17/100 | Steps:  13328 | α=1e-05 | Loss: 7.5664e-05 | BC: 6.7205e-05 | PDE: 8.4594e-01 | Val: 9.7208e-06 | Test: 1.5802e-03 | LR=9.4e-04 *
Epoch  18/100 | Steps:  14112 | α=1e-05 | Loss: 6.5750e-05 | BC: 5.7735e-05 | PDE: 8.0149e-01 | Val: 3.4766e-04 | Test: 1.1789e-03 | LR=9.3e-04

>>> Alpha increased: 1e-05 → 1e-04 (BC=5.4770e-05) <<<
Epoch  19/100 | Steps:  14896 | α=1e-04 | Loss: 6.2420e-05 | BC: 5.4770e-05 | PDE: 7.6500e-01 | Val: 8.0052e-06 | Test: 1.3704e-03 | LR=9.2e-04 *
Epoch  20/100 | Steps:  15680 | α=1e-04 | Loss: 1.3682e-04 | BC: 9.9138e-05 | PDE: 3.7679e-01 | Val: 6.6609e-05 | Test: 1.2619e-04 | LR=9.1e-04
Epoch  21/100 | Steps:  16464 | α=1e-04 | Loss: 7.9603e-05 | BC: 5.3978e-05 | PDE: 2.5625e-01 | Val: 2.5607e-04 | Test: 6.7735e-04 | LR=9.1e-04
Epoch  22/100 | Steps:  17248 | α=1e-04 | Loss: 8.0119e-05 | BC: 5.6790e-05 | PDE: 2.3329e-01 | Val: 3.0556e-05 | Test: 6.1334e-05 | LR=9.0e-04
Epoch  23/100 | Steps:  18032 | α=1e-04 | Loss: 9.0740e-05 | BC: 6.9262e-05 | PDE: 2.1478e-01 | Val: 2.2644e-05 | Test: 2.9453e-04 | LR=8.9e-04
Epoch  24/100 | Steps:  18816 | α=1e-04 | Loss: 6.7042e-05 | BC: 4.7242e-05 | PDE: 1.9800e-01 | Val: 3.4473e-05 | Test: 6.4341e-05 | LR=8.8e-04
Epoch  25/100 | Steps:  19600 | α=1e-04 | Loss: 6.6025e-05 | BC: 4.8423e-05 | PDE: 1.7602e-01 | Val: 3.4383e-06 | Test: 9.6676e-05 | LR=8.7e-04 *
Epoch  26/100 | Steps:  20384 | α=1e-04 | Loss: 5.9388e-05 | BC: 4.1894e-05 | PDE: 1.7494e-01 | Val: 2.3331e-05 | Test: 1.1645e-04 | LR=8.6e-04
Epoch  27/100 | Steps:  21168 | α=1e-04 | Loss: 7.0224e-05 | BC: 5.3449e-05 | PDE: 1.6775e-01 | Val: 1.6530e-05 | Test: 1.0347e-04 | LR=8.4e-04
Epoch  28/100 | Steps:  21952 | α=1e-04 | Loss: 5.1967e-05 | BC: 3.6188e-05 | PDE: 1.5778e-01 | Val: 7.2738e-05 | Test: 1.9997e-04 | LR=8.3e-04
Epoch  29/100 | Steps:  22736 | α=1e-04 | Loss: 5.9777e-05 | BC: 4.4830e-05 | PDE: 1.4946e-01 | Val: 1.2661e-04 | Test: 6.5208e-04 | LR=8.2e-04
Epoch  30/100 | Steps:  23520 | α=1e-04 | Loss: 5.9792e-05 | BC: 4.4839e-05 | PDE: 1.4953e-01 | Val: 1.5737e-05 | Test: 5.9237e-05 | LR=8.1e-04
Epoch  31/100 | Steps:  24304 | α=1e-04 | Loss: 4.1434e-05 | BC: 2.7367e-05 | PDE: 1.4068e-01 | Val: 2.3631e-05 | Test: 1.3570e-04 | LR=8.0e-04
Epoch  32/100 | Steps:  25088 | α=1e-04 | Loss: 5.7832e-05 | BC: 4.3732e-05 | PDE: 1.4100e-01 | Val: 5.4766e-05 | Test: 1.6422e-04 | LR=7.8e-04
Epoch  33/100 | Steps:  25872 | α=1e-04 | Loss: 4.7641e-05 | BC: 3.3988e-05 | PDE: 1.3653e-01 | Val: 7.6533e-06 | Test: 4.5393e-05 | LR=7.7e-04
Epoch  34/100 | Steps:  26656 | α=1e-04 | Loss: 4.3847e-05 | BC: 3.1129e-05 | PDE: 1.2718e-01 | Val: 1.3699e-04 | Test: 1.7752e-04 | LR=7.6e-04
Epoch  35/100 | Steps:  27440 | α=1e-04 | Loss: 5.2753e-05 | BC: 4.0085e-05 | PDE: 1.2668e-01 | Val: 4.9783e-06 | Test: 3.8049e-05 | LR=7.4e-04

>>> Alpha increased: 1e-04 → 1e-03 (BC=2.3879e-05) <<<
Epoch  36/100 | Steps:  28224 | α=1e-03 | Loss: 3.6349e-05 | BC: 2.3879e-05 | PDE: 1.2470e-01 | Val: 5.8665e-05 | Test: 3.6450e-05 | LR=7.3e-04 *
Epoch  37/100 | Steps:  29008 | α=1e-03 | Loss: 3.3733e-04 | BC: 1.6853e-04 | PDE: 1.6880e-01 | Val: 3.0312e-05 | Test: 6.6001e-05 | LR=7.2e-04 *
Epoch  38/100 | Steps:  29792 | α=1e-03 | Loss: 2.5403e-04 | BC: 1.1266e-04 | PDE: 1.4137e-01 | Val: 6.5590e-05 | Test: 1.3983e-04 | LR=7.0e-04
Epoch  39/100 | Steps:  30576 | α=1e-03 | Loss: 2.5848e-04 | BC: 1.0993e-04 | PDE: 1.4855e-01 | Val: 5.6264e-05 | Test: 1.0121e-03 | LR=6.9e-04
Epoch  40/100 | Steps:  31360 | α=1e-03 | Loss: 2.4419e-04 | BC: 9.7540e-05 | PDE: 1.4665e-01 | Val: 3.4533e-05 | Test: 1.2627e-04 | LR=6.7e-04
Epoch  41/100 | Steps:  32144 | α=1e-03 | Loss: 2.0233e-04 | BC: 9.0426e-05 | PDE: 1.1190e-01 | Val: 4.5950e-04 | Test: 5.8573e-04 | LR=6.6e-04
Epoch  42/100 | Steps:  32928 | α=1e-03 | Loss: 1.9731e-04 | BC: 7.5465e-05 | PDE: 1.2185e-01 | Val: 2.5580e-05 | Test: 4.6576e-05 | LR=6.4e-04 *
Epoch  43/100 | Steps:  33712 | α=1e-03 | Loss: 2.0401e-04 | BC: 7.8885e-05 | PDE: 1.2513e-01 | Val: 3.0582e-05 | Test: 2.7751e-04 | LR=6.3e-04
Epoch  44/100 | Steps:  34496 | α=1e-03 | Loss: 2.0329e-04 | BC: 7.7614e-05 | PDE: 1.2568e-01 | Val: 9.1522e-05 | Test: 4.5106e-05 | LR=6.1e-04
Epoch  45/100 | Steps:  35280 | α=1e-03 | Loss: 1.7968e-04 | BC: 7.2255e-05 | PDE: 1.0743e-01 | Val: 2.7999e-05 | Test: 3.0682e-05 | LR=6.0e-04
Epoch  46/100 | Steps:  36064 | α=1e-03 | Loss: 3.7433e-04 | BC: 1.9310e-04 | PDE: 1.8123e-01 | Val: 3.6166e-05 | Test: 1.5400e-03 | LR=5.8e-04

>>> Alpha increased: 1e-03 → 1e-02 (BC=1.0353e-04) <<<
Epoch  47/100 | Steps:  36848 | α=1e-02 | Loss: 2.5963e-04 | BC: 1.0353e-04 | PDE: 1.5611e-01 | Val: 2.0374e-05 | Test: 4.1983e-05 | LR=5.7e-04 *
Epoch  48/100 | Steps:  37632 | α=1e-02 | Loss: 2.2208e-03 | BC: 7.1391e-04 | PDE: 1.5069e-01 | Val: 8.9780e-04 | Test: 1.7165e-03 | LR=5.5e-04
Epoch  49/100 | Steps:  38416 | α=1e-02 | Loss: 1.8367e-03 | BC: 4.1128e-04 | PDE: 1.4255e-01 | Val: 1.7429e-04 | Test: 2.0468e-03 | LR=5.4e-04
Epoch  50/100 | Steps:  39200 | α=1e-02 | Loss: 1.5877e-03 | BC: 3.5251e-04 | PDE: 1.2352e-01 | Val: 2.4723e-04 | Test: 8.3702e-04 | LR=5.2e-04
Epoch  51/100 | Steps:  39984 | α=1e-02 | Loss: 1.2225e-03 | BC: 2.2035e-04 | PDE: 1.0021e-01 | Val: 1.6748e-04 | Test: 7.7474e-04 | LR=5.1e-04
Epoch  52/100 | Steps:  40768 | α=1e-02 | Loss: 1.1326e-03 | BC: 2.0633e-04 | PDE: 9.2626e-02 | Val: 1.3415e-04 | Test: 2.1202e-04 | LR=4.9e-04
Epoch  53/100 | Steps:  41552 | α=1e-02 | Loss: 1.0749e-03 | BC: 1.8954e-04 | PDE: 8.8539e-02 | Val: 1.1177e-04 | Test: 9.5548e-04 | LR=4.7e-04
Epoch  54/100 | Steps:  42336 | α=1e-02 | Loss: 1.0583e-03 | BC: 1.9910e-04 | PDE: 8.5920e-02 | Val: 4.1486e-05 | Test: 7.5833e-05 | LR=4.6e-04
Epoch  55/100 | Steps:  43120 | α=1e-02 | Loss: 1.0032e-03 | BC: 1.7343e-04 | PDE: 8.2974e-02 | Val: 1.1530e-04 | Test: 1.1789e-04 | LR=4.4e-04
Epoch  56/100 | Steps:  43904 | α=1e-02 | Loss: 1.0375e-03 | BC: 1.7914e-04 | PDE: 8.5836e-02 | Val: 1.5479e-04 | Test: 7.7309e-04 | LR=4.3e-04
Epoch  57/100 | Steps:  44688 | α=1e-02 | Loss: 8.1679e-04 | BC: 1.2912e-04 | PDE: 6.8768e-02 | Val: 5.6660e-05 | Test: 3.7223e-04 | LR=4.1e-04
Epoch  58/100 | Steps:  45472 | α=1e-02 | Loss: 8.7472e-04 | BC: 1.4105e-04 | PDE: 7.3367e-02 | Val: 1.0987e-04 | Test: 3.1485e-04 | LR=4.0e-04
Epoch  59/100 | Steps:  46256 | α=1e-02 | Loss: 9.7436e-04 | BC: 1.9626e-04 | PDE: 7.7810e-02 | Val: 1.7199e-04 | Test: 2.5879e-04 | LR=3.8e-04
Epoch  60/100 | Steps:  47040 | α=1e-02 | Loss: 9.9267e-04 | BC: 1.5962e-04 | PDE: 8.3305e-02 | Val: 1.7548e-04 | Test: 5.2815e-04 | LR=3.7e-04
Epoch  61/100 | Steps:  47824 | α=1e-02 | Loss: 7.1675e-04 | BC: 1.0300e-04 | PDE: 6.1375e-02 | Val: 7.7284e-05 | Test: 5.4556e-04 | LR=3.5e-04
Epoch  62/100 | Steps:  48608 | α=1e-02 | Loss: 6.7348e-04 | BC: 9.6363e-05 | PDE: 5.7711e-02 | Val: 2.1444e-04 | Test: 1.7556e-04 | LR=3.4e-04
Epoch  63/100 | Steps:  49392 | α=1e-02 | Loss: 6.9489e-04 | BC: 9.4821e-05 | PDE: 6.0007e-02 | Val: 2.2593e-04 | Test: 2.9974e-04 | LR=3.2e-04
Epoch  64/100 | Steps:  50176 | α=1e-02 | Loss: 6.9158e-04 | BC: 9.6006e-05 | PDE: 5.9557e-02 | Val: 6.0823e-05 | Test: 3.6307e-04 | LR=3.1e-04
Epoch  65/100 | Steps:  50960 | α=1e-02 | Loss: 5.9388e-04 | BC: 7.2739e-05 | PDE: 5.2114e-02 | Val: 5.5510e-05 | Test: 3.2145e-04 | LR=2.9e-04
Epoch  66/100 | Steps:  51744 | α=1e-02 | Loss: 6.3107e-04 | BC: 7.8796e-05 | PDE: 5.5228e-02 | Val: 3.5433e-05 | Test: 2.9400e-05 | LR=2.8e-04
Epoch  67/100 | Steps:  52528 | α=1e-02 | Loss: 5.1829e-04 | BC: 6.0122e-05 | PDE: 4.5817e-02 | Val: 3.7654e-05 | Test: 1.3228e-04 | LR=2.7e-04
Epoch  68/100 | Steps:  53312 | α=1e-02 | Loss: 5.5014e-04 | BC: 6.8189e-05 | PDE: 4.8195e-02 | Val: 1.9834e-05 | Test: 2.1435e-05 | LR=2.5e-04 *
Epoch  69/100 | Steps:  54096 | α=1e-02 | Loss: 5.7010e-04 | BC: 6.9471e-05 | PDE: 5.0063e-02 | Val: 5.2900e-05 | Test: 4.5558e-05 | LR=2.4e-04

>>> Alpha increased: 1e-02 → 1e-01 (BC=5.9596e-05) <<<
Epoch  70/100 | Steps:  54880 | α=1e-01 | Loss: 5.2235e-04 | BC: 5.9596e-05 | PDE: 4.6275e-02 | Val: 4.0625e-05 | Test: 1.0023e-04 | LR=2.3e-04 *
Epoch  71/100 | Steps:  55664 | α=1e-01 | Loss: 4.7919e-03 | BC: 2.8394e-04 | PDE: 4.5079e-02 | Val: 2.1437e-04 | Test: 2.8751e-04 | LR=2.1e-04
Epoch  72/100 | Steps:  56448 | α=1e-01 | Loss: 4.0840e-03 | BC: 2.0465e-04 | PDE: 3.8794e-02 | Val: 5.6519e-05 | Test: 4.0906e-05 | LR=2.0e-04
Epoch  73/100 | Steps:  57232 | α=1e-01 | Loss: 3.4307e-03 | BC: 1.4255e-04 | PDE: 3.2882e-02 | Val: 7.6183e-05 | Test: 1.4876e-04 | LR=1.9e-04
Epoch  74/100 | Steps:  58016 | α=1e-01 | Loss: 3.9134e-03 | BC: 1.4688e-04 | PDE: 3.7665e-02 | Val: 1.3050e-04 | Test: 2.2842e-04 | LR=1.8e-04
Epoch  75/100 | Steps:  58800 | α=1e-01 | Loss: 3.0406e-03 | BC: 8.4956e-05 | PDE: 2.9556e-02 | Val: 1.1743e-04 | Test: 1.0605e-04 | LR=1.7e-04
Epoch  76/100 | Steps:  59584 | α=1e-01 | Loss: 3.1043e-03 | BC: 9.3659e-05 | PDE: 3.0106e-02 | Val: 1.8167e-04 | Test: 5.5435e-04 | LR=1.5e-04
Epoch  77/100 | Steps:  60368 | α=1e-01 | Loss: 3.4444e-03 | BC: 3.1467e-04 | PDE: 3.1298e-02 | Val: 2.7980e-04 | Test: 7.5634e-04 | LR=1.4e-04
Epoch  78/100 | Steps:  61152 | α=1e-01 | Loss: 3.0029e-03 | BC: 2.4316e-04 | PDE: 2.7597e-02 | Val: 5.9729e-05 | Test: 1.0658e-04 | LR=1.3e-04
Epoch  79/100 | Steps:  61936 | α=1e-01 | Loss: 3.0626e-03 | BC: 1.1654e-04 | PDE: 2.9461e-02 | Val: 2.1989e-04 | Test: 3.7597e-04 | LR=1.2e-04
Epoch  80/100 | Steps:  62720 | α=1e-01 | Loss: 2.5016e-03 | BC: 9.9683e-05 | PDE: 2.4020e-02 | Val: 6.3513e-05 | Test: 8.6536e-05 | LR=1.1e-04
Epoch  81/100 | Steps:  63504 | α=1e-01 | Loss: 2.7808e-03 | BC: 1.2594e-04 | PDE: 2.6548e-02 | Val: 2.1064e-04 | Test: 4.9275e-04 | LR=1.0e-04
Epoch  82/100 | Steps:  64288 | α=1e-01 | Loss: 2.7672e-03 | BC: 2.0473e-04 | PDE: 2.5624e-02 | Val: 4.6647e-04 | Test: 1.0047e-03 | LR=9.6e-05
Epoch  83/100 | Steps:  65072 | α=1e-01 | Loss: 2.8392e-03 | BC: 3.2568e-04 | PDE: 2.5135e-02 | Val: 3.9603e-04 | Test: 1.0682e-03 | LR=8.7e-05
Epoch  84/100 | Steps:  65856 | α=1e-01 | Loss: 2.8594e-03 | BC: 4.2476e-04 | PDE: 2.4346e-02 | Val: 4.0613e-04 | Test: 1.0331e-03 | LR=7.9e-05
Epoch  85/100 | Steps:  66640 | α=1e-01 | Loss: 2.7145e-03 | BC: 3.3154e-04 | PDE: 2.3830e-02 | Val: 2.1206e-04 | Test: 5.3431e-04 | LR=7.1e-05
Epoch  86/100 | Steps:  67424 | α=1e-01 | Loss: 2.7415e-03 | BC: 2.5941e-04 | PDE: 2.4821e-02 | Val: 3.2382e-04 | Test: 7.4186e-04 | LR=6.4e-05
Epoch  87/100 | Steps:  68208 | α=1e-01 | Loss: 2.7991e-03 | BC: 3.1970e-04 | PDE: 2.4794e-02 | Val: 2.2903e-04 | Test: 5.8997e-04 | LR=5.7e-05
Epoch  88/100 | Steps:  68992 | α=1e-01 | Loss: 2.5487e-03 | BC: 2.4849e-04 | PDE: 2.3002e-02 | Val: 2.8300e-04 | Test: 7.0518e-04 | LR=5.1e-05
Epoch  89/100 | Steps:  69776 | α=1e-01 | Loss: 2.4959e-03 | BC: 2.5362e-04 | PDE: 2.2423e-02 | Val: 2.5227e-04 | Test: 6.8487e-04 | LR=4.5e-05
Epoch  90/100 | Steps:  70560 | α=1e-01 | Loss: 2.3298e-03 | BC: 2.4206e-04 | PDE: 2.0877e-02 | Val: 2.0503e-04 | Test: 5.4590e-04 | LR=3.9e-05
Epoch  91/100 | Steps:  71344 | α=1e-01 | Loss: 2.1490e-03 | BC: 2.2798e-04 | PDE: 1.9210e-02 | Val: 2.6628e-04 | Test: 6.3724e-04 | LR=3.4e-05
Epoch  92/100 | Steps:  72128 | α=1e-01 | Loss: 2.2745e-03 | BC: 1.8611e-04 | PDE: 2.0884e-02 | Val: 1.4467e-04 | Test: 3.7512e-04 | LR=3.0e-05
Epoch  93/100 | Steps:  72912 | α=1e-01 | Loss: 2.2623e-03 | BC: 1.4227e-04 | PDE: 2.1201e-02 | Val: 1.3563e-04 | Test: 3.8805e-04 | LR=2.6e-05
Epoch  94/100 | Steps:  73696 | α=1e-01 | Loss: 2.1224e-03 | BC: 1.5551e-04 | PDE: 1.9669e-02 | Val: 1.5168e-04 | Test: 4.0417e-04 | LR=2.2e-05
Epoch  95/100 | Steps:  74480 | α=1e-01 | Loss: 2.1669e-03 | BC: 1.4667e-04 | PDE: 2.0203e-02 | Val: 1.7760e-04 | Test: 4.4906e-04 | LR=1.9e-05
Epoch  96/100 | Steps:  75264 | α=1e-01 | Loss: 2.2391e-03 | BC: 1.4913e-04 | PDE: 2.0899e-02 | Val: 1.5307e-04 | Test: 3.8399e-04 | LR=1.6e-05
Epoch  97/100 | Steps:  76048 | α=1e-01 | Loss: 2.0984e-03 | BC: 1.4090e-04 | PDE: 1.9575e-02 | Val: 1.4955e-04 | Test: 3.7555e-04 | LR=1.4e-05
Epoch  98/100 | Steps:  76832 | α=1e-01 | Loss: 2.2133e-03 | BC: 1.4830e-04 | PDE: 2.0650e-02 | Val: 1.3840e-04 | Test: 3.8482e-04 | LR=1.2e-05
Epoch  99/100 | Steps:  77616 | α=1e-01 | Loss: 2.1432e-03 | BC: 1.4929e-04 | PDE: 1.9939e-02 | Val: 1.6116e-04 | Test: 4.3589e-04 | LR=1.1e-05
Epoch 100/100 | Steps:  78400 | α=1e-01 | Loss: 2.0686e-03 | BC: 1.4382e-04 | PDE: 1.9247e-02 | Val: 1.5098e-04 | Test: 4.0929e-04 | LR=1.0e-05

Restored best model from epoch 70 (val_loss: 4.0625e-05, test_loss: 1.0023e-04)
Best checkpoint saved to: outputs/expr_7_1/aronsson_disc/out0/checkpoints/best_model.pt
Final checkpoint saved to: outputs/expr_7_1/aronsson_disc/out0/checkpoints/final_model.pt
Training completed in 945.08s (78,400 total steps)

Final Test MSE: 4.0929e-04
Inference (per point): 8.4689e-05s | (full domain): 8.1017e-05s
Saved plot to outputs/expr_7_1/aronsson_disc/out0/plots/results.png
