
============================================================
Running Example: absolute
============================================================

Generated full domain data:
  Boundary points: 40,000
  Interior points: 1,000,000
  Test points: 10,000
Re-sampling enabled: ~1,000,000 interior points per epoch

Splitting data: 80% train, 20% validation
  BC: 32,000 train, 8,000 val
  Interior: 800,000 train, 200,000 val

Model: DomainDecompositionPINN
  Hidden layers: [32, 32, 32, 32]
  Activation: tanh
  η: 1e-05 (normalized)
  Residual clipping: [-10.0, 10.0]
  Outlier removal: top 2.0%
  Parameters: 13,188

Training configuration:
  Boundary points (train): 32,000 -> 80 batches of 400
  Interior points (train): 1,000,000 -> 1000 batches of 1000
  Interior sampling: RE-SAMPLE each epoch
  Boundary points (val): 8,000
  Validation loss: BC only
  Steps per epoch: 1,000
  Total steps: 100,000
  Epochs: 100
  Loss balancing: ReLoBRaLo
  LR scheduler: cosine (LR: 1.0e-03 -> 1.0e-05)

/usr/local/lib/python3.12/dist-packages/torch/autograd/graph.py:824: UserWarning: Attempting to run cuBLAS, but there was no current CUDA context! Attempting to set the primary context... (Triggered internally at /opt/pytorch/pytorch/aten/src/ATen/cuda/CublasHandlePool.cpp:181.)
  return Variable._execution_engine.run_backward(  # Calls into the C++ engine to run the backward pass
Epoch   1/100 | Steps:   1000 | w_bc=1.08 w_pde=0.92 | Loss: 6.5383e-03 | BC: 4.5840e-03 | PDE: 1.9628e-03 | Intf: 2.1021e-04 | Val: 3.5383e-04 | Test: 1.0743e-03 | LR=1.0e-03 *
Epoch   2/100 | Steps:   2000 | w_bc=1.07 w_pde=0.93 | Loss: 6.8360e-04 | BC: 3.6029e-04 | PDE: 1.2100e-04 | Intf: 1.8212e-04 | Val: 6.1163e-04 | Test: 6.7378e-04 | LR=1.0e-03
Epoch   3/100 | Steps:   3000 | w_bc=1.01 w_pde=0.99 | Loss: 4.7963e-04 | BC: 2.1443e-04 | PDE: 9.0921e-05 | Intf: 1.6922e-04 | Val: 8.2500e-04 | Test: 5.8142e-04 | LR=1.0e-03
Epoch   4/100 | Steps:   4000 | w_bc=0.93 w_pde=1.07 | Loss: 3.6077e-04 | BC: 1.4338e-04 | PDE: 7.9965e-05 | Intf: 1.3965e-04 | Val: 7.3217e-05 | Test: 1.1197e-04 | LR=1.0e-03 *
Epoch   5/100 | Steps:   5000 | w_bc=0.92 w_pde=1.08 | Loss: 3.3937e-04 | BC: 1.3257e-04 | PDE: 6.2293e-05 | Intf: 1.5020e-04 | Val: 1.4557e-04 | Test: 1.2111e-04 | LR=1.0e-03
Epoch   6/100 | Steps:   6000 | w_bc=0.90 w_pde=1.10 | Loss: 2.8703e-04 | BC: 1.1576e-04 | PDE: 3.9372e-05 | Intf: 1.3763e-04 | Val: 7.9191e-06 | Test: 3.1556e-05 | LR=9.9e-04 *
Epoch   7/100 | Steps:   7000 | w_bc=0.93 w_pde=1.07 | Loss: 2.8769e-04 | BC: 1.2914e-04 | PDE: 3.3919e-05 | Intf: 1.3303e-04 | Val: 2.1093e-03 | Test: 1.1574e-03 | LR=9.9e-04
Epoch   8/100 | Steps:   8000 | w_bc=0.91 w_pde=1.09 | Loss: 2.5962e-04 | BC: 1.1333e-04 | PDE: 3.8694e-05 | Intf: 1.1444e-04 | Val: 6.1212e-06 | Test: 1.6181e-05 | LR=9.9e-04 *
Epoch   9/100 | Steps:   9000 | w_bc=0.90 w_pde=1.10 | Loss: 2.1612e-04 | BC: 9.4486e-05 | PDE: 3.5939e-05 | Intf: 9.1344e-05 | Val: 8.1670e-05 | Test: 5.5869e-05 | LR=9.8e-04
Epoch  10/100 | Steps:  10000 | w_bc=0.92 w_pde=1.08 | Loss: 2.6187e-04 | BC: 1.0733e-04 | PDE: 4.4169e-05 | Intf: 1.1602e-04 | Val: 3.4030e-05 | Test: 4.0206e-05 | LR=9.8e-04
Epoch  11/100 | Steps:  11000 | w_bc=0.94 w_pde=1.06 | Loss: 2.5452e-04 | BC: 1.0496e-04 | PDE: 4.1296e-05 | Intf: 1.1270e-04 | Val: 2.4847e-05 | Test: 3.1268e-05 | LR=9.8e-04
Epoch  12/100 | Steps:  12000 | w_bc=0.94 w_pde=1.06 | Loss: 1.7669e-04 | BC: 7.8006e-05 | PDE: 2.7661e-05 | Intf: 7.3957e-05 | Val: 7.0394e-06 | Test: 1.2590e-05 | LR=9.7e-04
Epoch  13/100 | Steps:  13000 | w_bc=0.96 w_pde=1.04 | Loss: 2.4090e-04 | BC: 1.0049e-04 | PDE: 3.5002e-05 | Intf: 1.0899e-04 | Val: 3.6527e-04 | Test: 1.8725e-04 | LR=9.7e-04
Epoch  14/100 | Steps:  14000 | w_bc=0.94 w_pde=1.06 | Loss: 1.6174e-04 | BC: 7.1883e-05 | PDE: 2.6075e-05 | Intf: 6.6760e-05 | Val: 4.7242e-04 | Test: 2.5819e-04 | LR=9.6e-04
Epoch  15/100 | Steps:  15000 | w_bc=0.93 w_pde=1.07 | Loss: 2.3750e-04 | BC: 9.2184e-05 | PDE: 4.6862e-05 | Intf: 1.0130e-04 | Val: 2.8635e-06 | Test: 7.8299e-06 | LR=9.5e-04 *
Epoch  16/100 | Steps:  16000 | w_bc=0.98 w_pde=1.02 | Loss: 1.6409e-04 | BC: 7.0330e-05 | PDE: 2.9324e-05 | Intf: 6.6362e-05 | Val: 2.1690e-05 | Test: 1.7662e-05 | LR=9.5e-04
Epoch  17/100 | Steps:  17000 | w_bc=1.02 w_pde=0.98 | Loss: 1.7287e-04 | BC: 6.9379e-05 | PDE: 2.3968e-05 | Intf: 7.9411e-05 | Val: 1.4536e-06 | Test: 6.3858e-06 | LR=9.4e-04 *
Epoch  18/100 | Steps:  18000 | w_bc=0.98 w_pde=1.02 | Loss: 1.6524e-04 | BC: 7.2047e-05 | PDE: 2.2395e-05 | Intf: 7.0704e-05 | Val: 2.0954e-04 | Test: 1.0976e-04 | LR=9.3e-04
Epoch  19/100 | Steps:  19000 | w_bc=0.97 w_pde=1.03 | Loss: 1.4154e-04 | BC: 5.6748e-05 | PDE: 2.3157e-05 | Intf: 6.2443e-05 | Val: 3.2035e-04 | Test: 1.7543e-04 | LR=9.2e-04
Epoch  20/100 | Steps:  20000 | w_bc=0.97 w_pde=1.03 | Loss: 1.7186e-04 | BC: 6.6560e-05 | PDE: 3.1998e-05 | Intf: 7.4520e-05 | Val: 2.7632e-04 | Test: 1.4632e-04 | LR=9.1e-04
Epoch  21/100 | Steps:  21000 | w_bc=0.98 w_pde=1.02 | Loss: 1.3973e-04 | BC: 6.1390e-05 | PDE: 1.6682e-05 | Intf: 6.3113e-05 | Val: 6.0959e-04 | Test: 3.3669e-04 | LR=9.1e-04
Epoch  22/100 | Steps:  22000 | w_bc=0.96 w_pde=1.04 | Loss: 1.2502e-04 | BC: 5.3568e-05 | PDE: 1.7405e-05 | Intf: 5.4910e-05 | Val: 1.1613e-05 | Test: 1.2421e-05 | LR=9.0e-04
Epoch  23/100 | Steps:  23000 | w_bc=1.03 w_pde=0.97 | Loss: 1.2261e-04 | BC: 5.4822e-05 | PDE: 1.7607e-05 | Intf: 5.1171e-05 | Val: 1.3850e-05 | Test: 1.0880e-05 | LR=8.9e-04
Epoch  24/100 | Steps:  24000 | w_bc=1.00 w_pde=1.00 | Loss: 1.4478e-04 | BC: 5.4710e-05 | PDE: 2.9356e-05 | Intf: 6.0435e-05 | Val: 6.6112e-05 | Test: 4.4334e-05 | LR=8.8e-04
Epoch  25/100 | Steps:  25000 | w_bc=1.02 w_pde=0.98 | Loss: 1.3629e-04 | BC: 5.5009e-05 | PDE: 1.7449e-05 | Intf: 6.2912e-05 | Val: 5.9939e-07 | Test: 1.2571e-06 | LR=8.7e-04 *
Epoch  26/100 | Steps:  26000 | w_bc=1.01 w_pde=0.99 | Loss: 9.7699e-05 | BC: 4.0235e-05 | PDE: 1.2277e-05 | Intf: 4.4580e-05 | Val: 2.7146e-07 | Test: 1.3036e-06 | LR=8.6e-04 *
Epoch  27/100 | Steps:  27000 | w_bc=0.97 w_pde=1.03 | Loss: 8.6658e-05 | BC: 3.8486e-05 | PDE: 1.2422e-05 | Intf: 3.5974e-05 | Val: 5.0156e-05 | Test: 8.9381e-05 | LR=8.4e-04
Epoch  28/100 | Steps:  28000 | w_bc=0.97 w_pde=1.03 | Loss: 1.2154e-04 | BC: 4.7773e-05 | PDE: 2.0393e-05 | Intf: 5.4116e-05 | Val: 1.8236e-04 | Test: 9.6873e-05 | LR=8.3e-04
Epoch  29/100 | Steps:  29000 | w_bc=0.97 w_pde=1.03 | Loss: 9.5690e-05 | BC: 3.7490e-05 | PDE: 1.9793e-05 | Intf: 3.9086e-05 | Val: 5.6067e-05 | Test: 3.7106e-05 | LR=8.2e-04
Epoch  30/100 | Steps:  30000 | w_bc=0.98 w_pde=1.02 | Loss: 1.1480e-04 | BC: 4.7408e-05 | PDE: 2.7638e-05 | Intf: 4.0303e-05 | Val: 2.2348e-05 | Test: 1.1971e-05 | LR=8.1e-04
Epoch  31/100 | Steps:  31000 | w_bc=1.04 w_pde=0.96 | Loss: 9.9733e-05 | BC: 4.6045e-05 | PDE: 1.4439e-05 | Intf: 3.8510e-05 | Val: 2.0605e-07 | Test: 8.8425e-07 | LR=8.0e-04 *
Epoch  32/100 | Steps:  32000 | w_bc=1.02 w_pde=0.98 | Loss: 8.5302e-05 | BC: 3.3616e-05 | PDE: 1.4901e-05 | Intf: 3.6286e-05 | Val: 6.2725e-06 | Test: 8.9357e-06 | LR=7.8e-04
Epoch  33/100 | Steps:  33000 | w_bc=1.02 w_pde=0.98 | Loss: 9.2119e-05 | BC: 3.8020e-05 | PDE: 1.5150e-05 | Intf: 3.8724e-05 | Val: 3.1527e-07 | Test: 5.5932e-07 | LR=7.7e-04
Epoch  34/100 | Steps:  34000 | w_bc=0.98 w_pde=1.02 | Loss: 7.6507e-05 | BC: 3.0799e-05 | PDE: 1.2608e-05 | Intf: 3.3247e-05 | Val: 3.2608e-06 | Test: 2.9773e-06 | LR=7.6e-04
Epoch  35/100 | Steps:  35000 | w_bc=0.92 w_pde=1.08 | Loss: 6.9851e-05 | BC: 3.2198e-05 | PDE: 1.0854e-05 | Intf: 2.8106e-05 | Val: 1.1637e-04 | Test: 6.4134e-05 | LR=7.4e-04
Epoch  36/100 | Steps:  36000 | w_bc=0.99 w_pde=1.01 | Loss: 7.3409e-05 | BC: 3.7211e-05 | PDE: 1.4734e-05 | Intf: 2.2123e-05 | Val: 1.1681e-06 | Test: 1.1090e-06 | LR=7.3e-04
Epoch  37/100 | Steps:  37000 | w_bc=0.98 w_pde=1.02 | Loss: 7.4517e-05 | BC: 2.7829e-05 | PDE: 1.6058e-05 | Intf: 3.0730e-05 | Val: 5.2225e-06 | Test: 3.0958e-06 | LR=7.2e-04
Epoch  38/100 | Steps:  38000 | w_bc=0.99 w_pde=1.01 | Loss: 7.5421e-05 | BC: 3.0502e-05 | PDE: 1.6307e-05 | Intf: 2.8912e-05 | Val: 8.7182e-06 | Test: 5.0149e-06 | LR=7.0e-04
Epoch  39/100 | Steps:  39000 | w_bc=1.00 w_pde=1.00 | Loss: 6.2137e-05 | BC: 2.2949e-05 | PDE: 1.5667e-05 | Intf: 2.3506e-05 | Val: 1.3921e-05 | Test: 1.2457e-05 | LR=6.9e-04
Epoch  40/100 | Steps:  40000 | w_bc=1.04 w_pde=0.96 | Loss: 8.1024e-05 | BC: 3.3138e-05 | PDE: 1.2366e-05 | Intf: 3.5139e-05 | Val: 7.2355e-06 | Test: 4.2496e-06 | LR=6.7e-04
Epoch  41/100 | Steps:  41000 | w_bc=1.01 w_pde=0.99 | Loss: 3.5297e-05 | BC: 1.4269e-05 | PDE: 5.9479e-06 | Intf: 1.4988e-05 | Val: 1.8918e-06 | Test: 1.8270e-06 | LR=6.6e-04
Epoch  42/100 | Steps:  42000 | w_bc=1.00 w_pde=1.00 | Loss: 5.4458e-05 | BC: 2.2644e-05 | PDE: 9.2203e-06 | Intf: 2.2577e-05 | Val: 1.2810e-05 | Test: 2.0758e-05 | LR=6.4e-04
Epoch  43/100 | Steps:  43000 | w_bc=0.99 w_pde=1.01 | Loss: 7.9587e-05 | BC: 3.0764e-05 | PDE: 1.6538e-05 | Intf: 3.2319e-05 | Val: 5.3591e-06 | Test: 2.8777e-06 | LR=6.3e-04
Epoch  44/100 | Steps:  44000 | w_bc=0.99 w_pde=1.01 | Loss: 3.0371e-05 | BC: 1.2499e-05 | PDE: 6.2864e-06 | Intf: 1.1678e-05 | Val: 5.9005e-07 | Test: 7.7592e-07 | LR=6.1e-04
Epoch  45/100 | Steps:  45000 | w_bc=0.99 w_pde=1.01 | Loss: 4.9675e-05 | BC: 1.8905e-05 | PDE: 1.0847e-05 | Intf: 2.0045e-05 | Val: 3.7996e-06 | Test: 2.8908e-06 | LR=6.0e-04
Epoch  46/100 | Steps:  46000 | w_bc=1.02 w_pde=0.98 | Loss: 4.5338e-05 | BC: 2.1950e-05 | PDE: 7.3163e-06 | Intf: 1.6051e-05 | Val: 7.2075e-05 | Test: 3.4119e-05 | LR=5.8e-04
Epoch  47/100 | Steps:  47000 | w_bc=0.97 w_pde=1.03 | Loss: 3.9203e-05 | BC: 1.5310e-05 | PDE: 6.3274e-06 | Intf: 1.7702e-05 | Val: 2.8808e-05 | Test: 1.6484e-05 | LR=5.7e-04
Epoch  48/100 | Steps:  48000 | w_bc=1.01 w_pde=0.99 | Loss: 3.7622e-05 | BC: 1.5904e-05 | PDE: 7.0418e-06 | Intf: 1.4677e-05 | Val: 3.9824e-05 | Test: 2.1131e-05 | LR=5.5e-04
Epoch  49/100 | Steps:  49000 | w_bc=0.99 w_pde=1.01 | Loss: 3.3949e-05 | BC: 1.2692e-05 | PDE: 7.5050e-06 | Intf: 1.3776e-05 | Val: 8.2726e-07 | Test: 1.0429e-06 | LR=5.4e-04
Epoch  50/100 | Steps:  50000 | w_bc=1.00 w_pde=1.00 | Loss: 3.8725e-05 | BC: 1.6351e-05 | PDE: 8.0206e-06 | Intf: 1.4424e-05 | Val: 2.4799e-05 | Test: 1.2462e-05 | LR=5.2e-04
Epoch  51/100 | Steps:  51000 | w_bc=0.97 w_pde=1.03 | Loss: 3.0369e-05 | BC: 1.1671e-05 | PDE: 6.8074e-06 | Intf: 1.1998e-05 | Val: 1.9567e-05 | Test: 1.0872e-05 | LR=5.1e-04
Epoch  52/100 | Steps:  52000 | w_bc=0.99 w_pde=1.01 | Loss: 2.5431e-05 | BC: 1.1104e-05 | PDE: 4.1299e-06 | Intf: 1.0285e-05 | Val: 1.1162e-04 | Test: 6.1272e-05 | LR=4.9e-04
Epoch  53/100 | Steps:  53000 | w_bc=0.97 w_pde=1.03 | Loss: 3.1835e-05 | BC: 1.2510e-05 | PDE: 5.3404e-06 | Intf: 1.4112e-05 | Val: 1.1417e-07 | Test: 5.7565e-07 | LR=4.7e-04 *
Epoch  54/100 | Steps:  54000 | w_bc=0.98 w_pde=1.02 | Loss: 2.1552e-05 | BC: 9.0062e-06 | PDE: 3.9903e-06 | Intf: 8.6960e-06 | Val: 3.1161e-06 | Test: 4.5624e-06 | LR=4.6e-04
Epoch  55/100 | Steps:  55000 | w_bc=1.01 w_pde=0.99 | Loss: 2.3342e-05 | BC: 1.1535e-05 | PDE: 4.0936e-06 | Intf: 7.8962e-06 | Val: 1.1877e-04 | Test: 6.3672e-05 | LR=4.4e-04
Epoch  56/100 | Steps:  56000 | w_bc=0.97 w_pde=1.03 | Loss: 2.3966e-05 | BC: 9.2701e-06 | PDE: 5.1624e-06 | Intf: 9.5749e-06 | Val: 3.1781e-07 | Test: 5.6775e-07 | LR=4.3e-04
Epoch  57/100 | Steps:  57000 | w_bc=0.97 w_pde=1.03 | Loss: 1.9969e-05 | BC: 8.1248e-06 | PDE: 3.8133e-06 | Intf: 8.2189e-06 | Val: 1.8068e-05 | Test: 1.0289e-05 | LR=4.1e-04
Epoch  58/100 | Steps:  58000 | w_bc=0.95 w_pde=1.05 | Loss: 1.9885e-05 | BC: 8.5555e-06 | PDE: 4.1585e-06 | Intf: 7.3464e-06 | Val: 4.7147e-05 | Test: 2.3625e-05 | LR=4.0e-04
Epoch  59/100 | Steps:  59000 | w_bc=0.96 w_pde=1.04 | Loss: 1.5954e-05 | BC: 7.1235e-06 | PDE: 3.8181e-06 | Intf: 5.1476e-06 | Val: 4.0165e-06 | Test: 1.9203e-06 | LR=3.8e-04
Epoch  60/100 | Steps:  60000 | w_bc=0.98 w_pde=1.02 | Loss: 1.8689e-05 | BC: 7.7918e-06 | PDE: 5.0802e-06 | Intf: 5.8811e-06 | Val: 1.3836e-05 | Test: 6.7566e-06 | LR=3.7e-04
Epoch  61/100 | Steps:  61000 | w_bc=1.00 w_pde=1.00 | Loss: 1.2912e-05 | BC: 5.7557e-06 | PDE: 2.7676e-06 | Intf: 4.4078e-06 | Val: 2.8136e-05 | Test: 1.5743e-05 | LR=3.5e-04
Epoch  62/100 | Steps:  62000 | w_bc=1.02 w_pde=0.98 | Loss: 1.7199e-05 | BC: 6.9274e-06 | PDE: 3.3380e-06 | Intf: 6.8958e-06 | Val: 3.5994e-05 | Test: 1.9016e-05 | LR=3.4e-04
Epoch  63/100 | Steps:  63000 | w_bc=1.02 w_pde=0.98 | Loss: 1.1757e-05 | BC: 6.1693e-06 | PDE: 2.3511e-06 | Intf: 3.2671e-06 | Val: 2.9658e-06 | Test: 2.0000e-06 | LR=3.2e-04
Epoch  64/100 | Steps:  64000 | w_bc=0.99 w_pde=1.01 | Loss: 1.1261e-05 | BC: 4.9480e-06 | PDE: 2.5493e-06 | Intf: 3.7440e-06 | Val: 4.3707e-06 | Test: 2.7784e-06 | LR=3.1e-04
Epoch  65/100 | Steps:  65000 | w_bc=0.97 w_pde=1.03 | Loss: 9.8216e-06 | BC: 3.7658e-06 | PDE: 2.1644e-06 | Intf: 3.9380e-06 | Val: 1.3759e-06 | Test: 1.1077e-06 | LR=2.9e-04
Epoch  66/100 | Steps:  66000 | w_bc=0.99 w_pde=1.01 | Loss: 9.1819e-06 | BC: 4.1007e-06 | PDE: 1.6460e-06 | Intf: 3.5068e-06 | Val: 5.1132e-06 | Test: 2.8138e-06 | LR=2.8e-04
Epoch  67/100 | Steps:  67000 | w_bc=0.97 w_pde=1.03 | Loss: 9.3481e-06 | BC: 3.7329e-06 | PDE: 1.9911e-06 | Intf: 3.6614e-06 | Val: 1.7042e-07 | Test: 4.9144e-07 | LR=2.7e-04
Epoch  68/100 | Steps:  68000 | w_bc=0.93 w_pde=1.07 | Loss: 5.1912e-06 | BC: 2.3532e-06 | PDE: 1.1986e-06 | Intf: 1.6937e-06 | Val: 1.5356e-06 | Test: 1.0540e-06 | LR=2.5e-04
Epoch  69/100 | Steps:  69000 | w_bc=0.92 w_pde=1.08 | Loss: 7.5183e-06 | BC: 3.2594e-06 | PDE: 1.7961e-06 | Intf: 2.5619e-06 | Val: 7.3298e-07 | Test: 6.0926e-07 | LR=2.4e-04
Epoch  70/100 | Steps:  70000 | w_bc=0.97 w_pde=1.03 | Loss: 5.7457e-06 | BC: 2.7058e-06 | PDE: 1.3563e-06 | Intf: 1.7855e-06 | Val: 1.4710e-06 | Test: 1.0193e-06 | LR=2.3e-04
Epoch  71/100 | Steps:  71000 | w_bc=0.94 w_pde=1.06 | Loss: 5.4433e-06 | BC: 2.0805e-06 | PDE: 1.3715e-06 | Intf: 2.0188e-06 | Val: 1.2329e-07 | Test: 2.8168e-07 | LR=2.1e-04
Epoch  72/100 | Steps:  72000 | w_bc=0.92 w_pde=1.08 | Loss: 4.9369e-06 | BC: 2.2766e-06 | PDE: 1.0955e-06 | Intf: 1.6405e-06 | Val: 8.7237e-08 | Test: 2.5799e-07 | LR=2.0e-04 *
Epoch  73/100 | Steps:  73000 | w_bc=0.93 w_pde=1.07 | Loss: 4.3894e-06 | BC: 1.9883e-06 | PDE: 1.0505e-06 | Intf: 1.4279e-06 | Val: 2.0213e-06 | Test: 1.1727e-06 | LR=1.9e-04
Epoch  74/100 | Steps:  74000 | w_bc=0.95 w_pde=1.05 | Loss: 3.6390e-06 | BC: 1.5195e-06 | PDE: 8.7809e-07 | Intf: 1.2852e-06 | Val: 4.6700e-06 | Test: 2.9004e-06 | LR=1.8e-04
Epoch  75/100 | Steps:  75000 | w_bc=0.97 w_pde=1.03 | Loss: 3.5607e-06 | BC: 1.7956e-06 | PDE: 8.3746e-07 | Intf: 9.8119e-07 | Val: 2.2252e-06 | Test: 1.3750e-06 | LR=1.7e-04
Epoch  76/100 | Steps:  76000 | w_bc=0.97 w_pde=1.03 | Loss: 2.7238e-06 | BC: 1.2882e-06 | PDE: 6.6533e-07 | Intf: 8.0175e-07 | Val: 2.1655e-06 | Test: 1.1748e-06 | LR=1.5e-04
Epoch  77/100 | Steps:  77000 | w_bc=0.94 w_pde=1.06 | Loss: 2.8053e-06 | BC: 1.2470e-06 | PDE: 7.4061e-07 | Intf: 8.5449e-07 | Val: 5.5411e-07 | Test: 4.9798e-07 | LR=1.4e-04
Epoch  78/100 | Steps:  78000 | w_bc=0.89 w_pde=1.11 | Loss: 1.6164e-06 | BC: 7.1812e-07 | PDE: 4.5863e-07 | Intf: 4.6378e-07 | Val: 2.3088e-07 | Test: 2.8833e-07 | LR=1.3e-04
Epoch  79/100 | Steps:  79000 | w_bc=0.89 w_pde=1.11 | Loss: 6.7691e-05 | BC: 3.9750e-05 | PDE: 4.6622e-06 | Intf: 2.7553e-05 | Val: 1.1846e-05 | Test: 1.1693e-05 | LR=1.2e-04
Epoch  80/100 | Steps:  80000 | w_bc=0.65 w_pde=1.35 | Loss: 3.7491e-07 | BC: 8.6623e-08 | PDE: 1.9099e-07 | Intf: 6.8159e-08 | Val: 2.4926e-08 | Test: 1.5758e-07 | LR=1.1e-04 *
Epoch  81/100 | Steps:  81000 | w_bc=0.57 w_pde=1.43 | Loss: 5.3735e-06 | BC: 2.2894e-06 | PDE: 6.3979e-07 | Intf: 3.1421e-06 | Val: 2.5390e-08 | Test: 1.7226e-07 | LR=1.0e-04
Epoch  82/100 | Steps:  82000 | w_bc=0.58 w_pde=1.42 | Loss: 7.1553e-06 | BC: 3.3188e-06 | PDE: 7.2327e-07 | Intf: 4.2599e-06 | Val: 1.0375e-04 | Test: 9.1386e-05 | LR=9.6e-05
Epoch  83/100 | Steps:  83000 | w_bc=0.68 w_pde=1.32 | Loss: 7.7127e-06 | BC: 3.5716e-06 | PDE: 5.9534e-07 | Intf: 4.5898e-06 | Val: 5.5464e-08 | Test: 2.2848e-07 | LR=8.7e-05
Epoch  84/100 | Steps:  84000 | w_bc=0.72 w_pde=1.28 | Loss: 4.8753e-06 | BC: 2.2497e-06 | PDE: 3.8209e-07 | Intf: 2.7931e-06 | Val: 3.6188e-08 | Test: 1.8786e-07 | LR=7.9e-05
Epoch  85/100 | Steps:  85000 | w_bc=0.62 w_pde=1.38 | Loss: 2.8716e-06 | BC: 1.2825e-06 | PDE: 3.3700e-07 | Intf: 1.5547e-06 | Val: 3.3282e-07 | Test: 4.2342e-07 | LR=7.1e-05
Epoch  86/100 | Steps:  86000 | w_bc=0.61 w_pde=1.39 | Loss: 5.4864e-06 | BC: 2.5365e-06 | PDE: 6.0117e-07 | Intf: 3.0897e-06 | Val: 5.0005e-08 | Test: 2.0891e-07 | LR=6.4e-05
Epoch  87/100 | Steps:  87000 | w_bc=0.54 w_pde=1.46 | Loss: 2.3556e-06 | BC: 1.0424e-06 | PDE: 3.4988e-07 | Intf: 1.2863e-06 | Val: 2.0041e-08 | Test: 1.6893e-07 | LR=5.7e-05 *
Epoch  88/100 | Steps:  88000 | w_bc=0.63 w_pde=1.37 | Loss: 1.8930e-06 | BC: 8.2938e-07 | PDE: 2.4242e-07 | Intf: 1.0662e-06 | Val: 1.1034e-06 | Test: 1.1356e-06 | LR=5.1e-05
Epoch  89/100 | Steps:  89000 | w_bc=0.64 w_pde=1.36 | Loss: 1.7679e-06 | BC: 7.7666e-07 | PDE: 2.3247e-07 | Intf: 9.6517e-07 | Val: 2.6894e-08 | Test: 1.5438e-07 | LR=4.5e-05
Epoch  90/100 | Steps:  90000 | w_bc=0.56 w_pde=1.44 | Loss: 1.1999e-06 | BC: 5.0746e-07 | PDE: 2.1566e-07 | Intf: 6.0248e-07 | Val: 1.9851e-08 | Test: 1.5879e-07 | LR=3.9e-05 *
Epoch  91/100 | Steps:  91000 | w_bc=0.58 w_pde=1.42 | Loss: 9.1450e-07 | BC: 3.6802e-07 | PDE: 1.8380e-07 | Intf: 4.4567e-07 | Val: 3.9978e-06 | Test: 3.7056e-06 | LR=3.4e-05
Epoch  92/100 | Steps:  92000 | w_bc=0.73 w_pde=1.27 | Loss: 9.1011e-07 | BC: 3.8066e-07 | PDE: 1.6168e-07 | Intf: 4.3981e-07 | Val: 1.3018e-06 | Test: 1.2850e-06 | LR=3.0e-05
Epoch  93/100 | Steps:  93000 | w_bc=0.81 w_pde=1.19 | Loss: 7.4435e-07 | BC: 3.0060e-07 | PDE: 1.4734e-07 | Intf: 3.3270e-07 | Val: 7.1779e-07 | Test: 7.4276e-07 | LR=2.6e-05
Epoch  94/100 | Steps:  94000 | w_bc=0.78 w_pde=1.22 | Loss: 5.4455e-07 | BC: 2.0544e-07 | PDE: 1.3359e-07 | Intf: 2.2236e-07 | Val: 6.8423e-07 | Test: 6.5587e-07 | LR=2.2e-05
Epoch  95/100 | Steps:  95000 | w_bc=0.71 w_pde=1.29 | Loss: 3.3776e-07 | BC: 1.0160e-07 | PDE: 1.2559e-07 | Intf: 1.0488e-07 | Val: 3.5094e-07 | Test: 4.9522e-07 | LR=1.9e-05
Epoch  96/100 | Steps:  96000 | w_bc=0.66 w_pde=1.34 | Loss: 3.5316e-07 | BC: 1.1204e-07 | PDE: 1.2030e-07 | Intf: 1.1853e-07 | Val: 4.7275e-07 | Test: 5.7345e-07 | LR=1.6e-05
Epoch  97/100 | Steps:  97000 | w_bc=0.68 w_pde=1.32 | Loss: 3.2475e-07 | BC: 9.9530e-08 | PDE: 1.2202e-07 | Intf: 9.5166e-08 | Val: 2.8416e-07 | Test: 3.9341e-07 | LR=1.4e-05
Epoch  98/100 | Steps:  98000 | w_bc=0.67 w_pde=1.33 | Loss: 2.8050e-07 | BC: 7.7196e-08 | PDE: 1.1358e-07 | Intf: 7.7387e-08 | Val: 1.7811e-07 | Test: 2.7511e-07 | LR=1.2e-05
Epoch  99/100 | Steps:  99000 | w_bc=0.61 w_pde=1.39 | Loss: 2.3648e-07 | BC: 5.5987e-08 | PDE: 1.0955e-07 | Intf: 5.1194e-08 | Val: 5.3426e-07 | Test: 6.1881e-07 | LR=1.1e-05
Epoch 100/100 | Steps: 100000 | w_bc=0.63 w_pde=1.37 | Loss: 2.7168e-07 | BC: 7.8737e-08 | PDE: 1.0699e-07 | Intf: 7.4724e-08 | Val: 1.3693e-07 | Test: 2.2268e-07 | LR=1.0e-05

Restored best model from epoch 90 (val_loss: 1.9851e-08, test_loss: 1.5879e-07)
Best checkpoint saved to: outputs/expr_6_2/absolute_dd/relobralo/checkpoints/best_model.pt
Final checkpoint saved to: outputs/expr_6_2/absolute_dd/relobralo/checkpoints/final_model.pt
Training completed in 3658.88s (100,000 total steps)

Final Test MSE: 2.2268e-07
Inference (per point): 5.1150e-04s | (full domain): 1.2935e-03s
Saved plot to outputs/expr_6_2/absolute_dd/relobralo/plots/results.png
