
============================================================
Running Example: aronsson_square
============================================================

Generated full domain data:
  Boundary points: 40,000
  Interior points: 1,000,000
  Test points: 10,000
Re-sampling enabled: ~1,000,000 interior points per epoch

Splitting data: 80% train, 20% validation
  BC: 32,000 train, 8,000 val
  Interior: 800,000 train, 200,000 val

Model: InfinityLaplacianPINN
  Hidden layers: [128, 128, 128, 128]
  Activation: tanh
  η: 1e-05 (normalized)
  Residual clipping: [-10.0, 10.0]
  Outlier removal: top 2.0%
  Parameters: 50,049

Training configuration:
  Boundary points (train): 32,000 -> 80 batches of 400
  Interior points (train): 1,000,000 -> 1000 batches of 1000
  Interior sampling: RE-SAMPLE each epoch
  Boundary points (val): 8,000
  Validation loss: BC only
  Steps per epoch: 1,000
  Total steps: 100,000
  Epochs: 100
  Loss balancing: FixedAlphaSchedule
  LR scheduler: cosine (LR: 1.0e-03 -> 1.0e-05)

/usr/local/lib/python3.12/dist-packages/torch/autograd/graph.py:824: UserWarning: Attempting to run cuBLAS, but there was no current CUDA context! Attempting to set the primary context... (Triggered internally at /opt/pytorch/pytorch/aten/src/ATen/cuda/CublasHandlePool.cpp:181.)
  return Variable._execution_engine.run_backward(  # Calls into the C++ engine to run the backward pass
Epoch   1/100 | Steps:   1000 | α=1e-05 | Loss: 2.2387e-02 | BC: 2.2371e-02 | PDE: 1.5257e+00 | Val: 2.5113e-04 | Test: 1.0030e-02 | LR=1.0e-03 *
Epoch   2/100 | Steps:   2000 | α=1e-05 | Loss: 3.8588e-04 | BC: 3.7431e-04 | PDE: 1.1576e+00 | Val: 1.1026e-04 | Test: 7.1131e-03 | LR=1.0e-03 *
Epoch   3/100 | Steps:   3000 | α=1e-05 | Loss: 2.4919e-04 | BC: 2.3960e-04 | PDE: 9.5852e-01 | Val: 2.0282e-04 | Test: 2.8825e-03 | LR=1.0e-03
Epoch   4/100 | Steps:   4000 | α=1e-05 | Loss: 1.8829e-04 | BC: 1.7982e-04 | PDE: 8.4711e-01 | Val: 1.5805e-04 | Test: 1.2174e-03 | LR=1.0e-03
Epoch   5/100 | Steps:   5000 | α=1e-05 | Loss: 1.7340e-04 | BC: 1.6411e-04 | PDE: 9.2956e-01 | Val: 7.0401e-04 | Test: 1.4634e-03 | LR=1.0e-03
Epoch   6/100 | Steps:   6000 | α=1e-05 | Loss: 1.6732e-04 | BC: 1.5700e-04 | PDE: 1.0317e+00 | Val: 4.2926e-05 | Test: 1.2198e-03 | LR=9.9e-04 *
Epoch   7/100 | Steps:   7000 | α=1e-05 | Loss: 1.6632e-04 | BC: 1.5556e-04 | PDE: 1.0759e+00 | Val: 6.0653e-05 | Test: 1.1486e-03 | LR=9.9e-04
Epoch   8/100 | Steps:   8000 | α=1e-05 | Loss: 1.2547e-04 | BC: 1.1515e-04 | PDE: 1.0327e+00 | Val: 6.0231e-05 | Test: 1.2331e-03 | LR=9.9e-04
Epoch   9/100 | Steps:   9000 | α=1e-05 | Loss: 1.2237e-04 | BC: 1.1231e-04 | PDE: 1.0054e+00 | Val: 5.8144e-05 | Test: 1.1139e-03 | LR=9.8e-04
Epoch  10/100 | Steps:  10000 | α=1e-05 | Loss: 1.0695e-04 | BC: 9.8057e-05 | PDE: 8.8940e-01 | Val: 7.0437e-05 | Test: 9.1299e-04 | LR=9.8e-04
Epoch  11/100 | Steps:  11000 | α=1e-05 | Loss: 1.0328e-04 | BC: 9.5353e-05 | PDE: 7.9303e-01 | Val: 2.4997e-05 | Test: 7.6073e-04 | LR=9.8e-04 *
Epoch  12/100 | Steps:  12000 | α=1e-05 | Loss: 9.1088e-05 | BC: 8.3760e-05 | PDE: 7.3282e-01 | Val: 6.0486e-05 | Test: 6.7621e-04 | LR=9.7e-04
Epoch  13/100 | Steps:  13000 | α=1e-05 | Loss: 8.9946e-05 | BC: 8.3321e-05 | PDE: 6.6251e-01 | Val: 2.5441e-05 | Test: 5.8434e-04 | LR=9.7e-04
Epoch  14/100 | Steps:  14000 | α=1e-05 | Loss: 7.9437e-05 | BC: 7.3235e-05 | PDE: 6.2020e-01 | Val: 5.2838e-05 | Test: 4.7291e-04 | LR=9.6e-04
Epoch  15/100 | Steps:  15000 | α=1e-05 | Loss: 7.7971e-05 | BC: 7.1895e-05 | PDE: 6.0764e-01 | Val: 5.7829e-06 | Test: 4.1075e-04 | LR=9.5e-04 *
Epoch  16/100 | Steps:  16000 | α=1e-05 | Loss: 7.5425e-05 | BC: 6.9823e-05 | PDE: 5.6016e-01 | Val: 8.8981e-06 | Test: 5.0312e-04 | LR=9.5e-04
Epoch  17/100 | Steps:  17000 | α=1e-05 | Loss: 6.5097e-05 | BC: 5.9820e-05 | PDE: 5.2773e-01 | Val: 9.9405e-05 | Test: 4.5153e-04 | LR=9.4e-04
Epoch  18/100 | Steps:  18000 | α=1e-05 | Loss: 6.1400e-05 | BC: 5.6379e-05 | PDE: 5.0215e-01 | Val: 2.1859e-05 | Test: 3.6249e-04 | LR=9.3e-04
Epoch  19/100 | Steps:  19000 | α=1e-05 | Loss: 6.1519e-05 | BC: 5.6647e-05 | PDE: 4.8723e-01 | Val: 2.5581e-05 | Test: 3.3979e-04 | LR=9.2e-04
Epoch  20/100 | Steps:  20000 | α=1e-05 | Loss: 5.5555e-05 | BC: 5.0895e-05 | PDE: 4.6601e-01 | Val: 6.8552e-05 | Test: 3.4557e-04 | LR=9.1e-04
Epoch  21/100 | Steps:  21000 | α=1e-05 | Loss: 5.6639e-05 | BC: 5.2145e-05 | PDE: 4.4945e-01 | Val: 8.9856e-06 | Test: 2.7091e-04 | LR=9.1e-04
Epoch  22/100 | Steps:  22000 | α=1e-05 | Loss: 4.9884e-05 | BC: 4.5435e-05 | PDE: 4.4491e-01 | Val: 2.9840e-05 | Test: 2.7894e-04 | LR=9.0e-04
Epoch  23/100 | Steps:  23000 | α=1e-05 | Loss: 4.7394e-05 | BC: 4.3236e-05 | PDE: 4.1580e-01 | Val: 3.5457e-05 | Test: 2.4205e-04 | LR=8.9e-04
Epoch  24/100 | Steps:  24000 | α=1e-05 | Loss: 5.5023e-05 | BC: 5.0992e-05 | PDE: 4.0309e-01 | Val: 6.0613e-06 | Test: 1.9808e-04 | LR=8.8e-04
Epoch  25/100 | Steps:  25000 | α=1e-05 | Loss: 3.9706e-05 | BC: 3.5997e-05 | PDE: 3.7089e-01 | Val: 7.5985e-06 | Test: 1.7439e-04 | LR=8.7e-04
Epoch  26/100 | Steps:  26000 | α=1e-05 | Loss: 4.9278e-05 | BC: 4.5655e-05 | PDE: 3.6234e-01 | Val: 3.0437e-06 | Test: 1.7897e-04 | LR=8.6e-04 *
Epoch  27/100 | Steps:  27000 | α=1e-05 | Loss: 3.3858e-05 | BC: 3.0603e-05 | PDE: 3.2550e-01 | Val: 8.4080e-05 | Test: 3.7358e-04 | LR=8.4e-04
Epoch  28/100 | Steps:  28000 | α=1e-05 | Loss: 3.3537e-05 | BC: 3.0302e-05 | PDE: 3.2354e-01 | Val: 4.5601e-05 | Test: 1.6891e-04 | LR=8.3e-04
Epoch  29/100 | Steps:  29000 | α=1e-05 | Loss: 4.0123e-05 | BC: 3.7074e-05 | PDE: 3.0481e-01 | Val: 3.0274e-05 | Test: 1.7861e-04 | LR=8.2e-04
Epoch  30/100 | Steps:  30000 | α=1e-05 | Loss: 3.8070e-05 | BC: 3.5265e-05 | PDE: 2.8047e-01 | Val: 3.5446e-05 | Test: 4.4027e-04 | LR=8.1e-04
Epoch  31/100 | Steps:  31000 | α=1e-05 | Loss: 3.6451e-05 | BC: 3.3820e-05 | PDE: 2.6303e-01 | Val: 3.5185e-05 | Test: 2.7697e-04 | LR=8.0e-04
Epoch  32/100 | Steps:  32000 | α=1e-05 | Loss: 2.1894e-05 | BC: 1.9474e-05 | PDE: 2.4193e-01 | Val: 5.9374e-05 | Test: 1.3070e-04 | LR=7.8e-04
Epoch  33/100 | Steps:  33000 | α=1e-05 | Loss: 3.0926e-05 | BC: 2.8616e-05 | PDE: 2.3101e-01 | Val: 1.2882e-05 | Test: 1.1035e-04 | LR=7.7e-04
Epoch  34/100 | Steps:  34000 | α=1e-05 | Loss: 2.4322e-05 | BC: 2.2268e-05 | PDE: 2.0546e-01 | Val: 3.2936e-05 | Test: 1.0047e-04 | LR=7.6e-04
Epoch  35/100 | Steps:  35000 | α=1e-05 | Loss: 2.6846e-05 | BC: 2.4912e-05 | PDE: 1.9343e-01 | Val: 7.3230e-05 | Test: 1.1040e-04 | LR=7.4e-04
Epoch  36/100 | Steps:  36000 | α=1e-05 | Loss: 2.5300e-05 | BC: 2.3492e-05 | PDE: 1.8080e-01 | Val: 8.1430e-05 | Test: 1.0132e-04 | LR=7.3e-04
Epoch  37/100 | Steps:  37000 | α=1e-05 | Loss: 2.2746e-05 | BC: 2.1082e-05 | PDE: 1.6646e-01 | Val: 5.3222e-06 | Test: 7.6478e-05 | LR=7.2e-04
Epoch  38/100 | Steps:  38000 | α=1e-05 | Loss: 2.3636e-05 | BC: 2.2091e-05 | PDE: 1.5442e-01 | Val: 1.5735e-05 | Test: 9.7216e-05 | LR=7.0e-04
Epoch  39/100 | Steps:  39000 | α=1e-05 | Loss: 1.7692e-05 | BC: 1.6307e-05 | PDE: 1.3844e-01 | Val: 5.1841e-06 | Test: 6.1185e-05 | LR=6.9e-04
Epoch  40/100 | Steps:  40000 | α=1e-05 | Loss: 1.9224e-05 | BC: 1.7938e-05 | PDE: 1.2860e-01 | Val: 3.2998e-06 | Test: 5.5973e-05 | LR=6.7e-04
Epoch  41/100 | Steps:  41000 | α=1e-05 | Loss: 1.7529e-05 | BC: 1.6348e-05 | PDE: 1.1810e-01 | Val: 1.1691e-05 | Test: 4.4645e-05 | LR=6.6e-04
Epoch  42/100 | Steps:  42000 | α=1e-05 | Loss: 1.6039e-05 | BC: 1.4964e-05 | PDE: 1.0750e-01 | Val: 3.3485e-06 | Test: 4.8597e-05 | LR=6.4e-04
Epoch  43/100 | Steps:  43000 | α=1e-05 | Loss: 1.9481e-05 | BC: 1.8499e-05 | PDE: 9.8246e-02 | Val: 1.1554e-04 | Test: 1.6277e-04 | LR=6.3e-04
Epoch  44/100 | Steps:  44000 | α=1e-05 | Loss: 1.5281e-05 | BC: 1.4321e-05 | PDE: 9.6021e-02 | Val: 1.9721e-05 | Test: 8.1875e-05 | LR=6.1e-04
Epoch  45/100 | Steps:  45000 | α=1e-05 | Loss: 1.2698e-05 | BC: 1.1858e-05 | PDE: 8.4016e-02 | Val: 4.1849e-05 | Test: 1.2722e-04 | LR=6.0e-04
Epoch  46/100 | Steps:  46000 | α=1e-05 | Loss: 1.2713e-05 | BC: 1.1919e-05 | PDE: 7.9459e-02 | Val: 1.8710e-06 | Test: 4.1088e-05 | LR=5.8e-04 *
Epoch  47/100 | Steps:  47000 | α=1e-05 | Loss: 1.3686e-05 | BC: 1.2944e-05 | PDE: 7.4138e-02 | Val: 2.4525e-06 | Test: 3.6504e-05 | LR=5.7e-04
Epoch  48/100 | Steps:  48000 | α=1e-05 | Loss: 1.1689e-05 | BC: 1.1004e-05 | PDE: 6.8435e-02 | Val: 1.0083e-05 | Test: 6.1401e-05 | LR=5.5e-04
Epoch  49/100 | Steps:  49000 | α=1e-05 | Loss: 1.0583e-05 | BC: 9.9383e-06 | PDE: 6.4466e-02 | Val: 5.9235e-06 | Test: 3.5379e-05 | LR=5.4e-04
Epoch  50/100 | Steps:  50000 | α=1e-05 | Loss: 1.1452e-05 | BC: 1.0858e-05 | PDE: 5.9368e-02 | Val: 2.4141e-05 | Test: 8.0157e-05 | LR=5.2e-04
Epoch  51/100 | Steps:  51000 | α=1e-05 | Loss: 8.6257e-06 | BC: 8.0624e-06 | PDE: 5.6329e-02 | Val: 6.0253e-06 | Test: 3.7139e-05 | LR=5.1e-04
Epoch  52/100 | Steps:  52000 | α=1e-05 | Loss: 9.4763e-06 | BC: 8.9524e-06 | PDE: 5.2386e-02 | Val: 2.0340e-06 | Test: 2.4491e-05 | LR=4.9e-04
Epoch  53/100 | Steps:  53000 | α=1e-05 | Loss: 7.5088e-06 | BC: 7.0217e-06 | PDE: 4.8702e-02 | Val: 5.6333e-06 | Test: 2.4337e-05 | LR=4.7e-04
Epoch  54/100 | Steps:  54000 | α=1e-05 | Loss: 8.1917e-06 | BC: 7.7314e-06 | PDE: 4.6032e-02 | Val: 1.3607e-05 | Test: 3.8072e-05 | LR=4.6e-04
Epoch  55/100 | Steps:  55000 | α=1e-05 | Loss: 8.5778e-06 | BC: 8.1301e-06 | PDE: 4.4772e-02 | Val: 9.4210e-07 | Test: 2.7518e-05 | LR=4.4e-04 *
Epoch  56/100 | Steps:  56000 | α=1e-05 | Loss: 5.8614e-06 | BC: 5.4531e-06 | PDE: 4.0837e-02 | Val: 9.2416e-07 | Test: 2.2690e-05 | LR=4.3e-04 *
Epoch  57/100 | Steps:  57000 | α=1e-05 | Loss: 5.9865e-06 | BC: 5.5971e-06 | PDE: 3.8943e-02 | Val: 4.4949e-06 | Test: 2.5995e-05 | LR=4.1e-04
Epoch  58/100 | Steps:  58000 | α=1e-05 | Loss: 6.8333e-06 | BC: 6.4514e-06 | PDE: 3.8186e-02 | Val: 6.1200e-07 | Test: 1.9612e-05 | LR=4.0e-04 *
Epoch  59/100 | Steps:  59000 | α=1e-05 | Loss: 5.1818e-06 | BC: 4.8267e-06 | PDE: 3.5507e-02 | Val: 1.9494e-06 | Test: 2.3489e-05 | LR=3.8e-04
Epoch  60/100 | Steps:  60000 | α=1e-05 | Loss: 5.9785e-06 | BC: 5.6357e-06 | PDE: 3.4276e-02 | Val: 7.1211e-07 | Test: 1.6832e-05 | LR=3.7e-04
Epoch  61/100 | Steps:  61000 | α=1e-05 | Loss: 4.8763e-06 | BC: 4.5479e-06 | PDE: 3.2847e-02 | Val: 7.9854e-07 | Test: 1.8171e-05 | LR=3.5e-04
Epoch  62/100 | Steps:  62000 | α=1e-05 | Loss: 4.1479e-06 | BC: 3.8327e-06 | PDE: 3.1512e-02 | Val: 1.0723e-06 | Test: 2.1441e-05 | LR=3.4e-04
Epoch  63/100 | Steps:  63000 | α=1e-05 | Loss: 3.8713e-06 | BC: 3.5704e-06 | PDE: 3.0085e-02 | Val: 4.8190e-06 | Test: 1.9942e-05 | LR=3.2e-04
Epoch  64/100 | Steps:  64000 | α=1e-05 | Loss: 4.0752e-06 | BC: 3.7799e-06 | PDE: 2.9534e-02 | Val: 5.3357e-07 | Test: 1.6013e-05 | LR=3.1e-04 *
Epoch  65/100 | Steps:  65000 | α=1e-05 | Loss: 3.0336e-06 | BC: 2.7539e-06 | PDE: 2.7972e-02 | Val: 1.2429e-06 | Test: 1.5290e-05 | LR=2.9e-04
Epoch  66/100 | Steps:  66000 | α=1e-05 | Loss: 3.1972e-06 | BC: 2.9265e-06 | PDE: 2.7063e-02 | Val: 1.8699e-06 | Test: 1.6643e-05 | LR=2.8e-04
Epoch  67/100 | Steps:  67000 | α=1e-05 | Loss: 3.0553e-06 | BC: 2.7893e-06 | PDE: 2.6600e-02 | Val: 8.0910e-07 | Test: 1.4265e-05 | LR=2.7e-04
Epoch  68/100 | Steps:  68000 | α=1e-05 | Loss: 2.4961e-06 | BC: 2.2431e-06 | PDE: 2.5293e-02 | Val: 3.7710e-06 | Test: 1.9367e-05 | LR=2.5e-04
Epoch  69/100 | Steps:  69000 | α=1e-05 | Loss: 2.3133e-06 | BC: 2.0667e-06 | PDE: 2.4659e-02 | Val: 3.4237e-06 | Test: 1.6553e-05 | LR=2.4e-04
Epoch  70/100 | Steps:  70000 | α=1e-05 | Loss: 2.1720e-06 | BC: 1.9326e-06 | PDE: 2.3941e-02 | Val: 1.2646e-06 | Test: 1.4757e-05 | LR=2.3e-04
Epoch  71/100 | Steps:  71000 | α=1e-05 | Loss: 1.8564e-06 | BC: 1.6244e-06 | PDE: 2.3192e-02 | Val: 7.4420e-07 | Test: 1.4092e-05 | LR=2.1e-04
Epoch  72/100 | Steps:  72000 | α=1e-05 | Loss: 2.1960e-06 | BC: 1.9690e-06 | PDE: 2.2699e-02 | Val: 4.0912e-07 | Test: 1.4250e-05 | LR=2.0e-04 *
Epoch  73/100 | Steps:  73000 | α=1e-05 | Loss: 1.2855e-06 | BC: 1.0684e-06 | PDE: 2.1707e-02 | Val: 3.5222e-07 | Test: 1.3388e-05 | LR=1.9e-04 *
Epoch  74/100 | Steps:  74000 | α=1e-05 | Loss: 1.4041e-06 | BC: 1.1901e-06 | PDE: 2.1392e-02 | Val: 1.0706e-06 | Test: 1.2932e-05 | LR=1.8e-04
Epoch  75/100 | Steps:  75000 | α=1e-05 | Loss: 1.3565e-06 | BC: 1.1499e-06 | PDE: 2.0660e-02 | Val: 1.7047e-06 | Test: 1.1213e-05 | LR=1.7e-04
Epoch  76/100 | Steps:  76000 | α=1e-05 | Loss: 1.2041e-06 | BC: 1.0013e-06 | PDE: 2.0271e-02 | Val: 1.4535e-06 | Test: 1.4654e-05 | LR=1.5e-04
Epoch  77/100 | Steps:  77000 | α=1e-05 | Loss: 1.1829e-06 | BC: 9.8558e-07 | PDE: 1.9732e-02 | Val: 1.9637e-06 | Test: 1.1269e-05 | LR=1.4e-04
Epoch  78/100 | Steps:  78000 | α=1e-05 | Loss: 8.8152e-07 | BC: 6.9030e-07 | PDE: 1.9122e-02 | Val: 9.5679e-07 | Test: 1.2777e-05 | LR=1.3e-04
Epoch  79/100 | Steps:  79000 | α=1e-05 | Loss: 9.1727e-07 | BC: 7.2904e-07 | PDE: 1.8823e-02 | Val: 4.0021e-07 | Test: 1.2973e-05 | LR=1.2e-04
Epoch  80/100 | Steps:  80000 | α=1e-05 | Loss: 8.9907e-07 | BC: 7.1572e-07 | PDE: 1.8335e-02 | Val: 1.2104e-06 | Test: 1.4020e-05 | LR=1.1e-04
Epoch  81/100 | Steps:  81000 | α=1e-05 | Loss: 6.5134e-07 | BC: 4.7045e-07 | PDE: 1.8089e-02 | Val: 2.5966e-06 | Test: 1.3036e-05 | LR=1.0e-04
Epoch  82/100 | Steps:  82000 | α=1e-05 | Loss: 6.9128e-07 | BC: 5.1591e-07 | PDE: 1.7538e-02 | Val: 3.1400e-07 | Test: 1.1772e-05 | LR=9.6e-05 *
Epoch  83/100 | Steps:  83000 | α=1e-05 | Loss: 6.3440e-07 | BC: 4.6222e-07 | PDE: 1.7218e-02 | Val: 5.8168e-07 | Test: 1.2280e-05 | LR=8.7e-05
Epoch  84/100 | Steps:  84000 | α=1e-05 | Loss: 5.9673e-07 | BC: 4.2933e-07 | PDE: 1.6740e-02 | Val: 4.2792e-07 | Test: 1.0236e-05 | LR=7.9e-05
Epoch  85/100 | Steps:  85000 | α=1e-05 | Loss: 5.0139e-07 | BC: 3.3724e-07 | PDE: 1.6415e-02 | Val: 4.5900e-07 | Test: 1.0416e-05 | LR=7.1e-05
Epoch  86/100 | Steps:  86000 | α=1e-05 | Loss: 4.9285e-07 | BC: 3.3055e-07 | PDE: 1.6230e-02 | Val: 7.3368e-07 | Test: 1.0376e-05 | LR=6.4e-05
Epoch  87/100 | Steps:  87000 | α=1e-05 | Loss: 4.4834e-07 | BC: 2.9082e-07 | PDE: 1.5752e-02 | Val: 2.6275e-07 | Test: 9.5952e-06 | LR=5.7e-05 *
Epoch  88/100 | Steps:  88000 | α=1e-05 | Loss: 4.3622e-07 | BC: 2.8069e-07 | PDE: 1.5554e-02 | Val: 3.9507e-07 | Test: 9.9305e-06 | LR=5.1e-05
Epoch  89/100 | Steps:  89000 | α=1e-05 | Loss: 3.8748e-07 | BC: 2.3516e-07 | PDE: 1.5232e-02 | Val: 7.1046e-07 | Test: 1.0173e-05 | LR=4.5e-05
Epoch  90/100 | Steps:  90000 | α=1e-05 | Loss: 3.7588e-07 | BC: 2.2453e-07 | PDE: 1.5135e-02 | Val: 2.9255e-07 | Test: 1.0120e-05 | LR=3.9e-05
Epoch  91/100 | Steps:  91000 | α=1e-05 | Loss: 3.5125e-07 | BC: 2.0383e-07 | PDE: 1.4742e-02 | Val: 2.0566e-07 | Test: 8.6634e-06 | LR=3.4e-05 *
Epoch  92/100 | Steps:  92000 | α=1e-05 | Loss: 3.5053e-07 | BC: 2.0415e-07 | PDE: 1.4638e-02 | Val: 1.8317e-07 | Test: 8.3214e-06 | LR=3.0e-05 *
Epoch  93/100 | Steps:  93000 | α=1e-05 | Loss: 3.2109e-07 | BC: 1.7652e-07 | PDE: 1.4458e-02 | Val: 1.8734e-07 | Test: 8.6291e-06 | LR=2.6e-05
Epoch  94/100 | Steps:  94000 | α=1e-05 | Loss: 3.1435e-07 | BC: 1.7160e-07 | PDE: 1.4275e-02 | Val: 1.7634e-07 | Test: 8.6017e-06 | LR=2.2e-05 *
Epoch  95/100 | Steps:  95000 | α=1e-05 | Loss: 3.0720e-07 | BC: 1.6691e-07 | PDE: 1.4029e-02 | Val: 1.8928e-07 | Test: 8.4161e-06 | LR=1.9e-05
Epoch  96/100 | Steps:  96000 | α=1e-05 | Loss: 2.9908e-07 | BC: 1.5944e-07 | PDE: 1.3964e-02 | Val: 2.1838e-07 | Test: 8.1020e-06 | LR=1.6e-05
Epoch  97/100 | Steps:  97000 | α=1e-05 | Loss: 2.9661e-07 | BC: 1.5817e-07 | PDE: 1.3844e-02 | Val: 1.9816e-07 | Test: 8.2419e-06 | LR=1.4e-05
Epoch  98/100 | Steps:  98000 | α=1e-05 | Loss: 2.9062e-07 | BC: 1.5263e-07 | PDE: 1.3799e-02 | Val: 1.6846e-07 | Test: 7.7317e-06 | LR=1.2e-05 *
Epoch  99/100 | Steps:  99000 | α=1e-05 | Loss: 2.8757e-07 | BC: 1.5047e-07 | PDE: 1.3709e-02 | Val: 1.6930e-07 | Test: 7.9301e-06 | LR=1.1e-05
Epoch 100/100 | Steps: 100000 | α=1e-05 | Loss: 2.8295e-07 | BC: 1.4734e-07 | PDE: 1.3561e-02 | Val: 1.9132e-07 | Test: 7.9796e-06 | LR=1.0e-05

Restored best model from epoch 98 (val_loss: 1.6846e-07, test_loss: 7.7317e-06)
Best checkpoint saved to: outputs/expr_6_2/aronsson_square/alpha1e-5/checkpoints/best_model.pt
Final checkpoint saved to: outputs/expr_6_2/aronsson_square/alpha1e-5/checkpoints/final_model.pt
Training completed in 958.90s (100,000 total steps)

Final Test MSE: 7.9796e-06
Inference (per point): 1.4891e-04s | (full domain): 1.4539e-04s
Saved plot to outputs/expr_6_2/aronsson_square/alpha1e-5/plots/results.png
