
============================================================
Distance to Origin  —  Disc
============================================================
Device: cuda
  Loaded p=5: 327680 points, mse: 1.575294e-02
  Loaded p=10: 327680 points, mse: 2.022098e-03
  Loaded p=15: 327680 points, mse: 7.330784e-04
  Loaded p=20: 327680 points, mse: 3.682181e-04
  Loaded p=25: 327680 points, mse: 2.171692e-04
  Loaded p=30: 327680 points, mse: 1.409015e-04
  Loaded p=35: 327680 points, mse: 9.735988e-05
  Loaded p=40: 327680 points, mse: 7.033550e-05
  Loaded p=45: 327680 points, mse: 5.251724e-05
  Loaded p=50: 327680 points, mse: 4.022005e-05
  Loaded p=55: 327680 points, mse: 3.142572e-05
  Loaded p=60: 327680 points, mse: 2.495522e-05
  Loaded p=65: 327680 points, mse: 2.008330e-05
  Loaded p=70: 327680 points, mse: 1.634457e-05
  Loaded p=75: 327680 points, mse: 1.342968e-05
  Loaded p=80: 327680 points, mse: 1.112673e-05
  Loaded p=90: 327680 points, mse: 7.803019e-06
  Loaded p=95: 327680 points, mse: 6.596909e-06
  Loaded p=100: 327680 points, mse: 5.610109e-06
  Loaded p=105: 327680 points, mse: 4.798408e-06
  Loaded p=110: 327680 points, mse: 4.127900e-06
  Loaded p=115: 327680 points, mse: 3.572254e-06
  Loaded p=120: 327680 points, mse: 3.110788e-06
  Loaded p=125: 327680 points, mse: 2.727103e-06
  Loaded p=130: 327680 points, mse: 2.408067e-06
  Loaded p=135: 327680 points, mse: 2.143082e-06
  Loaded p=140: 327680 points, mse: 1.923525e-06
  Loaded p=145: 327680 points, mse: 1.742335e-06
  Loaded p=150: 327680 points, mse: 1.593687e-06
  Loaded p=155: 327680 points, mse: 1.472747e-06
  Loaded p=160: 327680 points, mse: 1.375487e-06
  Loaded p=165: 327680 points, mse: 1.298525e-06
  Loaded p=170: 327680 points, mse: 1.239014e-06
  Loaded p=175: 327680 points, mse: 1.194542e-06
  Loaded p=180: 327680 points, mse: 1.163061e-06
  Loaded p=185: 327680 points, mse: 1.142823e-06
  Loaded p=190: 327680 points, mse: 1.132329e-06
  Loaded p=195: 327680 points, mse: 1.130296e-06
  Loaded p=200: 327680 points, mse: 1.135611e-06
Training data: X=(12779520, 3)  Y=(12779520, 1)
Model: trunk=[2, 512, 512, 512, 128]  branch=[1, 128, 128, 128, 128]  params=642,433
Scheduler: CosineAnnealingLR  T_max=20  eta_min=1e-06
Epoch --- Train Loss --- LR --- p150 --- p200 --- p250 --- p500
    0 --- 9.853313e-03 --- 1.00e-04 --- 4.886661e-04 --- 7.510415e-04 --- 1.145990e-03 --- 4.552252e-03
    1 --- 4.727933e-04 --- 9.94e-05 --- 8.874798e-05 --- 2.684308e-04 --- 1.620259e-03 --- 7.179525e-02
    2 --- 3.199668e-04 --- 9.76e-05 --- 6.062303e-05 --- 1.567743e-04 --- 4.621256e-04 --- 1.559925e-03
    3 --- 2.194710e-04 --- 9.46e-05 --- 9.908681e-05 --- 5.434882e-05 --- 1.173799e-03 --- 1.139417e-01
    4 --- 1.584588e-04 --- 9.05e-05 --- 2.362772e-04 --- 8.441073e-05 --- 1.417004e-04 --- 1.317788e-02
    5 --- 1.032189e-04 --- 8.55e-05 --- 2.381775e-05 --- 2.439862e-05 --- 3.220524e-05 --- 4.253513e-03
    6 --- 5.838630e-05 --- 7.96e-05 --- 3.095958e-05 --- 2.895976e-05 --- 9.207818e-05 --- 6.118949e-03
    7 --- 3.685546e-05 --- 7.30e-05 --- 1.493000e-05 --- 2.294513e-05 --- 5.031640e-05 --- 6.094141e-04
    8 --- 2.045674e-05 --- 6.58e-05 --- 8.097701e-06 --- 9.871194e-06 --- 3.990827e-05 --- 2.608489e-03
    9 --- 1.350530e-05 --- 5.82e-05 --- 2.098510e-05 --- 1.486089e-05 --- 9.873994e-06 --- 3.147680e-03
   10 --- 1.023255e-05 --- 5.05e-05 --- 9.233041e-06 --- 1.628229e-05 --- 7.705921e-05 --- 4.105338e-03
   11 --- 8.246116e-06 --- 4.28e-05 --- 6.082946e-06 --- 9.215676e-06 --- 5.806889e-05 --- 3.547548e-03
   12 --- 6.818953e-06 --- 3.52e-05 --- 6.574413e-06 --- 3.752448e-06 --- 2.622735e-05 --- 2.396118e-03
   13 --- 5.741793e-06 --- 2.80e-05 --- 7.549736e-06 --- 3.719100e-06 --- 1.458460e-05 --- 1.595171e-03
   14 --- 4.903936e-06 --- 2.14e-05 --- 5.387842e-06 --- 3.778936e-06 --- 1.743930e-05 --- 1.170788e-03
   15 --- 4.268083e-06 --- 1.55e-05 --- 5.033221e-06 --- 2.707305e-06 --- 1.097482e-05 --- 1.272095e-03
   16 --- 3.826033e-06 --- 1.05e-05 --- 5.631824e-06 --- 3.761368e-06 --- 8.562855e-06 --- 1.831142e-03
   17 --- 3.518421e-06 --- 6.40e-06 --- 5.064958e-06 --- 3.408309e-06 --- 8.368508e-06 --- 2.491655e-03
   18 --- 3.331578e-06 --- 3.42e-06 --- 4.516572e-06 --- 2.736240e-06 --- 9.521877e-06 --- 3.126365e-03
   19 --- 3.214347e-06 --- 1.61e-06 --- 4.976632e-06 --- 3.250850e-06 --- 8.766481e-06 --- 3.548523e-03
Total training time: 1290.91s
Inference (per point): 1.5608e-04s | (full domain): 2.2607e-04s
  p=  5:  MSE=1.289253e-02
  p=105:  MSE=4.991944e-06
  p=205:  MSE=2.731432e-06
  p=305:  MSE=9.660717e-05
  p=405:  MSE=1.018089e-03
  Saved MSE curves → outputs/expr_6_4_1/disc/no_inf/npy/mse.npz  (deeponet, fem, pred_train)

All experiments completed!
