
============================================================
p-Laplacian Aronsson Example
============================================================

Generated full domain data:
  Boundary points: 40,000
  Interior points: 1,000,000
  Test points: 10,000
Re-sampling enabled: ~1,000,000 interior points per epoch

Splitting data: 80% train, 20% validation
  BC: 32,000 train, 8,000 val
  Interior: 800,000 train, 200,000 val

Model: PLaplacianPINN on Square [-1,1]²
  Hidden layers: [128, 128, 128, 128], activation: tanh
  η=0.0, clip_residual=0.0, clip_grad_norm=0.0
  Outlier removal: top 2.0%
  Parameters: 50,049

Training configuration:
  Boundary points (train): 32,000 -> 80 batches of 400
  Interior points (train): 1,000,000 -> 1000 batches of 1000
  Interior sampling: RE-SAMPLE each epoch
  Boundary points (val): 8,000
  Validation loss: BC only
  Steps per epoch: 1,000
  Total steps: 100,000
  Epochs: 100
  Loss balancing: AlphaPlateauScheduler
  LR scheduler: cosine (LR: 1.0e-03 -> 1.0e-05)

/usr/local/lib/python3.12/dist-packages/torch/autograd/graph.py:824: UserWarning: Attempting to run cuBLAS, but there was no current CUDA context! Attempting to set the primary context... (Triggered internally at /opt/pytorch/pytorch/aten/src/ATen/cuda/CublasHandlePool.cpp:181.)
  return Variable._execution_engine.run_backward(  # Calls into the C++ engine to run the backward pass
Epoch   1/100 | Steps:   1000 | α=1e-05 | Loss: nan | BC: nan | PDE: nan | Val: nan | Test: nan | LR=1.0e-03
Epoch   2/100 | Steps:   2000 | α=1e-05 | Loss: nan | BC: nan | PDE: nan | Val: nan | Test: nan | LR=1.0e-03
Epoch   3/100 | Steps:   3000 | α=1e-05 | Loss: nan | BC: nan | PDE: nan | Val: nan | Test: nan | LR=1.0e-03
Epoch   4/100 | Steps:   4000 | α=1e-05 | Loss: nan | BC: nan | PDE: nan | Val: nan | Test: nan | LR=1.0e-03

>>> Alpha increased: 1e-05 → 1e-04 (BC=nan) <<<
Epoch   5/100 | Steps:   5000 | α=1e-04 | Loss: nan | BC: nan | PDE: nan | Val: nan | Test: nan | LR=1.0e-03
Epoch   6/100 | Steps:   6000 | α=1e-04 | Loss: nan | BC: nan | PDE: nan | Val: nan | Test: nan | LR=9.9e-04
Epoch   7/100 | Steps:   7000 | α=1e-04 | Loss: nan | BC: nan | PDE: nan | Val: nan | Test: nan | LR=9.9e-04
Epoch   8/100 | Steps:   8000 | α=1e-04 | Loss: nan | BC: nan | PDE: nan | Val: nan | Test: nan | LR=9.9e-04
Epoch   9/100 | Steps:   9000 | α=1e-04 | Loss: nan | BC: nan | PDE: nan | Val: nan | Test: nan | LR=9.8e-04
Epoch  10/100 | Steps:  10000 | α=1e-04 | Loss: nan | BC: nan | PDE: nan | Val: nan | Test: nan | LR=9.8e-04
Epoch  11/100 | Steps:  11000 | α=1e-04 | Loss: nan | BC: nan | PDE: nan | Val: nan | Test: nan | LR=9.8e-04
Epoch  12/100 | Steps:  12000 | α=1e-04 | Loss: nan | BC: nan | PDE: nan | Val: nan | Test: nan | LR=9.7e-04

>>> Alpha increased: 1e-04 → 1e-03 (BC=nan) <<<
Epoch  13/100 | Steps:  13000 | α=1e-03 | Loss: nan | BC: nan | PDE: nan | Val: nan | Test: nan | LR=9.7e-04
Epoch  14/100 | Steps:  14000 | α=1e-03 | Loss: nan | BC: nan | PDE: nan | Val: nan | Test: nan | LR=9.6e-04
Epoch  15/100 | Steps:  15000 | α=1e-03 | Loss: nan | BC: nan | PDE: nan | Val: nan | Test: nan | LR=9.5e-04
Epoch  16/100 | Steps:  16000 | α=1e-03 | Loss: nan | BC: nan | PDE: nan | Val: nan | Test: nan | LR=9.5e-04
Epoch  17/100 | Steps:  17000 | α=1e-03 | Loss: nan | BC: nan | PDE: nan | Val: nan | Test: nan | LR=9.4e-04
Epoch  18/100 | Steps:  18000 | α=1e-03 | Loss: nan | BC: nan | PDE: nan | Val: nan | Test: nan | LR=9.3e-04
Epoch  19/100 | Steps:  19000 | α=1e-03 | Loss: nan | BC: nan | PDE: nan | Val: nan | Test: nan | LR=9.2e-04
Epoch  20/100 | Steps:  20000 | α=1e-03 | Loss: nan | BC: nan | PDE: nan | Val: nan | Test: nan | LR=9.1e-04

>>> Alpha increased: 1e-03 → 1e-02 (BC=nan) <<<
Epoch  21/100 | Steps:  21000 | α=1e-02 | Loss: nan | BC: nan | PDE: nan | Val: nan | Test: nan | LR=9.1e-04
Epoch  22/100 | Steps:  22000 | α=1e-02 | Loss: nan | BC: nan | PDE: nan | Val: nan | Test: nan | LR=9.0e-04
Epoch  23/100 | Steps:  23000 | α=1e-02 | Loss: nan | BC: nan | PDE: nan | Val: nan | Test: nan | LR=8.9e-04
Epoch  24/100 | Steps:  24000 | α=1e-02 | Loss: nan | BC: nan | PDE: nan | Val: nan | Test: nan | LR=8.8e-04
Epoch  25/100 | Steps:  25000 | α=1e-02 | Loss: nan | BC: nan | PDE: nan | Val: nan | Test: nan | LR=8.7e-04
Epoch  26/100 | Steps:  26000 | α=1e-02 | Loss: nan | BC: nan | PDE: nan | Val: nan | Test: nan | LR=8.6e-04
Epoch  27/100 | Steps:  27000 | α=1e-02 | Loss: nan | BC: nan | PDE: nan | Val: nan | Test: nan | LR=8.4e-04
Epoch  28/100 | Steps:  28000 | α=1e-02 | Loss: nan | BC: nan | PDE: nan | Val: nan | Test: nan | LR=8.3e-04

>>> Alpha increased: 1e-02 → 1e-01 (BC=nan) <<<
Epoch  29/100 | Steps:  29000 | α=1e-01 | Loss: nan | BC: nan | PDE: nan | Val: nan | Test: nan | LR=8.2e-04
Epoch  30/100 | Steps:  30000 | α=1e-01 | Loss: nan | BC: nan | PDE: nan | Val: nan | Test: nan | LR=8.1e-04
Epoch  31/100 | Steps:  31000 | α=1e-01 | Loss: nan | BC: nan | PDE: nan | Val: nan | Test: nan | LR=8.0e-04
Epoch  32/100 | Steps:  32000 | α=1e-01 | Loss: nan | BC: nan | PDE: nan | Val: nan | Test: nan | LR=7.8e-04
Epoch  33/100 | Steps:  33000 | α=1e-01 | Loss: nan | BC: nan | PDE: nan | Val: nan | Test: nan | LR=7.7e-04
Epoch  34/100 | Steps:  34000 | α=1e-01 | Loss: nan | BC: nan | PDE: nan | Val: nan | Test: nan | LR=7.6e-04
Epoch  35/100 | Steps:  35000 | α=1e-01 | Loss: nan | BC: nan | PDE: nan | Val: nan | Test: nan | LR=7.4e-04
Epoch  36/100 | Steps:  36000 | α=1e-01 | Loss: nan | BC: nan | PDE: nan | Val: nan | Test: nan | LR=7.3e-04
Epoch  37/100 | Steps:  37000 | α=1e-01 | Loss: nan | BC: nan | PDE: nan | Val: nan | Test: nan | LR=7.2e-04
Epoch  38/100 | Steps:  38000 | α=1e-01 | Loss: nan | BC: nan | PDE: nan | Val: nan | Test: nan | LR=7.0e-04
Epoch  39/100 | Steps:  39000 | α=1e-01 | Loss: nan | BC: nan | PDE: nan | Val: nan | Test: nan | LR=6.9e-04
Epoch  40/100 | Steps:  40000 | α=1e-01 | Loss: nan | BC: nan | PDE: nan | Val: nan | Test: nan | LR=6.7e-04
Epoch  41/100 | Steps:  41000 | α=1e-01 | Loss: nan | BC: nan | PDE: nan | Val: nan | Test: nan | LR=6.6e-04
Epoch  42/100 | Steps:  42000 | α=1e-01 | Loss: nan | BC: nan | PDE: nan | Val: nan | Test: nan | LR=6.4e-04
Epoch  43/100 | Steps:  43000 | α=1e-01 | Loss: nan | BC: nan | PDE: nan | Val: nan | Test: nan | LR=6.3e-04
Epoch  44/100 | Steps:  44000 | α=1e-01 | Loss: nan | BC: nan | PDE: nan | Val: nan | Test: nan | LR=6.1e-04
Epoch  45/100 | Steps:  45000 | α=1e-01 | Loss: nan | BC: nan | PDE: nan | Val: nan | Test: nan | LR=6.0e-04
Epoch  46/100 | Steps:  46000 | α=1e-01 | Loss: nan | BC: nan | PDE: nan | Val: nan | Test: nan | LR=5.8e-04
Epoch  47/100 | Steps:  47000 | α=1e-01 | Loss: nan | BC: nan | PDE: nan | Val: nan | Test: nan | LR=5.7e-04
Epoch  48/100 | Steps:  48000 | α=1e-01 | Loss: nan | BC: nan | PDE: nan | Val: nan | Test: nan | LR=5.5e-04
Epoch  49/100 | Steps:  49000 | α=1e-01 | Loss: nan | BC: nan | PDE: nan | Val: nan | Test: nan | LR=5.4e-04
Epoch  50/100 | Steps:  50000 | α=1e-01 | Loss: nan | BC: nan | PDE: nan | Val: nan | Test: nan | LR=5.2e-04
Epoch  51/100 | Steps:  51000 | α=1e-01 | Loss: nan | BC: nan | PDE: nan | Val: nan | Test: nan | LR=5.1e-04
Epoch  52/100 | Steps:  52000 | α=1e-01 | Loss: nan | BC: nan | PDE: nan | Val: nan | Test: nan | LR=4.9e-04
Epoch  53/100 | Steps:  53000 | α=1e-01 | Loss: nan | BC: nan | PDE: nan | Val: nan | Test: nan | LR=4.7e-04
Epoch  54/100 | Steps:  54000 | α=1e-01 | Loss: nan | BC: nan | PDE: nan | Val: nan | Test: nan | LR=4.6e-04
Epoch  55/100 | Steps:  55000 | α=1e-01 | Loss: nan | BC: nan | PDE: nan | Val: nan | Test: nan | LR=4.4e-04
Epoch  56/100 | Steps:  56000 | α=1e-01 | Loss: nan | BC: nan | PDE: nan | Val: nan | Test: nan | LR=4.3e-04
Epoch  57/100 | Steps:  57000 | α=1e-01 | Loss: nan | BC: nan | PDE: nan | Val: nan | Test: nan | LR=4.1e-04
Epoch  58/100 | Steps:  58000 | α=1e-01 | Loss: nan | BC: nan | PDE: nan | Val: nan | Test: nan | LR=4.0e-04
Epoch  59/100 | Steps:  59000 | α=1e-01 | Loss: nan | BC: nan | PDE: nan | Val: nan | Test: nan | LR=3.8e-04
Epoch  60/100 | Steps:  60000 | α=1e-01 | Loss: nan | BC: nan | PDE: nan | Val: nan | Test: nan | LR=3.7e-04
Epoch  61/100 | Steps:  61000 | α=1e-01 | Loss: nan | BC: nan | PDE: nan | Val: nan | Test: nan | LR=3.5e-04
Epoch  62/100 | Steps:  62000 | α=1e-01 | Loss: nan | BC: nan | PDE: nan | Val: nan | Test: nan | LR=3.4e-04
Epoch  63/100 | Steps:  63000 | α=1e-01 | Loss: nan | BC: nan | PDE: nan | Val: nan | Test: nan | LR=3.2e-04
Epoch  64/100 | Steps:  64000 | α=1e-01 | Loss: nan | BC: nan | PDE: nan | Val: nan | Test: nan | LR=3.1e-04
Epoch  65/100 | Steps:  65000 | α=1e-01 | Loss: nan | BC: nan | PDE: nan | Val: nan | Test: nan | LR=2.9e-04
Epoch  66/100 | Steps:  66000 | α=1e-01 | Loss: nan | BC: nan | PDE: nan | Val: nan | Test: nan | LR=2.8e-04
Epoch  67/100 | Steps:  67000 | α=1e-01 | Loss: nan | BC: nan | PDE: nan | Val: nan | Test: nan | LR=2.7e-04
Epoch  68/100 | Steps:  68000 | α=1e-01 | Loss: nan | BC: nan | PDE: nan | Val: nan | Test: nan | LR=2.5e-04
Epoch  69/100 | Steps:  69000 | α=1e-01 | Loss: nan | BC: nan | PDE: nan | Val: nan | Test: nan | LR=2.4e-04
Epoch  70/100 | Steps:  70000 | α=1e-01 | Loss: nan | BC: nan | PDE: nan | Val: nan | Test: nan | LR=2.3e-04
Epoch  71/100 | Steps:  71000 | α=1e-01 | Loss: nan | BC: nan | PDE: nan | Val: nan | Test: nan | LR=2.1e-04
Epoch  72/100 | Steps:  72000 | α=1e-01 | Loss: nan | BC: nan | PDE: nan | Val: nan | Test: nan | LR=2.0e-04
Epoch  73/100 | Steps:  73000 | α=1e-01 | Loss: nan | BC: nan | PDE: nan | Val: nan | Test: nan | LR=1.9e-04
Epoch  74/100 | Steps:  74000 | α=1e-01 | Loss: nan | BC: nan | PDE: nan | Val: nan | Test: nan | LR=1.8e-04
Epoch  75/100 | Steps:  75000 | α=1e-01 | Loss: nan | BC: nan | PDE: nan | Val: nan | Test: nan | LR=1.7e-04
Epoch  76/100 | Steps:  76000 | α=1e-01 | Loss: nan | BC: nan | PDE: nan | Val: nan | Test: nan | LR=1.5e-04
Epoch  77/100 | Steps:  77000 | α=1e-01 | Loss: nan | BC: nan | PDE: nan | Val: nan | Test: nan | LR=1.4e-04
Epoch  78/100 | Steps:  78000 | α=1e-01 | Loss: nan | BC: nan | PDE: nan | Val: nan | Test: nan | LR=1.3e-04
Epoch  79/100 | Steps:  79000 | α=1e-01 | Loss: nan | BC: nan | PDE: nan | Val: nan | Test: nan | LR=1.2e-04
Epoch  80/100 | Steps:  80000 | α=1e-01 | Loss: nan | BC: nan | PDE: nan | Val: nan | Test: nan | LR=1.1e-04
Epoch  81/100 | Steps:  81000 | α=1e-01 | Loss: nan | BC: nan | PDE: nan | Val: nan | Test: nan | LR=1.0e-04
Epoch  82/100 | Steps:  82000 | α=1e-01 | Loss: nan | BC: nan | PDE: nan | Val: nan | Test: nan | LR=9.6e-05
Epoch  83/100 | Steps:  83000 | α=1e-01 | Loss: nan | BC: nan | PDE: nan | Val: nan | Test: nan | LR=8.7e-05
Epoch  84/100 | Steps:  84000 | α=1e-01 | Loss: nan | BC: nan | PDE: nan | Val: nan | Test: nan | LR=7.9e-05
Epoch  85/100 | Steps:  85000 | α=1e-01 | Loss: nan | BC: nan | PDE: nan | Val: nan | Test: nan | LR=7.1e-05
Epoch  86/100 | Steps:  86000 | α=1e-01 | Loss: nan | BC: nan | PDE: nan | Val: nan | Test: nan | LR=6.4e-05
Epoch  87/100 | Steps:  87000 | α=1e-01 | Loss: nan | BC: nan | PDE: nan | Val: nan | Test: nan | LR=5.7e-05
Epoch  88/100 | Steps:  88000 | α=1e-01 | Loss: nan | BC: nan | PDE: nan | Val: nan | Test: nan | LR=5.1e-05
Epoch  89/100 | Steps:  89000 | α=1e-01 | Loss: nan | BC: nan | PDE: nan | Val: nan | Test: nan | LR=4.5e-05
Epoch  90/100 | Steps:  90000 | α=1e-01 | Loss: nan | BC: nan | PDE: nan | Val: nan | Test: nan | LR=3.9e-05
Epoch  91/100 | Steps:  91000 | α=1e-01 | Loss: nan | BC: nan | PDE: nan | Val: nan | Test: nan | LR=3.4e-05
Epoch  92/100 | Steps:  92000 | α=1e-01 | Loss: nan | BC: nan | PDE: nan | Val: nan | Test: nan | LR=3.0e-05
Epoch  93/100 | Steps:  93000 | α=1e-01 | Loss: nan | BC: nan | PDE: nan | Val: nan | Test: nan | LR=2.6e-05
Epoch  94/100 | Steps:  94000 | α=1e-01 | Loss: nan | BC: nan | PDE: nan | Val: nan | Test: nan | LR=2.2e-05
Epoch  95/100 | Steps:  95000 | α=1e-01 | Loss: nan | BC: nan | PDE: nan | Val: nan | Test: nan | LR=1.9e-05
Epoch  96/100 | Steps:  96000 | α=1e-01 | Loss: nan | BC: nan | PDE: nan | Val: nan | Test: nan | LR=1.6e-05
Epoch  97/100 | Steps:  97000 | α=1e-01 | Loss: nan | BC: nan | PDE: nan | Val: nan | Test: nan | LR=1.4e-05
Epoch  98/100 | Steps:  98000 | α=1e-01 | Loss: nan | BC: nan | PDE: nan | Val: nan | Test: nan | LR=1.2e-05
Epoch  99/100 | Steps:  99000 | α=1e-01 | Loss: nan | BC: nan | PDE: nan | Val: nan | Test: nan | LR=1.1e-05
Epoch 100/100 | Steps: 100000 | α=1e-01 | Loss: nan | BC: nan | PDE: nan | Val: nan | Test: nan | LR=1.0e-05
Final checkpoint saved to: outputs/expr_6_3_simple/p100_square/clip0_gradclip0_eta0/checkpoints/final_model.pt
Training completed in 925.82s (100,000 total steps)

Final Test MSE: nan
Inference (per point): 7.4284e-05s | (full domain): 7.3996e-05s
p-Lap (p=100) PDE test (raw):        nan
p-Lap (p=100) PDE test (normalized): nan
Inf-Lap PDE test (raw):                    nan
Inf-Lap PDE test (normalized):             nan
Saved .npz files to outputs/expr_6_3_simple/p100_square/clip0_gradclip0_eta0/npy/
Saved plot to outputs/expr_6_3_simple/p100_square/clip0_gradclip0_eta0/plots/results.png
