
============================================================
All Ellipses  —  total_div=2
============================================================
Device: cuda
  Loaded p=5: 372736 points, mse: 2.419210e-03
  Loaded p=10: 372736 points, mse: 6.431420e-04
  Loaded p=15: 372736 points, mse: 2.912426e-04
  Loaded p=20: 372736 points, mse: 1.655515e-04
  Loaded p=25: 372736 points, mse: 1.067618e-04
  Loaded p=30: 372736 points, mse: 7.460592e-05
  Loaded p=35: 372736 points, mse: 5.511834e-05
  Loaded p=40: 372736 points, mse: 4.241850e-05
  Loaded p=45: 372736 points, mse: 3.368086e-05
  Loaded p=50: 372736 points, mse: 2.741241e-05
  Loaded p=55: 372736 points, mse: 2.276161e-05
  Loaded p=60: 372736 points, mse: 1.921522e-05
  Loaded p=65: 372736 points, mse: 1.644866e-05
  Loaded p=70: 372736 points, mse: 1.424846e-05
  Loaded p=75: 372736 points, mse: 1.246957e-05
  Loaded p=80: 372736 points, mse: 1.101060e-05
  Loaded p=85: 372736 points, mse: 9.798963e-06
  Loaded p=90: 372736 points, mse: 8.781572e-06
  Loaded p=95: 372736 points, mse: 8.196162e-06
  Loaded p=100: 372736 points, mse: 7.581719e-06
  Loaded p=105: 372736 points, mse: 7.239845e-06
  Loaded p=110: 372736 points, mse: 7.078998e-06
  Reference file: /mnt/ivan/PINNS_SVD_new/utils/Distance to boundary/2D examples/Ellipse 1/p110ellipse1Boundary.mat  (p=110)
  Base ellipse (θ=0): 37274 pts
  + 2 rotations of base ellipse
  a-param 1/2
  a-param 2/2
  Total training samples: 559110
Training data: X=(559110, 6)  Y=(559110, 1)
Model: trunk=[2, 512, 512, 512, 128]  branch=[4, 128, 128, 128, 128]  params=642,817
Scheduler: CosineAnnealingLR  T_max=20  eta_min=1e-06
Epoch --- Train Loss --- LR --- holdout
    0 --- 4.214125e-03 --- 1.00e-04 --- 3.750924e-03
    1 --- 3.853662e-03 --- 9.94e-05 --- 3.754752e-03
    2 --- 3.836231e-03 --- 9.76e-05 --- 3.780183e-03
    3 --- 3.793793e-03 --- 9.46e-05 --- 3.532052e-03
    4 --- 3.405834e-03 --- 9.05e-05 --- 3.167996e-03
    5 --- 3.122820e-03 --- 8.55e-05 --- 2.991829e-03
    6 --- 2.970960e-03 --- 7.96e-05 --- 2.856271e-03
    7 --- 2.897805e-03 --- 7.30e-05 --- 2.836539e-03
    8 --- 2.844675e-03 --- 6.58e-05 --- 2.776732e-03
    9 --- 2.794410e-03 --- 5.82e-05 --- 2.709859e-03
   10 --- 2.732442e-03 --- 5.05e-05 --- 2.661219e-03
   11 --- 2.671979e-03 --- 4.28e-05 --- 2.595056e-03
   12 --- 2.625286e-03 --- 3.52e-05 --- 2.530820e-03
   13 --- 2.579351e-03 --- 2.80e-05 --- 2.483086e-03
   14 --- 2.546287e-03 --- 2.14e-05 --- 2.464604e-03
   15 --- 2.515972e-03 --- 1.55e-05 --- 2.430496e-03
   16 --- 2.493965e-03 --- 1.05e-05 --- 2.412826e-03
   17 --- 2.477320e-03 --- 6.40e-06 --- 2.394045e-03
   18 --- 2.466854e-03 --- 3.42e-06 --- 2.385155e-03
   19 --- 2.460973e-03 --- 1.61e-06 --- 2.377245e-03
Total training time: 48.28s
Inference (per point): 1.4785e-04s | (full domain): 1.5323e-04s
  p=  5:  MSE=1.072320e-02
  p=105:  MSE=7.541541e-03
  p=205:  MSE=5.147853e-03
  p=305:  MSE=3.522148e-03
  p=405:  MSE=2.619088e-03
MSE(θ,a,b) sweep at p=500: 101×21×21 = 44,541 evals, 37274 base pts
  a 7/21
  a 14/21
  a 21/21
  θ=0.0000:  MSE_bar=1.474009e-03
  θ=0.3142:  MSE_bar=3.135866e-03
  θ=0.6283:  MSE_bar=3.268936e-03
  θ=0.9425:  MSE_bar=2.890303e-03
  θ=1.2566:  MSE_bar=3.256308e-03
  θ=1.5708:  MSE_bar=3.479821e-03
MSE sweep done
Saved MSE curves → outputs/expr_6_4_3/total2/exact_inf/npy/mse.npz

Experiment completed!
