
============================================================
Dist-to-Boundary  —  Torus  (3-D)
============================================================
Device: cuda
  Loaded p=5: 786432 points, mse: 1.456941e-02
  Loaded p=10: 786432 points, mse: 3.426025e-03
  Loaded p=15: 786432 points, mse: 1.494286e-03
  Loaded p=20: 786432 points, mse: 8.342980e-04
  Loaded p=25: 786432 points, mse: 5.325479e-04
  Loaded p=30: 786432 points, mse: 3.698097e-04
  Loaded p=35: 786432 points, mse: 2.721257e-04
  Loaded p=40: 786432 points, mse: 2.089096e-04
  Loaded p=45: 786432 points, mse: 1.656503e-04
  Loaded p=50: 786432 points, mse: 1.347423e-04
  Loaded p=55: 786432 points, mse: 1.118889e-04
  Loaded p=60: 786432 points, mse: 9.451099e-05
  Loaded p=65: 786432 points, mse: 8.098572e-05
  Loaded p=70: 786432 points, mse: 7.025019e-05
  Loaded p=75: 786432 points, mse: 6.158456e-05
  Loaded p=80: 786432 points, mse: 5.448726e-05
  Loaded p=85: 786432 points, mse: 4.859999e-05
  Loaded p=90: 786432 points, mse: 4.366136e-05
  Loaded p=95: 786432 points, mse: 3.947705e-05
  Loaded p=100: 786432 points, mse: 3.590010e-05
  Loaded p=105: 786432 points, mse: 3.281771e-05
  Loaded p=110: 786432 points, mse: 3.014215e-05
  Loaded p=115: 786432 points, mse: 2.780439e-05
  Loaded p=120: 786432 points, mse: 2.574941e-05
  Loaded p=125: 786432 points, mse: 2.393302e-05
  Loaded p=130: 786432 points, mse: 2.231932e-05
  Loaded p=135: 786432 points, mse: 2.087898e-05
  Loaded p=140: 786432 points, mse: 1.958775e-05
  Loaded p=145: 786432 points, mse: 1.842553e-05
  Loaded p=150: 786432 points, mse: 1.737549e-05
  Loaded p=155: 786432 points, mse: 1.642347e-05
  Loaded p=160: 786432 points, mse: 1.555747e-05
  Loaded p=165: 786432 points, mse: 1.476730e-05
  Loaded p=175: 786432 points, mse: 1.338075e-05
  Loaded p=180: 786432 points, mse: 1.291345e-05
  Loaded p=185: 786432 points, mse: 1.236693e-05
  Loaded p=195: 786432 points, mse: 1.135583e-05
  PINNs architecture: input=3 hidden=[128, 128, 128, 128] output=1
  Cached PINNs prediction → outputs/expr_7_3_2/torus/pinns_inf/npy/pinns_inf_boundary_torus.npy
  Added p=∞ point: 786432 pts, mse: 4.944341e-06
Training data: X=(29884416, 4)  Y=(29884416, 1)
Model: trunk=[3, 512, 512, 512, 128]  branch=[1, 128, 128, 128, 128]  params=642,945
Scheduler: CosineAnnealingLR  T_max=20  eta_min=1e-06
Epoch --- Train Loss --- LR --- p150 --- p200 --- p250 --- p500
    0 --- 2.566593e-02 --- 1.00e-04 --- 2.022008e-03 --- 2.142454e-03 --- 2.182974e-03 --- 2.053858e-03
    1 --- 1.637875e-03 --- 9.94e-05 --- 1.063265e-03 --- 1.018301e-03 --- 1.004104e-03 --- 1.060004e-03
    2 --- 8.750201e-04 --- 9.76e-05 --- 7.397634e-04 --- 7.482260e-04 --- 7.524387e-04 --- 7.341665e-04
    3 --- 5.214946e-04 --- 9.46e-05 --- 3.491272e-04 --- 3.547003e-04 --- 3.754961e-04 --- 3.783408e-04
    4 --- 2.854993e-04 --- 9.05e-05 --- 2.622429e-04 --- 2.478372e-04 --- 2.359310e-04 --- 2.451085e-04
    5 --- 2.105280e-04 --- 8.55e-05 --- 2.640327e-04 --- 2.414246e-04 --- 2.223429e-04 --- 2.278425e-04
    6 --- 1.705334e-04 --- 7.96e-05 --- 2.010410e-04 --- 1.834809e-04 --- 1.715586e-04 --- 1.822018e-04
    7 --- 1.397391e-04 --- 7.30e-05 --- 1.296674e-04 --- 1.231813e-04 --- 1.234172e-04 --- 1.279011e-04
    8 --- 1.146126e-04 --- 6.58e-05 --- 1.384239e-04 --- 1.279898e-04 --- 1.202141e-04 --- 1.223077e-04
    9 --- 9.436466e-05 --- 5.82e-05 --- 9.195733e-05 --- 9.187363e-05 --- 9.658373e-05 --- 9.901759e-05
   10 --- 7.783956e-05 --- 5.05e-05 --- 7.627138e-05 --- 7.234745e-05 --- 7.202468e-05 --- 7.784354e-05
   11 --- 6.401604e-05 --- 4.28e-05 --- 6.730114e-05 --- 6.388385e-05 --- 6.206206e-05 --- 6.389187e-05
   12 --- 5.311995e-05 --- 3.52e-05 --- 6.809342e-05 --- 6.142919e-05 --- 5.758235e-05 --- 5.371842e-05
   13 --- 4.493687e-05 --- 2.80e-05 --- 4.999038e-05 --- 4.596760e-05 --- 4.437982e-05 --- 4.696958e-05
   14 --- 3.888715e-05 --- 2.14e-05 --- 5.512825e-05 --- 4.881939e-05 --- 4.561611e-05 --- 4.176459e-05
   15 --- 3.452629e-05 --- 1.55e-05 --- 5.786394e-05 --- 5.051079e-05 --- 4.662536e-05 --- 3.830923e-05
   16 --- 3.138833e-05 --- 1.05e-05 --- 5.185260e-05 --- 4.568410e-05 --- 4.269294e-05 --- 3.555066e-05
   17 --- 2.926616e-05 --- 6.40e-06 --- 4.282590e-05 --- 3.753898e-05 --- 3.579614e-05 --- 3.316678e-05
   18 --- 2.786313e-05 --- 3.42e-06 --- 4.320857e-05 --- 3.869947e-05 --- 3.743483e-05 --- 3.129262e-05
   19 --- 2.702791e-05 --- 1.61e-06 --- 4.032460e-05 --- 3.608286e-05 --- 3.539455e-05 --- 3.073800e-05
Total training time: 3845.68s
Inference (per point): 1.4831e-04s | (full domain): 7.4008e-04s
  p=  5:  MSE=9.733201e-03
  p=105:  MSE=5.104594e-05
  p=205:  MSE=3.609943e-05
  p=305:  MSE=3.616161e-05
  p=405:  MSE=3.335320e-05
  Saved MSE curves → outputs/expr_7_3_2/torus/pinns_inf/npy/mse.npz  (deeponet, fem, pred_train)

All experiments completed!
