
============================================================
p-Laplacian Aronsson Example
============================================================

Generated full domain data:
  Boundary points: 40,000
  Interior points: 1,000,000
  Test points: 10,000
Re-sampling enabled: ~1,000,000 interior points per epoch

Splitting data: 80% train, 20% validation
  BC: 32,000 train, 8,000 val
  Interior: 800,000 train, 200,000 val

Loading checkpoint: outputs/expr_6_3_iter/p60to100_square/checkpoints/best_model_p100.pt

Model: PLaplacianPINN on Square [-1,1]²
  Hidden layers: [128, 128, 128, 128], activation: tanh
  η=1e-05, clip_residual=100.0, clip_grad_norm=1.0
  Outlier removal: top 2.0%
  Parameters: 50,049

Iterative Training Schedule:
  p values: [150, 200, 300, 400, 500]
  Epochs per p: 20


============================================================
Stage 1/5: Training with p=150
============================================================

Training configuration:
  Boundary points (train): 32,000 -> 80 batches of 400
  Interior points (train): 1,000,000 -> 1000 batches of 1000
  Interior sampling: RE-SAMPLE each epoch
  Boundary points (val): 8,000
  Validation loss: BC only
  Steps per epoch: 1,000
  Total steps: 20,000
  Epochs: 20
  Loss balancing: FixedAlphaSchedule
  LR scheduler: None (constant LR=1.0e-05)

/usr/local/lib/python3.12/dist-packages/torch/autograd/graph.py:824: UserWarning: Attempting to run cuBLAS, but there was no current CUDA context! Attempting to set the primary context... (Triggered internally at /opt/pytorch/pytorch/aten/src/ATen/cuda/CublasHandlePool.cpp:181.)
  return Variable._execution_engine.run_backward(  # Calls into the C++ engine to run the backward pass
Epoch   1/20 | Steps:   1000 | α=1e-04 | Loss: 2.0074e-05 | BC: 1.8976e-06 | PDE: 1.8176e-01 | Val: 1.0566e-06 | Test: 2.3808e-06 |  *
Epoch   2/20 | Steps:   2000 | α=1e-04 | Loss: 1.6887e-05 | BC: 1.5239e-06 | PDE: 1.5363e-01 | Val: 1.2620e-06 | Test: 2.5540e-06 | 
Epoch   3/20 | Steps:   3000 | α=1e-04 | Loss: 1.9090e-05 | BC: 1.8950e-06 | PDE: 1.7195e-01 | Val: 9.1087e-07 | Test: 2.2910e-06 |  *
Epoch   4/20 | Steps:   4000 | α=1e-04 | Loss: 1.7784e-05 | BC: 1.5446e-06 | PDE: 1.6239e-01 | Val: 9.5702e-07 | Test: 2.1097e-06 | 
Epoch   5/20 | Steps:   5000 | α=1e-04 | Loss: 1.7041e-05 | BC: 1.4908e-06 | PDE: 1.5550e-01 | Val: 8.9172e-07 | Test: 2.3525e-06 |  *
Epoch   6/20 | Steps:   6000 | α=1e-04 | Loss: 1.6213e-05 | BC: 1.3359e-06 | PDE: 1.4878e-01 | Val: 1.3033e-06 | Test: 2.4885e-06 | 
Epoch   7/20 | Steps:   7000 | α=1e-04 | Loss: 1.8356e-05 | BC: 1.6303e-06 | PDE: 1.6726e-01 | Val: 1.0880e-06 | Test: 2.4663e-06 | 
Epoch   8/20 | Steps:   8000 | α=1e-04 | Loss: 2.0299e-05 | BC: 1.9932e-06 | PDE: 1.8306e-01 | Val: 5.1652e-06 | Test: 5.7141e-06 | 
Epoch   9/20 | Steps:   9000 | α=1e-04 | Loss: 1.6568e-05 | BC: 1.6361e-06 | PDE: 1.4932e-01 | Val: 8.6947e-07 | Test: 2.2673e-06 |  *
Epoch  10/20 | Steps:  10000 | α=1e-04 | Loss: 1.5676e-05 | BC: 1.1550e-06 | PDE: 1.4521e-01 | Val: 1.9628e-06 | Test: 3.4772e-06 | 
Epoch  11/20 | Steps:  11000 | α=1e-04 | Loss: 1.6618e-05 | BC: 1.3854e-06 | PDE: 1.5232e-01 | Val: 8.2824e-07 | Test: 2.3356e-06 |  *
Epoch  12/20 | Steps:  12000 | α=1e-04 | Loss: 1.7184e-05 | BC: 1.5498e-06 | PDE: 1.5634e-01 | Val: 2.7531e-06 | Test: 3.1748e-06 | 
Epoch  13/20 | Steps:  13000 | α=1e-04 | Loss: 1.4656e-05 | BC: 1.1047e-06 | PDE: 1.3551e-01 | Val: 3.1962e-06 | Test: 3.7981e-06 | 
Epoch  14/20 | Steps:  14000 | α=1e-04 | Loss: 1.7847e-05 | BC: 1.6456e-06 | PDE: 1.6201e-01 | Val: 4.0382e-06 | Test: 4.1826e-06 | 
Epoch  15/20 | Steps:  15000 | α=1e-04 | Loss: 1.6209e-05 | BC: 1.2479e-06 | PDE: 1.4961e-01 | Val: 6.4567e-07 | Test: 2.1406e-06 |  *
Epoch  16/20 | Steps:  16000 | α=1e-04 | Loss: 1.5620e-05 | BC: 1.2140e-06 | PDE: 1.4406e-01 | Val: 1.0727e-06 | Test: 2.5257e-06 | 
Epoch  17/20 | Steps:  17000 | α=1e-04 | Loss: 1.4561e-05 | BC: 1.1245e-06 | PDE: 1.3436e-01 | Val: 8.1031e-07 | Test: 2.3864e-06 | 
Epoch  18/20 | Steps:  18000 | α=1e-04 | Loss: 1.6762e-05 | BC: 1.4253e-06 | PDE: 1.5337e-01 | Val: 2.8574e-06 | Test: 3.7815e-06 | 
Epoch  19/20 | Steps:  19000 | α=1e-04 | Loss: 1.4724e-05 | BC: 1.0724e-06 | PDE: 1.3652e-01 | Val: 5.0883e-06 | Test: 5.3137e-06 | 
Epoch  20/20 | Steps:  20000 | α=1e-04 | Loss: 1.5618e-05 | BC: 1.1747e-06 | PDE: 1.4444e-01 | Val: 7.5943e-07 | Test: 2.2175e-06 | 

Restored best model from epoch 15 (val_loss: 6.4567e-07, test_loss: 2.1406e-06)
Best checkpoint saved to: outputs/expr_6_3_iter/p150to500_square/checkpoints/best_model.pt
Final checkpoint saved to: outputs/expr_6_3_iter/p150to500_square/checkpoints/final_model.pt
Training completed in 183.41s (20,000 total steps)
  Stage 1 (p=150) PDE diagnostics:
    p-Lap (p=150) raw:        inf
    p-Lap (p=150) normalized: 3.0804e-03
    Inf-Lap raw:              2.4869e-03
    Inf-Lap normalized:       4.6738e-03

============================================================
Stage 2/5: Training with p=200
============================================================

Training configuration:
  Boundary points (train): 32,000 -> 80 batches of 400
  Interior points (train): 1,000,000 -> 1000 batches of 1000
  Interior sampling: RE-SAMPLE each epoch
  Boundary points (val): 8,000
  Validation loss: BC only
  Steps per epoch: 1,000
  Total steps: 20,000
  Epochs: 20
  Loss balancing: FixedAlphaSchedule
  LR scheduler: None (constant LR=1.0e-05)

Epoch   1/20 | Steps:   1000 | α=1e-04 | Loss: 3.2097e-05 | BC: 2.0746e-06 | PDE: 3.0023e-01 | Val: 2.0627e-06 | Test: 2.8017e-06 |  *
Epoch   2/20 | Steps:   2000 | α=1e-04 | Loss: 2.9543e-05 | BC: 1.9660e-06 | PDE: 2.7577e-01 | Val: 1.0095e-06 | Test: 1.9450e-06 |  *
Epoch   3/20 | Steps:   3000 | α=1e-04 | Loss: 3.0529e-05 | BC: 1.9521e-06 | PDE: 2.8577e-01 | Val: 8.8882e-07 | Test: 1.9137e-06 |  *
Epoch   4/20 | Steps:   4000 | α=1e-04 | Loss: 3.3277e-05 | BC: 2.0729e-06 | PDE: 3.1204e-01 | Val: 3.7302e-06 | Test: 4.5176e-06 | 
Epoch   5/20 | Steps:   5000 | α=1e-04 | Loss: 3.0213e-05 | BC: 1.8371e-06 | PDE: 2.8375e-01 | Val: 1.2320e-06 | Test: 2.3429e-06 | 
Epoch   6/20 | Steps:   6000 | α=1e-04 | Loss: 2.6950e-05 | BC: 1.5117e-06 | PDE: 2.5439e-01 | Val: 9.5070e-07 | Test: 2.2554e-06 | 
Epoch   7/20 | Steps:   7000 | α=1e-04 | Loss: 2.7238e-05 | BC: 1.6710e-06 | PDE: 2.5567e-01 | Val: 8.8340e-07 | Test: 2.0097e-06 |  *
Epoch   8/20 | Steps:   8000 | α=1e-04 | Loss: 2.9674e-05 | BC: 1.6315e-06 | PDE: 2.8043e-01 | Val: 6.5092e-06 | Test: 6.2122e-06 | 
Epoch   9/20 | Steps:   9000 | α=1e-04 | Loss: 3.1370e-05 | BC: 1.9458e-06 | PDE: 2.9424e-01 | Val: 8.5207e-07 | Test: 1.8082e-06 |  *
Epoch  10/20 | Steps:  10000 | α=1e-04 | Loss: 2.4844e-05 | BC: 1.2569e-06 | PDE: 2.3587e-01 | Val: 7.7636e-07 | Test: 2.0984e-06 |  *
Epoch  11/20 | Steps:  11000 | α=1e-04 | Loss: 3.3810e-05 | BC: 2.4840e-06 | PDE: 3.1326e-01 | Val: 8.5960e-07 | Test: 2.0433e-06 | 
Epoch  12/20 | Steps:  12000 | α=1e-04 | Loss: 3.0054e-05 | BC: 1.8296e-06 | PDE: 2.8225e-01 | Val: 2.1206e-06 | Test: 2.7742e-06 | 
Epoch  13/20 | Steps:  13000 | α=1e-04 | Loss: 2.6529e-05 | BC: 1.3857e-06 | PDE: 2.5144e-01 | Val: 1.1241e-06 | Test: 2.2493e-06 | 
Epoch  14/20 | Steps:  14000 | α=1e-04 | Loss: 2.8836e-05 | BC: 1.8920e-06 | PDE: 2.6945e-01 | Val: 1.1570e-06 | Test: 2.1375e-06 | 
Epoch  15/20 | Steps:  15000 | α=1e-04 | Loss: 2.8221e-05 | BC: 1.8557e-06 | PDE: 2.6365e-01 | Val: 9.8596e-07 | Test: 2.1394e-06 | 
Epoch  16/20 | Steps:  16000 | α=1e-04 | Loss: 2.7713e-05 | BC: 1.8498e-06 | PDE: 2.5864e-01 | Val: 6.4334e-07 | Test: 1.8081e-06 |  *
Epoch  17/20 | Steps:  17000 | α=1e-04 | Loss: 2.8706e-05 | BC: 1.7172e-06 | PDE: 2.6989e-01 | Val: 1.1075e-05 | Test: 1.0132e-05 | 
Epoch  18/20 | Steps:  18000 | α=1e-04 | Loss: 2.7978e-05 | BC: 1.6527e-06 | PDE: 2.6325e-01 | Val: 2.7085e-06 | Test: 3.4574e-06 | 
Epoch  19/20 | Steps:  19000 | α=1e-04 | Loss: 2.9824e-05 | BC: 1.9604e-06 | PDE: 2.7863e-01 | Val: 1.7076e-06 | Test: 2.7026e-06 | 
Epoch  20/20 | Steps:  20000 | α=1e-04 | Loss: 2.6795e-05 | BC: 1.5710e-06 | PDE: 2.5224e-01 | Val: 4.2839e-06 | Test: 3.7682e-06 | 

Restored best model from epoch 16 (val_loss: 6.4334e-07, test_loss: 1.8081e-06)
Best checkpoint saved to: outputs/expr_6_3_iter/p150to500_square/checkpoints/best_model.pt
Final checkpoint saved to: outputs/expr_6_3_iter/p150to500_square/checkpoints/final_model.pt
Training completed in 204.65s (20,000 total steps)
  Stage 2 (p=200) PDE diagnostics:
    p-Lap (p=200) raw:        inf
    p-Lap (p=200) normalized: 2.9540e-03
    Inf-Lap raw:              1.8354e-03
    Inf-Lap normalized:       4.0074e-03

============================================================
Stage 3/5: Training with p=300
============================================================

Training configuration:
  Boundary points (train): 32,000 -> 80 batches of 400
  Interior points (train): 1,000,000 -> 1000 batches of 1000
  Interior sampling: RE-SAMPLE each epoch
  Boundary points (val): 8,000
  Validation loss: BC only
  Steps per epoch: 1,000
  Total steps: 20,000
  Epochs: 20
  Loss balancing: FixedAlphaSchedule
  LR scheduler: None (constant LR=1.0e-05)

Epoch   1/20 | Steps:   1000 | α=1e-04 | Loss: 6.3943e-05 | BC: 2.1667e-06 | PDE: 6.1777e-01 | Val: 1.4203e-06 | Test: 2.0118e-06 |  *
Epoch   2/20 | Steps:   2000 | α=1e-04 | Loss: 6.9890e-05 | BC: 2.7950e-06 | PDE: 6.7095e-01 | Val: 4.3912e-06 | Test: 3.7927e-06 | 
Epoch   3/20 | Steps:   3000 | α=1e-04 | Loss: 6.3678e-05 | BC: 2.2387e-06 | PDE: 6.1439e-01 | Val: 1.5267e-06 | Test: 2.2615e-06 | 
Epoch   4/20 | Steps:   4000 | α=1e-04 | Loss: 6.9025e-05 | BC: 3.6475e-06 | PDE: 6.5378e-01 | Val: 9.2713e-07 | Test: 1.7170e-06 |  *
Epoch   5/20 | Steps:   5000 | α=1e-04 | Loss: 5.3473e-05 | BC: 1.8473e-06 | PDE: 5.1626e-01 | Val: 2.8858e-06 | Test: 2.7979e-06 | 
Epoch   6/20 | Steps:   6000 | α=1e-04 | Loss: 6.7945e-05 | BC: 2.3286e-06 | PDE: 6.5617e-01 | Val: 2.5616e-06 | Test: 2.4420e-06 | 
Epoch   7/20 | Steps:   7000 | α=1e-04 | Loss: 6.5744e-05 | BC: 2.5681e-06 | PDE: 6.3176e-01 | Val: 1.1617e-06 | Test: 2.0569e-06 | 
Epoch   8/20 | Steps:   8000 | α=1e-04 | Loss: 6.9839e-05 | BC: 2.9618e-06 | PDE: 6.6877e-01 | Val: 3.4951e-06 | Test: 3.3626e-06 | 
Epoch   9/20 | Steps:   9000 | α=1e-04 | Loss: 6.3084e-05 | BC: 2.3281e-06 | PDE: 6.0756e-01 | Val: 5.8782e-06 | Test: 6.4897e-06 | 
Epoch  10/20 | Steps:  10000 | α=1e-04 | Loss: 8.1795e-05 | BC: 2.4961e-06 | PDE: 7.9299e-01 | Val: 1.7169e-06 | Test: 2.5140e-06 | 
Epoch  11/20 | Steps:  11000 | α=1e-04 | Loss: 6.5710e-05 | BC: 3.0663e-06 | PDE: 6.2644e-01 | Val: 2.8592e-06 | Test: 3.2547e-06 | 
Epoch  12/20 | Steps:  12000 | α=1e-04 | Loss: 5.9441e-05 | BC: 2.5262e-06 | PDE: 5.6915e-01 | Val: 7.3878e-06 | Test: 6.0116e-06 | 
Epoch  13/20 | Steps:  13000 | α=1e-04 | Loss: 5.9914e-05 | BC: 3.0542e-06 | PDE: 5.6860e-01 | Val: 7.4696e-06 | Test: 6.3567e-06 | 
Epoch  14/20 | Steps:  14000 | α=1e-04 | Loss: 6.4942e-05 | BC: 2.8900e-06 | PDE: 6.2052e-01 | Val: 1.5775e-06 | Test: 2.3637e-06 | 
Epoch  15/20 | Steps:  15000 | α=1e-04 | Loss: 5.6190e-05 | BC: 2.4928e-06 | PDE: 5.3697e-01 | Val: 1.7238e-06 | Test: 2.1381e-06 | 
Epoch  16/20 | Steps:  16000 | α=1e-04 | Loss: 5.4420e-05 | BC: 2.2151e-06 | PDE: 5.2205e-01 | Val: 3.8112e-06 | Test: 4.3808e-06 | 
Epoch  17/20 | Steps:  17000 | α=1e-04 | Loss: 5.5080e-05 | BC: 2.0809e-06 | PDE: 5.2999e-01 | Val: 2.0939e-06 | Test: 3.0397e-06 | 
Epoch  18/20 | Steps:  18000 | α=1e-04 | Loss: 5.4365e-05 | BC: 2.3644e-06 | PDE: 5.2000e-01 | Val: 8.0442e-07 | Test: 1.4909e-06 |  *
Epoch  19/20 | Steps:  19000 | α=1e-04 | Loss: 5.5497e-05 | BC: 2.1385e-06 | PDE: 5.3358e-01 | Val: 1.4765e-06 | Test: 1.8712e-06 | 
Epoch  20/20 | Steps:  20000 | α=1e-04 | Loss: 5.5116e-05 | BC: 2.1258e-06 | PDE: 5.2990e-01 | Val: 1.0144e-06 | Test: 1.8206e-06 | 

Restored best model from epoch 18 (val_loss: 8.0442e-07, test_loss: 1.4909e-06)
Best checkpoint saved to: outputs/expr_6_3_iter/p150to500_square/checkpoints/best_model.pt
Final checkpoint saved to: outputs/expr_6_3_iter/p150to500_square/checkpoints/final_model.pt
Training completed in 225.26s (20,000 total steps)
  Stage 3 (p=300) PDE diagnostics:
    p-Lap (p=300) raw:        inf
    p-Lap (p=300) normalized: 2.7459e-03
    Inf-Lap raw:              1.3849e-03
    Inf-Lap normalized:       3.3816e-03

============================================================
Stage 4/5: Training with p=400
============================================================

Training configuration:
  Boundary points (train): 32,000 -> 80 batches of 400
  Interior points (train): 1,000,000 -> 1000 batches of 1000
  Interior sampling: RE-SAMPLE each epoch
  Boundary points (val): 8,000
  Validation loss: BC only
  Steps per epoch: 1,000
  Total steps: 20,000
  Epochs: 20
  Loss balancing: FixedAlphaSchedule
  LR scheduler: None (constant LR=1.0e-05)

Epoch   1/20 | Steps:   1000 | α=1e-04 | Loss: 1.4863e-04 | BC: 3.0676e-06 | PDE: 1.4556e+00 | Val: 2.2928e-06 | Test: 2.3950e-06 |  *
Epoch   2/20 | Steps:   2000 | α=1e-04 | Loss: 9.3031e-05 | BC: 2.2133e-06 | PDE: 9.0817e-01 | Val: 6.9360e-06 | Test: 6.4003e-06 | 
Epoch   3/20 | Steps:   3000 | α=1e-04 | Loss: 9.9114e-05 | BC: 3.9874e-06 | PDE: 9.5126e-01 | Val: 2.9312e-06 | Test: 3.1422e-06 | 
Epoch   4/20 | Steps:   4000 | α=1e-04 | Loss: 1.0002e-04 | BC: 3.8585e-06 | PDE: 9.6157e-01 | Val: 2.7319e-06 | Test: 3.2891e-06 | 
Epoch   5/20 | Steps:   5000 | α=1e-04 | Loss: 9.9987e-05 | BC: 3.1363e-06 | PDE: 9.6851e-01 | Val: 2.4719e-06 | Test: 2.4671e-06 | 
Epoch   6/20 | Steps:   6000 | α=1e-04 | Loss: 1.0875e-04 | BC: 3.4925e-06 | PDE: 1.0525e+00 | Val: 1.9276e-06 | Test: 1.9161e-06 |  *
Epoch   7/20 | Steps:   7000 | α=1e-04 | Loss: 1.2938e-04 | BC: 3.4676e-06 | PDE: 1.2591e+00 | Val: 2.1412e-06 | Test: 2.0947e-06 | 
Epoch   8/20 | Steps:   8000 | α=1e-04 | Loss: 9.9019e-05 | BC: 3.0063e-06 | PDE: 9.6013e-01 | Val: 3.1043e-06 | Test: 3.2230e-06 | 
Epoch   9/20 | Steps:   9000 | α=1e-04 | Loss: 1.2002e-04 | BC: 2.8170e-06 | PDE: 1.1720e+00 | Val: 3.0026e-06 | Test: 3.1449e-06 | 
Epoch  10/20 | Steps:  10000 | α=1e-04 | Loss: 1.5025e-04 | BC: 3.3638e-06 | PDE: 1.4689e+00 | Val: 1.5299e-06 | Test: 2.2331e-06 |  *
Epoch  11/20 | Steps:  11000 | α=1e-04 | Loss: 9.8159e-05 | BC: 2.9329e-06 | PDE: 9.5226e-01 | Val: 1.0800e-05 | Test: 8.6750e-06 | 
Epoch  12/20 | Steps:  12000 | α=1e-04 | Loss: 1.2681e-04 | BC: 3.0941e-06 | PDE: 1.2371e+00 | Val: 3.1295e-06 | Test: 2.8230e-06 | 
Epoch  13/20 | Steps:  13000 | α=1e-04 | Loss: 8.7224e-05 | BC: 2.5308e-06 | PDE: 8.4693e-01 | Val: 1.3965e-06 | Test: 2.0708e-06 |  *
Epoch  14/20 | Steps:  14000 | α=1e-04 | Loss: 1.0538e-04 | BC: 3.8680e-06 | PDE: 1.0151e+00 | Val: 3.5507e-06 | Test: 3.5196e-06 | 
Epoch  15/20 | Steps:  15000 | α=1e-04 | Loss: 1.1866e-04 | BC: 2.7748e-06 | PDE: 1.1588e+00 | Val: 1.3640e-06 | Test: 1.6773e-06 |  *
Epoch  16/20 | Steps:  16000 | α=1e-04 | Loss: 9.7231e-05 | BC: 2.8676e-06 | PDE: 9.4364e-01 | Val: 2.2768e-06 | Test: 2.2992e-06 | 
Epoch  17/20 | Steps:  17000 | α=1e-04 | Loss: 1.2303e-04 | BC: 2.9775e-06 | PDE: 1.2005e+00 | Val: 2.7437e-06 | Test: 2.7199e-06 | 
Epoch  18/20 | Steps:  18000 | α=1e-04 | Loss: 1.2235e-04 | BC: 2.6948e-06 | PDE: 1.1965e+00 | Val: 7.6543e-06 | Test: 5.8340e-06 | 
Epoch  19/20 | Steps:  19000 | α=1e-04 | Loss: 9.2804e-05 | BC: 2.8432e-06 | PDE: 8.9961e-01 | Val: 3.9984e-06 | Test: 4.3316e-06 | 
Epoch  20/20 | Steps:  20000 | α=1e-04 | Loss: 9.3421e-05 | BC: 3.1020e-06 | PDE: 9.0319e-01 | Val: 2.3154e-06 | Test: 2.8577e-06 | 

Restored best model from epoch 15 (val_loss: 1.3640e-06, test_loss: 1.6773e-06)
Best checkpoint saved to: outputs/expr_6_3_iter/p150to500_square/checkpoints/best_model.pt
Final checkpoint saved to: outputs/expr_6_3_iter/p150to500_square/checkpoints/final_model.pt
Training completed in 166.68s (20,000 total steps)
  Stage 4 (p=400) PDE diagnostics:
    p-Lap (p=400) raw:        inf
    p-Lap (p=400) normalized: 2.6009e-03
    Inf-Lap raw:              1.0739e-03
    Inf-Lap normalized:       3.0261e-03

============================================================
Stage 5/5: Training with p=500
============================================================

Training configuration:
  Boundary points (train): 32,000 -> 80 batches of 400
  Interior points (train): 1,000,000 -> 1000 batches of 1000
  Interior sampling: RE-SAMPLE each epoch
  Boundary points (val): 8,000
  Validation loss: BC only
  Steps per epoch: 1,000
  Total steps: 20,000
  Epochs: 20
  Loss balancing: FixedAlphaSchedule
  LR scheduler: None (constant LR=1.0e-05)

Epoch   1/20 | Steps:   1000 | α=1e-04 | Loss: 1.8845e-04 | BC: 4.1917e-06 | PDE: 1.8426e+00 | Val: 6.2257e-06 | Test: 5.8655e-06 |  *
Epoch   2/20 | Steps:   2000 | α=1e-04 | Loss: 2.4124e-04 | BC: 4.8942e-06 | PDE: 2.3635e+00 | Val: 5.1492e-06 | Test: 5.1664e-06 |  *
Epoch   3/20 | Steps:   3000 | α=1e-04 | Loss: 1.7065e-04 | BC: 3.9443e-06 | PDE: 1.6671e+00 | Val: 2.1105e-06 | Test: 2.1258e-06 |  *
Epoch   4/20 | Steps:   4000 | α=1e-04 | Loss: 2.2623e-04 | BC: 2.7723e-06 | PDE: 2.2346e+00 | Val: 2.3745e-06 | Test: 2.8395e-06 | 
Epoch   5/20 | Steps:   5000 | α=1e-04 | Loss: 2.3063e-04 | BC: 4.4985e-06 | PDE: 2.2613e+00 | Val: 2.8235e-06 | Test: 2.8640e-06 | 
Epoch   6/20 | Steps:   6000 | α=1e-04 | Loss: 1.3916e-04 | BC: 3.5322e-06 | PDE: 1.3563e+00 | Val: 1.4904e-06 | Test: 1.6600e-06 |  *
Epoch   7/20 | Steps:   7000 | α=1e-04 | Loss: 1.8734e-04 | BC: 3.3538e-06 | PDE: 1.8399e+00 | Val: 3.3987e-06 | Test: 3.7106e-06 | 
Epoch   8/20 | Steps:   8000 | α=1e-04 | Loss: 1.4022e-04 | BC: 3.6074e-06 | PDE: 1.3661e+00 | Val: 3.5826e-06 | Test: 4.1727e-06 | 
Epoch   9/20 | Steps:   9000 | α=1e-04 | Loss: 1.7979e-04 | BC: 3.6559e-06 | PDE: 1.7613e+00 | Val: 3.2320e-06 | Test: 2.9511e-06 | 
Epoch  10/20 | Steps:  10000 | α=1e-04 | Loss: 1.8899e-04 | BC: 3.8231e-06 | PDE: 1.8516e+00 | Val: 1.5280e-05 | Test: 1.0780e-05 | 
Epoch  11/20 | Steps:  11000 | α=1e-04 | Loss: 1.6796e-04 | BC: 4.3052e-06 | PDE: 1.6365e+00 | Val: 2.9087e-06 | Test: 2.9632e-06 | 
Epoch  12/20 | Steps:  12000 | α=1e-04 | Loss: 1.7943e-04 | BC: 3.8591e-06 | PDE: 1.7557e+00 | Val: 3.4158e-06 | Test: 2.9799e-06 | 
Epoch  13/20 | Steps:  13000 | α=1e-04 | Loss: 1.6913e-04 | BC: 4.3304e-06 | PDE: 1.6480e+00 | Val: 5.6031e-06 | Test: 5.4246e-06 | 
Epoch  14/20 | Steps:  14000 | α=1e-04 | Loss: 1.8639e-04 | BC: 3.4883e-06 | PDE: 1.8290e+00 | Val: 6.9466e-06 | Test: 6.1382e-06 | 
Epoch  15/20 | Steps:  15000 | α=1e-04 | Loss: 2.5072e-04 | BC: 3.7044e-06 | PDE: 2.4702e+00 | Val: 4.2732e-06 | Test: 3.5207e-06 | 
Epoch  16/20 | Steps:  16000 | α=1e-04 | Loss: 1.5148e-04 | BC: 4.1732e-06 | PDE: 1.4731e+00 | Val: 3.5955e-06 | Test: 3.4097e-06 | 
Epoch  17/20 | Steps:  17000 | α=1e-04 | Loss: 1.6031e-04 | BC: 3.3980e-06 | PDE: 1.5691e+00 | Val: 2.1738e-06 | Test: 2.4687e-06 | 
Epoch  18/20 | Steps:  18000 | α=1e-04 | Loss: 1.5421e-04 | BC: 3.4088e-06 | PDE: 1.5080e+00 | Val: 3.2543e-06 | Test: 2.6741e-06 | 
Epoch  19/20 | Steps:  19000 | α=1e-04 | Loss: 1.8445e-04 | BC: 4.4846e-06 | PDE: 1.7996e+00 | Val: 2.8314e-06 | Test: 2.6332e-06 | 
Epoch  20/20 | Steps:  20000 | α=1e-04 | Loss: 2.1312e-04 | BC: 4.0491e-06 | PDE: 2.0907e+00 | Val: 5.0617e-06 | Test: 4.3322e-06 | 

Restored best model from epoch 6 (val_loss: 1.4904e-06, test_loss: 1.6600e-06)
Best checkpoint saved to: outputs/expr_6_3_iter/p150to500_square/checkpoints/best_model.pt
Final checkpoint saved to: outputs/expr_6_3_iter/p150to500_square/checkpoints/final_model.pt
Training completed in 217.00s (20,000 total steps)
  Stage 5 (p=500) PDE diagnostics:
    p-Lap (p=500) raw:        inf
    p-Lap (p=500) normalized: 2.3671e-03
    Inf-Lap raw:              1.0647e-03
    Inf-Lap normalized:       2.7155e-03

Iterative training completed in 997.01s
Total epochs: 100

Final Test MSE: 4.3322e-06
Inference (per point): 7.7264e-05s | (full domain): 7.6010e-05s
p-Lap (p=500) PDE test (raw):        inf
p-Lap (p=500) PDE test (normalized): 2.3671e-03
Inf-Lap PDE test (raw):                    1.0647e-03
Inf-Lap PDE test (normalized):             2.7155e-03
Saved .npz files to outputs/expr_6_3_iter/p150to500_square/npy/
Saved plot to outputs/expr_6_3_iter/p150to500_square/plots/results.png
