
============================================================
Running Example: absolute
============================================================

Generated full domain data:
  Boundary points: 40,000
  Interior points: 1,000,000
  Test points: 10,000
Re-sampling enabled: ~1,000,000 interior points per epoch

Splitting data: 80% train, 20% validation
  BC: 32,000 train, 8,000 val
  Interior: 800,000 train, 200,000 val

Model: InfinityLaplacianPINN
  Hidden layers: [128, 128, 128, 128]
  Activation: tanh
  Parameters: 50,049

Training configuration:
  Boundary points (train): 32,000 -> 80 batches of 400
  Interior points (train): 1,000,000 -> 1000 batches of 1000
  Interior sampling: RE-SAMPLE each epoch
  Boundary points (val): 8,000
  Validation loss: BC only
  Steps per epoch: 1,000
  Total steps: 100,000
  Epochs: 100
  Loss balancing: AlphaPlateauScheduler
  LR scheduler: cosine (LR: 1.0e-03 -> 1.0e-05)

/usr/local/lib/python3.12/dist-packages/torch/autograd/graph.py:824: UserWarning: Attempting to run cuBLAS, but there was no current CUDA context! Attempting to set the primary context... (Triggered internally at /opt/pytorch/pytorch/aten/src/ATen/cuda/CublasHandlePool.cpp:181.)
  return Variable._execution_engine.run_backward(  # Calls into the C++ engine to run the backward pass
Epoch   1/100 | Steps:   1000 | α=1e-05 | Loss: 1.8962e-02 | BC: 1.8899e-02 | PDE: 6.3983e+00 | Val: 3.3758e-04 | Test: 1.5108e-02 | LR=1.0e-03 *
Epoch   2/100 | Steps:   2000 | α=1e-05 | Loss: 3.6559e-04 | BC: 3.2300e-04 | PDE: 4.2589e+00 | Val: 1.2253e-04 | Test: 5.0183e-03 | LR=1.0e-03 *
Epoch   3/100 | Steps:   3000 | α=1e-05 | Loss: 2.7845e-04 | BC: 2.4100e-04 | PDE: 3.7448e+00 | Val: 8.9440e-05 | Test: 1.8484e-03 | LR=1.0e-03 *
Epoch   4/100 | Steps:   4000 | α=1e-05 | Loss: 2.0595e-04 | BC: 1.7546e-04 | PDE: 3.0484e+00 | Val: 1.8607e-04 | Test: 8.2387e-04 | LR=1.0e-03
Epoch   5/100 | Steps:   5000 | α=1e-05 | Loss: 1.8625e-04 | BC: 1.6103e-04 | PDE: 2.5223e+00 | Val: 8.4604e-05 | Test: 6.3824e-04 | LR=1.0e-03 *
Epoch   6/100 | Steps:   6000 | α=1e-05 | Loss: 1.7126e-04 | BC: 1.4960e-04 | PDE: 2.1668e+00 | Val: 2.1238e-04 | Test: 6.3474e-04 | LR=9.9e-04
Epoch   7/100 | Steps:   7000 | α=1e-05 | Loss: 1.5255e-04 | BC: 1.3379e-04 | PDE: 1.8758e+00 | Val: 7.3369e-05 | Test: 8.5155e-04 | LR=9.9e-04 *
Epoch   8/100 | Steps:   8000 | α=1e-05 | Loss: 1.3533e-04 | BC: 1.1893e-04 | PDE: 1.6398e+00 | Val: 1.0919e-04 | Test: 1.0389e-03 | LR=9.9e-04
Epoch   9/100 | Steps:   9000 | α=1e-05 | Loss: 1.2433e-04 | BC: 1.1035e-04 | PDE: 1.3986e+00 | Val: 1.4545e-04 | Test: 1.1314e-03 | LR=9.8e-04
Epoch  10/100 | Steps:  10000 | α=1e-05 | Loss: 1.2187e-04 | BC: 1.0923e-04 | PDE: 1.2634e+00 | Val: 2.4515e-05 | Test: 7.7392e-04 | LR=9.8e-04 *
Epoch  11/100 | Steps:  11000 | α=1e-05 | Loss: 9.3517e-05 | BC: 8.2614e-05 | PDE: 1.0903e+00 | Val: 2.0973e-04 | Test: 1.0740e-03 | LR=9.8e-04
Epoch  12/100 | Steps:  12000 | α=1e-05 | Loss: 1.0462e-04 | BC: 9.4439e-05 | PDE: 1.0177e+00 | Val: 5.5607e-05 | Test: 8.3906e-04 | LR=9.7e-04
Epoch  13/100 | Steps:  13000 | α=1e-05 | Loss: 9.2221e-05 | BC: 8.3061e-05 | PDE: 9.1604e-01 | Val: 5.5660e-05 | Test: 7.4141e-04 | LR=9.7e-04
Epoch  14/100 | Steps:  14000 | α=1e-05 | Loss: 7.7432e-05 | BC: 6.9014e-05 | PDE: 8.4177e-01 | Val: 7.1100e-05 | Test: 8.3294e-04 | LR=9.6e-04
Epoch  15/100 | Steps:  15000 | α=1e-05 | Loss: 8.5746e-05 | BC: 7.7774e-05 | PDE: 7.9728e-01 | Val: 1.0612e-05 | Test: 8.8421e-04 | LR=9.5e-04 *
Epoch  16/100 | Steps:  16000 | α=1e-05 | Loss: 5.6881e-05 | BC: 4.9848e-05 | PDE: 7.0330e-01 | Val: 3.6976e-05 | Test: 9.3201e-04 | LR=9.5e-04
Epoch  17/100 | Steps:  17000 | α=1e-05 | Loss: 7.0089e-05 | BC: 6.3433e-05 | PDE: 6.6565e-01 | Val: 2.1300e-05 | Test: 8.3387e-04 | LR=9.4e-04
Epoch  18/100 | Steps:  18000 | α=1e-05 | Loss: 5.9545e-05 | BC: 5.3289e-05 | PDE: 6.2555e-01 | Val: 6.9981e-06 | Test: 8.5234e-04 | LR=9.3e-04 *
Epoch  19/100 | Steps:  19000 | α=1e-05 | Loss: 6.6720e-05 | BC: 6.0850e-05 | PDE: 5.8697e-01 | Val: 1.0719e-05 | Test: 8.2661e-04 | LR=9.2e-04
Epoch  20/100 | Steps:  20000 | α=1e-05 | Loss: 4.1155e-05 | BC: 3.5732e-05 | PDE: 5.4227e-01 | Val: 1.0155e-05 | Test: 8.3676e-04 | LR=9.1e-04
Epoch  21/100 | Steps:  21000 | α=1e-05 | Loss: 5.8244e-05 | BC: 5.3095e-05 | PDE: 5.1486e-01 | Val: 3.3883e-05 | Test: 8.1381e-04 | LR=9.1e-04
Epoch  22/100 | Steps:  22000 | α=1e-05 | Loss: 4.3691e-05 | BC: 3.8663e-05 | PDE: 5.0275e-01 | Val: 8.1911e-06 | Test: 8.3347e-04 | LR=9.0e-04
Epoch  23/100 | Steps:  23000 | α=1e-05 | Loss: 4.6073e-05 | BC: 4.1424e-05 | PDE: 4.6484e-01 | Val: 5.3690e-05 | Test: 8.7457e-04 | LR=8.9e-04
Epoch  24/100 | Steps:  24000 | α=1e-05 | Loss: 4.3644e-05 | BC: 3.9209e-05 | PDE: 4.4344e-01 | Val: 5.1542e-06 | Test: 8.9895e-04 | LR=8.8e-04 *

>>> Alpha increased: 1e-05 → 1e-04 (BC=3.9953e-05) <<<
Epoch  25/100 | Steps:  25000 | α=1e-04 | Loss: 4.4208e-05 | BC: 3.9953e-05 | PDE: 4.2558e-01 | Val: 4.0832e-06 | Test: 8.9229e-04 | LR=8.7e-04 *
Epoch  26/100 | Steps:  26000 | α=1e-04 | Loss: 6.7173e-05 | BC: 5.0777e-05 | PDE: 1.6395e-01 | Val: 1.0928e-05 | Test: 9.8160e-04 | LR=8.6e-04
Epoch  27/100 | Steps:  27000 | α=1e-04 | Loss: 5.1287e-05 | BC: 3.9753e-05 | PDE: 1.1534e-01 | Val: 5.2117e-05 | Test: 9.3930e-04 | LR=8.4e-04
Epoch  28/100 | Steps:  28000 | α=1e-04 | Loss: 4.4598e-05 | BC: 3.4836e-05 | PDE: 9.7618e-02 | Val: 2.6199e-05 | Test: 9.2996e-04 | LR=8.3e-04
Epoch  29/100 | Steps:  29000 | α=1e-04 | Loss: 4.5475e-05 | BC: 3.7022e-05 | PDE: 8.4531e-02 | Val: 2.3001e-05 | Test: 8.7238e-04 | LR=8.2e-04
Epoch  30/100 | Steps:  30000 | α=1e-04 | Loss: 4.1902e-05 | BC: 3.4328e-05 | PDE: 7.5741e-02 | Val: 1.5405e-05 | Test: 8.4854e-04 | LR=8.1e-04
Epoch  31/100 | Steps:  31000 | α=1e-04 | Loss: 3.7219e-05 | BC: 3.0324e-05 | PDE: 6.8949e-02 | Val: 1.1339e-05 | Test: 8.4500e-04 | LR=8.0e-04
Epoch  32/100 | Steps:  32000 | α=1e-04 | Loss: 3.9612e-05 | BC: 3.3021e-05 | PDE: 6.5917e-02 | Val: 1.6324e-05 | Test: 8.8472e-04 | LR=7.8e-04

>>> Alpha increased: 1e-04 → 1e-03 (BC=3.4640e-05) <<<
Epoch  33/100 | Steps:  33000 | α=1e-03 | Loss: 4.0945e-05 | BC: 3.4640e-05 | PDE: 6.3046e-02 | Val: 7.9652e-06 | Test: 8.6568e-04 | LR=7.7e-04 *
Epoch  34/100 | Steps:  34000 | α=1e-03 | Loss: 6.7664e-05 | BC: 3.8464e-05 | PDE: 2.9201e-02 | Val: 3.6363e-05 | Test: 9.3377e-04 | LR=7.6e-04
Epoch  35/100 | Steps:  35000 | α=1e-03 | Loss: 5.8655e-05 | BC: 3.6537e-05 | PDE: 2.2118e-02 | Val: 1.7662e-05 | Test: 8.4898e-04 | LR=7.4e-04
Epoch  36/100 | Steps:  36000 | α=1e-03 | Loss: 5.4269e-05 | BC: 3.4272e-05 | PDE: 1.9997e-02 | Val: 2.1269e-05 | Test: 8.9040e-04 | LR=7.3e-04
Epoch  37/100 | Steps:  37000 | α=1e-03 | Loss: 5.4301e-05 | BC: 3.5848e-05 | PDE: 1.8453e-02 | Val: 1.4859e-05 | Test: 8.7745e-04 | LR=7.2e-04
Epoch  38/100 | Steps:  38000 | α=1e-03 | Loss: 4.6828e-05 | BC: 2.9462e-05 | PDE: 1.7367e-02 | Val: 2.7553e-05 | Test: 8.8078e-04 | LR=7.0e-04
Epoch  39/100 | Steps:  39000 | α=1e-03 | Loss: 4.5549e-05 | BC: 2.9177e-05 | PDE: 1.6372e-02 | Val: 1.4992e-05 | Test: 9.0039e-04 | LR=6.9e-04
Epoch  40/100 | Steps:  40000 | α=1e-03 | Loss: 4.2370e-05 | BC: 2.7089e-05 | PDE: 1.5281e-02 | Val: 1.7412e-05 | Test: 8.7737e-04 | LR=6.7e-04
Epoch  41/100 | Steps:  41000 | α=1e-03 | Loss: 4.1112e-05 | BC: 2.6060e-05 | PDE: 1.5052e-02 | Val: 1.9024e-05 | Test: 9.0148e-04 | LR=6.6e-04
Epoch  42/100 | Steps:  42000 | α=1e-03 | Loss: 3.8615e-05 | BC: 2.4225e-05 | PDE: 1.4389e-02 | Val: 3.2286e-05 | Test: 8.8023e-04 | LR=6.4e-04
Epoch  43/100 | Steps:  43000 | α=1e-03 | Loss: 3.7296e-05 | BC: 2.3512e-05 | PDE: 1.3784e-02 | Val: 3.8250e-05 | Test: 9.1706e-04 | LR=6.3e-04
Epoch  44/100 | Steps:  44000 | α=1e-03 | Loss: 3.6737e-05 | BC: 2.3067e-05 | PDE: 1.3670e-02 | Val: 1.8352e-05 | Test: 8.6603e-04 | LR=6.1e-04
Epoch  45/100 | Steps:  45000 | α=1e-03 | Loss: 3.2437e-05 | BC: 1.9439e-05 | PDE: 1.2999e-02 | Val: 1.5359e-05 | Test: 8.4951e-04 | LR=6.0e-04
Epoch  46/100 | Steps:  46000 | α=1e-03 | Loss: 3.5564e-05 | BC: 2.2619e-05 | PDE: 1.2944e-02 | Val: 1.1037e-05 | Test: 8.6703e-04 | LR=5.8e-04
Epoch  47/100 | Steps:  47000 | α=1e-03 | Loss: 2.8925e-05 | BC: 1.6924e-05 | PDE: 1.2001e-02 | Val: 1.0270e-05 | Test: 8.4363e-04 | LR=5.7e-04
Epoch  48/100 | Steps:  48000 | α=1e-03 | Loss: 2.9495e-05 | BC: 1.7253e-05 | PDE: 1.2242e-02 | Val: 2.0081e-05 | Test: 8.8766e-04 | LR=5.5e-04
Epoch  49/100 | Steps:  49000 | α=1e-03 | Loss: 2.9430e-05 | BC: 1.7710e-05 | PDE: 1.1720e-02 | Val: 1.2724e-05 | Test: 8.4286e-04 | LR=5.4e-04

>>> Alpha increased: 1e-03 → 1e-02 (BC=1.9971e-04) <<<
Epoch  50/100 | Steps:  50000 | α=1e-02 | Loss: 4.6572e-04 | BC: 1.9971e-04 | PDE: 2.6600e-01 | Val: 6.5156e-04 | Test: 4.1955e-03 | LR=5.2e-04 *
Epoch  51/100 | Steps:  51000 | α=1e-02 | Loss: 4.8680e-04 | BC: 1.9228e-04 | PDE: 2.9452e-02 | Val: 7.2904e-05 | Test: 1.1225e-03 | LR=5.1e-04 *
Epoch  52/100 | Steps:  52000 | α=1e-02 | Loss: 1.4689e-04 | BC: 5.4958e-05 | PDE: 9.1933e-03 | Val: 6.5557e-05 | Test: 1.0723e-03 | LR=4.9e-04 *
Epoch  53/100 | Steps:  53000 | α=1e-02 | Loss: 1.3812e-04 | BC: 5.2131e-05 | PDE: 8.5984e-03 | Val: 4.6804e-05 | Test: 1.0173e-03 | LR=4.7e-04 *
Epoch  54/100 | Steps:  54000 | α=1e-02 | Loss: 1.3444e-04 | BC: 5.0007e-05 | PDE: 8.4435e-03 | Val: 5.4282e-05 | Test: 1.0187e-03 | LR=4.6e-04
Epoch  55/100 | Steps:  55000 | α=1e-02 | Loss: 1.2821e-04 | BC: 4.7078e-05 | PDE: 8.1131e-03 | Val: 4.2480e-05 | Test: 1.0389e-03 | LR=4.4e-04 *
Epoch  56/100 | Steps:  56000 | α=1e-02 | Loss: 1.2226e-04 | BC: 4.4184e-05 | PDE: 7.8076e-03 | Val: 4.0590e-05 | Test: 1.0282e-03 | LR=4.3e-04 *
Epoch  57/100 | Steps:  57000 | α=1e-02 | Loss: 1.1820e-04 | BC: 4.1966e-05 | PDE: 7.6236e-03 | Val: 2.5108e-05 | Test: 9.6042e-04 | LR=4.1e-04 *
Epoch  58/100 | Steps:  58000 | α=1e-02 | Loss: 1.0863e-04 | BC: 3.6871e-05 | PDE: 7.1755e-03 | Val: 3.4051e-05 | Test: 9.7513e-04 | LR=4.0e-04
Epoch  59/100 | Steps:  59000 | α=1e-02 | Loss: 1.1099e-04 | BC: 3.7859e-05 | PDE: 7.3133e-03 | Val: 2.8348e-05 | Test: 9.6731e-04 | LR=3.8e-04
Epoch  60/100 | Steps:  60000 | α=1e-02 | Loss: 4.2076e-04 | BC: 1.7044e-04 | PDE: 2.5032e-02 | Val: 4.0015e-05 | Test: 1.0356e-03 | LR=3.7e-04
Epoch  61/100 | Steps:  61000 | α=1e-02 | Loss: 9.6272e-05 | BC: 2.9624e-05 | PDE: 6.6648e-03 | Val: 2.7780e-05 | Test: 9.7759e-04 | LR=3.5e-04
Epoch  62/100 | Steps:  62000 | α=1e-02 | Loss: 9.2515e-05 | BC: 2.9658e-05 | PDE: 6.2857e-03 | Val: 2.5321e-05 | Test: 9.9907e-04 | LR=3.4e-04

>>> Alpha increased: 1e-02 → 1e-01 (BC=2.9866e-05) <<<
Epoch  63/100 | Steps:  63000 | α=1e-01 | Loss: 9.2978e-05 | BC: 2.9866e-05 | PDE: 6.3112e-03 | Val: 2.9873e-05 | Test: 9.4765e-04 | LR=3.2e-04 *
Epoch  64/100 | Steps:  64000 | α=1e-01 | Loss: 3.4519e-03 | BC: 5.6012e-04 | PDE: 2.8918e-02 | Val: 1.2850e-04 | Test: 1.3062e-03 | LR=3.1e-04
Epoch  65/100 | Steps:  65000 | α=1e-01 | Loss: 6.5822e-04 | BC: 1.2196e-04 | PDE: 5.3626e-03 | Val: 1.0258e-04 | Test: 1.2655e-03 | LR=2.9e-04
Epoch  66/100 | Steps:  66000 | α=1e-01 | Loss: 6.4622e-04 | BC: 1.2256e-04 | PDE: 5.2367e-03 | Val: 1.3297e-04 | Test: 1.4197e-03 | LR=2.8e-04
Epoch  67/100 | Steps:  67000 | α=1e-01 | Loss: 6.0569e-04 | BC: 1.1478e-04 | PDE: 4.9091e-03 | Val: 1.2402e-04 | Test: 1.2421e-03 | LR=2.7e-04
Epoch  68/100 | Steps:  68000 | α=1e-01 | Loss: 5.8221e-04 | BC: 1.0934e-04 | PDE: 4.7287e-03 | Val: 1.1662e-04 | Test: 1.2645e-03 | LR=2.5e-04
Epoch  69/100 | Steps:  69000 | α=1e-01 | Loss: 5.8054e-04 | BC: 1.0751e-04 | PDE: 4.7303e-03 | Val: 9.5387e-05 | Test: 1.2370e-03 | LR=2.4e-04
Epoch  70/100 | Steps:  70000 | α=1e-01 | Loss: 5.6445e-04 | BC: 1.0786e-04 | PDE: 4.5659e-03 | Val: 8.8647e-05 | Test: 1.1982e-03 | LR=2.3e-04
Epoch  71/100 | Steps:  71000 | α=1e-01 | Loss: 5.5862e-04 | BC: 1.0482e-04 | PDE: 4.5380e-03 | Val: 8.5396e-05 | Test: 1.2177e-03 | LR=2.1e-04
Epoch  72/100 | Steps:  72000 | α=1e-01 | Loss: 5.2550e-04 | BC: 9.9554e-05 | PDE: 4.2595e-03 | Val: 9.0214e-05 | Test: 1.2294e-03 | LR=2.0e-04
Epoch  73/100 | Steps:  73000 | α=1e-01 | Loss: 5.0554e-04 | BC: 9.8206e-05 | PDE: 4.0733e-03 | Val: 7.8034e-05 | Test: 1.1755e-03 | LR=1.9e-04
Epoch  74/100 | Steps:  74000 | α=1e-01 | Loss: 4.9863e-04 | BC: 9.4147e-05 | PDE: 4.0449e-03 | Val: 8.7443e-05 | Test: 1.2038e-03 | LR=1.8e-04
Epoch  75/100 | Steps:  75000 | α=1e-01 | Loss: 4.8500e-04 | BC: 8.8134e-05 | PDE: 3.9687e-03 | Val: 7.3520e-05 | Test: 1.1953e-03 | LR=1.7e-04
Epoch  76/100 | Steps:  76000 | α=1e-01 | Loss: 4.7653e-04 | BC: 8.8646e-05 | PDE: 3.8788e-03 | Val: 8.0089e-05 | Test: 1.1994e-03 | LR=1.5e-04
Epoch  77/100 | Steps:  77000 | α=1e-01 | Loss: 4.4445e-04 | BC: 7.9490e-05 | PDE: 3.6496e-03 | Val: 8.4030e-05 | Test: 1.1501e-03 | LR=1.4e-04
Epoch  78/100 | Steps:  78000 | α=1e-01 | Loss: 4.2235e-04 | BC: 7.6303e-05 | PDE: 3.4604e-03 | Val: 7.4741e-05 | Test: 1.1907e-03 | LR=1.3e-04
Epoch  79/100 | Steps:  79000 | α=1e-01 | Loss: 4.2378e-04 | BC: 7.4987e-05 | PDE: 3.4880e-03 | Val: 7.5089e-05 | Test: 1.1694e-03 | LR=1.2e-04
Epoch  80/100 | Steps:  80000 | α=1e-01 | Loss: 4.1197e-04 | BC: 7.0561e-05 | PDE: 3.4141e-03 | Val: 6.3490e-05 | Test: 1.1385e-03 | LR=1.1e-04
Epoch  81/100 | Steps:  81000 | α=1e-01 | Loss: 3.9512e-04 | BC: 6.8642e-05 | PDE: 3.2648e-03 | Val: 6.7560e-05 | Test: 1.1531e-03 | LR=1.0e-04
Epoch  82/100 | Steps:  82000 | α=1e-01 | Loss: 3.9031e-04 | BC: 6.5849e-05 | PDE: 3.2446e-03 | Val: 5.9934e-05 | Test: 1.1443e-03 | LR=9.6e-05
Epoch  83/100 | Steps:  83000 | α=1e-01 | Loss: 3.7718e-04 | BC: 6.4775e-05 | PDE: 3.1240e-03 | Val: 5.6067e-05 | Test: 1.1324e-03 | LR=8.7e-05
Epoch  84/100 | Steps:  84000 | α=1e-01 | Loss: 3.6564e-04 | BC: 6.3571e-05 | PDE: 3.0207e-03 | Val: 6.7974e-05 | Test: 1.1693e-03 | LR=7.9e-05
Epoch  85/100 | Steps:  85000 | α=1e-01 | Loss: 3.6646e-04 | BC: 6.1313e-05 | PDE: 3.0514e-03 | Val: 6.6801e-05 | Test: 1.1195e-03 | LR=7.1e-05
Epoch  86/100 | Steps:  86000 | α=1e-01 | Loss: 3.3917e-04 | BC: 5.6194e-05 | PDE: 2.8297e-03 | Val: 5.2532e-05 | Test: 1.1196e-03 | LR=6.4e-05
Epoch  87/100 | Steps:  87000 | α=1e-01 | Loss: 3.3154e-04 | BC: 5.4420e-05 | PDE: 2.7713e-03 | Val: 5.9264e-05 | Test: 1.1307e-03 | LR=5.7e-05
Epoch  88/100 | Steps:  88000 | α=1e-01 | Loss: 3.2333e-04 | BC: 5.2305e-05 | PDE: 2.7102e-03 | Val: 5.6774e-05 | Test: 1.1139e-03 | LR=5.1e-05
Epoch  89/100 | Steps:  89000 | α=1e-01 | Loss: 3.1624e-04 | BC: 5.2210e-05 | PDE: 2.6403e-03 | Val: 4.7970e-05 | Test: 1.1018e-03 | LR=4.5e-05
Epoch  90/100 | Steps:  90000 | α=1e-01 | Loss: 3.1422e-04 | BC: 4.9061e-05 | PDE: 2.6516e-03 | Val: 5.4578e-05 | Test: 1.0974e-03 | LR=3.9e-05
Epoch  91/100 | Steps:  91000 | α=1e-01 | Loss: 3.0354e-04 | BC: 4.7132e-05 | PDE: 2.5641e-03 | Val: 4.8971e-05 | Test: 1.1161e-03 | LR=3.4e-05
Epoch  92/100 | Steps:  92000 | α=1e-01 | Loss: 3.0017e-04 | BC: 4.7041e-05 | PDE: 2.5313e-03 | Val: 4.9667e-05 | Test: 1.1119e-03 | LR=3.0e-05
Epoch  93/100 | Steps:  93000 | α=1e-01 | Loss: 2.9919e-04 | BC: 4.5941e-05 | PDE: 2.5325e-03 | Val: 4.5494e-05 | Test: 1.0988e-03 | LR=2.6e-05
Epoch  94/100 | Steps:  94000 | α=1e-01 | Loss: 2.8833e-04 | BC: 4.6887e-05 | PDE: 2.4144e-03 | Val: 4.7729e-05 | Test: 1.0961e-03 | LR=2.2e-05
Epoch  95/100 | Steps:  95000 | α=1e-01 | Loss: 2.8697e-04 | BC: 4.5411e-05 | PDE: 2.4156e-03 | Val: 4.6322e-05 | Test: 1.0859e-03 | LR=1.9e-05
Epoch  96/100 | Steps:  96000 | α=1e-01 | Loss: 2.8199e-04 | BC: 4.3088e-05 | PDE: 2.3890e-03 | Val: 4.7643e-05 | Test: 1.0946e-03 | LR=1.6e-05
Epoch  97/100 | Steps:  97000 | α=1e-01 | Loss: 2.7721e-04 | BC: 4.1781e-05 | PDE: 2.3543e-03 | Val: 4.3005e-05 | Test: 1.0806e-03 | LR=1.4e-05
Epoch  98/100 | Steps:  98000 | α=1e-01 | Loss: 2.7527e-04 | BC: 4.0974e-05 | PDE: 2.3430e-03 | Val: 4.1924e-05 | Test: 1.0799e-03 | LR=1.2e-05
Epoch  99/100 | Steps:  99000 | α=1e-01 | Loss: 2.7463e-04 | BC: 4.0848e-05 | PDE: 2.3378e-03 | Val: 4.1500e-05 | Test: 1.0780e-03 | LR=1.1e-05
Epoch 100/100 | Steps: 100000 | α=1e-01 | Loss: 2.7434e-04 | BC: 3.9988e-05 | PDE: 2.3436e-03 | Val: 4.3573e-05 | Test: 1.0869e-03 | LR=1.0e-05

Restored best model from epoch 63 (val_loss: 2.9873e-05, test_loss: 9.4765e-04)
Best checkpoint saved to: outputs/expr_6_2/absolute/clip0_out0_eta0/checkpoints/best_model.pt
Final checkpoint saved to: outputs/expr_6_2/absolute/clip0_out0_eta0/checkpoints/final_model.pt
Training completed in 839.96s (100,000 total steps)

Final Test MSE: 1.0869e-03
Inference (per point): 7.8018e-05s | (full domain): 7.5865e-05s
Saved plot to outputs/expr_6_2/absolute/clip0_out0_eta0/plots/results.png
