/usr/local/lib/python3.12/dist-packages/torch/autograd/graph.py:824: UserWarning: Attempting to run cuBLAS, but there was no current CUDA context! Attempting to set the primary context... (Triggered internally at /opt/pytorch/pytorch/aten/src/ATen/cuda/CublasHandlePool.cpp:181.)
  return Variable._execution_engine.run_backward(  # Calls into the C++ engine to run the backward pass
Using device: cuda
Random seed: 1234

============================================================
Running Example: aronsson_square
============================================================

Generated full domain data:
  Boundary points: 40,000
  Interior points: 1,000,000
  Test points: 10,000
Re-sampling enabled: ~1,000,000 interior points per epoch

Splitting data: 80% train, 20% validation
  BC: 32,000 train, 8,000 val
  Interior: 800,000 train, 200,000 val

Model: InfinityLaplacianPINN
  Hidden layers: [256, 256, 256, 256]
  Activation: tanh
  η: 1e-05 (normalized)
  Residual clipping: [-10.0, 10.0]
  Outlier removal: top 2.0%
  Parameters: 198,401

Training configuration:
  Boundary points (train): 32,000 -> 80 batches of 400
  Interior points (train): 1,000,000 -> 1000 batches of 1000
  Interior sampling: RE-SAMPLE each epoch
  Boundary points (val): 8,000
  Validation loss: BC only
  Steps per epoch: 1,000
  Total steps: 100,000
  Epochs: 100
  Loss balancing: AlphaPlateauScheduler
  LR scheduler: cosine (LR: 1.0e-03 -> 1.0e-05)

Epoch   1/100 | Steps:   1000 | α=1e-05 | Loss: 2.8435e-02 | BC: 2.8415e-02 | PDE: 2.0483e+00 | Val: 8.3908e-04 | Test: 8.8221e-03 | LR=1.0e-03 *
Epoch   2/100 | Steps:   2000 | α=1e-05 | Loss: 6.6485e-04 | BC: 6.4385e-04 | PDE: 2.1006e+00 | Val: 1.5209e-04 | Test: 4.8557e-03 | LR=1.0e-03 *
Epoch   3/100 | Steps:   3000 | α=1e-05 | Loss: 3.8312e-04 | BC: 3.5897e-04 | PDE: 2.4153e+00 | Val: 3.4827e-04 | Test: 5.5319e-03 | LR=1.0e-03
Epoch   4/100 | Steps:   4000 | α=1e-05 | Loss: 3.2598e-04 | BC: 2.9975e-04 | PDE: 2.6229e+00 | Val: 1.2277e-04 | Test: 4.8589e-03 | LR=1.0e-03 *
Epoch   5/100 | Steps:   5000 | α=1e-05 | Loss: 3.3612e-04 | BC: 3.0874e-04 | PDE: 2.7377e+00 | Val: 1.0176e-04 | Test: 5.6349e-03 | LR=1.0e-03 *
Epoch   6/100 | Steps:   6000 | α=1e-05 | Loss: 3.3327e-04 | BC: 3.0690e-04 | PDE: 2.6373e+00 | Val: 7.0749e-05 | Test: 4.8036e-03 | LR=9.9e-04 *
Epoch   7/100 | Steps:   7000 | α=1e-05 | Loss: 1.9285e-04 | BC: 1.6999e-04 | PDE: 2.2859e+00 | Val: 2.4307e-04 | Test: 5.0199e-03 | LR=9.9e-04
Epoch   8/100 | Steps:   8000 | α=1e-05 | Loss: 2.2185e-04 | BC: 2.0005e-04 | PDE: 2.1801e+00 | Val: 1.5730e-03 | Test: 5.2568e-03 | LR=9.9e-04
Epoch   9/100 | Steps:   9000 | α=1e-05 | Loss: 1.6590e-04 | BC: 1.4658e-04 | PDE: 1.9328e+00 | Val: 3.4648e-05 | Test: 2.5215e-03 | LR=9.8e-04 *
Epoch  10/100 | Steps:  10000 | α=1e-05 | Loss: 1.5158e-04 | BC: 1.3590e-04 | PDE: 1.5686e+00 | Val: 3.2644e-05 | Test: 2.3488e-03 | LR=9.8e-04 *
Epoch  11/100 | Steps:  11000 | α=1e-05 | Loss: 1.2961e-04 | BC: 1.1510e-04 | PDE: 1.4502e+00 | Val: 3.5123e-04 | Test: 2.2735e-03 | LR=9.8e-04
Epoch  12/100 | Steps:  12000 | α=1e-05 | Loss: 2.3861e-04 | BC: 2.2539e-04 | PDE: 1.3222e+00 | Val: 2.5934e-05 | Test: 1.3418e-03 | LR=9.7e-04 *
Epoch  13/100 | Steps:  13000 | α=1e-05 | Loss: 1.1084e-04 | BC: 9.8728e-05 | PDE: 1.2108e+00 | Val: 1.7731e-04 | Test: 2.4378e-03 | LR=9.7e-04
Epoch  14/100 | Steps:  14000 | α=1e-05 | Loss: 1.0583e-04 | BC: 9.3721e-05 | PDE: 1.2111e+00 | Val: 3.8197e-05 | Test: 2.1991e-03 | LR=9.6e-04
Epoch  15/100 | Steps:  15000 | α=1e-05 | Loss: 8.7679e-05 | BC: 7.6358e-05 | PDE: 1.1321e+00 | Val: 1.0214e-05 | Test: 1.3826e-03 | LR=9.5e-04 *
Epoch  16/100 | Steps:  16000 | α=1e-05 | Loss: 9.0742e-05 | BC: 7.9901e-05 | PDE: 1.0841e+00 | Val: 1.2775e-04 | Test: 1.5719e-03 | LR=9.5e-04
Epoch  17/100 | Steps:  17000 | α=1e-05 | Loss: 8.2350e-05 | BC: 7.1979e-05 | PDE: 1.0371e+00 | Val: 2.7713e-04 | Test: 1.6409e-03 | LR=9.4e-04
Epoch  18/100 | Steps:  18000 | α=1e-05 | Loss: 2.1697e-04 | BC: 2.0467e-04 | PDE: 1.2300e+00 | Val: 5.7137e-06 | Test: 8.2115e-04 | LR=9.3e-04 *
Epoch  19/100 | Steps:  19000 | α=1e-05 | Loss: 5.3223e-05 | BC: 4.5212e-05 | PDE: 8.0112e-01 | Val: 9.0895e-05 | Test: 1.0205e-03 | LR=9.2e-04
Epoch  20/100 | Steps:  20000 | α=1e-05 | Loss: 6.5549e-05 | BC: 5.6811e-05 | PDE: 8.7379e-01 | Val: 2.0073e-05 | Test: 9.7593e-04 | LR=9.1e-04
Epoch  21/100 | Steps:  21000 | α=1e-05 | Loss: 6.8843e-05 | BC: 6.0029e-05 | PDE: 8.8138e-01 | Val: 8.1042e-06 | Test: 1.1712e-03 | LR=9.1e-04
Epoch  22/100 | Steps:  22000 | α=1e-05 | Loss: 8.3372e-05 | BC: 7.4577e-05 | PDE: 8.7956e-01 | Val: 1.1902e-05 | Test: 1.2706e-03 | LR=9.0e-04
Epoch  23/100 | Steps:  23000 | α=1e-05 | Loss: 4.5379e-05 | BC: 3.7802e-05 | PDE: 7.5769e-01 | Val: 1.6483e-04 | Test: 1.2713e-03 | LR=8.9e-04

>>> Alpha increased: 1e-05 → 1e-04 (BC=1.7259e-04) <<<
Epoch  24/100 | Steps:  24000 | α=1e-04 | Loss: 1.8300e-04 | BC: 1.7259e-04 | PDE: 1.0414e+00 | Val: 4.7952e-06 | Test: 1.3083e-03 | LR=8.8e-04 *
Epoch  25/100 | Steps:  25000 | α=1e-04 | Loss: 6.8825e-05 | BC: 4.3745e-05 | PDE: 2.5079e-01 | Val: 1.3634e-05 | Test: 1.2791e-04 | LR=8.7e-04
Epoch  26/100 | Steps:  26000 | α=1e-04 | Loss: 8.6027e-05 | BC: 7.0559e-05 | PDE: 1.5467e-01 | Val: 1.0168e-05 | Test: 7.6685e-05 | LR=8.6e-04
Epoch  27/100 | Steps:  27000 | α=1e-04 | Loss: 5.7008e-05 | BC: 4.6635e-05 | PDE: 1.0373e-01 | Val: 9.0009e-06 | Test: 6.1461e-05 | LR=8.4e-04
Epoch  28/100 | Steps:  28000 | α=1e-04 | Loss: 6.1975e-05 | BC: 5.3714e-05 | PDE: 8.2610e-02 | Val: 3.8058e-04 | Test: 3.0453e-04 | LR=8.3e-04
Epoch  29/100 | Steps:  29000 | α=1e-04 | Loss: 9.4463e-05 | BC: 8.6028e-05 | PDE: 8.4353e-02 | Val: 7.1489e-06 | Test: 5.7586e-05 | LR=8.2e-04
Epoch  30/100 | Steps:  30000 | α=1e-04 | Loss: 4.3804e-05 | BC: 3.7927e-05 | PDE: 5.8777e-02 | Val: 4.0336e-06 | Test: 1.9559e-05 | LR=8.1e-04 *
Epoch  31/100 | Steps:  31000 | α=1e-04 | Loss: 3.8819e-05 | BC: 3.3907e-05 | PDE: 4.9117e-02 | Val: 3.3838e-06 | Test: 2.0364e-05 | LR=8.0e-04 *
Epoch  32/100 | Steps:  32000 | α=1e-04 | Loss: 4.2389e-05 | BC: 3.8148e-05 | PDE: 4.2411e-02 | Val: 6.1977e-05 | Test: 5.7196e-05 | LR=7.8e-04
Epoch  33/100 | Steps:  33000 | α=1e-04 | Loss: 9.2348e-05 | BC: 8.7265e-05 | PDE: 5.0831e-02 | Val: 1.9792e-06 | Test: 1.2072e-05 | LR=7.7e-04 *
Epoch  34/100 | Steps:  34000 | α=1e-04 | Loss: 1.9925e-05 | BC: 1.6482e-05 | PDE: 3.4431e-02 | Val: 2.4383e-06 | Test: 1.4346e-05 | LR=7.6e-04
Epoch  35/100 | Steps:  35000 | α=1e-04 | Loss: 3.5473e-05 | BC: 3.2025e-05 | PDE: 3.4486e-02 | Val: 1.0938e-05 | Test: 1.8722e-05 | LR=7.4e-04
Epoch  36/100 | Steps:  36000 | α=1e-04 | Loss: 3.2628e-05 | BC: 2.9449e-05 | PDE: 3.1790e-02 | Val: 2.7663e-05 | Test: 2.7733e-05 | LR=7.3e-04
Epoch  37/100 | Steps:  37000 | α=1e-04 | Loss: 3.2868e-05 | BC: 2.9904e-05 | PDE: 2.9640e-02 | Val: 1.2479e-05 | Test: 2.9456e-05 | LR=7.2e-04
Epoch  38/100 | Steps:  38000 | α=1e-04 | Loss: 5.8459e-05 | BC: 5.4742e-05 | PDE: 3.7170e-02 | Val: 1.8285e-06 | Test: 1.0550e-05 | LR=7.0e-04 *

>>> Alpha increased: 1e-04 → 1e-03 (BC=1.7064e-05) <<<
Epoch  39/100 | Steps:  39000 | α=1e-03 | Loss: 1.9701e-05 | BC: 1.7064e-05 | PDE: 2.6368e-02 | Val: 7.4363e-05 | Test: 5.9975e-05 | LR=6.9e-04 *
Epoch  40/100 | Steps:  40000 | α=1e-03 | Loss: 4.5881e-05 | BC: 2.7190e-05 | PDE: 1.8691e-02 | Val: 6.7648e-06 | Test: 1.0450e-05 | LR=6.7e-04 *
Epoch  41/100 | Steps:  41000 | α=1e-03 | Loss: 4.0182e-05 | BC: 2.5487e-05 | PDE: 1.4695e-02 | Val: 3.0455e-06 | Test: 5.2361e-06 | LR=6.6e-04 *
Epoch  42/100 | Steps:  42000 | α=1e-03 | Loss: 3.2722e-05 | BC: 2.0552e-05 | PDE: 1.2170e-02 | Val: 4.2919e-06 | Test: 4.0719e-06 | LR=6.4e-04
Epoch  43/100 | Steps:  43000 | α=1e-03 | Loss: 6.3781e-05 | BC: 5.2482e-05 | PDE: 1.1299e-02 | Val: 1.7972e-06 | Test: 3.0693e-06 | LR=6.3e-04 *
Epoch  44/100 | Steps:  44000 | α=1e-03 | Loss: 2.0331e-05 | BC: 1.1297e-05 | PDE: 9.0345e-03 | Val: 9.6991e-06 | Test: 9.7601e-06 | LR=6.1e-04
Epoch  45/100 | Steps:  45000 | α=1e-03 | Loss: 2.6724e-05 | BC: 1.8417e-05 | PDE: 8.3067e-03 | Val: 1.4188e-06 | Test: 3.1554e-06 | LR=6.0e-04 *
Epoch  46/100 | Steps:  46000 | α=1e-03 | Loss: 2.2737e-05 | BC: 1.5042e-05 | PDE: 7.6945e-03 | Val: 3.0625e-05 | Test: 1.8203e-05 | LR=5.8e-04
Epoch  47/100 | Steps:  47000 | α=1e-03 | Loss: 2.7986e-05 | BC: 2.0952e-05 | PDE: 7.0342e-03 | Val: 2.4732e-06 | Test: 4.0976e-06 | LR=5.7e-04
Epoch  48/100 | Steps:  48000 | α=1e-03 | Loss: 1.9780e-05 | BC: 1.3359e-05 | PDE: 6.4211e-03 | Val: 2.0575e-06 | Test: 2.8803e-06 | LR=5.5e-04

>>> Alpha increased: 1e-03 → 1e-02 (BC=1.4128e-05) <<<
Epoch  49/100 | Steps:  49000 | α=1e-02 | Loss: 2.0426e-05 | BC: 1.4128e-05 | PDE: 6.2971e-03 | Val: 5.9593e-06 | Test: 7.9122e-06 | LR=5.4e-04 *
Epoch  50/100 | Steps:  50000 | α=1e-02 | Loss: 8.2174e-05 | BC: 2.5249e-05 | PDE: 5.6925e-03 | Val: 1.3014e-05 | Test: 9.2034e-06 | LR=5.2e-04
Epoch  51/100 | Steps:  51000 | α=1e-02 | Loss: 5.6313e-05 | BC: 1.5946e-05 | PDE: 4.0367e-03 | Val: 3.5040e-06 | Test: 4.2942e-06 | LR=5.1e-04 *
Epoch  52/100 | Steps:  52000 | α=1e-02 | Loss: 4.4097e-05 | BC: 1.2611e-05 | PDE: 3.1486e-03 | Val: 6.5984e-06 | Test: 7.8659e-06 | LR=4.9e-04
Epoch  53/100 | Steps:  53000 | α=1e-02 | Loss: 4.5928e-05 | BC: 1.6207e-05 | PDE: 2.9721e-03 | Val: 6.2684e-06 | Test: 5.7546e-06 | LR=4.7e-04
Epoch  54/100 | Steps:  54000 | α=1e-02 | Loss: 4.2348e-05 | BC: 1.5834e-05 | PDE: 2.6514e-03 | Val: 1.3178e-05 | Test: 1.7399e-05 | LR=4.6e-04
Epoch  55/100 | Steps:  55000 | α=1e-02 | Loss: 3.3710e-05 | BC: 1.2464e-05 | PDE: 2.1246e-03 | Val: 8.5731e-06 | Test: 2.0534e-05 | LR=4.4e-04
Epoch  56/100 | Steps:  56000 | α=1e-02 | Loss: 2.7590e-05 | BC: 1.0996e-05 | PDE: 1.6594e-03 | Val: 2.3733e-05 | Test: 1.9969e-05 | LR=4.3e-04

>>> Alpha increased: 1e-02 → 1e-01 (BC=1.0882e-05) <<<
Epoch  57/100 | Steps:  57000 | α=1e-01 | Loss: 2.6217e-05 | BC: 1.0882e-05 | PDE: 1.5336e-03 | Val: 3.9378e-05 | Test: 1.9421e-05 | LR=4.1e-04 *
Epoch  58/100 | Steps:  58000 | α=1e-01 | Loss: 3.8810e-04 | BC: 7.4449e-05 | PDE: 3.1365e-03 | Val: 6.1532e-05 | Test: 6.4760e-05 | LR=4.0e-04
Epoch  59/100 | Steps:  59000 | α=1e-01 | Loss: 1.8165e-04 | BC: 3.1195e-05 | PDE: 1.5046e-03 | Val: 2.8994e-05 | Test: 1.7111e-05 | LR=3.8e-04 *
Epoch  60/100 | Steps:  60000 | α=1e-01 | Loss: 3.0382e-04 | BC: 6.6235e-05 | PDE: 2.3758e-03 | Val: 5.0882e-06 | Test: 4.9271e-06 | LR=3.7e-04 *
Epoch  61/100 | Steps:  61000 | α=1e-01 | Loss: 1.2343e-04 | BC: 2.1518e-05 | PDE: 1.0191e-03 | Val: 2.9169e-05 | Test: 3.4962e-05 | LR=3.5e-04
Epoch  62/100 | Steps:  62000 | α=1e-01 | Loss: 1.0980e-04 | BC: 2.0602e-05 | PDE: 8.9195e-04 | Val: 2.4837e-05 | Test: 3.0860e-05 | LR=3.4e-04
Epoch  63/100 | Steps:  63000 | α=1e-01 | Loss: 1.1029e-04 | BC: 1.9949e-05 | PDE: 9.0343e-04 | Val: 7.1463e-06 | Test: 6.9944e-06 | LR=3.2e-04
Epoch  64/100 | Steps:  64000 | α=1e-01 | Loss: 1.0535e-04 | BC: 2.0962e-05 | PDE: 8.4384e-04 | Val: 3.0364e-05 | Test: 2.4953e-05 | LR=3.1e-04
Epoch  65/100 | Steps:  65000 | α=1e-01 | Loss: 9.0756e-05 | BC: 1.7200e-05 | PDE: 7.3556e-04 | Val: 1.2806e-05 | Test: 7.7900e-06 | LR=2.9e-04
Epoch  66/100 | Steps:  66000 | α=1e-01 | Loss: 7.3310e-05 | BC: 1.3780e-05 | PDE: 5.9530e-04 | Val: 2.9359e-05 | Test: 2.5895e-05 | LR=2.8e-04
Epoch  67/100 | Steps:  67000 | α=1e-01 | Loss: 7.0979e-05 | BC: 1.3933e-05 | PDE: 5.7046e-04 | Val: 1.7355e-05 | Test: 1.3408e-05 | LR=2.7e-04
Epoch  68/100 | Steps:  68000 | α=1e-01 | Loss: 6.9683e-05 | BC: 1.4920e-05 | PDE: 5.4763e-04 | Val: 1.0096e-05 | Test: 1.1679e-05 | LR=2.5e-04
Epoch  69/100 | Steps:  69000 | α=1e-01 | Loss: 5.8518e-05 | BC: 1.2005e-05 | PDE: 4.6513e-04 | Val: 3.1469e-05 | Test: 1.4308e-05 | LR=2.4e-04
Epoch  70/100 | Steps:  70000 | α=1e-01 | Loss: 6.4664e-05 | BC: 1.3737e-05 | PDE: 5.0927e-04 | Val: 8.5003e-06 | Test: 8.3090e-06 | LR=2.3e-04
Epoch  71/100 | Steps:  71000 | α=1e-01 | Loss: 7.2425e-05 | BC: 1.5778e-05 | PDE: 5.6647e-04 | Val: 2.6523e-06 | Test: 2.1803e-06 | LR=2.1e-04 *
Epoch  72/100 | Steps:  72000 | α=1e-01 | Loss: 5.0832e-05 | BC: 1.0780e-05 | PDE: 4.0051e-04 | Val: 5.1511e-06 | Test: 3.1192e-06 | LR=2.0e-04
Epoch  73/100 | Steps:  73000 | α=1e-01 | Loss: 4.8161e-05 | BC: 9.9426e-06 | PDE: 3.8218e-04 | Val: 2.5782e-06 | Test: 1.9681e-06 | LR=1.9e-04 *
Epoch  74/100 | Steps:  74000 | α=1e-01 | Loss: 4.3249e-05 | BC: 8.5726e-06 | PDE: 3.4676e-04 | Val: 4.3983e-06 | Test: 3.6255e-06 | LR=1.8e-04
Epoch  75/100 | Steps:  75000 | α=1e-01 | Loss: 3.6093e-05 | BC: 6.8430e-06 | PDE: 2.9250e-04 | Val: 5.5475e-06 | Test: 4.4217e-06 | LR=1.7e-04
Epoch  76/100 | Steps:  76000 | α=1e-01 | Loss: 5.7538e-05 | BC: 1.2175e-05 | PDE: 4.5364e-04 | Val: 6.7987e-06 | Test: 7.3635e-06 | LR=1.5e-04
Epoch  77/100 | Steps:  77000 | α=1e-01 | Loss: 2.3639e-05 | BC: 4.1719e-06 | PDE: 1.9467e-04 | Val: 3.4981e-06 | Test: 3.0206e-06 | LR=1.4e-04
Epoch  78/100 | Steps:  78000 | α=1e-01 | Loss: 2.6945e-05 | BC: 5.1782e-06 | PDE: 2.1767e-04 | Val: 4.6526e-06 | Test: 3.4410e-06 | LR=1.3e-04
Epoch  79/100 | Steps:  79000 | α=1e-01 | Loss: 2.6464e-05 | BC: 5.2091e-06 | PDE: 2.1255e-04 | Val: 7.6198e-06 | Test: 9.9015e-06 | LR=1.2e-04
Epoch  80/100 | Steps:  80000 | α=1e-01 | Loss: 2.2200e-05 | BC: 3.9545e-06 | PDE: 1.8246e-04 | Val: 2.5140e-06 | Test: 2.3961e-06 | LR=1.1e-04 *
Epoch  81/100 | Steps:  81000 | α=1e-01 | Loss: 2.4272e-05 | BC: 4.4177e-06 | PDE: 1.9854e-04 | Val: 8.1801e-06 | Test: 6.9841e-06 | LR=1.0e-04
Epoch  82/100 | Steps:  82000 | α=1e-01 | Loss: 1.9404e-05 | BC: 2.8986e-06 | PDE: 1.6505e-04 | Val: 9.7462e-07 | Test: 1.4078e-06 | LR=9.6e-05 *
Epoch  83/100 | Steps:  83000 | α=1e-01 | Loss: 1.6792e-05 | BC: 2.6866e-06 | PDE: 1.4106e-04 | Val: 2.1243e-06 | Test: 3.0577e-06 | LR=8.7e-05
Epoch  84/100 | Steps:  84000 | α=1e-01 | Loss: 2.8913e-05 | BC: 5.8264e-06 | PDE: 2.3086e-04 | Val: 4.7191e-06 | Test: 8.8262e-06 | LR=7.9e-05
Epoch  85/100 | Steps:  85000 | α=1e-01 | Loss: 1.3643e-05 | BC: 1.7895e-06 | PDE: 1.1853e-04 | Val: 1.4945e-06 | Test: 1.8567e-06 | LR=7.1e-05
Epoch  86/100 | Steps:  86000 | α=1e-01 | Loss: 1.3777e-05 | BC: 1.8367e-06 | PDE: 1.1940e-04 | Val: 3.1565e-06 | Test: 2.1463e-06 | LR=6.4e-05
Epoch  87/100 | Steps:  87000 | α=1e-01 | Loss: 1.2178e-05 | BC: 1.5054e-06 | PDE: 1.0673e-04 | Val: 2.3565e-06 | Test: 1.3771e-06 | LR=5.7e-05
Epoch  88/100 | Steps:  88000 | α=1e-01 | Loss: 1.2467e-05 | BC: 1.6588e-06 | PDE: 1.0808e-04 | Val: 9.8965e-07 | Test: 9.3683e-07 | LR=5.1e-05
Epoch  89/100 | Steps:  89000 | α=1e-01 | Loss: 1.1449e-05 | BC: 1.3840e-06 | PDE: 1.0065e-04 | Val: 3.9624e-07 | Test: 7.6707e-07 | LR=4.5e-05 *
Epoch  90/100 | Steps:  90000 | α=1e-01 | Loss: 1.1144e-05 | BC: 1.3515e-06 | PDE: 9.7924e-05 | Val: 7.1553e-07 | Test: 1.1887e-06 | LR=3.9e-05
Epoch  91/100 | Steps:  91000 | α=1e-01 | Loss: 8.8618e-06 | BC: 8.9578e-07 | PDE: 7.9660e-05 | Val: 9.9021e-07 | Test: 1.6107e-06 | LR=3.4e-05
Epoch  92/100 | Steps:  92000 | α=1e-01 | Loss: 9.5676e-06 | BC: 9.7055e-07 | PDE: 8.5970e-05 | Val: 1.2789e-06 | Test: 1.7274e-06 | LR=3.0e-05
Epoch  93/100 | Steps:  93000 | α=1e-01 | Loss: 8.1959e-06 | BC: 7.5341e-07 | PDE: 7.4425e-05 | Val: 1.7386e-06 | Test: 1.8100e-06 | LR=2.6e-05
Epoch  94/100 | Steps:  94000 | α=1e-01 | Loss: 7.4615e-06 | BC: 6.3779e-07 | PDE: 6.8237e-05 | Val: 8.5263e-07 | Test: 9.1835e-07 | LR=2.2e-05
Epoch  95/100 | Steps:  95000 | α=1e-01 | Loss: 6.5572e-06 | BC: 4.3234e-07 | PDE: 6.1248e-05 | Val: 2.5779e-07 | Test: 5.5718e-07 | LR=1.9e-05 *
Epoch  96/100 | Steps:  96000 | α=1e-01 | Loss: 7.0667e-06 | BC: 5.0902e-07 | PDE: 6.5577e-05 | Val: 5.6766e-07 | Test: 8.3328e-07 | LR=1.6e-05
Epoch  97/100 | Steps:  97000 | α=1e-01 | Loss: 6.7150e-06 | BC: 4.3146e-07 | PDE: 6.2835e-05 | Val: 6.0504e-07 | Test: 9.0682e-07 | LR=1.4e-05
Epoch  98/100 | Steps:  98000 | α=1e-01 | Loss: 6.6577e-06 | BC: 4.2755e-07 | PDE: 6.2301e-05 | Val: 6.6579e-07 | Test: 1.1337e-06 | LR=1.2e-05
Epoch  99/100 | Steps:  99000 | α=1e-01 | Loss: 8.0499e-06 | BC: 9.1995e-07 | PDE: 7.1299e-05 | Val: 3.1783e-07 | Test: 7.9774e-07 | LR=1.1e-05
Epoch 100/100 | Steps: 100000 | α=1e-01 | Loss: 5.7020e-06 | BC: 2.8728e-07 | PDE: 5.4147e-05 | Val: 3.6944e-07 | Test: 6.7930e-07 | LR=1.0e-05

Restored best model from epoch 95 (val_loss: 2.5779e-07, test_loss: 5.5718e-07)
Best checkpoint saved to: outputs/checkpoints/best_model_aronsson_square.pt
Final checkpoint saved to: outputs/checkpoints/final_model_aronsson_square.pt
Training completed in 850.59s (100,000 total steps)

Final Test MSE: 6.7930e-07
Inference (per point): 7.4935e-05s | (full domain): 1.0109e-04s
Saved plot to outputs/plots/results_aronsson_square.png
