
============================================================
Running Example: absolute
============================================================

Generated full domain data:
  Boundary points: 40,000
  Interior points: 1,000,000
  Test points: 10,000
Re-sampling enabled: ~1,000,000 interior points per epoch

Splitting data: 80% train, 20% validation
  BC: 32,000 train, 8,000 val
  Interior: 800,000 train, 200,000 val

Model: InfinityLaplacianPINN
  Hidden layers: [128, 128, 128, 128]
  Activation: tanh
  Residual clipping: [-10.0, 10.0]
  Outlier removal: top 2.0%
  Parameters: 50,049

Training configuration:
  Boundary points (train): 32,000 -> 80 batches of 400
  Interior points (train): 1,000,000 -> 1000 batches of 1000
  Interior sampling: RE-SAMPLE each epoch
  Boundary points (val): 8,000
  Validation loss: BC only
  Steps per epoch: 1,000
  Total steps: 100,000
  Epochs: 100
  Loss balancing: AlphaPlateauScheduler
  LR scheduler: cosine (LR: 1.0e-03 -> 1.0e-05)

/usr/local/lib/python3.12/dist-packages/torch/autograd/graph.py:824: UserWarning: Attempting to run cuBLAS, but there was no current CUDA context! Attempting to set the primary context... (Triggered internally at /opt/pytorch/pytorch/aten/src/ATen/cuda/CublasHandlePool.cpp:181.)
  return Variable._execution_engine.run_backward(  # Calls into the C++ engine to run the backward pass
Epoch   1/100 | Steps:   1000 | α=1e-05 | Loss: 1.8965e-02 | BC: 1.8905e-02 | PDE: 6.0287e+00 | Val: 3.5917e-04 | Test: 1.8840e-02 | LR=1.0e-03 *
Epoch   2/100 | Steps:   2000 | α=1e-05 | Loss: 3.7726e-04 | BC: 3.3831e-04 | PDE: 3.8954e+00 | Val: 1.3387e-04 | Test: 7.0904e-03 | LR=1.0e-03 *
Epoch   3/100 | Steps:   3000 | α=1e-05 | Loss: 2.6691e-04 | BC: 2.3268e-04 | PDE: 3.4233e+00 | Val: 1.1916e-04 | Test: 2.2298e-03 | LR=1.0e-03 *
Epoch   4/100 | Steps:   4000 | α=1e-05 | Loss: 2.0808e-04 | BC: 1.8064e-04 | PDE: 2.7438e+00 | Val: 1.8332e-04 | Test: 1.5428e-03 | LR=1.0e-03
Epoch   5/100 | Steps:   5000 | α=1e-05 | Loss: 1.8706e-04 | BC: 1.6552e-04 | PDE: 2.1549e+00 | Val: 1.3152e-04 | Test: 1.3709e-03 | LR=1.0e-03
Epoch   6/100 | Steps:   6000 | α=1e-05 | Loss: 1.5079e-04 | BC: 1.3320e-04 | PDE: 1.7593e+00 | Val: 3.2314e-04 | Test: 7.2615e-04 | LR=9.9e-04
Epoch   7/100 | Steps:   7000 | α=1e-05 | Loss: 1.3935e-04 | BC: 1.2460e-04 | PDE: 1.4752e+00 | Val: 1.6280e-04 | Test: 8.2361e-04 | LR=9.9e-04
Epoch   8/100 | Steps:   8000 | α=1e-05 | Loss: 1.3907e-04 | BC: 1.2647e-04 | PDE: 1.2596e+00 | Val: 1.2850e-04 | Test: 9.3266e-04 | LR=9.9e-04
Epoch   9/100 | Steps:   9000 | α=1e-05 | Loss: 1.1133e-04 | BC: 1.0073e-04 | PDE: 1.0598e+00 | Val: 1.2459e-04 | Test: 1.1018e-03 | LR=9.8e-04
Epoch  10/100 | Steps:  10000 | α=1e-05 | Loss: 1.1534e-04 | BC: 1.0617e-04 | PDE: 9.1618e-01 | Val: 1.0822e-05 | Test: 8.6414e-04 | LR=9.8e-04 *
Epoch  11/100 | Steps:  11000 | α=1e-05 | Loss: 8.9196e-05 | BC: 8.1743e-05 | PDE: 7.4529e-01 | Val: 5.9930e-04 | Test: 1.5408e-03 | LR=9.8e-04
Epoch  12/100 | Steps:  12000 | α=1e-05 | Loss: 9.6625e-05 | BC: 8.9879e-05 | PDE: 6.7453e-01 | Val: 1.0317e-04 | Test: 1.3829e-03 | LR=9.7e-04
Epoch  13/100 | Steps:  13000 | α=1e-05 | Loss: 7.7349e-05 | BC: 7.1180e-05 | PDE: 6.1688e-01 | Val: 1.1159e-05 | Test: 6.3056e-04 | LR=9.7e-04
Epoch  14/100 | Steps:  14000 | α=1e-05 | Loss: 7.3324e-05 | BC: 6.7943e-05 | PDE: 5.3802e-01 | Val: 4.2757e-05 | Test: 7.6208e-04 | LR=9.6e-04
Epoch  15/100 | Steps:  15000 | α=1e-05 | Loss: 5.6481e-05 | BC: 5.1488e-05 | PDE: 4.9927e-01 | Val: 2.6315e-05 | Test: 6.1994e-04 | LR=9.5e-04
Epoch  16/100 | Steps:  16000 | α=1e-05 | Loss: 6.3463e-05 | BC: 5.8889e-05 | PDE: 4.5734e-01 | Val: 7.0339e-06 | Test: 6.3027e-04 | LR=9.5e-04 *
Epoch  17/100 | Steps:  17000 | α=1e-05 | Loss: 7.2427e-05 | BC: 6.8145e-05 | PDE: 4.2827e-01 | Val: 3.7807e-05 | Test: 6.0960e-04 | LR=9.4e-04
Epoch  18/100 | Steps:  18000 | α=1e-05 | Loss: 4.6181e-05 | BC: 4.2123e-05 | PDE: 4.0578e-01 | Val: 3.0742e-06 | Test: 5.6244e-04 | LR=9.3e-04 *
Epoch  19/100 | Steps:  19000 | α=1e-05 | Loss: 5.5432e-05 | BC: 5.1446e-05 | PDE: 3.9863e-01 | Val: 3.3942e-05 | Test: 5.0964e-04 | LR=9.2e-04

>>> Alpha increased: 1e-05 → 1e-04 (BC=4.2672e-05) <<<
Epoch  20/100 | Steps:  20000 | α=1e-04 | Loss: 4.6136e-05 | BC: 4.2672e-05 | PDE: 3.4643e-01 | Val: 1.7299e-05 | Test: 5.2381e-04 | LR=9.1e-04 *
Epoch  21/100 | Steps:  21000 | α=1e-04 | Loss: 7.1870e-05 | BC: 5.8367e-05 | PDE: 1.3503e-01 | Val: 4.5171e-05 | Test: 6.7911e-04 | LR=9.1e-04
Epoch  22/100 | Steps:  22000 | α=1e-04 | Loss: 5.5815e-05 | BC: 4.7740e-05 | PDE: 8.0751e-02 | Val: 5.7624e-05 | Test: 5.6142e-04 | LR=9.0e-04
Epoch  23/100 | Steps:  23000 | α=1e-04 | Loss: 4.5984e-05 | BC: 3.9746e-05 | PDE: 6.2386e-02 | Val: 3.4338e-05 | Test: 6.1052e-04 | LR=8.9e-04
Epoch  24/100 | Steps:  24000 | α=1e-04 | Loss: 4.3396e-05 | BC: 3.8082e-05 | PDE: 5.3147e-02 | Val: 3.5011e-05 | Test: 6.3607e-04 | LR=8.8e-04
Epoch  25/100 | Steps:  25000 | α=1e-04 | Loss: 5.0060e-05 | BC: 4.5297e-05 | PDE: 4.7627e-02 | Val: 4.1023e-06 | Test: 5.6153e-04 | LR=8.7e-04 *
Epoch  26/100 | Steps:  26000 | α=1e-04 | Loss: 3.4225e-05 | BC: 3.0007e-05 | PDE: 4.2186e-02 | Val: 1.2652e-05 | Test: 6.0350e-04 | LR=8.6e-04
Epoch  27/100 | Steps:  27000 | α=1e-04 | Loss: 3.7766e-05 | BC: 3.3862e-05 | PDE: 3.9034e-02 | Val: 4.3976e-05 | Test: 5.8579e-04 | LR=8.4e-04
Epoch  28/100 | Steps:  28000 | α=1e-04 | Loss: 3.7650e-05 | BC: 3.3917e-05 | PDE: 3.7331e-02 | Val: 1.7662e-05 | Test: 5.9290e-04 | LR=8.3e-04
Epoch  29/100 | Steps:  29000 | α=1e-04 | Loss: 3.3833e-05 | BC: 3.0343e-05 | PDE: 3.4901e-02 | Val: 5.7278e-06 | Test: 5.6402e-04 | LR=8.2e-04
Epoch  30/100 | Steps:  30000 | α=1e-04 | Loss: 3.5393e-05 | BC: 3.2141e-05 | PDE: 3.2524e-02 | Val: 2.0640e-05 | Test: 5.6230e-04 | LR=8.1e-04
Epoch  31/100 | Steps:  31000 | α=1e-04 | Loss: 2.6569e-05 | BC: 2.3501e-05 | PDE: 3.0686e-02 | Val: 3.2991e-06 | Test: 5.7160e-04 | LR=8.0e-04 *
Epoch  32/100 | Steps:  32000 | α=1e-04 | Loss: 2.3760e-05 | BC: 2.0903e-05 | PDE: 2.8570e-02 | Val: 2.7568e-05 | Test: 5.7712e-04 | LR=7.8e-04
Epoch  33/100 | Steps:  33000 | α=1e-04 | Loss: 2.5949e-05 | BC: 2.3194e-05 | PDE: 2.7550e-02 | Val: 1.0726e-05 | Test: 5.8653e-04 | LR=7.7e-04
Epoch  34/100 | Steps:  34000 | α=1e-04 | Loss: 3.7922e-05 | BC: 3.5196e-05 | PDE: 2.7265e-02 | Val: 9.0821e-05 | Test: 6.3421e-04 | LR=7.6e-04
Epoch  35/100 | Steps:  35000 | α=1e-04 | Loss: 2.0635e-05 | BC: 1.8160e-05 | PDE: 2.4750e-02 | Val: 3.7498e-05 | Test: 6.2540e-04 | LR=7.4e-04
Epoch  36/100 | Steps:  36000 | α=1e-04 | Loss: 2.3718e-05 | BC: 2.1305e-05 | PDE: 2.4124e-02 | Val: 1.9049e-05 | Test: 5.9683e-04 | LR=7.3e-04
Epoch  37/100 | Steps:  37000 | α=1e-04 | Loss: 1.9487e-05 | BC: 1.7277e-05 | PDE: 2.2107e-02 | Val: 1.5897e-05 | Test: 5.9089e-04 | LR=7.2e-04
Epoch  38/100 | Steps:  38000 | α=1e-04 | Loss: 2.1369e-05 | BC: 1.9200e-05 | PDE: 2.1695e-02 | Val: 6.4174e-06 | Test: 5.7537e-04 | LR=7.0e-04
Epoch  39/100 | Steps:  39000 | α=1e-04 | Loss: 1.7547e-05 | BC: 1.5506e-05 | PDE: 2.0406e-02 | Val: 2.0329e-06 | Test: 5.9187e-04 | LR=6.9e-04 *

>>> Alpha increased: 1e-04 → 1e-03 (BC=1.7783e-05) <<<
Epoch  40/100 | Steps:  40000 | α=1e-03 | Loss: 1.9729e-05 | BC: 1.7783e-05 | PDE: 1.9462e-02 | Val: 4.4425e-06 | Test: 5.8858e-04 | LR=6.7e-04 *
Epoch  41/100 | Steps:  41000 | α=1e-03 | Loss: 3.2705e-05 | BC: 1.9901e-05 | PDE: 1.2804e-02 | Val: 6.8608e-06 | Test: 6.5711e-04 | LR=6.6e-04
Epoch  42/100 | Steps:  42000 | α=1e-03 | Loss: 2.6813e-05 | BC: 1.7651e-05 | PDE: 9.1614e-03 | Val: 2.1379e-05 | Test: 7.0767e-04 | LR=6.4e-04
Epoch  43/100 | Steps:  43000 | α=1e-03 | Loss: 2.3938e-05 | BC: 1.6080e-05 | PDE: 7.8584e-03 | Val: 9.3852e-05 | Test: 8.0136e-04 | LR=6.3e-04
Epoch  44/100 | Steps:  44000 | α=1e-03 | Loss: 2.1712e-05 | BC: 1.4529e-05 | PDE: 7.1836e-03 | Val: 1.7291e-05 | Test: 6.6281e-04 | LR=6.1e-04
Epoch  45/100 | Steps:  45000 | α=1e-03 | Loss: 1.9599e-05 | BC: 1.3091e-05 | PDE: 6.5083e-03 | Val: 1.2917e-05 | Test: 6.5727e-04 | LR=6.0e-04
Epoch  46/100 | Steps:  46000 | α=1e-03 | Loss: 2.0666e-05 | BC: 1.4555e-05 | PDE: 6.1111e-03 | Val: 5.4161e-06 | Test: 6.5992e-04 | LR=5.8e-04
Epoch  47/100 | Steps:  47000 | α=1e-03 | Loss: 2.0107e-05 | BC: 1.4533e-05 | PDE: 5.5744e-03 | Val: 3.4281e-06 | Test: 6.6106e-04 | LR=5.7e-04 *
Epoch  48/100 | Steps:  48000 | α=1e-03 | Loss: 1.4916e-05 | BC: 9.7190e-06 | PDE: 5.1974e-03 | Val: 1.9372e-05 | Test: 6.8436e-04 | LR=5.5e-04
Epoch  49/100 | Steps:  49000 | α=1e-03 | Loss: 1.6090e-05 | BC: 1.1289e-05 | PDE: 4.8014e-03 | Val: 5.9780e-06 | Test: 6.8752e-04 | LR=5.4e-04
Epoch  50/100 | Steps:  50000 | α=1e-03 | Loss: 1.5191e-05 | BC: 1.0522e-05 | PDE: 4.6690e-03 | Val: 2.0167e-05 | Test: 6.7662e-04 | LR=5.2e-04
Epoch  51/100 | Steps:  51000 | α=1e-03 | Loss: 1.3937e-05 | BC: 9.6473e-06 | PDE: 4.2893e-03 | Val: 6.6774e-06 | Test: 6.5013e-04 | LR=5.1e-04
Epoch  52/100 | Steps:  52000 | α=1e-03 | Loss: 1.2502e-05 | BC: 8.5415e-06 | PDE: 3.9605e-03 | Val: 4.0270e-06 | Test: 6.4666e-04 | LR=4.9e-04

>>> Alpha increased: 1e-03 → 1e-02 (BC=8.6595e-06) <<<
Epoch  53/100 | Steps:  53000 | α=1e-02 | Loss: 1.2421e-05 | BC: 8.6595e-06 | PDE: 3.7612e-03 | Val: 5.2841e-06 | Test: 6.6025e-04 | LR=4.7e-04 *
Epoch  54/100 | Steps:  54000 | α=1e-02 | Loss: 6.8630e-05 | BC: 2.7635e-05 | PDE: 4.0995e-03 | Val: 2.7663e-05 | Test: 8.3647e-04 | LR=4.6e-04
Epoch  55/100 | Steps:  55000 | α=1e-02 | Loss: 4.2156e-05 | BC: 1.6603e-05 | PDE: 2.5553e-03 | Val: 1.5972e-05 | Test: 8.4448e-04 | LR=4.4e-04
Epoch  56/100 | Steps:  56000 | α=1e-02 | Loss: 3.8738e-05 | BC: 1.6145e-05 | PDE: 2.2594e-03 | Val: 1.4786e-05 | Test: 8.4690e-04 | LR=4.3e-04
Epoch  57/100 | Steps:  57000 | α=1e-02 | Loss: 3.4917e-05 | BC: 1.4376e-05 | PDE: 2.0541e-03 | Val: 2.2279e-05 | Test: 8.1623e-04 | LR=4.1e-04
Epoch  58/100 | Steps:  58000 | α=1e-02 | Loss: 3.3602e-05 | BC: 1.3779e-05 | PDE: 1.9823e-03 | Val: 1.0052e-05 | Test: 7.8252e-04 | LR=4.0e-04
Epoch  59/100 | Steps:  59000 | α=1e-02 | Loss: 3.1963e-05 | BC: 1.2949e-05 | PDE: 1.9013e-03 | Val: 1.0945e-05 | Test: 7.7007e-04 | LR=3.8e-04
Epoch  60/100 | Steps:  60000 | α=1e-02 | Loss: 3.0694e-05 | BC: 1.2753e-05 | PDE: 1.7940e-03 | Val: 2.5113e-05 | Test: 7.8991e-04 | LR=3.7e-04
Epoch  61/100 | Steps:  61000 | α=1e-02 | Loss: 2.8961e-05 | BC: 1.1968e-05 | PDE: 1.6993e-03 | Val: 1.9232e-05 | Test: 7.8559e-04 | LR=3.5e-04
Epoch  62/100 | Steps:  62000 | α=1e-02 | Loss: 2.5259e-05 | BC: 1.0576e-05 | PDE: 1.4683e-03 | Val: 7.3050e-06 | Test: 7.8431e-04 | LR=3.4e-04
Epoch  63/100 | Steps:  63000 | α=1e-02 | Loss: 2.5394e-05 | BC: 1.0221e-05 | PDE: 1.5174e-03 | Val: 8.9003e-06 | Test: 7.8041e-04 | LR=3.2e-04
Epoch  64/100 | Steps:  64000 | α=1e-02 | Loss: 2.3596e-05 | BC: 9.9520e-06 | PDE: 1.3644e-03 | Val: 8.1373e-06 | Test: 7.7292e-04 | LR=3.1e-04
Epoch  65/100 | Steps:  65000 | α=1e-02 | Loss: 2.1543e-05 | BC: 8.6281e-06 | PDE: 1.2915e-03 | Val: 8.1449e-06 | Test: 7.8090e-04 | LR=2.9e-04
Epoch  66/100 | Steps:  66000 | α=1e-02 | Loss: 2.2116e-05 | BC: 8.8954e-06 | PDE: 1.3220e-03 | Val: 9.1930e-06 | Test: 7.4306e-04 | LR=2.8e-04
Epoch  67/100 | Steps:  67000 | α=1e-02 | Loss: 2.0755e-05 | BC: 8.3085e-06 | PDE: 1.2446e-03 | Val: 1.2517e-05 | Test: 7.7306e-04 | LR=2.7e-04
Epoch  68/100 | Steps:  68000 | α=1e-02 | Loss: 1.9414e-05 | BC: 7.6487e-06 | PDE: 1.1766e-03 | Val: 7.2729e-06 | Test: 7.8753e-04 | LR=2.5e-04
Epoch  69/100 | Steps:  69000 | α=1e-02 | Loss: 1.7902e-05 | BC: 7.0504e-06 | PDE: 1.0852e-03 | Val: 1.2781e-05 | Test: 7.8030e-04 | LR=2.4e-04
Epoch  70/100 | Steps:  70000 | α=1e-02 | Loss: 1.7383e-05 | BC: 7.0743e-06 | PDE: 1.0309e-03 | Val: 8.2693e-06 | Test: 7.6110e-04 | LR=2.3e-04
Epoch  71/100 | Steps:  71000 | α=1e-02 | Loss: 1.7261e-05 | BC: 6.5051e-06 | PDE: 1.0756e-03 | Val: 9.7934e-06 | Test: 7.7799e-04 | LR=2.1e-04
Epoch  72/100 | Steps:  72000 | α=1e-02 | Loss: 1.5142e-05 | BC: 5.7825e-06 | PDE: 9.3593e-04 | Val: 4.1198e-06 | Test: 7.4687e-04 | LR=2.0e-04 *
Epoch  73/100 | Steps:  73000 | α=1e-02 | Loss: 1.4568e-05 | BC: 5.6600e-06 | PDE: 8.9078e-04 | Val: 5.7857e-06 | Test: 7.4741e-04 | LR=1.9e-04
Epoch  74/100 | Steps:  74000 | α=1e-02 | Loss: 1.4074e-05 | BC: 5.3822e-06 | PDE: 8.6915e-04 | Val: 6.4917e-06 | Test: 7.5654e-04 | LR=1.8e-04
Epoch  75/100 | Steps:  75000 | α=1e-02 | Loss: 1.2746e-05 | BC: 4.8070e-06 | PDE: 7.9391e-04 | Val: 6.5913e-06 | Test: 7.5858e-04 | LR=1.7e-04
Epoch  76/100 | Steps:  76000 | α=1e-02 | Loss: 1.2484e-05 | BC: 4.6776e-06 | PDE: 7.8068e-04 | Val: 4.8882e-06 | Test: 7.5193e-04 | LR=1.5e-04
Epoch  77/100 | Steps:  77000 | α=1e-02 | Loss: 1.0817e-05 | BC: 4.0348e-06 | PDE: 6.7825e-04 | Val: 4.7561e-06 | Test: 7.3855e-04 | LR=1.4e-04
Epoch  78/100 | Steps:  78000 | α=1e-02 | Loss: 1.0569e-05 | BC: 4.0171e-06 | PDE: 6.5514e-04 | Val: 2.7029e-06 | Test: 7.4016e-04 | LR=1.3e-04 *
Epoch  79/100 | Steps:  79000 | α=1e-02 | Loss: 1.0240e-05 | BC: 3.7336e-06 | PDE: 6.5063e-04 | Val: 4.5006e-06 | Test: 7.3822e-04 | LR=1.2e-04
Epoch  80/100 | Steps:  80000 | α=1e-02 | Loss: 9.9469e-06 | BC: 3.6857e-06 | PDE: 6.2612e-04 | Val: 3.2105e-06 | Test: 7.2661e-04 | LR=1.1e-04
Epoch  81/100 | Steps:  81000 | α=1e-02 | Loss: 9.4832e-06 | BC: 3.3557e-06 | PDE: 6.1275e-04 | Val: 4.3183e-06 | Test: 7.5477e-04 | LR=1.0e-04

>>> Alpha increased: 1e-02 → 1e-01 (BC=3.3190e-06) <<<
Epoch  82/100 | Steps:  82000 | α=1e-01 | Loss: 9.1776e-06 | BC: 3.3190e-06 | PDE: 5.8586e-04 | Val: 5.2486e-06 | Test: 7.4066e-04 | LR=9.6e-05 *
Epoch  83/100 | Steps:  83000 | α=1e-01 | Loss: 7.8561e-05 | BC: 1.5759e-05 | PDE: 6.2802e-04 | Val: 9.7022e-06 | Test: 8.4721e-04 | LR=8.7e-05
Epoch  84/100 | Steps:  84000 | α=1e-01 | Loss: 4.3847e-05 | BC: 1.1090e-05 | PDE: 3.2757e-04 | Val: 9.1467e-06 | Test: 8.3445e-04 | LR=7.9e-05
Epoch  85/100 | Steps:  85000 | α=1e-01 | Loss: 4.3929e-05 | BC: 1.1020e-05 | PDE: 3.2909e-04 | Val: 1.0296e-05 | Test: 8.4608e-04 | LR=7.1e-05
Epoch  86/100 | Steps:  86000 | α=1e-01 | Loss: 3.9190e-05 | BC: 1.0370e-05 | PDE: 2.8820e-04 | Val: 1.0550e-05 | Test: 8.4473e-04 | LR=6.4e-05
Epoch  87/100 | Steps:  87000 | α=1e-01 | Loss: 3.6332e-05 | BC: 9.8370e-06 | PDE: 2.6495e-04 | Val: 1.0093e-05 | Test: 8.4074e-04 | LR=5.7e-05
Epoch  88/100 | Steps:  88000 | α=1e-01 | Loss: 3.3575e-05 | BC: 9.2823e-06 | PDE: 2.4292e-04 | Val: 1.0818e-05 | Test: 8.3598e-04 | LR=5.1e-05
Epoch  89/100 | Steps:  89000 | α=1e-01 | Loss: 3.2574e-05 | BC: 9.3727e-06 | PDE: 2.3201e-04 | Val: 8.9001e-06 | Test: 8.4455e-04 | LR=4.5e-05
Epoch  90/100 | Steps:  90000 | α=1e-01 | Loss: 2.9813e-05 | BC: 8.6206e-06 | PDE: 2.1193e-04 | Val: 7.9181e-06 | Test: 8.3541e-04 | LR=3.9e-05
Epoch  91/100 | Steps:  91000 | α=1e-01 | Loss: 2.7448e-05 | BC: 8.1268e-06 | PDE: 1.9321e-04 | Val: 9.1183e-06 | Test: 8.3683e-04 | LR=3.4e-05
Epoch  92/100 | Steps:  92000 | α=1e-01 | Loss: 2.7361e-05 | BC: 8.0453e-06 | PDE: 1.9316e-04 | Val: 8.7318e-06 | Test: 8.4072e-04 | LR=3.0e-05
Epoch  93/100 | Steps:  93000 | α=1e-01 | Loss: 2.6164e-05 | BC: 7.9667e-06 | PDE: 1.8197e-04 | Val: 9.0348e-06 | Test: 8.4585e-04 | LR=2.6e-05
Epoch  94/100 | Steps:  94000 | α=1e-01 | Loss: 2.4488e-05 | BC: 7.5858e-06 | PDE: 1.6902e-04 | Val: 7.6263e-06 | Test: 8.3135e-04 | LR=2.2e-05
Epoch  95/100 | Steps:  95000 | α=1e-01 | Loss: 2.2699e-05 | BC: 7.2990e-06 | PDE: 1.5400e-04 | Val: 7.5024e-06 | Test: 8.3173e-04 | LR=1.9e-05
Epoch  96/100 | Steps:  96000 | α=1e-01 | Loss: 2.2790e-05 | BC: 7.3008e-06 | PDE: 1.5489e-04 | Val: 8.2274e-06 | Test: 8.2914e-04 | LR=1.6e-05
Epoch  97/100 | Steps:  97000 | α=1e-01 | Loss: 2.3508e-05 | BC: 7.4952e-06 | PDE: 1.6012e-04 | Val: 7.4866e-06 | Test: 8.3114e-04 | LR=1.4e-05
Epoch  98/100 | Steps:  98000 | α=1e-01 | Loss: 2.2273e-05 | BC: 7.2677e-06 | PDE: 1.5006e-04 | Val: 8.1242e-06 | Test: 8.3664e-04 | LR=1.2e-05
Epoch  99/100 | Steps:  99000 | α=1e-01 | Loss: 2.1662e-05 | BC: 6.9799e-06 | PDE: 1.4683e-04 | Val: 7.6804e-06 | Test: 8.3451e-04 | LR=1.1e-05
Epoch 100/100 | Steps: 100000 | α=1e-01 | Loss: 2.0658e-05 | BC: 6.8779e-06 | PDE: 1.3780e-04 | Val: 7.0639e-06 | Test: 8.2610e-04 | LR=1.0e-05

Restored best model from epoch 82 (val_loss: 5.2486e-06, test_loss: 7.4066e-04)
Best checkpoint saved to: outputs/expr_7_1/absolute/eta0/checkpoints/best_model.pt
Final checkpoint saved to: outputs/expr_7_1/absolute/eta0/checkpoints/final_model.pt
Training completed in 950.71s (100,000 total steps)

Final Test MSE: 8.2610e-04
Inference (per point): 1.4778e-04s | (full domain): 1.4572e-04s
Saved plot to outputs/expr_7_1/absolute/eta0/plots/results.png
