
============================================================
Dist-to-Boundary  —  Ellipse 1 (a=1, b=¼)  (2-D)
============================================================
Device: cuda
  Loaded p=5: 372736 points, mse: 2.419210e-03
  Loaded p=10: 372736 points, mse: 6.431420e-04
  Loaded p=15: 372736 points, mse: 2.912426e-04
  Loaded p=20: 372736 points, mse: 1.655515e-04
  Loaded p=25: 372736 points, mse: 1.067618e-04
  Loaded p=30: 372736 points, mse: 7.460592e-05
  Loaded p=35: 372736 points, mse: 5.511834e-05
  Loaded p=40: 372736 points, mse: 4.241850e-05
  Loaded p=45: 372736 points, mse: 3.368086e-05
  Loaded p=50: 372736 points, mse: 2.741241e-05
  Loaded p=55: 372736 points, mse: 2.276161e-05
  Loaded p=60: 372736 points, mse: 1.921522e-05
  Loaded p=65: 372736 points, mse: 1.644866e-05
  Loaded p=70: 372736 points, mse: 1.424846e-05
  Loaded p=75: 372736 points, mse: 1.246957e-05
  Loaded p=80: 372736 points, mse: 1.101060e-05
  Loaded p=85: 372736 points, mse: 9.798963e-06
  Loaded p=90: 372736 points, mse: 8.781572e-06
  Loaded p=95: 372736 points, mse: 8.196162e-06
  Loaded p=100: 372736 points, mse: 7.581719e-06
  Loaded p=105: 372736 points, mse: 7.239845e-06
  Loaded p=110: 372736 points, mse: 7.078998e-06
  Added p=∞ point: 372736 pts, mse: 4.641989e-06
Training data: X=(8572928, 3)  Y=(8572928, 1)
Model: trunk=[2, 512, 512, 512, 128]  branch=[1, 128, 128, 128, 128]  params=642,433
Scheduler: CosineAnnealingLR  T_max=20  eta_min=1e-06
Epoch --- Train Loss --- LR --- p150 --- p200 --- p250 --- p500
    0 --- 2.354387e-03 --- 1.00e-04 --- 2.047573e-04 --- 3.190038e-04 --- 4.041973e-04 --- 1.505417e-04
    1 --- 9.811189e-05 --- 9.94e-05 --- 3.165648e-04 --- 7.747664e-04 --- 1.144842e-03 --- 6.022556e-05
    2 --- 5.286977e-05 --- 9.76e-05 --- 1.576053e-04 --- 2.444170e-04 --- 2.571973e-04 --- 3.995674e-05
    3 --- 3.249130e-05 --- 9.46e-05 --- 5.998498e-05 --- 2.794185e-04 --- 4.740239e-04 --- 1.843081e-05
    4 --- 2.055352e-05 --- 9.05e-05 --- 4.511714e-05 --- 6.788365e-05 --- 7.750451e-05 --- 2.526912e-05
    5 --- 1.414910e-05 --- 8.55e-05 --- 4.549377e-05 --- 1.000336e-04 --- 1.353026e-04 --- 1.605582e-05
    6 --- 8.926023e-06 --- 7.96e-05 --- 2.660448e-05 --- 3.815989e-05 --- 4.086335e-05 --- 9.944071e-06
    7 --- 6.371535e-06 --- 7.30e-05 --- 1.071923e-05 --- 1.095622e-05 --- 1.130653e-05 --- 1.071809e-05
    8 --- 4.960762e-06 --- 6.58e-05 --- 7.801292e-06 --- 8.098337e-06 --- 9.765041e-06 --- 1.282361e-05
    9 --- 3.959365e-06 --- 5.82e-05 --- 2.261075e-05 --- 1.562413e-05 --- 1.190565e-05 --- 1.286984e-05
   10 --- 3.246588e-06 --- 5.05e-05 --- 9.731368e-06 --- 7.174435e-06 --- 7.012397e-06 --- 8.027759e-06
   11 --- 2.708258e-06 --- 4.28e-05 --- 7.619337e-06 --- 6.839433e-06 --- 7.927668e-06 --- 7.453235e-06
   12 --- 2.322684e-06 --- 3.52e-05 --- 7.660073e-06 --- 6.685850e-06 --- 7.263387e-06 --- 6.926889e-06
   13 --- 2.062784e-06 --- 2.80e-05 --- 7.896357e-06 --- 6.553210e-06 --- 6.614856e-06 --- 6.691415e-06
   14 --- 1.847730e-06 --- 2.14e-05 --- 6.350501e-06 --- 5.946672e-06 --- 6.454934e-06 --- 6.771701e-06
   15 --- 1.700100e-06 --- 1.55e-05 --- 9.636067e-06 --- 8.810039e-06 --- 8.965129e-06 --- 6.305857e-06
   16 --- 1.589982e-06 --- 1.05e-05 --- 7.796117e-06 --- 7.636771e-06 --- 7.944380e-06 --- 6.886252e-06
   17 --- 1.516844e-06 --- 6.40e-06 --- 9.012751e-06 --- 8.819106e-06 --- 8.955901e-06 --- 6.562851e-06
   18 --- 1.466693e-06 --- 3.42e-06 --- 9.297160e-06 --- 9.454144e-06 --- 1.009669e-05 --- 6.156533e-06
   19 --- 1.438426e-06 --- 1.61e-06 --- 9.237787e-06 --- 9.323666e-06 --- 9.827158e-06 --- 6.250169e-06
Total training time: 790.02s
Inference (per point): 1.4334e-04s | (full domain): 1.4281e-04s
  p=  5:  MSE=2.544000e-03
  p=105:  MSE=1.137050e-05
  p=205:  MSE=9.360952e-06
  p=305:  MSE=9.047957e-06
  p=405:  MSE=6.126311e-06
  Saved MSE curves → outputs/expr_7_3_2/ellipse1/exact_inf/npy/mse.npz  (deeponet, fem, pred_train)

All experiments completed!
