
============================================================
p-Laplacian Aronsson Example
============================================================

Generated full domain data:
  Boundary points: 40,000
  Interior points: 1,000,000
  Test points: 10,000
Re-sampling enabled: ~1,000,000 interior points per epoch

Splitting data: 80% train, 20% validation
  BC: 32,000 train, 8,000 val
  Interior: 800,000 train, 200,000 val

Loading checkpoint: outputs/expr_6_3_iter/p60to100_square/fix_alpha_1e-3/checkpoints/best_model_p100.pt

Model: PLaplacianPINN on Square [-1,1]²
  Hidden layers: [128, 128, 128, 128], activation: tanh
  η=1e-05, clip_residual=100.0, clip_grad_norm=1.0
  Outlier removal: top 2.0%
  Parameters: 50,049

Iterative Training Schedule:
  p values: [150, 200, 300, 400, 500]
  Epochs per p: 20


============================================================
Stage 1/5: Training with p=150
============================================================

Training configuration:
  Boundary points (train): 32,000 -> 80 batches of 400
  Interior points (train): 1,000,000 -> 1000 batches of 1000
  Interior sampling: RE-SAMPLE each epoch
  Boundary points (val): 8,000
  Validation loss: BC only
  Steps per epoch: 1,000
  Total steps: 20,000
  Epochs: 20
  Loss balancing: FixedAlphaSchedule
  LR scheduler: None (constant LR=1.0e-05)

/usr/local/lib/python3.12/dist-packages/torch/autograd/graph.py:824: UserWarning: Attempting to run cuBLAS, but there was no current CUDA context! Attempting to set the primary context... (Triggered internally at /opt/pytorch/pytorch/aten/src/ATen/cuda/CublasHandlePool.cpp:181.)
  return Variable._execution_engine.run_backward(  # Calls into the C++ engine to run the backward pass
Epoch   1/20 | Steps:   1000 | α=1e-03 | Loss: 2.0501e-04 | BC: 7.2934e-06 | PDE: 1.9772e-01 | Val: 6.2643e-06 | Test: 5.5597e-06 |  *
Epoch   2/20 | Steps:   2000 | α=1e-03 | Loss: 1.7771e-04 | BC: 5.0872e-06 | PDE: 1.7262e-01 | Val: 3.6874e-06 | Test: 3.9704e-06 |  *
Epoch   3/20 | Steps:   3000 | α=1e-03 | Loss: 1.9321e-04 | BC: 7.2686e-06 | PDE: 1.8594e-01 | Val: 4.2032e-06 | Test: 4.6494e-06 | 
Epoch   4/20 | Steps:   4000 | α=1e-03 | Loss: 1.8274e-04 | BC: 5.5970e-06 | PDE: 1.7714e-01 | Val: 9.6660e-06 | Test: 7.7692e-06 | 
Epoch   5/20 | Steps:   5000 | α=1e-03 | Loss: 1.7942e-04 | BC: 6.8193e-06 | PDE: 1.7260e-01 | Val: 5.7175e-06 | Test: 5.9774e-06 | 
Epoch   6/20 | Steps:   6000 | α=1e-03 | Loss: 1.7562e-04 | BC: 6.2152e-06 | PDE: 1.6940e-01 | Val: 6.7465e-06 | Test: 5.1206e-06 | 
Epoch   7/20 | Steps:   7000 | α=1e-03 | Loss: 1.8903e-04 | BC: 7.4692e-06 | PDE: 1.8157e-01 | Val: 7.0428e-06 | Test: 6.8929e-06 | 
Epoch   8/20 | Steps:   8000 | α=1e-03 | Loss: 2.0483e-04 | BC: 6.3034e-06 | PDE: 1.9853e-01 | Val: 7.0242e-06 | Test: 5.3806e-06 | 
Epoch   9/20 | Steps:   9000 | α=1e-03 | Loss: 1.6442e-04 | BC: 5.3842e-06 | PDE: 1.5903e-01 | Val: 4.1323e-06 | Test: 4.0043e-06 | 
Epoch  10/20 | Steps:  10000 | α=1e-03 | Loss: 1.6702e-04 | BC: 5.2047e-06 | PDE: 1.6182e-01 | Val: 7.6544e-06 | Test: 6.8731e-06 | 
Epoch  11/20 | Steps:  11000 | α=1e-03 | Loss: 1.6607e-04 | BC: 5.0175e-06 | PDE: 1.6105e-01 | Val: 7.3328e-06 | Test: 7.2733e-06 | 
Epoch  12/20 | Steps:  12000 | α=1e-03 | Loss: 1.7605e-04 | BC: 5.2494e-06 | PDE: 1.7080e-01 | Val: 4.1339e-06 | Test: 4.5669e-06 | 
Epoch  13/20 | Steps:  13000 | α=1e-03 | Loss: 1.6175e-04 | BC: 5.0537e-06 | PDE: 1.5669e-01 | Val: 6.5797e-06 | Test: 6.7866e-06 | 
Epoch  14/20 | Steps:  14000 | α=1e-03 | Loss: 1.8037e-04 | BC: 5.8256e-06 | PDE: 1.7454e-01 | Val: 7.1560e-06 | Test: 5.1155e-06 | 
Epoch  15/20 | Steps:  15000 | α=1e-03 | Loss: 1.6679e-04 | BC: 5.9582e-06 | PDE: 1.6083e-01 | Val: 3.1284e-06 | Test: 4.0540e-06 |  *
Epoch  16/20 | Steps:  16000 | α=1e-03 | Loss: 1.6640e-04 | BC: 5.0907e-06 | PDE: 1.6131e-01 | Val: 5.8731e-06 | Test: 5.7027e-06 | 
Epoch  17/20 | Steps:  17000 | α=1e-03 | Loss: 1.5864e-04 | BC: 5.8314e-06 | PDE: 1.5281e-01 | Val: 4.4712e-06 | Test: 4.3583e-06 | 
Epoch  18/20 | Steps:  18000 | α=1e-03 | Loss: 1.6417e-04 | BC: 4.5890e-06 | PDE: 1.5958e-01 | Val: 6.9693e-06 | Test: 6.6865e-06 | 
Epoch  19/20 | Steps:  19000 | α=1e-03 | Loss: 1.5739e-04 | BC: 5.1464e-06 | PDE: 1.5225e-01 | Val: 5.2806e-06 | Test: 4.7936e-06 | 
Epoch  20/20 | Steps:  20000 | α=1e-03 | Loss: 1.7193e-04 | BC: 6.2871e-06 | PDE: 1.6564e-01 | Val: 4.1121e-06 | Test: 4.3900e-06 | 

Restored best model from epoch 15 (val_loss: 3.1284e-06, test_loss: 4.0540e-06)
Best checkpoint saved to: outputs/expr_6_3_iter/p150to500_square/fix_alpha_1e-3/checkpoints/best_model.pt
Final checkpoint saved to: outputs/expr_6_3_iter/p150to500_square/fix_alpha_1e-3/checkpoints/final_model.pt
Training completed in 174.77s (20,000 total steps)
  Stage 1 (p=150) PDE diagnostics:
    p-Lap (p=150) raw:        inf
    p-Lap (p=150) normalized: 4.0160e-03
    Inf-Lap raw:              2.9732e-03
    Inf-Lap normalized:       5.8169e-03

============================================================
Stage 2/5: Training with p=200
============================================================

Training configuration:
  Boundary points (train): 32,000 -> 80 batches of 400
  Interior points (train): 1,000,000 -> 1000 batches of 1000
  Interior sampling: RE-SAMPLE each epoch
  Boundary points (val): 8,000
  Validation loss: BC only
  Steps per epoch: 1,000
  Total steps: 20,000
  Epochs: 20
  Loss balancing: FixedAlphaSchedule
  LR scheduler: None (constant LR=1.0e-05)

Epoch   1/20 | Steps:   1000 | α=1e-03 | Loss: 3.1768e-04 | BC: 8.5924e-06 | PDE: 3.0909e-01 | Val: 8.0425e-06 | Test: 5.7698e-06 |  *
Epoch   2/20 | Steps:   2000 | α=1e-03 | Loss: 2.9872e-04 | BC: 8.2016e-06 | PDE: 2.9052e-01 | Val: 7.2538e-06 | Test: 5.0896e-06 |  *
Epoch   3/20 | Steps:   3000 | α=1e-03 | Loss: 3.0298e-04 | BC: 1.1033e-05 | PDE: 2.9194e-01 | Val: 8.8170e-06 | Test: 6.9805e-06 | 
Epoch   4/20 | Steps:   4000 | α=1e-03 | Loss: 3.3602e-04 | BC: 1.2296e-05 | PDE: 3.2373e-01 | Val: 1.1196e-05 | Test: 7.3979e-06 | 
Epoch   5/20 | Steps:   5000 | α=1e-03 | Loss: 3.0618e-04 | BC: 9.5755e-06 | PDE: 2.9660e-01 | Val: 8.5637e-06 | Test: 8.0064e-06 | 
Epoch   6/20 | Steps:   6000 | α=1e-03 | Loss: 2.7342e-04 | BC: 7.8563e-06 | PDE: 2.6557e-01 | Val: 5.6378e-06 | Test: 4.9306e-06 |  *
Epoch   7/20 | Steps:   7000 | α=1e-03 | Loss: 3.0153e-04 | BC: 9.1566e-06 | PDE: 2.9238e-01 | Val: 1.2603e-05 | Test: 7.8094e-06 | 
Epoch   8/20 | Steps:   8000 | α=1e-03 | Loss: 3.0085e-04 | BC: 8.0295e-06 | PDE: 2.9282e-01 | Val: 1.5347e-05 | Test: 1.2309e-05 | 
Epoch   9/20 | Steps:   9000 | α=1e-03 | Loss: 3.2511e-04 | BC: 1.0025e-05 | PDE: 3.1509e-01 | Val: 8.3305e-06 | Test: 6.6311e-06 | 
Epoch  10/20 | Steps:  10000 | α=1e-03 | Loss: 2.6890e-04 | BC: 8.0035e-06 | PDE: 2.6090e-01 | Val: 6.7817e-06 | Test: 5.9439e-06 | 
Epoch  11/20 | Steps:  11000 | α=1e-03 | Loss: 3.0240e-04 | BC: 9.7392e-06 | PDE: 2.9266e-01 | Val: 6.9776e-06 | Test: 5.6667e-06 | 
Epoch  12/20 | Steps:  12000 | α=1e-03 | Loss: 3.1846e-04 | BC: 9.6615e-06 | PDE: 3.0880e-01 | Val: 1.0979e-05 | Test: 9.4899e-06 | 
Epoch  13/20 | Steps:  13000 | α=1e-03 | Loss: 2.7675e-04 | BC: 8.0710e-06 | PDE: 2.6868e-01 | Val: 8.0767e-06 | Test: 7.4181e-06 | 
Epoch  14/20 | Steps:  14000 | α=1e-03 | Loss: 2.9367e-04 | BC: 8.3384e-06 | PDE: 2.8533e-01 | Val: 1.5462e-05 | Test: 1.1201e-05 | 
Epoch  15/20 | Steps:  15000 | α=1e-03 | Loss: 2.7682e-04 | BC: 9.1081e-06 | PDE: 2.6771e-01 | Val: 1.0715e-05 | Test: 1.0299e-05 | 
Epoch  16/20 | Steps:  16000 | α=1e-03 | Loss: 2.8498e-04 | BC: 7.7511e-06 | PDE: 2.7723e-01 | Val: 6.8841e-06 | Test: 5.5702e-06 | 
Epoch  17/20 | Steps:  17000 | α=1e-03 | Loss: 2.8597e-04 | BC: 8.2184e-06 | PDE: 2.7775e-01 | Val: 9.8038e-06 | Test: 7.9586e-06 | 
Epoch  18/20 | Steps:  18000 | α=1e-03 | Loss: 2.8973e-04 | BC: 9.3263e-06 | PDE: 2.8040e-01 | Val: 1.1364e-05 | Test: 8.1140e-06 | 
Epoch  19/20 | Steps:  19000 | α=1e-03 | Loss: 2.9803e-04 | BC: 7.8622e-06 | PDE: 2.9016e-01 | Val: 7.0077e-06 | Test: 6.3706e-06 | 
Epoch  20/20 | Steps:  20000 | α=1e-03 | Loss: 2.7279e-04 | BC: 7.7340e-06 | PDE: 2.6506e-01 | Val: 7.8028e-06 | Test: 6.7118e-06 | 

Restored best model from epoch 6 (val_loss: 5.6378e-06, test_loss: 4.9306e-06)
Best checkpoint saved to: outputs/expr_6_3_iter/p150to500_square/fix_alpha_1e-3/checkpoints/best_model.pt
Final checkpoint saved to: outputs/expr_6_3_iter/p150to500_square/fix_alpha_1e-3/checkpoints/final_model.pt
Training completed in 168.91s (20,000 total steps)
  Stage 2 (p=200) PDE diagnostics:
    p-Lap (p=200) raw:        inf
    p-Lap (p=200) normalized: 3.9898e-03
    Inf-Lap raw:              2.4891e-03
    Inf-Lap normalized:       5.2880e-03

============================================================
Stage 3/5: Training with p=300
============================================================

Training configuration:
  Boundary points (train): 32,000 -> 80 batches of 400
  Interior points (train): 1,000,000 -> 1000 batches of 1000
  Interior sampling: RE-SAMPLE each epoch
  Boundary points (val): 8,000
  Validation loss: BC only
  Steps per epoch: 1,000
  Total steps: 20,000
  Epochs: 20
  Loss balancing: FixedAlphaSchedule
  LR scheduler: None (constant LR=1.0e-05)

Epoch   1/20 | Steps:   1000 | α=1e-03 | Loss: 8.6526e-04 | BC: 2.0765e-05 | PDE: 8.4450e-01 | Val: 2.8807e-05 | Test: 1.5874e-05 |  *
Epoch   2/20 | Steps:   2000 | α=1e-03 | Loss: 7.3205e-04 | BC: 2.7263e-05 | PDE: 7.0479e-01 | Val: 3.2832e-05 | Test: 2.0494e-05 | 
Epoch   3/20 | Steps:   3000 | α=1e-03 | Loss: 6.9473e-04 | BC: 2.3891e-05 | PDE: 6.7084e-01 | Val: 2.2333e-05 | Test: 1.1547e-05 |  *
Epoch   4/20 | Steps:   4000 | α=1e-03 | Loss: 7.3344e-04 | BC: 2.9103e-05 | PDE: 7.0434e-01 | Val: 3.0570e-05 | Test: 1.6180e-05 | 
Epoch   5/20 | Steps:   5000 | α=1e-03 | Loss: 6.0241e-04 | BC: 2.3166e-05 | PDE: 5.7924e-01 | Val: 1.7228e-05 | Test: 9.9390e-06 |  *
Epoch   6/20 | Steps:   6000 | α=1e-03 | Loss: 9.0825e-04 | BC: 2.1144e-05 | PDE: 8.8711e-01 | Val: 2.1386e-05 | Test: 1.2389e-05 | 
Epoch   7/20 | Steps:   7000 | α=1e-03 | Loss: 7.0742e-04 | BC: 2.3883e-05 | PDE: 6.8353e-01 | Val: 1.9435e-05 | Test: 1.1958e-05 | 
Epoch   8/20 | Steps:   8000 | α=1e-03 | Loss: 7.2347e-04 | BC: 2.1750e-05 | PDE: 7.0172e-01 | Val: 2.1534e-05 | Test: 1.3474e-05 | 
Epoch   9/20 | Steps:   9000 | α=1e-03 | Loss: 6.9117e-04 | BC: 2.4075e-05 | PDE: 6.6709e-01 | Val: 2.6211e-05 | Test: 1.6425e-05 | 
Epoch  10/20 | Steps:  10000 | α=1e-03 | Loss: 6.8094e-04 | BC: 2.1711e-05 | PDE: 6.5923e-01 | Val: 1.6240e-05 | Test: 9.7089e-06 |  *
Epoch  11/20 | Steps:  11000 | α=1e-03 | Loss: 7.1720e-04 | BC: 2.3074e-05 | PDE: 6.9412e-01 | Val: 2.1145e-05 | Test: 1.4573e-05 | 
Epoch  12/20 | Steps:  12000 | α=1e-03 | Loss: 6.3845e-04 | BC: 2.3270e-05 | PDE: 6.1518e-01 | Val: 1.8463e-05 | Test: 1.0978e-05 | 
Epoch  13/20 | Steps:  13000 | α=1e-03 | Loss: 6.4803e-04 | BC: 1.9586e-05 | PDE: 6.2844e-01 | Val: 2.0133e-05 | Test: 1.0856e-05 | 
Epoch  14/20 | Steps:  14000 | α=1e-03 | Loss: 6.7874e-04 | BC: 2.3905e-05 | PDE: 6.5483e-01 | Val: 2.7255e-05 | Test: 1.4371e-05 | 
Epoch  15/20 | Steps:  15000 | α=1e-03 | Loss: 6.0996e-04 | BC: 2.2619e-05 | PDE: 5.8734e-01 | Val: 1.9027e-05 | Test: 1.1077e-05 | 
Epoch  16/20 | Steps:  16000 | α=1e-03 | Loss: 6.1108e-04 | BC: 1.9480e-05 | PDE: 5.9160e-01 | Val: 2.3739e-05 | Test: 1.3518e-05 | 
Epoch  17/20 | Steps:  17000 | α=1e-03 | Loss: 7.8666e-04 | BC: 1.8675e-05 | PDE: 7.6798e-01 | Val: 1.7059e-05 | Test: 9.8155e-06 | 
Epoch  18/20 | Steps:  18000 | α=1e-03 | Loss: 5.8866e-04 | BC: 1.9990e-05 | PDE: 5.6867e-01 | Val: 1.4878e-05 | Test: 8.4214e-06 |  *
Epoch  19/20 | Steps:  19000 | α=1e-03 | Loss: 6.0983e-04 | BC: 1.9587e-05 | PDE: 5.9025e-01 | Val: 1.9570e-05 | Test: 1.1970e-05 | 
Epoch  20/20 | Steps:  20000 | α=1e-03 | Loss: 5.9965e-04 | BC: 2.0810e-05 | PDE: 5.7884e-01 | Val: 2.1538e-05 | Test: 1.3260e-05 | 

Restored best model from epoch 18 (val_loss: 1.4878e-05, test_loss: 8.4214e-06)
Best checkpoint saved to: outputs/expr_6_3_iter/p150to500_square/fix_alpha_1e-3/checkpoints/best_model.pt
Final checkpoint saved to: outputs/expr_6_3_iter/p150to500_square/fix_alpha_1e-3/checkpoints/final_model.pt
Training completed in 166.23s (20,000 total steps)
  Stage 3 (p=300) PDE diagnostics:
    p-Lap (p=300) raw:        inf
    p-Lap (p=300) normalized: 4.1192e-03
    Inf-Lap raw:              2.0368e-03
    Inf-Lap normalized:       4.9573e-03

============================================================
Stage 4/5: Training with p=400
============================================================

Training configuration:
  Boundary points (train): 32,000 -> 80 batches of 400
  Interior points (train): 1,000,000 -> 1000 batches of 1000
  Interior sampling: RE-SAMPLE each epoch
  Boundary points (val): 8,000
  Validation loss: BC only
  Steps per epoch: 1,000
  Total steps: 20,000
  Epochs: 20
  Loss balancing: FixedAlphaSchedule
  LR scheduler: None (constant LR=1.0e-05)

Epoch   1/20 | Steps:   1000 | α=1e-03 | Loss: 1.6559e-03 | BC: 3.4982e-05 | PDE: 1.6209e+00 | Val: 5.6864e-05 | Test: 2.9149e-05 |  *
Epoch   2/20 | Steps:   2000 | α=1e-03 | Loss: 9.9839e-04 | BC: 4.7040e-05 | PDE: 9.5135e-01 | Val: 4.9013e-05 | Test: 2.5584e-05 |  *
Epoch   3/20 | Steps:   3000 | α=1e-03 | Loss: 1.0506e-03 | BC: 4.9037e-05 | PDE: 1.0016e+00 | Val: 6.2029e-05 | Test: 3.1284e-05 | 
Epoch   4/20 | Steps:   4000 | α=1e-03 | Loss: 1.0508e-03 | BC: 5.3530e-05 | PDE: 9.9731e-01 | Val: 5.4133e-05 | Test: 2.9458e-05 | 
Epoch   5/20 | Steps:   5000 | α=1e-03 | Loss: 1.0246e-03 | BC: 5.2398e-05 | PDE: 9.7217e-01 | Val: 5.3346e-05 | Test: 2.6722e-05 | 
Epoch   6/20 | Steps:   6000 | α=1e-03 | Loss: 1.8510e-03 | BC: 5.2181e-05 | PDE: 1.7988e+00 | Val: 4.5523e-05 | Test: 2.3597e-05 |  *
Epoch   7/20 | Steps:   7000 | α=1e-03 | Loss: 1.3912e-03 | BC: 4.2032e-05 | PDE: 1.3491e+00 | Val: 4.9873e-05 | Test: 2.4004e-05 | 
Epoch   8/20 | Steps:   8000 | α=1e-03 | Loss: 1.6766e-03 | BC: 4.6863e-05 | PDE: 1.6297e+00 | Val: 4.8266e-05 | Test: 2.4017e-05 | 
Epoch   9/20 | Steps:   9000 | α=1e-03 | Loss: 1.2815e-03 | BC: 4.3599e-05 | PDE: 1.2379e+00 | Val: 4.3525e-05 | Test: 2.3286e-05 |  *
Epoch  10/20 | Steps:  10000 | α=1e-03 | Loss: 2.0404e-03 | BC: 3.8391e-05 | PDE: 2.0020e+00 | Val: 3.8400e-05 | Test: 1.9440e-05 |  *
Epoch  11/20 | Steps:  11000 | α=1e-03 | Loss: 1.2906e-03 | BC: 4.4494e-05 | PDE: 1.2461e+00 | Val: 4.9998e-05 | Test: 2.3702e-05 | 
Epoch  12/20 | Steps:  12000 | α=1e-03 | Loss: 1.5100e-03 | BC: 4.5155e-05 | PDE: 1.4649e+00 | Val: 3.6967e-05 | Test: 1.9556e-05 |  *
Epoch  13/20 | Steps:  13000 | α=1e-03 | Loss: 9.7996e-04 | BC: 4.3091e-05 | PDE: 9.3687e-01 | Val: 3.8780e-05 | Test: 2.0301e-05 | 
Epoch  14/20 | Steps:  14000 | α=1e-03 | Loss: 1.3123e-03 | BC: 4.2034e-05 | PDE: 1.2703e+00 | Val: 4.5392e-05 | Test: 2.3868e-05 | 
Epoch  15/20 | Steps:  15000 | α=1e-03 | Loss: 1.2463e-03 | BC: 4.5112e-05 | PDE: 1.2012e+00 | Val: 4.0967e-05 | Test: 2.0308e-05 | 
Epoch  16/20 | Steps:  16000 | α=1e-03 | Loss: 1.2549e-03 | BC: 4.1584e-05 | PDE: 1.2133e+00 | Val: 3.9259e-05 | Test: 1.9821e-05 | 
Epoch  17/20 | Steps:  17000 | α=1e-03 | Loss: 1.2865e-03 | BC: 4.0776e-05 | PDE: 1.2457e+00 | Val: 3.6611e-05 | Test: 1.9515e-05 |  *
Epoch  18/20 | Steps:  18000 | α=1e-03 | Loss: 1.9326e-03 | BC: 4.0225e-05 | PDE: 1.8924e+00 | Val: 4.3235e-05 | Test: 2.4065e-05 | 
Epoch  19/20 | Steps:  19000 | α=1e-03 | Loss: 1.4394e-03 | BC: 4.0113e-05 | PDE: 1.3993e+00 | Val: 4.3249e-05 | Test: 2.4175e-05 | 
Epoch  20/20 | Steps:  20000 | α=1e-03 | Loss: 9.9128e-04 | BC: 4.4317e-05 | PDE: 9.4696e-01 | Val: 5.3208e-05 | Test: 2.7038e-05 | 

Restored best model from epoch 17 (val_loss: 3.6611e-05, test_loss: 1.9515e-05)
Best checkpoint saved to: outputs/expr_6_3_iter/p150to500_square/fix_alpha_1e-3/checkpoints/best_model.pt
Final checkpoint saved to: outputs/expr_6_3_iter/p150to500_square/fix_alpha_1e-3/checkpoints/final_model.pt
Training completed in 164.41s (20,000 total steps)
  Stage 4 (p=400) PDE diagnostics:
    p-Lap (p=400) raw:        inf
    p-Lap (p=400) normalized: 5.3855e-03
    Inf-Lap raw:              2.0442e-03
    Inf-Lap normalized:       6.0630e-03

============================================================
Stage 5/5: Training with p=500
============================================================

Training configuration:
  Boundary points (train): 32,000 -> 80 batches of 400
  Interior points (train): 1,000,000 -> 1000 batches of 1000
  Interior sampling: RE-SAMPLE each epoch
  Boundary points (val): 8,000
  Validation loss: BC only
  Steps per epoch: 1,000
  Total steps: 20,000
  Epochs: 20
  Loss balancing: FixedAlphaSchedule
  LR scheduler: None (constant LR=1.0e-05)

Epoch   1/20 | Steps:   1000 | α=1e-03 | Loss: 2.6410e-03 | BC: 6.4869e-05 | PDE: 2.5761e+00 | Val: 9.5394e-05 | Test: 4.8420e-05 |  *
Epoch   2/20 | Steps:   2000 | α=1e-03 | Loss: 3.5667e-03 | BC: 8.9253e-05 | PDE: 3.4774e+00 | Val: 8.6260e-05 | Test: 4.1494e-05 |  *
Epoch   3/20 | Steps:   3000 | α=1e-03 | Loss: 2.1870e-03 | BC: 8.5383e-05 | PDE: 2.1017e+00 | Val: 8.5296e-05 | Test: 4.1817e-05 |  *
Epoch   4/20 | Steps:   4000 | α=1e-03 | Loss: 2.5485e-03 | BC: 9.1224e-05 | PDE: 2.4572e+00 | Val: 8.8459e-05 | Test: 4.3846e-05 | 
Epoch   5/20 | Steps:   5000 | α=1e-03 | Loss: 2.4005e-03 | BC: 9.3159e-05 | PDE: 2.3073e+00 | Val: 8.7179e-05 | Test: 4.3375e-05 | 
Epoch   6/20 | Steps:   6000 | α=1e-03 | Loss: 2.2774e-03 | BC: 8.4823e-05 | PDE: 2.1926e+00 | Val: 8.2923e-05 | Test: 4.1517e-05 |  *
Epoch   7/20 | Steps:   7000 | α=1e-03 | Loss: 2.1522e-03 | BC: 8.9606e-05 | PDE: 2.0626e+00 | Val: 9.4125e-05 | Test: 4.5819e-05 | 
Epoch   8/20 | Steps:   8000 | α=1e-03 | Loss: 1.9335e-03 | BC: 9.1421e-05 | PDE: 1.8421e+00 | Val: 8.5690e-05 | Test: 4.2601e-05 | 
Epoch   9/20 | Steps:   9000 | α=1e-03 | Loss: 2.0907e-03 | BC: 8.7598e-05 | PDE: 2.0031e+00 | Val: 7.9444e-05 | Test: 3.9615e-05 |  *
Epoch  10/20 | Steps:  10000 | α=1e-03 | Loss: 2.4093e-03 | BC: 8.4112e-05 | PDE: 2.3252e+00 | Val: 8.3592e-05 | Test: 4.2077e-05 | 
Epoch  11/20 | Steps:  11000 | α=1e-03 | Loss: 2.6290e-03 | BC: 8.6711e-05 | PDE: 2.5423e+00 | Val: 9.8945e-05 | Test: 5.3753e-05 | 
Epoch  12/20 | Steps:  12000 | α=1e-03 | Loss: 2.6930e-03 | BC: 9.3338e-05 | PDE: 2.5997e+00 | Val: 1.0259e-04 | Test: 6.0523e-05 | 
Epoch  13/20 | Steps:  13000 | α=1e-03 | Loss: 1.7695e-03 | BC: 9.2062e-05 | PDE: 1.6775e+00 | Val: 8.6701e-05 | Test: 4.1684e-05 | 
Epoch  14/20 | Steps:  14000 | α=1e-03 | Loss: 2.6406e-03 | BC: 9.3000e-05 | PDE: 2.5476e+00 | Val: 1.0170e-04 | Test: 5.0096e-05 | 
Epoch  15/20 | Steps:  15000 | α=1e-03 | Loss: 2.1532e-03 | BC: 1.0197e-04 | PDE: 2.0512e+00 | Val: 1.0227e-04 | Test: 5.3736e-05 | 
Epoch  16/20 | Steps:  16000 | α=1e-03 | Loss: 2.6743e-03 | BC: 9.3081e-05 | PDE: 2.5812e+00 | Val: 7.8599e-05 | Test: 3.9874e-05 |  *
Epoch  17/20 | Steps:  17000 | α=1e-03 | Loss: 1.4720e-03 | BC: 8.4110e-05 | PDE: 1.3879e+00 | Val: 7.8086e-05 | Test: 4.0051e-05 |  *
Epoch  18/20 | Steps:  18000 | α=1e-03 | Loss: 1.8737e-03 | BC: 7.7739e-05 | PDE: 1.7960e+00 | Val: 8.2702e-05 | Test: 4.2286e-05 | 
Epoch  19/20 | Steps:  19000 | α=1e-03 | Loss: 2.1104e-03 | BC: 8.9737e-05 | PDE: 2.0207e+00 | Val: 8.6253e-05 | Test: 4.4064e-05 | 
Epoch  20/20 | Steps:  20000 | α=1e-03 | Loss: 2.7999e-03 | BC: 8.8715e-05 | PDE: 2.7112e+00 | Val: 7.9883e-05 | Test: 4.0294e-05 | 

Restored best model from epoch 17 (val_loss: 7.8086e-05, test_loss: 4.0051e-05)
Best checkpoint saved to: outputs/expr_6_3_iter/p150to500_square/fix_alpha_1e-3/checkpoints/best_model.pt
Final checkpoint saved to: outputs/expr_6_3_iter/p150to500_square/fix_alpha_1e-3/checkpoints/final_model.pt
Training completed in 167.17s (20,000 total steps)
  Stage 5 (p=500) PDE diagnostics:
    p-Lap (p=500) raw:        inf
    p-Lap (p=500) normalized: 7.3193e-03
    Inf-Lap raw:              2.2622e-03
    Inf-Lap normalized:       7.9251e-03

Iterative training completed in 841.48s
Total epochs: 100

Final Test MSE: 4.0294e-05
Inference (per point): 7.6473e-05s | (full domain): 7.5834e-05s
p-Lap (p=500) PDE test (raw):        inf
p-Lap (p=500) PDE test (normalized): 7.3193e-03
Inf-Lap PDE test (raw):                    2.2622e-03
Inf-Lap PDE test (normalized):             7.9251e-03
Saved .npz files to outputs/expr_6_3_iter/p150to500_square/fix_alpha_1e-3/npy/
Saved plot to outputs/expr_6_3_iter/p150to500_square/fix_alpha_1e-3/plots/results.png
